[0.002s][info][metaspace]  - commit_granule_bytes: 65536.
[0.002s][info][metaspace]  - commit_granule_words: 8192.
[0.002s][info][metaspace]  - virtual_space_node_default_size: 8388608.
[0.002s][info][metaspace]  - enlarge_chunks_in_place: 1.
[0.005s][info][gc,init  ] CardTable entry size: 512
[0.005s][info][gc       ] Using Parallel
[0.006s][info][gc,init  ] Version: 24-internal-adhoc.root.jdk (release)
[0.006s][info][gc,init  ] CPUs: 2 total, 2 available
[0.006s][info][gc,init  ] Memory: 3908M
[0.006s][info][gc,init  ] Large Page Support: Disabled
[0.006s][info][gc,init  ] NUMA Support: Disabled
[0.006s][info][gc,init  ] Compressed Oops: Enabled (32-bit)
[0.006s][info][gc,init  ] Alignments: Space 512K, Generation 512K, Heap 2M
[0.006s][info][gc,init  ] Heap Min Capacity: 256M
[0.006s][info][gc,init  ] Heap Initial Capacity: 256M
[0.006s][info][gc,init  ] Heap Max Capacity: 978M
[0.006s][info][gc,init  ] Pre-touch: Disabled
[0.006s][info][gc,init  ] Parallel Workers: 2
[0.023s][info][gc,metaspace] CDS archive(s) mapped at: [0x00007f9d52000000-0x00007f9d52dc0000-0x00007f9d52dc0000), size 14417920, SharedBaseAddress: 0x00007f9d52000000, ArchiveRelocationMode: 1.
[0.023s][info][gc,metaspace] Compressed class space mapped at: 0x00007f9d53000000-0x00007f9d93000000, reserved size: 1073741824
[0.023s][info][gc,metaspace] UseCompressedClassPointers 1, UseCompactObjectHeaders 0
[0.023s][info][gc,metaspace] Narrow klass pointer bits 32, Max shift 3
[0.023s][info][gc,metaspace] Narrow klass base: 0x00007f9d52000000, Narrow klass shift: 0
[0.023s][info][gc,metaspace] Encoding Range: [0x00007f9d52000000 - 0x00007f9e52000000), (4294967296 bytes)
[0.023s][info][gc,metaspace] Klass Range:    [0x00007f9d52000000 - 0x00007f9d93000000), (1090519040 bytes)
[0.023s][info][gc,metaspace] Klass ID Range:  [8 - 1090519033) (1090519025)
[0.744s][info][gc,start    ] GC(0) Pause Young (Allocation Failure)
[0.802s][info][gc,heap     ] GC(0) PSYoungGen: 65536K(76288K)->2031K(76288K) Eden: 65536K(65536K)->0K(65536K) From: 0K(10752K)->2031K(10752K)
[0.802s][info][gc,heap     ] GC(0) ParOldGen: 1157K(175104K)->99469K(175104K)
[0.802s][info][gc,metaspace] GC(0) Metaspace: 3955K(4224K)->3955K(4224K) NonClass: 3639K(3776K)->3639K(3776K) Class: 316K(448K)->316K(448K)
[0.802s][info][gc          ] GC(0) Pause Young (Allocation Failure) 65M->99M(245M) 57.630ms
[0.802s][info][gc,cpu      ] GC(0) User=0.05s Sys=0.06s Real=0.06s
[1.210s][info][gc,start    ] GC(1) Pause Young (Allocation Failure)
[1.214s][info][gc,heap     ] GC(1) PSYoungGen: 67567K(76288K)->1951K(141824K) Eden: 65536K(65536K)->0K(131072K) From: 2031K(10752K)->1951K(10752K)
[1.214s][info][gc,heap     ] GC(1) ParOldGen: 165005K(175104K)->165005K(175104K)
[1.214s][info][gc,metaspace] GC(1) Metaspace: 3996K(4224K)->3996K(4224K) NonClass: 3680K(3776K)->3680K(3776K) Class: 316K(448K)->316K(448K)
[1.214s][info][gc          ] GC(1) Pause Young (Allocation Failure) 227M->163M(309M) 3.162ms
[1.214s][info][gc,cpu      ] GC(1) User=0.00s Sys=0.00s Real=0.01s
[1.429s][info][gc,start    ] GC(2) Pause Young (Allocation Failure)
[1.432s][info][gc,heap     ] GC(2) PSYoungGen: 133023K(141824K)->1944K(141824K) Eden: 131072K(131072K)->0K(131072K) From: 1951K(10752K)->1944K(10752K)
[1.432s][info][gc,heap     ] GC(2) ParOldGen: 165005K(175104K)->165013K(175104K)
[1.432s][info][gc,metaspace] GC(2) Metaspace: 3997K(4224K)->3997K(4224K) NonClass: 3680K(3776K)->3680K(3776K) Class: 316K(448K)->316K(448K)
[1.432s][info][gc          ] GC(2) Pause Young (Allocation Failure) 291M->163M(309M) 3.494ms
[1.432s][info][gc,cpu      ] GC(2) User=0.01s Sys=0.00s Real=0.01s
[1.594s][info][gc,start    ] GC(3) Pause Young (Allocation Failure)
[1.597s][info][gc,heap     ] GC(3) PSYoungGen: 133016K(141824K)->1967K(272896K) Eden: 131072K(131072K)->0K(262144K) From: 1944K(10752K)->1967K(10752K)
[1.597s][info][gc,heap     ] GC(3) ParOldGen: 165013K(175104K)->165013K(175104K)
[1.597s][info][gc,metaspace] GC(3) Metaspace: 3997K(4224K)->3997K(4224K) NonClass: 3680K(3776K)->3680K(3776K) Class: 316K(448K)->316K(448K)
[1.597s][info][gc          ] GC(3) Pause Young (Allocation Failure) 291M->163M(437M) 3.179ms
[1.597s][info][gc,cpu      ] GC(3) User=0.00s Sys=0.00s Real=0.00s
[3.530s][info][gc,start    ] GC(4) Pause Young (Allocation Failure)
[3.603s][info][gc,heap     ] GC(4) PSYoungGen: 264111K(272896K)->4163K(272896K) Eden: 262144K(262144K)->0K(262144K) From: 1967K(10752K)->4163K(10752K)
[3.603s][info][gc,heap     ] GC(4) ParOldGen: 165013K(175104K)->230557K(241152K)
[3.603s][info][gc,metaspace] GC(4) Metaspace: 6087K(6208K)->6087K(6208K) NonClass: 5606K(5696K)->5606K(5696K) Class: 480K(512K)->480K(512K)
[3.603s][info][gc          ] GC(4) Pause Young (Allocation Failure) 419M->229M(502M) 73.808ms
[3.603s][info][gc,cpu      ] GC(4) User=0.10s Sys=0.05s Real=0.08s
[4.193s][info][gc,start    ] GC(5) Pause Young (Allocation Failure)
[4.198s][info][gc,heap     ] GC(5) PSYoungGen: 266307K(272896K)->3564K(314880K) Eden: 262144K(262144K)->0K(311296K) From: 4163K(10752K)->3564K(3584K)
[4.198s][info][gc,heap     ] GC(5) ParOldGen: 230557K(241152K)->231170K(241152K)
[4.198s][info][gc,metaspace] GC(5) Metaspace: 6088K(6208K)->6088K(6208K) NonClass: 5607K(5696K)->5607K(5696K) Class: 480K(512K)->480K(512K)
[4.198s][info][gc          ] GC(5) Pause Young (Allocation Failure) 485M->229M(543M) 5.719ms
[4.198s][info][gc,cpu      ] GC(5) User=0.01s Sys=0.00s Real=0.00s
[4.730s][info][gc,start    ] GC(6) Pause Young (Allocation Failure)
[4.736s][info][gc,heap     ] GC(6) PSYoungGen: 314860K(314880K)->2347K(315904K) Eden: 311296K(311296K)->0K(311296K) From: 3564K(3584K)->2347K(4608K)
[4.736s][info][gc,heap     ] GC(6) ParOldGen: 231170K(241152K)->233074K(241152K)
[4.736s][info][gc,metaspace] GC(6) Metaspace: 6089K(6208K)->6089K(6208K) NonClass: 5608K(5696K)->5608K(5696K) Class: 481K(512K)->481K(512K)
[4.736s][info][gc          ] GC(6) Pause Young (Allocation Failure) 533M->229M(544M) 5.937ms
[4.736s][info][gc,cpu      ] GC(6) User=0.01s Sys=0.00s Real=0.01s
[5.370s][info][gc,start    ] GC(7) Pause Young (Allocation Failure)
[5.373s][info][gc,heap     ] GC(7) PSYoungGen: 313643K(315904K)->2395K(328192K) Eden: 311296K(311296K)->0K(324608K) From: 2347K(4608K)->2395K(3584K)
[5.373s][info][gc,heap     ] GC(7) ParOldGen: 233074K(241152K)->233082K(241152K)
[5.373s][info][gc,metaspace] GC(7) Metaspace: 6089K(6208K)->6089K(6208K) NonClass: 5608K(5696K)->5608K(5696K) Class: 481K(512K)->481K(512K)
[5.373s][info][gc          ] GC(7) Pause Young (Allocation Failure) 533M->229M(556M) 3.270ms
[5.373s][info][gc,cpu      ] GC(7) User=0.00s Sys=0.00s Real=0.01s
[5.895s][info][gc,start    ] GC(8) Pause Young (Allocation Failure)
[5.898s][info][gc,heap     ] GC(8) PSYoungGen: 327003K(328192K)->786K(328704K) Eden: 324608K(324608K)->0K(324608K) From: 2395K(3584K)->786K(4096K)
[5.898s][info][gc,heap     ] GC(8) ParOldGen: 233082K(241152K)->234630K(241152K)
[5.898s][info][gc,metaspace] GC(8) Metaspace: 6089K(6208K)->6089K(6208K) NonClass: 5608K(5696K)->5608K(5696K) Class: 481K(512K)->481K(512K)
[5.898s][info][gc          ] GC(8) Pause Young (Allocation Failure) 546M->229M(556M) 2.997ms
[5.898s][info][gc,cpu      ] GC(8) User=0.01s Sys=0.01s Real=0.00s
[6.345s][info][gc,start    ] GC(9) Pause Young (Allocation Failure)
[6.346s][info][gc,heap     ] GC(9) PSYoungGen: 325394K(328704K)->672K(329216K) Eden: 324608K(324608K)->0K(324608K) From: 786K(4096K)->672K(4608K)
[6.346s][info][gc,heap     ] GC(9) ParOldGen: 234630K(241152K)->234742K(241152K)
[6.347s][info][gc,metaspace] GC(9) Metaspace: 6089K(6208K)->6089K(6208K) NonClass: 5608K(5696K)->5608K(5696K) Class: 481K(512K)->481K(512K)
[6.347s][info][gc          ] GC(9) Pause Young (Allocation Failure) 546M->229M(557M) 1.283ms
[6.347s][info][gc,cpu      ] GC(9) User=0.00s Sys=0.00s Real=0.00s
[6.800s][info][gc,start    ] GC(10) Pause Young (Allocation Failure)
[6.801s][info][gc,heap     ] GC(10) PSYoungGen: 325280K(329216K)->640K(312320K) Eden: 324608K(324608K)->0K(311296K) From: 672K(4608K)->640K(1024K)
[6.801s][info][gc,heap     ] GC(10) ParOldGen: 234742K(241152K)->234750K(241152K)
[6.801s][info][gc,metaspace] GC(10) Metaspace: 6091K(6208K)->6091K(6208K) NonClass: 5609K(5696K)->5609K(5696K) Class: 481K(512K)->481K(512K)
[6.801s][info][gc          ] GC(10) Pause Young (Allocation Failure) 546M->229M(540M) 1.190ms
[6.801s][info][gc,cpu      ] GC(10) User=0.00s Sys=0.00s Real=0.01s
[7.238s][info][gc,start    ] GC(11) Pause Young (Allocation Failure)
[7.239s][info][gc,heap     ] GC(11) PSYoungGen: 311936K(312320K)->640K(299520K) Eden: 311296K(311296K)->0K(298496K) From: 640K(1024K)->640K(1024K)
[7.239s][info][gc,heap     ] GC(11) ParOldGen: 234750K(241152K)->234758K(241152K)
[7.239s][info][gc,metaspace] GC(11) Metaspace: 6091K(6208K)->6091K(6208K) NonClass: 5609K(5696K)->5609K(5696K) Class: 481K(512K)->481K(512K)
[7.239s][info][gc          ] GC(11) Pause Young (Allocation Failure) 533M->229M(528M) 1.328ms
[7.239s][info][gc,cpu      ] GC(11) User=0.00s Sys=0.00s Real=0.00s
[7.637s][info][gc,start    ] GC(12) Pause Young (Allocation Failure)
[7.638s][info][gc,heap     ] GC(12) PSYoungGen: 299136K(299520K)->608K(287744K) Eden: 298496K(298496K)->0K(286720K) From: 640K(1024K)->608K(1024K)
[7.638s][info][gc,heap     ] GC(12) ParOldGen: 234758K(241152K)->234758K(241152K)
[7.638s][info][gc,metaspace] GC(12) Metaspace: 6091K(6208K)->6091K(6208K) NonClass: 5609K(5696K)->5609K(5696K) Class: 481K(512K)->481K(512K)
[7.638s][info][gc          ] GC(12) Pause Young (Allocation Failure) 521M->229M(516M) 0.986ms
[7.638s][info][gc,cpu      ] GC(12) User=0.00s Sys=0.00s Real=0.00s
[8.032s][info][gc,start    ] GC(13) Pause Young (Allocation Failure)
[8.034s][info][gc,heap     ] GC(13) PSYoungGen: 287328K(287744K)->672K(276480K) Eden: 286720K(286720K)->0K(275456K) From: 608K(1024K)->672K(1024K)
[8.034s][info][gc,heap     ] GC(13) ParOldGen: 234758K(241152K)->234758K(241152K)
[8.034s][info][gc,metaspace] GC(13) Metaspace: 6091K(6208K)->6091K(6208K) NonClass: 5610K(5696K)->5610K(5696K) Class: 481K(512K)->481K(512K)
[8.034s][info][gc          ] GC(13) Pause Young (Allocation Failure) 509M->229M(505M) 1.417ms
[8.034s][info][gc,cpu      ] GC(13) User=0.00s Sys=0.00s Real=0.00s
[8.425s][info][gc,start    ] GC(14) Pause Young (Allocation Failure)
[8.426s][info][gc,heap     ] GC(14) PSYoungGen: 276128K(276480K)->736K(265728K) Eden: 275456K(275456K)->0K(264704K) From: 672K(1024K)->736K(1024K)
[8.426s][info][gc,heap     ] GC(14) ParOldGen: 234758K(241152K)->234758K(241152K)
[8.426s][info][gc,metaspace] GC(14) Metaspace: 6091K(6208K)->6091K(6208K) NonClass: 5610K(5696K)->5610K(5696K) Class: 481K(512K)->481K(512K)
[8.426s][info][gc          ] GC(14) Pause Young (Allocation Failure) 498M->229M(495M) 1.222ms
[8.426s][info][gc,cpu      ] GC(14) User=0.00s Sys=0.00s Real=0.00s
[8.791s][info][gc,start    ] GC(15) Pause Young (Allocation Failure)
[8.792s][info][gc,heap     ] GC(15) PSYoungGen: 265440K(265728K)->800K(255488K) Eden: 264704K(264704K)->0K(254464K) From: 736K(1024K)->800K(1024K)
[8.792s][info][gc,heap     ] GC(15) ParOldGen: 234758K(241152K)->234758K(241152K)
[8.792s][info][gc,metaspace] GC(15) Metaspace: 6091K(6208K)->6091K(6208K) NonClass: 5610K(5696K)->5610K(5696K) Class: 481K(512K)->481K(512K)
[8.792s][info][gc          ] GC(15) Pause Young (Allocation Failure) 488M->230M(485M) 1.528ms
[8.792s][info][gc,cpu      ] GC(15) User=0.00s Sys=0.00s Real=0.00s
[9.161s][info][gc,start    ] GC(16) Pause Young (Allocation Failure)
[9.162s][info][gc,heap     ] GC(16) PSYoungGen: 255264K(255488K)->704K(245760K) Eden: 254464K(254464K)->0K(244736K) From: 800K(1024K)->704K(1024K)
[9.162s][info][gc,heap     ] GC(16) ParOldGen: 234758K(241152K)->234758K(241152K)
[9.162s][info][gc,metaspace] GC(16) Metaspace: 6091K(6208K)->6091K(6208K) NonClass: 5610K(5696K)->5610K(5696K) Class: 481K(512K)->481K(512K)
[9.162s][info][gc          ] GC(16) Pause Young (Allocation Failure) 478M->229M(475M) 1.104ms
[9.162s][info][gc,cpu      ] GC(16) User=0.00s Sys=0.00s Real=0.00s
[9.508s][info][gc,start    ] GC(17) Pause Young (Allocation Failure)
[9.510s][info][gc,heap     ] GC(17) PSYoungGen: 245440K(245760K)->608K(236544K) Eden: 244736K(244736K)->0K(235520K) From: 704K(1024K)->608K(1024K)
[9.510s][info][gc,heap     ] GC(17) ParOldGen: 234758K(241152K)->234758K(241152K)
[9.510s][info][gc,metaspace] GC(17) Metaspace: 6091K(6208K)->6091K(6208K) NonClass: 5610K(5696K)->5610K(5696K) Class: 481K(512K)->481K(512K)
[9.510s][info][gc          ] GC(17) Pause Young (Allocation Failure) 468M->229M(466M) 1.257ms
[9.510s][info][gc,cpu      ] GC(17) User=0.00s Sys=0.01s Real=0.00s
[9.854s][info][gc,start    ] GC(18) Pause Young (Allocation Failure)
[9.855s][info][gc,heap     ] GC(18) PSYoungGen: 236128K(236544K)->626K(227840K) Eden: 235520K(235520K)->0K(226816K) From: 608K(1024K)->626K(1024K)
[9.855s][info][gc,heap     ] GC(18) ParOldGen: 234758K(241152K)->234758K(241152K)
[9.855s][info][gc,metaspace] GC(18) Metaspace: 6091K(6208K)->6091K(6208K) NonClass: 5610K(5696K)->5610K(5696K) Class: 481K(512K)->481K(512K)
[9.855s][info][gc          ] GC(18) Pause Young (Allocation Failure) 459M->229M(458M) 1.773ms
[9.855s][info][gc,cpu      ] GC(18) User=0.00s Sys=0.00s Real=0.00s
[10.191s][info][gc,start    ] GC(19) Pause Young (Allocation Failure)
[10.193s][info][gc,heap     ] GC(19) PSYoungGen: 227442K(227840K)->768K(219136K) Eden: 226816K(226816K)->0K(218112K) From: 626K(1024K)->768K(1024K)
[10.193s][info][gc,heap     ] GC(19) ParOldGen: 234758K(241152K)->234758K(241152K)
[10.193s][info][gc,metaspace] GC(19) Metaspace: 6091K(6208K)->6091K(6208K) NonClass: 5610K(5696K)->5610K(5696K) Class: 481K(512K)->481K(512K)
[10.193s][info][gc          ] GC(19) Pause Young (Allocation Failure) 451M->230M(449M) 1.598ms
[10.193s][info][gc,cpu      ] GC(19) User=0.00s Sys=0.00s Real=0.00s
[10.517s][info][gc,start    ] GC(20) Pause Young (Allocation Failure)
[10.519s][info][gc,heap     ] GC(20) PSYoungGen: 218880K(219136K)->690K(210944K) Eden: 218112K(218112K)->0K(209920K) From: 768K(1024K)->690K(1024K)
[10.519s][info][gc,heap     ] GC(20) ParOldGen: 234758K(241152K)->234758K(241152K)
[10.519s][info][gc,metaspace] GC(20) Metaspace: 6091K(6208K)->6091K(6208K) NonClass: 5610K(5696K)->5610K(5696K) Class: 481K(512K)->481K(512K)
[10.519s][info][gc          ] GC(20) Pause Young (Allocation Failure) 443M->229M(441M) 1.973ms
[10.519s][info][gc,cpu      ] GC(20) User=0.00s Sys=0.00s Real=0.00s
[10.817s][info][gc,start    ] GC(21) Pause Young (Allocation Failure)
[10.819s][info][gc,heap     ] GC(21) PSYoungGen: 210610K(210944K)->626K(203264K) Eden: 209920K(209920K)->0K(202240K) From: 690K(1024K)->626K(1024K)
[10.819s][info][gc,heap     ] GC(21) ParOldGen: 234758K(241152K)->234758K(241152K)
[10.819s][info][gc,metaspace] GC(21) Metaspace: 6091K(6208K)->6091K(6208K) NonClass: 5610K(5696K)->5610K(5696K) Class: 481K(512K)->481K(512K)
[10.819s][info][gc          ] GC(21) Pause Young (Allocation Failure) 434M->229M(434M) 2.035ms
[10.819s][info][gc,cpu      ] GC(21) User=0.01s Sys=0.00s Real=0.00s
[11.098s][info][gc,start    ] GC(22) Pause Young (Allocation Failure)
[11.099s][info][gc,heap     ] GC(22) PSYoungGen: 202866K(203264K)->672K(196096K) Eden: 202240K(202240K)->0K(195072K) From: 626K(1024K)->672K(1024K)
[11.099s][info][gc,heap     ] GC(22) ParOldGen: 234758K(241152K)->234758K(241152K)
[11.100s][info][gc,metaspace] GC(22) Metaspace: 6091K(6208K)->6091K(6208K) NonClass: 5610K(5696K)->5610K(5696K) Class: 481K(512K)->481K(512K)
[11.100s][info][gc          ] GC(22) Pause Young (Allocation Failure) 427M->229M(427M) 1.111ms
[11.100s][info][gc,cpu      ] GC(22) User=0.00s Sys=0.00s Real=0.00s
[11.386s][info][gc,start    ] GC(23) Pause Young (Allocation Failure)
[11.388s][info][gc,heap     ] GC(23) PSYoungGen: 195744K(196096K)->576K(188928K) Eden: 195072K(195072K)->0K(187904K) From: 672K(1024K)->576K(1024K)
[11.388s][info][gc,heap     ] GC(23) ParOldGen: 234758K(241152K)->234758K(241152K)
[11.388s][info][gc,metaspace] GC(23) Metaspace: 6091K(6208K)->6091K(6208K) NonClass: 5610K(5696K)->5610K(5696K) Class: 481K(512K)->481K(512K)
[11.388s][info][gc          ] GC(23) Pause Young (Allocation Failure) 420M->229M(420M) 1.369ms
[11.388s][info][gc,cpu      ] GC(23) User=0.00s Sys=0.00s Real=0.00s
[11.771s][info][gc,start    ] GC(24) Pause Young (Allocation Failure)
[11.773s][info][gc,heap     ] GC(24) PSYoungGen: 188480K(188928K)->722K(182272K) Eden: 187904K(187904K)->0K(181248K) From: 576K(1024K)->722K(1024K)
[11.774s][info][gc,heap     ] GC(24) ParOldGen: 234758K(241152K)->234758K(241152K)
[11.774s][info][gc,metaspace] GC(24) Metaspace: 6091K(6208K)->6091K(6208K) NonClass: 5610K(5696K)->5610K(5696K) Class: 481K(512K)->481K(512K)
[11.774s][info][gc          ] GC(24) Pause Young (Allocation Failure) 413M->229M(413M) 2.215ms
[11.774s][info][gc,cpu      ] GC(24) User=0.00s Sys=0.00s Real=0.00s
[12.032s][info][gc,start    ] GC(25) Pause Young (Allocation Failure)
[12.034s][info][gc,heap     ] GC(25) PSYoungGen: 181970K(182272K)->736K(176128K) Eden: 181248K(181248K)->0K(175104K) From: 722K(1024K)->736K(1024K)
[12.034s][info][gc,heap     ] GC(25) ParOldGen: 234758K(241152K)->234758K(241152K)
[12.034s][info][gc,metaspace] GC(25) Metaspace: 6091K(6208K)->6091K(6208K) NonClass: 5610K(5696K)->5610K(5696K) Class: 481K(512K)->481K(512K)
[12.034s][info][gc          ] GC(25) Pause Young (Allocation Failure) 406M->229M(407M) 1.397ms
[12.034s][info][gc,cpu      ] GC(25) User=0.00s Sys=0.00s Real=0.00s
[12.298s][info][gc,start    ] GC(26) Pause Young (Allocation Failure)
[12.299s][info][gc,heap     ] GC(26) PSYoungGen: 175840K(176128K)->640K(169984K) Eden: 175104K(175104K)->0K(168960K) From: 736K(1024K)->640K(1024K)
[12.299s][info][gc,heap     ] GC(26) ParOldGen: 234758K(241152K)->234758K(241152K)
[12.299s][info][gc,metaspace] GC(26) Metaspace: 6091K(6208K)->6091K(6208K) NonClass: 5610K(5696K)->5610K(5696K) Class: 481K(512K)->481K(512K)
[12.299s][info][gc          ] GC(26) Pause Young (Allocation Failure) 400M->229M(401M) 1.005ms
[12.299s][info][gc,cpu      ] GC(26) User=0.01s Sys=0.00s Real=0.00s
[12.538s][info][gc,start    ] GC(27) Pause Young (Allocation Failure)
[12.539s][info][gc,heap     ] GC(27) PSYoungGen: 169600K(169984K)->736K(164352K) Eden: 168960K(168960K)->0K(163328K) From: 640K(1024K)->736K(1024K)
[12.540s][info][gc,heap     ] GC(27) ParOldGen: 234758K(241152K)->234758K(241152K)
[12.540s][info][gc,metaspace] GC(27) Metaspace: 6091K(6208K)->6091K(6208K) NonClass: 5610K(5696K)->5610K(5696K) Class: 481K(512K)->481K(512K)
[12.540s][info][gc          ] GC(27) Pause Young (Allocation Failure) 394M->229M(396M) 1.320ms
[12.540s][info][gc,cpu      ] GC(27) User=0.00s Sys=0.00s Real=0.00s
[12.783s][info][gc,start    ] GC(28) Pause Young (Allocation Failure)
[12.785s][info][gc,heap     ] GC(28) PSYoungGen: 164064K(164352K)->754K(158720K) Eden: 163328K(163328K)->0K(157696K) From: 736K(1024K)->754K(1024K)
[12.785s][info][gc,heap     ] GC(28) ParOldGen: 234758K(241152K)->234758K(241152K)
[12.785s][info][gc,metaspace] GC(28) Metaspace: 6091K(6208K)->6091K(6208K) NonClass: 5610K(5696K)->5610K(5696K) Class: 481K(512K)->481K(512K)
[12.785s][info][gc          ] GC(28) Pause Young (Allocation Failure) 389M->229M(390M) 2.330ms
[12.785s][info][gc,cpu      ] GC(28) User=0.00s Sys=0.00s Real=0.00s
[13.007s][info][gc,start    ] GC(29) Pause Young (Allocation Failure)
[13.009s][info][gc,heap     ] GC(29) PSYoungGen: 158450K(158720K)->722K(153600K) Eden: 157696K(157696K)->0K(152576K) From: 754K(1024K)->722K(1024K)
[13.009s][info][gc,heap     ] GC(29) ParOldGen: 234758K(241152K)->234758K(241152K)
[13.009s][info][gc,metaspace] GC(29) Metaspace: 6091K(6208K)->6091K(6208K) NonClass: 5610K(5696K)->5610K(5696K) Class: 481K(512K)->481K(512K)
[13.009s][info][gc          ] GC(29) Pause Young (Allocation Failure) 383M->229M(385M) 2.276ms
[13.009s][info][gc,cpu      ] GC(29) User=0.00s Sys=0.00s Real=0.00s
[13.226s][info][gc,start    ] GC(30) Pause Young (Allocation Failure)
[13.227s][info][gc,heap     ] GC(30) PSYoungGen: 153298K(153600K)->626K(148480K) Eden: 152576K(152576K)->0K(147456K) From: 722K(1024K)->626K(1024K)
[13.227s][info][gc,heap     ] GC(30) ParOldGen: 234758K(241152K)->234758K(241152K)
[13.228s][info][gc,metaspace] GC(30) Metaspace: 6091K(6208K)->6091K(6208K) NonClass: 5610K(5696K)->5610K(5696K) Class: 481K(512K)->481K(512K)
[13.228s][info][gc          ] GC(30) Pause Young (Allocation Failure) 378M->229M(380M) 1.894ms
[13.228s][info][gc,cpu      ] GC(30) User=0.00s Sys=0.00s Real=0.00s
[13.433s][info][gc,start    ] GC(31) Pause Young (Allocation Failure)
[13.435s][info][gc,heap     ] GC(31) PSYoungGen: 148082K(148480K)->704K(143872K) Eden: 147456K(147456K)->0K(142848K) From: 626K(1024K)->704K(1024K)
[13.435s][info][gc,heap     ] GC(31) ParOldGen: 234758K(241152K)->234758K(241152K)
[13.435s][info][gc,metaspace] GC(31) Metaspace: 6091K(6208K)->6091K(6208K) NonClass: 5610K(5696K)->5610K(5696K) Class: 481K(512K)->481K(512K)
[13.435s][info][gc          ] GC(31) Pause Young (Allocation Failure) 373M->229M(376M) 1.503ms
[13.435s][info][gc,cpu      ] GC(31) User=0.01s Sys=0.00s Real=0.00s
[13.634s][info][gc,start    ] GC(32) Pause Young (Allocation Failure)
[13.635s][info][gc,heap     ] GC(32) PSYoungGen: 143552K(143872K)->704K(139264K) Eden: 142848K(142848K)->0K(138240K) From: 704K(1024K)->704K(1024K)
[13.635s][info][gc,heap     ] GC(32) ParOldGen: 234758K(241152K)->234758K(241152K)
[13.635s][info][gc,metaspace] GC(32) Metaspace: 6091K(6208K)->6091K(6208K) NonClass: 5610K(5696K)->5610K(5696K) Class: 481K(512K)->481K(512K)
[13.635s][info][gc          ] GC(32) Pause Young (Allocation Failure) 369M->229M(371M) 1.232ms
[13.635s][info][gc,cpu      ] GC(32) User=0.00s Sys=0.00s Real=0.00s
[13.817s][info][gc,start    ] GC(33) Pause Young (Allocation Failure)
[13.818s][info][gc,heap     ] GC(33) PSYoungGen: 138944K(139264K)->736K(134656K) Eden: 138240K(138240K)->0K(133632K) From: 704K(1024K)->736K(1024K)
[13.818s][info][gc,heap     ] GC(33) ParOldGen: 234758K(241152K)->234758K(241152K)
[13.818s][info][gc,metaspace] GC(33) Metaspace: 6091K(6208K)->6091K(6208K) NonClass: 5610K(5696K)->5610K(5696K) Class: 481K(512K)->481K(512K)
[13.818s][info][gc          ] GC(33) Pause Young (Allocation Failure) 364M->229M(367M) 1.283ms
[13.818s][info][gc,cpu      ] GC(33) User=0.01s Sys=0.00s Real=0.00s
[13.998s][info][gc,start    ] GC(34) Pause Young (Allocation Failure)
[14.000s][info][gc,heap     ] GC(34) PSYoungGen: 134368K(134656K)->672K(130560K) Eden: 133632K(133632K)->0K(129536K) From: 736K(1024K)->672K(1024K)
[14.000s][info][gc,heap     ] GC(34) ParOldGen: 234758K(241152K)->234758K(241152K)
[14.000s][info][gc,metaspace] GC(34) Metaspace: 6091K(6208K)->6091K(6208K) NonClass: 5610K(5696K)->5610K(5696K) Class: 481K(512K)->481K(512K)
[14.000s][info][gc          ] GC(34) Pause Young (Allocation Failure) 360M->229M(363M) 1.206ms
[14.000s][info][gc,cpu      ] GC(34) User=0.00s Sys=0.01s Real=0.00s
[14.188s][info][gc,start    ] GC(35) Pause Young (Allocation Failure)
[14.189s][info][gc,heap     ] GC(35) PSYoungGen: 130208K(130560K)->704K(126464K) Eden: 129536K(129536K)->0K(125440K) From: 672K(1024K)->704K(1024K)
[14.190s][info][gc,heap     ] GC(35) ParOldGen: 234758K(241152K)->234758K(241152K)
[14.190s][info][gc,metaspace] GC(35) Metaspace: 6091K(6208K)->6091K(6208K) NonClass: 5610K(5696K)->5610K(5696K) Class: 481K(512K)->481K(512K)
[14.190s][info][gc          ] GC(35) Pause Young (Allocation Failure) 356M->229M(359M) 1.277ms
[14.190s][info][gc,cpu      ] GC(35) User=0.00s Sys=0.00s Real=0.00s
[14.368s][info][gc,start    ] GC(36) Pause Young (Allocation Failure)
[14.369s][info][gc,heap     ] GC(36) PSYoungGen: 126144K(126464K)->768K(122368K) Eden: 125440K(125440K)->0K(121344K) From: 704K(1024K)->768K(1024K)
[14.369s][info][gc,heap     ] GC(36) ParOldGen: 234758K(241152K)->234758K(241152K)
[14.369s][info][gc,metaspace] GC(36) Metaspace: 6091K(6208K)->6091K(6208K) NonClass: 5610K(5696K)->5610K(5696K) Class: 481K(512K)->481K(512K)
[14.369s][info][gc          ] GC(36) Pause Young (Allocation Failure) 352M->230M(355M) 1.304ms
[14.369s][info][gc,cpu      ] GC(36) User=0.01s Sys=0.00s Real=0.00s
[14.542s][info][gc,start    ] GC(37) Pause Young (Allocation Failure)
[14.543s][info][gc,heap     ] GC(37) PSYoungGen: 122112K(122368K)->736K(118784K) Eden: 121344K(121344K)->0K(117760K) From: 768K(1024K)->736K(1024K)
[14.543s][info][gc,heap     ] GC(37) ParOldGen: 234758K(241152K)->234758K(241152K)
[14.543s][info][gc,metaspace] GC(37) Metaspace: 6091K(6208K)->6091K(6208K) NonClass: 5610K(5696K)->5610K(5696K) Class: 481K(512K)->481K(512K)
[14.543s][info][gc          ] GC(37) Pause Young (Allocation Failure) 348M->229M(351M) 1.238ms
[14.543s][info][gc,cpu      ] GC(37) User=0.00s Sys=0.00s Real=0.00s
[14.712s][info][gc,start    ] GC(38) Pause Young (Allocation Failure)
[14.714s][info][gc,heap     ] GC(38) PSYoungGen: 118496K(118784K)->672K(115200K) Eden: 117760K(117760K)->0K(114176K) From: 736K(1024K)->672K(1024K)
[14.714s][info][gc,heap     ] GC(38) ParOldGen: 234758K(241152K)->234758K(241152K)
[14.714s][info][gc,metaspace] GC(38) Metaspace: 6091K(6208K)->6091K(6208K) NonClass: 5610K(5696K)->5610K(5696K) Class: 481K(512K)->481K(512K)
[14.714s][info][gc          ] GC(38) Pause Young (Allocation Failure) 344M->229M(348M) 1.445ms
[14.714s][info][gc,cpu      ] GC(38) User=0.00s Sys=0.00s Real=0.00s
[14.876s][info][gc,start    ] GC(39) Pause Young (Allocation Failure)
[14.878s][info][gc,heap     ] GC(39) PSYoungGen: 114848K(115200K)->640K(111616K) Eden: 114176K(114176K)->0K(110592K) From: 672K(1024K)->640K(1024K)
[14.878s][info][gc,heap     ] GC(39) ParOldGen: 234758K(241152K)->234758K(241152K)
[14.878s][info][gc,metaspace] GC(39) Metaspace: 6091K(6208K)->6091K(6208K) NonClass: 5610K(5696K)->5610K(5696K) Class: 481K(512K)->481K(512K)
[14.878s][info][gc          ] GC(39) Pause Young (Allocation Failure) 341M->229M(344M) 1.121ms
[14.878s][info][gc,cpu      ] GC(39) User=0.00s Sys=0.00s Real=0.00s
[15.036s][info][gc,start    ] GC(40) Pause Young (Allocation Failure)
[15.037s][info][gc,heap     ] GC(40) PSYoungGen: 111232K(111616K)->640K(108544K) Eden: 110592K(110592K)->0K(107520K) From: 640K(1024K)->640K(1024K)
[15.037s][info][gc,heap     ] GC(40) ParOldGen: 234758K(241152K)->234758K(241152K)
[15.037s][info][gc,metaspace] GC(40) Metaspace: 6091K(6208K)->6091K(6208K) NonClass: 5610K(5696K)->5610K(5696K) Class: 481K(512K)->481K(512K)
[15.037s][info][gc          ] GC(40) Pause Young (Allocation Failure) 337M->229M(341M) 1.026ms
[15.037s][info][gc,cpu      ] GC(40) User=0.00s Sys=0.00s Real=0.00s
[15.193s][info][gc,start    ] GC(41) Pause Young (Allocation Failure)
[15.194s][info][gc,heap     ] GC(41) PSYoungGen: 108160K(108544K)->704K(105472K) Eden: 107520K(107520K)->0K(104448K) From: 640K(1024K)->704K(1024K)
[15.194s][info][gc,heap     ] GC(41) ParOldGen: 234758K(241152K)->234758K(241152K)
[15.194s][info][gc,metaspace] GC(41) Metaspace: 6091K(6208K)->6091K(6208K) NonClass: 5610K(5696K)->5610K(5696K) Class: 481K(512K)->481K(512K)
[15.194s][info][gc          ] GC(41) Pause Young (Allocation Failure) 334M->229M(338M) 1.258ms
[15.194s][info][gc,cpu      ] GC(41) User=0.00s Sys=0.00s Real=0.00s
[15.344s][info][gc,start    ] GC(42) Pause Young (Allocation Failure)
[15.346s][info][gc,heap     ] GC(42) PSYoungGen: 105152K(105472K)->736K(102400K) Eden: 104448K(104448K)->0K(101376K) From: 704K(1024K)->736K(1024K)
[15.346s][info][gc,heap     ] GC(42) ParOldGen: 234758K(241152K)->234758K(241152K)
[15.346s][info][gc,metaspace] GC(42) Metaspace: 6091K(6208K)->6091K(6208K) NonClass: 5610K(5696K)->5610K(5696K) Class: 481K(512K)->481K(512K)
[15.346s][info][gc          ] GC(42) Pause Young (Allocation Failure) 331M->229M(335M) 1.228ms
[15.346s][info][gc,cpu      ] GC(42) User=0.00s Sys=0.00s Real=0.00s
[15.494s][info][gc,start    ] GC(43) Pause Young (Allocation Failure)
[15.495s][info][gc,heap     ] GC(43) PSYoungGen: 102112K(102400K)->672K(99328K) Eden: 101376K(101376K)->0K(98304K) From: 736K(1024K)->672K(1024K)
[15.495s][info][gc,heap     ] GC(43) ParOldGen: 234758K(241152K)->234758K(241152K)
[15.495s][info][gc,metaspace] GC(43) Metaspace: 6091K(6208K)->6091K(6208K) NonClass: 5610K(5696K)->5610K(5696K) Class: 481K(512K)->481K(512K)
[15.495s][info][gc          ] GC(43) Pause Young (Allocation Failure) 328M->229M(332M) 1.120ms
[15.495s][info][gc,cpu      ] GC(43) User=0.00s Sys=0.00s Real=0.00s
[15.630s][info][gc,start    ] GC(44) Pause Young (Allocation Failure)
[15.632s][info][gc,heap     ] GC(44) PSYoungGen: 98976K(99328K)->722K(96768K) Eden: 98304K(98304K)->0K(95744K) From: 672K(1024K)->722K(1024K)
[15.632s][info][gc,heap     ] GC(44) ParOldGen: 234758K(241152K)->234758K(241152K)
[15.632s][info][gc,metaspace] GC(44) Metaspace: 6091K(6208K)->6091K(6208K) NonClass: 5610K(5696K)->5610K(5696K) Class: 481K(512K)->481K(512K)
[15.632s][info][gc          ] GC(44) Pause Young (Allocation Failure) 325M->229M(330M) 2.059ms
[15.632s][info][gc,cpu      ] GC(44) User=0.00s Sys=0.00s Real=0.01s
[15.766s][info][gc,start    ] GC(45) Pause Young (Allocation Failure)
[15.767s][info][gc,heap     ] GC(45) PSYoungGen: 96466K(96768K)->736K(94208K) Eden: 95744K(95744K)->0K(93184K) From: 722K(1024K)->736K(1024K)
[15.767s][info][gc,heap     ] GC(45) ParOldGen: 234758K(241152K)->234758K(241152K)
[15.767s][info][gc,metaspace] GC(45) Metaspace: 6091K(6208K)->6091K(6208K) NonClass: 5610K(5696K)->5610K(5696K) Class: 481K(512K)->481K(512K)
[15.767s][info][gc          ] GC(45) Pause Young (Allocation Failure) 323M->229M(327M) 1.190ms
[15.767s][info][gc,cpu      ] GC(45) User=0.01s Sys=0.00s Real=0.00s
[15.896s][info][gc,start    ] GC(46) Pause Young (Allocation Failure)
[15.897s][info][gc,heap     ] GC(46) PSYoungGen: 93920K(94208K)->704K(91648K) Eden: 93184K(93184K)->0K(90624K) From: 736K(1024K)->704K(1024K)
[15.897s][info][gc,heap     ] GC(46) ParOldGen: 234758K(241152K)->234758K(241152K)
[15.897s][info][gc,metaspace] GC(46) Metaspace: 6091K(6208K)->6091K(6208K) NonClass: 5610K(5696K)->5610K(5696K) Class: 481K(512K)->481K(512K)
[15.897s][info][gc          ] GC(46) Pause Young (Allocation Failure) 320M->229M(325M) 1.188ms
[15.897s][info][gc,cpu      ] GC(46) User=0.00s Sys=0.00s Real=0.00s
[16.032s][info][gc,start    ] GC(47) Pause Young (Allocation Failure)
[16.033s][info][gc,heap     ] GC(47) PSYoungGen: 91328K(91648K)->672K(89088K) Eden: 90624K(90624K)->0K(88064K) From: 704K(1024K)->672K(1024K)
[16.033s][info][gc,heap     ] GC(47) ParOldGen: 234758K(241152K)->234758K(241152K)
[16.033s][info][gc,metaspace] GC(47) Metaspace: 6091K(6208K)->6091K(6208K) NonClass: 5610K(5696K)->5610K(5696K) Class: 481K(512K)->481K(512K)
[16.033s][info][gc          ] GC(47) Pause Young (Allocation Failure) 318M->229M(322M) 1.207ms
[16.033s][info][gc,cpu      ] GC(47) User=0.00s Sys=0.00s Real=0.00s
[16.164s][info][gc,start    ] GC(48) Pause Young (Allocation Failure)
[16.166s][info][gc,heap     ] GC(48) PSYoungGen: 88736K(89088K)->658K(87040K) Eden: 88064K(88064K)->0K(86016K) From: 672K(1024K)->658K(1024K)
[16.166s][info][gc,heap     ] GC(48) ParOldGen: 234758K(241152K)->234758K(241152K)
[16.166s][info][gc,metaspace] GC(48) Metaspace: 6091K(6208K)->6091K(6208K) NonClass: 5610K(5696K)->5610K(5696K) Class: 481K(512K)->481K(512K)
[16.166s][info][gc          ] GC(48) Pause Young (Allocation Failure) 315M->229M(320M) 2.003ms
[16.166s][info][gc,cpu      ] GC(48) User=0.01s Sys=0.00s Real=0.00s
[16.282s][info][gc,start    ] GC(49) Pause Young (Allocation Failure)
[16.284s][info][gc,heap     ] GC(49) PSYoungGen: 86674K(87040K)->626K(105472K) Eden: 86016K(86016K)->0K(104448K) From: 658K(1024K)->626K(1024K)
[16.284s][info][gc,heap     ] GC(49) ParOldGen: 234758K(241152K)->234758K(241152K)
[16.284s][info][gc,metaspace] GC(49) Metaspace: 6091K(6208K)->6091K(6208K) NonClass: 5610K(5696K)->5610K(5696K) Class: 481K(512K)->481K(512K)
[16.284s][info][gc          ] GC(49) Pause Young (Allocation Failure) 313M->229M(338M) 1.969ms
[16.284s][info][gc,cpu      ] GC(49) User=0.00s Sys=0.00s Real=0.00s
[16.426s][info][gc,start    ] GC(50) Pause Young (Allocation Failure)
[16.427s][info][gc,heap     ] GC(50) PSYoungGen: 105074K(105472K)->352K(101888K) Eden: 104448K(104448K)->0K(101376K) From: 626K(1024K)->352K(512K)
[16.427s][info][gc,heap     ] GC(50) ParOldGen: 234758K(241152K)->234758K(241152K)
[16.427s][info][gc,metaspace] GC(50) Metaspace: 6091K(6208K)->6091K(6208K) NonClass: 5610K(5696K)->5610K(5696K) Class: 481K(512K)->481K(512K)
[16.427s][info][gc          ] GC(50) Pause Young (Allocation Failure) 331M->229M(335M) 1.042ms
[16.427s][info][gc,cpu      ] GC(50) User=0.00s Sys=0.00s Real=0.00s
[16.574s][info][gc,start    ] GC(51) Pause Young (Allocation Failure)
[16.576s][info][gc,heap     ] GC(51) PSYoungGen: 101728K(101888K)->722K(123904K) Eden: 101376K(101376K)->0K(122880K) From: 352K(512K)->722K(1024K)
[16.576s][info][gc,heap     ] GC(51) ParOldGen: 234758K(241152K)->234758K(241152K)
[16.576s][info][gc,metaspace] GC(51) Metaspace: 6091K(6208K)->6091K(6208K) NonClass: 5610K(5696K)->5610K(5696K) Class: 481K(512K)->481K(512K)
[16.576s][info][gc          ] GC(51) Pause Young (Allocation Failure) 328M->229M(356M) 2.274ms
[16.576s][info][gc,cpu      ] GC(51) User=0.01s Sys=0.00s Real=0.00s
[16.753s][info][gc,start    ] GC(52) Pause Young (Allocation Failure)
[16.754s][info][gc,heap     ] GC(52) PSYoungGen: 123602K(123904K)->608K(120832K) Eden: 122880K(122880K)->0K(119296K) From: 722K(1024K)->608K(1536K)
[16.754s][info][gc,heap     ] GC(52) ParOldGen: 234758K(241152K)->234758K(241152K)
[16.754s][info][gc,metaspace] GC(52) Metaspace: 6091K(6208K)->6091K(6208K) NonClass: 5610K(5696K)->5610K(5696K) Class: 481K(512K)->481K(512K)
[16.754s][info][gc          ] GC(52) Pause Young (Allocation Failure) 349M->229M(353M) 1.043ms
[16.754s][info][gc,cpu      ] GC(52) User=0.00s Sys=0.00s Real=0.00s
[16.916s][info][gc,start    ] GC(53) Pause Young (Allocation Failure)
[16.917s][info][gc,heap     ] GC(53) PSYoungGen: 119904K(120832K)->704K(116736K) Eden: 119296K(119296K)->0K(115712K) From: 608K(1536K)->704K(1024K)
[16.917s][info][gc,heap     ] GC(53) ParOldGen: 234758K(241152K)->234758K(241152K)
[16.918s][info][gc,metaspace] GC(53) Metaspace: 6091K(6208K)->6091K(6208K) NonClass: 5610K(5696K)->5610K(5696K) Class: 481K(512K)->481K(512K)
[16.918s][info][gc          ] GC(53) Pause Young (Allocation Failure) 346M->229M(349M) 1.240ms
[16.918s][info][gc,cpu      ] GC(53) User=0.00s Sys=0.00s Real=0.00s
[17.078s][info][gc,start    ] GC(54) Pause Young (Allocation Failure)
[17.079s][info][gc,heap     ] GC(54) PSYoungGen: 116416K(116736K)->736K(113152K) Eden: 115712K(115712K)->0K(112128K) From: 704K(1024K)->736K(1024K)
[17.079s][info][gc,heap     ] GC(54) ParOldGen: 234758K(241152K)->234758K(241152K)
[17.079s][info][gc,metaspace] GC(54) Metaspace: 6091K(6208K)->6091K(6208K) NonClass: 5610K(5696K)->5610K(5696K) Class: 481K(512K)->481K(512K)
[17.079s][info][gc          ] GC(54) Pause Young (Allocation Failure) 342M->229M(346M) 1.276ms
[17.079s][info][gc,cpu      ] GC(54) User=0.00s Sys=0.00s Real=0.00s
[17.230s][info][gc,start    ] GC(55) Pause Young (Allocation Failure)
[17.231s][info][gc,heap     ] GC(55) PSYoungGen: 112864K(113152K)->512K(109568K) Eden: 112128K(112128K)->0K(109056K) From: 736K(1024K)->512K(512K)
[17.231s][info][gc,heap     ] GC(55) ParOldGen: 234758K(241152K)->234958K(241152K)
[17.231s][info][gc,metaspace] GC(55) Metaspace: 6091K(6208K)->6091K(6208K) NonClass: 5610K(5696K)->5610K(5696K) Class: 481K(512K)->481K(512K)
[17.231s][info][gc          ] GC(55) Pause Young (Allocation Failure) 339M->229M(342M) 1.214ms
[17.231s][info][gc,cpu      ] GC(55) User=0.01s Sys=0.00s Real=0.01s
[17.376s][info][gc,start    ] GC(56) Pause Young (Allocation Failure)
[17.377s][info][gc,heap     ] GC(56) PSYoungGen: 109568K(109568K)->722K(107008K) Eden: 109056K(109056K)->0K(105984K) From: 512K(512K)->722K(1024K)
[17.377s][info][gc,heap     ] GC(56) ParOldGen: 234958K(241152K)->234958K(241152K)
[17.377s][info][gc,metaspace] GC(56) Metaspace: 6091K(6208K)->6091K(6208K) NonClass: 5610K(5696K)->5610K(5696K) Class: 481K(512K)->481K(512K)
[17.377s][info][gc          ] GC(56) Pause Young (Allocation Failure) 336M->230M(340M) 1.494ms
[17.377s][info][gc,cpu      ] GC(56) User=0.00s Sys=0.00s Real=0.00s
[17.517s][info][gc,start    ] GC(57) Pause Young (Allocation Failure)
[17.518s][info][gc,heap     ] GC(57) PSYoungGen: 106706K(107008K)->736K(103936K) Eden: 105984K(105984K)->0K(102912K) From: 722K(1024K)->736K(1024K)
[17.518s][info][gc,heap     ] GC(57) ParOldGen: 234958K(241152K)->234998K(241152K)
[17.518s][info][gc,metaspace] GC(57) Metaspace: 6091K(6208K)->6091K(6208K) NonClass: 5610K(5696K)->5610K(5696K) Class: 481K(512K)->481K(512K)
[17.518s][info][gc          ] GC(57) Pause Young (Allocation Failure) 333M->230M(337M) 1.184ms
[17.518s][info][gc,cpu      ] GC(57) User=0.00s Sys=0.00s Real=0.00s
[17.654s][info][gc,start    ] GC(58) Pause Young (Allocation Failure)
[17.655s][info][gc,heap     ] GC(58) PSYoungGen: 103648K(103936K)->704K(100864K) Eden: 102912K(102912K)->0K(99840K) From: 736K(1024K)->704K(1024K)
[17.655s][info][gc,heap     ] GC(58) ParOldGen: 234998K(241152K)->234998K(241152K)
[17.655s][info][gc,metaspace] GC(58) Metaspace: 6091K(6208K)->6091K(6208K) NonClass: 5610K(5696K)->5610K(5696K) Class: 481K(512K)->481K(512K)
[17.655s][info][gc          ] GC(58) Pause Young (Allocation Failure) 330M->230M(334M) 1.219ms
[17.655s][info][gc,cpu      ] GC(58) User=0.01s Sys=0.00s Real=0.00s
[17.784s][info][gc,start    ] GC(59) Pause Young (Allocation Failure)
[17.785s][info][gc,heap     ] GC(59) PSYoungGen: 100544K(100864K)->498K(97792K) Eden: 99840K(99840K)->0K(97280K) From: 704K(1024K)->498K(512K)
[17.785s][info][gc,heap     ] GC(59) ParOldGen: 234998K(241152K)->235110K(241152K)
[17.785s][info][gc,metaspace] GC(59) Metaspace: 6091K(6208K)->6091K(6208K) NonClass: 5610K(5696K)->5610K(5696K) Class: 481K(512K)->481K(512K)
[17.785s][info][gc          ] GC(59) Pause Young (Allocation Failure) 327M->230M(331M) 1.595ms
[17.785s][info][gc,cpu      ] GC(59) User=0.00s Sys=0.00s Real=0.00s
[17.916s][info][gc,start    ] GC(60) Pause Young (Allocation Failure)
[17.917s][info][gc,heap     ] GC(60) PSYoungGen: 97778K(97792K)->690K(95744K) Eden: 97280K(97280K)->0K(94720K) From: 498K(512K)->690K(1024K)
[17.917s][info][gc,heap     ] GC(60) ParOldGen: 235110K(241152K)->235110K(241152K)
[17.917s][info][gc,metaspace] GC(60) Metaspace: 6091K(6208K)->6091K(6208K) NonClass: 5610K(5696K)->5610K(5696K) Class: 481K(512K)->481K(512K)
[17.917s][info][gc          ] GC(60) Pause Young (Allocation Failure) 325M->230M(329M) 1.123ms
[17.917s][info][gc,cpu      ] GC(60) User=0.00s Sys=0.00s Real=0.00s
[18.043s][info][gc,start    ] GC(61) Pause Young (Allocation Failure)
[18.045s][info][gc,heap     ] GC(61) PSYoungGen: 95410K(95744K)->626K(93184K) Eden: 94720K(94720K)->0K(92160K) From: 690K(1024K)->626K(1024K)
[18.045s][info][gc,heap     ] GC(61) ParOldGen: 235110K(241152K)->235150K(241152K)
[18.045s][info][gc,metaspace] GC(61) Metaspace: 6091K(6208K)->6091K(6208K) NonClass: 5610K(5696K)->5610K(5696K) Class: 481K(512K)->481K(512K)
[18.045s][info][gc          ] GC(61) Pause Young (Allocation Failure) 322M->230M(326M) 1.870ms
[18.045s][info][gc,cpu      ] GC(61) User=0.00s Sys=0.00s Real=0.00s
[18.167s][info][gc,start    ] GC(62) Pause Young (Allocation Failure)
[18.168s][info][gc,heap     ] GC(62) PSYoungGen: 92786K(93184K)->736K(90624K) Eden: 92160K(92160K)->0K(89600K) From: 626K(1024K)->736K(1024K)
[18.168s][info][gc,heap     ] GC(62) ParOldGen: 235150K(241152K)->235150K(241152K)
[18.168s][info][gc,metaspace] GC(62) Metaspace: 6091K(6208K)->6091K(6208K) NonClass: 5610K(5696K)->5610K(5696K) Class: 481K(512K)->481K(512K)
[18.168s][info][gc          ] GC(62) Pause Young (Allocation Failure) 320M->230M(324M) 1.443ms
[18.168s][info][gc,cpu      ] GC(62) User=0.00s Sys=0.00s Real=0.00s
[18.286s][info][gc,start    ] GC(63) Pause Young (Allocation Failure)
[18.287s][info][gc,heap     ] GC(63) PSYoungGen: 90336K(90624K)->512K(87552K) Eden: 89600K(89600K)->0K(87040K) From: 736K(1024K)->512K(512K)
[18.287s][info][gc,heap     ] GC(63) ParOldGen: 235150K(241152K)->235374K(241152K)
[18.287s][info][gc,metaspace] GC(63) Metaspace: 6091K(6208K)->6091K(6208K) NonClass: 5610K(5696K)->5610K(5696K) Class: 481K(512K)->481K(512K)
[18.287s][info][gc          ] GC(63) Pause Young (Allocation Failure) 317M->230M(321M) 1.222ms
[18.287s][info][gc,cpu      ] GC(63) User=0.00s Sys=0.00s Real=0.00s
[18.401s][info][gc,start    ] GC(64) Pause Young (Allocation Failure)
[18.404s][info][gc,heap     ] GC(64) PSYoungGen: 87552K(87552K)->704K(105472K) Eden: 87040K(87040K)->0K(104448K) From: 512K(512K)->704K(1024K)
[18.404s][info][gc,heap     ] GC(64) ParOldGen: 235374K(241152K)->235374K(241152K)
[18.404s][info][gc,metaspace] GC(64) Metaspace: 6091K(6208K)->6091K(6208K) NonClass: 5610K(5696K)->5610K(5696K) Class: 481K(512K)->481K(512K)
[18.404s][info][gc          ] GC(64) Pause Young (Allocation Failure) 315M->230M(338M) 2.486ms
[18.404s][info][gc,cpu      ] GC(64) User=0.00s Sys=0.00s Real=0.00s
[18.542s][info][gc,start    ] GC(65) Pause Young (Allocation Failure)
[18.544s][info][gc,heap     ] GC(65) PSYoungGen: 105152K(105472K)->768K(126464K) Eden: 104448K(104448K)->0K(125440K) From: 704K(1024K)->768K(1024K)
[18.544s][info][gc,heap     ] GC(65) ParOldGen: 235374K(241152K)->235406K(241152K)
[18.544s][info][gc,metaspace] GC(65) Metaspace: 6091K(6208K)->6091K(6208K) NonClass: 5610K(5696K)->5610K(5696K) Class: 481K(512K)->481K(512K)
[18.544s][info][gc          ] GC(65) Pause Young (Allocation Failure) 332M->230M(359M) 1.282ms
[18.544s][info][gc,cpu      ] GC(65) User=0.01s Sys=0.00s Real=0.00s
[18.711s][info][gc,start    ] GC(66) Pause Young (Allocation Failure)
[18.712s][info][gc,heap     ] GC(66) PSYoungGen: 126208K(126464K)->640K(122368K) Eden: 125440K(125440K)->0K(121344K) From: 768K(1024K)->640K(1024K)
[18.712s][info][gc,heap     ] GC(66) ParOldGen: 235406K(241152K)->235406K(241152K)
[18.712s][info][gc,metaspace] GC(66) Metaspace: 6091K(6208K)->6091K(6208K) NonClass: 5610K(5696K)->5610K(5696K) Class: 481K(512K)->481K(512K)
[18.713s][info][gc          ] GC(66) Pause Young (Allocation Failure) 353M->230M(355M) 1.044ms
[18.713s][info][gc,cpu      ] GC(66) User=0.00s Sys=0.00s Real=0.00s
[18.872s][info][gc,start    ] GC(67) Pause Young (Allocation Failure)
[18.873s][info][gc,heap     ] GC(67) PSYoungGen: 121984K(122368K)->512K(118272K) Eden: 121344K(121344K)->0K(117760K) From: 640K(1024K)->512K(512K)
[18.873s][info][gc,heap     ] GC(67) ParOldGen: 235406K(241152K)->235606K(241152K)
[18.873s][info][gc,metaspace] GC(67) Metaspace: 6091K(6208K)->6091K(6208K) NonClass: 5610K(5696K)->5610K(5696K) Class: 481K(512K)->481K(512K)
[18.873s][info][gc          ] GC(67) Pause Young (Allocation Failure) 349M->230M(351M) 1.216ms
[18.873s][info][gc,cpu      ] GC(67) User=0.00s Sys=0.00s Real=0.00s
[19.027s][info][gc,start    ] GC(68) Pause Young (Allocation Failure)
[19.028s][info][gc,heap     ] GC(68) PSYoungGen: 118272K(118272K)->786K(115200K) Eden: 117760K(117760K)->0K(114176K) From: 512K(512K)->786K(1024K)
[19.028s][info][gc,heap     ] GC(68) ParOldGen: 235606K(241152K)->235606K(241152K)
[19.028s][info][gc,metaspace] GC(68) Metaspace: 6091K(6208K)->6091K(6208K) NonClass: 5610K(5696K)->5610K(5696K) Class: 481K(512K)->481K(512K)
[19.028s][info][gc          ] GC(68) Pause Young (Allocation Failure) 345M->230M(348M) 1.266ms
[19.028s][info][gc,cpu      ] GC(68) User=0.00s Sys=0.00s Real=0.00s
[19.175s][info][gc,start    ] GC(69) Pause Young (Allocation Failure)
[19.176s][info][gc,heap     ] GC(69) PSYoungGen: 114962K(115200K)->768K(111616K) Eden: 114176K(114176K)->0K(110592K) From: 786K(1024K)->768K(1024K)
[19.176s][info][gc,heap     ] GC(69) ParOldGen: 235606K(241152K)->235646K(241152K)
[19.176s][info][gc,metaspace] GC(69) Metaspace: 6091K(6208K)->6091K(6208K) NonClass: 5610K(5696K)->5610K(5696K) Class: 481K(512K)->481K(512K)
[19.176s][info][gc          ] GC(69) Pause Young (Allocation Failure) 342M->230M(344M) 1.223ms
[19.176s][info][gc,cpu      ] GC(69) User=0.00s Sys=0.00s Real=0.00s
[19.323s][info][gc,start    ] GC(70) Pause Young (Allocation Failure)
[19.324s][info][gc,heap     ] GC(70) PSYoungGen: 111360K(111616K)->704K(108544K) Eden: 110592K(110592K)->0K(107520K) From: 768K(1024K)->704K(1024K)
[19.324s][info][gc,heap     ] GC(70) ParOldGen: 235646K(241152K)->235646K(241152K)
[19.324s][info][gc,metaspace] GC(70) Metaspace: 6091K(6208K)->6091K(6208K) NonClass: 5610K(5696K)->5610K(5696K) Class: 481K(512K)->481K(512K)
[19.324s][info][gc          ] GC(70) Pause Young (Allocation Failure) 338M->230M(341M) 1.142ms
[19.324s][info][gc,cpu      ] GC(70) User=0.00s Sys=0.00s Real=0.00s
[19.467s][info][gc,start    ] GC(71) Pause Young (Allocation Failure)
[19.468s][info][gc,heap     ] GC(71) PSYoungGen: 108224K(108544K)->416K(104960K) Eden: 107520K(107520K)->0K(104448K) From: 704K(1024K)->416K(512K)
[19.468s][info][gc,heap     ] GC(71) ParOldGen: 235646K(241152K)->235646K(241152K)
[19.468s][info][gc,metaspace] GC(71) Metaspace: 6091K(6208K)->6091K(6208K) NonClass: 5610K(5696K)->5610K(5696K) Class: 481K(512K)->481K(512K)
[19.468s][info][gc          ] GC(71) Pause Young (Allocation Failure) 335M->230M(338M) 0.873ms
[19.468s][info][gc,cpu      ] GC(71) User=0.00s Sys=0.00s Real=0.00s
[19.605s][info][gc,start    ] GC(72) Pause Young (Allocation Failure)
[19.606s][info][gc,heap     ] GC(72) PSYoungGen: 104864K(104960K)->736K(102400K) Eden: 104448K(104448K)->0K(101376K) From: 416K(512K)->736K(1024K)
[19.606s][info][gc,heap     ] GC(72) ParOldGen: 235646K(241152K)->235646K(241152K)
[19.606s][info][gc,metaspace] GC(72) Metaspace: 6091K(6208K)->6091K(6208K) NonClass: 5610K(5696K)->5610K(5696K) Class: 481K(512K)->481K(512K)
[19.606s][info][gc          ] GC(72) Pause Young (Allocation Failure) 332M->230M(335M) 1.072ms
[19.606s][info][gc,cpu      ] GC(72) User=0.00s Sys=0.00s Real=0.00s
[19.741s][info][gc,start    ] GC(73) Pause Young (Allocation Failure)
[19.742s][info][gc,heap     ] GC(73) PSYoungGen: 102112K(102400K)->576K(99328K) Eden: 101376K(101376K)->0K(98304K) From: 736K(1024K)->576K(1024K)
[19.742s][info][gc,heap     ] GC(73) ParOldGen: 235646K(241152K)->235646K(241152K)
[19.742s][info][gc,metaspace] GC(73) Metaspace: 6091K(6208K)->6091K(6208K) NonClass: 5610K(5696K)->5610K(5696K) Class: 481K(512K)->481K(512K)
[19.742s][info][gc          ] GC(73) Pause Young (Allocation Failure) 329M->230M(332M) 1.013ms
[19.742s][info][gc,cpu      ] GC(73) User=0.00s Sys=0.00s Real=0.00s
[19.876s][info][gc,start    ] GC(74) Pause Young (Allocation Failure)
[19.877s][info][gc,heap     ] GC(74) PSYoungGen: 98880K(99328K)->704K(96768K) Eden: 98304K(98304K)->0K(95744K) From: 576K(1024K)->704K(1024K)
[19.877s][info][gc,heap     ] GC(74) ParOldGen: 235646K(241152K)->235646K(241152K)
[19.877s][info][gc,metaspace] GC(74) Metaspace: 6091K(6208K)->6091K(6208K) NonClass: 5610K(5696K)->5610K(5696K) Class: 481K(512K)->481K(512K)
[19.877s][info][gc          ] GC(74) Pause Young (Allocation Failure) 326M->230M(330M) 1.289ms
[19.877s][info][gc,cpu      ] GC(74) User=0.00s Sys=0.00s Real=0.00s
[20.011s][info][gc,start    ] GC(75) Pause Young (Allocation Failure)
[20.011s][info][gc,heap     ] GC(75) PSYoungGen: 96448K(96768K)->512K(93696K) Eden: 95744K(95744K)->0K(93184K) From: 704K(1024K)->512K(512K)
[20.011s][info][gc,heap     ] GC(75) ParOldGen: 235646K(241152K)->235726K(241152K)
[20.011s][info][gc,metaspace] GC(75) Metaspace: 6091K(6208K)->6091K(6208K) NonClass: 5610K(5696K)->5610K(5696K) Class: 481K(512K)->481K(512K)
[20.011s][info][gc          ] GC(75) Pause Young (Allocation Failure) 324M->230M(327M) 0.965ms
[20.011s][info][gc,cpu      ] GC(75) User=0.00s Sys=0.00s Real=0.00s
[20.139s][info][gc,start    ] GC(76) Pause Young (Allocation Failure)
[20.140s][info][gc,heap     ] GC(76) PSYoungGen: 93696K(93696K)->754K(91648K) Eden: 93184K(93184K)->0K(90624K) From: 512K(512K)->754K(1024K)
[20.140s][info][gc,heap     ] GC(76) ParOldGen: 235726K(241152K)->235726K(241152K)
[20.140s][info][gc,metaspace] GC(76) Metaspace: 6091K(6208K)->6091K(6208K) NonClass: 5610K(5696K)->5610K(5696K) Class: 481K(512K)->481K(512K)
[20.140s][info][gc          ] GC(76) Pause Young (Allocation Failure) 321M->230M(325M) 1.213ms
[20.140s][info][gc,cpu      ] GC(76) User=0.00s Sys=0.00s Real=0.00s
[20.265s][info][gc,start    ] GC(77) Pause Young (Allocation Failure)
[20.266s][info][gc,heap     ] GC(77) PSYoungGen: 91378K(91648K)->768K(89088K) Eden: 90624K(90624K)->0K(88064K) From: 754K(1024K)->768K(1024K)
[20.266s][info][gc,heap     ] GC(77) ParOldGen: 235726K(241152K)->235758K(241152K)
[20.266s][info][gc,metaspace] GC(77) Metaspace: 6091K(6208K)->6091K(6208K) NonClass: 5610K(5696K)->5610K(5696K) Class: 481K(512K)->481K(512K)
[20.266s][info][gc          ] GC(77) Pause Young (Allocation Failure) 319M->230M(322M) 1.244ms
[20.266s][info][gc,cpu      ] GC(77) User=0.00s Sys=0.00s Real=0.00s
[20.386s][info][gc,start    ] GC(78) Pause Young (Allocation Failure)
[20.387s][info][gc,heap     ] GC(78) PSYoungGen: 88832K(89088K)->672K(87040K) Eden: 88064K(88064K)->0K(86016K) From: 768K(1024K)->672K(1024K)
[20.387s][info][gc,heap     ] GC(78) ParOldGen: 235758K(241152K)->235758K(241152K)
[20.387s][info][gc,metaspace] GC(78) Metaspace: 6091K(6208K)->6091K(6208K) NonClass: 5610K(5696K)->5610K(5696K) Class: 481K(512K)->481K(512K)
[20.387s][info][gc          ] GC(78) Pause Young (Allocation Failure) 316M->230M(320M) 1.107ms
[20.387s][info][gc,cpu      ] GC(78) User=0.00s Sys=0.00s Real=0.00s
[20.506s][info][gc,start    ] GC(79) Pause Young (Allocation Failure)
[20.507s][info][gc,heap     ] GC(79) PSYoungGen: 86688K(87040K)->512K(278528K) Eden: 86016K(86016K)->0K(278016K) From: 672K(1024K)->512K(512K)
[20.507s][info][gc,heap     ] GC(79) ParOldGen: 235758K(241152K)->236006K(241152K)
[20.507s][info][gc,metaspace] GC(79) Metaspace: 6091K(6208K)->6091K(6208K) NonClass: 5610K(5696K)->5610K(5696K) Class: 481K(512K)->481K(512K)
[20.507s][info][gc          ] GC(79) Pause Young (Allocation Failure) 314M->230M(507M) 1.330ms
[20.507s][info][gc,cpu      ] GC(79) User=0.00s Sys=0.00s Real=0.00s
[20.897s][info][gc,start    ] GC(80) Pause Young (Allocation Failure)
[20.898s][info][gc,heap     ] GC(80) PSYoungGen: 278528K(278528K)->672K(268288K) Eden: 278016K(278016K)->0K(267264K) From: 512K(512K)->672K(1024K)
[20.898s][info][gc,heap     ] GC(80) ParOldGen: 236006K(241152K)->236006K(241152K)
[20.898s][info][gc,metaspace] GC(80) Metaspace: 6091K(6208K)->6091K(6208K) NonClass: 5610K(5696K)->5610K(5696K) Class: 481K(512K)->481K(512K)
[20.898s][info][gc          ] GC(80) Pause Young (Allocation Failure) 502M->231M(497M) 1.075ms
[20.898s][info][gc,cpu      ] GC(80) User=0.00s Sys=0.00s Real=0.00s
[21.327s][info][gc,start    ] GC(81) Pause Young (Allocation Failure)
[21.328s][info][gc,heap     ] GC(81) PSYoungGen: 267936K(268288K)->672K(258048K) Eden: 267264K(267264K)->0K(257024K) From: 672K(1024K)->672K(1024K)
[21.328s][info][gc,heap     ] GC(81) ParOldGen: 236006K(241152K)->236030K(241152K)
[21.328s][info][gc,metaspace] GC(81) Metaspace: 6091K(6208K)->6091K(6208K) NonClass: 5610K(5696K)->5610K(5696K) Class: 481K(512K)->481K(512K)
[21.328s][info][gc          ] GC(81) Pause Young (Allocation Failure) 492M->231M(487M) 1.074ms
[21.328s][info][gc,cpu      ] GC(81) User=0.00s Sys=0.00s Real=0.00s
[21.678s][info][gc,start    ] GC(82) Pause Young (Allocation Failure)
[21.679s][info][gc,heap     ] GC(82) PSYoungGen: 257696K(258048K)->768K(247808K) Eden: 257024K(257024K)->0K(246784K) From: 672K(1024K)->768K(1024K)
[21.679s][info][gc,heap     ] GC(82) ParOldGen: 236030K(241152K)->236030K(241152K)
[21.679s][info][gc,metaspace] GC(82) Metaspace: 6091K(6208K)->6091K(6208K) NonClass: 5610K(5696K)->5610K(5696K) Class: 481K(512K)->481K(512K)
[21.679s][info][gc          ] GC(82) Pause Young (Allocation Failure) 482M->231M(477M) 1.277ms
[21.679s][info][gc,cpu      ] GC(82) User=0.00s Sys=0.00s Real=0.00s
[22.000s][info][gc,start    ] GC(83) Pause Young (Allocation Failure)
[22.002s][info][gc,heap     ] GC(83) PSYoungGen: 247552K(247808K)->512K(237568K) Eden: 246784K(246784K)->0K(237056K) From: 768K(1024K)->512K(512K)
[22.002s][info][gc,heap     ] GC(83) ParOldGen: 236030K(241152K)->236230K(241152K)
[22.002s][info][gc,metaspace] GC(83) Metaspace: 6091K(6208K)->6091K(6208K) NonClass: 5610K(5696K)->5610K(5696K) Class: 481K(512K)->481K(512K)
[22.002s][info][gc          ] GC(83) Pause Young (Allocation Failure) 472M->231M(467M) 1.263ms
[22.002s][info][gc,cpu      ] GC(83) User=0.00s Sys=0.00s Real=0.01s
[22.324s][info][gc,start    ] GC(84) Pause Young (Allocation Failure)
[22.326s][info][gc,heap     ] GC(84) PSYoungGen: 237568K(237568K)->677K(228864K) Eden: 237056K(237056K)->0K(227840K) From: 512K(512K)->677K(1024K)
[22.326s][info][gc,heap     ] GC(84) ParOldGen: 236230K(241152K)->236230K(241152K)
[22.326s][info][gc,metaspace] GC(84) Metaspace: 6092K(6208K)->6092K(6208K) NonClass: 5611K(5696K)->5611K(5696K) Class: 481K(512K)->481K(512K)
[22.326s][info][gc          ] GC(84) Pause Young (Allocation Failure) 462M->231M(459M) 1.824ms
[22.326s][info][gc,cpu      ] GC(84) User=0.00s Sys=0.00s Real=0.00s
[22.658s][info][gc,start    ] GC(85) Pause Young (Allocation Failure)
[22.660s][info][gc,heap     ] GC(85) PSYoungGen: 228517K(228864K)->640K(220160K) Eden: 227840K(227840K)->0K(219136K) From: 677K(1024K)->640K(1024K)
[22.660s][info][gc,heap     ] GC(85) ParOldGen: 236230K(241152K)->236254K(241152K)
[22.660s][info][gc,metaspace] GC(85) Metaspace: 6092K(6208K)->6092K(6208K) NonClass: 5611K(5696K)->5611K(5696K) Class: 481K(512K)->481K(512K)
[22.660s][info][gc          ] GC(85) Pause Young (Allocation Failure) 453M->231M(450M) 2.101ms
[22.660s][info][gc,cpu      ] GC(85) User=0.00s Sys=0.00s Real=0.00s
[22.978s][info][gc,start    ] GC(86) Pause Young (Allocation Failure)
[22.979s][info][gc,heap     ] GC(86) PSYoungGen: 219776K(220160K)->626K(211968K) Eden: 219136K(219136K)->0K(210944K) From: 640K(1024K)->626K(1024K)
[22.979s][info][gc,heap     ] GC(86) ParOldGen: 236254K(241152K)->236254K(241152K)
[22.979s][info][gc,metaspace] GC(86) Metaspace: 6092K(6208K)->6092K(6208K) NonClass: 5611K(5696K)->5611K(5696K) Class: 481K(512K)->481K(512K)
[22.979s][info][gc          ] GC(86) Pause Young (Allocation Failure) 445M->231M(442M) 1.432ms
[22.979s][info][gc,cpu      ] GC(86) User=0.00s Sys=0.00s Real=0.00s
[23.285s][info][gc,start    ] GC(87) Pause Young (Allocation Failure)
[23.286s][info][gc,heap     ] GC(87) PSYoungGen: 211570K(211968K)->512K(203776K) Eden: 210944K(210944K)->0K(203264K) From: 626K(1024K)->512K(512K)
[23.286s][info][gc,heap     ] GC(87) ParOldGen: 236254K(241152K)->236494K(241152K)
[23.286s][info][gc,metaspace] GC(87) Metaspace: 6092K(6208K)->6092K(6208K) NonClass: 5611K(5696K)->5611K(5696K) Class: 481K(512K)->481K(512K)
[23.286s][info][gc          ] GC(87) Pause Young (Allocation Failure) 437M->231M(434M) 1.379ms
[23.286s][info][gc,cpu      ] GC(87) User=0.00s Sys=0.00s Real=0.00s
[23.602s][info][gc,start    ] GC(88) Pause Young (Allocation Failure)
[23.603s][info][gc,heap     ] GC(88) PSYoungGen: 203776K(203776K)->672K(196608K) Eden: 203264K(203264K)->0K(195584K) From: 512K(512K)->672K(1024K)
[23.603s][info][gc,heap     ] GC(88) ParOldGen: 236494K(241152K)->236494K(241152K)
[23.603s][info][gc,metaspace] GC(88) Metaspace: 6092K(6208K)->6092K(6208K) NonClass: 5611K(5696K)->5611K(5696K) Class: 481K(512K)->481K(512K)
[23.603s][info][gc          ] GC(88) Pause Young (Allocation Failure) 429M->231M(427M) 1.082ms
[23.603s][info][gc,cpu      ] GC(88) User=0.00s Sys=0.00s Real=0.00s
[23.912s][info][gc,start    ] GC(89) Pause Young (Allocation Failure)
[23.914s][info][gc,heap     ] GC(89) PSYoungGen: 196256K(196608K)->704K(189440K) Eden: 195584K(195584K)->0K(188416K) From: 672K(1024K)->704K(1024K)
[23.914s][info][gc,heap     ] GC(89) ParOldGen: 236494K(241152K)->236510K(241152K)
[23.914s][info][gc,metaspace] GC(89) Metaspace: 6092K(6208K)->6092K(6208K) NonClass: 5611K(5696K)->5611K(5696K) Class: 481K(512K)->481K(512K)
[23.914s][info][gc          ] GC(89) Pause Young (Allocation Failure) 422M->231M(420M) 1.242ms
[23.914s][info][gc,cpu      ] GC(89) User=0.00s Sys=0.00s Real=0.00s
[24.199s][info][gc,start    ] GC(90) Pause Young (Allocation Failure)
[24.201s][info][gc,heap     ] GC(90) PSYoungGen: 189120K(189440K)->736K(182784K) Eden: 188416K(188416K)->0K(181760K) From: 704K(1024K)->736K(1024K)
[24.201s][info][gc,heap     ] GC(90) ParOldGen: 236510K(241152K)->236510K(241152K)
[24.201s][info][gc,metaspace] GC(90) Metaspace: 6092K(6208K)->6092K(6208K) NonClass: 5611K(5696K)->5611K(5696K) Class: 481K(512K)->481K(512K)
[24.201s][info][gc          ] GC(90) Pause Young (Allocation Failure) 415M->231M(414M) 1.295ms
[24.201s][info][gc,cpu      ] GC(90) User=0.00s Sys=0.01s Real=0.01s
[24.461s][info][gc,start    ] GC(91) Pause Young (Allocation Failure)
[24.462s][info][gc,heap     ] GC(91) PSYoungGen: 182496K(182784K)->512K(175616K) Eden: 181760K(181760K)->0K(175104K) From: 736K(1024K)->512K(512K)
[24.462s][info][gc,heap     ] GC(91) ParOldGen: 236510K(241152K)->236702K(241152K)
[24.462s][info][gc,metaspace] GC(91) Metaspace: 6092K(6208K)->6092K(6208K) NonClass: 5611K(5696K)->5611K(5696K) Class: 481K(512K)->481K(512K)
[24.462s][info][gc          ] GC(91) Pause Young (Allocation Failure) 409M->231M(407M) 1.263ms
[24.462s][info][gc,cpu      ] GC(91) User=0.00s Sys=0.00s Real=0.00s
[24.721s][info][gc,start    ] GC(92) Pause Young (Allocation Failure)
[24.723s][info][gc,heap     ] GC(92) PSYoungGen: 175616K(175616K)->786K(169984K) Eden: 175104K(175104K)->0K(168960K) From: 512K(512K)->786K(1024K)
[24.723s][info][gc,heap     ] GC(92) ParOldGen: 236702K(241152K)->236702K(241152K)
[24.723s][info][gc,metaspace] GC(92) Metaspace: 6092K(6208K)->6092K(6208K) NonClass: 5611K(5696K)->5611K(5696K) Class: 481K(512K)->481K(512K)
[24.723s][info][gc          ] GC(92) Pause Young (Allocation Failure) 402M->231M(401M) 2.170ms
[24.723s][info][gc,cpu      ] GC(92) User=0.00s Sys=0.00s Real=0.00s
[24.975s][info][gc,start    ] GC(93) Pause Young (Allocation Failure)
[24.977s][info][gc,heap     ] GC(93) PSYoungGen: 169746K(169984K)->608K(164352K) Eden: 168960K(168960K)->0K(163328K) From: 786K(1024K)->608K(1024K)
[24.977s][info][gc,heap     ] GC(93) ParOldGen: 236702K(241152K)->236734K(241152K)
[24.977s][info][gc,metaspace] GC(93) Metaspace: 6092K(6208K)->6092K(6208K) NonClass: 5611K(5696K)->5611K(5696K) Class: 481K(512K)->481K(512K)
[24.977s][info][gc          ] GC(93) Pause Young (Allocation Failure) 396M->231M(396M) 1.995ms
[24.977s][info][gc,cpu      ] GC(93) User=0.00s Sys=0.00s Real=0.00s
[25.219s][info][gc,start    ] GC(94) Pause Young (Allocation Failure)
[25.221s][info][gc,heap     ] GC(94) PSYoungGen: 163936K(164352K)->626K(158720K) Eden: 163328K(163328K)->0K(157696K) From: 608K(1024K)->626K(1024K)
[25.221s][info][gc,heap     ] GC(94) ParOldGen: 236734K(241152K)->236734K(241152K)
[25.221s][info][gc,metaspace] GC(94) Metaspace: 6092K(6208K)->6092K(6208K) NonClass: 5611K(5696K)->5611K(5696K) Class: 481K(512K)->481K(512K)
[25.221s][info][gc          ] GC(94) Pause Young (Allocation Failure) 391M->231M(390M) 1.931ms
[25.221s][info][gc,cpu      ] GC(94) User=0.00s Sys=0.00s Real=0.01s
[25.451s][info][gc,start    ] GC(95) Pause Young (Allocation Failure)
[25.452s][info][gc,heap     ] GC(95) PSYoungGen: 158322K(158720K)->512K(153088K) Eden: 157696K(157696K)->0K(152576K) From: 626K(1024K)->512K(512K)
[25.452s][info][gc,heap     ] GC(95) ParOldGen: 236734K(241152K)->236926K(241152K)
[25.452s][info][gc,metaspace] GC(95) Metaspace: 6092K(6208K)->6092K(6208K) NonClass: 5611K(5696K)->5611K(5696K) Class: 481K(512K)->481K(512K)
[25.452s][info][gc          ] GC(95) Pause Young (Allocation Failure) 385M->231M(385M) 1.250ms
[25.452s][info][gc,cpu      ] GC(95) User=0.00s Sys=0.00s Real=0.00s
[25.680s][info][gc,start    ] GC(96) Pause Young (Allocation Failure)
[25.682s][info][gc,heap     ] GC(96) PSYoungGen: 153088K(153088K)->704K(148480K) Eden: 152576K(152576K)->0K(147456K) From: 512K(512K)->704K(1024K)
[25.682s][info][gc,heap     ] GC(96) ParOldGen: 236926K(241152K)->236926K(241152K)
[25.682s][info][gc,metaspace] GC(96) Metaspace: 6092K(6208K)->6092K(6208K) NonClass: 5611K(5696K)->5611K(5696K) Class: 481K(512K)->481K(512K)
[25.682s][info][gc          ] GC(96) Pause Young (Allocation Failure) 380M->232M(380M) 1.868ms
[25.682s][info][gc,cpu      ] GC(96) User=0.00s Sys=0.00s Real=0.01s
[25.919s][info][gc,start    ] GC(97) Pause Young (Allocation Failure)
[25.920s][info][gc,heap     ] GC(97) PSYoungGen: 148160K(148480K)->768K(143872K) Eden: 147456K(147456K)->0K(142848K) From: 704K(1024K)->768K(1024K)
[25.920s][info][gc,heap     ] GC(97) ParOldGen: 236926K(241152K)->236950K(241152K)
[25.920s][info][gc,metaspace] GC(97) Metaspace: 6092K(6208K)->6092K(6208K) NonClass: 5611K(5696K)->5611K(5696K) Class: 481K(512K)->481K(512K)
[25.920s][info][gc          ] GC(97) Pause Young (Allocation Failure) 376M->232M(376M) 1.495ms
[25.920s][info][gc,cpu      ] GC(97) User=0.00s Sys=0.00s Real=0.00s
[26.150s][info][gc,start    ] GC(98) Pause Young (Allocation Failure)
[26.151s][info][gc,heap     ] GC(98) PSYoungGen: 143616K(143872K)->704K(139264K) Eden: 142848K(142848K)->0K(138240K) From: 768K(1024K)->704K(1024K)
[26.151s][info][gc,heap     ] GC(98) ParOldGen: 236950K(241152K)->236950K(241152K)
[26.151s][info][gc,metaspace] GC(98) Metaspace: 6092K(6208K)->6092K(6208K) NonClass: 5611K(5696K)->5611K(5696K) Class: 481K(512K)->481K(512K)
[26.151s][info][gc          ] GC(98) Pause Young (Allocation Failure) 371M->232M(371M) 1.225ms
[26.151s][info][gc,cpu      ] GC(98) User=0.00s Sys=0.00s Real=0.01s
[26.369s][info][gc,start    ] GC(99) Pause Young (Allocation Failure)
[26.371s][info][gc,heap     ] GC(99) PSYoungGen: 138944K(139264K)->512K(134144K) Eden: 138240K(138240K)->0K(133632K) From: 704K(1024K)->512K(512K)
[26.371s][info][gc,heap     ] GC(99) ParOldGen: 236950K(241152K)->237110K(241152K)
[26.371s][info][gc,metaspace] GC(99) Metaspace: 6092K(6208K)->6092K(6208K) NonClass: 5611K(5696K)->5611K(5696K) Class: 481K(512K)->481K(512K)
[26.371s][info][gc          ] GC(99) Pause Young (Allocation Failure) 367M->232M(366M) 1.206ms
[26.371s][info][gc,cpu      ] GC(99) User=0.00s Sys=0.00s Real=0.01s
[26.584s][info][gc,start    ] GC(100) Pause Young (Allocation Failure)
[26.585s][info][gc,heap     ] GC(100) PSYoungGen: 134144K(134144K)->704K(130560K) Eden: 133632K(133632K)->0K(129536K) From: 512K(512K)->704K(1024K)
[26.585s][info][gc,heap     ] GC(100) ParOldGen: 237110K(241152K)->237110K(241152K)
[26.585s][info][gc,metaspace] GC(100) Metaspace: 6092K(6208K)->6092K(6208K) NonClass: 5611K(5696K)->5611K(5696K) Class: 481K(512K)->481K(512K)
[26.585s][info][gc          ] GC(100) Pause Young (Allocation Failure) 362M->232M(363M) 1.224ms
[26.585s][info][gc,cpu      ] GC(100) User=0.00s Sys=0.00s Real=0.00s
[26.801s][info][gc,start    ] GC(101) Pause Young (Allocation Failure)
[26.804s][info][gc,heap     ] GC(101) PSYoungGen: 130240K(130560K)->722K(126464K) Eden: 129536K(129536K)->0K(125440K) From: 704K(1024K)->722K(1024K)
[26.804s][info][gc,heap     ] GC(101) ParOldGen: 237110K(241152K)->237134K(241152K)
[26.804s][info][gc,metaspace] GC(101) Metaspace: 6092K(6208K)->6092K(6208K) NonClass: 5611K(5696K)->5611K(5696K) Class: 481K(512K)->481K(512K)
[26.804s][info][gc          ] GC(101) Pause Young (Allocation Failure) 358M->232M(359M) 2.668ms
[26.804s][info][gc,cpu      ] GC(101) User=0.00s Sys=0.00s Real=0.00s
[26.996s][info][gc,start    ] GC(102) Pause Young (Allocation Failure)
[26.997s][info][gc,heap     ] GC(102) PSYoungGen: 126162K(126464K)->768K(122368K) Eden: 125440K(125440K)->0K(121344K) From: 722K(1024K)->768K(1024K)
[26.997s][info][gc,heap     ] GC(102) ParOldGen: 237134K(241152K)->237134K(241152K)
[26.997s][info][gc,metaspace] GC(102) Metaspace: 6092K(6208K)->6092K(6208K) NonClass: 5611K(5696K)->5611K(5696K) Class: 481K(512K)->481K(512K)
[26.997s][info][gc          ] GC(102) Pause Young (Allocation Failure) 354M->232M(355M) 1.287ms
[26.997s][info][gc,cpu      ] GC(102) User=0.01s Sys=0.00s Real=0.00s
[27.200s][info][gc,start    ] GC(103) Pause Young (Allocation Failure)
[27.201s][info][gc,heap     ] GC(103) PSYoungGen: 122112K(122368K)->512K(118272K) Eden: 121344K(121344K)->0K(117760K) From: 768K(1024K)->512K(512K)
[27.201s][info][gc,heap     ] GC(103) ParOldGen: 237134K(241152K)->237326K(241152K)
[27.201s][info][gc,metaspace] GC(103) Metaspace: 6092K(6208K)->6092K(6208K) NonClass: 5611K(5696K)->5611K(5696K) Class: 481K(512K)->481K(512K)
[27.201s][info][gc          ] GC(103) Pause Young (Allocation Failure) 350M->232M(351M) 1.298ms
[27.201s][info][gc,cpu      ] GC(103) User=0.00s Sys=0.00s Real=0.01s
[27.386s][info][gc,start    ] GC(104) Pause Young (Allocation Failure)
[27.387s][info][gc,heap     ] GC(104) PSYoungGen: 118272K(118272K)->640K(115200K) Eden: 117760K(117760K)->0K(114176K) From: 512K(512K)->640K(1024K)
[27.387s][info][gc,heap     ] GC(104) ParOldGen: 237326K(241152K)->237326K(241152K)
[27.387s][info][gc,metaspace] GC(104) Metaspace: 6092K(6208K)->6092K(6208K) NonClass: 5611K(5696K)->5611K(5696K) Class: 481K(512K)->481K(512K)
[27.387s][info][gc          ] GC(104) Pause Young (Allocation Failure) 347M->232M(348M) 1.063ms
[27.387s][info][gc,cpu      ] GC(104) User=0.00s Sys=0.00s Real=0.00s
[27.560s][info][gc,start    ] GC(105) Pause Young (Allocation Failure)
[27.561s][info][gc,heap     ] GC(105) PSYoungGen: 114816K(115200K)->672K(111616K) Eden: 114176K(114176K)->0K(110592K) From: 640K(1024K)->672K(1024K)
[27.561s][info][gc,heap     ] GC(105) ParOldGen: 237326K(241152K)->237342K(241152K)
[27.561s][info][gc,metaspace] GC(105) Metaspace: 6092K(6208K)->6092K(6208K) NonClass: 5611K(5696K)->5611K(5696K) Class: 481K(512K)->481K(512K)
[27.561s][info][gc          ] GC(105) Pause Young (Allocation Failure) 343M->232M(344M) 1.116ms
[27.561s][info][gc,cpu      ] GC(105) User=0.01s Sys=0.00s Real=0.01s
[27.724s][info][gc,start    ] GC(106) Pause Young (Allocation Failure)
[27.725s][info][gc,heap     ] GC(106) PSYoungGen: 111264K(111616K)->672K(108544K) Eden: 110592K(110592K)->0K(107520K) From: 672K(1024K)->672K(1024K)
[27.725s][info][gc,heap     ] GC(106) ParOldGen: 237342K(241152K)->237342K(241152K)
[27.725s][info][gc,metaspace] GC(106) Metaspace: 6092K(6208K)->6092K(6208K) NonClass: 5611K(5696K)->5611K(5696K) Class: 481K(512K)->481K(512K)
[27.725s][info][gc          ] GC(106) Pause Young (Allocation Failure) 340M->232M(341M) 1.082ms
[27.725s][info][gc,cpu      ] GC(106) User=0.00s Sys=0.00s Real=0.00s
[27.890s][info][gc,start    ] GC(107) Pause Young (Allocation Failure)
[27.891s][info][gc,heap     ] GC(107) PSYoungGen: 108192K(108544K)->512K(104960K) Eden: 107520K(107520K)->0K(104448K) From: 672K(1024K)->512K(512K)
[27.891s][info][gc,heap     ] GC(107) ParOldGen: 237342K(241152K)->237582K(241152K)
[27.891s][info][gc,metaspace] GC(107) Metaspace: 6092K(6208K)->6092K(6208K) NonClass: 5611K(5696K)->5611K(5696K) Class: 481K(512K)->481K(512K)
[27.891s][info][gc          ] GC(107) Pause Young (Allocation Failure) 337M->232M(338M) 1.326ms
[27.891s][info][gc,cpu      ] GC(107) User=0.00s Sys=0.00s Real=0.01s
[28.039s][info][gc,start    ] GC(108) Pause Young (Allocation Failure)
[28.040s][info][gc,heap     ] GC(108) PSYoungGen: 104960K(104960K)->640K(102400K) Eden: 104448K(104448K)->0K(101376K) From: 512K(512K)->640K(1024K)
[28.040s][info][gc,heap     ] GC(108) ParOldGen: 237582K(241152K)->237582K(241152K)
[28.040s][info][gc,metaspace] GC(108) Metaspace: 6092K(6208K)->6092K(6208K) NonClass: 5611K(5696K)->5611K(5696K) Class: 481K(512K)->481K(512K)
[28.040s][info][gc          ] GC(108) Pause Young (Allocation Failure) 334M->232M(335M) 1.005ms
[28.041s][info][gc,cpu      ] GC(108) User=0.00s Sys=0.00s Real=0.01s
[28.181s][info][gc,start    ] GC(109) Pause Young (Allocation Failure)
[28.182s][info][gc,heap     ] GC(109) PSYoungGen: 102016K(102400K)->640K(99328K) Eden: 101376K(101376K)->0K(98304K) From: 640K(1024K)->640K(1024K)
[28.182s][info][gc,heap     ] GC(109) ParOldGen: 237582K(241152K)->237606K(241152K)
[28.182s][info][gc,metaspace] GC(109) Metaspace: 6092K(6208K)->6092K(6208K) NonClass: 5611K(5696K)->5611K(5696K) Class: 481K(512K)->481K(512K)
[28.182s][info][gc          ] GC(109) Pause Young (Allocation Failure) 331M->232M(332M) 1.080ms
[28.182s][info][gc,cpu      ] GC(109) User=0.00s Sys=0.00s Real=0.00s
[28.319s][info][gc,start    ] GC(110) Pause Young (Allocation Failure)
[28.321s][info][gc,heap     ] GC(110) PSYoungGen: 98944K(99328K)->626K(96768K) Eden: 98304K(98304K)->0K(95744K) From: 640K(1024K)->626K(1024K)
[28.321s][info][gc,heap     ] GC(110) ParOldGen: 237606K(241152K)->237606K(241152K)
[28.321s][info][gc,metaspace] GC(110) Metaspace: 6092K(6208K)->6092K(6208K) NonClass: 5611K(5696K)->5611K(5696K) Class: 481K(512K)->481K(512K)
[28.321s][info][gc          ] GC(110) Pause Young (Allocation Failure) 328M->232M(330M) 2.398ms
[28.321s][info][gc,cpu      ] GC(110) User=0.00s Sys=0.00s Real=0.01s
[28.454s][info][gc,start    ] GC(111) Pause Young (Allocation Failure)
[28.456s][info][gc,heap     ] GC(111) PSYoungGen: 96370K(96768K)->512K(93696K) Eden: 95744K(95744K)->0K(93184K) From: 626K(1024K)->512K(512K)
[28.456s][info][gc,heap     ] GC(111) ParOldGen: 237606K(241152K)->237782K(241152K)
[28.456s][info][gc,metaspace] GC(111) Metaspace: 6092K(6208K)->6092K(6208K) NonClass: 5611K(5696K)->5611K(5696K) Class: 481K(512K)->481K(512K)
[28.456s][info][gc          ] GC(111) Pause Young (Allocation Failure) 326M->232M(327M) 1.364ms
[28.456s][info][gc,cpu      ] GC(111) User=0.00s Sys=0.00s Real=0.00s
[28.587s][info][gc,start    ] GC(112) Pause Young (Allocation Failure)
[28.589s][info][gc,heap     ] GC(112) PSYoungGen: 93696K(93696K)->736K(91648K) Eden: 93184K(93184K)->0K(90624K) From: 512K(512K)->736K(1024K)
[28.589s][info][gc,heap     ] GC(112) ParOldGen: 237782K(241152K)->237782K(241152K)
[28.589s][info][gc,metaspace] GC(112) Metaspace: 6092K(6208K)->6092K(6208K) NonClass: 5611K(5696K)->5611K(5696K) Class: 481K(512K)->481K(512K)
[28.589s][info][gc          ] GC(112) Pause Young (Allocation Failure) 323M->232M(325M) 1.213ms
[28.589s][info][gc,cpu      ] GC(112) User=0.00s Sys=0.00s Real=0.00s
[28.708s][info][gc,start    ] GC(113) Pause Young (Allocation Failure)
[28.709s][info][gc,heap     ] GC(113) PSYoungGen: 91360K(91648K)->640K(89088K) Eden: 90624K(90624K)->0K(88064K) From: 736K(1024K)->640K(1024K)
[28.709s][info][gc,heap     ] GC(113) ParOldGen: 237782K(241152K)->237798K(241152K)
[28.709s][info][gc,metaspace] GC(113) Metaspace: 6092K(6208K)->6092K(6208K) NonClass: 5611K(5696K)->5611K(5696K) Class: 481K(512K)->481K(512K)
[28.709s][info][gc          ] GC(113) Pause Young (Allocation Failure) 321M->232M(322M) 1.032ms
[28.709s][info][gc,cpu      ] GC(113) User=0.00s Sys=0.00s Real=0.00s
[28.828s][info][gc,start    ] GC(114) Pause Young (Allocation Failure)
[28.829s][info][gc,heap     ] GC(114) PSYoungGen: 88704K(89088K)->736K(87040K) Eden: 88064K(88064K)->0K(86016K) From: 640K(1024K)->736K(1024K)
[28.829s][info][gc,heap     ] GC(114) ParOldGen: 237798K(241152K)->237798K(241152K)
[28.829s][info][gc,metaspace] GC(114) Metaspace: 6092K(6208K)->6092K(6208K) NonClass: 5611K(5696K)->5611K(5696K) Class: 481K(512K)->481K(512K)
[28.829s][info][gc          ] GC(114) Pause Young (Allocation Failure) 318M->232M(320M) 1.248ms
[28.829s][info][gc,cpu      ] GC(114) User=0.00s Sys=0.00s Real=0.00s
[28.938s][info][gc,start    ] GC(115) Pause Young (Allocation Failure)
[28.940s][info][gc,heap     ] GC(115) PSYoungGen: 86752K(87040K)->498K(103936K) Eden: 86016K(86016K)->0K(103424K) From: 736K(1024K)->498K(512K)
[28.940s][info][gc,heap     ] GC(115) ParOldGen: 237798K(241152K)->238006K(241152K)
[28.940s][info][gc,metaspace] GC(115) Metaspace: 6092K(6208K)->6092K(6208K) NonClass: 5611K(5696K)->5611K(5696K) Class: 481K(512K)->481K(512K)
[28.940s][info][gc          ] GC(115) Pause Young (Allocation Failure) 316M->232M(337M) 2.262ms
[28.940s][info][gc,cpu      ] GC(115) User=0.00s Sys=0.00s Real=0.00s
[29.078s][info][gc,start    ] GC(116) Pause Young (Allocation Failure)
[29.080s][info][gc,heap     ] GC(116) PSYoungGen: 103922K(103936K)->736K(125440K) Eden: 103424K(103424K)->0K(124416K) From: 498K(512K)->736K(1024K)
[29.080s][info][gc,heap     ] GC(116) ParOldGen: 238006K(241152K)->238006K(241152K)
[29.080s][info][gc,metaspace] GC(116) Metaspace: 6092K(6208K)->6092K(6208K) NonClass: 5611K(5696K)->5611K(5696K) Class: 481K(512K)->481K(512K)
[29.080s][info][gc          ] GC(116) Pause Young (Allocation Failure) 333M->233M(358M) 2.268ms
[29.080s][info][gc,cpu      ] GC(116) User=0.00s Sys=0.00s Real=0.00s
[29.255s][info][gc,start    ] GC(117) Pause Young (Allocation Failure)
[29.257s][info][gc,heap     ] GC(117) PSYoungGen: 125152K(125440K)->736K(150528K) Eden: 124416K(124416K)->0K(149504K) From: 736K(1024K)->736K(1024K)
[29.257s][info][gc,heap     ] GC(117) ParOldGen: 238006K(241152K)->238094K(241152K)
[29.257s][info][gc,metaspace] GC(117) Metaspace: 6092K(6208K)->6092K(6208K) NonClass: 5611K(5696K)->5611K(5696K) Class: 481K(512K)->481K(512K)
[29.257s][info][gc          ] GC(117) Pause Young (Allocation Failure) 354M->233M(382M) 2.524ms
[29.257s][info][gc,cpu      ] GC(117) User=0.00s Sys=0.00s Real=0.00s
[29.468s][info][gc,start    ] GC(118) Pause Young (Allocation Failure)
[29.470s][info][gc,heap     ] GC(118) PSYoungGen: 150240K(150528K)->626K(180736K) Eden: 149504K(149504K)->0K(179712K) From: 736K(1024K)->626K(1024K)
[29.470s][info][gc,heap     ] GC(118) ParOldGen: 238094K(241152K)->238094K(241152K)
[29.470s][info][gc,metaspace] GC(118) Metaspace: 6092K(6208K)->6092K(6208K) NonClass: 5611K(5696K)->5611K(5696K) Class: 481K(512K)->481K(512K)
[29.470s][info][gc          ] GC(118) Pause Young (Allocation Failure) 379M->233M(412M) 1.748ms
[29.470s][info][gc,cpu      ] GC(118) User=0.00s Sys=0.00s Real=0.00s
[29.723s][info][gc,start    ] GC(119) Pause Young (Allocation Failure)
[29.725s][info][gc,heap     ] GC(119) PSYoungGen: 180338K(180736K)->498K(216576K) Eden: 179712K(179712K)->0K(216064K) From: 626K(1024K)->498K(512K)
[29.725s][info][gc,heap     ] GC(119) ParOldGen: 238094K(241152K)->238190K(241152K)
[29.725s][info][gc,metaspace] GC(119) Metaspace: 6092K(6208K)->6092K(6208K) NonClass: 5611K(5696K)->5611K(5696K) Class: 481K(512K)->481K(512K)
[29.725s][info][gc          ] GC(119) Pause Young (Allocation Failure) 408M->233M(447M) 1.840ms
[29.725s][info][gc,cpu      ] GC(119) User=0.01s Sys=0.00s Real=0.00s
[30.034s][info][gc,start    ] GC(120) Pause Young (Allocation Failure)
[30.036s][info][gc,heap     ] GC(120) PSYoungGen: 216562K(216576K)->722K(208896K) Eden: 216064K(216064K)->0K(207872K) From: 498K(512K)->722K(1024K)
[30.036s][info][gc,heap     ] GC(120) ParOldGen: 238190K(241152K)->238190K(241152K)
[30.036s][info][gc,metaspace] GC(120) Metaspace: 6092K(6208K)->6092K(6208K) NonClass: 5611K(5696K)->5611K(5696K) Class: 481K(512K)->481K(512K)
[30.036s][info][gc          ] GC(120) Pause Young (Allocation Failure) 444M->233M(439M) 2.126ms
[30.036s][info][gc,cpu      ] GC(120) User=0.00s Sys=0.00s Real=0.00s
[30.330s][info][gc,start    ] GC(121) Pause Young (Allocation Failure)
[30.333s][info][gc,heap     ] GC(121) PSYoungGen: 208594K(208896K)->786K(201216K) Eden: 207872K(207872K)->0K(200192K) From: 722K(1024K)->786K(1024K)
[30.333s][info][gc,heap     ] GC(121) ParOldGen: 238190K(241152K)->238238K(241152K)
[30.333s][info][gc,metaspace] GC(121) Metaspace: 6092K(6208K)->6092K(6208K) NonClass: 5611K(5696K)->5611K(5696K) Class: 481K(512K)->481K(512K)
[30.333s][info][gc          ] GC(121) Pause Young (Allocation Failure) 436M->233M(432M) 2.423ms
[30.333s][info][gc,cpu      ] GC(121) User=0.00s Sys=0.00s Real=0.01s
[30.620s][info][gc,start    ] GC(122) Pause Young (Allocation Failure)
[30.623s][info][gc,heap     ] GC(122) PSYoungGen: 200978K(201216K)->754K(194048K) Eden: 200192K(200192K)->0K(193024K) From: 786K(1024K)->754K(1024K)
[30.623s][info][gc,heap     ] GC(122) ParOldGen: 238238K(241152K)->238238K(241152K)
[30.623s][info][gc,metaspace] GC(122) Metaspace: 6092K(6208K)->6092K(6208K) NonClass: 5611K(5696K)->5611K(5696K) Class: 481K(512K)->481K(512K)
[30.623s][info][gc          ] GC(122) Pause Young (Allocation Failure) 428M->233M(425M) 2.317ms
[30.623s][info][gc,cpu      ] GC(122) User=0.00s Sys=0.00s Real=0.01s
[30.899s][info][gc,start    ] GC(123) Pause Young (Allocation Failure)
[30.900s][info][gc,heap     ] GC(123) PSYoungGen: 193778K(194048K)->512K(186368K) Eden: 193024K(193024K)->0K(185856K) From: 754K(1024K)->512K(512K)
[30.900s][info][gc,heap     ] GC(123) ParOldGen: 238238K(241152K)->238350K(241152K)
[30.900s][info][gc,metaspace] GC(123) Metaspace: 6092K(6208K)->6092K(6208K) NonClass: 5611K(5696K)->5611K(5696K) Class: 481K(512K)->481K(512K)
[30.900s][info][gc          ] GC(123) Pause Young (Allocation Failure) 421M->233M(417M) 1.125ms
[30.900s][info][gc,cpu      ] GC(123) User=0.00s Sys=0.00s Real=0.00s
[31.166s][info][gc,start    ] GC(124) Pause Young (Allocation Failure)
[31.167s][info][gc,heap     ] GC(124) PSYoungGen: 186368K(186368K)->754K(180224K) Eden: 185856K(185856K)->0K(179200K) From: 512K(512K)->754K(1024K)
[31.167s][info][gc,heap     ] GC(124) ParOldGen: 238350K(241152K)->238350K(241152K)
[31.167s][info][gc,metaspace] GC(124) Metaspace: 6092K(6208K)->6092K(6208K) NonClass: 5611K(5696K)->5611K(5696K) Class: 481K(512K)->481K(512K)
[31.167s][info][gc          ] GC(124) Pause Young (Allocation Failure) 414M->233M(411M) 1.158ms
[31.167s][info][gc,cpu      ] GC(124) User=0.00s Sys=0.00s Real=0.00s
[31.425s][info][gc,start    ] GC(125) Pause Young (Allocation Failure)
[31.426s][info][gc,heap     ] GC(125) PSYoungGen: 179954K(180224K)->672K(174080K) Eden: 179200K(179200K)->0K(173056K) From: 754K(1024K)->672K(1024K)
[31.426s][info][gc,heap     ] GC(125) ParOldGen: 238350K(241152K)->238390K(241152K)
[31.426s][info][gc,metaspace] GC(125) Metaspace: 6092K(6208K)->6092K(6208K) NonClass: 5611K(5696K)->5611K(5696K) Class: 481K(512K)->481K(512K)
[31.426s][info][gc          ] GC(125) Pause Young (Allocation Failure) 408M->233M(405M) 1.153ms
[31.426s][info][gc,cpu      ] GC(125) User=0.00s Sys=0.00s Real=0.00s
[31.666s][info][gc,start    ] GC(126) Pause Young (Allocation Failure)
[31.667s][info][gc,heap     ] GC(126) PSYoungGen: 173728K(174080K)->704K(167936K) Eden: 173056K(173056K)->0K(166912K) From: 672K(1024K)->704K(1024K)
[31.667s][info][gc,heap     ] GC(126) ParOldGen: 238390K(241152K)->238390K(241152K)
[31.668s][info][gc,metaspace] GC(126) Metaspace: 6092K(6208K)->6092K(6208K) NonClass: 5611K(5696K)->5611K(5696K) Class: 481K(512K)->481K(512K)
[31.668s][info][gc          ] GC(126) Pause Young (Allocation Failure) 402M->233M(399M) 1.223ms
[31.668s][info][gc,cpu      ] GC(126) User=0.00s Sys=0.00s Real=0.00s
[31.898s][info][gc,start    ] GC(127) Pause Young (Allocation Failure)
[31.899s][info][gc,heap     ] GC(127) PSYoungGen: 167616K(167936K)->512K(161792K) Eden: 166912K(166912K)->0K(161280K) From: 704K(1024K)->512K(512K)
[31.899s][info][gc,heap     ] GC(127) ParOldGen: 238390K(241152K)->238542K(241152K)
[31.899s][info][gc,metaspace] GC(127) Metaspace: 6092K(6208K)->6092K(6208K) NonClass: 5611K(5696K)->5611K(5696K) Class: 481K(512K)->481K(512K)
[31.899s][info][gc          ] GC(127) Pause Young (Allocation Failure) 396M->233M(393M) 1.167ms
[31.899s][info][gc,cpu      ] GC(127) User=0.01s Sys=0.00s Real=0.00s
[32.117s][info][gc,start    ] GC(128) Pause Young (Allocation Failure)
[32.118s][info][gc,heap     ] GC(128) PSYoungGen: 161792K(161792K)->640K(156672K) Eden: 161280K(161280K)->0K(155648K) From: 512K(512K)->640K(1024K)
[32.118s][info][gc,heap     ] GC(128) ParOldGen: 238542K(241152K)->238542K(241152K)
[32.118s][info][gc,metaspace] GC(128) Metaspace: 6092K(6208K)->6092K(6208K) NonClass: 5611K(5696K)->5611K(5696K) Class: 481K(512K)->481K(512K)
[32.118s][info][gc          ] GC(128) Pause Young (Allocation Failure) 390M->233M(388M) 1.085ms
[32.118s][info][gc,cpu      ] GC(128) User=0.00s Sys=0.00s Real=0.00s
[32.326s][info][gc,start    ] GC(129) Pause Young (Allocation Failure)
[32.327s][info][gc,heap     ] GC(129) PSYoungGen: 156288K(156672K)->576K(151552K) Eden: 155648K(155648K)->0K(150528K) From: 640K(1024K)->576K(1024K)
[32.327s][info][gc,heap     ] GC(129) ParOldGen: 238542K(241152K)->238566K(241152K)
[32.327s][info][gc,metaspace] GC(129) Metaspace: 6092K(6208K)->6092K(6208K) NonClass: 5611K(5696K)->5611K(5696K) Class: 481K(512K)->481K(512K)
[32.327s][info][gc          ] GC(129) Pause Young (Allocation Failure) 385M->233M(383M) 1.075ms
[32.327s][info][gc,cpu      ] GC(129) User=0.00s Sys=0.00s Real=0.00s
[32.527s][info][gc,start    ] GC(130) Pause Young (Allocation Failure)
[32.529s][info][gc,heap     ] GC(130) PSYoungGen: 151104K(151552K)->722K(146432K) Eden: 150528K(150528K)->0K(145408K) From: 576K(1024K)->722K(1024K)
[32.529s][info][gc,heap     ] GC(130) ParOldGen: 238566K(241152K)->238566K(241152K)
[32.529s][info][gc,metaspace] GC(130) Metaspace: 6092K(6208K)->6092K(6208K) NonClass: 5611K(5696K)->5611K(5696K) Class: 481K(512K)->481K(512K)
[32.529s][info][gc          ] GC(130) Pause Young (Allocation Failure) 380M->233M(378M) 2.263ms
[32.529s][info][gc,cpu      ] GC(130) User=0.00s Sys=0.00s Real=0.00s
[32.719s][info][gc,start    ] GC(131) Pause Young (Allocation Failure)
[32.720s][info][gc,heap     ] GC(131) PSYoungGen: 146130K(146432K)->512K(141312K) Eden: 145408K(145408K)->0K(140800K) From: 722K(1024K)->512K(512K)
[32.720s][info][gc,heap     ] GC(131) ParOldGen: 238566K(241152K)->238678K(241152K)
[32.720s][info][gc,metaspace] GC(131) Metaspace: 6092K(6208K)->6092K(6208K) NonClass: 5611K(5696K)->5611K(5696K) Class: 481K(512K)->481K(512K)
[32.720s][info][gc          ] GC(131) Pause Young (Allocation Failure) 375M->233M(373M) 1.097ms
[32.720s][info][gc,cpu      ] GC(131) User=0.01s Sys=0.00s Real=0.00s
[32.902s][info][gc,start    ] GC(132) Pause Young (Allocation Failure)
[32.904s][info][gc,heap     ] GC(132) PSYoungGen: 141312K(141312K)->754K(137216K) Eden: 140800K(140800K)->0K(136192K) From: 512K(512K)->754K(1024K)
[32.904s][info][gc,heap     ] GC(132) ParOldGen: 238678K(241152K)->238678K(241152K)
[32.904s][info][gc,metaspace] GC(132) Metaspace: 6092K(6208K)->6092K(6208K) NonClass: 5611K(5696K)->5611K(5696K) Class: 481K(512K)->481K(512K)
[32.904s][info][gc          ] GC(132) Pause Young (Allocation Failure) 371M->233M(369M) 1.251ms
[32.904s][info][gc,cpu      ] GC(132) User=0.00s Sys=0.00s Real=0.00s
[33.085s][info][gc,start    ] GC(133) Pause Young (Allocation Failure)
[33.088s][info][gc,heap     ] GC(133) PSYoungGen: 136946K(137216K)->754K(133120K) Eden: 136192K(136192K)->0K(132096K) From: 754K(1024K)->754K(1024K)
[33.088s][info][gc,heap     ] GC(133) ParOldGen: 238678K(241152K)->238710K(241152K)
[33.088s][info][gc,metaspace] GC(133) Metaspace: 6092K(6208K)->6092K(6208K) NonClass: 5611K(5696K)->5611K(5696K) Class: 481K(512K)->481K(512K)
[33.088s][info][gc          ] GC(133) Pause Young (Allocation Failure) 366M->233M(365M) 2.352ms
[33.088s][info][gc,cpu      ] GC(133) User=0.00s Sys=0.01s Real=0.00s
[33.258s][info][gc,start    ] GC(134) Pause Young (Allocation Failure)
[33.260s][info][gc,heap     ] GC(134) PSYoungGen: 132850K(133120K)->786K(129024K) Eden: 132096K(132096K)->0K(128000K) From: 754K(1024K)->786K(1024K)
[33.260s][info][gc,heap     ] GC(134) ParOldGen: 238710K(241152K)->238710K(241152K)
[33.260s][info][gc,metaspace] GC(134) Metaspace: 6092K(6208K)->6092K(6208K) NonClass: 5611K(5696K)->5611K(5696K) Class: 481K(512K)->481K(512K)
[33.261s][info][gc          ] GC(134) Pause Young (Allocation Failure) 362M->233M(361M) 2.421ms
[33.261s][info][gc,cpu      ] GC(134) User=0.00s Sys=0.00s Real=0.01s
[33.433s][info][gc,start    ] GC(135) Pause Young (Allocation Failure)
[33.435s][info][gc,heap     ] GC(135) PSYoungGen: 128786K(129024K)->512K(124416K) Eden: 128000K(128000K)->0K(123904K) From: 786K(1024K)->512K(512K)
[33.435s][info][gc,heap     ] GC(135) ParOldGen: 238710K(241152K)->238990K(241152K)
[33.435s][info][gc,metaspace] GC(135) Metaspace: 6092K(6208K)->6092K(6208K) NonClass: 5611K(5696K)->5611K(5696K) Class: 481K(512K)->481K(512K)
[33.435s][info][gc          ] GC(135) Pause Young (Allocation Failure) 358M->233M(357M) 1.446ms
[33.435s][info][gc,cpu      ] GC(135) User=0.00s Sys=0.00s Real=0.00s
[33.644s][info][gc,start    ] GC(136) Pause Young (Allocation Failure)
[33.646s][info][gc,heap     ] GC(136) PSYoungGen: 124416K(124416K)->786K(121344K) Eden: 123904K(123904K)->0K(120320K) From: 512K(512K)->786K(1024K)
[33.646s][info][gc,heap     ] GC(136) ParOldGen: 238990K(241152K)->238990K(241152K)
[33.646s][info][gc,metaspace] GC(136) Metaspace: 6092K(6208K)->6092K(6208K) NonClass: 5611K(5696K)->5611K(5696K) Class: 481K(512K)->481K(512K)
[33.646s][info][gc          ] GC(136) Pause Young (Allocation Failure) 354M->234M(354M) 1.854ms
[33.646s][info][gc,cpu      ] GC(136) User=0.00s Sys=0.00s Real=0.00s
[33.904s][info][gc,start    ] GC(137) Pause Young (Allocation Failure)
[33.905s][info][gc,heap     ] GC(137) PSYoungGen: 121106K(121344K)->754K(117760K) Eden: 120320K(120320K)->0K(116736K) From: 786K(1024K)->754K(1024K)
[33.905s][info][gc,heap     ] GC(137) ParOldGen: 238990K(241152K)->239006K(241152K)
[33.905s][info][gc,metaspace] GC(137) Metaspace: 6092K(6208K)->6092K(6208K) NonClass: 5611K(5696K)->5611K(5696K) Class: 481K(512K)->481K(512K)
[33.906s][info][gc          ] GC(137) Pause Young (Allocation Failure) 351M->234M(350M) 1.959ms
[33.906s][info][gc,cpu      ] GC(137) User=0.00s Sys=0.00s Real=0.00s
[34.171s][info][gc,start    ] GC(138) Pause Young (Allocation Failure)
[34.173s][info][gc,heap     ] GC(138) PSYoungGen: 117490K(117760K)->736K(114176K) Eden: 116736K(116736K)->0K(113152K) From: 754K(1024K)->736K(1024K)
[34.173s][info][gc,heap     ] GC(138) ParOldGen: 239006K(241152K)->239006K(241152K)
[34.173s][info][gc,metaspace] GC(138) Metaspace: 6092K(6208K)->6092K(6208K) NonClass: 5611K(5696K)->5611K(5696K) Class: 481K(512K)->481K(512K)
[34.173s][info][gc          ] GC(138) Pause Young (Allocation Failure) 348M->234M(347M) 1.638ms
[34.173s][info][gc,cpu      ] GC(138) User=0.00s Sys=0.00s Real=0.00s
[34.439s][info][gc,start    ] GC(139) Pause Young (Allocation Failure)
[34.440s][info][gc,heap     ] GC(139) PSYoungGen: 113888K(114176K)->384K(110592K) Eden: 113152K(113152K)->0K(110080K) From: 736K(1024K)->384K(512K)
[34.441s][info][gc,heap     ] GC(139) ParOldGen: 239006K(241152K)->239336K(241152K)
[34.441s][info][gc,metaspace] GC(139) Metaspace: 6092K(6208K)->6092K(6208K) NonClass: 5611K(5696K)->5611K(5696K) Class: 481K(512K)->481K(512K)
[34.441s][info][gc          ] GC(139) Pause Young (Allocation Failure) 344M->234M(343M) 1.544ms
[34.441s][info][gc,cpu      ] GC(139) User=0.00s Sys=0.00s Real=0.01s
[34.585s][info][gc,start    ] GC(140) Pause Young (Allocation Failure)
[34.586s][info][gc,heap     ] GC(140) PSYoungGen: 110464K(110592K)->690K(108032K) Eden: 110080K(110080K)->0K(107008K) From: 384K(512K)->690K(1024K)
[34.586s][info][gc,heap     ] GC(140) ParOldGen: 239336K(241152K)->239416K(241152K)
[34.586s][info][gc,metaspace] GC(140) Metaspace: 6092K(6208K)->6092K(6208K) NonClass: 5611K(5696K)->5611K(5696K) Class: 481K(512K)->481K(512K)
[34.586s][info][gc          ] GC(140) Pause Young (Allocation Failure) 341M->234M(341M) 1.257ms
[34.586s][info][gc,cpu      ] GC(140) User=0.00s Sys=0.00s Real=0.00s
[34.724s][info][gc,start    ] GC(141) Pause Young (Allocation Failure)
[34.726s][info][gc,heap     ] GC(141) PSYoungGen: 107698K(108032K)->704K(104960K) Eden: 107008K(107008K)->0K(103936K) From: 690K(1024K)->704K(1024K)
[34.726s][info][gc,heap     ] GC(141) ParOldGen: 239416K(241152K)->239456K(241152K)
[34.726s][info][gc,metaspace] GC(141) Metaspace: 6092K(6208K)->6092K(6208K) NonClass: 5611K(5696K)->5611K(5696K) Class: 481K(512K)->481K(512K)
[34.726s][info][gc          ] GC(141) Pause Young (Allocation Failure) 338M->234M(338M) 1.239ms
[34.726s][info][gc,cpu      ] GC(141) User=0.00s Sys=0.00s Real=0.00s
[34.858s][info][gc,start    ] GC(142) Pause Young (Allocation Failure)
[34.859s][info][gc,heap     ] GC(142) PSYoungGen: 104640K(104960K)->736K(101888K) Eden: 103936K(103936K)->0K(100864K) From: 704K(1024K)->736K(1024K)
[34.859s][info][gc,heap     ] GC(142) ParOldGen: 239456K(241152K)->239456K(241152K)
[34.859s][info][gc,metaspace] GC(142) Metaspace: 6092K(6208K)->6092K(6208K) NonClass: 5611K(5696K)->5611K(5696K) Class: 481K(512K)->481K(512K)
[34.859s][info][gc          ] GC(142) Pause Young (Allocation Failure) 336M->234M(335M) 1.274ms
[34.859s][info][gc,cpu      ] GC(142) User=0.00s Sys=0.00s Real=0.00s
[35.017s][info][gc,start    ] GC(143) Pause Young (Allocation Failure)
[35.019s][info][gc,heap     ] GC(143) PSYoungGen: 101600K(101888K)->498K(98816K) Eden: 100864K(100864K)->0K(98304K) From: 736K(1024K)->498K(512K)
[35.019s][info][gc,heap     ] GC(143) ParOldGen: 239456K(241152K)->239608K(241152K)
[35.019s][info][gc,metaspace] GC(143) Metaspace: 6092K(6208K)->6092K(6208K) NonClass: 5611K(5696K)->5611K(5696K) Class: 481K(512K)->481K(512K)
[35.019s][info][gc          ] GC(143) Pause Young (Allocation Failure) 333M->234M(332M) 1.746ms
[35.019s][info][gc,cpu      ] GC(143) User=0.01s Sys=0.00s Real=0.00s
[35.156s][info][gc,start    ] GC(144) Pause Young (Allocation Failure)
[35.157s][info][gc,heap     ] GC(144) PSYoungGen: 98802K(98816K)->741K(96768K) Eden: 98304K(98304K)->0K(95744K) From: 498K(512K)->741K(1024K)
[35.157s][info][gc,heap     ] GC(144) ParOldGen: 239608K(241152K)->239608K(241152K)
[35.157s][info][gc,metaspace] GC(144) Metaspace: 6092K(6208K)->6092K(6208K) NonClass: 5611K(5696K)->5611K(5696K) Class: 481K(512K)->481K(512K)
[35.157s][info][gc          ] GC(144) Pause Young (Allocation Failure) 330M->234M(330M) 1.160ms
[35.157s][info][gc,cpu      ] GC(144) User=0.00s Sys=0.00s Real=0.00s
[35.298s][info][gc,start    ] GC(145) Pause Young (Allocation Failure)
[35.299s][info][gc,heap     ] GC(145) PSYoungGen: 96485K(96768K)->736K(94208K) Eden: 95744K(95744K)->0K(93184K) From: 741K(1024K)->736K(1024K)
[35.299s][info][gc,heap     ] GC(145) ParOldGen: 239608K(241152K)->239664K(241152K)
[35.299s][info][gc,metaspace] GC(145) Metaspace: 6092K(6208K)->6092K(6208K) NonClass: 5611K(5696K)->5611K(5696K) Class: 481K(512K)->481K(512K)
[35.299s][info][gc          ] GC(145) Pause Young (Allocation Failure) 328M->234M(327M) 1.408ms
[35.299s][info][gc,cpu      ] GC(145) User=0.00s Sys=0.00s Real=0.00s
[35.458s][info][gc,start    ] GC(146) Pause Young (Allocation Failure)
[35.459s][info][gc,heap     ] GC(146) PSYoungGen: 93920K(94208K)->736K(91648K) Eden: 93184K(93184K)->0K(90624K) From: 736K(1024K)->736K(1024K)
[35.459s][info][gc,heap     ] GC(146) ParOldGen: 239664K(241152K)->239664K(241152K)
[35.459s][info][gc,metaspace] GC(146) Metaspace: 6092K(6208K)->6092K(6208K) NonClass: 5611K(5696K)->5611K(5696K) Class: 481K(512K)->481K(512K)
[35.459s][info][gc          ] GC(146) Pause Young (Allocation Failure) 325M->234M(325M) 1.401ms
[35.459s][info][gc,cpu      ] GC(146) User=0.00s Sys=0.00s Real=0.00s
[35.596s][info][gc,start    ] GC(147) Pause Young (Allocation Failure)
[35.598s][info][gc,heap     ] GC(147) PSYoungGen: 91360K(91648K)->498K(88576K) Eden: 90624K(90624K)->0K(88064K) From: 736K(1024K)->498K(512K)
[35.598s][info][gc,heap     ] GC(147) ParOldGen: 239664K(241152K)->239824K(241152K)
[35.598s][info][gc,metaspace] GC(147) Metaspace: 6092K(6208K)->6092K(6208K) NonClass: 5611K(5696K)->5611K(5696K) Class: 481K(512K)->481K(512K)
[35.598s][info][gc          ] GC(147) Pause Young (Allocation Failure) 323M->234M(322M) 2.110ms
[35.598s][info][gc,cpu      ] GC(147) User=0.00s Sys=0.00s Real=0.00s
[35.716s][info][gc,start    ] GC(148) Pause Young (Allocation Failure)
[35.718s][info][gc,heap     ] GC(148) PSYoungGen: 88562K(88576K)->773K(107008K) Eden: 88064K(88064K)->0K(105984K) From: 498K(512K)->773K(1024K)
[35.718s][info][gc,heap     ] GC(148) ParOldGen: 239824K(241152K)->239824K(241152K)
[35.718s][info][gc,metaspace] GC(148) Metaspace: 6092K(6208K)->6092K(6208K) NonClass: 5611K(5696K)->5611K(5696K) Class: 481K(512K)->481K(512K)
[35.718s][info][gc          ] GC(148) Pause Young (Allocation Failure) 320M->234M(340M) 2.408ms
[35.718s][info][gc,cpu      ] GC(148) User=0.00s Sys=0.00s Real=0.00s
[35.866s][info][gc,start    ] GC(149) Pause Young (Allocation Failure)
[35.867s][info][gc,heap     ] GC(149) PSYoungGen: 106757K(107008K)->704K(128512K) Eden: 105984K(105984K)->0K(127488K) From: 773K(1024K)->704K(1024K)
[35.867s][info][gc,heap     ] GC(149) ParOldGen: 239824K(241152K)->239888K(241152K)
[35.867s][info][gc,metaspace] GC(149) Metaspace: 6092K(6208K)->6092K(6208K) NonClass: 5611K(5696K)->5611K(5696K) Class: 481K(512K)->481K(512K)
[35.867s][info][gc          ] GC(149) Pause Young (Allocation Failure) 338M->234M(361M) 1.283ms
[35.867s][info][gc,cpu      ] GC(149) User=0.01s Sys=0.00s Real=0.00s
[36.042s][info][gc,start    ] GC(150) Pause Young (Allocation Failure)
[36.043s][info][gc,heap     ] GC(150) PSYoungGen: 128192K(128512K)->704K(124416K) Eden: 127488K(127488K)->0K(123392K) From: 704K(1024K)->704K(1024K)
[36.043s][info][gc,heap     ] GC(150) ParOldGen: 239888K(241152K)->239888K(241152K)
[36.043s][info][gc,metaspace] GC(150) Metaspace: 6092K(6208K)->6092K(6208K) NonClass: 5611K(5696K)->5611K(5696K) Class: 481K(512K)->481K(512K)
[36.043s][info][gc          ] GC(150) Pause Young (Allocation Failure) 359M->234M(357M) 1.307ms
[36.043s][info][gc,cpu      ] GC(150) User=0.00s Sys=0.00s Real=0.00s
[36.209s][info][gc,start    ] GC(151) Pause Young (Allocation Failure)
[36.211s][info][gc,heap     ] GC(151) PSYoungGen: 124096K(124416K)->512K(120320K) Eden: 123392K(123392K)->0K(119808K) From: 704K(1024K)->512K(512K)
[36.211s][info][gc,heap     ] GC(151) ParOldGen: 239888K(241152K)->240128K(241152K)
[36.211s][info][gc,metaspace] GC(151) Metaspace: 6092K(6208K)->6092K(6208K) NonClass: 5611K(5696K)->5611K(5696K) Class: 481K(512K)->481K(512K)
[36.211s][info][gc          ] GC(151) Pause Young (Allocation Failure) 355M->235M(353M) 1.446ms
[36.211s][info][gc,cpu      ] GC(151) User=0.01s Sys=0.00s Real=0.01s
[36.369s][info][gc,start    ] GC(152) Pause Young (Allocation Failure)
[36.370s][info][gc,heap     ] GC(152) PSYoungGen: 120320K(120320K)->736K(117248K) Eden: 119808K(119808K)->0K(116224K) From: 512K(512K)->736K(1024K)
[36.371s][info][gc,heap     ] GC(152) ParOldGen: 240128K(241152K)->240128K(241152K)
[36.371s][info][gc,metaspace] GC(152) Metaspace: 6092K(6208K)->6092K(6208K) NonClass: 5611K(5696K)->5611K(5696K) Class: 481K(512K)->481K(512K)
[36.371s][info][gc          ] GC(152) Pause Young (Allocation Failure) 352M->235M(350M) 1.288ms
[36.371s][info][gc,cpu      ] GC(152) User=0.01s Sys=0.00s Real=0.01s
[36.526s][info][gc,start    ] GC(153) Pause Young (Allocation Failure)
[36.528s][info][gc,heap     ] GC(153) PSYoungGen: 116960K(117248K)->416K(113152K) Eden: 116224K(116224K)->0K(112640K) From: 736K(1024K)->416K(512K)
[36.528s][info][gc,heap     ] GC(153) ParOldGen: 240128K(241152K)->240152K(241152K)
[36.528s][info][gc,metaspace] GC(153) Metaspace: 6092K(6208K)->6092K(6208K) NonClass: 5611K(5696K)->5611K(5696K) Class: 481K(512K)->481K(512K)
[36.528s][info][gc          ] GC(153) Pause Young (Allocation Failure) 348M->234M(346M) 1.252ms
[36.528s][info][gc,cpu      ] GC(153) User=0.01s Sys=0.00s Real=0.00s
[36.676s][info][gc,start    ] GC(154) Pause Young (Allocation Failure)
[36.677s][info][gc,heap     ] GC(154) PSYoungGen: 113056K(113152K)->736K(110592K) Eden: 112640K(112640K)->0K(109568K) From: 416K(512K)->736K(1024K)
[36.677s][info][gc,heap     ] GC(154) ParOldGen: 240152K(241152K)->240152K(241152K)
[36.677s][info][gc,metaspace] GC(154) Metaspace: 6092K(6208K)->6092K(6208K) NonClass: 5611K(5696K)->5611K(5696K) Class: 481K(512K)->481K(512K)
[36.677s][info][gc          ] GC(154) Pause Young (Allocation Failure) 344M->235M(343M) 1.200ms
[36.677s][info][gc,cpu      ] GC(154) User=0.00s Sys=0.00s Real=0.00s
[36.822s][info][gc,start    ] GC(155) Pause Young (Allocation Failure)
[36.823s][info][gc,heap     ] GC(155) PSYoungGen: 110304K(110592K)->640K(107520K) Eden: 109568K(109568K)->0K(106496K) From: 736K(1024K)->640K(1024K)
[36.823s][info][gc,heap     ] GC(155) ParOldGen: 240152K(241152K)->240152K(241152K)
[36.823s][info][gc,metaspace] GC(155) Metaspace: 6092K(6208K)->6092K(6208K) NonClass: 5611K(5696K)->5611K(5696K) Class: 481K(512K)->481K(512K)
[36.823s][info][gc          ] GC(155) Pause Young (Allocation Failure) 342M->235M(340M) 0.957ms
[36.823s][info][gc,cpu      ] GC(155) User=0.00s Sys=0.00s Real=0.00s
[36.972s][info][gc,start    ] GC(156) Pause Young (Allocation Failure)
[36.973s][info][gc,heap     ] GC(156) PSYoungGen: 107136K(107520K)->704K(104448K) Eden: 106496K(106496K)->0K(103424K) From: 640K(1024K)->704K(1024K)
[36.973s][info][gc,heap     ] GC(156) ParOldGen: 240152K(241152K)->240152K(241152K)
[36.973s][info][gc,metaspace] GC(156) Metaspace: 6092K(6208K)->6092K(6208K) NonClass: 5611K(5696K)->5611K(5696K) Class: 481K(512K)->481K(512K)
[36.973s][info][gc          ] GC(156) Pause Young (Allocation Failure) 339M->235M(337M) 1.208ms
[36.973s][info][gc,cpu      ] GC(156) User=0.00s Sys=0.00s Real=0.00s
[37.117s][info][gc,start    ] GC(157) Pause Young (Allocation Failure)
[37.118s][info][gc,heap     ] GC(157) PSYoungGen: 104128K(104448K)->512K(100864K) Eden: 103424K(103424K)->0K(100352K) From: 704K(1024K)->512K(512K)
[37.118s][info][gc,heap     ] GC(157) ParOldGen: 240152K(241152K)->240384K(241152K)
[37.118s][info][gc,metaspace] GC(157) Metaspace: 6092K(6208K)->6092K(6208K) NonClass: 5611K(5696K)->5611K(5696K) Class: 481K(512K)->481K(512K)
[37.118s][info][gc          ] GC(157) Pause Young (Allocation Failure) 336M->235M(334M) 1.316ms
[37.118s][info][gc,cpu      ] GC(157) User=0.00s Sys=0.00s Real=0.00s
[37.268s][info][gc,start    ] GC(158) Pause Young (Allocation Failure)
[37.268s][info][gc,heap     ] GC(158) PSYoungGen: 100864K(100864K)->466K(98816K) Eden: 100352K(100352K)->0K(97792K) From: 512K(512K)->466K(1024K)
[37.268s][info][gc,heap     ] GC(158) ParOldGen: 240384K(241152K)->240384K(241152K)
[37.268s][info][gc,metaspace] GC(158) Metaspace: 6092K(6208K)->6092K(6208K) NonClass: 5611K(5696K)->5611K(5696K) Class: 481K(512K)->481K(512K)
[37.268s][info][gc          ] GC(158) Pause Young (Allocation Failure) 333M->235M(332M) 0.970ms
[37.268s][info][gc,cpu      ] GC(158) User=0.00s Sys=0.00s Real=0.00s
[37.403s][info][gc,start    ] GC(159) Pause Young (Allocation Failure)
[37.403s][info][gc,heap     ] GC(159) PSYoungGen: 98258K(98816K)->608K(96256K) Eden: 97792K(97792K)->0K(95232K) From: 466K(1024K)->608K(1024K)
[37.404s][info][gc,heap     ] GC(159) ParOldGen: 240384K(241152K)->240408K(241152K)
[37.404s][info][gc,metaspace] GC(159) Metaspace: 6092K(6208K)->6092K(6208K) NonClass: 5611K(5696K)->5611K(5696K) Class: 481K(512K)->481K(512K)
[37.404s][info][gc          ] GC(159) Pause Young (Allocation Failure) 330M->235M(329M) 1.039ms
[37.404s][info][gc,cpu      ] GC(159) User=0.00s Sys=0.00s Real=0.00s
[37.548s][info][gc,start    ] GC(160) Pause Young (Allocation Failure)
[37.549s][info][gc,heap     ] GC(160) PSYoungGen: 95840K(96256K)->736K(93696K) Eden: 95232K(95232K)->0K(92672K) From: 608K(1024K)->736K(1024K)
[37.549s][info][gc,heap     ] GC(160) ParOldGen: 240408K(241152K)->240408K(241152K)
[37.549s][info][gc,metaspace] GC(160) Metaspace: 6092K(6208K)->6092K(6208K) NonClass: 5611K(5696K)->5611K(5696K) Class: 481K(512K)->481K(512K)
[37.549s][info][gc          ] GC(160) Pause Young (Allocation Failure) 328M->235M(327M) 1.285ms
[37.549s][info][gc,cpu      ] GC(160) User=0.00s Sys=0.00s Real=0.00s
[37.696s][info][gc,start    ] GC(161) Pause Young (Allocation Failure)
[37.697s][info][gc,heap     ] GC(161) PSYoungGen: 93408K(93696K)->512K(90624K) Eden: 92672K(92672K)->0K(90112K) From: 736K(1024K)->512K(512K)
[37.697s][info][gc,heap     ] GC(161) ParOldGen: 240408K(241152K)->240496K(241152K)
[37.697s][info][gc,metaspace] GC(161) Metaspace: 6092K(6208K)->6092K(6208K) NonClass: 5611K(5696K)->5611K(5696K) Class: 481K(512K)->481K(512K)
[37.697s][info][gc          ] GC(161) Pause Young (Allocation Failure) 325M->235M(324M) 0.984ms
[37.697s][info][gc,cpu      ] GC(161) User=0.00s Sys=0.00s Real=0.00s
[37.833s][info][gc,start    ] GC(162) Pause Young (Allocation Failure)
[37.835s][info][gc,heap     ] GC(162) PSYoungGen: 90624K(90624K)->832K(88576K) Eden: 90112K(90112K)->0K(87552K) From: 512K(512K)->832K(1024K)
[37.835s][info][gc,heap     ] GC(162) ParOldGen: 240496K(241152K)->240496K(241152K)
[37.835s][info][gc,metaspace] GC(162) Metaspace: 6092K(6208K)->6092K(6208K) NonClass: 5611K(5696K)->5611K(5696K) Class: 481K(512K)->481K(512K)
[37.835s][info][gc          ] GC(162) Pause Young (Allocation Failure) 323M->235M(322M) 1.373ms
[37.835s][info][gc,cpu      ] GC(162) User=0.00s Sys=0.00s Real=0.00s
[37.974s][info][gc,start    ] GC(163) Pause Young (Allocation Failure)
[37.975s][info][gc,heap     ] GC(163) PSYoungGen: 88384K(88576K)->736K(86528K) Eden: 87552K(87552K)->0K(85504K) From: 832K(1024K)->736K(1024K)
[37.975s][info][gc,heap     ] GC(163) ParOldGen: 240496K(241152K)->240528K(241152K)
[37.975s][info][gc,metaspace] GC(163) Metaspace: 6092K(6208K)->6092K(6208K) NonClass: 5611K(5696K)->5611K(5696K) Class: 481K(512K)->481K(512K)
[37.975s][info][gc          ] GC(163) Pause Young (Allocation Failure) 321M->235M(320M) 1.295ms
[37.975s][info][gc,cpu      ] GC(163) User=0.00s Sys=0.00s Real=0.00s
[38.117s][info][gc,start    ] GC(164) Pause Young (Allocation Failure)
[38.118s][info][gc,heap     ] GC(164) PSYoungGen: 86240K(86528K)->672K(268288K) Eden: 85504K(85504K)->0K(267264K) From: 736K(1024K)->672K(1024K)
[38.118s][info][gc,heap     ] GC(164) ParOldGen: 240528K(241152K)->240528K(241152K)
[38.118s][info][gc,metaspace] GC(164) Metaspace: 6092K(6208K)->6092K(6208K) NonClass: 5611K(5696K)->5611K(5696K) Class: 481K(512K)->481K(512K)
[38.118s][info][gc          ] GC(164) Pause Young (Allocation Failure) 319M->235M(497M) 1.045ms
[38.118s][info][gc,cpu      ] GC(164) User=0.00s Sys=0.00s Real=0.00s
[38.547s][info][gc,start    ] GC(165) Pause Young (Allocation Failure)
[38.548s][info][gc,heap     ] GC(165) PSYoungGen: 267936K(268288K)->512K(257536K) Eden: 267264K(267264K)->0K(257024K) From: 672K(1024K)->512K(512K)
[38.548s][info][gc,heap     ] GC(165) ParOldGen: 240528K(241152K)->240784K(241152K)
[38.548s][info][gc,metaspace] GC(165) Metaspace: 6092K(6208K)->6092K(6208K) NonClass: 5611K(5696K)->5611K(5696K) Class: 481K(512K)->481K(512K)
[38.548s][info][gc          ] GC(165) Pause Young (Allocation Failure) 496M->235M(487M) 1.414ms
[38.548s][info][gc,cpu      ] GC(165) User=0.00s Sys=0.00s Real=0.00s
[38.968s][info][gc,start    ] GC(166) Pause Young (Allocation Failure)
[38.969s][info][gc,heap     ] GC(166) PSYoungGen: 257536K(257536K)->736K(247808K) Eden: 257024K(257024K)->0K(246784K) From: 512K(512K)->736K(1024K)
[38.969s][info][gc,heap     ] GC(166) ParOldGen: 240784K(241152K)->240784K(241152K)
[38.969s][info][gc,metaspace] GC(166) Metaspace: 6092K(6208K)->6092K(6208K) NonClass: 5611K(5696K)->5611K(5696K) Class: 481K(512K)->481K(512K)
[38.969s][info][gc          ] GC(166) Pause Young (Allocation Failure) 486M->235M(477M) 1.287ms
[38.969s][info][gc,cpu      ] GC(166) User=0.01s Sys=0.00s Real=0.00s
[39.393s][info][gc,start    ] GC(167) Pause Young (Allocation Failure)
[39.394s][info][gc,heap     ] GC(167) PSYoungGen: 247520K(247808K)->704K(238080K) Eden: 246784K(246784K)->0K(237056K) From: 736K(1024K)->704K(1024K)
[39.394s][info][gc,heap     ] GC(167) ParOldGen: 240784K(241152K)->240808K(241152K)
[39.394s][info][gc,metaspace] GC(167) Metaspace: 6092K(6208K)->6092K(6208K) NonClass: 5611K(5696K)->5611K(5696K) Class: 481K(512K)->481K(512K)
[39.394s][info][gc          ] GC(167) Pause Young (Allocation Failure) 476M->235M(468M) 1.146ms
[39.394s][info][gc,cpu      ] GC(167) User=0.00s Sys=0.00s Real=0.00s
[39.842s][info][gc,start    ] GC(168) Pause Young (Allocation Failure)
[39.844s][info][gc,heap     ] GC(168) PSYoungGen: 237760K(238080K)->736K(228864K) Eden: 237056K(237056K)->0K(227840K) From: 704K(1024K)->736K(1024K)
[39.844s][info][gc,heap     ] GC(168) ParOldGen: 240808K(241152K)->240808K(241152K)
[39.844s][info][gc,metaspace] GC(168) Metaspace: 6092K(6208K)->6092K(6208K) NonClass: 5611K(5696K)->5611K(5696K) Class: 481K(512K)->481K(512K)
[39.844s][info][gc          ] GC(168) Pause Young (Allocation Failure) 467M->235M(459M) 1.598ms
[39.844s][info][gc,cpu      ] GC(168) User=0.00s Sys=0.00s Real=0.00s
[40.240s][info][gc,start    ] GC(169) Pause Young (Allocation Failure)
[40.242s][info][gc,heap     ] GC(169) PSYoungGen: 228576K(228864K)->512K(219648K) Eden: 227840K(227840K)->0K(219136K) From: 736K(1024K)->512K(512K)
[40.242s][info][gc,heap     ] GC(169) ParOldGen: 240808K(241152K)->241024K(241152K)
[40.242s][info][gc,metaspace] GC(169) Metaspace: 6092K(6208K)->6092K(6208K) NonClass: 5611K(5696K)->5611K(5696K) Class: 481K(512K)->481K(512K)
[40.242s][info][gc          ] GC(169) Pause Young (Allocation Failure) 458M->235M(450M) 1.366ms
[40.242s][info][gc,cpu      ] GC(169) User=0.00s Sys=0.00s Real=0.01s
[40.569s][info][gc,start    ] GC(170) Pause Young (Allocation Failure)
[40.570s][info][gc,heap     ] GC(170) PSYoungGen: 219648K(219648K)->704K(211968K) Eden: 219136K(219136K)->0K(210944K) From: 512K(512K)->704K(1024K)
[40.570s][info][gc,heap     ] GC(170) ParOldGen: 241024K(241152K)->241024K(241152K)
[40.570s][info][gc,metaspace] GC(170) Metaspace: 6092K(6208K)->6092K(6208K) NonClass: 5611K(5696K)->5611K(5696K) Class: 481K(512K)->481K(512K)
[40.570s][info][gc          ] GC(170) Pause Young (Allocation Failure) 449M->236M(442M) 1.203ms
[40.570s][info][gc,cpu      ] GC(170) User=0.00s Sys=0.00s Real=0.00s
[40.941s][info][gc,start    ] GC(171) Pause Young (Allocation Failure)
[40.943s][info][gc,heap     ] GC(171) PSYoungGen: 211648K(211968K)->800K(204288K) Eden: 210944K(210944K)->0K(203264K) From: 704K(1024K)->800K(1024K)
[40.943s][info][gc,heap     ] GC(171) ParOldGen: 241024K(241152K)->241048K(241152K)
[40.943s][info][gc,metaspace] GC(171) Metaspace: 6092K(6208K)->6092K(6208K) NonClass: 5611K(5696K)->5611K(5696K) Class: 481K(512K)->481K(512K)
[40.943s][info][gc          ] GC(171) Pause Young (Allocation Failure) 442M->236M(435M) 1.749ms
[40.943s][info][gc,cpu      ] GC(171) User=0.01s Sys=0.00s Real=0.00s
[41.378s][info][gc,start    ] GC(172) Pause Young (Allocation Failure)
[41.379s][info][gc,heap     ] GC(172) PSYoungGen: 204064K(204288K)->704K(196608K) Eden: 203264K(203264K)->0K(195584K) From: 800K(1024K)->704K(1024K)
[41.379s][info][gc,heap     ] GC(172) ParOldGen: 241048K(241152K)->241048K(241152K)
[41.379s][info][gc,metaspace] GC(172) Metaspace: 6092K(6208K)->6092K(6208K) NonClass: 5611K(5696K)->5611K(5696K) Class: 481K(512K)->481K(512K)
[41.379s][info][gc          ] GC(172) Pause Young (Allocation Failure) 434M->236M(427M) 1.380ms
[41.379s][info][gc,cpu      ] GC(172) User=0.00s Sys=0.00s Real=0.00s
[41.744s][info][gc,start    ] GC(173) Pause Young (Allocation Failure)
[41.745s][info][gc,heap     ] GC(173) PSYoungGen: 196288K(196608K)->512K(188928K) Eden: 195584K(195584K)->0K(188416K) From: 704K(1024K)->512K(512K)
[41.745s][info][gc,heap     ] GC(173) ParOldGen: 241048K(241152K)->241328K(241664K)
[41.745s][info][gc,metaspace] GC(173) Metaspace: 6092K(6208K)->6092K(6208K) NonClass: 5611K(5696K)->5611K(5696K) Class: 481K(512K)->481K(512K)
[41.745s][info][gc          ] GC(173) Pause Young (Allocation Failure) 427M->236M(420M) 1.427ms
[41.745s][info][gc,cpu      ] GC(173) User=0.00s Sys=0.00s Real=0.00s
[42.073s][info][gc,start    ] GC(174) Pause Young (Allocation Failure)
[42.074s][info][gc,heap     ] GC(174) PSYoungGen: 188928K(188928K)->704K(182784K) Eden: 188416K(188416K)->0K(181760K) From: 512K(512K)->704K(1024K)
[42.074s][info][gc,heap     ] GC(174) ParOldGen: 241328K(241664K)->241328K(241664K)
[42.074s][info][gc,metaspace] GC(174) Metaspace: 6092K(6208K)->6092K(6208K) NonClass: 5611K(5696K)->5611K(5696K) Class: 481K(512K)->481K(512K)
[42.074s][info][gc          ] GC(174) Pause Young (Allocation Failure) 420M->236M(414M) 1.176ms
[42.074s][info][gc,cpu      ] GC(174) User=0.00s Sys=0.00s Real=0.00s
[42.401s][info][gc,start    ] GC(175) Pause Young (Allocation Failure)
[42.402s][info][gc,heap     ] GC(175) PSYoungGen: 182464K(182784K)->736K(176128K) Eden: 181760K(181760K)->0K(175104K) From: 704K(1024K)->736K(1024K)
[42.402s][info][gc,heap     ] GC(175) ParOldGen: 241328K(241664K)->241344K(241664K)
[42.402s][info][gc,metaspace] GC(175) Metaspace: 6092K(6208K)->6092K(6208K) NonClass: 5611K(5696K)->5611K(5696K) Class: 481K(512K)->481K(512K)
[42.402s][info][gc          ] GC(175) Pause Young (Allocation Failure) 413M->236M(408M) 1.428ms
[42.402s][info][gc,cpu      ] GC(175) User=0.01s Sys=0.00s Real=0.00s
[42.705s][info][gc,start    ] GC(176) Pause Young (Allocation Failure)
[42.706s][info][gc,heap     ] GC(176) PSYoungGen: 175840K(176128K)->672K(169984K) Eden: 175104K(175104K)->0K(168960K) From: 736K(1024K)->672K(1024K)
[42.706s][info][gc,heap     ] GC(176) ParOldGen: 241344K(241664K)->241344K(241664K)
[42.706s][info][gc,metaspace] GC(176) Metaspace: 6092K(6208K)->6092K(6208K) NonClass: 5611K(5696K)->5611K(5696K) Class: 481K(512K)->481K(512K)
[42.706s][info][gc          ] GC(176) Pause Young (Allocation Failure) 407M->236M(402M) 1.148ms
[42.706s][info][gc,cpu      ] GC(176) User=0.00s Sys=0.00s Real=0.00s
[43.018s][info][gc,start    ] GC(177) Pause Young (Allocation Failure)
[43.019s][info][gc,heap     ] GC(177) PSYoungGen: 169632K(169984K)->448K(163840K) Eden: 168960K(168960K)->0K(163328K) From: 672K(1024K)->448K(512K)
[43.019s][info][gc,heap     ] GC(177) ParOldGen: 241344K(241664K)->241344K(241664K)
[43.019s][info][gc,metaspace] GC(177) Metaspace: 6092K(6208K)->6092K(6208K) NonClass: 5611K(5696K)->5611K(5696K) Class: 481K(512K)->481K(512K)
[43.019s][info][gc          ] GC(177) Pause Young (Allocation Failure) 401M->236M(396M) 0.875ms
[43.019s][info][gc,cpu      ] GC(177) User=0.00s Sys=0.00s Real=0.00s
[43.320s][info][gc,start    ] GC(178) Pause Young (Allocation Failure)
[43.321s][info][gc,heap     ] GC(178) PSYoungGen: 163776K(163840K)->672K(158720K) Eden: 163328K(163328K)->0K(157696K) From: 448K(512K)->672K(1024K)
[43.321s][info][gc,heap     ] GC(178) ParOldGen: 241344K(241664K)->241344K(241664K)
[43.321s][info][gc,metaspace] GC(178) Metaspace: 6092K(6208K)->6092K(6208K) NonClass: 5611K(5696K)->5611K(5696K) Class: 481K(512K)->481K(512K)
[43.321s][info][gc          ] GC(178) Pause Young (Allocation Failure) 395M->236M(391M) 1.110ms
[43.321s][info][gc,cpu      ] GC(178) User=0.00s Sys=0.00s Real=0.01s
[43.654s][info][gc,start    ] GC(179) Pause Young (Allocation Failure)
[43.655s][info][gc,heap     ] GC(179) PSYoungGen: 158368K(158720K)->704K(153600K) Eden: 157696K(157696K)->0K(152576K) From: 672K(1024K)->704K(1024K)
[43.655s][info][gc,heap     ] GC(179) ParOldGen: 241344K(241664K)->241344K(241664K)
[43.655s][info][gc,metaspace] GC(179) Metaspace: 6092K(6208K)->6092K(6208K) NonClass: 5611K(5696K)->5611K(5696K) Class: 481K(512K)->481K(512K)
[43.655s][info][gc          ] GC(179) Pause Young (Allocation Failure) 390M->236M(386M) 1.223ms
[43.655s][info][gc,cpu      ] GC(179) User=0.01s Sys=0.00s Real=0.00s
[43.957s][info][gc,start    ] GC(180) Pause Young (Allocation Failure)
[43.958s][info][gc,heap     ] GC(180) PSYoungGen: 153280K(153600K)->704K(148480K) Eden: 152576K(152576K)->0K(147456K) From: 704K(1024K)->704K(1024K)
[43.958s][info][gc,heap     ] GC(180) ParOldGen: 241344K(241664K)->241344K(241664K)
[43.958s][info][gc,metaspace] GC(180) Metaspace: 6092K(6208K)->6092K(6208K) NonClass: 5611K(5696K)->5611K(5696K) Class: 481K(512K)->481K(512K)
[43.958s][info][gc          ] GC(180) Pause Young (Allocation Failure) 385M->236M(381M) 1.203ms
[43.958s][info][gc,cpu      ] GC(180) User=0.00s Sys=0.00s Real=0.00s
[44.278s][info][gc,start    ] GC(181) Pause Young (Allocation Failure)
[44.279s][info][gc,heap     ] GC(181) PSYoungGen: 148160K(148480K)->512K(143360K) Eden: 147456K(147456K)->0K(142848K) From: 704K(1024K)->512K(512K)
[44.279s][info][gc,heap     ] GC(181) ParOldGen: 241344K(241664K)->241504K(241664K)
[44.279s][info][gc,metaspace] GC(181) Metaspace: 6092K(6208K)->6092K(6208K) NonClass: 5611K(5696K)->5611K(5696K) Class: 481K(512K)->481K(512K)
[44.279s][info][gc          ] GC(181) Pause Young (Allocation Failure) 380M->236M(376M) 1.281ms
[44.279s][info][gc,cpu      ] GC(181) User=0.00s Sys=0.00s Real=0.00s
[44.567s][info][gc,start    ] GC(182) Pause Young (Allocation Failure)
[44.568s][info][gc,heap     ] GC(182) PSYoungGen: 143360K(143360K)->704K(139264K) Eden: 142848K(142848K)->0K(138240K) From: 512K(512K)->704K(1024K)
[44.568s][info][gc,heap     ] GC(182) ParOldGen: 241504K(241664K)->241504K(241664K)
[44.568s][info][gc,metaspace] GC(182) Metaspace: 6092K(6208K)->6092K(6208K) NonClass: 5611K(5696K)->5611K(5696K) Class: 481K(512K)->481K(512K)
[44.569s][info][gc          ] GC(182) Pause Young (Allocation Failure) 375M->236M(372M) 1.131ms
[44.569s][info][gc,cpu      ] GC(182) User=0.00s Sys=0.00s Real=0.00s
[44.838s][info][gc,start    ] GC(183) Pause Young (Allocation Failure)
[44.839s][info][gc,heap     ] GC(183) PSYoungGen: 138944K(139264K)->704K(134656K) Eden: 138240K(138240K)->0K(133632K) From: 704K(1024K)->704K(1024K)
[44.839s][info][gc,heap     ] GC(183) ParOldGen: 241504K(241664K)->241528K(241664K)
[44.839s][info][gc,metaspace] GC(183) Metaspace: 6092K(6208K)->6092K(6208K) NonClass: 5611K(5696K)->5611K(5696K) Class: 481K(512K)->481K(512K)
[44.839s][info][gc          ] GC(183) Pause Young (Allocation Failure) 371M->236M(367M) 1.109ms
[44.839s][info][gc,cpu      ] GC(183) User=0.00s Sys=0.00s Real=0.00s
[45.123s][info][gc,start    ] GC(184) Pause Young (Allocation Failure)
[45.124s][info][gc,heap     ] GC(184) PSYoungGen: 134336K(134656K)->704K(130560K) Eden: 133632K(133632K)->0K(129536K) From: 704K(1024K)->704K(1024K)
[45.124s][info][gc,heap     ] GC(184) ParOldGen: 241528K(241664K)->241528K(241664K)
[45.124s][info][gc,metaspace] GC(184) Metaspace: 6092K(6208K)->6092K(6208K) NonClass: 5611K(5696K)->5611K(5696K) Class: 481K(512K)->481K(512K)
[45.124s][info][gc          ] GC(184) Pause Young (Allocation Failure) 367M->236M(363M) 1.195ms
[45.124s][info][gc,cpu      ] GC(184) User=0.00s Sys=0.00s Real=0.00s
[45.393s][info][gc,start    ] GC(185) Pause Young (Allocation Failure)
[45.394s][info][gc,heap     ] GC(185) PSYoungGen: 130240K(130560K)->480K(125952K) Eden: 129536K(129536K)->0K(125440K) From: 704K(1024K)->480K(512K)
[45.394s][info][gc,heap     ] GC(185) ParOldGen: 241528K(241664K)->241528K(241664K)
[45.394s][info][gc,metaspace] GC(185) Metaspace: 6092K(6208K)->6092K(6208K) NonClass: 5611K(5696K)->5611K(5696K) Class: 481K(512K)->481K(512K)
[45.394s][info][gc          ] GC(185) Pause Young (Allocation Failure) 363M->236M(359M) 1.120ms
[45.394s][info][gc,cpu      ] GC(185) User=0.00s Sys=0.00s Real=0.00s
[45.701s][info][gc,start    ] GC(186) Pause Young (Allocation Failure)
[45.703s][info][gc,heap     ] GC(186) PSYoungGen: 125920K(125952K)->320K(122368K) Eden: 125440K(125440K)->0K(121344K) From: 480K(512K)->320K(1024K)
[45.703s][info][gc,heap     ] GC(186) ParOldGen: 241528K(241664K)->241528K(241664K)
[45.703s][info][gc,metaspace] GC(186) Metaspace: 6092K(6208K)->6092K(6208K) NonClass: 5611K(5696K)->5611K(5696K) Class: 481K(512K)->481K(512K)
[45.703s][info][gc          ] GC(186) Pause Young (Allocation Failure) 358M->236M(355M) 1.414ms
[45.703s][info][gc,cpu      ] GC(186) User=0.00s Sys=0.00s Real=0.00s
[45.939s][info][gc,start    ] GC(187) Pause Young (Allocation Failure)
[45.940s][info][gc,heap     ] GC(187) PSYoungGen: 121664K(122368K)->640K(118784K) Eden: 121344K(121344K)->0K(117760K) From: 320K(1024K)->640K(1024K)
[45.940s][info][gc,heap     ] GC(187) ParOldGen: 241528K(241664K)->241528K(241664K)
[45.940s][info][gc,metaspace] GC(187) Metaspace: 6092K(6208K)->6092K(6208K) NonClass: 5611K(5696K)->5611K(5696K) Class: 481K(512K)->481K(512K)
[45.941s][info][gc          ] GC(187) Pause Young (Allocation Failure) 354M->236M(352M) 1.018ms
[45.941s][info][gc,cpu      ] GC(187) User=0.01s Sys=0.00s Real=0.01s
[46.167s][info][gc,start    ] GC(188) Pause Young (Allocation Failure)
[46.169s][info][gc,heap     ] GC(188) PSYoungGen: 118400K(118784K)->754K(115200K) Eden: 117760K(117760K)->0K(114176K) From: 640K(1024K)->754K(1024K)
[46.169s][info][gc,heap     ] GC(188) ParOldGen: 241528K(241664K)->241528K(241664K)
[46.169s][info][gc,metaspace] GC(188) Metaspace: 6092K(6208K)->6092K(6208K) NonClass: 5611K(5696K)->5611K(5696K) Class: 481K(512K)->481K(512K)
[46.169s][info][gc          ] GC(188) Pause Young (Allocation Failure) 351M->236M(348M) 2.699ms
[46.169s][info][gc,cpu      ] GC(188) User=0.01s Sys=0.00s Real=0.00s
[46.374s][info][gc,start    ] GC(189) Pause Young (Allocation Failure)
[46.376s][info][gc,heap     ] GC(189) PSYoungGen: 114930K(115200K)->498K(111104K) Eden: 114176K(114176K)->0K(110592K) From: 754K(1024K)->498K(512K)
[46.376s][info][gc,heap     ] GC(189) ParOldGen: 241528K(241664K)->241696K(242176K)
[46.376s][info][gc,metaspace] GC(189) Metaspace: 6092K(6208K)->6092K(6208K) NonClass: 5611K(5696K)->5611K(5696K) Class: 481K(512K)->481K(512K)
[46.376s][info][gc          ] GC(189) Pause Young (Allocation Failure) 348M->236M(345M) 2.219ms
[46.376s][info][gc,cpu      ] GC(189) User=0.00s Sys=0.00s Real=0.00s
[46.556s][info][gc,start    ] GC(190) Pause Young (Allocation Failure)
[46.558s][info][gc,heap     ] GC(190) PSYoungGen: 111090K(111104K)->837K(108544K) Eden: 110592K(110592K)->0K(107520K) From: 498K(512K)->837K(1024K)
[46.558s][info][gc,heap     ] GC(190) ParOldGen: 241696K(242176K)->241696K(242176K)
[46.558s][info][gc,metaspace] GC(190) Metaspace: 6092K(6208K)->6092K(6208K) NonClass: 5611K(5696K)->5611K(5696K) Class: 481K(512K)->481K(512K)
[46.558s][info][gc          ] GC(190) Pause Young (Allocation Failure) 344M->236M(342M) 2.673ms
[46.558s][info][gc,cpu      ] GC(190) User=0.00s Sys=0.00s Real=0.00s
[46.746s][info][gc,start    ] GC(191) Pause Young (Allocation Failure)
[46.749s][info][gc,heap     ] GC(191) PSYoungGen: 108357K(108544K)->786K(130048K) Eden: 107520K(107520K)->0K(129024K) From: 837K(1024K)->786K(1024K)
[46.749s][info][gc,heap     ] GC(191) ParOldGen: 241696K(242176K)->241760K(242176K)
[46.749s][info][gc,metaspace] GC(191) Metaspace: 6092K(6208K)->6092K(6208K) NonClass: 5611K(5696K)->5611K(5696K) Class: 481K(512K)->481K(512K)
[46.749s][info][gc          ] GC(191) Pause Young (Allocation Failure) 341M->236M(363M) 3.196ms
[46.749s][info][gc,cpu      ] GC(191) User=0.00s Sys=0.00s Real=0.00s
[46.990s][info][gc,start    ] GC(192) Pause Young (Allocation Failure)
[46.991s][info][gc,heap     ] GC(192) PSYoungGen: 129810K(130048K)->736K(125952K) Eden: 129024K(129024K)->0K(124928K) From: 786K(1024K)->736K(1024K)
[46.991s][info][gc,heap     ] GC(192) ParOldGen: 241760K(242176K)->241760K(242176K)
[46.991s][info][gc,metaspace] GC(192) Metaspace: 6092K(6208K)->6092K(6208K) NonClass: 5611K(5696K)->5611K(5696K) Class: 481K(512K)->481K(512K)
[46.991s][info][gc          ] GC(192) Pause Young (Allocation Failure) 362M->236M(359M) 1.331ms
[46.991s][info][gc,cpu      ] GC(192) User=0.00s Sys=0.00s Real=0.01s
[47.200s][info][gc,start    ] GC(193) Pause Young (Allocation Failure)
[47.201s][info][gc,heap     ] GC(193) PSYoungGen: 125664K(125952K)->512K(121344K) Eden: 124928K(124928K)->0K(120832K) From: 736K(1024K)->512K(512K)
[47.201s][info][gc,heap     ] GC(193) ParOldGen: 241760K(242176K)->241968K(242176K)
[47.201s][info][gc,metaspace] GC(193) Metaspace: 6092K(6208K)->6092K(6208K) NonClass: 5611K(5696K)->5611K(5696K) Class: 481K(512K)->481K(512K)
[47.201s][info][gc          ] GC(193) Pause Young (Allocation Failure) 358M->236M(355M) 1.435ms
[47.201s][info][gc,cpu      ] GC(193) User=0.01s Sys=0.00s Real=0.01s
[47.408s][info][gc,start    ] GC(194) Pause Young (Allocation Failure)
[47.409s][info][gc,heap     ] GC(194) PSYoungGen: 121344K(121344K)->736K(118272K) Eden: 120832K(120832K)->0K(117248K) From: 512K(512K)->736K(1024K)
[47.409s][info][gc,heap     ] GC(194) ParOldGen: 241968K(242176K)->241968K(242176K)
[47.409s][info][gc,metaspace] GC(194) Metaspace: 6092K(6208K)->6092K(6208K) NonClass: 5611K(5696K)->5611K(5696K) Class: 481K(512K)->481K(512K)
[47.409s][info][gc          ] GC(194) Pause Young (Allocation Failure) 354M->237M(352M) 1.319ms
[47.409s][info][gc,cpu      ] GC(194) User=0.00s Sys=0.00s Real=0.00s
[47.614s][info][gc,start    ] GC(195) Pause Young (Allocation Failure)
[47.615s][info][gc,heap     ] GC(195) PSYoungGen: 117984K(118272K)->736K(114688K) Eden: 117248K(117248K)->0K(113664K) From: 736K(1024K)->736K(1024K)
[47.615s][info][gc,heap     ] GC(195) ParOldGen: 241968K(242176K)->241992K(242176K)
[47.615s][info][gc,metaspace] GC(195) Metaspace: 6092K(6208K)->6092K(6208K) NonClass: 5611K(5696K)->5611K(5696K) Class: 481K(512K)->481K(512K)
[47.615s][info][gc          ] GC(195) Pause Young (Allocation Failure) 351M->237M(348M) 1.345ms
[47.615s][info][gc,cpu      ] GC(195) User=0.00s Sys=0.01s Real=0.00s
[47.805s][info][gc,start    ] GC(196) Pause Young (Allocation Failure)
[47.806s][info][gc,heap     ] GC(196) PSYoungGen: 114400K(114688K)->704K(111104K) Eden: 113664K(113664K)->0K(110080K) From: 736K(1024K)->704K(1024K)
[47.806s][info][gc,heap     ] GC(196) ParOldGen: 241992K(242176K)->241992K(242176K)
[47.806s][info][gc,metaspace] GC(196) Metaspace: 6092K(6208K)->6092K(6208K) NonClass: 5611K(5696K)->5611K(5696K) Class: 481K(512K)->481K(512K)
[47.806s][info][gc          ] GC(196) Pause Young (Allocation Failure) 348M->237M(345M) 1.224ms
[47.806s][info][gc,cpu      ] GC(196) User=0.00s Sys=0.00s Real=0.00s
[48.000s][info][gc,start    ] GC(197) Pause Young (Allocation Failure)
[48.001s][info][gc,heap     ] GC(197) PSYoungGen: 110784K(111104K)->512K(107520K) Eden: 110080K(110080K)->0K(107008K) From: 704K(1024K)->512K(512K)
[48.001s][info][gc,heap     ] GC(197) ParOldGen: 241992K(242176K)->242192K(242688K)
[48.001s][info][gc,metaspace] GC(197) Metaspace: 6092K(6208K)->6092K(6208K) NonClass: 5611K(5696K)->5611K(5696K) Class: 481K(512K)->481K(512K)
[48.001s][info][gc          ] GC(197) Pause Young (Allocation Failure) 344M->237M(342M) 1.420ms
[48.001s][info][gc,cpu      ] GC(197) User=0.01s Sys=0.00s Real=0.01s
[48.188s][info][gc,start    ] GC(198) Pause Young (Allocation Failure)
[48.189s][info][gc,heap     ] GC(198) PSYoungGen: 107520K(107520K)->722K(104960K) Eden: 107008K(107008K)->0K(103936K) From: 512K(512K)->722K(1024K)
[48.189s][info][gc,heap     ] GC(198) ParOldGen: 242192K(242688K)->242192K(242688K)
[48.189s][info][gc,metaspace] GC(198) Metaspace: 6092K(6208K)->6092K(6208K) NonClass: 5611K(5696K)->5611K(5696K) Class: 481K(512K)->481K(512K)
[48.190s][info][gc          ] GC(198) Pause Young (Allocation Failure) 341M->237M(339M) 1.266ms
[48.190s][info][gc,cpu      ] GC(198) User=0.00s Sys=0.00s Real=0.00s
[48.352s][info][gc,start    ] GC(199) Pause Young (Allocation Failure)
[48.353s][info][gc,heap     ] GC(199) PSYoungGen: 104658K(104960K)->736K(101888K) Eden: 103936K(103936K)->0K(100864K) From: 722K(1024K)->736K(1024K)
[48.354s][info][gc,heap     ] GC(199) ParOldGen: 242192K(242688K)->242224K(242688K)
[48.354s][info][gc,metaspace] GC(199) Metaspace: 6092K(6208K)->6092K(6208K) NonClass: 5611K(5696K)->5611K(5696K) Class: 481K(512K)->481K(512K)
[48.354s][info][gc          ] GC(199) Pause Young (Allocation Failure) 338M->237M(336M) 1.288ms
[48.354s][info][gc,cpu      ] GC(199) User=0.01s Sys=0.00s Real=0.00s
[48.520s][info][gc,start    ] GC(200) Pause Young (Allocation Failure)
[48.521s][info][gc,heap     ] GC(200) PSYoungGen: 101600K(101888K)->736K(99328K) Eden: 100864K(100864K)->0K(98304K) From: 736K(1024K)->736K(1024K)
[48.521s][info][gc,heap     ] GC(200) ParOldGen: 242224K(242688K)->242224K(242688K)
[48.521s][info][gc,metaspace] GC(200) Metaspace: 6092K(6208K)->6092K(6208K) NonClass: 5611K(5696K)->5611K(5696K) Class: 481K(512K)->481K(512K)
[48.521s][info][gc          ] GC(200) Pause Young (Allocation Failure) 335M->237M(334M) 1.256ms
[48.521s][info][gc,cpu      ] GC(200) User=0.00s Sys=0.00s Real=0.01s
[48.681s][info][gc,start    ] GC(201) Pause Young (Allocation Failure)
[48.683s][info][gc,heap     ] GC(201) PSYoungGen: 99040K(99328K)->512K(96256K) Eden: 98304K(98304K)->0K(95744K) From: 736K(1024K)->512K(512K)
[48.683s][info][gc,heap     ] GC(201) ParOldGen: 242224K(242688K)->242472K(242688K)
[48.683s][info][gc,metaspace] GC(201) Metaspace: 6092K(6208K)->6092K(6208K) NonClass: 5611K(5696K)->5611K(5696K) Class: 481K(512K)->481K(512K)
[48.683s][info][gc          ] GC(201) Pause Young (Allocation Failure) 333M->237M(331M) 1.487ms
[48.683s][info][gc,cpu      ] GC(201) User=0.00s Sys=0.00s Real=0.00s
[48.855s][info][gc,start    ] GC(202) Pause Young (Allocation Failure)
[48.857s][info][gc,heap     ] GC(202) PSYoungGen: 96256K(96256K)->800K(94208K) Eden: 95744K(95744K)->0K(93184K) From: 512K(512K)->800K(1024K)
[48.857s][info][gc,heap     ] GC(202) ParOldGen: 242472K(242688K)->242472K(242688K)
[48.857s][info][gc,metaspace] GC(202) Metaspace: 6092K(6208K)->6092K(6208K) NonClass: 5611K(5696K)->5611K(5696K) Class: 481K(512K)->481K(512K)
[48.857s][info][gc          ] GC(202) Pause Young (Allocation Failure) 330M->237M(329M) 1.701ms
[48.857s][info][gc,cpu      ] GC(202) User=0.01s Sys=0.00s Real=0.00s
[49.029s][info][gc,start    ] GC(203) Pause Young (Allocation Failure)
[49.031s][info][gc,heap     ] GC(203) PSYoungGen: 93984K(94208K)->608K(91648K) Eden: 93184K(93184K)->0K(90624K) From: 800K(1024K)->608K(1024K)
[49.031s][info][gc,heap     ] GC(203) ParOldGen: 242472K(242688K)->242496K(242688K)
[49.031s][info][gc,metaspace] GC(203) Metaspace: 6092K(6208K)->6092K(6208K) NonClass: 5611K(5696K)->5611K(5696K) Class: 481K(512K)->481K(512K)
[49.031s][info][gc          ] GC(203) Pause Young (Allocation Failure) 328M->237M(326M) 1.312ms
[49.031s][info][gc,cpu      ] GC(203) User=0.00s Sys=0.00s Real=0.01s
[49.204s][info][gc,start    ] GC(204) Pause Young (Allocation Failure)
[49.206s][info][gc,heap     ] GC(204) PSYoungGen: 91232K(91648K)->160K(88576K) Eden: 90624K(90624K)->0K(88064K) From: 608K(1024K)->160K(512K)
[49.206s][info][gc,heap     ] GC(204) ParOldGen: 242496K(242688K)->243109K(243200K)
[49.206s][info][gc,metaspace] GC(204) Metaspace: 6092K(6208K)->6092K(6208K) NonClass: 5611K(5696K)->5611K(5696K) Class: 481K(512K)->481K(512K)
[49.206s][info][gc          ] GC(204) Pause Young (Allocation Failure) 325M->237M(324M) 2.030ms
[49.206s][info][gc,cpu      ] GC(204) User=0.01s Sys=0.00s Real=0.00s
[49.371s][info][gc,start    ] GC(205) Pause Young (Allocation Failure)
[49.373s][info][gc,heap     ] GC(205) PSYoungGen: 88224K(88576K)->786K(87040K) Eden: 88064K(88064K)->0K(86016K) From: 160K(512K)->786K(1024K)
[49.373s][info][gc,heap     ] GC(205) ParOldGen: 243109K(243200K)->243253K(243712K)
[49.373s][info][gc,metaspace] GC(205) Metaspace: 6092K(6208K)->6092K(6208K) NonClass: 5611K(5696K)->5611K(5696K) Class: 481K(512K)->481K(512K)
[49.373s][info][gc          ] GC(205) Pause Young (Allocation Failure) 323M->238M(323M) 1.814ms
[49.373s][info][gc,cpu      ] GC(205) User=0.01s Sys=0.00s Real=0.00s
[49.551s][info][gc,start    ] GC(206) Pause Young (Allocation Failure)
[49.553s][info][gc,heap     ] GC(206) PSYoungGen: 86802K(87040K)->672K(262656K) Eden: 86016K(86016K)->0K(261632K) From: 786K(1024K)->672K(1024K)
[49.553s][info][gc,heap     ] GC(206) ParOldGen: 243253K(243712K)->243365K(243712K)
[49.553s][info][gc,metaspace] GC(206) Metaspace: 6092K(6208K)->6092K(6208K) NonClass: 5611K(5696K)->5611K(5696K) Class: 481K(512K)->481K(512K)
[49.553s][info][gc          ] GC(206) Pause Young (Allocation Failure) 322M->238M(494M) 1.620ms
[49.553s][info][gc,cpu      ] GC(206) User=0.00s Sys=0.00s Real=0.00s
[50.110s][info][gc,start    ] GC(207) Pause Young (Allocation Failure)
[50.111s][info][gc,heap     ] GC(207) PSYoungGen: 262304K(262656K)->512K(251904K) Eden: 261632K(261632K)->0K(251392K) From: 672K(1024K)->512K(512K)
[50.111s][info][gc,heap     ] GC(207) ParOldGen: 243365K(243712K)->243589K(243712K)
[50.111s][info][gc,metaspace] GC(207) Metaspace: 6092K(6208K)->6092K(6208K) NonClass: 5611K(5696K)->5611K(5696K) Class: 481K(512K)->481K(512K)
[50.111s][info][gc          ] GC(207) Pause Young (Allocation Failure) 493M->238M(484M) 1.329ms
[50.111s][info][gc,cpu      ] GC(207) User=0.00s Sys=0.00s Real=0.01s
[50.632s][info][gc,start    ] GC(208) Pause Young (Allocation Failure)
[50.633s][info][gc,heap     ] GC(208) PSYoungGen: 251904K(251904K)->736K(242688K) Eden: 251392K(251392K)->0K(241664K) From: 512K(512K)->736K(1024K)
[50.633s][info][gc,heap     ] GC(208) ParOldGen: 243589K(243712K)->243589K(243712K)
[50.633s][info][gc,metaspace] GC(208) Metaspace: 6092K(6208K)->6092K(6208K) NonClass: 5611K(5696K)->5611K(5696K) Class: 481K(512K)->481K(512K)
[50.633s][info][gc          ] GC(208) Pause Young (Allocation Failure) 483M->238M(475M) 1.255ms
[50.633s][info][gc,cpu      ] GC(208) User=0.00s Sys=0.00s Real=0.00s
[51.040s][info][gc,start    ] GC(209) Pause Young (Allocation Failure)
[51.042s][info][gc,heap     ] GC(209) PSYoungGen: 242400K(242688K)->672K(233472K) Eden: 241664K(241664K)->0K(232448K) From: 736K(1024K)->672K(1024K)
[51.042s][info][gc,heap     ] GC(209) ParOldGen: 243589K(243712K)->243621K(243712K)
[51.042s][info][gc,metaspace] GC(209) Metaspace: 6092K(6208K)->6092K(6208K) NonClass: 5611K(5696K)->5611K(5696K) Class: 481K(512K)->481K(512K)
[51.042s][info][gc          ] GC(209) Pause Young (Allocation Failure) 474M->238M(466M) 1.342ms
[51.042s][info][gc,cpu      ] GC(209) User=0.01s Sys=0.00s Real=0.01s
[51.434s][info][gc,start    ] GC(210) Pause Young (Allocation Failure)
[51.435s][info][gc,heap     ] GC(210) PSYoungGen: 233120K(233472K)->672K(224768K) Eden: 232448K(232448K)->0K(223744K) From: 672K(1024K)->672K(1024K)
[51.435s][info][gc,heap     ] GC(210) ParOldGen: 243621K(243712K)->243621K(243712K)
[51.435s][info][gc,metaspace] GC(210) Metaspace: 6092K(6208K)->6092K(6208K) NonClass: 5611K(5696K)->5611K(5696K) Class: 481K(512K)->481K(512K)
[51.435s][info][gc          ] GC(210) Pause Young (Allocation Failure) 465M->238M(457M) 1.363ms
[51.435s][info][gc,cpu      ] GC(210) User=0.01s Sys=0.00s Real=0.00s
[51.789s][info][gc,start    ] GC(211) Pause Young (Allocation Failure)
[51.791s][info][gc,heap     ] GC(211) PSYoungGen: 224416K(224768K)->498K(216064K) Eden: 223744K(223744K)->0K(215552K) From: 672K(1024K)->498K(512K)
[51.791s][info][gc,heap     ] GC(211) ParOldGen: 243621K(243712K)->243797K(244224K)
[51.791s][info][gc,metaspace] GC(211) Metaspace: 6092K(6208K)->6092K(6208K) NonClass: 5611K(5696K)->5611K(5696K) Class: 481K(512K)->481K(512K)
[51.791s][info][gc          ] GC(211) Pause Young (Allocation Failure) 457M->238M(449M) 2.119ms
[51.791s][info][gc,cpu      ] GC(211) User=0.00s Sys=0.00s Real=0.01s
[52.167s][info][gc,start    ] GC(212) Pause Young (Allocation Failure)
[52.169s][info][gc,heap     ] GC(212) PSYoungGen: 216050K(216064K)->754K(208384K) Eden: 215552K(215552K)->0K(207360K) From: 498K(512K)->754K(1024K)
[52.169s][info][gc,heap     ] GC(212) ParOldGen: 243797K(244224K)->243797K(244224K)
[52.169s][info][gc,metaspace] GC(212) Metaspace: 6092K(6208K)->6092K(6208K) NonClass: 5611K(5696K)->5611K(5696K) Class: 481K(512K)->481K(512K)
[52.169s][info][gc          ] GC(212) Pause Young (Allocation Failure) 449M->238M(442M) 1.703ms
[52.169s][info][gc,cpu      ] GC(212) User=0.00s Sys=0.00s Real=0.00s
[52.511s][info][gc,start    ] GC(213) Pause Young (Allocation Failure)
[52.512s][info][gc,heap     ] GC(213) PSYoungGen: 208114K(208384K)->704K(200704K) Eden: 207360K(207360K)->0K(199680K) From: 754K(1024K)->704K(1024K)
[52.513s][info][gc,heap     ] GC(213) ParOldGen: 243797K(244224K)->243829K(244224K)
[52.513s][info][gc,metaspace] GC(213) Metaspace: 6092K(6208K)->6092K(6208K) NonClass: 5611K(5696K)->5611K(5696K) Class: 481K(512K)->481K(512K)
[52.513s][info][gc          ] GC(213) Pause Young (Allocation Failure) 441M->238M(434M) 1.425ms
[52.513s][info][gc,cpu      ] GC(213) User=0.00s Sys=0.00s Real=0.00s
[52.864s][info][gc,start    ] GC(214) Pause Young (Allocation Failure)
[52.865s][info][gc,heap     ] GC(214) PSYoungGen: 200384K(200704K)->704K(193536K) Eden: 199680K(199680K)->0K(192512K) From: 704K(1024K)->704K(1024K)
[52.865s][info][gc,heap     ] GC(214) ParOldGen: 243829K(244224K)->243829K(244224K)
[52.865s][info][gc,metaspace] GC(214) Metaspace: 6092K(6208K)->6092K(6208K) NonClass: 5611K(5696K)->5611K(5696K) Class: 481K(512K)->481K(512K)
[52.865s][info][gc          ] GC(214) Pause Young (Allocation Failure) 433M->238M(427M) 1.476ms
[52.865s][info][gc,cpu      ] GC(214) User=0.00s Sys=0.00s Real=0.00s
[53.240s][info][gc,start    ] GC(215) Pause Young (Allocation Failure)
[53.241s][info][gc,heap     ] GC(215) PSYoungGen: 193216K(193536K)->512K(185856K) Eden: 192512K(192512K)->0K(185344K) From: 704K(1024K)->512K(512K)
[53.241s][info][gc,heap     ] GC(215) ParOldGen: 243829K(244224K)->243917K(244224K)
[53.241s][info][gc,metaspace] GC(215) Metaspace: 6092K(6208K)->6092K(6208K) NonClass: 5611K(5696K)->5611K(5696K) Class: 481K(512K)->481K(512K)
[53.241s][info][gc          ] GC(215) Pause Young (Allocation Failure) 426M->238M(420M) 1.038ms
[53.241s][info][gc,cpu      ] GC(215) User=0.00s Sys=0.00s Real=0.01s
[53.602s][info][gc,start    ] GC(216) Pause Young (Allocation Failure)
[53.604s][info][gc,heap     ] GC(216) PSYoungGen: 185856K(185856K)->754K(179712K) Eden: 185344K(185344K)->0K(178688K) From: 512K(512K)->754K(1024K)
[53.604s][info][gc,heap     ] GC(216) ParOldGen: 243917K(244224K)->243917K(244224K)
[53.604s][info][gc,metaspace] GC(216) Metaspace: 6092K(6208K)->6092K(6208K) NonClass: 5611K(5696K)->5611K(5696K) Class: 481K(512K)->481K(512K)
[53.604s][info][gc          ] GC(216) Pause Young (Allocation Failure) 419M->238M(414M) 1.491ms
[53.604s][info][gc,cpu      ] GC(216) User=0.01s Sys=0.00s Real=0.00s
[53.879s][info][gc,start    ] GC(217) Pause Young (Allocation Failure)
[53.880s][info][gc,heap     ] GC(217) PSYoungGen: 179442K(179712K)->704K(173568K) Eden: 178688K(178688K)->0K(172544K) From: 754K(1024K)->704K(1024K)
[53.881s][info][gc,heap     ] GC(217) ParOldGen: 243917K(244224K)->243957K(244224K)
[53.881s][info][gc,metaspace] GC(217) Metaspace: 6092K(6208K)->6092K(6208K) NonClass: 5611K(5696K)->5611K(5696K) Class: 481K(512K)->481K(512K)
[53.881s][info][gc          ] GC(217) Pause Young (Allocation Failure) 413M->238M(408M) 1.373ms
[53.881s][info][gc,cpu      ] GC(217) User=0.00s Sys=0.00s Real=0.01s
[54.128s][info][gc,start    ] GC(218) Pause Young (Allocation Failure)
[54.130s][info][gc,heap     ] GC(218) PSYoungGen: 173248K(173568K)->768K(167424K) Eden: 172544K(172544K)->0K(166400K) From: 704K(1024K)->768K(1024K)
[54.130s][info][gc,heap     ] GC(218) ParOldGen: 243957K(244224K)->243957K(244224K)
[54.130s][info][gc,metaspace] GC(218) Metaspace: 6092K(6208K)->6092K(6208K) NonClass: 5611K(5696K)->5611K(5696K) Class: 481K(512K)->481K(512K)
[54.130s][info][gc          ] GC(218) Pause Young (Allocation Failure) 407M->238M(402M) 1.552ms
[54.130s][info][gc,cpu      ] GC(218) User=0.00s Sys=0.00s Real=0.00s
[54.383s][info][gc,start    ] GC(219) Pause Young (Allocation Failure)
[54.385s][info][gc,heap     ] GC(219) PSYoungGen: 167168K(167424K)->512K(161280K) Eden: 166400K(166400K)->0K(160768K) From: 768K(1024K)->512K(512K)
[54.385s][info][gc,heap     ] GC(219) ParOldGen: 243957K(244224K)->244173K(244224K)
[54.385s][info][gc,metaspace] GC(219) Metaspace: 6092K(6208K)->6092K(6208K) NonClass: 5611K(5696K)->5611K(5696K) Class: 481K(512K)->481K(512K)
[54.385s][info][gc          ] GC(219) Pause Young (Allocation Failure) 401M->238M(396M) 1.546ms
[54.385s][info][gc,cpu      ] GC(219) User=0.00s Sys=0.00s Real=0.00s
[54.641s][info][gc,start    ] GC(220) Pause Young (Allocation Failure)
[54.643s][info][gc,heap     ] GC(220) PSYoungGen: 161280K(161280K)->690K(156160K) Eden: 160768K(160768K)->0K(155136K) From: 512K(512K)->690K(1024K)
[54.643s][info][gc,heap     ] GC(220) ParOldGen: 244173K(244224K)->244173K(244224K)
[54.643s][info][gc,metaspace] GC(220) Metaspace: 6092K(6208K)->6092K(6208K) NonClass: 5611K(5696K)->5611K(5696K) Class: 481K(512K)->481K(512K)
[54.643s][info][gc          ] GC(220) Pause Young (Allocation Failure) 395M->239M(391M) 2.211ms
[54.643s][info][gc,cpu      ] GC(220) User=0.00s Sys=0.00s Real=0.00s
[54.870s][info][gc,start    ] GC(221) Pause Young (Allocation Failure)
[54.872s][info][gc,heap     ] GC(221) PSYoungGen: 155826K(156160K)->672K(151040K) Eden: 155136K(155136K)->0K(150016K) From: 690K(1024K)->672K(1024K)
[54.872s][info][gc,heap     ] GC(221) ParOldGen: 244173K(244224K)->244197K(244224K)
[54.872s][info][gc,metaspace] GC(221) Metaspace: 6092K(6208K)->6092K(6208K) NonClass: 5611K(5696K)->5611K(5696K) Class: 481K(512K)->481K(512K)
[54.872s][info][gc          ] GC(221) Pause Young (Allocation Failure) 390M->239M(386M) 2.147ms
[54.872s][info][gc,cpu      ] GC(221) User=0.01s Sys=0.00s Real=0.01s
[55.038s][info][gc,start    ] GC(222) Pause Young (Allocation Failure)
[55.040s][info][gc,heap     ] GC(222) PSYoungGen: 150688K(151040K)->722K(145920K) Eden: 150016K(150016K)->0K(144896K) From: 672K(1024K)->722K(1024K)
[55.040s][info][gc,heap     ] GC(222) ParOldGen: 244197K(244224K)->244197K(244224K)
[55.040s][info][gc,metaspace] GC(222) Metaspace: 6092K(6208K)->6092K(6208K) NonClass: 5611K(5696K)->5611K(5696K) Class: 481K(512K)->481K(512K)
[55.040s][info][gc          ] GC(222) Pause Young (Allocation Failure) 385M->239M(381M) 2.629ms
[55.040s][info][gc,cpu      ] GC(222) User=0.00s Sys=0.00s Real=0.00s
[55.231s][info][gc,start    ] GC(223) Pause Young (Allocation Failure)
[55.233s][info][gc,heap     ] GC(223) PSYoungGen: 145618K(145920K)->498K(140800K) Eden: 144896K(144896K)->0K(140288K) From: 722K(1024K)->498K(512K)
[55.233s][info][gc,heap     ] GC(223) ParOldGen: 244197K(244224K)->244357K(244736K)
[55.233s][info][gc,metaspace] GC(223) Metaspace: 6092K(6208K)->6092K(6208K) NonClass: 5611K(5696K)->5611K(5696K) Class: 481K(512K)->481K(512K)
[55.233s][info][gc          ] GC(223) Pause Young (Allocation Failure) 380M->239M(376M) 2.186ms
[55.233s][info][gc,cpu      ] GC(223) User=0.00s Sys=0.00s Real=0.00s
[55.412s][info][gc,start    ] GC(224) Pause Young (Allocation Failure)
[55.415s][info][gc,heap     ] GC(224) PSYoungGen: 140786K(140800K)->709K(136704K) Eden: 140288K(140288K)->0K(135680K) From: 498K(512K)->709K(1024K)
[55.415s][info][gc,heap     ] GC(224) ParOldGen: 244357K(244736K)->244357K(244736K)
[55.415s][info][gc,metaspace] GC(224) Metaspace: 6092K(6208K)->6092K(6208K) NonClass: 5611K(5696K)->5611K(5696K) Class: 481K(512K)->481K(512K)
[55.415s][info][gc          ] GC(224) Pause Young (Allocation Failure) 376M->239M(372M) 2.289ms
[55.415s][info][gc,cpu      ] GC(224) User=0.01s Sys=0.00s Real=0.00s
[55.591s][info][gc,start    ] GC(225) Pause Young (Allocation Failure)
[55.593s][info][gc,heap     ] GC(225) PSYoungGen: 136389K(136704K)->640K(132608K) Eden: 135680K(135680K)->0K(131584K) From: 709K(1024K)->640K(1024K)
[55.593s][info][gc,heap     ] GC(225) ParOldGen: 244357K(244736K)->244413K(244736K)
[55.593s][info][gc,metaspace] GC(225) Metaspace: 6092K(6208K)->6092K(6208K) NonClass: 5611K(5696K)->5611K(5696K) Class: 481K(512K)->481K(512K)
[55.593s][info][gc          ] GC(225) Pause Young (Allocation Failure) 371M->239M(368M) 1.988ms
[55.593s][info][gc,cpu      ] GC(225) User=0.00s Sys=0.00s Real=0.00s
[55.781s][info][gc,start    ] GC(226) Pause Young (Allocation Failure)
[55.783s][info][gc,heap     ] GC(226) PSYoungGen: 132224K(132608K)->722K(159232K) Eden: 131584K(131584K)->0K(158208K) From: 640K(1024K)->722K(1024K)
[55.783s][info][gc,heap     ] GC(226) ParOldGen: 244413K(244736K)->244413K(244736K)
[55.783s][info][gc,metaspace] GC(226) Metaspace: 6092K(6208K)->6092K(6208K) NonClass: 5611K(5696K)->5611K(5696K) Class: 481K(512K)->481K(512K)
[55.783s][info][gc          ] GC(226) Pause Young (Allocation Failure) 367M->239M(394M) 2.712ms
[55.783s][info][gc,cpu      ] GC(226) User=0.00s Sys=0.00s Real=0.00s
[56.048s][info][gc,start    ] GC(227) Pause Young (Allocation Failure)
[56.050s][info][gc,heap     ] GC(227) PSYoungGen: 158930K(159232K)->498K(153600K) Eden: 158208K(158208K)->0K(153088K) From: 722K(1024K)->498K(512K)
[56.050s][info][gc,heap     ] GC(227) ParOldGen: 244413K(244736K)->244669K(244736K)
[56.050s][info][gc,metaspace] GC(227) Metaspace: 6092K(6208K)->6092K(6208K) NonClass: 5611K(5696K)->5611K(5696K) Class: 481K(512K)->481K(512K)
[56.050s][info][gc          ] GC(227) Pause Young (Allocation Failure) 393M->239M(389M) 2.229ms
[56.050s][info][gc,cpu      ] GC(227) User=0.00s Sys=0.00s Real=0.00s
[56.292s][info][gc,start    ] GC(228) Pause Young (Allocation Failure)
[56.294s][info][gc,heap     ] GC(228) PSYoungGen: 153586K(153600K)->736K(148992K) Eden: 153088K(153088K)->0K(147968K) From: 498K(512K)->736K(1024K)
[56.294s][info][gc,heap     ] GC(228) ParOldGen: 244669K(244736K)->244669K(244736K)
[56.294s][info][gc,metaspace] GC(228) Metaspace: 6092K(6208K)->6092K(6208K) NonClass: 5611K(5696K)->5611K(5696K) Class: 481K(512K)->481K(512K)
[56.294s][info][gc          ] GC(228) Pause Young (Allocation Failure) 388M->239M(384M) 1.191ms
[56.294s][info][gc,cpu      ] GC(228) User=0.00s Sys=0.01s Real=0.00s
[56.506s][info][gc,start    ] GC(229) Pause Young (Allocation Failure)
[56.507s][info][gc,heap     ] GC(229) PSYoungGen: 148704K(148992K)->640K(143872K) Eden: 147968K(147968K)->0K(142848K) From: 736K(1024K)->640K(1024K)
[56.507s][info][gc,heap     ] GC(229) ParOldGen: 244669K(244736K)->244677K(244736K)
[56.507s][info][gc,metaspace] GC(229) Metaspace: 6092K(6208K)->6092K(6208K) NonClass: 5611K(5696K)->5611K(5696K) Class: 481K(512K)->481K(512K)
[56.507s][info][gc          ] GC(229) Pause Young (Allocation Failure) 384M->239M(379M) 0.989ms
[56.507s][info][gc,cpu      ] GC(229) User=0.00s Sys=0.00s Real=0.00s
[56.703s][info][gc,start    ] GC(230) Pause Young (Allocation Failure)
[56.704s][info][gc,heap     ] GC(230) PSYoungGen: 143488K(143872K)->704K(139264K) Eden: 142848K(142848K)->0K(138240K) From: 640K(1024K)->704K(1024K)
[56.704s][info][gc,heap     ] GC(230) ParOldGen: 244677K(244736K)->244677K(244736K)
[56.704s][info][gc,metaspace] GC(230) Metaspace: 6092K(6208K)->6092K(6208K) NonClass: 5611K(5696K)->5611K(5696K) Class: 481K(512K)->481K(512K)
[56.704s][info][gc          ] GC(230) Pause Young (Allocation Failure) 379M->239M(375M) 1.180ms
[56.704s][info][gc,cpu      ] GC(230) User=0.00s Sys=0.00s Real=0.00s
[56.904s][info][gc,start    ] GC(231) Pause Young (Allocation Failure)
[56.905s][info][gc,heap     ] GC(231) PSYoungGen: 138944K(139264K)->512K(134144K) Eden: 138240K(138240K)->0K(133632K) From: 704K(1024K)->512K(512K)
[56.905s][info][gc,heap     ] GC(231) ParOldGen: 244677K(244736K)->244845K(245248K)
[56.905s][info][gc,metaspace] GC(231) Metaspace: 6092K(6208K)->6092K(6208K) NonClass: 5611K(5696K)->5611K(5696K) Class: 481K(512K)->481K(512K)
[56.905s][info][gc          ] GC(231) Pause Young (Allocation Failure) 374M->239M(370M) 1.229ms
[56.905s][info][gc,cpu      ] GC(231) User=0.00s Sys=0.00s Real=0.00s
[57.098s][info][gc,start    ] GC(232) Pause Young (Allocation Failure)
[57.099s][info][gc,heap     ] GC(232) PSYoungGen: 134144K(134144K)->626K(130560K) Eden: 133632K(133632K)->0K(129536K) From: 512K(512K)->626K(1024K)
[57.099s][info][gc,heap     ] GC(232) ParOldGen: 244845K(245248K)->244845K(245248K)
[57.099s][info][gc,metaspace] GC(232) Metaspace: 6092K(6208K)->6092K(6208K) NonClass: 5611K(5696K)->5611K(5696K) Class: 481K(512K)->481K(512K)
[57.099s][info][gc          ] GC(232) Pause Young (Allocation Failure) 370M->239M(367M) 1.054ms
[57.099s][info][gc,cpu      ] GC(232) User=0.00s Sys=0.00s Real=0.00s
[57.280s][info][gc,start    ] GC(233) Pause Young (Allocation Failure)
[57.281s][info][gc,heap     ] GC(233) PSYoungGen: 130162K(130560K)->640K(126464K) Eden: 129536K(129536K)->0K(125440K) From: 626K(1024K)->640K(1024K)
[57.281s][info][gc,heap     ] GC(233) ParOldGen: 244845K(245248K)->244885K(245248K)
[57.281s][info][gc,metaspace] GC(233) Metaspace: 6092K(6208K)->6092K(6208K) NonClass: 5611K(5696K)->5611K(5696K) Class: 481K(512K)->481K(512K)
[57.281s][info][gc          ] GC(233) Pause Young (Allocation Failure) 366M->239M(363M) 1.127ms
[57.281s][info][gc,cpu      ] GC(233) User=0.00s Sys=0.00s Real=0.01s
[57.446s][info][gc,start    ] GC(234) Pause Young (Allocation Failure)
[57.447s][info][gc,heap     ] GC(234) PSYoungGen: 126080K(126464K)->768K(122368K) Eden: 125440K(125440K)->0K(121344K) From: 640K(1024K)->768K(1024K)
[57.447s][info][gc,heap     ] GC(234) ParOldGen: 244885K(245248K)->244885K(245248K)
[57.447s][info][gc,metaspace] GC(234) Metaspace: 6092K(6208K)->6092K(6208K) NonClass: 5611K(5696K)->5611K(5696K) Class: 481K(512K)->481K(512K)
[57.447s][info][gc          ] GC(234) Pause Young (Allocation Failure) 362M->239M(359M) 1.373ms
[57.447s][info][gc,cpu      ] GC(234) User=0.01s Sys=0.00s Real=0.00s
[57.607s][info][gc,start    ] GC(235) Pause Young (Allocation Failure)
[57.609s][info][gc,heap     ] GC(235) PSYoungGen: 122112K(122368K)->512K(118272K) Eden: 121344K(121344K)->0K(117760K) From: 768K(1024K)->512K(512K)
[57.609s][info][gc,heap     ] GC(235) ParOldGen: 244885K(245248K)->245061K(245248K)
[57.609s][info][gc,metaspace] GC(235) Metaspace: 6092K(6208K)->6092K(6208K) NonClass: 5611K(5696K)->5611K(5696K) Class: 481K(512K)->481K(512K)
[57.609s][info][gc          ] GC(235) Pause Young (Allocation Failure) 358M->239M(355M) 1.301ms
[57.609s][info][gc,cpu      ] GC(235) User=0.00s Sys=0.00s Real=0.00s
[57.769s][info][gc,start    ] GC(236) Pause Young (Allocation Failure)
[57.770s][info][gc,heap     ] GC(236) PSYoungGen: 118272K(118272K)->640K(115200K) Eden: 117760K(117760K)->0K(114176K) From: 512K(512K)->640K(1024K)
[57.770s][info][gc,heap     ] GC(236) ParOldGen: 245061K(245248K)->245061K(245248K)
[57.770s][info][gc,metaspace] GC(236) Metaspace: 6092K(6208K)->6092K(6208K) NonClass: 5611K(5696K)->5611K(5696K) Class: 481K(512K)->481K(512K)
[57.770s][info][gc          ] GC(236) Pause Young (Allocation Failure) 354M->239M(352M) 1.003ms
[57.770s][info][gc,cpu      ] GC(236) User=0.00s Sys=0.00s Real=0.00s
[57.954s][info][gc,start    ] GC(237) Pause Young (Allocation Failure)
[57.955s][info][gc,heap     ] GC(237) PSYoungGen: 114816K(115200K)->736K(111616K) Eden: 114176K(114176K)->0K(110592K) From: 640K(1024K)->736K(1024K)
[57.955s][info][gc,heap     ] GC(237) ParOldGen: 245061K(245248K)->245077K(245248K)
[57.955s][info][gc,metaspace] GC(237) Metaspace: 6092K(6208K)->6092K(6208K) NonClass: 5611K(5696K)->5611K(5696K) Class: 481K(512K)->481K(512K)
[57.955s][info][gc          ] GC(237) Pause Young (Allocation Failure) 351M->240M(348M) 1.446ms
[57.955s][info][gc,cpu      ] GC(237) User=0.00s Sys=0.00s Real=0.00s
[58.169s][info][gc,start    ] GC(238) Pause Young (Allocation Failure)
[58.172s][info][gc,heap     ] GC(238) PSYoungGen: 111328K(111616K)->658K(108544K) Eden: 110592K(110592K)->0K(107520K) From: 736K(1024K)->658K(1024K)
[58.172s][info][gc,heap     ] GC(238) ParOldGen: 245077K(245248K)->245077K(245248K)
[58.172s][info][gc,metaspace] GC(238) Metaspace: 6092K(6208K)->6092K(6208K) NonClass: 5611K(5696K)->5611K(5696K) Class: 481K(512K)->481K(512K)
[58.172s][info][gc          ] GC(238) Pause Young (Allocation Failure) 348M->239M(345M) 2.122ms
[58.172s][info][gc,cpu      ] GC(238) User=0.00s Sys=0.00s Real=0.01s
[58.329s][info][gc,start    ] GC(239) Pause Young (Allocation Failure)
[58.331s][info][gc,heap     ] GC(239) PSYoungGen: 108178K(108544K)->498K(104960K) Eden: 107520K(107520K)->0K(104448K) From: 658K(1024K)->498K(512K)
[58.331s][info][gc,heap     ] GC(239) ParOldGen: 245077K(245248K)->245189K(245248K)
[58.331s][info][gc,metaspace] GC(239) Metaspace: 6092K(6208K)->6092K(6208K) NonClass: 5611K(5696K)->5611K(5696K) Class: 481K(512K)->481K(512K)
[58.331s][info][gc          ] GC(239) Pause Young (Allocation Failure) 344M->239M(342M) 2.030ms
[58.331s][info][gc,cpu      ] GC(239) User=0.00s Sys=0.00s Real=0.01s
[58.527s][info][gc,start    ] GC(240) Pause Young (Allocation Failure)
[58.530s][info][gc,heap     ] GC(240) PSYoungGen: 104946K(104960K)->832K(102400K) Eden: 104448K(104448K)->0K(101376K) From: 498K(512K)->832K(1024K)
[58.530s][info][gc,heap     ] GC(240) ParOldGen: 245189K(245248K)->245189K(245248K)
[58.530s][info][gc,metaspace] GC(240) Metaspace: 6092K(6208K)->6092K(6208K) NonClass: 5611K(5696K)->5611K(5696K) Class: 481K(512K)->481K(512K)
[58.530s][info][gc          ] GC(240) Pause Young (Allocation Failure) 341M->240M(339M) 3.203ms
[58.530s][info][gc,cpu      ] GC(240) User=0.00s Sys=0.00s Real=0.00s
[58.734s][info][gc,start    ] GC(241) Pause Young (Allocation Failure)
[58.735s][info][gc,heap     ] GC(241) PSYoungGen: 102208K(102400K)->800K(99328K) Eden: 101376K(101376K)->0K(98304K) From: 832K(1024K)->800K(1024K)
[58.735s][info][gc,heap     ] GC(241) ParOldGen: 245189K(245248K)->245229K(245248K)
[58.735s][info][gc,metaspace] GC(241) Metaspace: 6092K(6208K)->6092K(6208K) NonClass: 5611K(5696K)->5611K(5696K) Class: 481K(512K)->481K(512K)
[58.735s][info][gc          ] GC(241) Pause Young (Allocation Failure) 339M->240M(336M) 1.418ms
[58.735s][info][gc,cpu      ] GC(241) User=0.00s Sys=0.00s Real=0.00s
[58.876s][info][gc,start    ] GC(242) Pause Young (Allocation Failure)
[58.879s][info][gc,heap     ] GC(242) PSYoungGen: 99104K(99328K)->722K(119296K) Eden: 98304K(98304K)->0K(118272K) From: 800K(1024K)->722K(1024K)
[58.879s][info][gc,heap     ] GC(242) ParOldGen: 245229K(245248K)->245229K(245248K)
[58.879s][info][gc,metaspace] GC(242) Metaspace: 6092K(6208K)->6092K(6208K) NonClass: 5611K(5696K)->5611K(5696K) Class: 481K(512K)->481K(512K)
[58.879s][info][gc          ] GC(242) Pause Young (Allocation Failure) 336M->240M(356M) 2.336ms
[58.879s][info][gc,cpu      ] GC(242) User=0.00s Sys=0.00s Real=0.00s
[59.053s][info][gc,start    ] GC(243) Pause Young (Allocation Failure)
[59.054s][info][gc,heap     ] GC(243) PSYoungGen: 118994K(119296K)->512K(115200K) Eden: 118272K(118272K)->0K(114688K) From: 722K(1024K)->512K(512K)
[59.054s][info][gc,heap     ] GC(243) ParOldGen: 245229K(245248K)->245405K(245760K)
[59.054s][info][gc,metaspace] GC(243) Metaspace: 6092K(6208K)->6092K(6208K) NonClass: 5611K(5696K)->5611K(5696K) Class: 481K(512K)->481K(512K)
[59.054s][info][gc          ] GC(243) Pause Young (Allocation Failure) 355M->240M(352M) 1.481ms
[59.054s][info][gc,cpu      ] GC(243) User=0.00s Sys=0.00s Real=0.00s
[59.204s][info][gc,start    ] GC(244) Pause Young (Allocation Failure)
[59.206s][info][gc,heap     ] GC(244) PSYoungGen: 115200K(115200K)->736K(112128K) Eden: 114688K(114688K)->0K(111104K) From: 512K(512K)->736K(1024K)
[59.206s][info][gc,heap     ] GC(244) ParOldGen: 245405K(245760K)->245405K(245760K)
[59.206s][info][gc,metaspace] GC(244) Metaspace: 6092K(6208K)->6092K(6208K) NonClass: 5611K(5696K)->5611K(5696K) Class: 481K(512K)->481K(512K)
[59.206s][info][gc          ] GC(244) Pause Young (Allocation Failure) 352M->240M(349M) 1.220ms
[59.206s][info][gc,cpu      ] GC(244) User=0.00s Sys=0.00s Real=0.00s
[59.347s][info][gc,start    ] GC(245) Pause Young (Allocation Failure)
[59.348s][info][gc,heap     ] GC(245) PSYoungGen: 111840K(112128K)->672K(109056K) Eden: 111104K(111104K)->0K(108032K) From: 736K(1024K)->672K(1024K)
[59.348s][info][gc,heap     ] GC(245) ParOldGen: 245405K(245760K)->245429K(245760K)
[59.348s][info][gc,metaspace] GC(245) Metaspace: 6092K(6208K)->6092K(6208K) NonClass: 5611K(5696K)->5611K(5696K) Class: 481K(512K)->481K(512K)
[59.348s][info][gc          ] GC(245) Pause Young (Allocation Failure) 348M->240M(346M) 1.114ms
[59.348s][info][gc,cpu      ] GC(245) User=0.00s Sys=0.00s Real=0.00s
[59.486s][info][gc,start    ] GC(246) Pause Young (Allocation Failure)
[59.487s][info][gc,heap     ] GC(246) PSYoungGen: 108704K(109056K)->736K(105984K) Eden: 108032K(108032K)->0K(104960K) From: 672K(1024K)->736K(1024K)
[59.487s][info][gc,heap     ] GC(246) ParOldGen: 245429K(245760K)->245429K(245760K)
[59.487s][info][gc,metaspace] GC(246) Metaspace: 6092K(6208K)->6092K(6208K) NonClass: 5611K(5696K)->5611K(5696K) Class: 481K(512K)->481K(512K)
[59.487s][info][gc          ] GC(246) Pause Young (Allocation Failure) 345M->240M(343M) 1.311ms
[59.487s][info][gc,cpu      ] GC(246) User=0.01s Sys=0.00s Real=0.00s
[59.623s][info][gc,start    ] GC(247) Pause Young (Allocation Failure)
[59.625s][info][gc,heap     ] GC(247) PSYoungGen: 105696K(105984K)->498K(102400K) Eden: 104960K(104960K)->0K(101888K) From: 736K(1024K)->498K(512K)
[59.625s][info][gc,heap     ] GC(247) ParOldGen: 245429K(245760K)->245629K(245760K)
[59.625s][info][gc,metaspace] GC(247) Metaspace: 6092K(6208K)->6092K(6208K) NonClass: 5611K(5696K)->5611K(5696K) Class: 481K(512K)->481K(512K)
[59.625s][info][gc          ] GC(247) Pause Young (Allocation Failure) 342M->240M(340M) 2.213ms
[59.625s][info][gc,cpu      ] GC(247) User=0.00s Sys=0.00s Real=0.00s
[59.762s][info][gc,start    ] GC(248) Pause Young (Allocation Failure)
[59.764s][info][gc,heap     ] GC(248) PSYoungGen: 102386K(102400K)->658K(123392K) Eden: 101888K(101888K)->0K(122368K) From: 498K(512K)->658K(1024K)
[59.764s][info][gc,heap     ] GC(248) ParOldGen: 245629K(245760K)->245629K(245760K)
[59.764s][info][gc,metaspace] GC(248) Metaspace: 6092K(6208K)->6092K(6208K) NonClass: 5611K(5696K)->5611K(5696K) Class: 481K(512K)->481K(512K)
[59.764s][info][gc          ] GC(248) Pause Young (Allocation Failure) 339M->240M(360M) 1.934ms
[59.764s][info][gc,cpu      ] GC(248) User=0.00s Sys=0.00s Real=0.00s
[59.923s][info][gc,start    ] GC(249) Pause Young (Allocation Failure)
[59.924s][info][gc,heap     ] GC(249) PSYoungGen: 123026K(123392K)->736K(147968K) Eden: 122368K(122368K)->0K(146944K) From: 658K(1024K)->736K(1024K)
[59.924s][info][gc,heap     ] GC(249) ParOldGen: 245629K(245760K)->245669K(245760K)
[59.924s][info][gc,metaspace] GC(249) Metaspace: 6092K(6208K)->6092K(6208K) NonClass: 5611K(5696K)->5611K(5696K) Class: 481K(512K)->481K(512K)
[59.924s][info][gc          ] GC(249) Pause Young (Allocation Failure) 360M->240M(384M) 1.503ms
[59.924s][info][gc,cpu      ] GC(249) User=0.00s Sys=0.00s Real=0.00s
[60.118s][info][gc,start    ] GC(250) Pause Young (Allocation Failure)
[60.119s][info][gc,heap     ] GC(250) PSYoungGen: 147680K(147968K)->672K(143360K) Eden: 146944K(146944K)->0K(142336K) From: 736K(1024K)->672K(1024K)
[60.119s][info][gc,heap     ] GC(250) ParOldGen: 245669K(245760K)->245669K(245760K)
[60.119s][info][gc,metaspace] GC(250) Metaspace: 6092K(6208K)->6092K(6208K) NonClass: 5611K(5696K)->5611K(5696K) Class: 481K(512K)->481K(512K)
[60.119s][info][gc          ] GC(250) Pause Young (Allocation Failure) 384M->240M(380M) 1.153ms
[60.119s][info][gc,cpu      ] GC(250) User=0.01s Sys=0.00s Real=0.00s
[60.299s][info][gc,start    ] GC(251) Pause Young (Allocation Failure)
[60.300s][info][gc,heap     ] GC(251) PSYoungGen: 143008K(143360K)->512K(138240K) Eden: 142336K(142336K)->0K(137728K) From: 672K(1024K)->512K(512K)
[60.300s][info][gc,heap     ] GC(251) ParOldGen: 245669K(245760K)->245757K(245760K)
[60.300s][info][gc,metaspace] GC(251) Metaspace: 6092K(6208K)->6092K(6208K) NonClass: 5611K(5696K)->5611K(5696K) Class: 481K(512K)->481K(512K)
[60.300s][info][gc          ] GC(251) Pause Young (Allocation Failure) 379M->240M(375M) 1.004ms
[60.300s][info][gc,cpu      ] GC(251) User=0.01s Sys=0.00s Real=0.00s
[60.475s][info][gc,start    ] GC(252) Pause Young (Allocation Failure)
[60.476s][info][gc,heap     ] GC(252) PSYoungGen: 138240K(138240K)->658K(134144K) Eden: 137728K(137728K)->0K(133120K) From: 512K(512K)->658K(1024K)
[60.476s][info][gc,heap     ] GC(252) ParOldGen: 245757K(245760K)->245757K(245760K)
[60.476s][info][gc,metaspace] GC(252) Metaspace: 6092K(6208K)->6092K(6208K) NonClass: 5611K(5696K)->5611K(5696K) Class: 481K(512K)->481K(512K)
[60.476s][info][gc          ] GC(252) Pause Young (Allocation Failure) 374M->240M(371M) 1.155ms
[60.476s][info][gc,cpu      ] GC(252) User=0.01s Sys=0.00s Real=0.00s
[60.648s][info][gc,start    ] GC(253) Pause Young (Allocation Failure)
[60.650s][info][gc,heap     ] GC(253) PSYoungGen: 133778K(134144K)->704K(130048K) Eden: 133120K(133120K)->0K(129024K) From: 658K(1024K)->704K(1024K)
[60.650s][info][gc,heap     ] GC(253) ParOldGen: 245757K(245760K)->245797K(246272K)
[60.650s][info][gc,metaspace] GC(253) Metaspace: 6092K(6208K)->6092K(6208K) NonClass: 5611K(5696K)->5611K(5696K) Class: 481K(512K)->481K(512K)
[60.650s][info][gc          ] GC(253) Pause Young (Allocation Failure) 370M->240M(367M) 1.501ms
[60.650s][info][gc,cpu      ] GC(253) User=0.00s Sys=0.00s Real=0.00s
[60.823s][info][gc,start    ] GC(254) Pause Young (Allocation Failure)
[60.824s][info][gc,heap     ] GC(254) PSYoungGen: 129728K(130048K)->640K(125952K) Eden: 129024K(129024K)->0K(124928K) From: 704K(1024K)->640K(1024K)
[60.825s][info][gc,heap     ] GC(254) ParOldGen: 245797K(246272K)->245797K(246272K)
[60.825s][info][gc,metaspace] GC(254) Metaspace: 6092K(6208K)->6092K(6208K) NonClass: 5611K(5696K)->5611K(5696K) Class: 481K(512K)->481K(512K)
[60.825s][info][gc          ] GC(254) Pause Young (Allocation Failure) 366M->240M(363M) 1.157ms
[60.825s][info][gc,cpu      ] GC(254) User=0.00s Sys=0.00s Real=0.00s
[60.997s][info][gc,start    ] GC(255) Pause Young (Allocation Failure)
[60.998s][info][gc,heap     ] GC(255) PSYoungGen: 125568K(125952K)->512K(121344K) Eden: 124928K(124928K)->0K(120832K) From: 640K(1024K)->512K(512K)
[60.998s][info][gc,heap     ] GC(255) ParOldGen: 245797K(246272K)->246005K(246272K)
[60.998s][info][gc,metaspace] GC(255) Metaspace: 6092K(6208K)->6092K(6208K) NonClass: 5611K(5696K)->5611K(5696K) Class: 481K(512K)->481K(512K)
[60.998s][info][gc          ] GC(255) Pause Young (Allocation Failure) 362M->240M(359M) 1.309ms
[60.998s][info][gc,cpu      ] GC(255) User=0.00s Sys=0.00s Real=0.00s
[61.177s][info][gc,start    ] GC(256) Pause Young (Allocation Failure)
[61.178s][info][gc,heap     ] GC(256) PSYoungGen: 121344K(121344K)->672K(118272K) Eden: 120832K(120832K)->0K(117248K) From: 512K(512K)->672K(1024K)
[61.178s][info][gc,heap     ] GC(256) ParOldGen: 246005K(246272K)->246005K(246272K)
[61.178s][info][gc,metaspace] GC(256) Metaspace: 6092K(6208K)->6092K(6208K) NonClass: 5611K(5696K)->5611K(5696K) Class: 481K(512K)->481K(512K)
[61.178s][info][gc          ] GC(256) Pause Young (Allocation Failure) 358M->240M(356M) 1.045ms
[61.178s][info][gc,cpu      ] GC(256) User=0.01s Sys=0.00s Real=0.00s
[61.351s][info][gc,start    ] GC(257) Pause Young (Allocation Failure)
[61.353s][info][gc,heap     ] GC(257) PSYoungGen: 117920K(118272K)->658K(114688K) Eden: 117248K(117248K)->0K(113664K) From: 672K(1024K)->658K(1024K)
[61.353s][info][gc,heap     ] GC(257) ParOldGen: 246005K(246272K)->246021K(246272K)
[61.353s][info][gc,metaspace] GC(257) Metaspace: 6092K(6208K)->6092K(6208K) NonClass: 5611K(5696K)->5611K(5696K) Class: 481K(512K)->481K(512K)
[61.353s][info][gc          ] GC(257) Pause Young (Allocation Failure) 355M->240M(352M) 1.909ms
[61.353s][info][gc,cpu      ] GC(257) User=0.00s Sys=0.00s Real=0.00s
[61.521s][info][gc,start    ] GC(258) Pause Young (Allocation Failure)
[61.523s][info][gc,heap     ] GC(258) PSYoungGen: 114322K(114688K)->626K(111104K) Eden: 113664K(113664K)->0K(110080K) From: 658K(1024K)->626K(1024K)
[61.523s][info][gc,heap     ] GC(258) ParOldGen: 246021K(246272K)->246021K(246272K)
[61.523s][info][gc,metaspace] GC(258) Metaspace: 6092K(6208K)->6092K(6208K) NonClass: 5611K(5696K)->5611K(5696K) Class: 481K(512K)->481K(512K)
[61.523s][info][gc          ] GC(258) Pause Young (Allocation Failure) 351M->240M(349M) 1.951ms
[61.523s][info][gc,cpu      ] GC(258) User=0.00s Sys=0.00s Real=0.00s
[61.696s][info][gc,start    ] GC(259) Pause Young (Allocation Failure)
[61.698s][info][gc,heap     ] GC(259) PSYoungGen: 110706K(111104K)->512K(107520K) Eden: 110080K(110080K)->0K(107008K) From: 626K(1024K)->512K(512K)
[61.698s][info][gc,heap     ] GC(259) ParOldGen: 246021K(246272K)->246221K(246272K)
[61.698s][info][gc,metaspace] GC(259) Metaspace: 6092K(6208K)->6092K(6208K) NonClass: 5611K(5696K)->5611K(5696K) Class: 481K(512K)->481K(512K)
[61.698s][info][gc          ] GC(259) Pause Young (Allocation Failure) 348M->240M(345M) 1.422ms
[61.698s][info][gc,cpu      ] GC(259) User=0.00s Sys=0.01s Real=0.00s
[61.847s][info][gc,start    ] GC(260) Pause Young (Allocation Failure)
[61.848s][info][gc,heap     ] GC(260) PSYoungGen: 107520K(107520K)->800K(104960K) Eden: 107008K(107008K)->0K(103936K) From: 512K(512K)->800K(1024K)
[61.848s][info][gc,heap     ] GC(260) ParOldGen: 246221K(246272K)->246221K(246272K)
[61.848s][info][gc,metaspace] GC(260) Metaspace: 6092K(6208K)->6092K(6208K) NonClass: 5611K(5696K)->5611K(5696K) Class: 481K(512K)->481K(512K)
[61.848s][info][gc          ] GC(260) Pause Young (Allocation Failure) 345M->241M(343M) 1.254ms
[61.848s][info][gc,cpu      ] GC(260) User=0.00s Sys=0.00s Real=0.00s
[61.991s][info][gc,start    ] GC(261) Pause Young (Allocation Failure)
[61.992s][info][gc,heap     ] GC(261) PSYoungGen: 104736K(104960K)->704K(101888K) Eden: 103936K(103936K)->0K(100864K) From: 800K(1024K)->704K(1024K)
[61.992s][info][gc,heap     ] GC(261) ParOldGen: 246221K(246272K)->246229K(246272K)
[61.992s][info][gc,metaspace] GC(261) Metaspace: 6092K(6208K)->6092K(6208K) NonClass: 5611K(5696K)->5611K(5696K) Class: 481K(512K)->481K(512K)
[61.992s][info][gc          ] GC(261) Pause Young (Allocation Failure) 342M->241M(340M) 1.076ms
[61.992s][info][gc,cpu      ] GC(261) User=0.00s Sys=0.00s Real=0.00s
[62.125s][info][gc,start    ] GC(262) Pause Young (Allocation Failure)
[62.126s][info][gc,heap     ] GC(262) PSYoungGen: 101568K(101888K)->608K(99328K) Eden: 100864K(100864K)->0K(98304K) From: 704K(1024K)->608K(1024K)
[62.126s][info][gc,heap     ] GC(262) ParOldGen: 246229K(246272K)->246229K(246272K)
[62.127s][info][gc,metaspace] GC(262) Metaspace: 6092K(6208K)->6092K(6208K) NonClass: 5611K(5696K)->5611K(5696K) Class: 481K(512K)->481K(512K)
[62.127s][info][gc          ] GC(262) Pause Young (Allocation Failure) 339M->241M(337M) 1.037ms
[62.127s][info][gc,cpu      ] GC(262) User=0.00s Sys=0.00s Real=0.00s
[62.274s][info][gc,start    ] GC(263) Pause Young (Allocation Failure)
[62.276s][info][gc,heap     ] GC(263) PSYoungGen: 98912K(99328K)->512K(96256K) Eden: 98304K(98304K)->0K(95744K) From: 608K(1024K)->512K(512K)
[62.276s][info][gc,heap     ] GC(263) ParOldGen: 246229K(246272K)->246421K(246784K)
[62.276s][info][gc,metaspace] GC(263) Metaspace: 6092K(6208K)->6092K(6208K) NonClass: 5611K(5696K)->5611K(5696K) Class: 481K(512K)->481K(512K)
[62.276s][info][gc          ] GC(263) Pause Young (Allocation Failure) 337M->241M(335M) 1.511ms
[62.276s][info][gc,cpu      ] GC(263) User=0.00s Sys=0.00s Real=0.00s
[62.432s][info][gc,start    ] GC(264) Pause Young (Allocation Failure)
[62.434s][info][gc,heap     ] GC(264) PSYoungGen: 96256K(96256K)->818K(94208K) Eden: 95744K(95744K)->0K(93184K) From: 512K(512K)->818K(1024K)
[62.434s][info][gc,heap     ] GC(264) ParOldGen: 246421K(246784K)->246421K(246784K)
[62.434s][info][gc,metaspace] GC(264) Metaspace: 6092K(6208K)->6092K(6208K) NonClass: 5611K(5696K)->5611K(5696K) Class: 481K(512K)->481K(512K)
[62.434s][info][gc          ] GC(264) Pause Young (Allocation Failure) 334M->241M(333M) 1.360ms
[62.434s][info][gc,cpu      ] GC(264) User=0.00s Sys=0.00s Real=0.00s
[62.587s][info][gc,start    ] GC(265) Pause Young (Allocation Failure)
[62.588s][info][gc,heap     ] GC(265) PSYoungGen: 94002K(94208K)->736K(91648K) Eden: 93184K(93184K)->0K(90624K) From: 818K(1024K)->736K(1024K)
[62.588s][info][gc,heap     ] GC(265) ParOldGen: 246421K(246784K)->246453K(246784K)
[62.588s][info][gc,metaspace] GC(265) Metaspace: 6092K(6208K)->6092K(6208K) NonClass: 5611K(5696K)->5611K(5696K) Class: 481K(512K)->481K(512K)
[62.588s][info][gc          ] GC(265) Pause Young (Allocation Failure) 332M->241M(330M) 1.248ms
[62.588s][info][gc,cpu      ] GC(265) User=0.00s Sys=0.00s Real=0.00s
[62.732s][info][gc,start    ] GC(266) Pause Young (Allocation Failure)
[62.734s][info][gc,heap     ] GC(266) PSYoungGen: 91360K(91648K)->704K(89088K) Eden: 90624K(90624K)->0K(88064K) From: 736K(1024K)->704K(1024K)
[62.734s][info][gc,heap     ] GC(266) ParOldGen: 246453K(246784K)->246453K(246784K)
[62.734s][info][gc,metaspace] GC(266) Metaspace: 6092K(6208K)->6092K(6208K) NonClass: 5611K(5696K)->5611K(5696K) Class: 481K(512K)->481K(512K)
[62.734s][info][gc          ] GC(266) Pause Young (Allocation Failure) 329M->241M(328M) 1.236ms
[62.734s][info][gc,cpu      ] GC(266) User=0.00s Sys=0.00s Real=0.00s
[62.869s][info][gc,start    ] GC(267) Pause Young (Allocation Failure)
[62.870s][info][gc,heap     ] GC(267) PSYoungGen: 88768K(89088K)->512K(86528K) Eden: 88064K(88064K)->0K(86016K) From: 704K(1024K)->512K(512K)
[62.870s][info][gc,heap     ] GC(267) ParOldGen: 246453K(246784K)->246645K(246784K)
[62.870s][info][gc,metaspace] GC(267) Metaspace: 6092K(6208K)->6092K(6208K) NonClass: 5611K(5696K)->5611K(5696K) Class: 481K(512K)->481K(512K)
[62.870s][info][gc          ] GC(267) Pause Young (Allocation Failure) 327M->241M(325M) 1.303ms
[62.870s][info][gc,cpu      ] GC(267) User=0.00s Sys=0.00s Real=0.00s
[62.998s][info][gc,start    ] GC(268) Pause Young (Allocation Failure)
[62.999s][info][gc,heap     ] GC(268) PSYoungGen: 86528K(86528K)->768K(254464K) Eden: 86016K(86016K)->0K(253440K) From: 512K(512K)->768K(1024K)
[62.999s][info][gc,heap     ] GC(268) ParOldGen: 246645K(246784K)->246645K(246784K)
[62.999s][info][gc,metaspace] GC(268) Metaspace: 6092K(6208K)->6092K(6208K) NonClass: 5611K(5696K)->5611K(5696K) Class: 481K(512K)->481K(512K)
[62.999s][info][gc          ] GC(268) Pause Young (Allocation Failure) 325M->241M(489M) 1.184ms
[62.999s][info][gc,cpu      ] GC(268) User=0.00s Sys=0.00s Real=0.00s
[63.380s][info][gc,start    ] GC(269) Pause Young (Allocation Failure)
[63.381s][info][gc,heap     ] GC(269) PSYoungGen: 254208K(254464K)->704K(244736K) Eden: 253440K(253440K)->0K(243712K) From: 768K(1024K)->704K(1024K)
[63.382s][info][gc,heap     ] GC(269) ParOldGen: 246645K(246784K)->246661K(246784K)
[63.382s][info][gc,metaspace] GC(269) Metaspace: 6092K(6208K)->6092K(6208K) NonClass: 5611K(5696K)->5611K(5696K) Class: 481K(512K)->481K(512K)
[63.382s][info][gc          ] GC(269) Pause Young (Allocation Failure) 489M->241M(480M) 1.156ms
[63.382s][info][gc,cpu      ] GC(269) User=0.00s Sys=0.00s Real=0.01s
[63.746s][info][gc,start    ] GC(270) Pause Young (Allocation Failure)
[63.747s][info][gc,heap     ] GC(270) PSYoungGen: 244416K(244736K)->704K(235520K) Eden: 243712K(243712K)->0K(234496K) From: 704K(1024K)->704K(1024K)
[63.747s][info][gc,heap     ] GC(270) ParOldGen: 246661K(246784K)->246661K(246784K)
[63.747s][info][gc,metaspace] GC(270) Metaspace: 6092K(6208K)->6092K(6208K) NonClass: 5611K(5696K)->5611K(5696K) Class: 481K(512K)->481K(512K)
[63.747s][info][gc          ] GC(270) Pause Young (Allocation Failure) 479M->241M(471M) 1.230ms
[63.747s][info][gc,cpu      ] GC(270) User=0.00s Sys=0.00s Real=0.00s
[64.090s][info][gc,start    ] GC(271) Pause Young (Allocation Failure)
[64.092s][info][gc,heap     ] GC(271) PSYoungGen: 235200K(235520K)->498K(226304K) Eden: 234496K(234496K)->0K(225792K) From: 704K(1024K)->498K(512K)
[64.092s][info][gc,heap     ] GC(271) ParOldGen: 246661K(246784K)->246869K(247296K)
[64.092s][info][gc,metaspace] GC(271) Metaspace: 6092K(6208K)->6092K(6208K) NonClass: 5611K(5696K)->5611K(5696K) Class: 481K(512K)->481K(512K)
[64.092s][info][gc          ] GC(271) Pause Young (Allocation Failure) 470M->241M(462M) 2.290ms
[64.092s][info][gc,cpu      ] GC(271) User=0.01s Sys=0.00s Real=0.01s
[64.418s][info][gc,start    ] GC(272) Pause Young (Allocation Failure)
[64.420s][info][gc,heap     ] GC(272) PSYoungGen: 226290K(226304K)->736K(218112K) Eden: 225792K(225792K)->0K(217088K) From: 498K(512K)->736K(1024K)
[64.420s][info][gc,heap     ] GC(272) ParOldGen: 246869K(247296K)->246869K(247296K)
[64.420s][info][gc,metaspace] GC(272) Metaspace: 6092K(6208K)->6092K(6208K) NonClass: 5611K(5696K)->5611K(5696K) Class: 481K(512K)->481K(512K)
[64.420s][info][gc          ] GC(272) Pause Young (Allocation Failure) 462M->241M(454M) 2.380ms
[64.420s][info][gc,cpu      ] GC(272) User=0.00s Sys=0.00s Real=0.00s
[64.720s][info][gc,start    ] GC(273) Pause Young (Allocation Failure)
[64.722s][info][gc,heap     ] GC(273) PSYoungGen: 217824K(218112K)->690K(209920K) Eden: 217088K(217088K)->0K(208896K) From: 736K(1024K)->690K(1024K)
[64.722s][info][gc,heap     ] GC(273) ParOldGen: 246869K(247296K)->246949K(247296K)
[64.722s][info][gc,metaspace] GC(273) Metaspace: 6092K(6208K)->6092K(6208K) NonClass: 5611K(5696K)->5611K(5696K) Class: 481K(512K)->481K(512K)
[64.722s][info][gc          ] GC(273) Pause Young (Allocation Failure) 453M->241M(446M) 2.446ms
[64.722s][info][gc,cpu      ] GC(273) User=0.00s Sys=0.00s Real=0.01s
[65.006s][info][gc,start    ] GC(274) Pause Young (Allocation Failure)
[65.008s][info][gc,heap     ] GC(274) PSYoungGen: 209586K(209920K)->754K(202240K) Eden: 208896K(208896K)->0K(201216K) From: 690K(1024K)->754K(1024K)
[65.008s][info][gc,heap     ] GC(274) ParOldGen: 246949K(247296K)->246949K(247296K)
[65.008s][info][gc,metaspace] GC(274) Metaspace: 6092K(6208K)->6092K(6208K) NonClass: 5611K(5696K)->5611K(5696K) Class: 481K(512K)->481K(512K)
[65.008s][info][gc          ] GC(274) Pause Young (Allocation Failure) 445M->241M(439M) 2.449ms
[65.008s][info][gc,cpu      ] GC(274) User=0.01s Sys=0.00s Real=0.00s
[65.291s][info][gc,start    ] GC(275) Pause Young (Allocation Failure)
[65.294s][info][gc,heap     ] GC(275) PSYoungGen: 201970K(202240K)->498K(194560K) Eden: 201216K(201216K)->0K(194048K) From: 754K(1024K)->498K(512K)
[65.294s][info][gc,heap     ] GC(275) ParOldGen: 246949K(247296K)->247205K(247296K)
[65.294s][info][gc,metaspace] GC(275) Metaspace: 6092K(6208K)->6092K(6208K) NonClass: 5611K(5696K)->5611K(5696K) Class: 481K(512K)->481K(512K)
[65.294s][info][gc          ] GC(275) Pause Young (Allocation Failure) 438M->241M(431M) 2.487ms
[65.294s][info][gc,cpu      ] GC(275) User=0.00s Sys=0.00s Real=0.00s
[65.572s][info][gc,start    ] GC(276) Pause Young (Allocation Failure)
[65.574s][info][gc,heap     ] GC(276) PSYoungGen: 194546K(194560K)->754K(187904K) Eden: 194048K(194048K)->0K(186880K) From: 498K(512K)->754K(1024K)
[65.574s][info][gc,heap     ] GC(276) ParOldGen: 247205K(247296K)->247205K(247296K)
[65.574s][info][gc,metaspace] GC(276) Metaspace: 6092K(6208K)->6092K(6208K) NonClass: 5611K(5696K)->5611K(5696K) Class: 481K(512K)->481K(512K)
[65.574s][info][gc          ] GC(276) Pause Young (Allocation Failure) 431M->242M(425M) 2.244ms
[65.574s][info][gc,cpu      ] GC(276) User=0.01s Sys=0.00s Real=0.00s
[65.845s][info][gc,start    ] GC(277) Pause Young (Allocation Failure)
[65.846s][info][gc,heap     ] GC(277) PSYoungGen: 187634K(187904K)->608K(181248K) Eden: 186880K(186880K)->0K(180224K) From: 754K(1024K)->608K(1024K)
[65.846s][info][gc,heap     ] GC(277) ParOldGen: 247205K(247296K)->247221K(247296K)
[65.846s][info][gc,metaspace] GC(277) Metaspace: 6092K(6208K)->6092K(6208K) NonClass: 5611K(5696K)->5611K(5696K) Class: 481K(512K)->481K(512K)
[65.846s][info][gc          ] GC(277) Pause Young (Allocation Failure) 424M->242M(418M) 1.359ms
[65.846s][info][gc,cpu      ] GC(277) User=0.00s Sys=0.00s Real=0.00s
[66.105s][info][gc,start    ] GC(278) Pause Young (Allocation Failure)
[66.107s][info][gc,heap     ] GC(278) PSYoungGen: 180832K(181248K)->544K(175104K) Eden: 180224K(180224K)->0K(174080K) From: 608K(1024K)->544K(1024K)
[66.107s][info][gc,heap     ] GC(278) ParOldGen: 247221K(247296K)->247221K(247296K)
[66.107s][info][gc,metaspace] GC(278) Metaspace: 6092K(6208K)->6092K(6208K) NonClass: 5611K(5696K)->5611K(5696K) Class: 481K(512K)->481K(512K)
[66.107s][info][gc          ] GC(278) Pause Young (Allocation Failure) 418M->241M(412M) 1.228ms
[66.107s][info][gc,cpu      ] GC(278) User=0.00s Sys=0.01s Real=0.00s
[66.357s][info][gc,start    ] GC(279) Pause Young (Allocation Failure)
[66.358s][info][gc,heap     ] GC(279) PSYoungGen: 174624K(175104K)->512K(168448K) Eden: 174080K(174080K)->0K(167936K) From: 544K(1024K)->512K(512K)
[66.358s][info][gc,heap     ] GC(279) ParOldGen: 247221K(247296K)->247373K(247808K)
[66.358s][info][gc,metaspace] GC(279) Metaspace: 6092K(6208K)->6092K(6208K) NonClass: 5611K(5696K)->5611K(5696K) Class: 481K(512K)->481K(512K)
[66.358s][info][gc          ] GC(279) Pause Young (Allocation Failure) 411M->242M(406M) 1.227ms
[66.358s][info][gc,cpu      ] GC(279) User=0.00s Sys=0.00s Real=0.00s
[66.617s][info][gc,start    ] GC(280) Pause Young (Allocation Failure)
[66.618s][info][gc,heap     ] GC(280) PSYoungGen: 168448K(168448K)->677K(163328K) Eden: 167936K(167936K)->0K(162304K) From: 512K(512K)->677K(1024K)
[66.618s][info][gc,heap     ] GC(280) ParOldGen: 247373K(247808K)->247373K(247808K)
[66.618s][info][gc,metaspace] GC(280) Metaspace: 6092K(6208K)->6092K(6208K) NonClass: 5611K(5696K)->5611K(5696K) Class: 481K(512K)->481K(512K)
[66.618s][info][gc          ] GC(280) Pause Young (Allocation Failure) 406M->242M(401M) 1.077ms
[66.618s][info][gc,cpu      ] GC(280) User=0.01s Sys=0.00s Real=0.00s
[66.864s][info][gc,start    ] GC(281) Pause Young (Allocation Failure)
[66.866s][info][gc,heap     ] GC(281) PSYoungGen: 162981K(163328K)->768K(157696K) Eden: 162304K(162304K)->0K(156672K) From: 677K(1024K)->768K(1024K)
[66.866s][info][gc,heap     ] GC(281) ParOldGen: 247373K(247808K)->247413K(247808K)
[66.866s][info][gc,metaspace] GC(281) Metaspace: 6092K(6208K)->6092K(6208K) NonClass: 5611K(5696K)->5611K(5696K) Class: 481K(512K)->481K(512K)
[66.866s][info][gc          ] GC(281) Pause Young (Allocation Failure) 400M->242M(396M) 1.290ms
[66.866s][info][gc,cpu      ] GC(281) User=0.00s Sys=0.00s Real=0.00s
[67.130s][info][gc,start    ] GC(282) Pause Young (Allocation Failure)
[67.131s][info][gc,heap     ] GC(282) PSYoungGen: 157440K(157696K)->704K(152576K) Eden: 156672K(156672K)->0K(151552K) From: 768K(1024K)->704K(1024K)
[67.131s][info][gc,heap     ] GC(282) ParOldGen: 247413K(247808K)->247413K(247808K)
[67.131s][info][gc,metaspace] GC(282) Metaspace: 6092K(6208K)->6092K(6208K) NonClass: 5611K(5696K)->5611K(5696K) Class: 481K(512K)->481K(512K)
[67.131s][info][gc          ] GC(282) Pause Young (Allocation Failure) 395M->242M(391M) 1.304ms
[67.131s][info][gc,cpu      ] GC(282) User=0.00s Sys=0.00s Real=0.01s
[67.375s][info][gc,start    ] GC(283) Pause Young (Allocation Failure)
[67.377s][info][gc,heap     ] GC(283) PSYoungGen: 152256K(152576K)->498K(146944K) Eden: 151552K(151552K)->0K(146432K) From: 704K(1024K)->498K(512K)
[67.377s][info][gc,heap     ] GC(283) ParOldGen: 247413K(247808K)->247565K(247808K)
[67.377s][info][gc,metaspace] GC(283) Metaspace: 6092K(6208K)->6092K(6208K) NonClass: 5611K(5696K)->5611K(5696K) Class: 481K(512K)->481K(512K)
[67.377s][info][gc          ] GC(283) Pause Young (Allocation Failure) 390M->242M(385M) 1.719ms
[67.377s][info][gc,cpu      ] GC(283) User=0.00s Sys=0.00s Real=0.00s
[67.616s][info][gc,start    ] GC(284) Pause Young (Allocation Failure)
[67.618s][info][gc,heap     ] GC(284) PSYoungGen: 146930K(146944K)->709K(142848K) Eden: 146432K(146432K)->0K(141824K) From: 498K(512K)->709K(1024K)
[67.618s][info][gc,heap     ] GC(284) ParOldGen: 247565K(247808K)->247565K(247808K)
[67.618s][info][gc,metaspace] GC(284) Metaspace: 6092K(6208K)->6092K(6208K) NonClass: 5611K(5696K)->5611K(5696K) Class: 481K(512K)->481K(512K)
[67.618s][info][gc          ] GC(284) Pause Young (Allocation Failure) 385M->242M(381M) 1.145ms
[67.618s][info][gc,cpu      ] GC(284) User=0.00s Sys=0.00s Real=0.00s
[67.840s][info][gc,start    ] GC(285) Pause Young (Allocation Failure)
[67.841s][info][gc,heap     ] GC(285) PSYoungGen: 142533K(142848K)->800K(138240K) Eden: 141824K(141824K)->0K(137216K) From: 709K(1024K)->800K(1024K)
[67.841s][info][gc,heap     ] GC(285) ParOldGen: 247565K(247808K)->247613K(247808K)
[67.841s][info][gc,metaspace] GC(285) Metaspace: 6092K(6208K)->6092K(6208K) NonClass: 5611K(5696K)->5611K(5696K) Class: 481K(512K)->481K(512K)
[67.841s][info][gc          ] GC(285) Pause Young (Allocation Failure) 380M->242M(377M) 1.371ms
[67.841s][info][gc,cpu      ] GC(285) User=0.00s Sys=0.00s Real=0.01s
[68.085s][info][gc,start    ] GC(286) Pause Young (Allocation Failure)
[68.087s][info][gc,heap     ] GC(286) PSYoungGen: 138016K(138240K)->690K(133632K) Eden: 137216K(137216K)->0K(132608K) From: 800K(1024K)->690K(1024K)
[68.087s][info][gc,heap     ] GC(286) ParOldGen: 247613K(247808K)->247613K(247808K)
[68.087s][info][gc,metaspace] GC(286) Metaspace: 6092K(6208K)->6092K(6208K) NonClass: 5611K(5696K)->5611K(5696K) Class: 481K(512K)->481K(512K)
[68.087s][info][gc          ] GC(286) Pause Young (Allocation Failure) 376M->242M(372M) 2.263ms
[68.087s][info][gc,cpu      ] GC(286) User=0.00s Sys=0.00s Real=0.00s
[68.307s][info][gc,start    ] GC(287) Pause Young (Allocation Failure)
[68.309s][info][gc,heap     ] GC(287) PSYoungGen: 133298K(133632K)->498K(129024K) Eden: 132608K(132608K)->0K(128512K) From: 690K(1024K)->498K(512K)
[68.309s][info][gc,heap     ] GC(287) ParOldGen: 247613K(247808K)->247805K(247808K)
[68.309s][info][gc,metaspace] GC(287) Metaspace: 6092K(6208K)->6092K(6208K) NonClass: 5611K(5696K)->5611K(5696K) Class: 481K(512K)->481K(512K)
[68.309s][info][gc          ] GC(287) Pause Young (Allocation Failure) 371M->242M(368M) 2.197ms
[68.309s][info][gc,cpu      ] GC(287) User=0.00s Sys=0.00s Real=0.00s
[68.529s][info][gc,start    ] GC(288) Pause Young (Allocation Failure)
[68.531s][info][gc,heap     ] GC(288) PSYoungGen: 129010K(129024K)->773K(125440K) Eden: 128512K(128512K)->0K(124416K) From: 498K(512K)->773K(1024K)
[68.531s][info][gc,heap     ] GC(288) ParOldGen: 247805K(247808K)->247805K(247808K)
[68.531s][info][gc,metaspace] GC(288) Metaspace: 6092K(6208K)->6092K(6208K) NonClass: 5611K(5696K)->5611K(5696K) Class: 481K(512K)->481K(512K)
[68.532s][info][gc          ] GC(288) Pause Young (Allocation Failure) 367M->242M(364M) 2.374ms
[68.532s][info][gc,cpu      ] GC(288) User=0.00s Sys=0.00s Real=0.01s
[68.755s][info][gc,start    ] GC(289) Pause Young (Allocation Failure)
[68.757s][info][gc,heap     ] GC(289) PSYoungGen: 125189K(125440K)->658K(121856K) Eden: 124416K(124416K)->0K(120832K) From: 773K(1024K)->658K(1024K)
[68.758s][info][gc,heap     ] GC(289) ParOldGen: 247805K(247808K)->247893K(248320K)
[68.758s][info][gc,metaspace] GC(289) Metaspace: 6092K(6208K)->6092K(6208K) NonClass: 5611K(5696K)->5611K(5696K) Class: 481K(512K)->481K(512K)
[68.758s][info][gc          ] GC(289) Pause Young (Allocation Failure) 364M->242M(361M) 2.214ms
[68.758s][info][gc,cpu      ] GC(289) User=0.00s Sys=0.00s Real=0.00s
[68.965s][info][gc,start    ] GC(290) Pause Young (Allocation Failure)
[68.967s][info][gc,heap     ] GC(290) PSYoungGen: 121490K(121856K)->690K(118272K) Eden: 120832K(120832K)->0K(117248K) From: 658K(1024K)->690K(1024K)
[68.967s][info][gc,heap     ] GC(290) ParOldGen: 247893K(248320K)->247893K(248320K)
[68.967s][info][gc,metaspace] GC(290) Metaspace: 6092K(6208K)->6092K(6208K) NonClass: 5611K(5696K)->5611K(5696K) Class: 481K(512K)->481K(512K)
[68.967s][info][gc          ] GC(290) Pause Young (Allocation Failure) 360M->242M(358M) 2.170ms
[68.967s][info][gc,cpu      ] GC(290) User=0.00s Sys=0.00s Real=0.00s
[69.158s][info][gc,start    ] GC(291) Pause Young (Allocation Failure)
[69.159s][info][gc,heap     ] GC(291) PSYoungGen: 117938K(118272K)->512K(114176K) Eden: 117248K(117248K)->0K(113664K) From: 690K(1024K)->512K(512K)
[69.159s][info][gc,heap     ] GC(291) ParOldGen: 247893K(248320K)->248005K(248320K)
[69.159s][info][gc,metaspace] GC(291) Metaspace: 6092K(6208K)->6092K(6208K) NonClass: 5611K(5696K)->5611K(5696K) Class: 481K(512K)->481K(512K)
[69.159s][info][gc          ] GC(291) Pause Young (Allocation Failure) 357M->242M(354M) 1.060ms
[69.159s][info][gc,cpu      ] GC(291) User=0.00s Sys=0.00s Real=0.00s
[69.323s][info][gc,start    ] GC(292) Pause Young (Allocation Failure)
[69.324s][info][gc,heap     ] GC(292) PSYoungGen: 114176K(114176K)->722K(111104K) Eden: 113664K(113664K)->0K(110080K) From: 512K(512K)->722K(1024K)
[69.324s][info][gc,heap     ] GC(292) ParOldGen: 248005K(248320K)->248005K(248320K)
[69.324s][info][gc,metaspace] GC(292) Metaspace: 6092K(6208K)->6092K(6208K) NonClass: 5611K(5696K)->5611K(5696K) Class: 481K(512K)->481K(512K)
[69.324s][info][gc          ] GC(292) Pause Young (Allocation Failure) 353M->242M(351M) 1.166ms
[69.324s][info][gc,cpu      ] GC(292) User=0.00s Sys=0.00s Real=0.00s
[69.481s][info][gc,start    ] GC(293) Pause Young (Allocation Failure)
[69.482s][info][gc,heap     ] GC(293) PSYoungGen: 110802K(111104K)->704K(108032K) Eden: 110080K(110080K)->0K(107008K) From: 722K(1024K)->704K(1024K)
[69.482s][info][gc,heap     ] GC(293) ParOldGen: 248005K(248320K)->248045K(248320K)
[69.482s][info][gc,metaspace] GC(293) Metaspace: 6092K(6208K)->6092K(6208K) NonClass: 5611K(5696K)->5611K(5696K) Class: 481K(512K)->481K(512K)
[69.482s][info][gc          ] GC(293) Pause Young (Allocation Failure) 350M->242M(348M) 1.173ms
[69.482s][info][gc,cpu      ] GC(293) User=0.00s Sys=0.00s Real=0.00s
[69.635s][info][gc,start    ] GC(294) Pause Young (Allocation Failure)
[69.636s][info][gc,heap     ] GC(294) PSYoungGen: 107712K(108032K)->704K(104960K) Eden: 107008K(107008K)->0K(103936K) From: 704K(1024K)->704K(1024K)
[69.636s][info][gc,heap     ] GC(294) ParOldGen: 248045K(248320K)->248045K(248320K)
[69.636s][info][gc,metaspace] GC(294) Metaspace: 6092K(6208K)->6092K(6208K) NonClass: 5611K(5696K)->5611K(5696K) Class: 481K(512K)->481K(512K)
[69.636s][info][gc          ] GC(294) Pause Young (Allocation Failure) 347M->242M(345M) 1.196ms
[69.636s][info][gc,cpu      ] GC(294) User=0.00s Sys=0.00s Real=0.00s
[69.787s][info][gc,start    ] GC(295) Pause Young (Allocation Failure)
[69.788s][info][gc,heap     ] GC(295) PSYoungGen: 104640K(104960K)->512K(101376K) Eden: 103936K(103936K)->0K(100864K) From: 704K(1024K)->512K(512K)
[69.788s][info][gc,heap     ] GC(295) ParOldGen: 248045K(248320K)->248181K(248320K)
[69.788s][info][gc,metaspace] GC(295) Metaspace: 6092K(6208K)->6092K(6208K) NonClass: 5611K(5696K)->5611K(5696K) Class: 481K(512K)->481K(512K)
[69.788s][info][gc          ] GC(295) Pause Young (Allocation Failure) 344M->242M(341M) 1.105ms
[69.788s][info][gc,cpu      ] GC(295) User=0.00s Sys=0.00s Real=0.00s
[69.948s][info][gc,start    ] GC(296) Pause Young (Allocation Failure)
[69.949s][info][gc,heap     ] GC(296) PSYoungGen: 101376K(101376K)->645K(99328K) Eden: 100864K(100864K)->0K(98304K) From: 512K(512K)->645K(1024K)
[69.949s][info][gc,heap     ] GC(296) ParOldGen: 248181K(248320K)->248181K(248320K)
[69.949s][info][gc,metaspace] GC(296) Metaspace: 6092K(6208K)->6092K(6208K) NonClass: 5611K(5696K)->5611K(5696K) Class: 481K(512K)->481K(512K)
[69.949s][info][gc          ] GC(296) Pause Young (Allocation Failure) 341M->242M(339M) 1.012ms
[69.949s][info][gc,cpu      ] GC(296) User=0.00s Sys=0.00s Real=0.00s
[70.143s][info][gc,start    ] GC(297) Pause Young (Allocation Failure)
[70.144s][info][gc,heap     ] GC(297) PSYoungGen: 98949K(99328K)->672K(96768K) Eden: 98304K(98304K)->0K(95744K) From: 645K(1024K)->672K(1024K)
[70.144s][info][gc,heap     ] GC(297) ParOldGen: 248181K(248320K)->248221K(248320K)
[70.144s][info][gc,metaspace] GC(297) Metaspace: 6092K(6208K)->6092K(6208K) NonClass: 5611K(5696K)->5611K(5696K) Class: 481K(512K)->481K(512K)
[70.144s][info][gc          ] GC(297) Pause Young (Allocation Failure) 338M->243M(337M) 1.325ms
[70.144s][info][gc,cpu      ] GC(297) User=0.00s Sys=0.00s Real=0.00s
[70.310s][info][gc,start    ] GC(298) Pause Young (Allocation Failure)
[70.311s][info][gc,heap     ] GC(298) PSYoungGen: 96416K(96768K)->704K(94208K) Eden: 95744K(95744K)->0K(93184K) From: 672K(1024K)->704K(1024K)
[70.311s][info][gc,heap     ] GC(298) ParOldGen: 248221K(248320K)->248221K(248320K)
[70.311s][info][gc,metaspace] GC(298) Metaspace: 6092K(6208K)->6092K(6208K) NonClass: 5611K(5696K)->5611K(5696K) Class: 481K(512K)->481K(512K)
[70.311s][info][gc          ] GC(298) Pause Young (Allocation Failure) 336M->243M(334M) 1.283ms
[70.311s][info][gc,cpu      ] GC(298) User=0.00s Sys=0.00s Real=0.01s
[70.491s][info][gc,start    ] GC(299) Pause Young (Allocation Failure)
[70.492s][info][gc,heap     ] GC(299) PSYoungGen: 93888K(94208K)->512K(91136K) Eden: 93184K(93184K)->0K(90624K) From: 704K(1024K)->512K(512K)
[70.492s][info][gc,heap     ] GC(299) ParOldGen: 248221K(248320K)->248477K(248832K)
[70.492s][info][gc,metaspace] GC(299) Metaspace: 6092K(6208K)->6092K(6208K) NonClass: 5611K(5696K)->5611K(5696K) Class: 481K(512K)->481K(512K)
[70.492s][info][gc          ] GC(299) Pause Young (Allocation Failure) 334M->243M(332M) 1.571ms
[70.492s][info][gc,cpu      ] GC(299) User=0.00s Sys=0.00s Real=0.00s
[70.653s][info][gc,start    ] GC(300) Pause Young (Allocation Failure)
[70.654s][info][gc,heap     ] GC(300) PSYoungGen: 91136K(91136K)->768K(89088K) Eden: 90624K(90624K)->0K(88064K) From: 512K(512K)->768K(1024K)
[70.654s][info][gc,heap     ] GC(300) ParOldGen: 248477K(248832K)->248477K(248832K)
[70.654s][info][gc,metaspace] GC(300) Metaspace: 6092K(6208K)->6092K(6208K) NonClass: 5611K(5696K)->5611K(5696K) Class: 481K(512K)->481K(512K)
[70.654s][info][gc          ] GC(300) Pause Young (Allocation Failure) 331M->243M(330M) 1.390ms
[70.654s][info][gc,cpu      ] GC(300) User=0.00s Sys=0.00s Real=0.00s
[70.789s][info][gc,start    ] GC(301) Pause Young (Allocation Failure)
[70.790s][info][gc,heap     ] GC(301) PSYoungGen: 88832K(89088K)->800K(87040K) Eden: 88064K(88064K)->0K(86016K) From: 768K(1024K)->800K(1024K)
[70.790s][info][gc,heap     ] GC(301) ParOldGen: 248477K(248832K)->248493K(248832K)
[70.790s][info][gc,metaspace] GC(301) Metaspace: 6092K(6208K)->6092K(6208K) NonClass: 5611K(5696K)->5611K(5696K) Class: 481K(512K)->481K(512K)
[70.790s][info][gc          ] GC(301) Pause Young (Allocation Failure) 329M->243M(328M) 1.339ms
[70.790s][info][gc,cpu      ] GC(301) User=0.00s Sys=0.00s Real=0.01s
[70.918s][info][gc,start    ] GC(302) Pause Young (Allocation Failure)
[70.919s][info][gc,heap     ] GC(302) PSYoungGen: 86816K(87040K)->832K(250368K) Eden: 86016K(86016K)->0K(249344K) From: 800K(1024K)->832K(1024K)
[70.919s][info][gc,heap     ] GC(302) ParOldGen: 248493K(248832K)->248493K(248832K)
[70.919s][info][gc,metaspace] GC(302) Metaspace: 6092K(6208K)->6092K(6208K) NonClass: 5611K(5696K)->5611K(5696K) Class: 481K(512K)->481K(512K)
[70.919s][info][gc          ] GC(302) Pause Young (Allocation Failure) 327M->243M(487M) 1.421ms
[70.919s][info][gc,cpu      ] GC(302) User=0.01s Sys=0.00s Real=0.00s
[71.270s][info][gc,start    ] GC(303) Pause Young (Allocation Failure)
[71.272s][info][gc,heap     ] GC(303) PSYoungGen: 250176K(250368K)->512K(240128K) Eden: 249344K(249344K)->0K(239616K) From: 832K(1024K)->512K(512K)
[71.272s][info][gc,heap     ] GC(303) ParOldGen: 248493K(248832K)->248701K(248832K)
[71.272s][info][gc,metaspace] GC(303) Metaspace: 6092K(6208K)->6092K(6208K) NonClass: 5611K(5696K)->5611K(5696K) Class: 481K(512K)->481K(512K)
[71.272s][info][gc          ] GC(303) Pause Young (Allocation Failure) 486M->243M(477M) 1.489ms
[71.272s][info][gc,cpu      ] GC(303) User=0.01s Sys=0.00s Real=0.01s
[71.629s][info][gc,start    ] GC(304) Pause Young (Allocation Failure)
[71.631s][info][gc,heap     ] GC(304) PSYoungGen: 240128K(240128K)->818K(231424K) Eden: 239616K(239616K)->0K(230400K) From: 512K(512K)->818K(1024K)
[71.631s][info][gc,heap     ] GC(304) ParOldGen: 248701K(248832K)->248701K(248832K)
[71.631s][info][gc,metaspace] GC(304) Metaspace: 6092K(6208K)->6092K(6208K) NonClass: 5611K(5696K)->5611K(5696K) Class: 481K(512K)->481K(512K)
[71.631s][info][gc          ] GC(304) Pause Young (Allocation Failure) 477M->243M(469M) 1.589ms
[71.631s][info][gc,cpu      ] GC(304) User=0.00s Sys=0.00s Real=0.01s
[72.030s][info][gc,start    ] GC(305) Pause Young (Allocation Failure)
[72.031s][info][gc,heap     ] GC(305) PSYoungGen: 231218K(231424K)->768K(222720K) Eden: 230400K(230400K)->0K(221696K) From: 818K(1024K)->768K(1024K)
[72.031s][info][gc,heap     ] GC(305) ParOldGen: 248701K(248832K)->248741K(248832K)
[72.031s][info][gc,metaspace] GC(305) Metaspace: 6092K(6208K)->6092K(6208K) NonClass: 5611K(5696K)->5611K(5696K) Class: 481K(512K)->481K(512K)
[72.031s][info][gc          ] GC(305) Pause Young (Allocation Failure) 468M->243M(460M) 1.627ms
[72.031s][info][gc,cpu      ] GC(305) User=0.00s Sys=0.00s Real=0.01s
[72.399s][info][gc,start    ] GC(306) Pause Young (Allocation Failure)
[72.400s][info][gc,heap     ] GC(306) PSYoungGen: 222464K(222720K)->672K(214528K) Eden: 221696K(221696K)->0K(213504K) From: 768K(1024K)->672K(1024K)
[72.400s][info][gc,heap     ] GC(306) ParOldGen: 248741K(248832K)->248741K(248832K)
[72.400s][info][gc,metaspace] GC(306) Metaspace: 6092K(6208K)->6092K(6208K) NonClass: 5611K(5696K)->5611K(5696K) Class: 481K(512K)->481K(512K)
[72.400s][info][gc          ] GC(306) Pause Young (Allocation Failure) 460M->243M(452M) 1.482ms
[72.400s][info][gc,cpu      ] GC(306) User=0.01s Sys=0.00s Real=0.00s
[72.834s][info][gc,start    ] GC(307) Pause Young (Allocation Failure)
[72.836s][info][gc,heap     ] GC(307) PSYoungGen: 214176K(214528K)->512K(206336K) Eden: 213504K(213504K)->0K(205824K) From: 672K(1024K)->512K(512K)
[72.836s][info][gc,heap     ] GC(307) ParOldGen: 248741K(248832K)->248965K(249344K)
[72.836s][info][gc,metaspace] GC(307) Metaspace: 6092K(6208K)->6092K(6208K) NonClass: 5611K(5696K)->5611K(5696K) Class: 481K(512K)->481K(512K)
[72.836s][info][gc          ] GC(307) Pause Young (Allocation Failure) 452M->243M(445M) 1.939ms
[72.836s][info][gc,cpu      ] GC(307) User=0.00s Sys=0.00s Real=0.00s
[73.231s][info][gc,start    ] GC(308) Pause Young (Allocation Failure)
[73.233s][info][gc,heap     ] GC(308) PSYoungGen: 206336K(206336K)->672K(199168K) Eden: 205824K(205824K)->0K(198144K) From: 512K(512K)->672K(1024K)
[73.233s][info][gc,heap     ] GC(308) ParOldGen: 248965K(249344K)->248965K(249344K)
[73.233s][info][gc,metaspace] GC(308) Metaspace: 6092K(6208K)->6092K(6208K) NonClass: 5611K(5696K)->5611K(5696K) Class: 481K(512K)->481K(512K)
[73.233s][info][gc          ] GC(308) Pause Young (Allocation Failure) 444M->243M(438M) 1.249ms
[73.233s][info][gc,cpu      ] GC(308) User=0.00s Sys=0.00s Real=0.00s
[73.615s][info][gc,start    ] GC(309) Pause Young (Allocation Failure)
[73.617s][info][gc,heap     ] GC(309) PSYoungGen: 198816K(199168K)->640K(192000K) Eden: 198144K(198144K)->0K(190976K) From: 672K(1024K)->640K(1024K)
[73.617s][info][gc,heap     ] GC(309) ParOldGen: 248965K(249344K)->248997K(249344K)
[73.617s][info][gc,metaspace] GC(309) Metaspace: 6092K(6208K)->6092K(6208K) NonClass: 5611K(5696K)->5611K(5696K) Class: 481K(512K)->481K(512K)
[73.617s][info][gc          ] GC(309) Pause Young (Allocation Failure) 437M->243M(431M) 1.330ms
[73.617s][info][gc,cpu      ] GC(309) User=0.01s Sys=0.00s Real=0.00s
[73.960s][info][gc,start    ] GC(310) Pause Young (Allocation Failure)
[73.961s][info][gc,heap     ] GC(310) PSYoungGen: 191616K(192000K)->704K(185344K) Eden: 190976K(190976K)->0K(184320K) From: 640K(1024K)->704K(1024K)
[73.961s][info][gc,heap     ] GC(310) ParOldGen: 248997K(249344K)->248997K(249344K)
[73.961s][info][gc,metaspace] GC(310) Metaspace: 6092K(6208K)->6092K(6208K) NonClass: 5611K(5696K)->5611K(5696K) Class: 481K(512K)->481K(512K)
[73.961s][info][gc          ] GC(310) Pause Young (Allocation Failure) 430M->243M(424M) 1.451ms
[73.961s][info][gc,cpu      ] GC(310) User=0.00s Sys=0.00s Real=0.01s
[74.266s][info][gc,start    ] GC(311) Pause Young (Allocation Failure)
[74.267s][info][gc,heap     ] GC(311) PSYoungGen: 185024K(185344K)->512K(178176K) Eden: 184320K(184320K)->0K(177664K) From: 704K(1024K)->512K(512K)
[74.267s][info][gc,heap     ] GC(311) ParOldGen: 248997K(249344K)->249221K(249344K)
[74.267s][info][gc,metaspace] GC(311) Metaspace: 6092K(6208K)->6092K(6208K) NonClass: 5611K(5696K)->5611K(5696K) Class: 481K(512K)->481K(512K)
[74.267s][info][gc          ] GC(311) Pause Young (Allocation Failure) 423M->243M(417M) 1.770ms
[74.267s][info][gc,cpu      ] GC(311) User=0.01s Sys=0.00s Real=0.00s
[74.575s][info][gc,start    ] GC(312) Pause Young (Allocation Failure)
[74.577s][info][gc,heap     ] GC(312) PSYoungGen: 178176K(178176K)->768K(172544K) Eden: 177664K(177664K)->0K(171520K) From: 512K(512K)->768K(1024K)
[74.577s][info][gc,heap     ] GC(312) ParOldGen: 249221K(249344K)->249221K(249344K)
[74.577s][info][gc,metaspace] GC(312) Metaspace: 6092K(6208K)->6092K(6208K) NonClass: 5611K(5696K)->5611K(5696K) Class: 481K(512K)->481K(512K)
[74.577s][info][gc          ] GC(312) Pause Young (Allocation Failure) 417M->244M(412M) 1.545ms
[74.577s][info][gc,cpu      ] GC(312) User=0.00s Sys=0.00s Real=0.00s
[74.893s][info][gc,start    ] GC(313) Pause Young (Allocation Failure)
[74.895s][info][gc,heap     ] GC(313) PSYoungGen: 172288K(172544K)->768K(166400K) Eden: 171520K(171520K)->0K(165376K) From: 768K(1024K)->768K(1024K)
[74.895s][info][gc,heap     ] GC(313) ParOldGen: 249221K(249344K)->249237K(249344K)
[74.895s][info][gc,metaspace] GC(313) Metaspace: 6092K(6208K)->6092K(6208K) NonClass: 5611K(5696K)->5611K(5696K) Class: 481K(512K)->481K(512K)
[74.895s][info][gc          ] GC(313) Pause Young (Allocation Failure) 411M->244M(406M) 1.791ms
[74.895s][info][gc,cpu      ] GC(313) User=0.00s Sys=0.00s Real=0.00s
[75.199s][info][gc,start    ] GC(314) Pause Young (Allocation Failure)
[75.201s][info][gc,heap     ] GC(314) PSYoungGen: 166144K(166400K)->768K(160768K) Eden: 165376K(165376K)->0K(159744K) From: 768K(1024K)->768K(1024K)
[75.201s][info][gc,heap     ] GC(314) ParOldGen: 249237K(249344K)->249237K(249344K)
[75.201s][info][gc,metaspace] GC(314) Metaspace: 6092K(6208K)->6092K(6208K) NonClass: 5611K(5696K)->5611K(5696K) Class: 481K(512K)->481K(512K)
[75.201s][info][gc          ] GC(314) Pause Young (Allocation Failure) 405M->244M(400M) 1.744ms
[75.201s][info][gc,cpu      ] GC(314) User=0.00s Sys=0.00s Real=0.01s
[75.499s][info][gc,start    ] GC(315) Pause Young (Allocation Failure)
[75.500s][info][gc,heap     ] GC(315) PSYoungGen: 160512K(160768K)->512K(154624K) Eden: 159744K(159744K)->0K(154112K) From: 768K(1024K)->512K(512K)
[75.500s][info][gc,heap     ] GC(315) ParOldGen: 249237K(249344K)->249437K(249856K)
[75.500s][info][gc,metaspace] GC(315) Metaspace: 6092K(6208K)->6092K(6208K) NonClass: 5611K(5696K)->5611K(5696K) Class: 481K(512K)->481K(512K)
[75.500s][info][gc          ] GC(315) Pause Young (Allocation Failure) 400M->244M(395M) 1.766ms
[75.500s][info][gc,cpu      ] GC(315) User=0.01s Sys=0.00s Real=0.00s
[75.794s][info][gc,start    ] GC(316) Pause Young (Allocation Failure)
[75.795s][info][gc,heap     ] GC(316) PSYoungGen: 154624K(154624K)->704K(150016K) Eden: 154112K(154112K)->0K(148992K) From: 512K(512K)->704K(1024K)
[75.795s][info][gc,heap     ] GC(316) ParOldGen: 249437K(249856K)->249437K(249856K)
[75.795s][info][gc,metaspace] GC(316) Metaspace: 6092K(6208K)->6092K(6208K) NonClass: 5611K(5696K)->5611K(5696K) Class: 481K(512K)->481K(512K)
[75.795s][info][gc          ] GC(316) Pause Young (Allocation Failure) 394M->244M(390M) 1.518ms
[75.795s][info][gc,cpu      ] GC(316) User=0.00s Sys=0.00s Real=0.00s
[76.076s][info][gc,start    ] GC(317) Pause Young (Allocation Failure)
[76.077s][info][gc,heap     ] GC(317) PSYoungGen: 149696K(150016K)->640K(144896K) Eden: 148992K(148992K)->0K(143872K) From: 704K(1024K)->640K(1024K)
[76.077s][info][gc,heap     ] GC(317) ParOldGen: 249437K(249856K)->249461K(249856K)
[76.077s][info][gc,metaspace] GC(317) Metaspace: 6092K(6208K)->6092K(6208K) NonClass: 5611K(5696K)->5611K(5696K) Class: 481K(512K)->481K(512K)
[76.077s][info][gc          ] GC(317) Pause Young (Allocation Failure) 389M->244M(385M) 1.133ms
[76.077s][info][gc,cpu      ] GC(317) User=0.00s Sys=0.00s Real=0.00s
[76.325s][info][gc,start    ] GC(318) Pause Young (Allocation Failure)
[76.327s][info][gc,heap     ] GC(318) PSYoungGen: 144512K(144896K)->672K(140288K) Eden: 143872K(143872K)->0K(139264K) From: 640K(1024K)->672K(1024K)
[76.327s][info][gc,heap     ] GC(318) ParOldGen: 249461K(249856K)->249461K(249856K)
[76.327s][info][gc,metaspace] GC(318) Metaspace: 6092K(6208K)->6092K(6208K) NonClass: 5611K(5696K)->5611K(5696K) Class: 481K(512K)->481K(512K)
[76.327s][info][gc          ] GC(318) Pause Young (Allocation Failure) 384M->244M(381M) 1.383ms
[76.327s][info][gc,cpu      ] GC(318) User=0.00s Sys=0.00s Real=0.00s
[76.563s][info][gc,start    ] GC(319) Pause Young (Allocation Failure)
[76.564s][info][gc,heap     ] GC(319) PSYoungGen: 139936K(140288K)->512K(135168K) Eden: 139264K(139264K)->0K(134656K) From: 672K(1024K)->512K(512K)
[76.564s][info][gc,heap     ] GC(319) ParOldGen: 249461K(249856K)->249573K(249856K)
[76.564s][info][gc,metaspace] GC(319) Metaspace: 6092K(6208K)->6092K(6208K) NonClass: 5611K(5696K)->5611K(5696K) Class: 481K(512K)->481K(512K)
[76.564s][info][gc          ] GC(319) Pause Young (Allocation Failure) 380M->244M(376M) 1.161ms
[76.564s][info][gc,cpu      ] GC(319) User=0.00s Sys=0.00s Real=0.00s
[76.801s][info][gc,start    ] GC(320) Pause Young (Allocation Failure)
[76.802s][info][gc,heap     ] GC(320) PSYoungGen: 135168K(135168K)->530K(131584K) Eden: 134656K(134656K)->0K(130560K) From: 512K(512K)->530K(1024K)
[76.802s][info][gc,heap     ] GC(320) ParOldGen: 249573K(249856K)->249808K(249856K)
[76.802s][info][gc,metaspace] GC(320) Metaspace: 6092K(6208K)->6092K(6208K) NonClass: 5611K(5696K)->5611K(5696K) Class: 481K(512K)->481K(512K)
[76.802s][info][gc          ] GC(320) Pause Young (Allocation Failure) 375M->244M(372M) 1.771ms
[76.802s][info][gc,cpu      ] GC(320) User=0.00s Sys=0.00s Real=0.00s
[77.039s][info][gc,start    ] GC(321) Pause Young (Allocation Failure)
[77.041s][info][gc,heap     ] GC(321) PSYoungGen: 131090K(131584K)->818K(127488K) Eden: 130560K(130560K)->0K(126464K) From: 530K(1024K)->818K(1024K)
[77.041s][info][gc,heap     ] GC(321) ParOldGen: 249808K(249856K)->249904K(250368K)
[77.041s][info][gc,metaspace] GC(321) Metaspace: 6092K(6208K)->6092K(6208K) NonClass: 5611K(5696K)->5611K(5696K) Class: 481K(512K)->481K(512K)
[77.041s][info][gc          ] GC(321) Pause Young (Allocation Failure) 371M->244M(369M) 2.122ms
[77.041s][info][gc,cpu      ] GC(321) User=0.01s Sys=0.00s Real=0.01s
[77.268s][info][gc,start    ] GC(322) Pause Young (Allocation Failure)
[77.270s][info][gc,heap     ] GC(322) PSYoungGen: 127282K(127488K)->800K(123392K) Eden: 126464K(126464K)->0K(122368K) From: 818K(1024K)->800K(1024K)
[77.270s][info][gc,heap     ] GC(322) ParOldGen: 249904K(250368K)->249936K(250368K)
[77.270s][info][gc,metaspace] GC(322) Metaspace: 6092K(6208K)->6092K(6208K) NonClass: 5611K(5696K)->5611K(5696K) Class: 481K(512K)->481K(512K)
[77.270s][info][gc          ] GC(322) Pause Young (Allocation Failure) 368M->244M(365M) 1.784ms
[77.270s][info][gc,cpu      ] GC(322) User=0.00s Sys=0.00s Real=0.00s
[77.483s][info][gc,start    ] GC(323) Pause Young (Allocation Failure)
[77.484s][info][gc,heap     ] GC(323) PSYoungGen: 123168K(123392K)->512K(119296K) Eden: 122368K(122368K)->0K(118784K) From: 800K(1024K)->512K(512K)
[77.484s][info][gc,heap     ] GC(323) ParOldGen: 249936K(250368K)->250048K(250368K)
[77.484s][info][gc,metaspace] GC(323) Metaspace: 6092K(6208K)->6092K(6208K) NonClass: 5611K(5696K)->5611K(5696K) Class: 481K(512K)->481K(512K)
[77.485s][info][gc          ] GC(323) Pause Young (Allocation Failure) 364M->244M(361M) 1.086ms
[77.485s][info][gc,cpu      ] GC(323) User=0.00s Sys=0.00s Real=0.00s
[77.697s][info][gc,start    ] GC(324) Pause Young (Allocation Failure)
[77.699s][info][gc,heap     ] GC(324) PSYoungGen: 119296K(119296K)->754K(116224K) Eden: 118784K(118784K)->0K(115200K) From: 512K(512K)->754K(1024K)
[77.699s][info][gc,heap     ] GC(324) ParOldGen: 250048K(250368K)->250048K(250368K)
[77.699s][info][gc,metaspace] GC(324) Metaspace: 6092K(6208K)->6092K(6208K) NonClass: 5611K(5696K)->5611K(5696K) Class: 481K(512K)->481K(512K)
[77.699s][info][gc          ] GC(324) Pause Young (Allocation Failure) 360M->244M(358M) 2.464ms
[77.699s][info][gc,cpu      ] GC(324) User=0.00s Sys=0.00s Real=0.00s
[77.894s][info][gc,start    ] GC(325) Pause Young (Allocation Failure)
[77.896s][info][gc,heap     ] GC(325) PSYoungGen: 115954K(116224K)->704K(112640K) Eden: 115200K(115200K)->0K(111616K) From: 754K(1024K)->704K(1024K)
[77.896s][info][gc,heap     ] GC(325) ParOldGen: 250048K(250368K)->250088K(250368K)
[77.896s][info][gc,metaspace] GC(325) Metaspace: 6092K(6208K)->6092K(6208K) NonClass: 5611K(5696K)->5611K(5696K) Class: 481K(512K)->481K(512K)
[77.896s][info][gc          ] GC(325) Pause Young (Allocation Failure) 357M->244M(354M) 2.205ms
[77.896s][info][gc,cpu      ] GC(325) User=0.00s Sys=0.00s Real=0.00s
[78.099s][info][gc,start    ] GC(326) Pause Young (Allocation Failure)
[78.101s][info][gc,heap     ] GC(326) PSYoungGen: 112320K(112640K)->690K(109568K) Eden: 111616K(111616K)->0K(108544K) From: 704K(1024K)->690K(1024K)
[78.101s][info][gc,heap     ] GC(326) ParOldGen: 250088K(250368K)->250088K(250368K)
[78.101s][info][gc,metaspace] GC(326) Metaspace: 6092K(6208K)->6092K(6208K) NonClass: 5611K(5696K)->5611K(5696K) Class: 481K(512K)->481K(512K)
[78.101s][info][gc          ] GC(326) Pause Young (Allocation Failure) 353M->244M(351M) 2.384ms
[78.101s][info][gc,cpu      ] GC(326) User=0.00s Sys=0.00s Real=0.01s
[78.322s][info][gc,start    ] GC(327) Pause Young (Allocation Failure)
[78.324s][info][gc,heap     ] GC(327) PSYoungGen: 109234K(109568K)->498K(105984K) Eden: 108544K(108544K)->0K(105472K) From: 690K(1024K)->498K(512K)
[78.324s][info][gc,heap     ] GC(327) ParOldGen: 250088K(250368K)->250208K(250368K)
[78.324s][info][gc,metaspace] GC(327) Metaspace: 6092K(6208K)->6092K(6208K) NonClass: 5611K(5696K)->5611K(5696K) Class: 481K(512K)->481K(512K)
[78.324s][info][gc          ] GC(327) Pause Young (Allocation Failure) 350M->244M(348M) 1.879ms
[78.324s][info][gc,cpu      ] GC(327) User=0.00s Sys=0.00s Real=0.00s
[78.537s][info][gc,start    ] GC(328) Pause Young (Allocation Failure)
[78.539s][info][gc,heap     ] GC(328) PSYoungGen: 105970K(105984K)->677K(103424K) Eden: 105472K(105472K)->0K(102400K) From: 498K(512K)->677K(1024K)
[78.539s][info][gc,heap     ] GC(328) ParOldGen: 250208K(250368K)->250208K(250368K)
[78.539s][info][gc,metaspace] GC(328) Metaspace: 6092K(6208K)->6092K(6208K) NonClass: 5611K(5696K)->5611K(5696K) Class: 481K(512K)->481K(512K)
[78.539s][info][gc          ] GC(328) Pause Young (Allocation Failure) 347M->245M(345M) 2.346ms
[78.539s][info][gc,cpu      ] GC(328) User=0.01s Sys=0.00s Real=0.00s
[78.753s][info][gc,start    ] GC(329) Pause Young (Allocation Failure)
[78.757s][info][gc,heap     ] GC(329) PSYoungGen: 103077K(103424K)->480K(123392K) Eden: 102400K(102400K)->0K(122880K) From: 677K(1024K)->480K(512K)
[78.757s][info][gc,heap     ] GC(329) ParOldGen: 250208K(250368K)->250551K(250880K)
[78.757s][info][gc,metaspace] GC(329) Metaspace: 6092K(6208K)->6092K(6208K) NonClass: 5611K(5696K)->5611K(5696K) Class: 481K(512K)->481K(512K)
[78.757s][info][gc          ] GC(329) Pause Young (Allocation Failure) 345M->245M(365M) 3.523ms
[78.757s][info][gc,cpu      ] GC(329) User=0.01s Sys=0.00s Real=0.00s
[79.008s][info][gc,start    ] GC(330) Pause Young (Allocation Failure)
[79.011s][info][gc,heap     ] GC(330) PSYoungGen: 123360K(123392K)->800K(148480K) Eden: 122880K(122880K)->0K(147456K) From: 480K(512K)->800K(1024K)
[79.011s][info][gc,heap     ] GC(330) ParOldGen: 250551K(250880K)->250647K(250880K)
[79.011s][info][gc,metaspace] GC(330) Metaspace: 6092K(6208K)->6092K(6208K) NonClass: 5611K(5696K)->5611K(5696K) Class: 481K(512K)->481K(512K)
[79.011s][info][gc          ] GC(330) Pause Young (Allocation Failure) 365M->245M(390M) 2.984ms
[79.011s][info][gc,cpu      ] GC(330) User=0.00s Sys=0.00s Real=0.01s
[79.327s][info][gc,start    ] GC(331) Pause Young (Allocation Failure)
[79.330s][info][gc,heap     ] GC(331) PSYoungGen: 148256K(148480K)->736K(178176K) Eden: 147456K(147456K)->0K(177152K) From: 800K(1024K)->736K(1024K)
[79.330s][info][gc,heap     ] GC(331) ParOldGen: 250647K(250880K)->250703K(250880K)
[79.330s][info][gc,metaspace] GC(331) Metaspace: 6092K(6208K)->6092K(6208K) NonClass: 5611K(5696K)->5611K(5696K) Class: 481K(512K)->481K(512K)
[79.330s][info][gc          ] GC(331) Pause Young (Allocation Failure) 389M->245M(419M) 2.813ms
[79.330s][info][gc,cpu      ] GC(331) User=0.00s Sys=0.00s Real=0.00s
[79.712s][info][gc,start    ] GC(332) Pause Young (Allocation Failure)
[79.715s][info][gc,heap     ] GC(332) PSYoungGen: 177888K(178176K)->722K(172032K) Eden: 177152K(177152K)->0K(171008K) From: 736K(1024K)->722K(1024K)
[79.715s][info][gc,heap     ] GC(332) ParOldGen: 250703K(250880K)->250703K(250880K)
[79.715s][info][gc,metaspace] GC(332) Metaspace: 6092K(6208K)->6092K(6208K) NonClass: 5611K(5696K)->5611K(5696K) Class: 481K(512K)->481K(512K)
[79.715s][info][gc          ] GC(332) Pause Young (Allocation Failure) 418M->245M(413M) 2.729ms
[79.715s][info][gc,cpu      ] GC(332) User=0.01s Sys=0.00s Real=0.00s
[80.138s][info][gc,start    ] GC(333) Pause Young (Allocation Failure)
[80.141s][info][gc,heap     ] GC(333) PSYoungGen: 171730K(172032K)->498K(165376K) Eden: 171008K(171008K)->0K(164864K) From: 722K(1024K)->498K(512K)
[80.141s][info][gc,heap     ] GC(333) ParOldGen: 250703K(250880K)->250879K(250880K)
[80.141s][info][gc,metaspace] GC(333) Metaspace: 6092K(6208K)->6092K(6208K) NonClass: 5611K(5696K)->5611K(5696K) Class: 481K(512K)->481K(512K)
[80.141s][info][gc          ] GC(333) Pause Young (Allocation Failure) 412M->245M(406M) 2.450ms
[80.141s][info][gc,cpu      ] GC(333) User=0.00s Sys=0.01s Real=0.01s
[80.495s][info][gc,start    ] GC(334) Pause Young (Allocation Failure)
[80.497s][info][gc,heap     ] GC(334) PSYoungGen: 165362K(165376K)->690K(160256K) Eden: 164864K(164864K)->0K(159232K) From: 498K(512K)->690K(1024K)
[80.497s][info][gc,heap     ] GC(334) ParOldGen: 250879K(250880K)->250879K(250880K)
[80.497s][info][gc,metaspace] GC(334) Metaspace: 6092K(6208K)->6092K(6208K) NonClass: 5611K(5696K)->5611K(5696K) Class: 481K(512K)->481K(512K)
[80.497s][info][gc          ] GC(334) Pause Young (Allocation Failure) 406M->245M(401M) 2.259ms
[80.497s][info][gc,cpu      ] GC(334) User=0.00s Sys=0.00s Real=0.00s
[80.813s][info][gc,start    ] GC(335) Pause Young (Allocation Failure)
[80.816s][info][gc,heap     ] GC(335) PSYoungGen: 159922K(160256K)->736K(154624K) Eden: 159232K(159232K)->0K(153600K) From: 690K(1024K)->736K(1024K)
[80.816s][info][gc,heap     ] GC(335) ParOldGen: 250879K(250880K)->250927K(251392K)
[80.816s][info][gc,metaspace] GC(335) Metaspace: 6092K(6208K)->6092K(6208K) NonClass: 5611K(5696K)->5611K(5696K) Class: 481K(512K)->481K(512K)
[80.816s][info][gc          ] GC(335) Pause Young (Allocation Failure) 401M->245M(396M) 2.597ms
[80.816s][info][gc,cpu      ] GC(335) User=0.01s Sys=0.00s Real=0.00s
[81.118s][info][gc,start    ] GC(336) Pause Young (Allocation Failure)
[81.119s][info][gc,heap     ] GC(336) PSYoungGen: 154336K(154624K)->704K(149504K) Eden: 153600K(153600K)->0K(148480K) From: 736K(1024K)->704K(1024K)
[81.119s][info][gc,heap     ] GC(336) ParOldGen: 250927K(251392K)->250927K(251392K)
[81.119s][info][gc,metaspace] GC(336) Metaspace: 6092K(6208K)->6092K(6208K) NonClass: 5611K(5696K)->5611K(5696K) Class: 481K(512K)->481K(512K)
[81.119s][info][gc          ] GC(336) Pause Young (Allocation Failure) 395M->245M(391M) 1.237ms
[81.119s][info][gc,cpu      ] GC(336) User=0.00s Sys=0.00s Real=0.00s
[81.437s][info][gc,start    ] GC(337) Pause Young (Allocation Failure)
[81.438s][info][gc,heap     ] GC(337) PSYoungGen: 149184K(149504K)->512K(143872K) Eden: 148480K(148480K)->0K(143360K) From: 704K(1024K)->512K(512K)
[81.438s][info][gc,heap     ] GC(337) ParOldGen: 250927K(251392K)->251103K(251392K)
[81.438s][info][gc,metaspace] GC(337) Metaspace: 6092K(6208K)->6092K(6208K) NonClass: 5611K(5696K)->5611K(5696K) Class: 481K(512K)->481K(512K)
[81.438s][info][gc          ] GC(337) Pause Young (Allocation Failure) 390M->245M(386M) 1.227ms
[81.438s][info][gc,cpu      ] GC(337) User=0.00s Sys=0.00s Real=0.00s
[81.664s][info][gc,start    ] GC(338) Pause Young (Allocation Failure)
[81.666s][info][gc,heap     ] GC(338) PSYoungGen: 143872K(143872K)->832K(139776K) Eden: 143360K(143360K)->0K(138752K) From: 512K(512K)->832K(1024K)
[81.666s][info][gc,heap     ] GC(338) ParOldGen: 251103K(251392K)->251103K(251392K)
[81.666s][info][gc,metaspace] GC(338) Metaspace: 6092K(6208K)->6092K(6208K) NonClass: 5611K(5696K)->5611K(5696K) Class: 481K(512K)->481K(512K)
[81.666s][info][gc          ] GC(338) Pause Young (Allocation Failure) 385M->246M(382M) 1.691ms
[81.666s][info][gc,cpu      ] GC(338) User=0.00s Sys=0.00s Real=0.00s
[81.974s][info][gc,start    ] GC(339) Pause Young (Allocation Failure)
[81.976s][info][gc,heap     ] GC(339) PSYoungGen: 139584K(139776K)->768K(135168K) Eden: 138752K(138752K)->0K(134144K) From: 832K(1024K)->768K(1024K)
[81.976s][info][gc,heap     ] GC(339) ParOldGen: 251103K(251392K)->251119K(251392K)
[81.976s][info][gc,metaspace] GC(339) Metaspace: 6092K(6208K)->6092K(6208K) NonClass: 5611K(5696K)->5611K(5696K) Class: 481K(512K)->481K(512K)
[81.976s][info][gc          ] GC(339) Pause Young (Allocation Failure) 381M->245M(377M) 1.380ms
[81.976s][info][gc,cpu      ] GC(339) User=0.00s Sys=0.00s Real=0.00s
[82.265s][info][gc,start    ] GC(340) Pause Young (Allocation Failure)
[82.266s][info][gc,heap     ] GC(340) PSYoungGen: 134912K(135168K)->448K(130560K) Eden: 134144K(134144K)->0K(130048K) From: 768K(1024K)->448K(512K)
[82.266s][info][gc,heap     ] GC(340) ParOldGen: 251119K(251392K)->251119K(251392K)
[82.266s][info][gc,metaspace] GC(340) Metaspace: 6092K(6208K)->6092K(6208K) NonClass: 5611K(5696K)->5611K(5696K) Class: 481K(512K)->481K(512K)
[82.266s][info][gc          ] GC(340) Pause Young (Allocation Failure) 376M->245M(373M) 1.012ms
[82.266s][info][gc,cpu      ] GC(340) User=0.00s Sys=0.00s Real=0.00s
[82.544s][info][gc,start    ] GC(341) Pause Young (Allocation Failure)
[82.545s][info][gc,heap     ] GC(341) PSYoungGen: 130496K(130560K)->672K(126976K) Eden: 130048K(130048K)->0K(125952K) From: 448K(512K)->672K(1024K)
[82.545s][info][gc,heap     ] GC(341) ParOldGen: 251119K(251392K)->251119K(251392K)
[82.545s][info][gc,metaspace] GC(341) Metaspace: 6092K(6208K)->6092K(6208K) NonClass: 5611K(5696K)->5611K(5696K) Class: 481K(512K)->481K(512K)
[82.545s][info][gc          ] GC(341) Pause Young (Allocation Failure) 372M->245M(369M) 1.120ms
[82.545s][info][gc,cpu      ] GC(341) User=0.00s Sys=0.00s Real=0.00s
[82.764s][info][gc,start    ] GC(342) Pause Young (Allocation Failure)
[82.765s][info][gc,heap     ] GC(342) PSYoungGen: 126624K(126976K)->672K(122880K) Eden: 125952K(125952K)->0K(121856K) From: 672K(1024K)->672K(1024K)
[82.765s][info][gc,heap     ] GC(342) ParOldGen: 251119K(251392K)->251119K(251392K)
[82.765s][info][gc,metaspace] GC(342) Metaspace: 6092K(6208K)->6092K(6208K) NonClass: 5611K(5696K)->5611K(5696K) Class: 481K(512K)->481K(512K)
[82.765s][info][gc          ] GC(342) Pause Young (Allocation Failure) 368M->245M(365M) 1.226ms
[82.765s][info][gc,cpu      ] GC(342) User=0.00s Sys=0.00s Real=0.00s
[82.984s][info][gc,start    ] GC(343) Pause Young (Allocation Failure)
[82.986s][info][gc,heap     ] GC(343) PSYoungGen: 122528K(122880K)->512K(118784K) Eden: 121856K(121856K)->0K(118272K) From: 672K(1024K)->512K(512K)
[82.986s][info][gc,heap     ] GC(343) ParOldGen: 251119K(251392K)->251327K(251392K)
[82.986s][info][gc,metaspace] GC(343) Metaspace: 6092K(6208K)->6092K(6208K) NonClass: 5611K(5696K)->5611K(5696K) Class: 481K(512K)->481K(512K)
[82.986s][info][gc          ] GC(343) Pause Young (Allocation Failure) 364M->245M(361M) 1.516ms
[82.986s][info][gc,cpu      ] GC(343) User=0.01s Sys=0.00s Real=0.00s
[83.201s][info][gc,start    ] GC(344) Pause Young (Allocation Failure)
[83.202s][info][gc,heap     ] GC(344) PSYoungGen: 118784K(118784K)->754K(115712K) Eden: 118272K(118272K)->0K(114688K) From: 512K(512K)->754K(1024K)
[83.202s][info][gc,heap     ] GC(344) ParOldGen: 251327K(251392K)->251327K(251392K)
[83.202s][info][gc,metaspace] GC(344) Metaspace: 6092K(6208K)->6092K(6208K) NonClass: 5611K(5696K)->5611K(5696K) Class: 481K(512K)->481K(512K)
[83.202s][info][gc          ] GC(344) Pause Young (Allocation Failure) 361M->246M(358M) 1.580ms
[83.202s][info][gc,cpu      ] GC(344) User=0.01s Sys=0.00s Real=0.00s
[83.397s][info][gc,start    ] GC(345) Pause Young (Allocation Failure)
[83.398s][info][gc,heap     ] GC(345) PSYoungGen: 115442K(115712K)->704K(112128K) Eden: 114688K(114688K)->0K(111104K) From: 754K(1024K)->704K(1024K)
[83.398s][info][gc,heap     ] GC(345) ParOldGen: 251327K(251392K)->251367K(251392K)
[83.398s][info][gc,metaspace] GC(345) Metaspace: 6092K(6208K)->6092K(6208K) NonClass: 5611K(5696K)->5611K(5696K) Class: 481K(512K)->481K(512K)
[83.398s][info][gc          ] GC(345) Pause Young (Allocation Failure) 358M->246M(355M) 1.519ms
[83.398s][info][gc,cpu      ] GC(345) User=0.01s Sys=0.00s Real=0.00s
[83.574s][info][gc,start    ] GC(346) Pause Young (Allocation Failure)
[83.576s][info][gc,heap     ] GC(346) PSYoungGen: 111808K(112128K)->800K(109056K) Eden: 111104K(111104K)->0K(108032K) From: 704K(1024K)->800K(1024K)
[83.576s][info][gc,heap     ] GC(346) ParOldGen: 251367K(251392K)->251367K(251392K)
[83.576s][info][gc,metaspace] GC(346) Metaspace: 6092K(6208K)->6092K(6208K) NonClass: 5611K(5696K)->5611K(5696K) Class: 481K(512K)->481K(512K)
[83.576s][info][gc          ] GC(346) Pause Young (Allocation Failure) 354M->246M(352M) 1.376ms
[83.576s][info][gc,cpu      ] GC(346) User=0.00s Sys=0.00s Real=0.00s
[83.693s][info][gc,start    ] GC(347) Pause Young (Allocation Failure)
[83.694s][info][gc,heap     ] GC(347) PSYoungGen: 108832K(109056K)->512K(105472K) Eden: 108032K(108032K)->0K(104960K) From: 800K(1024K)->512K(512K)
[83.695s][info][gc,heap     ] GC(347) ParOldGen: 251367K(251392K)->251479K(251904K)
[83.695s][info][gc,metaspace] GC(347) Metaspace: 6092K(6208K)->6092K(6208K) NonClass: 5611K(5696K)->5611K(5696K) Class: 481K(512K)->481K(512K)
[83.695s][info][gc          ] GC(347) Pause Young (Allocation Failure) 351M->246M(349M) 1.133ms
[83.695s][info][gc,cpu      ] GC(347) User=0.00s Sys=0.00s Real=0.00s
[83.803s][info][gc,start    ] GC(348) Pause Young (Allocation Failure)
[83.805s][info][gc,heap     ] GC(348) PSYoungGen: 105472K(105472K)->722K(102912K) Eden: 104960K(104960K)->0K(101888K) From: 512K(512K)->722K(1024K)
[83.805s][info][gc,heap     ] GC(348) ParOldGen: 251479K(251904K)->251479K(251904K)
[83.805s][info][gc,metaspace] GC(348) Metaspace: 6092K(6208K)->6092K(6208K) NonClass: 5611K(5696K)->5611K(5696K) Class: 481K(512K)->481K(512K)
[83.805s][info][gc          ] GC(348) Pause Young (Allocation Failure) 348M->246M(346M) 1.263ms
[83.805s][info][gc,cpu      ] GC(348) User=0.00s Sys=0.00s Real=0.00s
[83.963s][info][gc,start    ] GC(349) Pause Young (Allocation Failure)
[83.964s][info][gc,heap     ] GC(349) PSYoungGen: 102610K(102912K)->672K(99840K) Eden: 101888K(101888K)->0K(98816K) From: 722K(1024K)->672K(1024K)
[83.964s][info][gc,heap     ] GC(349) ParOldGen: 251479K(251904K)->251519K(251904K)
[83.964s][info][gc,metaspace] GC(349) Metaspace: 6092K(6208K)->6092K(6208K) NonClass: 5611K(5696K)->5611K(5696K) Class: 481K(512K)->481K(512K)
[83.965s][info][gc          ] GC(349) Pause Young (Allocation Failure) 345M->246M(343M) 1.353ms
[83.965s][info][gc,cpu      ] GC(349) User=0.00s Sys=0.00s Real=0.00s
[84.140s][info][gc,start    ] GC(350) Pause Young (Allocation Failure)
[84.141s][info][gc,heap     ] GC(350) PSYoungGen: 99488K(99840K)->640K(97280K) Eden: 98816K(98816K)->0K(96256K) From: 672K(1024K)->640K(1024K)
[84.141s][info][gc,heap     ] GC(350) ParOldGen: 251519K(251904K)->251519K(251904K)
[84.141s][info][gc,metaspace] GC(350) Metaspace: 6092K(6208K)->6092K(6208K) NonClass: 5611K(5696K)->5611K(5696K) Class: 481K(512K)->481K(512K)
[84.141s][info][gc          ] GC(350) Pause Young (Allocation Failure) 342M->246M(341M) 1.121ms
[84.141s][info][gc,cpu      ] GC(350) User=0.00s Sys=0.00s Real=0.01s
[84.350s][info][gc,start    ] GC(351) Pause Young (Allocation Failure)
[84.352s][info][gc,heap     ] GC(351) PSYoungGen: 96896K(97280K)->160K(94208K) Eden: 96256K(96256K)->0K(93696K) From: 640K(1024K)->160K(512K)
[84.352s][info][gc,heap     ] GC(351) ParOldGen: 251519K(251904K)->252116K(252416K)
[84.352s][info][gc,metaspace] GC(351) Metaspace: 6092K(6208K)->6092K(6208K) NonClass: 5611K(5696K)->5611K(5696K) Class: 481K(512K)->481K(512K)
[84.352s][info][gc          ] GC(351) Pause Young (Allocation Failure) 340M->246M(338M) 1.995ms
[84.352s][info][gc,cpu      ] GC(351) User=0.00s Sys=0.00s Real=0.01s
[84.572s][info][gc,start    ] GC(352) Pause Young (Allocation Failure)
[84.574s][info][gc,heap     ] GC(352) PSYoungGen: 93856K(94208K)->832K(92160K) Eden: 93696K(93696K)->0K(91136K) From: 160K(512K)->832K(1024K)
[84.574s][info][gc,heap     ] GC(352) ParOldGen: 252116K(252416K)->252260K(252416K)
[84.574s][info][gc,metaspace] GC(352) Metaspace: 6092K(6208K)->6092K(6208K) NonClass: 5611K(5696K)->5611K(5696K) Class: 481K(512K)->481K(512K)
[84.574s][info][gc          ] GC(352) Pause Young (Allocation Failure) 337M->247M(336M) 2.036ms
[84.574s][info][gc,cpu      ] GC(352) User=0.00s Sys=0.00s Real=0.00s
[84.806s][info][gc,start    ] GC(353) Pause Young (Allocation Failure)
[84.808s][info][gc,heap     ] GC(353) PSYoungGen: 91968K(92160K)->480K(89088K) Eden: 91136K(91136K)->0K(88576K) From: 832K(1024K)->480K(512K)
[84.808s][info][gc,heap     ] GC(353) ParOldGen: 252260K(252416K)->252703K(252928K)
[84.808s][info][gc,metaspace] GC(353) Metaspace: 6092K(6208K)->6092K(6208K) NonClass: 5611K(5696K)->5611K(5696K) Class: 481K(512K)->481K(512K)
[84.808s][info][gc          ] GC(353) Pause Young (Allocation Failure) 336M->247M(334M) 2.065ms
[84.808s][info][gc,cpu      ] GC(353) User=0.01s Sys=0.00s Real=0.00s
[85.030s][info][gc,start    ] GC(354) Pause Young (Allocation Failure)
[85.031s][info][gc,heap     ] GC(354) PSYoungGen: 89056K(89088K)->722K(87552K) Eden: 88576K(88576K)->0K(86528K) From: 480K(512K)->722K(1024K)
[85.031s][info][gc,heap     ] GC(354) ParOldGen: 252703K(252928K)->252767K(252928K)
[85.031s][info][gc,metaspace] GC(354) Metaspace: 6092K(6208K)->6092K(6208K) NonClass: 5611K(5696K)->5611K(5696K) Class: 481K(512K)->481K(512K)
[85.031s][info][gc          ] GC(354) Pause Young (Allocation Failure) 333M->247M(332M) 1.363ms
[85.031s][info][gc,cpu      ] GC(354) User=0.00s Sys=0.00s Real=0.01s
[85.249s][info][gc,start    ] GC(355) Pause Young (Allocation Failure)
[85.250s][info][gc,heap     ] GC(355) PSYoungGen: 87250K(87552K)->736K(242688K) Eden: 86528K(86528K)->0K(241664K) From: 722K(1024K)->736K(1024K)
[85.250s][info][gc,heap     ] GC(355) ParOldGen: 252767K(252928K)->252815K(252928K)
[85.250s][info][gc,metaspace] GC(355) Metaspace: 6092K(6208K)->6092K(6208K) NonClass: 5611K(5696K)->5611K(5696K) Class: 481K(512K)->481K(512K)
[85.250s][info][gc          ] GC(355) Pause Young (Allocation Failure) 332M->247M(484M) 1.530ms
[85.250s][info][gc,cpu      ] GC(355) User=0.01s Sys=0.00s Real=0.01s
[85.865s][info][gc,start    ] GC(356) Pause Young (Allocation Failure)
[85.867s][info][gc,heap     ] GC(356) PSYoungGen: 242400K(242688K)->736K(233472K) Eden: 241664K(241664K)->0K(232448K) From: 736K(1024K)->736K(1024K)
[85.867s][info][gc,heap     ] GC(356) ParOldGen: 252815K(252928K)->252815K(252928K)
[85.867s][info][gc,metaspace] GC(356) Metaspace: 6092K(6208K)->6092K(6208K) NonClass: 5611K(5696K)->5611K(5696K) Class: 481K(512K)->481K(512K)
[85.867s][info][gc          ] GC(356) Pause Young (Allocation Failure) 483M->247M(475M) 1.969ms
[85.867s][info][gc,cpu      ] GC(356) User=0.00s Sys=0.00s Real=0.00s
[86.429s][info][gc,start    ] GC(357) Pause Young (Allocation Failure)
[86.431s][info][gc,heap     ] GC(357) PSYoungGen: 233184K(233472K)->512K(224256K) Eden: 232448K(232448K)->0K(223744K) From: 736K(1024K)->512K(512K)
[86.431s][info][gc,heap     ] GC(357) ParOldGen: 252815K(252928K)->253031K(253440K)
[86.431s][info][gc,metaspace] GC(357) Metaspace: 6092K(6208K)->6092K(6208K) NonClass: 5611K(5696K)->5611K(5696K) Class: 481K(512K)->481K(512K)
[86.431s][info][gc          ] GC(357) Pause Young (Allocation Failure) 474M->247M(466M) 1.893ms
[86.431s][info][gc,cpu      ] GC(357) User=0.00s Sys=0.00s Real=0.01s
[86.949s][info][gc,start    ] GC(358) Pause Young (Allocation Failure)
[86.951s][info][gc,heap     ] GC(358) PSYoungGen: 224256K(224256K)->800K(216576K) Eden: 223744K(223744K)->0K(215552K) From: 512K(512K)->800K(1024K)
[86.951s][info][gc,heap     ] GC(358) ParOldGen: 253031K(253440K)->253031K(253440K)
[86.951s][info][gc,metaspace] GC(358) Metaspace: 6092K(6208K)->6092K(6208K) NonClass: 5611K(5696K)->5611K(5696K) Class: 481K(512K)->481K(512K)
[86.951s][info][gc          ] GC(358) Pause Young (Allocation Failure) 466M->247M(459M) 2.014ms
[86.951s][info][gc,cpu      ] GC(358) User=0.01s Sys=0.00s Real=0.01s
[87.358s][info][gc,start    ] GC(359) Pause Young (Allocation Failure)
[87.359s][info][gc,heap     ] GC(359) PSYoungGen: 216352K(216576K)->672K(208384K) Eden: 215552K(215552K)->0K(207360K) From: 800K(1024K)->672K(1024K)
[87.359s][info][gc,heap     ] GC(359) ParOldGen: 253031K(253440K)->253063K(253440K)
[87.359s][info][gc,metaspace] GC(359) Metaspace: 6092K(6208K)->6092K(6208K) NonClass: 5611K(5696K)->5611K(5696K) Class: 481K(512K)->481K(512K)
[87.359s][info][gc          ] GC(359) Pause Young (Allocation Failure) 458M->247M(451M) 1.161ms
[87.359s][info][gc,cpu      ] GC(359) User=0.00s Sys=0.00s Real=0.00s
[87.800s][info][gc,start    ] GC(360) Pause Young (Allocation Failure)
[87.802s][info][gc,heap     ] GC(360) PSYoungGen: 208032K(208384K)->672K(200704K) Eden: 207360K(207360K)->0K(199680K) From: 672K(1024K)->672K(1024K)
[87.802s][info][gc,heap     ] GC(360) ParOldGen: 253063K(253440K)->253063K(253440K)
[87.802s][info][gc,metaspace] GC(360) Metaspace: 6092K(6208K)->6092K(6208K) NonClass: 5611K(5696K)->5611K(5696K) Class: 481K(512K)->481K(512K)
[87.802s][info][gc          ] GC(360) Pause Young (Allocation Failure) 450M->247M(443M) 1.532ms
[87.802s][info][gc,cpu      ] GC(360) User=0.01s Sys=0.00s Real=0.01s
[88.249s][info][gc,start    ] GC(361) Pause Young (Allocation Failure)
[88.251s][info][gc,heap     ] GC(361) PSYoungGen: 200352K(200704K)->498K(193024K) Eden: 199680K(199680K)->0K(192512K) From: 672K(1024K)->498K(512K)
[88.251s][info][gc,heap     ] GC(361) ParOldGen: 253063K(253440K)->253183K(253440K)
[88.251s][info][gc,metaspace] GC(361) Metaspace: 6092K(6208K)->6092K(6208K) NonClass: 5611K(5696K)->5611K(5696K) Class: 481K(512K)->481K(512K)
[88.251s][info][gc          ] GC(361) Pause Young (Allocation Failure) 442M->247M(436M) 2.284ms
[88.251s][info][gc,cpu      ] GC(361) User=0.00s Sys=0.00s Real=0.01s
[88.633s][info][gc,start    ] GC(362) Pause Young (Allocation Failure)
[88.636s][info][gc,heap     ] GC(362) PSYoungGen: 193010K(193024K)->741K(186368K) Eden: 192512K(192512K)->0K(185344K) From: 498K(512K)->741K(1024K)
[88.636s][info][gc,heap     ] GC(362) ParOldGen: 253183K(253440K)->253183K(253440K)
[88.636s][info][gc,metaspace] GC(362) Metaspace: 6092K(6208K)->6092K(6208K) NonClass: 5611K(5696K)->5611K(5696K) Class: 481K(512K)->481K(512K)
[88.636s][info][gc          ] GC(362) Pause Young (Allocation Failure) 435M->247M(429M) 2.430ms
[88.636s][info][gc,cpu      ] GC(362) User=0.00s Sys=0.00s Real=0.00s
[89.017s][info][gc,start    ] GC(363) Pause Young (Allocation Failure)
[89.019s][info][gc,heap     ] GC(363) PSYoungGen: 186085K(186368K)->736K(179712K) Eden: 185344K(185344K)->0K(178688K) From: 741K(1024K)->736K(1024K)
[89.019s][info][gc,heap     ] GC(363) ParOldGen: 253183K(253440K)->253239K(253440K)
[89.019s][info][gc,metaspace] GC(363) Metaspace: 6105K(6208K)->6105K(6208K) NonClass: 5624K(5696K)->5624K(5696K) Class: 481K(512K)->481K(512K)
[89.019s][info][gc          ] GC(363) Pause Young (Allocation Failure) 428M->248M(423M) 1.497ms
[89.019s][info][gc,cpu      ] GC(363) User=0.00s Sys=0.00s Real=0.00s
[89.412s][info][gc,start    ] GC(364) Pause Young (Allocation Failure)
[89.414s][info][gc,heap     ] GC(364) PSYoungGen: 179424K(179712K)->704K(173568K) Eden: 178688K(178688K)->0K(172544K) From: 736K(1024K)->704K(1024K)
[89.414s][info][gc,heap     ] GC(364) ParOldGen: 253239K(253440K)->253239K(253440K)
[89.414s][info][gc,metaspace] GC(364) Metaspace: 6105K(6208K)->6105K(6208K) NonClass: 5624K(5696K)->5624K(5696K) Class: 481K(512K)->481K(512K)
[89.414s][info][gc          ] GC(364) Pause Young (Allocation Failure) 422M->247M(417M) 1.491ms
[89.414s][info][gc,cpu      ] GC(364) User=0.00s Sys=0.01s Real=0.00s
[89.788s][info][gc,start    ] GC(365) Pause Young (Allocation Failure)
[89.789s][info][gc,heap     ] GC(365) PSYoungGen: 173248K(173568K)->512K(166912K) Eden: 172544K(172544K)->0K(166400K) From: 704K(1024K)->512K(512K)
[89.789s][info][gc,heap     ] GC(365) ParOldGen: 253239K(253440K)->253503K(253952K)
[89.789s][info][gc,metaspace] GC(365) Metaspace: 6105K(6208K)->6105K(6208K) NonClass: 5624K(5696K)->5624K(5696K) Class: 481K(512K)->481K(512K)
[89.789s][info][gc          ] GC(365) Pause Young (Allocation Failure) 416M->248M(411M) 1.556ms
[89.789s][info][gc,cpu      ] GC(365) User=0.01s Sys=0.00s Real=0.00s
[90.051s][info][gc,start    ] GC(366) Pause Young (Allocation Failure)
[90.052s][info][gc,heap     ] GC(366) PSYoungGen: 166912K(166912K)->736K(161792K) Eden: 166400K(166400K)->0K(160768K) From: 512K(512K)->736K(1024K)
[90.052s][info][gc,heap     ] GC(366) ParOldGen: 253503K(253952K)->253503K(253952K)
[90.052s][info][gc,metaspace] GC(366) Metaspace: 6105K(6208K)->6105K(6208K) NonClass: 5624K(5696K)->5624K(5696K) Class: 481K(512K)->481K(512K)
[90.052s][info][gc          ] GC(366) Pause Young (Allocation Failure) 410M->248M(406M) 1.218ms
[90.053s][info][gc,cpu      ] GC(366) User=0.00s Sys=0.00s Real=0.00s
[90.326s][info][gc,start    ] GC(367) Pause Young (Allocation Failure)
[90.328s][info][gc,heap     ] GC(367) PSYoungGen: 161504K(161792K)->768K(156160K) Eden: 160768K(160768K)->0K(155136K) From: 736K(1024K)->768K(1024K)
[90.328s][info][gc,heap     ] GC(367) ParOldGen: 253503K(253952K)->253519K(253952K)
[90.328s][info][gc,metaspace] GC(367) Metaspace: 6105K(6208K)->6105K(6208K) NonClass: 5624K(5696K)->5624K(5696K) Class: 481K(512K)->481K(512K)
[90.328s][info][gc          ] GC(367) Pause Young (Allocation Failure) 405M->248M(400M) 1.523ms
[90.328s][info][gc,cpu      ] GC(367) User=0.00s Sys=0.00s Real=0.00s
[90.619s][info][gc,start    ] GC(368) Pause Young (Allocation Failure)
[90.620s][info][gc,heap     ] GC(368) PSYoungGen: 155904K(156160K)->640K(151040K) Eden: 155136K(155136K)->0K(150016K) From: 768K(1024K)->640K(1024K)
[90.620s][info][gc,heap     ] GC(368) ParOldGen: 253519K(253952K)->253519K(253952K)
[90.620s][info][gc,metaspace] GC(368) Metaspace: 6105K(6208K)->6105K(6208K) NonClass: 5624K(5696K)->5624K(5696K) Class: 481K(512K)->481K(512K)
[90.620s][info][gc          ] GC(368) Pause Young (Allocation Failure) 399M->248M(395M) 1.136ms
[90.620s][info][gc,cpu      ] GC(368) User=0.00s Sys=0.00s Real=0.00s
[90.858s][info][gc,start    ] GC(369) Pause Young (Allocation Failure)
[90.859s][info][gc,heap     ] GC(369) PSYoungGen: 150656K(151040K)->512K(145408K) Eden: 150016K(150016K)->0K(144896K) From: 640K(1024K)->512K(512K)
[90.859s][info][gc,heap     ] GC(369) ParOldGen: 253519K(253952K)->253607K(253952K)
[90.859s][info][gc,metaspace] GC(369) Metaspace: 6105K(6208K)->6105K(6208K) NonClass: 5624K(5696K)->5624K(5696K) Class: 481K(512K)->481K(512K)
[90.859s][info][gc          ] GC(369) Pause Young (Allocation Failure) 394M->248M(390M) 1.088ms
[90.859s][info][gc,cpu      ] GC(369) User=0.00s Sys=0.00s Real=0.00s
[91.102s][info][gc,start    ] GC(370) Pause Young (Allocation Failure)
[91.103s][info][gc,heap     ] GC(370) PSYoungGen: 145408K(145408K)->416K(141312K) Eden: 144896K(144896K)->0K(140288K) From: 512K(512K)->416K(1024K)
[91.103s][info][gc,heap     ] GC(370) ParOldGen: 253607K(253952K)->253841K(253952K)
[91.103s][info][gc,metaspace] GC(370) Metaspace: 6105K(6208K)->6105K(6208K) NonClass: 5624K(5696K)->5624K(5696K) Class: 481K(512K)->481K(512K)
[91.103s][info][gc          ] GC(370) Pause Young (Allocation Failure) 389M->248M(386M) 1.687ms
[91.103s][info][gc,cpu      ] GC(370) User=0.01s Sys=0.00s Real=0.00s
[91.356s][info][gc,start    ] GC(371) Pause Young (Allocation Failure)
[91.357s][info][gc,heap     ] GC(371) PSYoungGen: 140704K(141312K)->754K(136704K) Eden: 140288K(140288K)->0K(135680K) From: 416K(1024K)->754K(1024K)
[91.357s][info][gc,heap     ] GC(371) ParOldGen: 253841K(253952K)->253929K(253952K)
[91.357s][info][gc,metaspace] GC(371) Metaspace: 6105K(6208K)->6105K(6208K) NonClass: 5624K(5696K)->5624K(5696K) Class: 481K(512K)->481K(512K)
[91.357s][info][gc          ] GC(371) Pause Young (Allocation Failure) 385M->248M(381M) 1.691ms
[91.357s][info][gc,cpu      ] GC(371) User=0.01s Sys=0.00s Real=0.00s
[91.600s][info][gc,start    ] GC(372) Pause Young (Allocation Failure)
[91.602s][info][gc,heap     ] GC(372) PSYoungGen: 136434K(136704K)->416K(132096K) Eden: 135680K(135680K)->0K(131584K) From: 754K(1024K)->416K(512K)
[91.602s][info][gc,heap     ] GC(372) ParOldGen: 253929K(253952K)->254288K(254464K)
[91.602s][info][gc,metaspace] GC(372) Metaspace: 6105K(6208K)->6105K(6208K) NonClass: 5624K(5696K)->5624K(5696K) Class: 481K(512K)->481K(512K)
[91.602s][info][gc          ] GC(372) Pause Young (Allocation Failure) 381M->248M(377M) 2.009ms
[91.602s][info][gc,cpu      ] GC(372) User=0.01s Sys=0.00s Real=0.01s
[91.838s][info][gc,start    ] GC(373) Pause Young (Allocation Failure)
[91.840s][info][gc,heap     ] GC(373) PSYoungGen: 132000K(132096K)->722K(128512K) Eden: 131584K(131584K)->0K(127488K) From: 416K(512K)->722K(1024K)
[91.840s][info][gc,heap     ] GC(373) ParOldGen: 254288K(254464K)->254368K(254464K)
[91.840s][info][gc,metaspace] GC(373) Metaspace: 6105K(6208K)->6105K(6208K) NonClass: 5624K(5696K)->5624K(5696K) Class: 481K(512K)->481K(512K)
[91.840s][info][gc          ] GC(373) Pause Young (Allocation Failure) 377M->249M(374M) 1.668ms
[91.840s][info][gc,cpu      ] GC(373) User=0.01s Sys=0.00s Real=0.00s
[92.066s][info][gc,start    ] GC(374) Pause Young (Allocation Failure)
[92.068s][info][gc,heap     ] GC(374) PSYoungGen: 128210K(128512K)->416K(123904K) Eden: 127488K(127488K)->0K(123392K) From: 722K(1024K)->416K(512K)
[92.068s][info][gc,heap     ] GC(374) ParOldGen: 254368K(254464K)->254702K(254976K)
[92.068s][info][gc,metaspace] GC(374) Metaspace: 6105K(6208K)->6105K(6208K) NonClass: 5624K(5696K)->5624K(5696K) Class: 481K(512K)->481K(512K)
[92.068s][info][gc          ] GC(374) Pause Young (Allocation Failure) 373M->249M(370M) 1.890ms
[92.068s][info][gc,cpu      ] GC(374) User=0.01s Sys=0.00s Real=0.00s
[92.280s][info][gc,start    ] GC(375) Pause Young (Allocation Failure)
[92.283s][info][gc,heap     ] GC(375) PSYoungGen: 123808K(123904K)->512K(120320K) Eden: 123392K(123392K)->0K(119808K) From: 416K(512K)->512K(512K)
[92.283s][info][gc,heap     ] GC(375) ParOldGen: 254702K(254976K)->255097K(255488K)
[92.283s][info][gc,metaspace] GC(375) Metaspace: 6105K(6208K)->6105K(6208K) NonClass: 5624K(5696K)->5624K(5696K) Class: 481K(512K)->481K(512K)
[92.283s][info][gc          ] GC(375) Pause Young (Allocation Failure) 369M->249M(367M) 2.322ms
[92.283s][info][gc,cpu      ] GC(375) User=0.00s Sys=0.00s Real=0.01s
[92.488s][info][gc,start    ] GC(376) Pause Young (Allocation Failure)
[92.490s][info][gc,heap     ] GC(376) PSYoungGen: 120320K(120320K)->722K(117248K) Eden: 119808K(119808K)->0K(116224K) From: 512K(512K)->722K(1024K)
[92.490s][info][gc,heap     ] GC(376) ParOldGen: 255097K(255488K)->255241K(255488K)
[92.490s][info][gc,metaspace] GC(376) Metaspace: 6105K(6208K)->6105K(6208K) NonClass: 5624K(5696K)->5624K(5696K) Class: 481K(512K)->481K(512K)
[92.490s][info][gc          ] GC(376) Pause Young (Allocation Failure) 366M->249M(364M) 1.689ms
[92.490s][info][gc,cpu      ] GC(376) User=0.01s Sys=0.00s Real=0.00s
[92.683s][info][gc,start    ] GC(377) Pause Young (Allocation Failure)
[92.685s][info][gc,heap     ] GC(377) PSYoungGen: 116946K(117248K)->416K(113152K) Eden: 116224K(116224K)->0K(112640K) From: 722K(1024K)->416K(512K)
[92.685s][info][gc,heap     ] GC(377) ParOldGen: 255241K(255488K)->255564K(256000K)
[92.685s][info][gc,metaspace] GC(377) Metaspace: 6105K(6208K)->6105K(6208K) NonClass: 5624K(5696K)->5624K(5696K) Class: 481K(512K)->481K(512K)
[92.685s][info][gc          ] GC(377) Pause Young (Allocation Failure) 363M->249M(360M) 1.722ms
[92.685s][info][gc,cpu      ] GC(377) User=0.00s Sys=0.00s Real=0.00s
[92.871s][info][gc,start    ] GC(378) Pause Young (Allocation Failure)
[92.872s][info][gc,heap     ] GC(378) PSYoungGen: 113056K(113152K)->690K(110592K) Eden: 112640K(112640K)->0K(109568K) From: 416K(512K)->690K(1024K)
[92.872s][info][gc,heap     ] GC(378) ParOldGen: 255564K(256000K)->255644K(256000K)
[92.872s][info][gc,metaspace] GC(378) Metaspace: 6105K(6208K)->6105K(6208K) NonClass: 5624K(5696K)->5624K(5696K) Class: 481K(512K)->481K(512K)
[92.872s][info][gc          ] GC(378) Pause Young (Allocation Failure) 359M->250M(358M) 1.327ms
[92.872s][info][gc,cpu      ] GC(378) User=0.01s Sys=0.00s Real=0.00s
[93.054s][info][gc,start    ] GC(379) Pause Young (Allocation Failure)
[93.055s][info][gc,heap     ] GC(379) PSYoungGen: 110258K(110592K)->640K(107520K) Eden: 109568K(109568K)->0K(106496K) From: 690K(1024K)->640K(1024K)
[93.055s][info][gc,heap     ] GC(379) ParOldGen: 255644K(256000K)->255708K(256000K)
[93.055s][info][gc,metaspace] GC(379) Metaspace: 6105K(6208K)->6105K(6208K) NonClass: 5624K(5696K)->5624K(5696K) Class: 481K(512K)->481K(512K)
[93.055s][info][gc          ] GC(379) Pause Young (Allocation Failure) 357M->250M(355M) 1.229ms
[93.055s][info][gc,cpu      ] GC(379) User=0.00s Sys=0.00s Real=0.00s
[93.232s][info][gc,start    ] GC(380) Pause Young (Allocation Failure)
[93.234s][info][gc,heap     ] GC(380) PSYoungGen: 107136K(107520K)->192K(103936K) Eden: 106496K(106496K)->0K(103424K) From: 640K(1024K)->192K(512K)
[93.234s][info][gc,heap     ] GC(380) ParOldGen: 255708K(256000K)->256313K(256512K)
[93.234s][info][gc,metaspace] GC(380) Metaspace: 6105K(6208K)->6105K(6208K) NonClass: 5624K(5696K)->5624K(5696K) Class: 481K(512K)->481K(512K)
[93.234s][info][gc          ] GC(380) Pause Young (Allocation Failure) 354M->250M(352M) 2.129ms
[93.234s][info][gc,cpu      ] GC(380) User=0.01s Sys=0.00s Real=0.00s
[93.404s][info][gc,start    ] GC(381) Pause Young (Allocation Failure)
[93.405s][info][gc,heap     ] GC(381) PSYoungGen: 103616K(103936K)->786K(101376K) Eden: 103424K(103424K)->0K(100352K) From: 192K(512K)->786K(1024K)
[93.406s][info][gc,heap     ] GC(381) ParOldGen: 256313K(256512K)->256481K(256512K)
[93.406s][info][gc,metaspace] GC(381) Metaspace: 6105K(6208K)->6105K(6208K) NonClass: 5624K(5696K)->5624K(5696K) Class: 481K(512K)->481K(512K)
[93.406s][info][gc          ] GC(381) Pause Young (Allocation Failure) 351M->251M(349M) 1.975ms
[93.406s][info][gc,cpu      ] GC(381) User=0.01s Sys=0.00s Real=0.00s
[93.566s][info][gc,start    ] GC(382) Pause Young (Allocation Failure)
[93.567s][info][gc,heap     ] GC(382) PSYoungGen: 101138K(101376K)->736K(98816K) Eden: 100352K(100352K)->0K(97792K) From: 786K(1024K)->736K(1024K)
[93.567s][info][gc,heap     ] GC(382) ParOldGen: 256481K(256512K)->256577K(257024K)
[93.567s][info][gc,metaspace] GC(382) Metaspace: 6105K(6208K)->6105K(6208K) NonClass: 5624K(5696K)->5624K(5696K) Class: 481K(512K)->481K(512K)
[93.567s][info][gc          ] GC(382) Pause Young (Allocation Failure) 349M->251M(347M) 1.590ms
[93.567s][info][gc,cpu      ] GC(382) User=0.01s Sys=0.00s Real=0.00s
[93.723s][info][gc,start    ] GC(383) Pause Young (Allocation Failure)
[93.724s][info][gc,heap     ] GC(383) PSYoungGen: 98528K(98816K)->512K(95744K) Eden: 97792K(97792K)->0K(95232K) From: 736K(1024K)->512K(512K)
[93.724s][info][gc,heap     ] GC(383) ParOldGen: 256577K(257024K)->256657K(257024K)
[93.724s][info][gc,metaspace] GC(383) Metaspace: 6105K(6208K)->6105K(6208K) NonClass: 5624K(5696K)->5624K(5696K) Class: 481K(512K)->481K(512K)
[93.724s][info][gc          ] GC(383) Pause Young (Allocation Failure) 346M->251M(344M) 1.046ms
[93.724s][info][gc,cpu      ] GC(383) User=0.00s Sys=0.00s Real=0.00s
[93.882s][info][gc,start    ] GC(384) Pause Young (Allocation Failure)
[93.883s][info][gc,heap     ] GC(384) PSYoungGen: 95744K(95744K)->722K(93696K) Eden: 95232K(95232K)->0K(92672K) From: 512K(512K)->722K(1024K)
[93.883s][info][gc,heap     ] GC(384) ParOldGen: 256657K(257024K)->256657K(257024K)
[93.883s][info][gc,metaspace] GC(384) Metaspace: 6105K(6208K)->6105K(6208K) NonClass: 5624K(5696K)->5624K(5696K) Class: 481K(512K)->481K(512K)
[93.883s][info][gc          ] GC(384) Pause Young (Allocation Failure) 344M->251M(342M) 1.496ms
[93.883s][info][gc,cpu      ] GC(384) User=0.01s Sys=0.00s Real=0.00s
[94.029s][info][gc,start    ] GC(385) Pause Young (Allocation Failure)
[94.030s][info][gc,heap     ] GC(385) PSYoungGen: 93394K(93696K)->626K(91136K) Eden: 92672K(92672K)->0K(90112K) From: 722K(1024K)->626K(1024K)
[94.030s][info][gc,heap     ] GC(385) ParOldGen: 256657K(257024K)->256689K(257024K)
[94.030s][info][gc,metaspace] GC(385) Metaspace: 6105K(6208K)->6105K(6208K) NonClass: 5624K(5696K)->5624K(5696K) Class: 481K(512K)->481K(512K)
[94.030s][info][gc          ] GC(385) Pause Young (Allocation Failure) 341M->251M(340M) 1.140ms
[94.030s][info][gc,cpu      ] GC(385) User=0.00s Sys=0.00s Real=0.00s
[94.174s][info][gc,start    ] GC(386) Pause Young (Allocation Failure)
[94.175s][info][gc,heap     ] GC(386) PSYoungGen: 90738K(91136K)->416K(88064K) Eden: 90112K(90112K)->0K(87552K) From: 626K(1024K)->416K(512K)
[94.175s][info][gc,heap     ] GC(386) ParOldGen: 256689K(257024K)->256995K(257024K)
[94.176s][info][gc,metaspace] GC(386) Metaspace: 6105K(6208K)->6105K(6208K) NonClass: 5624K(5696K)->5624K(5696K) Class: 481K(512K)->481K(512K)
[94.176s][info][gc          ] GC(386) Pause Young (Allocation Failure) 339M->251M(337M) 1.746ms
[94.176s][info][gc,cpu      ] GC(386) User=0.00s Sys=0.00s Real=0.00s
[94.322s][info][gc,start    ] GC(387) Pause Young (Allocation Failure)
[94.323s][info][gc,heap     ] GC(387) PSYoungGen: 87968K(88064K)->754K(86528K) Eden: 87552K(87552K)->0K(85504K) From: 416K(512K)->754K(1024K)
[94.323s][info][gc,heap     ] GC(387) ParOldGen: 256995K(257024K)->257083K(257536K)
[94.323s][info][gc,metaspace] GC(387) Metaspace: 6105K(6208K)->6105K(6208K) NonClass: 5624K(5696K)->5624K(5696K) Class: 481K(512K)->481K(512K)
[94.323s][info][gc          ] GC(387) Pause Young (Allocation Failure) 336M->251M(336M) 1.641ms
[94.323s][info][gc,cpu      ] GC(387) User=0.01s Sys=0.00s Real=0.00s
[94.467s][info][gc,start    ] GC(388) Pause Young (Allocation Failure)
[94.468s][info][gc,heap     ] GC(388) PSYoungGen: 86258K(86528K)->736K(237056K) Eden: 85504K(85504K)->0K(236032K) From: 754K(1024K)->736K(1024K)
[94.468s][info][gc,heap     ] GC(388) ParOldGen: 257083K(257536K)->257131K(257536K)
[94.468s][info][gc,metaspace] GC(388) Metaspace: 6105K(6208K)->6105K(6208K) NonClass: 5624K(5696K)->5624K(5696K) Class: 481K(512K)->481K(512K)
[94.468s][info][gc          ] GC(388) Pause Young (Allocation Failure) 335M->251M(483M) 1.384ms
[94.468s][info][gc,cpu      ] GC(388) User=0.00s Sys=0.00s Real=0.00s
[94.882s][info][gc,start    ] GC(389) Pause Young (Allocation Failure)
[94.883s][info][gc,heap     ] GC(389) PSYoungGen: 236768K(237056K)->512K(227328K) Eden: 236032K(236032K)->0K(226816K) From: 736K(1024K)->512K(512K)
[94.883s][info][gc,heap     ] GC(389) ParOldGen: 257131K(257536K)->257331K(257536K)
[94.884s][info][gc,metaspace] GC(389) Metaspace: 6105K(6208K)->6105K(6208K) NonClass: 5624K(5696K)->5624K(5696K) Class: 481K(512K)->481K(512K)
[94.884s][info][gc          ] GC(389) Pause Young (Allocation Failure) 482M->251M(473M) 1.646ms
[94.884s][info][gc,cpu      ] GC(389) User=0.00s Sys=0.00s Real=0.00s
[95.284s][info][gc,start    ] GC(390) Pause Young (Allocation Failure)
[95.286s][info][gc,heap     ] GC(390) PSYoungGen: 227328K(227328K)->800K(219136K) Eden: 226816K(226816K)->0K(218112K) From: 512K(512K)->800K(1024K)
[95.286s][info][gc,heap     ] GC(390) ParOldGen: 257331K(257536K)->257331K(257536K)
[95.286s][info][gc,metaspace] GC(390) Metaspace: 6105K(6208K)->6105K(6208K) NonClass: 5624K(5696K)->5624K(5696K) Class: 481K(512K)->481K(512K)
[95.286s][info][gc          ] GC(390) Pause Young (Allocation Failure) 473M->252M(465M) 1.611ms
[95.286s][info][gc,cpu      ] GC(390) User=0.00s Sys=0.00s Real=0.00s
[95.654s][info][gc,start    ] GC(391) Pause Young (Allocation Failure)
[95.655s][info][gc,heap     ] GC(391) PSYoungGen: 218912K(219136K)->672K(210944K) Eden: 218112K(218112K)->0K(209920K) From: 800K(1024K)->672K(1024K)
[95.655s][info][gc,heap     ] GC(391) ParOldGen: 257331K(257536K)->257347K(257536K)
[95.655s][info][gc,metaspace] GC(391) Metaspace: 6105K(6208K)->6105K(6208K) NonClass: 5624K(5696K)->5624K(5696K) Class: 481K(512K)->481K(512K)
[95.655s][info][gc          ] GC(391) Pause Young (Allocation Failure) 465M->251M(457M) 1.177ms
[95.655s][info][gc,cpu      ] GC(391) User=0.01s Sys=0.00s Real=0.00s
[95.968s][info][gc,start    ] GC(392) Pause Young (Allocation Failure)
[95.970s][info][gc,heap     ] GC(392) PSYoungGen: 210592K(210944K)->704K(203264K) Eden: 209920K(209920K)->0K(202240K) From: 672K(1024K)->704K(1024K)
[95.970s][info][gc,heap     ] GC(392) ParOldGen: 257347K(257536K)->257347K(257536K)
[95.970s][info][gc,metaspace] GC(392) Metaspace: 6105K(6208K)->6105K(6208K) NonClass: 5624K(5696K)->5624K(5696K) Class: 481K(512K)->481K(512K)
[95.970s][info][gc          ] GC(392) Pause Young (Allocation Failure) 456M->252M(450M) 1.484ms
[95.970s][info][gc,cpu      ] GC(392) User=0.00s Sys=0.01s Real=0.00s
[96.314s][info][gc,start    ] GC(393) Pause Young (Allocation Failure)
[96.316s][info][gc,heap     ] GC(393) PSYoungGen: 202944K(203264K)->512K(195584K) Eden: 202240K(202240K)->0K(195072K) From: 704K(1024K)->512K(512K)
[96.316s][info][gc,heap     ] GC(393) ParOldGen: 257347K(257536K)->257531K(257536K)
[96.316s][info][gc,metaspace] GC(393) Metaspace: 6105K(6208K)->6105K(6208K) NonClass: 5624K(5696K)->5624K(5696K) Class: 481K(512K)->481K(512K)
[96.316s][info][gc          ] GC(393) Pause Young (Allocation Failure) 449M->251M(442M) 1.517ms
[96.316s][info][gc,cpu      ] GC(393) User=0.00s Sys=0.00s Real=0.00s
[96.654s][info][gc,start    ] GC(394) Pause Young (Allocation Failure)
[96.655s][info][gc,heap     ] GC(394) PSYoungGen: 195584K(195584K)->704K(188928K) Eden: 195072K(195072K)->0K(187904K) From: 512K(512K)->704K(1024K)
[96.655s][info][gc,heap     ] GC(394) ParOldGen: 257531K(257536K)->257531K(257536K)
[96.655s][info][gc,metaspace] GC(394) Metaspace: 6105K(6208K)->6105K(6208K) NonClass: 5624K(5696K)->5624K(5696K) Class: 481K(512K)->481K(512K)
[96.655s][info][gc          ] GC(394) Pause Young (Allocation Failure) 442M->252M(436M) 1.301ms
[96.655s][info][gc,cpu      ] GC(394) User=0.00s Sys=0.00s Real=0.00s
[96.957s][info][gc,start    ] GC(395) Pause Young (Allocation Failure)
[96.959s][info][gc,heap     ] GC(395) PSYoungGen: 188608K(188928K)->736K(182272K) Eden: 187904K(187904K)->0K(181248K) From: 704K(1024K)->736K(1024K)
[96.959s][info][gc,heap     ] GC(395) ParOldGen: 257531K(257536K)->257547K(258048K)
[96.959s][info][gc,metaspace] GC(395) Metaspace: 6105K(6208K)->6105K(6208K) NonClass: 5624K(5696K)->5624K(5696K) Class: 481K(512K)->481K(512K)
[96.959s][info][gc          ] GC(395) Pause Young (Allocation Failure) 435M->252M(430M) 1.879ms
[96.959s][info][gc,cpu      ] GC(395) User=0.01s Sys=0.00s Real=0.00s
[97.350s][info][gc,start    ] GC(396) Pause Young (Allocation Failure)
[97.351s][info][gc,heap     ] GC(396) PSYoungGen: 181984K(182272K)->704K(176128K) Eden: 181248K(181248K)->0K(175104K) From: 736K(1024K)->704K(1024K)
[97.351s][info][gc,heap     ] GC(396) ParOldGen: 257547K(258048K)->257547K(258048K)
[97.352s][info][gc,metaspace] GC(396) Metaspace: 6105K(6208K)->6105K(6208K) NonClass: 5624K(5696K)->5624K(5696K) Class: 481K(512K)->481K(512K)
[97.352s][info][gc          ] GC(396) Pause Young (Allocation Failure) 429M->252M(424M) 1.385ms
[97.352s][info][gc,cpu      ] GC(396) User=0.00s Sys=0.00s Real=0.01s
[97.683s][info][gc,start    ] GC(397) Pause Young (Allocation Failure)
[97.684s][info][gc,heap     ] GC(397) PSYoungGen: 175808K(176128K)->512K(169472K) Eden: 175104K(175104K)->0K(168960K) From: 704K(1024K)->512K(512K)
[97.684s][info][gc,heap     ] GC(397) ParOldGen: 257547K(258048K)->257691K(258048K)
[97.684s][info][gc,metaspace] GC(397) Metaspace: 6105K(6208K)->6105K(6208K) NonClass: 5624K(5696K)->5624K(5696K) Class: 481K(512K)->481K(512K)
[97.685s][info][gc          ] GC(397) Pause Young (Allocation Failure) 423M->252M(417M) 1.346ms
[97.685s][info][gc,cpu      ] GC(397) User=0.00s Sys=0.00s Real=0.00s
[98.006s][info][gc,start    ] GC(398) Pause Young (Allocation Failure)
[98.007s][info][gc,heap     ] GC(398) PSYoungGen: 169472K(169472K)->704K(164352K) Eden: 168960K(168960K)->0K(163328K) From: 512K(512K)->704K(1024K)
[98.007s][info][gc,heap     ] GC(398) ParOldGen: 257691K(258048K)->257691K(258048K)
[98.007s][info][gc,metaspace] GC(398) Metaspace: 6105K(6208K)->6105K(6208K) NonClass: 5624K(5696K)->5624K(5696K) Class: 481K(512K)->481K(512K)
[98.007s][info][gc          ] GC(398) Pause Young (Allocation Failure) 417M->252M(412M) 1.103ms
[98.007s][info][gc,cpu      ] GC(398) User=0.01s Sys=0.00s Real=0.00s
[98.374s][info][gc,start    ] GC(399) Pause Young (Allocation Failure)
[98.376s][info][gc,heap     ] GC(399) PSYoungGen: 164032K(164352K)->768K(158720K) Eden: 163328K(163328K)->0K(157696K) From: 704K(1024K)->768K(1024K)
[98.376s][info][gc,heap     ] GC(399) ParOldGen: 257691K(258048K)->257715K(258048K)
[98.376s][info][gc,metaspace] GC(399) Metaspace: 6105K(6208K)->6105K(6208K) NonClass: 5624K(5696K)->5624K(5696K) Class: 481K(512K)->481K(512K)
[98.376s][info][gc          ] GC(399) Pause Young (Allocation Failure) 411M->252M(407M) 1.694ms
[98.376s][info][gc,cpu      ] GC(399) User=0.00s Sys=0.00s Real=0.00s
[98.698s][info][gc,start    ] GC(400) Pause Young (Allocation Failure)
[98.699s][info][gc,heap     ] GC(400) PSYoungGen: 158464K(158720K)->736K(153600K) Eden: 157696K(157696K)->0K(152576K) From: 768K(1024K)->736K(1024K)
[98.699s][info][gc,heap     ] GC(400) ParOldGen: 257715K(258048K)->257715K(258048K)
[98.699s][info][gc,metaspace] GC(400) Metaspace: 6105K(6208K)->6105K(6208K) NonClass: 5624K(5696K)->5624K(5696K) Class: 481K(512K)->481K(512K)
[98.699s][info][gc          ] GC(400) Pause Young (Allocation Failure) 406M->252M(402M) 1.627ms
[98.699s][info][gc,cpu      ] GC(400) User=0.01s Sys=0.00s Real=0.00s
[98.986s][info][gc,start    ] GC(401) Pause Young (Allocation Failure)
[98.987s][info][gc,heap     ] GC(401) PSYoungGen: 153312K(153600K)->512K(147968K) Eden: 152576K(152576K)->0K(147456K) From: 736K(1024K)->512K(512K)
[98.987s][info][gc,heap     ] GC(401) ParOldGen: 257715K(258048K)->257811K(258048K)
[98.987s][info][gc,metaspace] GC(401) Metaspace: 6105K(6208K)->6105K(6208K) NonClass: 5624K(5696K)->5624K(5696K) Class: 481K(512K)->481K(512K)
[98.987s][info][gc          ] GC(401) Pause Young (Allocation Failure) 401M->252M(396M) 1.115ms
[98.987s][info][gc,cpu      ] GC(401) User=0.00s Sys=0.00s Real=0.00s
[99.178s][info][gc,start    ] GC(402) Pause Young (Allocation Failure)
[99.179s][info][gc,heap     ] GC(402) PSYoungGen: 147968K(147968K)->818K(143872K) Eden: 147456K(147456K)->0K(142848K) From: 512K(512K)->818K(1024K)
[99.179s][info][gc,heap     ] GC(402) ParOldGen: 257811K(258048K)->257811K(258048K)
[99.179s][info][gc,metaspace] GC(402) Metaspace: 6105K(6208K)->6105K(6208K) NonClass: 5624K(5696K)->5624K(5696K) Class: 481K(512K)->481K(512K)
[99.179s][info][gc          ] GC(402) Pause Young (Allocation Failure) 396M->252M(392M) 1.327ms
[99.179s][info][gc,cpu      ] GC(402) User=0.00s Sys=0.00s Real=0.00s
[99.374s][info][gc,start    ] GC(403) Pause Young (Allocation Failure)
[99.375s][info][gc,heap     ] GC(403) PSYoungGen: 143666K(143872K)->768K(139264K) Eden: 142848K(142848K)->0K(138240K) From: 818K(1024K)->768K(1024K)
[99.375s][info][gc,heap     ] GC(403) ParOldGen: 257811K(258048K)->257843K(258048K)
[99.375s][info][gc,metaspace] GC(403) Metaspace: 6105K(6208K)->6105K(6208K) NonClass: 5624K(5696K)->5624K(5696K) Class: 481K(512K)->481K(512K)
[99.375s][info][gc          ] GC(403) Pause Young (Allocation Failure) 392M->252M(388M) 1.291ms
[99.375s][info][gc,cpu      ] GC(403) User=0.00s Sys=0.00s Real=0.00s
[99.536s][info][gc,start    ] GC(404) Pause Young (Allocation Failure)
[99.538s][info][gc,heap     ] GC(404) PSYoungGen: 139008K(139264K)->736K(134656K) Eden: 138240K(138240K)->0K(133632K) From: 768K(1024K)->736K(1024K)
[99.538s][info][gc,heap     ] GC(404) ParOldGen: 257843K(258048K)->257843K(258048K)
[99.538s][info][gc,metaspace] GC(404) Metaspace: 6105K(6208K)->6105K(6208K) NonClass: 5624K(5696K)->5624K(5696K) Class: 481K(512K)->481K(512K)
[99.538s][info][gc          ] GC(404) Pause Young (Allocation Failure) 387M->252M(383M) 1.348ms
[99.538s][info][gc,cpu      ] GC(404) User=0.00s Sys=0.00s Real=0.00s
[99.702s][info][gc,start    ] GC(405) Pause Young (Allocation Failure)
[99.704s][info][gc,heap     ] GC(405) PSYoungGen: 134368K(134656K)->498K(130048K) Eden: 133632K(133632K)->0K(129536K) From: 736K(1024K)->498K(512K)
[99.704s][info][gc,heap     ] GC(405) ParOldGen: 257843K(258048K)->257947K(258048K)
[99.704s][info][gc,metaspace] GC(405) Metaspace: 6105K(6208K)->6105K(6208K) NonClass: 5624K(5696K)->5624K(5696K) Class: 481K(512K)->481K(512K)
[99.704s][info][gc          ] GC(405) Pause Young (Allocation Failure) 383M->252M(379M) 1.995ms
[99.704s][info][gc,cpu      ] GC(405) User=0.00s Sys=0.00s Real=0.00s
[99.929s][info][gc,start    ] GC(406) Pause Young (Allocation Failure)
[99.932s][info][gc,heap     ] GC(406) PSYoungGen: 130034K(130048K)->722K(126464K) Eden: 129536K(129536K)->0K(125440K) From: 498K(512K)->722K(1024K)
[99.932s][info][gc,heap     ] GC(406) ParOldGen: 257947K(258048K)->257947K(258048K)
[99.932s][info][gc,metaspace] GC(406) Metaspace: 6105K(6208K)->6105K(6208K) NonClass: 5624K(5696K)->5624K(5696K) Class: 481K(512K)->481K(512K)
[99.932s][info][gc          ] GC(406) Pause Young (Allocation Failure) 378M->252M(375M) 2.456ms
[99.932s][info][gc,cpu      ] GC(406) User=0.00s Sys=0.00s Real=0.01s
[100.148s][info][gc,start    ] GC(407) Pause Young (Allocation Failure)
[100.151s][info][gc,heap     ] GC(407) PSYoungGen: 126162K(126464K)->768K(122368K) Eden: 125440K(125440K)->0K(121344K) From: 722K(1024K)->768K(1024K)
[100.151s][info][gc,heap     ] GC(407) ParOldGen: 257947K(258048K)->257987K(258048K)
[100.151s][info][gc,metaspace] GC(407) Metaspace: 6105K(6208K)->6105K(6208K) NonClass: 5624K(5696K)->5624K(5696K) Class: 481K(512K)->481K(512K)
[100.151s][info][gc          ] GC(407) Pause Young (Allocation Failure) 375M->252M(371M) 3.543ms
[100.151s][info][gc,cpu      ] GC(407) User=0.01s Sys=0.00s Real=0.01s
[100.327s][info][gc,start    ] GC(408) Pause Young (Allocation Failure)
[100.328s][info][gc,heap     ] GC(408) PSYoungGen: 122112K(122368K)->640K(118784K) Eden: 121344K(121344K)->0K(117760K) From: 768K(1024K)->640K(1024K)
[100.328s][info][gc,heap     ] GC(408) ParOldGen: 257987K(258048K)->257987K(258048K)
[100.328s][info][gc,metaspace] GC(408) Metaspace: 6105K(6208K)->6105K(6208K) NonClass: 5624K(5696K)->5624K(5696K) Class: 481K(512K)->481K(512K)
[100.328s][info][gc          ] GC(408) Pause Young (Allocation Failure) 371M->252M(368M) 1.092ms
[100.328s][info][gc,cpu      ] GC(408) User=0.00s Sys=0.00s Real=0.00s
[100.502s][info][gc,start    ] GC(409) Pause Young (Allocation Failure)
[100.503s][info][gc,heap     ] GC(409) PSYoungGen: 118400K(118784K)->512K(114688K) Eden: 117760K(117760K)->0K(114176K) From: 640K(1024K)->512K(512K)
[100.503s][info][gc,heap     ] GC(409) ParOldGen: 257987K(258048K)->258083K(258560K)
[100.503s][info][gc,metaspace] GC(409) Metaspace: 6105K(6208K)->6105K(6208K) NonClass: 5624K(5696K)->5624K(5696K) Class: 481K(512K)->481K(512K)
[100.503s][info][gc          ] GC(409) Pause Young (Allocation Failure) 367M->252M(364M) 1.187ms
[100.503s][info][gc,cpu      ] GC(409) User=0.00s Sys=0.00s Real=0.00s
[100.691s][info][gc,start    ] GC(410) Pause Young (Allocation Failure)
[100.692s][info][gc,heap     ] GC(410) PSYoungGen: 114688K(114688K)->480K(111616K) Eden: 114176K(114176K)->0K(110592K) From: 512K(512K)->480K(1024K)
[100.692s][info][gc,heap     ] GC(410) ParOldGen: 258083K(258560K)->258382K(258560K)
[100.692s][info][gc,metaspace] GC(410) Metaspace: 6105K(6208K)->6105K(6208K) NonClass: 5624K(5696K)->5624K(5696K) Class: 481K(512K)->481K(512K)
[100.692s][info][gc          ] GC(410) Pause Young (Allocation Failure) 364M->252M(361M) 1.800ms
[100.692s][info][gc,cpu      ] GC(410) User=0.00s Sys=0.00s Real=0.00s
[100.892s][info][gc,start    ] GC(411) Pause Young (Allocation Failure)
[100.893s][info][gc,heap     ] GC(411) PSYoungGen: 111072K(111616K)->658K(108544K) Eden: 110592K(110592K)->0K(107520K) From: 480K(1024K)->658K(1024K)
[100.893s][info][gc,heap     ] GC(411) ParOldGen: 258382K(258560K)->258510K(258560K)
[100.893s][info][gc,metaspace] GC(411) Metaspace: 6105K(6208K)->6105K(6208K) NonClass: 5624K(5696K)->5624K(5696K) Class: 481K(512K)->481K(512K)
[100.893s][info][gc          ] GC(411) Pause Young (Allocation Failure) 360M->253M(358M) 1.374ms
[100.893s][info][gc,cpu      ] GC(411) User=0.01s Sys=0.00s Real=0.00s
[101.101s][info][gc,start    ] GC(412) Pause Young (Allocation Failure)
[101.103s][info][gc,heap     ] GC(412) PSYoungGen: 108178K(108544K)->736K(105472K) Eden: 107520K(107520K)->0K(104448K) From: 658K(1024K)->736K(1024K)
[101.103s][info][gc,heap     ] GC(412) ParOldGen: 258510K(258560K)->258550K(258560K)
[101.103s][info][gc,metaspace] GC(412) Metaspace: 6105K(6208K)->6105K(6208K) NonClass: 5624K(5696K)->5624K(5696K) Class: 481K(512K)->481K(512K)
[101.103s][info][gc          ] GC(412) Pause Young (Allocation Failure) 358M->253M(355M) 1.518ms
[101.103s][info][gc,cpu      ] GC(412) User=0.00s Sys=0.00s Real=0.00s
[101.282s][info][gc,start    ] GC(413) Pause Young (Allocation Failure)
[101.284s][info][gc,heap     ] GC(413) PSYoungGen: 105184K(105472K)->512K(101888K) Eden: 104448K(104448K)->0K(101376K) From: 736K(1024K)->512K(512K)
[101.284s][info][gc,heap     ] GC(413) ParOldGen: 258550K(258560K)->258774K(259072K)
[101.284s][info][gc,metaspace] GC(413) Metaspace: 6105K(6208K)->6105K(6208K) NonClass: 5624K(5696K)->5624K(5696K) Class: 481K(512K)->481K(512K)
[101.284s][info][gc          ] GC(413) Pause Young (Allocation Failure) 355M->253M(352M) 1.421ms
[101.284s][info][gc,cpu      ] GC(413) User=0.00s Sys=0.00s Real=0.00s
[101.468s][info][gc,start    ] GC(414) Pause Young (Allocation Failure)
[101.469s][info][gc,heap     ] GC(414) PSYoungGen: 101888K(101888K)->704K(99328K) Eden: 101376K(101376K)->0K(98304K) From: 512K(512K)->704K(1024K)
[101.469s][info][gc,heap     ] GC(414) ParOldGen: 258774K(259072K)->258774K(259072K)
[101.469s][info][gc,metaspace] GC(414) Metaspace: 6105K(6208K)->6105K(6208K) NonClass: 5624K(5696K)->5624K(5696K) Class: 481K(512K)->481K(512K)
[101.469s][info][gc          ] GC(414) Pause Young (Allocation Failure) 352M->253M(350M) 1.317ms
[101.469s][info][gc,cpu      ] GC(414) User=0.00s Sys=0.00s Real=0.00s
[101.650s][info][gc,start    ] GC(415) Pause Young (Allocation Failure)
[101.652s][info][gc,heap     ] GC(415) PSYoungGen: 99008K(99328K)->800K(96768K) Eden: 98304K(98304K)->0K(95744K) From: 704K(1024K)->800K(1024K)
[101.652s][info][gc,heap     ] GC(415) ParOldGen: 258774K(259072K)->258806K(259072K)
[101.652s][info][gc,metaspace] GC(415) Metaspace: 6105K(6208K)->6105K(6208K) NonClass: 5624K(5696K)->5624K(5696K) Class: 481K(512K)->481K(512K)
[101.652s][info][gc          ] GC(415) Pause Young (Allocation Failure) 349M->253M(347M) 1.488ms
[101.652s][info][gc,cpu      ] GC(415) User=0.00s Sys=0.00s Real=0.01s
[101.829s][info][gc,start    ] GC(416) Pause Young (Allocation Failure)
[101.830s][info][gc,heap     ] GC(416) PSYoungGen: 96544K(96768K)->672K(94208K) Eden: 95744K(95744K)->0K(93184K) From: 800K(1024K)->672K(1024K)
[101.830s][info][gc,heap     ] GC(416) ParOldGen: 258806K(259072K)->258806K(259072K)
[101.830s][info][gc,metaspace] GC(416) Metaspace: 6105K(6208K)->6105K(6208K) NonClass: 5624K(5696K)->5624K(5696K) Class: 481K(512K)->481K(512K)
[101.830s][info][gc          ] GC(416) Pause Young (Allocation Failure) 347M->253M(345M) 1.154ms
[101.830s][info][gc,cpu      ] GC(416) User=0.00s Sys=0.00s Real=0.00s
[102.002s][info][gc,start    ] GC(417) Pause Young (Allocation Failure)
[102.003s][info][gc,heap     ] GC(417) PSYoungGen: 93856K(94208K)->512K(91136K) Eden: 93184K(93184K)->0K(90624K) From: 672K(1024K)->512K(512K)
[102.003s][info][gc,heap     ] GC(417) ParOldGen: 258806K(259072K)->258974K(259072K)
[102.003s][info][gc,metaspace] GC(417) Metaspace: 6105K(6208K)->6105K(6208K) NonClass: 5624K(5696K)->5624K(5696K) Class: 481K(512K)->481K(512K)
[102.003s][info][gc          ] GC(417) Pause Young (Allocation Failure) 344M->253M(342M) 1.281ms
[102.003s][info][gc,cpu      ] GC(417) User=0.00s Sys=0.00s Real=0.00s
[102.169s][info][gc,start    ] GC(418) Pause Young (Allocation Failure)
[102.170s][info][gc,heap     ] GC(418) PSYoungGen: 91136K(91136K)->704K(89088K) Eden: 90624K(90624K)->0K(88064K) From: 512K(512K)->704K(1024K)
[102.170s][info][gc,heap     ] GC(418) ParOldGen: 258974K(259072K)->258974K(259072K)
[102.170s][info][gc,metaspace] GC(418) Metaspace: 6105K(6208K)->6105K(6208K) NonClass: 5624K(5696K)->5624K(5696K) Class: 481K(512K)->481K(512K)
[102.170s][info][gc          ] GC(418) Pause Young (Allocation Failure) 341M->253M(340M) 1.222ms
[102.170s][info][gc,cpu      ] GC(418) User=0.00s Sys=0.00s Real=0.00s
[102.320s][info][gc,start    ] GC(419) Pause Young (Allocation Failure)
[102.321s][info][gc,heap     ] GC(419) PSYoungGen: 88768K(89088K)->640K(87040K) Eden: 88064K(88064K)->0K(86016K) From: 704K(1024K)->640K(1024K)
[102.321s][info][gc,heap     ] GC(419) ParOldGen: 258974K(259072K)->258990K(259072K)
[102.321s][info][gc,metaspace] GC(419) Metaspace: 6105K(6208K)->6105K(6208K) NonClass: 5624K(5696K)->5624K(5696K) Class: 481K(512K)->481K(512K)
[102.321s][info][gc          ] GC(419) Pause Young (Allocation Failure) 339M->253M(338M) 1.197ms
[102.321s][info][gc,cpu      ] GC(419) User=0.00s Sys=0.00s Real=0.01s
[102.449s][info][gc,start    ] GC(420) Pause Young (Allocation Failure)
[102.451s][info][gc,heap     ] GC(420) PSYoungGen: 86656K(87040K)->128K(232448K) Eden: 86016K(86016K)->0K(231936K) From: 640K(1024K)->128K(512K)
[102.451s][info][gc,heap     ] GC(420) ParOldGen: 258990K(259072K)->259587K(260096K)
[102.451s][info][gc,metaspace] GC(420) Metaspace: 6105K(6208K)->6105K(6208K) NonClass: 5624K(5696K)->5624K(5696K) Class: 481K(512K)->481K(512K)
[102.451s][info][gc          ] GC(420) Pause Young (Allocation Failure) 337M->253M(481M) 1.943ms
[102.451s][info][gc,cpu      ] GC(420) User=0.01s Sys=0.00s Real=0.01s
[102.794s][info][gc,start    ] GC(421) Pause Young (Allocation Failure)
[102.796s][info][gc,heap     ] GC(421) PSYoungGen: 232064K(232448K)->978K(224256K) Eden: 231936K(231936K)->0K(223232K) From: 128K(512K)->978K(1024K)
[102.796s][info][gc,heap     ] GC(421) ParOldGen: 259587K(260096K)->259683K(260096K)
[102.796s][info][gc,metaspace] GC(421) Metaspace: 6105K(6208K)->6105K(6208K) NonClass: 5624K(5696K)->5624K(5696K) Class: 481K(512K)->481K(512K)
[102.796s][info][gc          ] GC(421) Pause Young (Allocation Failure) 480M->254M(473M) 2.569ms
[102.796s][info][gc,cpu      ] GC(421) User=0.00s Sys=0.00s Real=0.00s
[103.115s][info][gc,start    ] GC(422) Pause Young (Allocation Failure)
[103.117s][info][gc,heap     ] GC(422) PSYoungGen: 224210K(224256K)->672K(216576K) Eden: 223232K(223232K)->0K(215040K) From: 978K(1024K)->672K(1536K)
[103.117s][info][gc,heap     ] GC(422) ParOldGen: 259683K(260096K)->259851K(260096K)
[103.117s][info][gc,metaspace] GC(422) Metaspace: 6105K(6208K)->6105K(6208K) NonClass: 5624K(5696K)->5624K(5696K) Class: 481K(512K)->481K(512K)
[103.117s][info][gc          ] GC(422) Pause Young (Allocation Failure) 472M->254M(465M) 1.619ms
[103.117s][info][gc,cpu      ] GC(422) User=0.00s Sys=0.00s Real=0.00s
[103.427s][info][gc,start    ] GC(423) Pause Young (Allocation Failure)
[103.428s][info][gc,heap     ] GC(423) PSYoungGen: 215712K(216576K)->704K(207872K) Eden: 215040K(215040K)->0K(206848K) From: 672K(1536K)->704K(1024K)
[103.428s][info][gc,heap     ] GC(423) ParOldGen: 259851K(260096K)->259851K(260096K)
[103.428s][info][gc,metaspace] GC(423) Metaspace: 6105K(6208K)->6105K(6208K) NonClass: 5624K(5696K)->5624K(5696K) Class: 481K(512K)->481K(512K)
[103.428s][info][gc          ] GC(423) Pause Young (Allocation Failure) 464M->254M(457M) 1.601ms
[103.428s][info][gc,cpu      ] GC(423) User=0.00s Sys=0.00s Real=0.00s
[103.744s][info][gc,start    ] GC(424) Pause Young (Allocation Failure)
[103.745s][info][gc,heap     ] GC(424) PSYoungGen: 207552K(207872K)->640K(200192K) Eden: 206848K(206848K)->0K(199168K) From: 704K(1024K)->640K(1024K)
[103.745s][info][gc,heap     ] GC(424) ParOldGen: 259851K(260096K)->259851K(260096K)
[103.745s][info][gc,metaspace] GC(424) Metaspace: 6105K(6208K)->6105K(6208K) NonClass: 5624K(5696K)->5624K(5696K) Class: 481K(512K)->481K(512K)
[103.745s][info][gc          ] GC(424) Pause Young (Allocation Failure) 456M->254M(449M) 1.236ms
[103.745s][info][gc,cpu      ] GC(424) User=0.00s Sys=0.00s Real=0.00s
[104.037s][info][gc,start    ] GC(425) Pause Young (Allocation Failure)
[104.038s][info][gc,heap     ] GC(425) PSYoungGen: 199808K(200192K)->512K(192512K) Eden: 199168K(199168K)->0K(192000K) From: 640K(1024K)->512K(512K)
[104.038s][info][gc,heap     ] GC(425) ParOldGen: 259851K(260096K)->260035K(260096K)
[104.038s][info][gc,metaspace] GC(425) Metaspace: 6105K(6208K)->6105K(6208K) NonClass: 5624K(5696K)->5624K(5696K) Class: 481K(512K)->481K(512K)
[104.038s][info][gc          ] GC(425) Pause Young (Allocation Failure) 448M->254M(442M) 1.390ms
[104.038s][info][gc,cpu      ] GC(425) User=0.00s Sys=0.00s Real=0.00s
[104.318s][info][gc,start    ] GC(426) Pause Young (Allocation Failure)
[104.320s][info][gc,heap     ] GC(426) PSYoungGen: 192512K(192512K)->722K(186368K) Eden: 192000K(192000K)->0K(185344K) From: 512K(512K)->722K(1024K)
[104.320s][info][gc,heap     ] GC(426) ParOldGen: 260035K(260096K)->260035K(260096K)
[104.320s][info][gc,metaspace] GC(426) Metaspace: 6105K(6208K)->6105K(6208K) NonClass: 5624K(5696K)->5624K(5696K) Class: 481K(512K)->481K(512K)
[104.320s][info][gc          ] GC(426) Pause Young (Allocation Failure) 441M->254M(436M) 1.416ms
[104.320s][info][gc,cpu      ] GC(426) User=0.00s Sys=0.00s Real=0.00s
[104.603s][info][gc,start    ] GC(427) Pause Young (Allocation Failure)
[104.604s][info][gc,heap     ] GC(427) PSYoungGen: 186066K(186368K)->704K(179712K) Eden: 185344K(185344K)->0K(178688K) From: 722K(1024K)->704K(1024K)
[104.604s][info][gc,heap     ] GC(427) ParOldGen: 260035K(260096K)->260075K(260096K)
[104.604s][info][gc,metaspace] GC(427) Metaspace: 6105K(6208K)->6105K(6208K) NonClass: 5624K(5696K)->5624K(5696K) Class: 481K(512K)->481K(512K)
[104.604s][info][gc          ] GC(427) Pause Young (Allocation Failure) 435M->254M(429M) 1.727ms
[104.604s][info][gc,cpu      ] GC(427) User=0.01s Sys=0.00s Real=0.00s
[104.888s][info][gc,start    ] GC(428) Pause Young (Allocation Failure)
[104.889s][info][gc,heap     ] GC(428) PSYoungGen: 179392K(179712K)->800K(173568K) Eden: 178688K(178688K)->0K(172544K) From: 704K(1024K)->800K(1024K)
[104.889s][info][gc,heap     ] GC(428) ParOldGen: 260075K(260096K)->260075K(260096K)
[104.889s][info][gc,metaspace] GC(428) Metaspace: 6105K(6208K)->6105K(6208K) NonClass: 5624K(5696K)->5624K(5696K) Class: 481K(512K)->481K(512K)
[104.889s][info][gc          ] GC(428) Pause Young (Allocation Failure) 429M->254M(423M) 1.457ms
[104.889s][info][gc,cpu      ] GC(428) User=0.00s Sys=0.00s Real=0.00s
[105.208s][info][gc,start    ] GC(429) Pause Young (Allocation Failure)
[105.211s][info][gc,heap     ] GC(429) PSYoungGen: 173344K(173568K)->498K(166912K) Eden: 172544K(172544K)->0K(166400K) From: 800K(1024K)->498K(512K)
[105.211s][info][gc,heap     ] GC(429) ParOldGen: 260075K(260096K)->260259K(260608K)
[105.211s][info][gc,metaspace] GC(429) Metaspace: 6105K(6208K)->6105K(6208K) NonClass: 5624K(5696K)->5624K(5696K) Class: 481K(512K)->481K(512K)
[105.211s][info][gc          ] GC(429) Pause Young (Allocation Failure) 423M->254M(417M) 2.441ms
[105.211s][info][gc,cpu      ] GC(429) User=0.01s Sys=0.00s Real=0.01s
[105.536s][info][gc,start    ] GC(430) Pause Young (Allocation Failure)
[105.539s][info][gc,heap     ] GC(430) PSYoungGen: 166898K(166912K)->594K(161792K) Eden: 166400K(166400K)->0K(160768K) From: 498K(512K)->594K(1024K)
[105.539s][info][gc,heap     ] GC(430) ParOldGen: 260259K(260608K)->260259K(260608K)
[105.539s][info][gc,metaspace] GC(430) Metaspace: 6105K(6208K)->6105K(6208K) NonClass: 5624K(5696K)->5624K(5696K) Class: 481K(512K)->481K(512K)
[105.539s][info][gc          ] GC(430) Pause Young (Allocation Failure) 417M->254M(412M) 2.686ms
[105.539s][info][gc,cpu      ] GC(430) User=0.00s Sys=0.00s Real=0.00s
[105.841s][info][gc,start    ] GC(431) Pause Young (Allocation Failure)
[105.842s][info][gc,heap     ] GC(431) PSYoungGen: 161362K(161792K)->672K(156160K) Eden: 160768K(160768K)->0K(155136K) From: 594K(1024K)->672K(1024K)
[105.842s][info][gc,heap     ] GC(431) ParOldGen: 260259K(260608K)->260291K(260608K)
[105.842s][info][gc,metaspace] GC(431) Metaspace: 6105K(6208K)->6105K(6208K) NonClass: 5624K(5696K)->5624K(5696K) Class: 481K(512K)->481K(512K)
[105.842s][info][gc          ] GC(431) Pause Young (Allocation Failure) 411M->254M(407M) 1.419ms
[105.842s][info][gc,cpu      ] GC(431) User=0.00s Sys=0.00s Real=0.00s
[106.128s][info][gc,start    ] GC(432) Pause Young (Allocation Failure)
[106.130s][info][gc,heap     ] GC(432) PSYoungGen: 155808K(156160K)->690K(151040K) Eden: 155136K(155136K)->0K(150016K) From: 672K(1024K)->690K(1024K)
[106.130s][info][gc,heap     ] GC(432) ParOldGen: 260291K(260608K)->260291K(260608K)
[106.130s][info][gc,metaspace] GC(432) Metaspace: 6105K(6208K)->6105K(6208K) NonClass: 5624K(5696K)->5624K(5696K) Class: 481K(512K)->481K(512K)
[106.130s][info][gc          ] GC(432) Pause Young (Allocation Failure) 406M->254M(402M) 2.425ms
[106.130s][info][gc,cpu      ] GC(432) User=0.00s Sys=0.00s Real=0.00s
[106.416s][info][gc,start    ] GC(433) Pause Young (Allocation Failure)
[106.418s][info][gc,heap     ] GC(433) PSYoungGen: 150706K(151040K)->512K(145408K) Eden: 150016K(150016K)->0K(144896K) From: 690K(1024K)->512K(512K)
[106.418s][info][gc,heap     ] GC(433) ParOldGen: 260291K(260608K)->260387K(260608K)
[106.418s][info][gc,metaspace] GC(433) Metaspace: 6105K(6208K)->6105K(6208K) NonClass: 5624K(5696K)->5624K(5696K) Class: 481K(512K)->481K(512K)
[106.418s][info][gc          ] GC(433) Pause Young (Allocation Failure) 401M->254M(396M) 1.265ms
[106.418s][info][gc,cpu      ] GC(433) User=0.00s Sys=0.00s Real=0.00s
[106.698s][info][gc,start    ] GC(434) Pause Young (Allocation Failure)
[106.700s][info][gc,heap     ] GC(434) PSYoungGen: 145408K(145408K)->192K(141312K) Eden: 144896K(144896K)->0K(140288K) From: 512K(512K)->192K(1024K)
[106.700s][info][gc,heap     ] GC(434) ParOldGen: 260387K(260608K)->260905K(261120K)
[106.700s][info][gc,metaspace] GC(434) Metaspace: 6105K(6208K)->6105K(6208K) NonClass: 5624K(5696K)->5624K(5696K) Class: 481K(512K)->481K(512K)
[106.700s][info][gc          ] GC(434) Pause Young (Allocation Failure) 396M->254M(393M) 2.145ms
[106.700s][info][gc,cpu      ] GC(434) User=0.00s Sys=0.00s Real=0.00s
[106.981s][info][gc,start    ] GC(435) Pause Young (Allocation Failure)
[106.984s][info][gc,heap     ] GC(435) PSYoungGen: 140480K(141312K)->818K(136704K) Eden: 140288K(140288K)->0K(135680K) From: 192K(1024K)->818K(1024K)
[106.984s][info][gc,heap     ] GC(435) ParOldGen: 260905K(261120K)->261073K(261120K)
[106.984s][info][gc,metaspace] GC(435) Metaspace: 6105K(6208K)->6105K(6208K) NonClass: 5624K(5696K)->5624K(5696K) Class: 481K(512K)->481K(512K)
[106.984s][info][gc          ] GC(435) Pause Young (Allocation Failure) 391M->255M(388M) 2.192ms
[106.984s][info][gc,cpu      ] GC(435) User=0.00s Sys=0.00s Real=0.00s
[107.239s][info][gc,start    ] GC(436) Pause Young (Allocation Failure)
[107.240s][info][gc,heap     ] GC(436) PSYoungGen: 136498K(136704K)->736K(132608K) Eden: 135680K(135680K)->0K(131584K) From: 818K(1024K)->736K(1024K)
[107.240s][info][gc,heap     ] GC(436) ParOldGen: 261073K(261120K)->261169K(261632K)
[107.240s][info][gc,metaspace] GC(436) Metaspace: 6105K(6208K)->6105K(6208K) NonClass: 5624K(5696K)->5624K(5696K) Class: 481K(512K)->481K(512K)
[107.240s][info][gc          ] GC(436) Pause Young (Allocation Failure) 388M->255M(385M) 1.755ms
[107.240s][info][gc,cpu      ] GC(436) User=0.01s Sys=0.00s Real=0.00s
[107.494s][info][gc,start    ] GC(437) Pause Young (Allocation Failure)
[107.496s][info][gc,heap     ] GC(437) PSYoungGen: 132320K(132608K)->512K(128000K) Eden: 131584K(131584K)->0K(127488K) From: 736K(1024K)->512K(512K)
[107.496s][info][gc,heap     ] GC(437) ParOldGen: 261169K(261632K)->261313K(261632K)
[107.496s][info][gc,metaspace] GC(437) Metaspace: 6105K(6208K)->6105K(6208K) NonClass: 5624K(5696K)->5624K(5696K) Class: 481K(512K)->481K(512K)
[107.496s][info][gc          ] GC(437) Pause Young (Allocation Failure) 384M->255M(380M) 1.493ms
[107.496s][info][gc,cpu      ] GC(437) User=0.01s Sys=0.00s Real=0.00s
[107.741s][info][gc,start    ] GC(438) Pause Young (Allocation Failure)
[107.743s][info][gc,heap     ] GC(438) PSYoungGen: 128000K(128000K)->645K(124416K) Eden: 127488K(127488K)->0K(123392K) From: 512K(512K)->645K(1024K)
[107.743s][info][gc,heap     ] GC(438) ParOldGen: 261313K(261632K)->261313K(261632K)
[107.743s][info][gc,metaspace] GC(438) Metaspace: 6105K(6208K)->6105K(6208K) NonClass: 5624K(5696K)->5624K(5696K) Class: 481K(512K)->481K(512K)
[107.743s][info][gc          ] GC(438) Pause Young (Allocation Failure) 380M->255M(377M) 1.304ms
[107.743s][info][gc,cpu      ] GC(438) User=0.01s Sys=0.00s Real=0.00s
[107.957s][info][gc,start    ] GC(439) Pause Young (Allocation Failure)
[107.959s][info][gc,heap     ] GC(439) PSYoungGen: 124037K(124416K)->416K(120320K) Eden: 123392K(123392K)->0K(119808K) From: 645K(1024K)->416K(512K)
[107.959s][info][gc,heap     ] GC(439) ParOldGen: 261313K(261632K)->261647K(262144K)
[107.959s][info][gc,metaspace] GC(439) Metaspace: 6105K(6208K)->6105K(6208K) NonClass: 5624K(5696K)->5624K(5696K) Class: 481K(512K)->481K(512K)
[107.959s][info][gc          ] GC(439) Pause Young (Allocation Failure) 376M->255M(373M) 1.790ms
[107.959s][info][gc,cpu      ] GC(439) User=0.01s Sys=0.01s Real=0.00s
[108.167s][info][gc,start    ] GC(440) Pause Young (Allocation Failure)
[108.169s][info][gc,heap     ] GC(440) PSYoungGen: 120224K(120320K)->544K(117248K) Eden: 119808K(119808K)->0K(116224K) From: 416K(512K)->544K(1024K)
[108.169s][info][gc,heap     ] GC(440) ParOldGen: 261647K(262144K)->262038K(262144K)
[108.169s][info][gc,metaspace] GC(440) Metaspace: 6105K(6208K)->6105K(6208K) NonClass: 5624K(5696K)->5624K(5696K) Class: 481K(512K)->481K(512K)
[108.169s][info][gc          ] GC(440) Pause Young (Allocation Failure) 372M->256M(370M) 2.186ms
[108.170s][info][gc,cpu      ] GC(440) User=0.00s Sys=0.00s Real=0.00s
[108.402s][info][gc,start    ] GC(441) Pause Young (Allocation Failure)
[108.404s][info][gc,heap     ] GC(441) PSYoungGen: 116768K(117248K)->818K(113664K) Eden: 116224K(116224K)->0K(112640K) From: 544K(1024K)->818K(1024K)
[108.404s][info][gc,heap     ] GC(441) ParOldGen: 262038K(262144K)->262174K(262656K)
[108.404s][info][gc,metaspace] GC(441) Metaspace: 6105K(6208K)->6105K(6208K) NonClass: 5624K(5696K)->5624K(5696K) Class: 481K(512K)->481K(512K)
[108.404s][info][gc          ] GC(441) Pause Young (Allocation Failure) 369M->256M(367M) 2.164ms
[108.404s][info][gc,cpu      ] GC(441) User=0.01s Sys=0.00s Real=0.00s
[108.639s][info][gc,start    ] GC(442) Pause Young (Allocation Failure)
[108.640s][info][gc,heap     ] GC(442) PSYoungGen: 113458K(113664K)->704K(110592K) Eden: 112640K(112640K)->0K(109568K) From: 818K(1024K)->704K(1024K)
[108.640s][info][gc,heap     ] GC(442) ParOldGen: 262174K(262656K)->262214K(262656K)
[108.640s][info][gc,metaspace] GC(442) Metaspace: 6105K(6208K)->6105K(6208K) NonClass: 5624K(5696K)->5624K(5696K) Class: 481K(512K)->481K(512K)
[108.640s][info][gc          ] GC(442) Pause Young (Allocation Failure) 366M->256M(364M) 1.786ms
[108.640s][info][gc,cpu      ] GC(442) User=0.01s Sys=0.00s Real=0.00s
[108.857s][info][gc,start    ] GC(443) Pause Young (Allocation Failure)
[108.858s][info][gc,heap     ] GC(443) PSYoungGen: 110272K(110592K)->512K(107008K) Eden: 109568K(109568K)->0K(106496K) From: 704K(1024K)->512K(512K)
[108.858s][info][gc,heap     ] GC(443) ParOldGen: 262214K(262656K)->262326K(262656K)
[108.858s][info][gc,metaspace] GC(443) Metaspace: 6105K(6208K)->6105K(6208K) NonClass: 5624K(5696K)->5624K(5696K) Class: 481K(512K)->481K(512K)
[108.858s][info][gc          ] GC(443) Pause Young (Allocation Failure) 363M->256M(361M) 1.360ms
[108.858s][info][gc,cpu      ] GC(443) User=0.01s Sys=0.00s Real=0.00s
[109.062s][info][gc,start    ] GC(444) Pause Young (Allocation Failure)
[109.064s][info][gc,heap     ] GC(444) PSYoungGen: 107008K(107008K)->192K(104448K) Eden: 106496K(106496K)->0K(103424K) From: 512K(512K)->192K(1024K)
[109.064s][info][gc,heap     ] GC(444) ParOldGen: 262326K(262656K)->262847K(263168K)
[109.064s][info][gc,metaspace] GC(444) Metaspace: 6105K(6208K)->6105K(6208K) NonClass: 5624K(5696K)->5624K(5696K) Class: 481K(512K)->481K(512K)
[109.064s][info][gc          ] GC(444) Pause Young (Allocation Failure) 360M->256M(359M) 1.947ms
[109.064s][info][gc,cpu      ] GC(444) User=0.01s Sys=0.00s Real=0.00s
[109.268s][info][gc,start    ] GC(445) Pause Young (Allocation Failure)
[109.273s][info][gc,heap     ] GC(445) PSYoungGen: 103616K(104448K)->786K(125440K) Eden: 103424K(103424K)->0K(124416K) From: 192K(1024K)->786K(1024K)
[109.273s][info][gc,heap     ] GC(445) ParOldGen: 262847K(263168K)->262991K(263168K)
[109.273s][info][gc,metaspace] GC(445) Metaspace: 6105K(6208K)->6105K(6208K) NonClass: 5624K(5696K)->5624K(5696K) Class: 481K(512K)->481K(512K)
[109.273s][info][gc          ] GC(445) Pause Young (Allocation Failure) 357M->257M(379M) 4.535ms
[109.273s][info][gc,cpu      ] GC(445) User=0.00s Sys=0.00s Real=0.01s
[109.515s][info][gc,start    ] GC(446) Pause Young (Allocation Failure)
[109.517s][info][gc,heap     ] GC(446) PSYoungGen: 125202K(125440K)->448K(121344K) Eden: 124416K(124416K)->0K(120832K) From: 786K(1024K)->448K(512K)
[109.517s][info][gc,heap     ] GC(446) ParOldGen: 262991K(263168K)->263398K(263680K)
[109.517s][info][gc,metaspace] GC(446) Metaspace: 6105K(6208K)->6105K(6208K) NonClass: 5624K(5696K)->5624K(5696K) Class: 481K(512K)->481K(512K)
[109.518s][info][gc          ] GC(446) Pause Young (Allocation Failure) 379M->257M(376M) 2.074ms
[109.518s][info][gc,cpu      ] GC(446) User=0.01s Sys=0.00s Real=0.00s
[109.734s][info][gc,start    ] GC(447) Pause Young (Allocation Failure)
[109.736s][info][gc,heap     ] GC(447) PSYoungGen: 121280K(121344K)->786K(118272K) Eden: 120832K(120832K)->0K(117248K) From: 448K(512K)->786K(1024K)
[109.736s][info][gc,heap     ] GC(447) ParOldGen: 263398K(263680K)->263470K(263680K)
[109.736s][info][gc,metaspace] GC(447) Metaspace: 6105K(6208K)->6105K(6208K) NonClass: 5624K(5696K)->5624K(5696K) Class: 481K(512K)->481K(512K)
[109.736s][info][gc          ] GC(447) Pause Young (Allocation Failure) 375M->258M(373M) 1.704ms
[109.736s][info][gc,cpu      ] GC(447) User=0.01s Sys=0.00s Real=0.00s
[109.953s][info][gc,start    ] GC(448) Pause Young (Allocation Failure)
[109.955s][info][gc,heap     ] GC(448) PSYoungGen: 118034K(118272K)->736K(114688K) Eden: 117248K(117248K)->0K(113664K) From: 786K(1024K)->736K(1024K)
[109.955s][info][gc,heap     ] GC(448) ParOldGen: 263470K(263680K)->263534K(263680K)
[109.955s][info][gc,metaspace] GC(448) Metaspace: 6105K(6208K)->6105K(6208K) NonClass: 5624K(5696K)->5624K(5696K) Class: 481K(512K)->481K(512K)
[109.955s][info][gc          ] GC(448) Pause Young (Allocation Failure) 372M->258M(369M) 2.000ms
[109.955s][info][gc,cpu      ] GC(448) User=0.00s Sys=0.00s Real=0.00s
[110.152s][info][gc,start    ] GC(449) Pause Young (Allocation Failure)
[110.153s][info][gc,heap     ] GC(449) PSYoungGen: 114400K(114688K)->416K(110592K) Eden: 113664K(113664K)->0K(110080K) From: 736K(1024K)->416K(512K)
[110.153s][info][gc,heap     ] GC(449) ParOldGen: 263534K(263680K)->263864K(264192K)
[110.153s][info][gc,metaspace] GC(449) Metaspace: 6105K(6208K)->6105K(6208K) NonClass: 5624K(5696K)->5624K(5696K) Class: 481K(512K)->481K(512K)
[110.153s][info][gc          ] GC(449) Pause Young (Allocation Failure) 369M->258M(366M) 1.679ms
[110.153s][info][gc,cpu      ] GC(449) User=0.01s Sys=0.00s Real=0.00s
[110.327s][info][gc,start    ] GC(450) Pause Young (Allocation Failure)
[110.329s][info][gc,heap     ] GC(450) PSYoungGen: 110496K(110592K)->722K(108032K) Eden: 110080K(110080K)->0K(107008K) From: 416K(512K)->722K(1024K)
[110.329s][info][gc,heap     ] GC(450) ParOldGen: 263864K(264192K)->263936K(264192K)
[110.329s][info][gc,metaspace] GC(450) Metaspace: 6105K(6208K)->6105K(6208K) NonClass: 5624K(5696K)->5624K(5696K) Class: 481K(512K)->481K(512K)
[110.329s][info][gc          ] GC(450) Pause Young (Allocation Failure) 365M->258M(363M) 1.640ms
[110.329s][info][gc,cpu      ] GC(450) User=0.01s Sys=0.00s Real=0.00s
[110.495s][info][gc,start    ] GC(451) Pause Young (Allocation Failure)
[110.497s][info][gc,heap     ] GC(451) PSYoungGen: 107730K(108032K)->448K(104448K) Eden: 107008K(107008K)->0K(103936K) From: 722K(1024K)->448K(512K)
[110.497s][info][gc,heap     ] GC(451) ParOldGen: 263936K(264192K)->264287K(264704K)
[110.497s][info][gc,metaspace] GC(451) Metaspace: 6105K(6208K)->6105K(6208K) NonClass: 5624K(5696K)->5624K(5696K) Class: 481K(512K)->481K(512K)
[110.497s][info][gc          ] GC(451) Pause Young (Allocation Failure) 362M->258M(360M) 2.043ms
[110.497s][info][gc,cpu      ] GC(451) User=0.00s Sys=0.00s Real=0.00s
[110.660s][info][gc,start    ] GC(452) Pause Young (Allocation Failure)
[110.661s][info][gc,heap     ] GC(452) PSYoungGen: 104384K(104448K)->786K(101888K) Eden: 103936K(103936K)->0K(100864K) From: 448K(512K)->786K(1024K)
[110.661s][info][gc,heap     ] GC(452) ParOldGen: 264287K(264704K)->264367K(264704K)
[110.661s][info][gc,metaspace] GC(452) Metaspace: 6105K(6208K)->6105K(6208K) NonClass: 5624K(5696K)->5624K(5696K) Class: 481K(512K)->481K(512K)
[110.661s][info][gc          ] GC(452) Pause Young (Allocation Failure) 360M->258M(358M) 1.784ms
[110.661s][info][gc,cpu      ] GC(452) User=0.01s Sys=0.00s Real=0.01s
[110.819s][info][gc,start    ] GC(453) Pause Young (Allocation Failure)
[110.821s][info][gc,heap     ] GC(453) PSYoungGen: 101650K(101888K)->416K(98816K) Eden: 100864K(100864K)->0K(98304K) From: 786K(1024K)->416K(512K)
[110.821s][info][gc,heap     ] GC(453) ParOldGen: 264367K(264704K)->264734K(265216K)
[110.821s][info][gc,metaspace] GC(453) Metaspace: 6105K(6208K)->6105K(6208K) NonClass: 5624K(5696K)->5624K(5696K) Class: 481K(512K)->481K(512K)
[110.821s][info][gc          ] GC(453) Pause Young (Allocation Failure) 357M->258M(355M) 1.922ms
[110.821s][info][gc,cpu      ] GC(453) User=0.00s Sys=0.00s Real=0.01s
[110.976s][info][gc,start    ] GC(454) Pause Young (Allocation Failure)
[110.978s][info][gc,heap     ] GC(454) PSYoungGen: 98720K(98816K)->434K(97280K) Eden: 98304K(98304K)->0K(95744K) From: 416K(512K)->434K(1536K)
[110.978s][info][gc,heap     ] GC(454) ParOldGen: 264734K(265216K)->265132K(265216K)
[110.978s][info][gc,metaspace] GC(454) Metaspace: 6105K(6208K)->6105K(6208K) NonClass: 5624K(5696K)->5624K(5696K) Class: 481K(512K)->481K(512K)
[110.978s][info][gc          ] GC(454) Pause Young (Allocation Failure) 354M->259M(354M) 1.762ms
[110.978s][info][gc,cpu      ] GC(454) User=0.00s Sys=0.00s Real=0.00s
[111.119s][info][gc,start    ] GC(455) Pause Young (Allocation Failure)
[111.120s][info][gc,heap     ] GC(455) PSYoungGen: 96178K(97280K)->658K(94208K) Eden: 95744K(95744K)->0K(93184K) From: 434K(1536K)->658K(1024K)
[111.120s][info][gc,heap     ] GC(455) ParOldGen: 265132K(265216K)->265228K(265728K)
[111.120s][info][gc,metaspace] GC(455) Metaspace: 6105K(6208K)->6105K(6208K) NonClass: 5624K(5696K)->5624K(5696K) Class: 481K(512K)->481K(512K)
[111.120s][info][gc          ] GC(455) Pause Young (Allocation Failure) 352M->259M(351M) 1.375ms
[111.120s][info][gc,cpu      ] GC(455) User=0.01s Sys=0.00s Real=0.00s
[111.255s][info][gc,start    ] GC(456) Pause Young (Allocation Failure)
[111.257s][info][gc,heap     ] GC(456) PSYoungGen: 93842K(94208K)->128K(112640K) Eden: 93184K(93184K)->0K(112128K) From: 658K(1024K)->128K(512K)
[111.257s][info][gc,heap     ] GC(456) ParOldGen: 265228K(265728K)->265865K(266240K)
[111.257s][info][gc,metaspace] GC(456) Metaspace: 6105K(6208K)->6105K(6208K) NonClass: 5624K(5696K)->5624K(5696K) Class: 481K(512K)->481K(512K)
[111.257s][info][gc          ] GC(456) Pause Young (Allocation Failure) 350M->259M(370M) 2.106ms
[111.258s][info][gc,cpu      ] GC(456) User=0.01s Sys=0.00s Real=0.00s
[111.425s][info][gc,start    ] GC(457) Pause Young (Allocation Failure)
[111.427s][info][gc,heap     ] GC(457) PSYoungGen: 112256K(112640K)->786K(135680K) Eden: 112128K(112128K)->0K(134656K) From: 128K(512K)->786K(1024K)
[111.427s][info][gc,heap     ] GC(457) ParOldGen: 265865K(266240K)->265985K(266240K)
[111.427s][info][gc,metaspace] GC(457) Metaspace: 6105K(6208K)->6105K(6208K) NonClass: 5624K(5696K)->5624K(5696K) Class: 481K(512K)->481K(512K)
[111.427s][info][gc          ] GC(457) Pause Young (Allocation Failure) 369M->260M(392M) 1.766ms
[111.427s][info][gc,cpu      ] GC(457) User=0.00s Sys=0.00s Real=0.00s
[111.640s][info][gc,start    ] GC(458) Pause Young (Allocation Failure)
[111.641s][info][gc,heap     ] GC(458) PSYoungGen: 135442K(135680K)->672K(131584K) Eden: 134656K(134656K)->0K(130560K) From: 786K(1024K)->672K(1024K)
[111.641s][info][gc,heap     ] GC(458) ParOldGen: 265985K(266240K)->266121K(266240K)
[111.642s][info][gc,metaspace] GC(458) Metaspace: 6105K(6208K)->6105K(6208K) NonClass: 5624K(5696K)->5624K(5696K) Class: 481K(512K)->481K(512K)
[111.642s][info][gc          ] GC(458) Pause Young (Allocation Failure) 392M->260M(388M) 1.724ms
[111.642s][info][gc,cpu      ] GC(458) User=0.01s Sys=0.01s Real=0.01s
[111.844s][info][gc,start    ] GC(459) Pause Young (Allocation Failure)
[111.846s][info][gc,heap     ] GC(459) PSYoungGen: 131232K(131584K)->704K(127488K) Eden: 130560K(130560K)->0K(126464K) From: 672K(1024K)->704K(1024K)
[111.846s][info][gc,heap     ] GC(459) ParOldGen: 266121K(266240K)->266121K(266240K)
[111.846s][info][gc,metaspace] GC(459) Metaspace: 6105K(6208K)->6105K(6208K) NonClass: 5624K(5696K)->5624K(5696K) Class: 481K(512K)->481K(512K)
[111.846s][info][gc          ] GC(459) Pause Young (Allocation Failure) 388M->260M(384M) 1.667ms
[111.846s][info][gc,cpu      ] GC(459) User=0.00s Sys=0.00s Real=0.00s
[112.031s][info][gc,start    ] GC(460) Pause Young (Allocation Failure)
[112.033s][info][gc,heap     ] GC(460) PSYoungGen: 127168K(127488K)->672K(123392K) Eden: 126464K(126464K)->0K(122368K) From: 704K(1024K)->672K(1024K)
[112.033s][info][gc,heap     ] GC(460) ParOldGen: 266121K(266240K)->266121K(266240K)
[112.033s][info][gc,metaspace] GC(460) Metaspace: 6105K(6208K)->6105K(6208K) NonClass: 5624K(5696K)->5624K(5696K) Class: 481K(512K)->481K(512K)
[112.033s][info][gc          ] GC(460) Pause Young (Allocation Failure) 384M->260M(380M) 1.392ms
[112.033s][info][gc,cpu      ] GC(460) User=0.00s Sys=0.00s Real=0.00s
[112.202s][info][gc,start    ] GC(461) Pause Young (Allocation Failure)
[112.204s][info][gc,heap     ] GC(461) PSYoungGen: 123040K(123392K)->704K(119808K) Eden: 122368K(122368K)->0K(118784K) From: 672K(1024K)->704K(1024K)
[112.204s][info][gc,heap     ] GC(461) ParOldGen: 266121K(266240K)->266121K(266240K)
[112.204s][info][gc,metaspace] GC(461) Metaspace: 6105K(6208K)->6105K(6208K) NonClass: 5624K(5696K)->5624K(5696K) Class: 481K(512K)->481K(512K)
[112.204s][info][gc          ] GC(461) Pause Young (Allocation Failure) 380M->260M(377M) 1.267ms
[112.204s][info][gc,cpu      ] GC(461) User=0.00s Sys=0.00s Real=0.00s
[112.356s][info][gc,start    ] GC(462) Pause Young (Allocation Failure)
[112.357s][info][gc,heap     ] GC(462) PSYoungGen: 119488K(119808K)->704K(116224K) Eden: 118784K(118784K)->0K(115200K) From: 704K(1024K)->704K(1024K)
[112.357s][info][gc,heap     ] GC(462) ParOldGen: 266121K(266240K)->266121K(266240K)
[112.357s][info][gc,metaspace] GC(462) Metaspace: 6105K(6208K)->6105K(6208K) NonClass: 5624K(5696K)->5624K(5696K) Class: 481K(512K)->481K(512K)
[112.357s][info][gc          ] GC(462) Pause Young (Allocation Failure) 376M->260M(373M) 1.244ms
[112.357s][info][gc,cpu      ] GC(462) User=0.00s Sys=0.00s Real=0.00s
[112.524s][info][gc,start    ] GC(463) Pause Young (Allocation Failure)
[112.526s][info][gc,heap     ] GC(463) PSYoungGen: 115904K(116224K)->736K(112640K) Eden: 115200K(115200K)->0K(111616K) From: 704K(1024K)->736K(1024K)
[112.526s][info][gc,heap     ] GC(463) ParOldGen: 266121K(266240K)->266121K(266240K)
[112.526s][info][gc,metaspace] GC(463) Metaspace: 6105K(6208K)->6105K(6208K) NonClass: 5624K(5696K)->5624K(5696K) Class: 481K(512K)->481K(512K)
[112.526s][info][gc          ] GC(463) Pause Young (Allocation Failure) 373M->260M(370M) 1.670ms
[112.526s][info][gc,cpu      ] GC(463) User=0.01s Sys=0.00s Real=0.00s
[112.666s][info][gc,start    ] GC(464) Pause Young (Allocation Failure)
[112.667s][info][gc,heap     ] GC(464) PSYoungGen: 112352K(112640K)->736K(109568K) Eden: 111616K(111616K)->0K(108544K) From: 736K(1024K)->736K(1024K)
[112.667s][info][gc,heap     ] GC(464) ParOldGen: 266121K(266240K)->266121K(266240K)
[112.667s][info][gc,metaspace] GC(464) Metaspace: 6105K(6208K)->6105K(6208K) NonClass: 5624K(5696K)->5624K(5696K) Class: 481K(512K)->481K(512K)
[112.667s][info][gc          ] GC(464) Pause Young (Allocation Failure) 369M->260M(367M) 1.278ms
[112.667s][info][gc,cpu      ] GC(464) User=0.01s Sys=0.00s Real=0.00s
[112.802s][info][gc,start    ] GC(465) Pause Young (Allocation Failure)
[112.804s][info][gc,heap     ] GC(465) PSYoungGen: 109280K(109568K)->736K(106496K) Eden: 108544K(108544K)->0K(105472K) From: 736K(1024K)->736K(1024K)
[112.804s][info][gc,heap     ] GC(465) ParOldGen: 266121K(266240K)->266121K(266240K)
[112.804s][info][gc,metaspace] GC(465) Metaspace: 6105K(6208K)->6105K(6208K) NonClass: 5624K(5696K)->5624K(5696K) Class: 481K(512K)->481K(512K)
[112.804s][info][gc          ] GC(465) Pause Young (Allocation Failure) 366M->260M(364M) 1.389ms
[112.804s][info][gc,cpu      ] GC(465) User=0.01s Sys=0.00s Real=0.00s
[112.926s][info][gc,start    ] GC(466) Pause Young (Allocation Failure)
[112.927s][info][gc,heap     ] GC(466) PSYoungGen: 106208K(106496K)->640K(103936K) Eden: 105472K(105472K)->0K(102400K) From: 736K(1024K)->640K(1536K)
[112.927s][info][gc,heap     ] GC(466) ParOldGen: 266121K(266240K)->266121K(266240K)
[112.927s][info][gc,metaspace] GC(466) Metaspace: 6105K(6208K)->6105K(6208K) NonClass: 5624K(5696K)->5624K(5696K) Class: 481K(512K)->481K(512K)
[112.927s][info][gc          ] GC(466) Pause Young (Allocation Failure) 363M->260M(361M) 1.267ms
[112.927s][info][gc,cpu      ] GC(466) User=0.00s Sys=0.00s Real=0.00s
[113.042s][info][gc,start    ] GC(467) Pause Young (Allocation Failure)
[113.044s][info][gc,heap     ] GC(467) PSYoungGen: 103040K(103936K)->704K(100352K) Eden: 102400K(102400K)->0K(99328K) From: 640K(1536K)->704K(1024K)
[113.044s][info][gc,heap     ] GC(467) ParOldGen: 266121K(266240K)->266121K(266240K)
[113.044s][info][gc,metaspace] GC(467) Metaspace: 6105K(6208K)->6105K(6208K) NonClass: 5624K(5696K)->5624K(5696K) Class: 481K(512K)->481K(512K)
[113.044s][info][gc          ] GC(467) Pause Young (Allocation Failure) 360M->260M(358M) 1.183ms
[113.044s][info][gc,cpu      ] GC(467) User=0.00s Sys=0.00s Real=0.00s
[113.171s][info][gc,start    ] GC(468) Pause Young (Allocation Failure)
[113.173s][info][gc,heap     ] GC(468) PSYoungGen: 100032K(100352K)->736K(97792K) Eden: 99328K(99328K)->0K(96768K) From: 704K(1024K)->736K(1024K)
[113.173s][info][gc,heap     ] GC(468) ParOldGen: 266121K(266240K)->266121K(266240K)
[113.173s][info][gc,metaspace] GC(468) Metaspace: 6105K(6208K)->6105K(6208K) NonClass: 5624K(5696K)->5624K(5696K) Class: 481K(512K)->481K(512K)
[113.173s][info][gc          ] GC(468) Pause Young (Allocation Failure) 357M->260M(355M) 1.318ms
[113.173s][info][gc,cpu      ] GC(468) User=0.00s Sys=0.00s Real=0.00s
[113.288s][info][gc,start    ] GC(469) Pause Young (Allocation Failure)
[113.290s][info][gc,heap     ] GC(469) PSYoungGen: 97504K(97792K)->512K(94720K) Eden: 96768K(96768K)->0K(94208K) From: 736K(1024K)->512K(512K)
[113.290s][info][gc,heap     ] GC(469) ParOldGen: 266121K(266240K)->266345K(266752K)
[113.290s][info][gc,metaspace] GC(469) Metaspace: 6105K(6208K)->6105K(6208K) NonClass: 5624K(5696K)->5624K(5696K) Class: 481K(512K)->481K(512K)
[113.290s][info][gc          ] GC(469) Pause Young (Allocation Failure) 355M->260M(353M) 1.386ms
[113.290s][info][gc,cpu      ] GC(469) User=0.00s Sys=0.00s Real=0.00s
[113.406s][info][gc,start    ] GC(470) Pause Young (Allocation Failure)
[113.407s][info][gc,heap     ] GC(470) PSYoungGen: 94720K(94720K)->704K(92672K) Eden: 94208K(94208K)->0K(91648K) From: 512K(512K)->704K(1024K)
[113.407s][info][gc,heap     ] GC(470) ParOldGen: 266345K(266752K)->266345K(266752K)
[113.407s][info][gc,metaspace] GC(470) Metaspace: 6105K(6208K)->6105K(6208K) NonClass: 5624K(5696K)->5624K(5696K) Class: 481K(512K)->481K(512K)
[113.407s][info][gc          ] GC(470) Pause Young (Allocation Failure) 352M->260M(351M) 1.220ms
[113.407s][info][gc,cpu      ] GC(470) User=0.00s Sys=0.00s Real=0.00s
[113.512s][info][gc,start    ] GC(471) Pause Young (Allocation Failure)
[113.513s][info][gc,heap     ] GC(471) PSYoungGen: 92352K(92672K)->704K(90112K) Eden: 91648K(91648K)->0K(89088K) From: 704K(1024K)->704K(1024K)
[113.513s][info][gc,heap     ] GC(471) ParOldGen: 266345K(266752K)->266377K(266752K)
[113.513s][info][gc,metaspace] GC(471) Metaspace: 6105K(6208K)->6105K(6208K) NonClass: 5624K(5696K)->5624K(5696K) Class: 481K(512K)->481K(512K)
[113.513s][info][gc          ] GC(471) Pause Young (Allocation Failure) 350M->260M(348M) 1.181ms
[113.513s][info][gc,cpu      ] GC(471) User=0.00s Sys=0.00s Real=0.00s
[113.609s][info][gc,start    ] GC(472) Pause Young (Allocation Failure)
[113.610s][info][gc,heap     ] GC(472) PSYoungGen: 89792K(90112K)->640K(87552K) Eden: 89088K(89088K)->0K(86528K) From: 704K(1024K)->640K(1024K)
[113.610s][info][gc,heap     ] GC(472) ParOldGen: 266377K(266752K)->266377K(266752K)
[113.610s][info][gc,metaspace] GC(472) Metaspace: 6105K(6208K)->6105K(6208K) NonClass: 5624K(5696K)->5624K(5696K) Class: 481K(512K)->481K(512K)
[113.610s][info][gc          ] GC(472) Pause Young (Allocation Failure) 347M->260M(346M) 1.165ms
[113.610s][info][gc,cpu      ] GC(472) User=0.00s Sys=0.00s Real=0.00s
[113.704s][info][gc,start    ] GC(473) Pause Young (Allocation Failure)
[113.705s][info][gc,heap     ] GC(473) PSYoungGen: 87168K(87552K)->448K(220160K) Eden: 86528K(86528K)->0K(219648K) From: 640K(1024K)->448K(512K)
[113.705s][info][gc,heap     ] GC(473) ParOldGen: 266377K(266752K)->266377K(266752K)
[113.705s][info][gc,metaspace] GC(473) Metaspace: 6105K(6208K)->6105K(6208K) NonClass: 5624K(5696K)->5624K(5696K) Class: 481K(512K)->481K(512K)
[113.705s][info][gc          ] GC(473) Pause Young (Allocation Failure) 345M->260M(475M) 1.206ms
[113.705s][info][gc,cpu      ] GC(473) User=0.01s Sys=0.00s Real=0.00s
[113.948s][info][gc,start    ] GC(474) Pause Young (Allocation Failure)
[113.950s][info][gc,heap     ] GC(474) PSYoungGen: 220096K(220160K)->768K(212480K) Eden: 219648K(219648K)->0K(211456K) From: 448K(512K)->768K(1024K)
[113.950s][info][gc,heap     ] GC(474) ParOldGen: 266377K(266752K)->266377K(266752K)
[113.950s][info][gc,metaspace] GC(474) Metaspace: 6105K(6208K)->6105K(6208K) NonClass: 5624K(5696K)->5624K(5696K) Class: 481K(512K)->481K(512K)
[113.950s][info][gc          ] GC(474) Pause Young (Allocation Failure) 475M->260M(468M) 1.397ms
[113.950s][info][gc,cpu      ] GC(474) User=0.00s Sys=0.00s Real=0.00s
[114.207s][info][gc,start    ] GC(475) Pause Young (Allocation Failure)
[114.209s][info][gc,heap     ] GC(475) PSYoungGen: 212224K(212480K)->768K(204800K) Eden: 211456K(211456K)->0K(203776K) From: 768K(1024K)->768K(1024K)
[114.209s][info][gc,heap     ] GC(475) ParOldGen: 266377K(266752K)->266377K(266752K)
[114.209s][info][gc,metaspace] GC(475) Metaspace: 6105K(6208K)->6105K(6208K) NonClass: 5624K(5696K)->5624K(5696K) Class: 481K(512K)->481K(512K)
[114.209s][info][gc          ] GC(475) Pause Young (Allocation Failure) 467M->260M(460M) 1.442ms
[114.209s][info][gc,cpu      ] GC(475) User=0.00s Sys=0.00s Real=0.00s
[114.491s][info][gc,start    ] GC(476) Pause Young (Allocation Failure)
[114.492s][info][gc,heap     ] GC(476) PSYoungGen: 204544K(204800K)->672K(197120K) Eden: 203776K(203776K)->0K(196096K) From: 768K(1024K)->672K(1024K)
[114.492s][info][gc,heap     ] GC(476) ParOldGen: 266377K(266752K)->266377K(266752K)
[114.492s][info][gc,metaspace] GC(476) Metaspace: 6105K(6208K)->6105K(6208K) NonClass: 5624K(5696K)->5624K(5696K) Class: 481K(512K)->481K(512K)
[114.492s][info][gc          ] GC(476) Pause Young (Allocation Failure) 459M->260M(453M) 1.408ms
[114.492s][info][gc,cpu      ] GC(476) User=0.01s Sys=0.00s Real=0.00s
[114.792s][info][gc,start    ] GC(477) Pause Young (Allocation Failure)
[114.793s][info][gc,heap     ] GC(477) PSYoungGen: 196768K(197120K)->512K(189440K) Eden: 196096K(196096K)->0K(188928K) From: 672K(1024K)->512K(512K)
[114.793s][info][gc,heap     ] GC(477) ParOldGen: 266377K(266752K)->266553K(266752K)
[114.793s][info][gc,metaspace] GC(477) Metaspace: 6105K(6208K)->6105K(6208K) NonClass: 5624K(5696K)->5624K(5696K) Class: 481K(512K)->481K(512K)
[114.793s][info][gc          ] GC(477) Pause Young (Allocation Failure) 452M->260M(445M) 1.631ms
[114.793s][info][gc,cpu      ] GC(477) User=0.01s Sys=0.00s Real=0.00s
[115.089s][info][gc,start    ] GC(478) Pause Young (Allocation Failure)
[115.091s][info][gc,heap     ] GC(478) PSYoungGen: 189440K(189440K)->754K(183296K) Eden: 188928K(188928K)->0K(182272K) From: 512K(512K)->754K(1024K)
[115.091s][info][gc,heap     ] GC(478) ParOldGen: 266553K(266752K)->266553K(266752K)
[115.091s][info][gc,metaspace] GC(478) Metaspace: 6105K(6208K)->6105K(6208K) NonClass: 5624K(5696K)->5624K(5696K) Class: 481K(512K)->481K(512K)
[115.091s][info][gc          ] GC(478) Pause Young (Allocation Failure) 445M->261M(439M) 1.707ms
[115.091s][info][gc,cpu      ] GC(478) User=0.00s Sys=0.00s Real=0.01s
[115.363s][info][gc,start    ] GC(479) Pause Young (Allocation Failure)
[115.365s][info][gc,heap     ] GC(479) PSYoungGen: 183026K(183296K)->704K(176640K) Eden: 182272K(182272K)->0K(175616K) From: 754K(1024K)->704K(1024K)
[115.365s][info][gc,heap     ] GC(479) ParOldGen: 266553K(266752K)->266593K(266752K)
[115.365s][info][gc,metaspace] GC(479) Metaspace: 6105K(6208K)->6105K(6208K) NonClass: 5624K(5696K)->5624K(5696K) Class: 481K(512K)->481K(512K)
[115.365s][info][gc          ] GC(479) Pause Young (Allocation Failure) 439M->261M(433M) 1.715ms
[115.365s][info][gc,cpu      ] GC(479) User=0.00s Sys=0.00s Real=0.00s
[115.643s][info][gc,start    ] GC(480) Pause Young (Allocation Failure)
[115.645s][info][gc,heap     ] GC(480) PSYoungGen: 176320K(176640K)->672K(170496K) Eden: 175616K(175616K)->0K(169472K) From: 704K(1024K)->672K(1024K)
[115.645s][info][gc,heap     ] GC(480) ParOldGen: 266593K(266752K)->266593K(266752K)
[115.645s][info][gc,metaspace] GC(480) Metaspace: 6105K(6208K)->6105K(6208K) NonClass: 5624K(5696K)->5624K(5696K) Class: 481K(512K)->481K(512K)
[115.645s][info][gc          ] GC(480) Pause Young (Allocation Failure) 432M->261M(427M) 1.380ms
[115.645s][info][gc,cpu      ] GC(480) User=0.00s Sys=0.00s Real=0.00s
[115.944s][info][gc,start    ] GC(481) Pause Young (Allocation Failure)
[115.945s][info][gc,heap     ] GC(481) PSYoungGen: 170144K(170496K)->512K(164352K) Eden: 169472K(169472K)->0K(163840K) From: 672K(1024K)->512K(512K)
[115.946s][info][gc,heap     ] GC(481) ParOldGen: 266593K(266752K)->266745K(266752K)
[115.946s][info][gc,metaspace] GC(481) Metaspace: 6105K(6208K)->6105K(6208K) NonClass: 5624K(5696K)->5624K(5696K) Class: 481K(512K)->481K(512K)
[115.946s][info][gc          ] GC(481) Pause Young (Allocation Failure) 426M->260M(421M) 1.586ms
[115.946s][info][gc,cpu      ] GC(481) User=0.01s Sys=0.00s Real=0.00s
[116.231s][info][gc,start    ] GC(482) Pause Young (Allocation Failure)
[116.233s][info][gc,heap     ] GC(482) PSYoungGen: 164352K(164352K)->741K(159232K) Eden: 163840K(163840K)->0K(158208K) From: 512K(512K)->741K(1024K)
[116.233s][info][gc,heap     ] GC(482) ParOldGen: 266745K(266752K)->266745K(266752K)
[116.233s][info][gc,metaspace] GC(482) Metaspace: 6105K(6208K)->6105K(6208K) NonClass: 5624K(5696K)->5624K(5696K) Class: 481K(512K)->481K(512K)
[116.233s][info][gc          ] GC(482) Pause Young (Allocation Failure) 420M->261M(416M) 1.817ms
[116.233s][info][gc,cpu      ] GC(482) User=0.00s Sys=0.00s Real=0.00s
[116.499s][info][gc,start    ] GC(483) Pause Young (Allocation Failure)
[116.500s][info][gc,heap     ] GC(483) PSYoungGen: 158949K(159232K)->704K(154112K) Eden: 158208K(158208K)->0K(153088K) From: 741K(1024K)->704K(1024K)
[116.500s][info][gc,heap     ] GC(483) ParOldGen: 266745K(266752K)->266793K(267264K)
[116.500s][info][gc,metaspace] GC(483) Metaspace: 6105K(6208K)->6105K(6208K) NonClass: 5624K(5696K)->5624K(5696K) Class: 481K(512K)->481K(512K)
[116.500s][info][gc          ] GC(483) Pause Young (Allocation Failure) 415M->261M(411M) 1.308ms
[116.500s][info][gc,cpu      ] GC(483) User=0.00s Sys=0.00s Real=0.00s
[116.770s][info][gc,start    ] GC(484) Pause Young (Allocation Failure)
[116.771s][info][gc,heap     ] GC(484) PSYoungGen: 153792K(154112K)->640K(148992K) Eden: 153088K(153088K)->0K(147968K) From: 704K(1024K)->640K(1024K)
[116.771s][info][gc,heap     ] GC(484) ParOldGen: 266793K(267264K)->266793K(267264K)
[116.771s][info][gc,metaspace] GC(484) Metaspace: 6105K(6208K)->6105K(6208K) NonClass: 5624K(5696K)->5624K(5696K) Class: 481K(512K)->481K(512K)
[116.771s][info][gc          ] GC(484) Pause Young (Allocation Failure) 410M->261M(406M) 1.362ms
[116.771s][info][gc,cpu      ] GC(484) User=0.00s Sys=0.00s Real=0.01s
[117.014s][info][gc,start    ] GC(485) Pause Young (Allocation Failure)
[117.016s][info][gc,heap     ] GC(485) PSYoungGen: 148608K(148992K)->384K(143360K) Eden: 147968K(147968K)->0K(142848K) From: 640K(1024K)->384K(512K)
[117.016s][info][gc,heap     ] GC(485) ParOldGen: 266793K(267264K)->267108K(267264K)
[117.016s][info][gc,metaspace] GC(485) Metaspace: 6105K(6208K)->6105K(6208K) NonClass: 5624K(5696K)->5624K(5696K) Class: 481K(512K)->481K(512K)
[117.016s][info][gc          ] GC(485) Pause Young (Allocation Failure) 405M->261M(401M) 1.631ms
[117.016s][info][gc,cpu      ] GC(485) User=0.00s Sys=0.01s Real=0.00s
[117.238s][info][gc,start    ] GC(486) Pause Young (Allocation Failure)
[117.241s][info][gc,heap     ] GC(486) PSYoungGen: 143232K(143360K)->530K(139264K) Eden: 142848K(142848K)->0K(138240K) From: 384K(512K)->530K(1024K)
[117.241s][info][gc,heap     ] GC(486) ParOldGen: 267108K(267264K)->267483K(267776K)
[117.241s][info][gc,metaspace] GC(486) Metaspace: 6105K(6208K)->6105K(6208K) NonClass: 5624K(5696K)->5624K(5696K) Class: 481K(512K)->481K(512K)
[117.241s][info][gc          ] GC(486) Pause Young (Allocation Failure) 400M->261M(397M) 2.306ms
[117.241s][info][gc,cpu      ] GC(486) User=0.01s Sys=0.00s Real=0.01s
[117.463s][info][gc,start    ] GC(487) Pause Young (Allocation Failure)
[117.465s][info][gc,heap     ] GC(487) PSYoungGen: 138770K(139264K)->818K(134656K) Eden: 138240K(138240K)->0K(133632K) From: 530K(1024K)->818K(1024K)
[117.465s][info][gc,heap     ] GC(487) ParOldGen: 267483K(267776K)->267635K(267776K)
[117.465s][info][gc,metaspace] GC(487) Metaspace: 6105K(6208K)->6105K(6208K) NonClass: 5624K(5696K)->5624K(5696K) Class: 481K(512K)->481K(512K)
[117.465s][info][gc          ] GC(487) Pause Young (Allocation Failure) 396M->262M(393M) 2.166ms
[117.465s][info][gc,cpu      ] GC(487) User=0.00s Sys=0.00s Real=0.00s
[117.696s][info][gc,start    ] GC(488) Pause Young (Allocation Failure)
[117.698s][info][gc,heap     ] GC(488) PSYoungGen: 134450K(134656K)->736K(130560K) Eden: 133632K(133632K)->0K(129536K) From: 818K(1024K)->736K(1024K)
[117.698s][info][gc,heap     ] GC(488) ParOldGen: 267635K(267776K)->267675K(267776K)
[117.698s][info][gc,metaspace] GC(488) Metaspace: 6105K(6208K)->6105K(6208K) NonClass: 5624K(5696K)->5624K(5696K) Class: 481K(512K)->481K(512K)
[117.698s][info][gc          ] GC(488) Pause Young (Allocation Failure) 392M->262M(389M) 1.787ms
[117.698s][info][gc,cpu      ] GC(488) User=0.00s Sys=0.00s Real=0.00s
[117.905s][info][gc,start    ] GC(489) Pause Young (Allocation Failure)
[117.906s][info][gc,heap     ] GC(489) PSYoungGen: 130272K(130560K)->512K(125952K) Eden: 129536K(129536K)->0K(125440K) From: 736K(1024K)->512K(512K)
[117.906s][info][gc,heap     ] GC(489) ParOldGen: 267675K(267776K)->267835K(268288K)
[117.906s][info][gc,metaspace] GC(489) Metaspace: 6105K(6208K)->6105K(6208K) NonClass: 5624K(5696K)->5624K(5696K) Class: 481K(512K)->481K(512K)
[117.906s][info][gc          ] GC(489) Pause Young (Allocation Failure) 388M->262M(385M) 1.472ms
[117.906s][info][gc,cpu      ] GC(489) User=0.01s Sys=0.00s Real=0.00s
[118.085s][info][gc,start    ] GC(490) Pause Young (Allocation Failure)
[118.086s][info][gc,heap     ] GC(490) PSYoungGen: 125952K(125952K)->736K(122368K) Eden: 125440K(125440K)->0K(121344K) From: 512K(512K)->736K(1024K)
[118.087s][info][gc,heap     ] GC(490) ParOldGen: 267835K(268288K)->267835K(268288K)
[118.087s][info][gc,metaspace] GC(490) Metaspace: 6105K(6208K)->6105K(6208K) NonClass: 5624K(5696K)->5624K(5696K) Class: 481K(512K)->481K(512K)
[118.087s][info][gc          ] GC(490) Pause Young (Allocation Failure) 384M->262M(381M) 1.586ms
[118.087s][info][gc,cpu      ] GC(490) User=0.00s Sys=0.00s Real=0.00s
[118.246s][info][gc,start    ] GC(491) Pause Young (Allocation Failure)
[118.247s][info][gc,heap     ] GC(491) PSYoungGen: 122080K(122368K)->640K(118784K) Eden: 121344K(121344K)->0K(117760K) From: 736K(1024K)->640K(1024K)
[118.247s][info][gc,heap     ] GC(491) ParOldGen: 267835K(268288K)->267867K(268288K)
[118.247s][info][gc,metaspace] GC(491) Metaspace: 6105K(6208K)->6105K(6208K) NonClass: 5624K(5696K)->5624K(5696K) Class: 481K(512K)->481K(512K)
[118.247s][info][gc          ] GC(491) Pause Young (Allocation Failure) 380M->262M(378M) 1.160ms
[118.247s][info][gc,cpu      ] GC(491) User=0.01s Sys=0.00s Real=0.00s
[118.401s][info][gc,start    ] GC(492) Pause Young (Allocation Failure)
[118.402s][info][gc,heap     ] GC(492) PSYoungGen: 118400K(118784K)->640K(115200K) Eden: 117760K(117760K)->0K(114176K) From: 640K(1024K)->640K(1024K)
[118.402s][info][gc,heap     ] GC(492) ParOldGen: 267867K(268288K)->267867K(268288K)
[118.402s][info][gc,metaspace] GC(492) Metaspace: 6105K(6208K)->6105K(6208K) NonClass: 5624K(5696K)->5624K(5696K) Class: 481K(512K)->481K(512K)
[118.402s][info][gc          ] GC(492) Pause Young (Allocation Failure) 377M->262M(374M) 1.178ms
[118.402s][info][gc,cpu      ] GC(492) User=0.00s Sys=0.00s Real=0.00s
[118.551s][info][gc,start    ] GC(493) Pause Young (Allocation Failure)
[118.553s][info][gc,heap     ] GC(493) PSYoungGen: 114816K(115200K)->512K(111104K) Eden: 114176K(114176K)->0K(110592K) From: 640K(1024K)->512K(512K)
[118.553s][info][gc,heap     ] GC(493) ParOldGen: 267867K(268288K)->268059K(268288K)
[118.553s][info][gc,metaspace] GC(493) Metaspace: 6105K(6208K)->6105K(6208K) NonClass: 5624K(5696K)->5624K(5696K) Class: 481K(512K)->481K(512K)
[118.553s][info][gc          ] GC(493) Pause Young (Allocation Failure) 373M->262M(370M) 1.534ms
[118.553s][info][gc,cpu      ] GC(493) User=0.00s Sys=0.00s Real=0.00s
[118.708s][info][gc,start    ] GC(494) Pause Young (Allocation Failure)
[118.709s][info][gc,heap     ] GC(494) PSYoungGen: 111104K(111104K)->640K(108544K) Eden: 110592K(110592K)->0K(107520K) From: 512K(512K)->640K(1024K)
[118.709s][info][gc,heap     ] GC(494) ParOldGen: 268059K(268288K)->268059K(268288K)
[118.709s][info][gc,metaspace] GC(494) Metaspace: 6105K(6208K)->6105K(6208K) NonClass: 5624K(5696K)->5624K(5696K) Class: 481K(512K)->481K(512K)
[118.709s][info][gc          ] GC(494) Pause Young (Allocation Failure) 370M->262M(368M) 1.206ms
[118.709s][info][gc,cpu      ] GC(494) User=0.00s Sys=0.00s Real=0.00s
[118.873s][info][gc,start    ] GC(495) Pause Young (Allocation Failure)
[118.874s][info][gc,heap     ] GC(495) PSYoungGen: 108160K(108544K)->672K(105472K) Eden: 107520K(107520K)->0K(104448K) From: 640K(1024K)->672K(1024K)
[118.874s][info][gc,heap     ] GC(495) ParOldGen: 268059K(268288K)->268075K(268288K)
[118.874s][info][gc,metaspace] GC(495) Metaspace: 6105K(6208K)->6105K(6208K) NonClass: 5624K(5696K)->5624K(5696K) Class: 481K(512K)->481K(512K)
[118.874s][info][gc          ] GC(495) Pause Young (Allocation Failure) 367M->262M(365M) 1.308ms
[118.874s][info][gc,cpu      ] GC(495) User=0.00s Sys=0.00s Real=0.00s
[119.041s][info][gc,start    ] GC(496) Pause Young (Allocation Failure)
[119.043s][info][gc,heap     ] GC(496) PSYoungGen: 105120K(105472K)->448K(101888K) Eden: 104448K(104448K)->0K(101376K) From: 672K(1024K)->448K(512K)
[119.043s][info][gc,heap     ] GC(496) ParOldGen: 268075K(268288K)->268365K(268800K)
[119.043s][info][gc,metaspace] GC(496) Metaspace: 6105K(6208K)->6105K(6208K) NonClass: 5624K(5696K)->5624K(5696K) Class: 481K(512K)->481K(512K)
[119.043s][info][gc          ] GC(496) Pause Young (Allocation Failure) 364M->262M(362M) 1.851ms
[119.043s][info][gc,cpu      ] GC(496) User=0.00s Sys=0.00s Real=0.00s
[119.203s][info][gc,start    ] GC(497) Pause Young (Allocation Failure)
[119.205s][info][gc,heap     ] GC(497) PSYoungGen: 101824K(101888K)->498K(98816K) Eden: 101376K(101376K)->0K(98304K) From: 448K(512K)->498K(512K)
[119.205s][info][gc,heap     ] GC(497) ParOldGen: 268365K(268800K)->268784K(268800K)
[119.205s][info][gc,metaspace] GC(497) Metaspace: 6105K(6208K)->6105K(6208K) NonClass: 5624K(5696K)->5624K(5696K) Class: 481K(512K)->481K(512K)
[119.205s][info][gc          ] GC(497) Pause Young (Allocation Failure) 361M->262M(359M) 2.055ms
[119.205s][info][gc,cpu      ] GC(497) User=0.00s Sys=0.00s Real=0.00s
[119.360s][info][gc,start    ] GC(498) Pause Young (Allocation Failure)
[119.362s][info][gc,heap     ] GC(498) PSYoungGen: 98802K(98816K)->754K(96768K) Eden: 98304K(98304K)->0K(95744K) From: 498K(512K)->754K(1024K)
[119.362s][info][gc,heap     ] GC(498) ParOldGen: 268784K(268800K)->268912K(269312K)
[119.362s][info][gc,metaspace] GC(498) Metaspace: 6105K(6208K)->6105K(6208K) NonClass: 5624K(5696K)->5624K(5696K) Class: 481K(512K)->481K(512K)
[119.362s][info][gc          ] GC(498) Pause Young (Allocation Failure) 358M->263M(357M) 1.835ms
[119.362s][info][gc,cpu      ] GC(498) User=0.01s Sys=0.00s Real=0.01s
[119.522s][info][gc,start    ] GC(499) Pause Young (Allocation Failure)
[119.524s][info][gc,heap     ] GC(499) PSYoungGen: 96498K(96768K)->416K(93696K) Eden: 95744K(95744K)->0K(93184K) From: 754K(1024K)->416K(512K)
[119.524s][info][gc,heap     ] GC(499) ParOldGen: 268912K(269312K)->269255K(269312K)
[119.524s][info][gc,metaspace] GC(499) Metaspace: 6105K(6208K)->6105K(6208K) NonClass: 5624K(5696K)->5624K(5696K) Class: 481K(512K)->481K(512K)
[119.524s][info][gc          ] GC(499) Pause Young (Allocation Failure) 356M->263M(354M) 1.868ms
[119.524s][info][gc,cpu      ] GC(499) User=0.00s Sys=0.00s Real=0.00s
[119.681s][info][gc,start    ] GC(500) Pause Young (Allocation Failure)
[119.683s][info][gc,heap     ] GC(500) PSYoungGen: 93600K(93696K)->448K(91648K) Eden: 93184K(93184K)->0K(90624K) From: 416K(512K)->448K(1024K)
[119.683s][info][gc,heap     ] GC(500) ParOldGen: 269255K(269312K)->269653K(269824K)
[119.683s][info][gc,metaspace] GC(500) Metaspace: 6105K(6208K)->6105K(6208K) NonClass: 5624K(5696K)->5624K(5696K) Class: 481K(512K)->481K(512K)
[119.683s][info][gc          ] GC(500) Pause Young (Allocation Failure) 354M->263M(353M) 1.918ms
[119.683s][info][gc,cpu      ] GC(500) User=0.00s Sys=0.00s Real=0.00s
[119.840s][info][gc,start    ] GC(501) Pause Young (Allocation Failure)
[119.842s][info][gc,heap     ] GC(501) PSYoungGen: 91072K(91648K)->448K(109568K) Eden: 90624K(90624K)->0K(109056K) From: 448K(1024K)->448K(512K)
[119.842s][info][gc,heap     ] GC(501) ParOldGen: 269653K(269824K)->270068K(270336K)
[119.842s][info][gc,metaspace] GC(501) Metaspace: 6105K(6208K)->6105K(6208K) NonClass: 5624K(5696K)->5624K(5696K) Class: 481K(512K)->481K(512K)
[119.842s][info][gc          ] GC(501) Pause Young (Allocation Failure) 352M->264M(371M) 2.028ms
[119.842s][info][gc,cpu      ] GC(501) User=0.00s Sys=0.00s Real=0.01s
[120.031s][info][gc,start    ] GC(502) Pause Young (Allocation Failure)
[120.033s][info][gc,heap     ] GC(502) PSYoungGen: 109504K(109568K)->466K(132096K) Eden: 109056K(109056K)->0K(131072K) From: 448K(512K)->466K(1024K)
[120.033s][info][gc,heap     ] GC(502) ParOldGen: 270068K(270336K)->270483K(270848K)
[120.033s][info][gc,metaspace] GC(502) Metaspace: 6105K(6208K)->6105K(6208K) NonClass: 5624K(5696K)->5624K(5696K) Class: 481K(512K)->481K(512K)
[120.033s][info][gc          ] GC(502) Pause Young (Allocation Failure) 370M->264M(393M) 2.072ms
[120.033s][info][gc,cpu      ] GC(502) User=0.00s Sys=0.00s Real=0.00s
[120.268s][info][gc,start    ] GC(503) Pause Young (Allocation Failure)
[120.270s][info][gc,heap     ] GC(503) PSYoungGen: 131538K(132096K)->754K(128000K) Eden: 131072K(131072K)->0K(126976K) From: 466K(1024K)->754K(1024K)
[120.270s][info][gc,heap     ] GC(503) ParOldGen: 270483K(270848K)->270603K(270848K)
[120.270s][info][gc,metaspace] GC(503) Metaspace: 6105K(6208K)->6105K(6208K) NonClass: 5624K(5696K)->5624K(5696K) Class: 481K(512K)->481K(512K)
[120.270s][info][gc          ] GC(503) Pause Young (Allocation Failure) 392M->264M(389M) 1.753ms
[120.270s][info][gc,cpu      ] GC(503) User=0.00s Sys=0.00s Real=0.00s
[120.511s][info][gc,start    ] GC(504) Pause Young (Allocation Failure)
[120.512s][info][gc,heap     ] GC(504) PSYoungGen: 127730K(128000K)->640K(123904K) Eden: 126976K(126976K)->0K(122880K) From: 754K(1024K)->640K(1024K)
[120.512s][info][gc,heap     ] GC(504) ParOldGen: 270603K(270848K)->270675K(270848K)
[120.512s][info][gc,metaspace] GC(504) Metaspace: 6105K(6208K)->6105K(6208K) NonClass: 5624K(5696K)->5624K(5696K) Class: 481K(512K)->481K(512K)
[120.512s][info][gc          ] GC(504) Pause Young (Allocation Failure) 388M->264M(385M) 1.457ms
[120.512s][info][gc,cpu      ] GC(504) User=0.00s Sys=0.00s Real=0.00s
[120.745s][info][gc,start    ] GC(505) Pause Young (Allocation Failure)
[120.747s][info][gc,heap     ] GC(505) PSYoungGen: 123520K(123904K)->384K(119808K) Eden: 122880K(122880K)->0K(119296K) From: 640K(1024K)->384K(512K)
[120.747s][info][gc,heap     ] GC(505) ParOldGen: 270675K(270848K)->270973K(271360K)
[120.747s][info][gc,metaspace] GC(505) Metaspace: 6105K(6208K)->6105K(6208K) NonClass: 5624K(5696K)->5624K(5696K) Class: 481K(512K)->481K(512K)
[120.748s][info][gc          ] GC(505) Pause Young (Allocation Failure) 384M->264M(382M) 2.325ms
[120.748s][info][gc,cpu      ] GC(505) User=0.00s Sys=0.00s Real=0.00s
[120.956s][info][gc,start    ] GC(506) Pause Young (Allocation Failure)
[120.958s][info][gc,heap     ] GC(506) PSYoungGen: 119680K(119808K)->530K(116736K) Eden: 119296K(119296K)->0K(115712K) From: 384K(512K)->530K(1024K)
[120.958s][info][gc,heap     ] GC(506) ParOldGen: 270973K(271360K)->271332K(271360K)
[120.958s][info][gc,metaspace] GC(506) Metaspace: 6105K(6208K)->6105K(6208K) NonClass: 5624K(5696K)->5624K(5696K) Class: 481K(512K)->481K(512K)
[120.958s][info][gc          ] GC(506) Pause Young (Allocation Failure) 381M->265M(379M) 2.177ms
[120.958s][info][gc,cpu      ] GC(506) User=0.00s Sys=0.00s Real=0.00s
[121.138s][info][gc,start    ] GC(507) Pause Young (Allocation Failure)
[121.140s][info][gc,heap     ] GC(507) PSYoungGen: 116242K(116736K)->498K(112640K) Eden: 115712K(115712K)->0K(112128K) From: 530K(1024K)->498K(512K)
[121.140s][info][gc,heap     ] GC(507) ParOldGen: 271332K(271360K)->271826K(271872K)
[121.140s][info][gc,metaspace] GC(507) Metaspace: 6105K(6208K)->6105K(6208K) NonClass: 5624K(5696K)->5624K(5696K) Class: 481K(512K)->481K(512K)
[121.140s][info][gc          ] GC(507) Pause Young (Allocation Failure) 378M->265M(375M) 2.393ms
[121.140s][info][gc,cpu      ] GC(507) User=0.00s Sys=0.00s Real=0.00s
[121.309s][info][gc,start    ] GC(508) Pause Young (Allocation Failure)
[121.311s][info][gc,heap     ] GC(508) PSYoungGen: 112626K(112640K)->722K(110080K) Eden: 112128K(112128K)->0K(109056K) From: 498K(512K)->722K(1024K)
[121.311s][info][gc,heap     ] GC(508) ParOldGen: 271826K(271872K)->271938K(272384K)
[121.311s][info][gc,metaspace] GC(508) Metaspace: 6105K(6208K)->6105K(6208K) NonClass: 5624K(5696K)->5624K(5696K) Class: 481K(512K)->481K(512K)
[121.311s][info][gc          ] GC(508) Pause Young (Allocation Failure) 375M->266M(373M) 1.809ms
[121.311s][info][gc,cpu      ] GC(508) User=0.00s Sys=0.00s Real=0.01s
[121.473s][info][gc,start    ] GC(509) Pause Young (Allocation Failure)
[121.475s][info][gc,heap     ] GC(509) PSYoungGen: 109778K(110080K)->608K(107008K) Eden: 109056K(109056K)->0K(105984K) From: 722K(1024K)->608K(1024K)
[121.475s][info][gc,heap     ] GC(509) ParOldGen: 271938K(272384K)->271978K(272384K)
[121.475s][info][gc,metaspace] GC(509) Metaspace: 6105K(6208K)->6105K(6208K) NonClass: 5624K(5696K)->5624K(5696K) Class: 481K(512K)->481K(512K)
[121.475s][info][gc          ] GC(509) Pause Young (Allocation Failure) 372M->266M(370M) 1.232ms
[121.475s][info][gc,cpu      ] GC(509) User=0.00s Sys=0.00s Real=0.00s
[121.655s][info][gc,start    ] GC(510) Pause Young (Allocation Failure)
[121.656s][info][gc,heap     ] GC(510) PSYoungGen: 106592K(107008K)->416K(103424K) Eden: 105984K(105984K)->0K(102912K) From: 608K(1024K)->416K(512K)
[121.656s][info][gc,heap     ] GC(510) ParOldGen: 271978K(272384K)->272269K(272384K)
[121.656s][info][gc,metaspace] GC(510) Metaspace: 6105K(6208K)->6105K(6208K) NonClass: 5624K(5696K)->5624K(5696K) Class: 481K(512K)->481K(512K)
[121.656s][info][gc          ] GC(510) Pause Young (Allocation Failure) 369M->266M(367M) 1.643ms
[121.656s][info][gc,cpu      ] GC(510) User=0.01s Sys=0.00s Real=0.00s
[121.803s][info][gc,start    ] GC(511) Pause Young (Allocation Failure)
[121.804s][info][gc,heap     ] GC(511) PSYoungGen: 103328K(103424K)->786K(100864K) Eden: 102912K(102912K)->0K(99840K) From: 416K(512K)->786K(1024K)
[121.804s][info][gc,heap     ] GC(511) ParOldGen: 272269K(272384K)->272365K(272384K)
[121.804s][info][gc,metaspace] GC(511) Metaspace: 6105K(6208K)->6105K(6208K) NonClass: 5624K(5696K)->5624K(5696K) Class: 481K(512K)->481K(512K)
[121.804s][info][gc          ] GC(511) Pause Young (Allocation Failure) 366M->266M(364M) 1.732ms
[121.804s][info][gc,cpu      ] GC(511) User=0.00s Sys=0.00s Real=0.00s
[121.916s][info][gc,start    ] GC(512) Pause Young (Allocation Failure)
[121.918s][info][gc,heap     ] GC(512) PSYoungGen: 100626K(100864K)->448K(120320K) Eden: 99840K(99840K)->0K(119808K) From: 786K(1024K)->448K(512K)
[121.918s][info][gc,heap     ] GC(512) ParOldGen: 272365K(272384K)->272716K(272896K)
[121.918s][info][gc,metaspace] GC(512) Metaspace: 6105K(6208K)->6105K(6208K) NonClass: 5624K(5696K)->5624K(5696K) Class: 481K(512K)->481K(512K)
[121.918s][info][gc          ] GC(512) Pause Young (Allocation Failure) 364M->266M(384M) 1.995ms
[121.918s][info][gc,cpu      ] GC(512) User=0.00s Sys=0.00s Real=0.00s
[122.064s][info][gc,start    ] GC(513) Pause Young (Allocation Failure)
[122.066s][info][gc,heap     ] GC(513) PSYoungGen: 120256K(120320K)->722K(144896K) Eden: 119808K(119808K)->0K(143872K) From: 448K(512K)->722K(1024K)
[122.066s][info][gc,heap     ] GC(513) ParOldGen: 272716K(272896K)->272804K(272896K)
[122.066s][info][gc,metaspace] GC(513) Metaspace: 6105K(6208K)->6105K(6208K) NonClass: 5624K(5696K)->5624K(5696K) Class: 481K(512K)->481K(512K)
[122.066s][info][gc          ] GC(513) Pause Young (Allocation Failure) 383M->267M(408M) 1.691ms
[122.066s][info][gc,cpu      ] GC(513) User=0.01s Sys=0.00s Real=0.00s
[122.247s][info][gc,start    ] GC(514) Pause Young (Allocation Failure)
[122.249s][info][gc,heap     ] GC(514) PSYoungGen: 144594K(144896K)->480K(173568K) Eden: 143872K(143872K)->0K(173056K) From: 722K(1024K)->480K(512K)
[122.249s][info][gc,heap     ] GC(514) ParOldGen: 272804K(272896K)->273126K(273408K)
[122.249s][info][gc,metaspace] GC(514) Metaspace: 6105K(6208K)->6105K(6208K) NonClass: 5624K(5696K)->5624K(5696K) Class: 481K(512K)->481K(512K)
[122.249s][info][gc          ] GC(514) Pause Young (Allocation Failure) 407M->267M(436M) 2.053ms
[122.249s][info][gc,cpu      ] GC(514) User=0.00s Sys=0.00s Real=0.00s
[122.458s][info][gc,start    ] GC(515) Pause Young (Allocation Failure)
[122.459s][info][gc,heap     ] GC(515) PSYoungGen: 173536K(173568K)->704K(167936K) Eden: 173056K(173056K)->0K(166912K) From: 480K(512K)->704K(1024K)
[122.459s][info][gc,heap     ] GC(515) ParOldGen: 273126K(273408K)->273222K(273408K)
[122.459s][info][gc,metaspace] GC(515) Metaspace: 6105K(6208K)->6105K(6208K) NonClass: 5624K(5696K)->5624K(5696K) Class: 481K(512K)->481K(512K)
[122.459s][info][gc          ] GC(515) Pause Young (Allocation Failure) 436M->267M(431M) 1.509ms
[122.459s][info][gc,cpu      ] GC(515) User=0.01s Sys=0.01s Real=0.00s
[122.637s][info][gc,start    ] GC(516) Pause Young (Allocation Failure)
[122.639s][info][gc,heap     ] GC(516) PSYoungGen: 167616K(167936K)->416K(161792K) Eden: 166912K(166912K)->0K(161280K) From: 704K(1024K)->416K(512K)
[122.639s][info][gc,heap     ] GC(516) ParOldGen: 273222K(273408K)->273593K(273920K)
[122.639s][info][gc,metaspace] GC(516) Metaspace: 6105K(6208K)->6105K(6208K) NonClass: 5624K(5696K)->5624K(5696K) Class: 481K(512K)->481K(512K)
[122.639s][info][gc          ] GC(516) Pause Young (Allocation Failure) 430M->267M(425M) 2.058ms
[122.639s][info][gc,cpu      ] GC(516) User=0.00s Sys=0.00s Real=0.00s
[122.815s][info][gc,start    ] GC(517) Pause Young (Allocation Failure)
[122.817s][info][gc,heap     ] GC(517) PSYoungGen: 161696K(161792K)->754K(156672K) Eden: 161280K(161280K)->0K(155648K) From: 416K(512K)->754K(1024K)
[122.817s][info][gc,heap     ] GC(517) ParOldGen: 273593K(273920K)->273681K(273920K)
[122.817s][info][gc,metaspace] GC(517) Metaspace: 6105K(6208K)->6105K(6208K) NonClass: 5624K(5696K)->5624K(5696K) Class: 481K(512K)->481K(512K)
[122.817s][info][gc          ] GC(517) Pause Young (Allocation Failure) 425M->268M(420M) 1.936ms
[122.817s][info][gc,cpu      ] GC(517) User=0.01s Sys=0.00s Real=0.00s
[122.979s][info][gc,start    ] GC(518) Pause Young (Allocation Failure)
[122.980s][info][gc,heap     ] GC(518) PSYoungGen: 156402K(156672K)->672K(151552K) Eden: 155648K(155648K)->0K(150528K) From: 754K(1024K)->672K(1024K)
[122.980s][info][gc,heap     ] GC(518) ParOldGen: 273681K(273920K)->273721K(273920K)
[122.980s][info][gc,metaspace] GC(518) Metaspace: 6105K(6208K)->6105K(6208K) NonClass: 5624K(5696K)->5624K(5696K) Class: 481K(512K)->481K(512K)
[122.980s][info][gc          ] GC(518) Pause Young (Allocation Failure) 420M->267M(415M) 1.550ms
[122.980s][info][gc,cpu      ] GC(518) User=0.00s Sys=0.00s Real=0.00s
[123.136s][info][gc,start    ] GC(519) Pause Young (Allocation Failure)
[123.137s][info][gc,heap     ] GC(519) PSYoungGen: 151200K(151552K)->512K(145920K) Eden: 150528K(150528K)->0K(145408K) From: 672K(1024K)->512K(512K)
[123.137s][info][gc,heap     ] GC(519) ParOldGen: 273721K(273920K)->273841K(273920K)
[123.137s][info][gc,metaspace] GC(519) Metaspace: 6105K(6208K)->6105K(6208K) NonClass: 5624K(5696K)->5624K(5696K) Class: 481K(512K)->481K(512K)
[123.137s][info][gc          ] GC(519) Pause Young (Allocation Failure) 414M->267M(410M) 1.263ms
[123.137s][info][gc,cpu      ] GC(519) User=0.00s Sys=0.00s Real=0.00s
[123.287s][info][gc,start    ] GC(520) Pause Young (Allocation Failure)
[123.289s][info][gc,heap     ] GC(520) PSYoungGen: 145920K(145920K)->480K(141824K) Eden: 145408K(145408K)->0K(140800K) From: 512K(512K)->480K(1024K)
[123.289s][info][gc,heap     ] GC(520) ParOldGen: 273841K(273920K)->274107K(274432K)
[123.289s][info][gc,metaspace] GC(520) Metaspace: 6105K(6208K)->6105K(6208K) NonClass: 5624K(5696K)->5624K(5696K) Class: 481K(512K)->481K(512K)
[123.289s][info][gc          ] GC(520) Pause Young (Allocation Failure) 409M->268M(406M) 1.840ms
[123.289s][info][gc,cpu      ] GC(520) User=0.00s Sys=0.00s Real=0.00s
[123.442s][info][gc,start    ] GC(521) Pause Young (Allocation Failure)
[123.444s][info][gc,heap     ] GC(521) PSYoungGen: 141280K(141824K)->818K(137216K) Eden: 140800K(140800K)->0K(136192K) From: 480K(1024K)->818K(1024K)
[123.444s][info][gc,heap     ] GC(521) ParOldGen: 274107K(274432K)->274219K(274432K)
[123.444s][info][gc,metaspace] GC(521) Metaspace: 6105K(6208K)->6105K(6208K) NonClass: 5624K(5696K)->5624K(5696K) Class: 481K(512K)->481K(512K)
[123.444s][info][gc          ] GC(521) Pause Young (Allocation Failure) 405M->268M(402M) 1.883ms
[123.444s][info][gc,cpu      ] GC(521) User=0.00s Sys=0.00s Real=0.00s
[123.611s][info][gc,start    ] GC(522) Pause Young (Allocation Failure)
[123.613s][info][gc,heap     ] GC(522) PSYoungGen: 137010K(137216K)->832K(133120K) Eden: 136192K(136192K)->0K(132096K) From: 818K(1024K)->832K(1024K)
[123.613s][info][gc,heap     ] GC(522) ParOldGen: 274219K(274432K)->274251K(274432K)
[123.613s][info][gc,metaspace] GC(522) Metaspace: 6105K(6208K)->6105K(6208K) NonClass: 5624K(5696K)->5624K(5696K) Class: 481K(512K)->481K(512K)
[123.613s][info][gc          ] GC(522) Pause Young (Allocation Failure) 401M->268M(398M) 1.703ms
[123.613s][info][gc,cpu      ] GC(522) User=0.01s Sys=0.00s Real=0.00s
[123.774s][info][gc,start    ] GC(523) Pause Young (Allocation Failure)
[123.776s][info][gc,heap     ] GC(523) PSYoungGen: 132928K(133120K)->512K(128512K) Eden: 132096K(132096K)->0K(128000K) From: 832K(1024K)->512K(512K)
[123.776s][info][gc,heap     ] GC(523) ParOldGen: 274251K(274432K)->274443K(274944K)
[123.776s][info][gc,metaspace] GC(523) Metaspace: 6105K(6208K)->6105K(6208K) NonClass: 5624K(5696K)->5624K(5696K) Class: 481K(512K)->481K(512K)
[123.776s][info][gc          ] GC(523) Pause Young (Allocation Failure) 397M->268M(394M) 1.578ms
[123.776s][info][gc,cpu      ] GC(523) User=0.00s Sys=0.00s Real=0.00s
[123.918s][info][gc,start    ] GC(524) Pause Young (Allocation Failure)
[123.919s][info][gc,heap     ] GC(524) PSYoungGen: 128512K(128512K)->736K(124928K) Eden: 128000K(128000K)->0K(123904K) From: 512K(512K)->736K(1024K)
[123.919s][info][gc,heap     ] GC(524) ParOldGen: 274443K(274944K)->274443K(274944K)
[123.919s][info][gc,metaspace] GC(524) Metaspace: 6105K(6208K)->6105K(6208K) NonClass: 5624K(5696K)->5624K(5696K) Class: 481K(512K)->481K(512K)
[123.919s][info][gc          ] GC(524) Pause Young (Allocation Failure) 393M->268M(390M) 1.299ms
[123.919s][info][gc,cpu      ] GC(524) User=0.00s Sys=0.00s Real=0.00s
[124.058s][info][gc,start    ] GC(525) Pause Young (Allocation Failure)
[124.059s][info][gc,heap     ] GC(525) PSYoungGen: 124640K(124928K)->768K(121344K) Eden: 123904K(123904K)->0K(120320K) From: 736K(1024K)->768K(1024K)
[124.059s][info][gc,heap     ] GC(525) ParOldGen: 274443K(274944K)->274475K(274944K)
[124.059s][info][gc,metaspace] GC(525) Metaspace: 6105K(6208K)->6105K(6208K) NonClass: 5624K(5696K)->5624K(5696K) Class: 481K(512K)->481K(512K)
[124.059s][info][gc          ] GC(525) Pause Young (Allocation Failure) 389M->268M(387M) 1.424ms
[124.059s][info][gc,cpu      ] GC(525) User=0.00s Sys=0.00s Real=0.00s
[124.195s][info][gc,start    ] GC(526) Pause Young (Allocation Failure)
[124.196s][info][gc,heap     ] GC(526) PSYoungGen: 121088K(121344K)->512K(117248K) Eden: 120320K(120320K)->0K(116736K) From: 768K(1024K)->512K(512K)
[124.196s][info][gc,heap     ] GC(526) ParOldGen: 274475K(274944K)->274475K(274944K)
[124.196s][info][gc,metaspace] GC(526) Metaspace: 6105K(6208K)->6105K(6208K) NonClass: 5624K(5696K)->5624K(5696K) Class: 481K(512K)->481K(512K)
[124.196s][info][gc          ] GC(526) Pause Young (Allocation Failure) 386M->268M(383M) 1.060ms
[124.196s][info][gc,cpu      ] GC(526) User=0.00s Sys=0.00s Real=0.00s
[124.320s][info][gc,start    ] GC(527) Pause Young (Allocation Failure)
[124.321s][info][gc,heap     ] GC(527) PSYoungGen: 117248K(117248K)->736K(114176K) Eden: 116736K(116736K)->0K(113152K) From: 512K(512K)->736K(1024K)
[124.321s][info][gc,heap     ] GC(527) ParOldGen: 274475K(274944K)->274475K(274944K)
[124.321s][info][gc,metaspace] GC(527) Metaspace: 6105K(6208K)->6105K(6208K) NonClass: 5624K(5696K)->5624K(5696K) Class: 481K(512K)->481K(512K)
[124.321s][info][gc          ] GC(527) Pause Young (Allocation Failure) 382M->268M(380M) 1.224ms
[124.321s][info][gc,cpu      ] GC(527) User=0.00s Sys=0.00s Real=0.01s
[124.438s][info][gc,start    ] GC(528) Pause Young (Allocation Failure)
[124.440s][info][gc,heap     ] GC(528) PSYoungGen: 113888K(114176K)->736K(111104K) Eden: 113152K(113152K)->0K(110080K) From: 736K(1024K)->736K(1024K)
[124.440s][info][gc,heap     ] GC(528) ParOldGen: 274475K(274944K)->274475K(274944K)
[124.440s][info][gc,metaspace] GC(528) Metaspace: 6105K(6208K)->6105K(6208K) NonClass: 5624K(5696K)->5624K(5696K) Class: 481K(512K)->481K(512K)
[124.440s][info][gc          ] GC(528) Pause Young (Allocation Failure) 379M->268M(377M) 1.350ms
[124.440s][info][gc,cpu      ] GC(528) User=0.00s Sys=0.00s Real=0.00s
[124.555s][info][gc,start    ] GC(529) Pause Young (Allocation Failure)
[124.556s][info][gc,heap     ] GC(529) PSYoungGen: 110816K(111104K)->512K(107520K) Eden: 110080K(110080K)->0K(107008K) From: 736K(1024K)->512K(512K)
[124.556s][info][gc,heap     ] GC(529) ParOldGen: 274475K(274944K)->274491K(274944K)
[124.556s][info][gc,metaspace] GC(529) Metaspace: 6105K(6208K)->6105K(6208K) NonClass: 5624K(5696K)->5624K(5696K) Class: 481K(512K)->481K(512K)
[124.556s][info][gc          ] GC(529) Pause Young (Allocation Failure) 376M->268M(373M) 1.079ms
[124.556s][info][gc,cpu      ] GC(529) User=0.00s Sys=0.00s Real=0.00s
[124.671s][info][gc,start    ] GC(530) Pause Young (Allocation Failure)
[124.672s][info][gc,heap     ] GC(530) PSYoungGen: 107520K(107520K)->672K(104960K) Eden: 107008K(107008K)->0K(103936K) From: 512K(512K)->672K(1024K)
[124.672s][info][gc,heap     ] GC(530) ParOldGen: 274491K(274944K)->274491K(274944K)
[124.672s][info][gc,metaspace] GC(530) Metaspace: 6105K(6208K)->6105K(6208K) NonClass: 5624K(5696K)->5624K(5696K) Class: 481K(512K)->481K(512K)
[124.672s][info][gc          ] GC(530) Pause Young (Allocation Failure) 373M->268M(371M) 1.114ms
[124.672s][info][gc,cpu      ] GC(530) User=0.00s Sys=0.00s Real=0.00s
[124.785s][info][gc,start    ] GC(531) Pause Young (Allocation Failure)
[124.786s][info][gc,heap     ] GC(531) PSYoungGen: 104608K(104960K)->640K(101888K) Eden: 103936K(103936K)->0K(100864K) From: 672K(1024K)->640K(1024K)
[124.786s][info][gc,heap     ] GC(531) ParOldGen: 274491K(274944K)->274499K(274944K)
[124.786s][info][gc,metaspace] GC(531) Metaspace: 6105K(6208K)->6105K(6208K) NonClass: 5624K(5696K)->5624K(5696K) Class: 481K(512K)->481K(512K)
[124.786s][info][gc          ] GC(531) Pause Young (Allocation Failure) 370M->268M(368M) 1.146ms
[124.786s][info][gc,cpu      ] GC(531) User=0.00s Sys=0.00s Real=0.00s
[124.900s][info][gc,start    ] GC(532) Pause Young (Allocation Failure)
[124.901s][info][gc,heap     ] GC(532) PSYoungGen: 101504K(101888K)->672K(99328K) Eden: 100864K(100864K)->0K(98304K) From: 640K(1024K)->672K(1024K)
[124.901s][info][gc,heap     ] GC(532) ParOldGen: 274499K(274944K)->274499K(274944K)
[124.901s][info][gc,metaspace] GC(532) Metaspace: 6105K(6208K)->6105K(6208K) NonClass: 5624K(5696K)->5624K(5696K) Class: 481K(512K)->481K(512K)
[124.901s][info][gc          ] GC(532) Pause Young (Allocation Failure) 367M->268M(365M) 1.179ms
[124.901s][info][gc,cpu      ] GC(532) User=0.01s Sys=0.00s Real=0.01s
[125.013s][info][gc,start    ] GC(533) Pause Young (Allocation Failure)
[125.014s][info][gc,heap     ] GC(533) PSYoungGen: 98976K(99328K)->512K(96256K) Eden: 98304K(98304K)->0K(95744K) From: 672K(1024K)->512K(512K)
[125.014s][info][gc,heap     ] GC(533) ParOldGen: 274499K(274944K)->274699K(274944K)
[125.014s][info][gc,metaspace] GC(533) Metaspace: 6105K(6208K)->6105K(6208K) NonClass: 5624K(5696K)->5624K(5696K) Class: 481K(512K)->481K(512K)
[125.014s][info][gc          ] GC(533) Pause Young (Allocation Failure) 364M->268M(362M) 1.399ms
[125.014s][info][gc,cpu      ] GC(533) User=0.00s Sys=0.00s Real=0.00s
[125.123s][info][gc,start    ] GC(534) Pause Young (Allocation Failure)
[125.124s][info][gc,heap     ] GC(534) PSYoungGen: 96256K(96256K)->768K(94208K) Eden: 95744K(95744K)->0K(93184K) From: 512K(512K)->768K(1024K)
[125.124s][info][gc,heap     ] GC(534) ParOldGen: 274699K(274944K)->274699K(274944K)
[125.124s][info][gc,metaspace] GC(534) Metaspace: 6105K(6208K)->6105K(6208K) NonClass: 5624K(5696K)->5624K(5696K) Class: 481K(512K)->481K(512K)
[125.124s][info][gc          ] GC(534) Pause Young (Allocation Failure) 362M->269M(360M) 1.330ms
[125.124s][info][gc,cpu      ] GC(534) User=0.00s Sys=0.00s Real=0.00s
[125.236s][info][gc,start    ] GC(535) Pause Young (Allocation Failure)
[125.237s][info][gc,heap     ] GC(535) PSYoungGen: 93952K(94208K)->736K(91648K) Eden: 93184K(93184K)->0K(90624K) From: 768K(1024K)->736K(1024K)
[125.237s][info][gc,heap     ] GC(535) ParOldGen: 274699K(274944K)->274723K(274944K)
[125.237s][info][gc,metaspace] GC(535) Metaspace: 6105K(6208K)->6105K(6208K) NonClass: 5624K(5696K)->5624K(5696K) Class: 481K(512K)->481K(512K)
[125.237s][info][gc          ] GC(535) Pause Young (Allocation Failure) 360M->269M(358M) 1.339ms
[125.237s][info][gc,cpu      ] GC(535) User=0.00s Sys=0.00s Real=0.00s
[125.347s][info][gc,start    ] GC(536) Pause Young (Allocation Failure)
[125.348s][info][gc,heap     ] GC(536) PSYoungGen: 91360K(91648K)->640K(89088K) Eden: 90624K(90624K)->0K(88064K) From: 736K(1024K)->640K(1024K)
[125.348s][info][gc,heap     ] GC(536) ParOldGen: 274723K(274944K)->274723K(274944K)
[125.348s][info][gc,metaspace] GC(536) Metaspace: 6105K(6208K)->6105K(6208K) NonClass: 5624K(5696K)->5624K(5696K) Class: 481K(512K)->481K(512K)
[125.348s][info][gc          ] GC(536) Pause Young (Allocation Failure) 357M->268M(355M) 1.212ms
[125.348s][info][gc,cpu      ] GC(536) User=0.00s Sys=0.00s Real=0.00s
[125.452s][info][gc,start    ] GC(537) Pause Young (Allocation Failure)
[125.454s][info][gc,heap     ] GC(537) PSYoungGen: 88704K(89088K)->512K(106496K) Eden: 88064K(88064K)->0K(105984K) From: 640K(1024K)->512K(512K)
[125.454s][info][gc,heap     ] GC(537) ParOldGen: 274723K(274944K)->274971K(275456K)
[125.454s][info][gc,metaspace] GC(537) Metaspace: 6105K(6208K)->6105K(6208K) NonClass: 5624K(5696K)->5624K(5696K) Class: 481K(512K)->481K(512K)
[125.454s][info][gc          ] GC(537) Pause Young (Allocation Failure) 354M->269M(373M) 1.506ms
[125.454s][info][gc,cpu      ] GC(537) User=0.00s Sys=0.00s Real=0.00s
[125.581s][info][gc,start    ] GC(538) Pause Young (Allocation Failure)
[125.582s][info][gc,heap     ] GC(538) PSYoungGen: 106496K(106496K)->704K(103936K) Eden: 105984K(105984K)->0K(102912K) From: 512K(512K)->704K(1024K)
[125.582s][info][gc,heap     ] GC(538) ParOldGen: 274971K(275456K)->274971K(275456K)
[125.582s][info][gc,metaspace] GC(538) Metaspace: 6105K(6208K)->6105K(6208K) NonClass: 5624K(5696K)->5624K(5696K) Class: 481K(512K)->481K(512K)
[125.582s][info][gc          ] GC(538) Pause Young (Allocation Failure) 372M->269M(370M) 1.199ms
[125.582s][info][gc,cpu      ] GC(538) User=0.01s Sys=0.00s Real=0.00s
[125.704s][info][gc,start    ] GC(539) Pause Young (Allocation Failure)
[125.705s][info][gc,heap     ] GC(539) PSYoungGen: 103616K(103936K)->736K(100864K) Eden: 102912K(102912K)->0K(99840K) From: 704K(1024K)->736K(1024K)
[125.705s][info][gc,heap     ] GC(539) ParOldGen: 274971K(275456K)->274995K(275456K)
[125.705s][info][gc,metaspace] GC(539) Metaspace: 6105K(6208K)->6105K(6208K) NonClass: 5624K(5696K)->5624K(5696K) Class: 481K(512K)->481K(512K)
[125.705s][info][gc          ] GC(539) Pause Young (Allocation Failure) 369M->269M(367M) 1.354ms
[125.705s][info][gc,cpu      ] GC(539) User=0.00s Sys=0.00s Real=0.00s
[125.821s][info][gc,start    ] GC(540) Pause Young (Allocation Failure)
[125.822s][info][gc,heap     ] GC(540) PSYoungGen: 100576K(100864K)->672K(98304K) Eden: 99840K(99840K)->0K(97280K) From: 736K(1024K)->672K(1024K)
[125.822s][info][gc,heap     ] GC(540) ParOldGen: 274995K(275456K)->274995K(275456K)
[125.822s][info][gc,metaspace] GC(540) Metaspace: 6105K(6208K)->6105K(6208K) NonClass: 5624K(5696K)->5624K(5696K) Class: 481K(512K)->481K(512K)
[125.822s][info][gc          ] GC(540) Pause Young (Allocation Failure) 366M->269M(365M) 1.200ms
[125.822s][info][gc,cpu      ] GC(540) User=0.00s Sys=0.00s Real=0.00s
[125.939s][info][gc,start    ] GC(541) Pause Young (Allocation Failure)
[125.940s][info][gc,heap     ] GC(541) PSYoungGen: 97952K(98304K)->512K(95232K) Eden: 97280K(97280K)->0K(94720K) From: 672K(1024K)->512K(512K)
[125.940s][info][gc,heap     ] GC(541) ParOldGen: 274995K(275456K)->275155K(275456K)
[125.940s][info][gc,metaspace] GC(541) Metaspace: 6105K(6208K)->6105K(6208K) NonClass: 5624K(5696K)->5624K(5696K) Class: 481K(512K)->481K(512K)
[125.940s][info][gc          ] GC(541) Pause Young (Allocation Failure) 364M->269M(362M) 1.234ms
[125.940s][info][gc,cpu      ] GC(541) User=0.00s Sys=0.00s Real=0.00s
[126.056s][info][gc,start    ] GC(542) Pause Young (Allocation Failure)
[126.057s][info][gc,heap     ] GC(542) PSYoungGen: 95232K(95232K)->722K(93184K) Eden: 94720K(94720K)->0K(92160K) From: 512K(512K)->722K(1024K)
[126.057s][info][gc,heap     ] GC(542) ParOldGen: 275155K(275456K)->275155K(275456K)
[126.057s][info][gc,metaspace] GC(542) Metaspace: 6105K(6208K)->6105K(6208K) NonClass: 5624K(5696K)->5624K(5696K) Class: 481K(512K)->481K(512K)
[126.057s][info][gc          ] GC(542) Pause Young (Allocation Failure) 361M->269M(360M) 1.229ms
[126.057s][info][gc,cpu      ] GC(542) User=0.00s Sys=0.00s Real=0.00s
[126.169s][info][gc,start    ] GC(543) Pause Young (Allocation Failure)
[126.170s][info][gc,heap     ] GC(543) PSYoungGen: 92882K(93184K)->640K(90624K) Eden: 92160K(92160K)->0K(89600K) From: 722K(1024K)->640K(1024K)
[126.170s][info][gc,heap     ] GC(543) ParOldGen: 275155K(275456K)->275187K(275456K)
[126.170s][info][gc,metaspace] GC(543) Metaspace: 6105K(6208K)->6105K(6208K) NonClass: 5624K(5696K)->5624K(5696K) Class: 481K(512K)->481K(512K)
[126.170s][info][gc          ] GC(543) Pause Young (Allocation Failure) 359M->269M(357M) 1.155ms
[126.170s][info][gc,cpu      ] GC(543) User=0.00s Sys=0.00s Real=0.00s
[126.276s][info][gc,start    ] GC(544) Pause Young (Allocation Failure)
[126.277s][info][gc,heap     ] GC(544) PSYoungGen: 90240K(90624K)->800K(88064K) Eden: 89600K(89600K)->0K(87040K) From: 640K(1024K)->800K(1024K)
[126.277s][info][gc,heap     ] GC(544) ParOldGen: 275187K(275456K)->275187K(275456K)
[126.277s][info][gc,metaspace] GC(544) Metaspace: 6105K(6208K)->6105K(6208K) NonClass: 5624K(5696K)->5624K(5696K) Class: 481K(512K)->481K(512K)
[126.277s][info][gc          ] GC(544) Pause Young (Allocation Failure) 356M->269M(355M) 1.429ms
[126.277s][info][gc,cpu      ] GC(544) User=0.01s Sys=0.00s Real=0.00s
[126.378s][info][gc,start    ] GC(545) Pause Young (Allocation Failure)
[126.379s][info][gc,heap     ] GC(545) PSYoungGen: 87840K(88064K)->512K(208384K) Eden: 87040K(87040K)->0K(207872K) From: 800K(1024K)->512K(512K)
[126.379s][info][gc,heap     ] GC(545) ParOldGen: 275187K(275456K)->275307K(275456K)
[126.379s][info][gc,metaspace] GC(545) Metaspace: 6105K(6208K)->6105K(6208K) NonClass: 5624K(5696K)->5624K(5696K) Class: 481K(512K)->481K(512K)
[126.379s][info][gc          ] GC(545) Pause Young (Allocation Failure) 354M->269M(472M) 1.173ms
[126.379s][info][gc,cpu      ] GC(545) User=0.00s Sys=0.00s Real=0.00s
[126.616s][info][gc,start    ] GC(546) Pause Young (Allocation Failure)
[126.617s][info][gc,heap     ] GC(546) PSYoungGen: 208384K(208384K)->704K(201216K) Eden: 207872K(207872K)->0K(200192K) From: 512K(512K)->704K(1024K)
[126.617s][info][gc,heap     ] GC(546) ParOldGen: 275307K(275456K)->275307K(275456K)
[126.617s][info][gc,metaspace] GC(546) Metaspace: 6105K(6208K)->6105K(6208K) NonClass: 5624K(5696K)->5624K(5696K) Class: 481K(512K)->481K(512K)
[126.617s][info][gc          ] GC(546) Pause Young (Allocation Failure) 472M->269M(465M) 1.317ms
[126.617s][info][gc,cpu      ] GC(546) User=0.00s Sys=0.00s Real=0.00s
[126.837s][info][gc,start    ] GC(547) Pause Young (Allocation Failure)
[126.838s][info][gc,heap     ] GC(547) PSYoungGen: 200896K(201216K)->768K(194048K) Eden: 200192K(200192K)->0K(193024K) From: 704K(1024K)->768K(1024K)
[126.838s][info][gc,heap     ] GC(547) ParOldGen: 275307K(275456K)->275331K(275456K)
[126.838s][info][gc,metaspace] GC(547) Metaspace: 6105K(6208K)->6105K(6208K) NonClass: 5624K(5696K)->5624K(5696K) Class: 481K(512K)->481K(512K)
[126.838s][info][gc          ] GC(547) Pause Young (Allocation Failure) 465M->269M(458M) 1.475ms
[126.838s][info][gc,cpu      ] GC(547) User=0.00s Sys=0.00s Real=0.00s
[127.047s][info][gc,start    ] GC(548) Pause Young (Allocation Failure)
[127.048s][info][gc,heap     ] GC(548) PSYoungGen: 193792K(194048K)->704K(186880K) Eden: 193024K(193024K)->0K(185856K) From: 768K(1024K)->704K(1024K)
[127.048s][info][gc,heap     ] GC(548) ParOldGen: 275331K(275456K)->275331K(275456K)
[127.048s][info][gc,metaspace] GC(548) Metaspace: 6105K(6208K)->6105K(6208K) NonClass: 5624K(5696K)->5624K(5696K) Class: 481K(512K)->481K(512K)
[127.048s][info][gc          ] GC(548) Pause Young (Allocation Failure) 458M->269M(451M) 1.573ms
[127.048s][info][gc,cpu      ] GC(548) User=0.01s Sys=0.00s Real=0.00s
[127.255s][info][gc,start    ] GC(549) Pause Young (Allocation Failure)
[127.257s][info][gc,heap     ] GC(549) PSYoungGen: 186560K(186880K)->512K(179712K) Eden: 185856K(185856K)->0K(179200K) From: 704K(1024K)->512K(512K)
[127.257s][info][gc,heap     ] GC(549) ParOldGen: 275331K(275456K)->275539K(275968K)
[127.257s][info][gc,metaspace] GC(549) Metaspace: 6105K(6208K)->6105K(6208K) NonClass: 5624K(5696K)->5624K(5696K) Class: 481K(512K)->481K(512K)
[127.257s][info][gc          ] GC(549) Pause Young (Allocation Failure) 451M->269M(445M) 1.569ms
[127.257s][info][gc,cpu      ] GC(549) User=0.00s Sys=0.00s Real=0.00s
[127.455s][info][gc,start    ] GC(550) Pause Young (Allocation Failure)
[127.456s][info][gc,heap     ] GC(550) PSYoungGen: 179712K(179712K)->768K(174080K) Eden: 179200K(179200K)->0K(173056K) From: 512K(512K)->768K(1024K)
[127.457s][info][gc,heap     ] GC(550) ParOldGen: 275539K(275968K)->275539K(275968K)
[127.457s][info][gc,metaspace] GC(550) Metaspace: 6105K(6208K)->6105K(6208K) NonClass: 5624K(5696K)->5624K(5696K) Class: 481K(512K)->481K(512K)
[127.457s][info][gc          ] GC(550) Pause Young (Allocation Failure) 444M->269M(439M) 1.671ms
[127.457s][info][gc,cpu      ] GC(550) User=0.00s Sys=0.00s Real=0.00s
[127.649s][info][gc,start    ] GC(551) Pause Young (Allocation Failure)
[127.650s][info][gc,heap     ] GC(551) PSYoungGen: 173824K(174080K)->768K(167936K) Eden: 173056K(173056K)->0K(166912K) From: 768K(1024K)->768K(1024K)
[127.650s][info][gc,heap     ] GC(551) ParOldGen: 275539K(275968K)->275563K(275968K)
[127.650s][info][gc,metaspace] GC(551) Metaspace: 6105K(6208K)->6105K(6208K) NonClass: 5624K(5696K)->5624K(5696K) Class: 481K(512K)->481K(512K)
[127.650s][info][gc          ] GC(551) Pause Young (Allocation Failure) 438M->269M(433M) 1.772ms
[127.650s][info][gc,cpu      ] GC(551) User=0.00s Sys=0.00s Real=0.00s
[127.831s][info][gc,start    ] GC(552) Pause Young (Allocation Failure)
[127.833s][info][gc,heap     ] GC(552) PSYoungGen: 167680K(167936K)->704K(162304K) Eden: 166912K(166912K)->0K(161280K) From: 768K(1024K)->704K(1024K)
[127.833s][info][gc,heap     ] GC(552) ParOldGen: 275563K(275968K)->275563K(275968K)
[127.833s][info][gc,metaspace] GC(552) Metaspace: 6105K(6208K)->6105K(6208K) NonClass: 5624K(5696K)->5624K(5696K) Class: 481K(512K)->481K(512K)
[127.833s][info][gc          ] GC(552) Pause Young (Allocation Failure) 432M->269M(428M) 1.545ms
[127.833s][info][gc,cpu      ] GC(552) User=0.01s Sys=0.00s Real=0.00s
[128.007s][info][gc,start    ] GC(553) Pause Young (Allocation Failure)
[128.009s][info][gc,heap     ] GC(553) PSYoungGen: 161984K(162304K)->512K(156160K) Eden: 161280K(161280K)->0K(155648K) From: 704K(1024K)->512K(512K)
[128.009s][info][gc,heap     ] GC(553) ParOldGen: 275563K(275968K)->275747K(275968K)
[128.009s][info][gc,metaspace] GC(553) Metaspace: 6105K(6208K)->6105K(6208K) NonClass: 5624K(5696K)->5624K(5696K) Class: 481K(512K)->481K(512K)
[128.009s][info][gc          ] GC(553) Pause Young (Allocation Failure) 427M->269M(422M) 1.586ms
[128.009s][info][gc,cpu      ] GC(553) User=0.00s Sys=0.00s Real=0.00s
[128.188s][info][gc,start    ] GC(554) Pause Young (Allocation Failure)
[128.190s][info][gc,heap     ] GC(554) PSYoungGen: 156160K(156160K)->800K(151552K) Eden: 155648K(155648K)->0K(150528K) From: 512K(512K)->800K(1024K)
[128.190s][info][gc,heap     ] GC(554) ParOldGen: 275747K(275968K)->275747K(275968K)
[128.190s][info][gc,metaspace] GC(554) Metaspace: 6105K(6208K)->6105K(6208K) NonClass: 5624K(5696K)->5624K(5696K) Class: 481K(512K)->481K(512K)
[128.190s][info][gc          ] GC(554) Pause Young (Allocation Failure) 421M->270M(417M) 2.104ms
[128.190s][info][gc,cpu      ] GC(554) User=0.01s Sys=0.00s Real=0.00s
[128.356s][info][gc,start    ] GC(555) Pause Young (Allocation Failure)
[128.358s][info][gc,heap     ] GC(555) PSYoungGen: 151328K(151552K)->704K(146432K) Eden: 150528K(150528K)->0K(145408K) From: 800K(1024K)->704K(1024K)
[128.358s][info][gc,heap     ] GC(555) ParOldGen: 275747K(275968K)->275763K(275968K)
[128.358s][info][gc,metaspace] GC(555) Metaspace: 6105K(6208K)->6105K(6208K) NonClass: 5624K(5696K)->5624K(5696K) Class: 481K(512K)->481K(512K)
[128.358s][info][gc          ] GC(555) Pause Young (Allocation Failure) 417M->269M(412M) 1.564ms
[128.358s][info][gc,cpu      ] GC(555) User=0.01s Sys=0.00s Real=0.00s
[128.517s][info][gc,start    ] GC(556) Pause Young (Allocation Failure)
[128.518s][info][gc,heap     ] GC(556) PSYoungGen: 146112K(146432K)->736K(141824K) Eden: 145408K(145408K)->0K(140800K) From: 704K(1024K)->736K(1024K)
[128.518s][info][gc,heap     ] GC(556) ParOldGen: 275763K(275968K)->275763K(275968K)
[128.518s][info][gc,metaspace] GC(556) Metaspace: 6105K(6208K)->6105K(6208K) NonClass: 5624K(5696K)->5624K(5696K) Class: 481K(512K)->481K(512K)
[128.518s][info][gc          ] GC(556) Pause Young (Allocation Failure) 411M->270M(408M) 1.555ms
[128.518s][info][gc,cpu      ] GC(556) User=0.01s Sys=0.00s Real=0.00s
[128.667s][info][gc,start    ] GC(557) Pause Young (Allocation Failure)
[128.668s][info][gc,heap     ] GC(557) PSYoungGen: 141536K(141824K)->512K(136704K) Eden: 140800K(140800K)->0K(136192K) From: 736K(1024K)->512K(512K)
[128.668s][info][gc,heap     ] GC(557) ParOldGen: 275763K(275968K)->275907K(275968K)
[128.668s][info][gc,metaspace] GC(557) Metaspace: 6105K(6208K)->6105K(6208K) NonClass: 5624K(5696K)->5624K(5696K) Class: 481K(512K)->481K(512K)
[128.668s][info][gc          ] GC(557) Pause Young (Allocation Failure) 407M->269M(403M) 1.443ms
[128.668s][info][gc,cpu      ] GC(557) User=0.00s Sys=0.00s Real=0.00s
[128.808s][info][gc,start    ] GC(558) Pause Young (Allocation Failure)
[128.810s][info][gc,heap     ] GC(558) PSYoungGen: 136704K(136704K)->741K(133120K) Eden: 136192K(136192K)->0K(132096K) From: 512K(512K)->741K(1024K)
[128.810s][info][gc,heap     ] GC(558) ParOldGen: 275907K(275968K)->275907K(275968K)
[128.810s][info][gc,metaspace] GC(558) Metaspace: 6105K(6208K)->6105K(6208K) NonClass: 5624K(5696K)->5624K(5696K) Class: 481K(512K)->481K(512K)
[128.810s][info][gc          ] GC(558) Pause Young (Allocation Failure) 402M->270M(399M) 1.463ms
[128.810s][info][gc,cpu      ] GC(558) User=0.00s Sys=0.00s Real=0.00s
[128.958s][info][gc,start    ] GC(559) Pause Young (Allocation Failure)
[128.960s][info][gc,heap     ] GC(559) PSYoungGen: 132837K(133120K)->480K(128512K) Eden: 132096K(132096K)->0K(128000K) From: 741K(1024K)->480K(512K)
[128.960s][info][gc,heap     ] GC(559) ParOldGen: 275907K(275968K)->275947K(275968K)
[128.960s][info][gc,metaspace] GC(559) Metaspace: 6105K(6208K)->6105K(6208K) NonClass: 5624K(5696K)->5624K(5696K) Class: 481K(512K)->481K(512K)
[128.960s][info][gc          ] GC(559) Pause Young (Allocation Failure) 399M->269M(395M) 1.541ms
[128.960s][info][gc,cpu      ] GC(559) User=0.00s Sys=0.01s Real=0.00s
[129.092s][info][gc,start    ] GC(560) Pause Young (Allocation Failure)
[129.094s][info][gc,heap     ] GC(560) PSYoungGen: 128480K(128512K)->608K(124928K) Eden: 128000K(128000K)->0K(123904K) From: 480K(512K)->608K(1024K)
[129.094s][info][gc,heap     ] GC(560) ParOldGen: 275947K(275968K)->276054K(276480K)
[129.094s][info][gc,metaspace] GC(560) Metaspace: 6105K(6208K)->6105K(6208K) NonClass: 5624K(5696K)->5624K(5696K) Class: 481K(512K)->481K(512K)
[129.094s][info][gc          ] GC(560) Pause Young (Allocation Failure) 394M->270M(392M) 1.758ms
[129.094s][info][gc,cpu      ] GC(560) User=0.01s Sys=0.00s Real=0.00s
[129.234s][info][gc,start    ] GC(561) Pause Young (Allocation Failure)
[129.236s][info][gc,heap     ] GC(561) PSYoungGen: 124512K(124928K)->754K(150016K) Eden: 123904K(123904K)->0K(148992K) From: 608K(1024K)->754K(1024K)
[129.236s][info][gc,heap     ] GC(561) ParOldGen: 276054K(276480K)->276318K(276480K)
[129.236s][info][gc,metaspace] GC(561) Metaspace: 6105K(6208K)->6105K(6208K) NonClass: 5624K(5696K)->5624K(5696K) Class: 481K(512K)->481K(512K)
[129.236s][info][gc          ] GC(561) Pause Young (Allocation Failure) 391M->270M(416M) 1.774ms
[129.236s][info][gc,cpu      ] GC(561) User=0.01s Sys=0.00s Real=0.00s
[129.412s][info][gc,start    ] GC(562) Pause Young (Allocation Failure)
[129.413s][info][gc,heap     ] GC(562) PSYoungGen: 149746K(150016K)->736K(144896K) Eden: 148992K(148992K)->0K(143872K) From: 754K(1024K)->736K(1024K)
[129.414s][info][gc,heap     ] GC(562) ParOldGen: 276318K(276480K)->276382K(276480K)
[129.414s][info][gc,metaspace] GC(562) Metaspace: 6105K(6208K)->6105K(6208K) NonClass: 5624K(5696K)->5624K(5696K) Class: 481K(512K)->481K(512K)
[129.414s][info][gc          ] GC(562) Pause Young (Allocation Failure) 416M->270M(411M) 1.594ms
[129.414s][info][gc,cpu      ] GC(562) User=0.01s Sys=0.00s Real=0.00s
[129.586s][info][gc,start    ] GC(563) Pause Young (Allocation Failure)
[129.587s][info][gc,heap     ] GC(563) PSYoungGen: 144608K(144896K)->512K(139776K) Eden: 143872K(143872K)->0K(139264K) From: 736K(1024K)->512K(512K)
[129.587s][info][gc,heap     ] GC(563) ParOldGen: 276382K(276480K)->276606K(276992K)
[129.587s][info][gc,metaspace] GC(563) Metaspace: 6105K(6208K)->6105K(6208K) NonClass: 5624K(5696K)->5624K(5696K) Class: 481K(512K)->481K(512K)
[129.587s][info][gc          ] GC(563) Pause Young (Allocation Failure) 411M->270M(407M) 1.428ms
[129.587s][info][gc,cpu      ] GC(563) User=0.00s Sys=0.00s Real=0.00s
[129.753s][info][gc,start    ] GC(564) Pause Young (Allocation Failure)
[129.754s][info][gc,heap     ] GC(564) PSYoungGen: 139776K(139776K)->704K(135680K) Eden: 139264K(139264K)->0K(134656K) From: 512K(512K)->704K(1024K)
[129.754s][info][gc,heap     ] GC(564) ParOldGen: 276606K(276992K)->276606K(276992K)
[129.754s][info][gc,metaspace] GC(564) Metaspace: 6105K(6208K)->6105K(6208K) NonClass: 5624K(5696K)->5624K(5696K) Class: 481K(512K)->481K(512K)
[129.754s][info][gc          ] GC(564) Pause Young (Allocation Failure) 406M->270M(403M) 1.289ms
[129.754s][info][gc,cpu      ] GC(564) User=0.00s Sys=0.00s Real=0.00s
[129.918s][info][gc,start    ] GC(565) Pause Young (Allocation Failure)
[129.920s][info][gc,heap     ] GC(565) PSYoungGen: 135360K(135680K)->768K(131584K) Eden: 134656K(134656K)->0K(130560K) From: 704K(1024K)->768K(1024K)
[129.920s][info][gc,heap     ] GC(565) ParOldGen: 276606K(276992K)->276638K(276992K)
[129.920s][info][gc,metaspace] GC(565) Metaspace: 6105K(6208K)->6105K(6208K) NonClass: 5624K(5696K)->5624K(5696K) Class: 481K(512K)->481K(512K)
[129.920s][info][gc          ] GC(565) Pause Young (Allocation Failure) 402M->270M(399M) 1.402ms
[129.920s][info][gc,cpu      ] GC(565) User=0.00s Sys=0.00s Real=0.00s
[130.075s][info][gc,start    ] GC(566) Pause Young (Allocation Failure)
[130.076s][info][gc,heap     ] GC(566) PSYoungGen: 131328K(131584K)->704K(127488K) Eden: 130560K(130560K)->0K(126464K) From: 768K(1024K)->704K(1024K)
[130.076s][info][gc,heap     ] GC(566) ParOldGen: 276638K(276992K)->276638K(276992K)
[130.076s][info][gc,metaspace] GC(566) Metaspace: 6105K(6208K)->6105K(6208K) NonClass: 5624K(5696K)->5624K(5696K) Class: 481K(512K)->481K(512K)
[130.076s][info][gc          ] GC(566) Pause Young (Allocation Failure) 398M->270M(395M) 1.392ms
[130.076s][info][gc,cpu      ] GC(566) User=0.00s Sys=0.00s Real=0.00s
[130.230s][info][gc,start    ] GC(567) Pause Young (Allocation Failure)
[130.231s][info][gc,heap     ] GC(567) PSYoungGen: 127168K(127488K)->416K(122880K) Eden: 126464K(126464K)->0K(122368K) From: 704K(1024K)->416K(512K)
[130.231s][info][gc,heap     ] GC(567) ParOldGen: 276638K(276992K)->276638K(276992K)
[130.231s][info][gc,metaspace] GC(567) Metaspace: 6105K(6208K)->6105K(6208K) NonClass: 5624K(5696K)->5624K(5696K) Class: 481K(512K)->481K(512K)
[130.231s][info][gc          ] GC(567) Pause Young (Allocation Failure) 394M->270M(390M) 1.153ms
[130.231s][info][gc,cpu      ] GC(567) User=0.01s Sys=0.00s Real=0.01s
[130.377s][info][gc,start    ] GC(568) Pause Young (Allocation Failure)
[130.378s][info][gc,heap     ] GC(568) PSYoungGen: 122784K(122880K)->736K(119808K) Eden: 122368K(122368K)->0K(118784K) From: 416K(512K)->736K(1024K)
[130.378s][info][gc,heap     ] GC(568) ParOldGen: 276638K(276992K)->276638K(276992K)
[130.378s][info][gc,metaspace] GC(568) Metaspace: 6105K(6208K)->6105K(6208K) NonClass: 5624K(5696K)->5624K(5696K) Class: 481K(512K)->481K(512K)
[130.378s][info][gc          ] GC(568) Pause Young (Allocation Failure) 390M->270M(387M) 1.186ms
[130.378s][info][gc,cpu      ] GC(568) User=0.00s Sys=0.00s Real=0.00s
[130.520s][info][gc,start    ] GC(569) Pause Young (Allocation Failure)
[130.521s][info][gc,heap     ] GC(569) PSYoungGen: 119520K(119808K)->672K(116224K) Eden: 118784K(118784K)->0K(115200K) From: 736K(1024K)->672K(1024K)
[130.521s][info][gc,heap     ] GC(569) ParOldGen: 276638K(276992K)->276638K(276992K)
[130.521s][info][gc,metaspace] GC(569) Metaspace: 6105K(6208K)->6105K(6208K) NonClass: 5624K(5696K)->5624K(5696K) Class: 481K(512K)->481K(512K)
[130.521s][info][gc          ] GC(569) Pause Young (Allocation Failure) 386M->270M(384M) 1.156ms
[130.521s][info][gc,cpu      ] GC(569) User=0.00s Sys=0.00s Real=0.01s
[130.661s][info][gc,start    ] GC(570) Pause Young (Allocation Failure)
[130.662s][info][gc,heap     ] GC(570) PSYoungGen: 115872K(116224K)->704K(112640K) Eden: 115200K(115200K)->0K(111616K) From: 672K(1024K)->704K(1024K)
[130.662s][info][gc,heap     ] GC(570) ParOldGen: 276638K(276992K)->276638K(276992K)
[130.662s][info][gc,metaspace] GC(570) Metaspace: 6105K(6208K)->6105K(6208K) NonClass: 5624K(5696K)->5624K(5696K) Class: 481K(512K)->481K(512K)
[130.662s][info][gc          ] GC(570) Pause Young (Allocation Failure) 383M->270M(380M) 1.342ms
[130.662s][info][gc,cpu      ] GC(570) User=0.00s Sys=0.00s Real=0.00s
[130.794s][info][gc,start    ] GC(571) Pause Young (Allocation Failure)
[130.795s][info][gc,heap     ] GC(571) PSYoungGen: 112320K(112640K)->512K(109056K) Eden: 111616K(111616K)->0K(108544K) From: 704K(1024K)->512K(512K)
[130.795s][info][gc,heap     ] GC(571) ParOldGen: 276638K(276992K)->276814K(276992K)
[130.795s][info][gc,metaspace] GC(571) Metaspace: 6105K(6208K)->6105K(6208K) NonClass: 5624K(5696K)->5624K(5696K) Class: 481K(512K)->481K(512K)
[130.795s][info][gc          ] GC(571) Pause Young (Allocation Failure) 379M->270M(377M) 1.354ms
[130.795s][info][gc,cpu      ] GC(571) User=0.01s Sys=0.00s Real=0.00s
[130.924s][info][gc,start    ] GC(572) Pause Young (Allocation Failure)
[130.925s][info][gc,heap     ] GC(572) PSYoungGen: 109056K(109056K)->736K(106496K) Eden: 108544K(108544K)->0K(105472K) From: 512K(512K)->736K(1024K)
[130.925s][info][gc,heap     ] GC(572) ParOldGen: 276814K(276992K)->276814K(276992K)
[130.925s][info][gc,metaspace] GC(572) Metaspace: 6105K(6208K)->6105K(6208K) NonClass: 5624K(5696K)->5624K(5696K) Class: 481K(512K)->481K(512K)
[130.925s][info][gc          ] GC(572) Pause Young (Allocation Failure) 376M->271M(374M) 1.324ms
[130.925s][info][gc,cpu      ] GC(572) User=0.00s Sys=0.00s Real=0.00s
[131.050s][info][gc,start    ] GC(573) Pause Young (Allocation Failure)
[131.052s][info][gc,heap     ] GC(573) PSYoungGen: 106208K(106496K)->736K(103424K) Eden: 105472K(105472K)->0K(102400K) From: 736K(1024K)->736K(1024K)
[131.052s][info][gc,heap     ] GC(573) ParOldGen: 276814K(276992K)->276838K(276992K)
[131.052s][info][gc,metaspace] GC(573) Metaspace: 6105K(6208K)->6105K(6208K) NonClass: 5624K(5696K)->5624K(5696K) Class: 481K(512K)->481K(512K)
[131.052s][info][gc          ] GC(573) Pause Young (Allocation Failure) 374M->271M(371M) 1.402ms
[131.052s][info][gc,cpu      ] GC(573) User=0.01s Sys=0.00s Real=0.01s
[131.167s][info][gc,start    ] GC(574) Pause Young (Allocation Failure)
[131.169s][info][gc,heap     ] GC(574) PSYoungGen: 103136K(103424K)->704K(100352K) Eden: 102400K(102400K)->0K(99328K) From: 736K(1024K)->704K(1024K)
[131.169s][info][gc,heap     ] GC(574) ParOldGen: 276838K(276992K)->276838K(276992K)
[131.169s][info][gc,metaspace] GC(574) Metaspace: 6105K(6208K)->6105K(6208K) NonClass: 5624K(5696K)->5624K(5696K) Class: 481K(512K)->481K(512K)
[131.169s][info][gc          ] GC(574) Pause Young (Allocation Failure) 371M->271M(368M) 1.589ms
[131.169s][info][gc,cpu      ] GC(574) User=0.00s Sys=0.00s Real=0.00s
[131.275s][info][gc,start    ] GC(575) Pause Young (Allocation Failure)
[131.277s][info][gc,heap     ] GC(575) PSYoungGen: 100032K(100352K)->512K(119808K) Eden: 99328K(99328K)->0K(119296K) From: 704K(1024K)->512K(512K)
[131.277s][info][gc,heap     ] GC(575) ParOldGen: 276838K(276992K)->276998K(277504K)
[131.277s][info][gc,metaspace] GC(575) Metaspace: 6105K(6208K)->6105K(6208K) NonClass: 5624K(5696K)->5624K(5696K) Class: 481K(512K)->481K(512K)
[131.277s][info][gc          ] GC(575) Pause Young (Allocation Failure) 368M->271M(388M) 1.526ms
[131.277s][info][gc,cpu      ] GC(575) User=0.00s Sys=0.00s Real=0.00s
[131.409s][info][gc,start    ] GC(576) Pause Young (Allocation Failure)
[131.410s][info][gc,heap     ] GC(576) PSYoungGen: 119808K(119808K)->754K(144384K) Eden: 119296K(119296K)->0K(143360K) From: 512K(512K)->754K(1024K)
[131.410s][info][gc,heap     ] GC(576) ParOldGen: 276998K(277504K)->276998K(277504K)
[131.410s][info][gc,metaspace] GC(576) Metaspace: 6105K(6208K)->6105K(6208K) NonClass: 5624K(5696K)->5624K(5696K) Class: 481K(512K)->481K(512K)
[131.410s][info][gc          ] GC(576) Pause Young (Allocation Failure) 387M->271M(412M) 1.616ms
[131.410s][info][gc,cpu      ] GC(576) User=0.01s Sys=0.00s Real=0.00s
[131.561s][info][gc,start    ] GC(577) Pause Young (Allocation Failure)
[131.563s][info][gc,heap     ] GC(577) PSYoungGen: 144114K(144384K)->800K(173056K) Eden: 143360K(143360K)->0K(172032K) From: 754K(1024K)->800K(1024K)
[131.563s][info][gc,heap     ] GC(577) ParOldGen: 276998K(277504K)->277030K(277504K)
[131.563s][info][gc,metaspace] GC(577) Metaspace: 6105K(6208K)->6105K(6208K) NonClass: 5624K(5696K)->5624K(5696K) Class: 481K(512K)->481K(512K)
[131.563s][info][gc          ] GC(577) Pause Young (Allocation Failure) 411M->271M(440M) 1.841ms
[131.563s][info][gc,cpu      ] GC(577) User=0.01s Sys=0.00s Real=0.00s
[131.738s][info][gc,start    ] GC(578) Pause Young (Allocation Failure)
[131.740s][info][gc,heap     ] GC(578) PSYoungGen: 172832K(173056K)->704K(166912K) Eden: 172032K(172032K)->0K(165888K) From: 800K(1024K)->704K(1024K)
[131.740s][info][gc,heap     ] GC(578) ParOldGen: 277030K(277504K)->277030K(277504K)
[131.740s][info][gc,metaspace] GC(578) Metaspace: 6105K(6208K)->6105K(6208K) NonClass: 5624K(5696K)->5624K(5696K) Class: 481K(512K)->481K(512K)
[131.740s][info][gc          ] GC(578) Pause Young (Allocation Failure) 439M->271M(434M) 1.479ms
[131.740s][info][gc,cpu      ] GC(578) User=0.00s Sys=0.00s Real=0.00s
[131.919s][info][gc,start    ] GC(579) Pause Young (Allocation Failure)
[131.921s][info][gc,heap     ] GC(579) PSYoungGen: 166592K(166912K)->512K(160768K) Eden: 165888K(165888K)->0K(160256K) From: 704K(1024K)->512K(512K)
[131.921s][info][gc,heap     ] GC(579) ParOldGen: 277030K(277504K)->277198K(277504K)
[131.921s][info][gc,metaspace] GC(579) Metaspace: 6105K(6208K)->6105K(6208K) NonClass: 5624K(5696K)->5624K(5696K) Class: 481K(512K)->481K(512K)
[131.921s][info][gc          ] GC(579) Pause Young (Allocation Failure) 433M->271M(428M) 1.584ms
[131.921s][info][gc,cpu      ] GC(579) User=0.00s Sys=0.00s Real=0.01s
[132.095s][info][gc,start    ] GC(580) Pause Young (Allocation Failure)
[132.097s][info][gc,heap     ] GC(580) PSYoungGen: 160768K(160768K)->704K(155648K) Eden: 160256K(160256K)->0K(154624K) From: 512K(512K)->704K(1024K)
[132.097s][info][gc,heap     ] GC(580) ParOldGen: 277198K(277504K)->277198K(277504K)
[132.097s][info][gc,metaspace] GC(580) Metaspace: 6105K(6208K)->6105K(6208K) NonClass: 5624K(5696K)->5624K(5696K) Class: 481K(512K)->481K(512K)
[132.097s][info][gc          ] GC(580) Pause Young (Allocation Failure) 427M->271M(423M) 1.427ms
[132.097s][info][gc,cpu      ] GC(580) User=0.00s Sys=0.01s Real=0.00s
[132.256s][info][gc,start    ] GC(581) Pause Young (Allocation Failure)
[132.258s][info][gc,heap     ] GC(581) PSYoungGen: 155328K(155648K)->736K(150528K) Eden: 154624K(154624K)->0K(149504K) From: 704K(1024K)->736K(1024K)
[132.258s][info][gc,heap     ] GC(581) ParOldGen: 277198K(277504K)->277222K(277504K)
[132.258s][info][gc,metaspace] GC(581) Metaspace: 6105K(6208K)->6105K(6208K) NonClass: 5624K(5696K)->5624K(5696K) Class: 481K(512K)->481K(512K)
[132.258s][info][gc          ] GC(581) Pause Young (Allocation Failure) 422M->271M(418M) 1.430ms
[132.258s][info][gc,cpu      ] GC(581) User=0.01s Sys=0.00s Real=0.00s
[132.393s][info][gc,start    ] GC(582) Pause Young (Allocation Failure)
[132.394s][info][gc,heap     ] GC(582) PSYoungGen: 150240K(150528K)->736K(145408K) Eden: 149504K(149504K)->0K(144384K) From: 736K(1024K)->736K(1024K)
[132.394s][info][gc,heap     ] GC(582) ParOldGen: 277222K(277504K)->277222K(277504K)
[132.394s][info][gc,metaspace] GC(582) Metaspace: 6105K(6208K)->6105K(6208K) NonClass: 5624K(5696K)->5624K(5696K) Class: 481K(512K)->481K(512K)
[132.395s][info][gc          ] GC(582) Pause Young (Allocation Failure) 417M->271M(413M) 1.466ms
[132.395s][info][gc,cpu      ] GC(582) User=0.00s Sys=0.00s Real=0.00s
[132.529s][info][gc,start    ] GC(583) Pause Young (Allocation Failure)
[132.530s][info][gc,heap     ] GC(583) PSYoungGen: 145120K(145408K)->512K(140288K) Eden: 144384K(144384K)->0K(139776K) From: 736K(1024K)->512K(512K)
[132.530s][info][gc,heap     ] GC(583) ParOldGen: 277222K(277504K)->277454K(277504K)
[132.530s][info][gc,metaspace] GC(583) Metaspace: 6105K(6208K)->6105K(6208K) NonClass: 5624K(5696K)->5624K(5696K) Class: 481K(512K)->481K(512K)
[132.530s][info][gc          ] GC(583) Pause Young (Allocation Failure) 412M->271M(408M) 1.612ms
[132.530s][info][gc,cpu      ] GC(583) User=0.01s Sys=0.00s Real=0.00s
[132.694s][info][gc,start    ] GC(584) Pause Young (Allocation Failure)
[132.695s][info][gc,heap     ] GC(584) PSYoungGen: 140288K(140288K)->736K(136192K) Eden: 139776K(139776K)->0K(135168K) From: 512K(512K)->736K(1024K)
[132.695s][info][gc,heap     ] GC(584) ParOldGen: 277454K(277504K)->277454K(277504K)
[132.695s][info][gc,metaspace] GC(584) Metaspace: 6105K(6208K)->6105K(6208K) NonClass: 5624K(5696K)->5624K(5696K) Class: 481K(512K)->481K(512K)
[132.695s][info][gc          ] GC(584) Pause Young (Allocation Failure) 407M->271M(404M) 1.345ms
[132.695s][info][gc,cpu      ] GC(584) User=0.00s Sys=0.00s Real=0.00s
[132.841s][info][gc,start    ] GC(585) Pause Young (Allocation Failure)
[132.842s][info][gc,heap     ] GC(585) PSYoungGen: 135904K(136192K)->768K(132096K) Eden: 135168K(135168K)->0K(131072K) From: 736K(1024K)->768K(1024K)
[132.842s][info][gc,heap     ] GC(585) ParOldGen: 277454K(277504K)->277486K(277504K)
[132.842s][info][gc,metaspace] GC(585) Metaspace: 6105K(6208K)->6105K(6208K) NonClass: 5624K(5696K)->5624K(5696K) Class: 481K(512K)->481K(512K)
[132.842s][info][gc          ] GC(585) Pause Young (Allocation Failure) 403M->271M(400M) 1.677ms
[132.842s][info][gc,cpu      ] GC(585) User=0.01s Sys=0.00s Real=0.00s
[133.024s][info][gc,start    ] GC(586) Pause Young (Allocation Failure)
[133.026s][info][gc,heap     ] GC(586) PSYoungGen: 131840K(132096K)->672K(128000K) Eden: 131072K(131072K)->0K(126976K) From: 768K(1024K)->672K(1024K)
[133.026s][info][gc,heap     ] GC(586) ParOldGen: 277486K(277504K)->277486K(277504K)
[133.026s][info][gc,metaspace] GC(586) Metaspace: 6105K(6208K)->6105K(6208K) NonClass: 5624K(5696K)->5624K(5696K) Class: 481K(512K)->481K(512K)
[133.026s][info][gc          ] GC(586) Pause Young (Allocation Failure) 399M->271M(396M) 1.299ms
[133.026s][info][gc,cpu      ] GC(586) User=0.00s Sys=0.00s Real=0.00s
[133.216s][info][gc,start    ] GC(587) Pause Young (Allocation Failure)
[133.219s][info][gc,heap     ] GC(587) PSYoungGen: 127648K(128000K)->498K(123392K) Eden: 126976K(126976K)->0K(122880K) From: 672K(1024K)->498K(512K)
[133.219s][info][gc,heap     ] GC(587) ParOldGen: 277486K(277504K)->277606K(278016K)
[133.219s][info][gc,metaspace] GC(587) Metaspace: 6105K(6208K)->6105K(6208K) NonClass: 5624K(5696K)->5624K(5696K) Class: 481K(512K)->481K(512K)
[133.219s][info][gc          ] GC(587) Pause Young (Allocation Failure) 395M->271M(392M) 2.351ms
[133.219s][info][gc,cpu      ] GC(587) User=0.00s Sys=0.00s Real=0.00s
[133.462s][info][gc,start    ] GC(588) Pause Young (Allocation Failure)
[133.465s][info][gc,heap     ] GC(588) PSYoungGen: 123378K(123392K)->722K(120320K) Eden: 122880K(122880K)->0K(119296K) From: 498K(512K)->722K(1024K)
[133.466s][info][gc,heap     ] GC(588) ParOldGen: 277606K(278016K)->277606K(278016K)
[133.466s][info][gc,metaspace] GC(588) Metaspace: 6105K(6208K)->6105K(6208K) NonClass: 5624K(5696K)->5624K(5696K) Class: 481K(512K)->481K(512K)
[133.466s][info][gc          ] GC(588) Pause Young (Allocation Failure) 391M->271M(389M) 3.178ms
[133.466s][info][gc,cpu      ] GC(588) User=0.01s Sys=0.00s Real=0.00s
[133.711s][info][gc,start    ] GC(589) Pause Young (Allocation Failure)
[133.713s][info][gc,heap     ] GC(589) PSYoungGen: 120018K(120320K)->672K(116736K) Eden: 119296K(119296K)->0K(115712K) From: 722K(1024K)->672K(1024K)
[133.713s][info][gc,heap     ] GC(589) ParOldGen: 277606K(278016K)->277646K(278016K)
[133.713s][info][gc,metaspace] GC(589) Metaspace: 6105K(6208K)->6105K(6208K) NonClass: 5624K(5696K)->5624K(5696K) Class: 481K(512K)->481K(512K)
[133.714s][info][gc          ] GC(589) Pause Young (Allocation Failure) 388M->271M(385M) 2.653ms
[133.714s][info][gc,cpu      ] GC(589) User=0.01s Sys=0.00s Real=0.00s
[133.952s][info][gc,start    ] GC(590) Pause Young (Allocation Failure)
[133.954s][info][gc,heap     ] GC(590) PSYoungGen: 116384K(116736K)->626K(113152K) Eden: 115712K(115712K)->0K(112128K) From: 672K(1024K)->626K(1024K)
[133.954s][info][gc,heap     ] GC(590) ParOldGen: 277646K(278016K)->277646K(278016K)
[133.954s][info][gc,metaspace] GC(590) Metaspace: 6105K(6208K)->6105K(6208K) NonClass: 5624K(5696K)->5624K(5696K) Class: 481K(512K)->481K(512K)
[133.954s][info][gc          ] GC(590) Pause Young (Allocation Failure) 384M->271M(382M) 2.226ms
[133.954s][info][gc,cpu      ] GC(590) User=0.00s Sys=0.00s Real=0.00s
[134.183s][info][gc,start    ] GC(591) Pause Young (Allocation Failure)
[134.185s][info][gc,heap     ] GC(591) PSYoungGen: 112754K(113152K)->384K(109568K) Eden: 112128K(112128K)->0K(109056K) From: 626K(1024K)->384K(512K)
[134.185s][info][gc,heap     ] GC(591) ParOldGen: 277646K(278016K)->277945K(278016K)
[134.185s][info][gc,metaspace] GC(591) Metaspace: 6105K(6208K)->6105K(6208K) NonClass: 5624K(5696K)->5624K(5696K) Class: 481K(512K)->481K(512K)
[134.185s][info][gc          ] GC(591) Pause Young (Allocation Failure) 381M->271M(378M) 1.743ms
[134.185s][info][gc,cpu      ] GC(591) User=0.00s Sys=0.01s Real=0.00s
[134.357s][info][gc,start    ] GC(592) Pause Young (Allocation Failure)
[134.359s][info][gc,heap     ] GC(592) PSYoungGen: 109440K(109568K)->850K(107008K) Eden: 109056K(109056K)->0K(105984K) From: 384K(512K)->850K(1024K)
[134.359s][info][gc,heap     ] GC(592) ParOldGen: 277945K(278016K)->278017K(278528K)
[134.359s][info][gc,metaspace] GC(592) Metaspace: 6105K(6208K)->6105K(6208K) NonClass: 5624K(5696K)->5624K(5696K) Class: 481K(512K)->481K(512K)
[134.359s][info][gc          ] GC(592) Pause Young (Allocation Failure) 378M->272M(376M) 1.708ms
[134.359s][info][gc,cpu      ] GC(592) User=0.00s Sys=0.00s Real=0.00s
[134.466s][info][gc,start    ] GC(593) Pause Young (Allocation Failure)
[134.467s][info][gc,heap     ] GC(593) PSYoungGen: 106834K(107008K)->320K(103424K) Eden: 105984K(105984K)->0K(102912K) From: 850K(1024K)->320K(512K)
[134.467s][info][gc,heap     ] GC(593) ParOldGen: 278017K(278528K)->278089K(278528K)
[134.467s][info][gc,metaspace] GC(593) Metaspace: 6105K(6208K)->6105K(6208K) NonClass: 5624K(5696K)->5624K(5696K) Class: 481K(512K)->481K(512K)
[134.467s][info][gc          ] GC(593) Pause Young (Allocation Failure) 375M->271M(373M) 1.183ms
[134.468s][info][gc,cpu      ] GC(593) User=0.00s Sys=0.00s Real=0.00s
[134.559s][info][gc,start    ] GC(594) Pause Young (Allocation Failure)
[134.560s][info][gc,heap     ] GC(594) PSYoungGen: 103232K(103424K)->672K(100864K) Eden: 102912K(102912K)->0K(99840K) From: 320K(512K)->672K(1024K)
[134.560s][info][gc,heap     ] GC(594) ParOldGen: 278089K(278528K)->278089K(278528K)
[134.560s][info][gc,metaspace] GC(594) Metaspace: 6105K(6208K)->6105K(6208K) NonClass: 5624K(5696K)->5624K(5696K) Class: 481K(512K)->481K(512K)
[134.560s][info][gc          ] GC(594) Pause Young (Allocation Failure) 372M->272M(370M) 1.241ms
[134.560s][info][gc,cpu      ] GC(594) User=0.00s Sys=0.00s Real=0.00s
[134.655s][info][gc,start    ] GC(595) Pause Young (Allocation Failure)
[134.656s][info][gc,heap     ] GC(595) PSYoungGen: 100512K(100864K)->672K(98304K) Eden: 99840K(99840K)->0K(97280K) From: 672K(1024K)->672K(1024K)
[134.656s][info][gc,heap     ] GC(595) ParOldGen: 278089K(278528K)->278089K(278528K)
[134.656s][info][gc,metaspace] GC(595) Metaspace: 6105K(6208K)->6105K(6208K) NonClass: 5624K(5696K)->5624K(5696K) Class: 481K(512K)->481K(512K)
[134.656s][info][gc          ] GC(595) Pause Young (Allocation Failure) 369M->272M(368M) 1.126ms
[134.656s][info][gc,cpu      ] GC(595) User=0.00s Sys=0.00s Real=0.00s
[134.766s][info][gc,start    ] GC(596) Pause Young (Allocation Failure)
[134.767s][info][gc,heap     ] GC(596) PSYoungGen: 97952K(98304K)->704K(117760K) Eden: 97280K(97280K)->0K(116736K) From: 672K(1024K)->704K(1024K)
[134.767s][info][gc,heap     ] GC(596) ParOldGen: 278089K(278528K)->278089K(278528K)
[134.767s][info][gc,metaspace] GC(596) Metaspace: 6105K(6208K)->6105K(6208K) NonClass: 5624K(5696K)->5624K(5696K) Class: 481K(512K)->481K(512K)
[134.767s][info][gc          ] GC(596) Pause Young (Allocation Failure) 367M->272M(387M) 1.409ms
[134.767s][info][gc,cpu      ] GC(596) User=0.00s Sys=0.00s Real=0.00s
[134.891s][info][gc,start    ] GC(597) Pause Young (Allocation Failure)
[134.892s][info][gc,heap     ] GC(597) PSYoungGen: 117440K(117760K)->512K(113664K) Eden: 116736K(116736K)->0K(113152K) From: 704K(1024K)->512K(512K)
[134.892s][info][gc,heap     ] GC(597) ParOldGen: 278089K(278528K)->278201K(278528K)
[134.892s][info][gc,metaspace] GC(597) Metaspace: 6105K(6208K)->6105K(6208K) NonClass: 5624K(5696K)->5624K(5696K) Class: 481K(512K)->481K(512K)
[134.892s][info][gc          ] GC(597) Pause Young (Allocation Failure) 386M->272M(383M) 1.193ms
[134.893s][info][gc,cpu      ] GC(597) User=0.00s Sys=0.00s Real=0.00s
[135.023s][info][gc,start    ] GC(598) Pause Young (Allocation Failure)
[135.024s][info][gc,heap     ] GC(598) PSYoungGen: 113664K(113664K)->672K(111104K) Eden: 113152K(113152K)->0K(110080K) From: 512K(512K)->672K(1024K)
[135.024s][info][gc,heap     ] GC(598) ParOldGen: 278201K(278528K)->278201K(278528K)
[135.024s][info][gc,metaspace] GC(598) Metaspace: 6105K(6208K)->6105K(6208K) NonClass: 5624K(5696K)->5624K(5696K) Class: 481K(512K)->481K(512K)
[135.024s][info][gc          ] GC(598) Pause Young (Allocation Failure) 382M->272M(380M) 1.187ms
[135.024s][info][gc,cpu      ] GC(598) User=0.00s Sys=0.00s Real=0.00s
[135.161s][info][gc,start    ] GC(599) Pause Young (Allocation Failure)
[135.163s][info][gc,heap     ] GC(599) PSYoungGen: 110752K(111104K)->448K(107520K) Eden: 110080K(110080K)->0K(107008K) From: 672K(1024K)->448K(512K)
[135.163s][info][gc,heap     ] GC(599) ParOldGen: 278201K(278528K)->278539K(279040K)
[135.163s][info][gc,metaspace] GC(599) Metaspace: 6105K(6208K)->6105K(6208K) NonClass: 5624K(5696K)->5624K(5696K) Class: 481K(512K)->481K(512K)
[135.163s][info][gc          ] GC(599) Pause Young (Allocation Failure) 379M->272M(377M) 1.901ms
[135.163s][info][gc,cpu      ] GC(599) User=0.00s Sys=0.00s Real=0.00s
[135.312s][info][gc,start    ] GC(600) Pause Young (Allocation Failure)
[135.313s][info][gc,heap     ] GC(600) PSYoungGen: 107456K(107520K)->722K(104960K) Eden: 107008K(107008K)->0K(103936K) From: 448K(512K)->722K(1024K)
[135.313s][info][gc,heap     ] GC(600) ParOldGen: 278539K(279040K)->278611K(279040K)
[135.313s][info][gc,metaspace] GC(600) Metaspace: 6105K(6208K)->6105K(6208K) NonClass: 5624K(5696K)->5624K(5696K) Class: 481K(512K)->481K(512K)
[135.313s][info][gc          ] GC(600) Pause Young (Allocation Failure) 376M->272M(375M) 1.653ms
[135.314s][info][gc,cpu      ] GC(600) User=0.00s Sys=0.00s Real=0.00s
[135.473s][info][gc,start    ] GC(601) Pause Young (Allocation Failure)
[135.475s][info][gc,heap     ] GC(601) PSYoungGen: 104658K(104960K)->416K(125440K) Eden: 103936K(103936K)->0K(124928K) From: 722K(1024K)->416K(512K)
[135.475s][info][gc,heap     ] GC(601) ParOldGen: 278611K(279040K)->278982K(279040K)
[135.475s][info][gc,metaspace] GC(601) Metaspace: 6105K(6208K)->6105K(6208K) NonClass: 5624K(5696K)->5624K(5696K) Class: 481K(512K)->481K(512K)
[135.475s][info][gc          ] GC(601) Pause Young (Allocation Failure) 374M->272M(395M) 1.903ms
[135.475s][info][gc,cpu      ] GC(601) User=0.00s Sys=0.00s Real=0.00s
[135.663s][info][gc,start    ] GC(602) Pause Young (Allocation Failure)
[135.665s][info][gc,heap     ] GC(602) PSYoungGen: 125344K(125440K)->480K(151040K) Eden: 124928K(124928K)->0K(150016K) From: 416K(512K)->480K(1024K)
[135.665s][info][gc,heap     ] GC(602) ParOldGen: 278982K(279040K)->279353K(279552K)
[135.665s][info][gc,metaspace] GC(602) Metaspace: 6105K(6208K)->6105K(6208K) NonClass: 5624K(5696K)->5624K(5696K) Class: 481K(512K)->481K(512K)
[135.665s][info][gc          ] GC(602) Pause Young (Allocation Failure) 394M->273M(420M) 2.035ms
[135.665s][info][gc,cpu      ] GC(602) User=0.00s Sys=0.00s Real=0.00s
[135.873s][info][gc,start    ] GC(603) Pause Young (Allocation Failure)
[135.875s][info][gc,heap     ] GC(603) PSYoungGen: 150496K(151040K)->722K(145920K) Eden: 150016K(150016K)->0K(144896K) From: 480K(1024K)->722K(1024K)
[135.875s][info][gc,heap     ] GC(603) ParOldGen: 279353K(279552K)->279489K(279552K)
[135.875s][info][gc,metaspace] GC(603) Metaspace: 6105K(6208K)->6105K(6208K) NonClass: 5624K(5696K)->5624K(5696K) Class: 481K(512K)->481K(512K)
[135.875s][info][gc          ] GC(603) Pause Young (Allocation Failure) 419M->273M(415M) 1.808ms
[135.875s][info][gc,cpu      ] GC(603) User=0.00s Sys=0.00s Real=0.00s
[136.081s][info][gc,start    ] GC(604) Pause Young (Allocation Failure)
[136.083s][info][gc,heap     ] GC(604) PSYoungGen: 145618K(145920K)->416K(140800K) Eden: 144896K(144896K)->0K(140288K) From: 722K(1024K)->416K(512K)
[136.083s][info][gc,heap     ] GC(604) ParOldGen: 279489K(279552K)->279843K(280064K)
[136.083s][info][gc,metaspace] GC(604) Metaspace: 6105K(6208K)->6105K(6208K) NonClass: 5624K(5696K)->5624K(5696K) Class: 481K(512K)->481K(512K)
[136.083s][info][gc          ] GC(604) Pause Young (Allocation Failure) 415M->273M(411M) 1.966ms
[136.083s][info][gc,cpu      ] GC(604) User=0.00s Sys=0.00s Real=0.00s
[136.307s][info][gc,start    ] GC(605) Pause Young (Allocation Failure)
[136.308s][info][gc,heap     ] GC(605) PSYoungGen: 140704K(140800K)->736K(136704K) Eden: 140288K(140288K)->0K(135680K) From: 416K(512K)->736K(1024K)
[136.308s][info][gc,heap     ] GC(605) ParOldGen: 279843K(280064K)->279931K(280064K)
[136.308s][info][gc,metaspace] GC(605) Metaspace: 6105K(6208K)->6105K(6208K) NonClass: 5624K(5696K)->5624K(5696K) Class: 481K(512K)->481K(512K)
[136.308s][info][gc          ] GC(605) Pause Young (Allocation Failure) 410M->274M(407M) 1.642ms
[136.308s][info][gc,cpu      ] GC(605) User=0.01s Sys=0.00s Real=0.00s
[136.563s][info][gc,start    ] GC(606) Pause Young (Allocation Failure)
[136.564s][info][gc,heap     ] GC(606) PSYoungGen: 136416K(136704K)->416K(132096K) Eden: 135680K(135680K)->0K(131584K) From: 736K(1024K)->416K(512K)
[136.564s][info][gc,heap     ] GC(606) ParOldGen: 279931K(280064K)->280266K(280576K)
[136.564s][info][gc,metaspace] GC(606) Metaspace: 6105K(6208K)->6105K(6208K) NonClass: 5624K(5696K)->5624K(5696K) Class: 481K(512K)->481K(512K)
[136.565s][info][gc          ] GC(606) Pause Young (Allocation Failure) 406M->274M(403M) 2.000ms
[136.565s][info][gc,cpu      ] GC(606) User=0.01s Sys=0.00s Real=0.00s
[136.819s][info][gc,start    ] GC(607) Pause Young (Allocation Failure)
[136.820s][info][gc,heap     ] GC(607) PSYoungGen: 132000K(132096K)->741K(128512K) Eden: 131584K(131584K)->0K(127488K) From: 416K(512K)->741K(1024K)
[136.820s][info][gc,heap     ] GC(607) ParOldGen: 280266K(280576K)->280346K(280576K)
[136.820s][info][gc,metaspace] GC(607) Metaspace: 6105K(6208K)->6105K(6208K) NonClass: 5624K(5696K)->5624K(5696K) Class: 481K(512K)->481K(512K)
[136.820s][info][gc          ] GC(607) Pause Young (Allocation Failure) 402M->274M(399M) 1.672ms
[136.821s][info][gc,cpu      ] GC(607) User=0.01s Sys=0.00s Real=0.01s
[137.075s][info][gc,start    ] GC(608) Pause Young (Allocation Failure)
[137.076s][info][gc,heap     ] GC(608) PSYoungGen: 128229K(128512K)->608K(124416K) Eden: 127488K(127488K)->0K(123392K) From: 741K(1024K)->608K(1024K)
[137.076s][info][gc,heap     ] GC(608) ParOldGen: 280346K(280576K)->280410K(280576K)
[137.076s][info][gc,metaspace] GC(608) Metaspace: 6105K(6208K)->6105K(6208K) NonClass: 5624K(5696K)->5624K(5696K) Class: 481K(512K)->481K(512K)
[137.076s][info][gc          ] GC(608) Pause Young (Allocation Failure) 398M->274M(395M) 1.377ms
[137.076s][info][gc,cpu      ] GC(608) User=0.00s Sys=0.00s Real=0.00s
[137.314s][info][gc,start    ] GC(609) Pause Young (Allocation Failure)
[137.316s][info][gc,heap     ] GC(609) PSYoungGen: 124000K(124416K)->384K(120320K) Eden: 123392K(123392K)->0K(119808K) From: 608K(1024K)->384K(512K)
[137.316s][info][gc,heap     ] GC(609) ParOldGen: 280410K(280576K)->280708K(281088K)
[137.316s][info][gc,metaspace] GC(609) Metaspace: 6105K(6208K)->6105K(6208K) NonClass: 5624K(5696K)->5624K(5696K) Class: 481K(512K)->481K(512K)
[137.316s][info][gc          ] GC(609) Pause Young (Allocation Failure) 394M->274M(392M) 1.804ms
[137.316s][info][gc,cpu      ] GC(609) User=0.01s Sys=0.01s Real=0.00s
[137.549s][info][gc,start    ] GC(610) Pause Young (Allocation Failure)
[137.551s][info][gc,heap     ] GC(610) PSYoungGen: 120192K(120320K)->480K(117248K) Eden: 119808K(119808K)->0K(116224K) From: 384K(512K)->480K(1024K)
[137.551s][info][gc,heap     ] GC(610) ParOldGen: 280708K(281088K)->281079K(281088K)
[137.551s][info][gc,metaspace] GC(610) Metaspace: 6105K(6208K)->6105K(6208K) NonClass: 5624K(5696K)->5624K(5696K) Class: 481K(512K)->481K(512K)
[137.551s][info][gc          ] GC(610) Pause Young (Allocation Failure) 391M->274M(389M) 2.002ms
[137.551s][info][gc,cpu      ] GC(610) User=0.00s Sys=0.00s Real=0.01s
[137.770s][info][gc,start    ] GC(611) Pause Young (Allocation Failure)
[137.773s][info][gc,heap     ] GC(611) PSYoungGen: 116704K(117248K)->480K(113152K) Eden: 116224K(116224K)->0K(112640K) From: 480K(1024K)->480K(512K)
[137.773s][info][gc,heap     ] GC(611) ParOldGen: 281079K(281088K)->281530K(281600K)
[137.773s][info][gc,metaspace] GC(611) Metaspace: 6105K(6208K)->6105K(6208K) NonClass: 5624K(5696K)->5624K(5696K) Class: 481K(512K)->481K(512K)
[137.773s][info][gc          ] GC(611) Pause Young (Allocation Failure) 388M->275M(385M) 2.254ms
[137.773s][info][gc,cpu      ] GC(611) User=0.00s Sys=0.00s Real=0.01s
[138.009s][info][gc,start    ] GC(612) Pause Young (Allocation Failure)
[138.011s][info][gc,heap     ] GC(612) PSYoungGen: 113120K(113152K)->480K(110592K) Eden: 112640K(112640K)->0K(109568K) From: 480K(512K)->480K(1024K)
[138.011s][info][gc,heap     ] GC(612) ParOldGen: 281530K(281600K)->281988K(282112K)
[138.011s][info][gc,metaspace] GC(612) Metaspace: 6105K(6208K)->6105K(6208K) NonClass: 5624K(5696K)->5624K(5696K) Class: 481K(512K)->481K(512K)
[138.011s][info][gc          ] GC(612) Pause Young (Allocation Failure) 385M->275M(383M) 2.199ms
[138.011s][info][gc,cpu      ] GC(612) User=0.00s Sys=0.00s Real=0.01s
[138.237s][info][gc,start    ] GC(613) Pause Young (Allocation Failure)
[138.239s][info][gc,heap     ] GC(613) PSYoungGen: 110048K(110592K)->672K(107520K) Eden: 109568K(109568K)->0K(106496K) From: 480K(1024K)->672K(1024K)
[138.239s][info][gc,heap     ] GC(613) ParOldGen: 281988K(282112K)->282100K(282112K)
[138.239s][info][gc,metaspace] GC(613) Metaspace: 6105K(6208K)->6105K(6208K) NonClass: 5624K(5696K)->5624K(5696K) Class: 481K(512K)->481K(512K)
[138.239s][info][gc          ] GC(613) Pause Young (Allocation Failure) 382M->276M(380M) 1.627ms
[138.239s][info][gc,cpu      ] GC(613) User=0.01s Sys=0.00s Real=0.00s
[138.449s][info][gc,start    ] GC(614) Pause Young (Allocation Failure)
[138.451s][info][gc,heap     ] GC(614) PSYoungGen: 107168K(107520K)->128K(103936K) Eden: 106496K(106496K)->0K(103424K) From: 672K(1024K)->128K(512K)
[138.451s][info][gc,heap     ] GC(614) ParOldGen: 282100K(282112K)->282766K(283136K)
[138.451s][info][gc,metaspace] GC(614) Metaspace: 6105K(6208K)->6105K(6208K) NonClass: 5624K(5696K)->5624K(5696K) Class: 481K(512K)->481K(512K)
[138.451s][info][gc          ] GC(614) Pause Young (Allocation Failure) 380M->276M(378M) 2.242ms
[138.451s][info][gc,cpu      ] GC(614) User=0.00s Sys=0.00s Real=0.01s
[138.642s][info][gc,start    ] GC(615) Pause Young (Allocation Failure)
[138.644s][info][gc,heap     ] GC(615) PSYoungGen: 103552K(103936K)->754K(101376K) Eden: 103424K(103424K)->0K(100352K) From: 128K(512K)->754K(1024K)
[138.644s][info][gc,heap     ] GC(615) ParOldGen: 282766K(283136K)->282886K(283136K)
[138.644s][info][gc,metaspace] GC(615) Metaspace: 6105K(6208K)->6105K(6208K) NonClass: 5624K(5696K)->5624K(5696K) Class: 481K(512K)->481K(512K)
[138.644s][info][gc          ] GC(615) Pause Young (Allocation Failure) 377M->276M(375M) 1.782ms
[138.644s][info][gc,cpu      ] GC(615) User=0.00s Sys=0.00s Real=0.00s
[138.805s][info][gc,start    ] GC(616) Pause Young (Allocation Failure)
[138.807s][info][gc,heap     ] GC(616) PSYoungGen: 101106K(101376K)->384K(98304K) Eden: 100352K(100352K)->0K(97792K) From: 754K(1024K)->384K(512K)
[138.807s][info][gc,heap     ] GC(616) ParOldGen: 282886K(283136K)->283332K(283648K)
[138.807s][info][gc,metaspace] GC(616) Metaspace: 6105K(6208K)->6105K(6208K) NonClass: 5624K(5696K)->5624K(5696K) Class: 481K(512K)->481K(512K)
[138.807s][info][gc          ] GC(616) Pause Young (Allocation Failure) 374M->277M(373M) 1.976ms
[138.807s][info][gc,cpu      ] GC(616) User=0.01s Sys=0.00s Real=0.00s
[138.974s][info][gc,start    ] GC(617) Pause Young (Allocation Failure)
[138.976s][info][gc,heap     ] GC(617) PSYoungGen: 98176K(98304K)->448K(95744K) Eden: 97792K(97792K)->0K(95232K) From: 384K(512K)->448K(512K)
[138.976s][info][gc,heap     ] GC(617) ParOldGen: 283332K(283648K)->283691K(284160K)
[138.976s][info][gc,metaspace] GC(617) Metaspace: 6105K(6208K)->6105K(6208K) NonClass: 5624K(5696K)->5624K(5696K) Class: 481K(512K)->481K(512K)
[138.976s][info][gc          ] GC(617) Pause Young (Allocation Failure) 372M->277M(371M) 1.976ms
[138.976s][info][gc,cpu      ] GC(617) User=0.00s Sys=0.00s Real=0.00s
[139.136s][info][gc,start    ] GC(618) Pause Young (Allocation Failure)
[139.138s][info][gc,heap     ] GC(618) PSYoungGen: 95680K(95744K)->690K(93696K) Eden: 95232K(95232K)->0K(92672K) From: 448K(512K)->690K(1024K)
[139.138s][info][gc,heap     ] GC(618) ParOldGen: 283691K(284160K)->283827K(284160K)
[139.138s][info][gc,metaspace] GC(618) Metaspace: 6105K(6208K)->6105K(6208K) NonClass: 5624K(5696K)->5624K(5696K) Class: 481K(512K)->481K(512K)
[139.138s][info][gc          ] GC(618) Pause Young (Allocation Failure) 370M->277M(369M) 1.601ms
[139.138s][info][gc,cpu      ] GC(618) User=0.00s Sys=0.00s Real=0.00s
[139.326s][info][gc,start    ] GC(619) Pause Young (Allocation Failure)
[139.327s][info][gc,heap     ] GC(619) PSYoungGen: 93362K(93696K)->416K(90624K) Eden: 92672K(92672K)->0K(90112K) From: 690K(1024K)->416K(512K)
[139.327s][info][gc,heap     ] GC(619) ParOldGen: 283827K(284160K)->284177K(284672K)
[139.327s][info][gc,metaspace] GC(619) Metaspace: 6105K(6208K)->6105K(6208K) NonClass: 5624K(5696K)->5624K(5696K) Class: 481K(512K)->481K(512K)
[139.327s][info][gc          ] GC(619) Pause Young (Allocation Failure) 368M->277M(366M) 1.813ms
[139.327s][info][gc,cpu      ] GC(619) User=0.00s Sys=0.00s Real=0.00s
[139.509s][info][gc,start    ] GC(620) Pause Young (Allocation Failure)
[139.511s][info][gc,heap     ] GC(620) PSYoungGen: 90528K(90624K)->128K(88576K) Eden: 90112K(90112K)->0K(87552K) From: 416K(512K)->128K(1024K)
[139.511s][info][gc,heap     ] GC(620) ParOldGen: 284177K(284672K)->284544K(284672K)
[139.511s][info][gc,metaspace] GC(620) Metaspace: 6105K(6208K)->6105K(6208K) NonClass: 5624K(5696K)->5624K(5696K) Class: 481K(512K)->481K(512K)
[139.511s][info][gc          ] GC(620) Pause Young (Allocation Failure) 365M->278M(364M) 1.669ms
[139.511s][info][gc,cpu      ] GC(620) User=0.00s Sys=0.00s Real=0.01s
[139.688s][info][gc,start    ] GC(621) Pause Young (Allocation Failure)
[139.690s][info][gc,heap     ] GC(621) PSYoungGen: 87680K(88576K)->736K(86528K) Eden: 87552K(87552K)->0K(85504K) From: 128K(1024K)->736K(1024K)
[139.690s][info][gc,heap     ] GC(621) ParOldGen: 284544K(284672K)->284648K(284672K)
[139.690s][info][gc,metaspace] GC(621) Metaspace: 6105K(6208K)->6105K(6208K) NonClass: 5624K(5696K)->5624K(5696K) Class: 481K(512K)->481K(512K)
[139.690s][info][gc          ] GC(621) Pause Young (Allocation Failure) 363M->278M(362M) 1.711ms
[139.690s][info][gc,cpu      ] GC(621) User=0.00s Sys=0.00s Real=0.00s
[139.859s][info][gc,start    ] GC(622) Pause Young (Allocation Failure)
[139.861s][info][gc,heap     ] GC(622) PSYoungGen: 86240K(86528K)->128K(196096K) Eden: 85504K(85504K)->0K(195584K) From: 736K(1024K)->128K(512K)
[139.861s][info][gc,heap     ] GC(622) ParOldGen: 284648K(284672K)->285361K(285696K)
[139.861s][info][gc,metaspace] GC(622) Metaspace: 6105K(6208K)->6105K(6208K) NonClass: 5624K(5696K)->5624K(5696K) Class: 481K(512K)->481K(512K)
[139.861s][info][gc          ] GC(622) Pause Young (Allocation Failure) 362M->278M(470M) 2.203ms
[139.861s][info][gc,cpu      ] GC(622) User=0.00s Sys=0.00s Real=0.01s
[140.263s][info][gc,start    ] GC(623) Pause Young (Allocation Failure)
[140.265s][info][gc,heap     ] GC(623) PSYoungGen: 195712K(196096K)->882K(189440K) Eden: 195584K(195584K)->0K(188416K) From: 128K(512K)->882K(1024K)
[140.265s][info][gc,heap     ] GC(623) ParOldGen: 285361K(285696K)->285473K(285696K)
[140.265s][info][gc,metaspace] GC(623) Metaspace: 6105K(6208K)->6105K(6208K) NonClass: 5624K(5696K)->5624K(5696K) Class: 481K(512K)->481K(512K)
[140.265s][info][gc          ] GC(623) Pause Young (Allocation Failure) 469M->279M(464M) 2.086ms
[140.265s][info][gc,cpu      ] GC(623) User=0.01s Sys=0.00s Real=0.00s
[140.635s][info][gc,start    ] GC(624) Pause Young (Allocation Failure)
[140.637s][info][gc,heap     ] GC(624) PSYoungGen: 189298K(189440K)->672K(182784K) Eden: 188416K(188416K)->0K(181760K) From: 882K(1024K)->672K(1024K)
[140.637s][info][gc,heap     ] GC(624) ParOldGen: 285473K(285696K)->285609K(285696K)
[140.637s][info][gc,metaspace] GC(624) Metaspace: 6105K(6208K)->6105K(6208K) NonClass: 5624K(5696K)->5624K(5696K) Class: 481K(512K)->481K(512K)
[140.637s][info][gc          ] GC(624) Pause Young (Allocation Failure) 463M->279M(457M) 1.646ms
[140.637s][info][gc,cpu      ] GC(624) User=0.01s Sys=0.00s Real=0.00s
[140.962s][info][gc,start    ] GC(625) Pause Young (Allocation Failure)
[140.963s][info][gc,heap     ] GC(625) PSYoungGen: 182432K(182784K)->800K(176128K) Eden: 181760K(181760K)->0K(175104K) From: 672K(1024K)->800K(1024K)
[140.963s][info][gc,heap     ] GC(625) ParOldGen: 285609K(285696K)->285609K(285696K)
[140.963s][info][gc,metaspace] GC(625) Metaspace: 6105K(6208K)->6105K(6208K) NonClass: 5624K(5696K)->5624K(5696K) Class: 481K(512K)->481K(512K)
[140.963s][info][gc          ] GC(625) Pause Young (Allocation Failure) 457M->279M(451M) 1.515ms
[140.963s][info][gc,cpu      ] GC(625) User=0.00s Sys=0.00s Real=0.00s
[141.301s][info][gc,start    ] GC(626) Pause Young (Allocation Failure)
[141.303s][info][gc,heap     ] GC(626) PSYoungGen: 175904K(176128K)->672K(169984K) Eden: 175104K(175104K)->0K(168960K) From: 800K(1024K)->672K(1024K)
[141.303s][info][gc,heap     ] GC(626) ParOldGen: 285609K(285696K)->285609K(285696K)
[141.303s][info][gc,metaspace] GC(626) Metaspace: 6105K(6208K)->6105K(6208K) NonClass: 5624K(5696K)->5624K(5696K) Class: 481K(512K)->481K(512K)
[141.303s][info][gc          ] GC(626) Pause Young (Allocation Failure) 450M->279M(445M) 1.279ms
[141.303s][info][gc,cpu      ] GC(626) User=0.00s Sys=0.00s Real=0.00s
[141.618s][info][gc,start    ] GC(627) Pause Young (Allocation Failure)
[141.620s][info][gc,heap     ] GC(627) PSYoungGen: 169632K(169984K)->832K(164352K) Eden: 168960K(168960K)->0K(163328K) From: 672K(1024K)->832K(1024K)
[141.620s][info][gc,heap     ] GC(627) ParOldGen: 285609K(285696K)->285609K(285696K)
[141.620s][info][gc,metaspace] GC(627) Metaspace: 6105K(6208K)->6105K(6208K) NonClass: 5624K(5696K)->5624K(5696K) Class: 481K(512K)->481K(512K)
[141.620s][info][gc          ] GC(627) Pause Young (Allocation Failure) 444M->279M(439M) 1.944ms
[141.620s][info][gc,cpu      ] GC(627) User=0.00s Sys=0.00s Real=0.00s
[141.890s][info][gc,start    ] GC(628) Pause Young (Allocation Failure)
[141.891s][info][gc,heap     ] GC(628) PSYoungGen: 164160K(164352K)->768K(158720K) Eden: 163328K(163328K)->0K(157696K) From: 832K(1024K)->768K(1024K)
[141.891s][info][gc,heap     ] GC(628) ParOldGen: 285609K(285696K)->285609K(285696K)
[141.892s][info][gc,metaspace] GC(628) Metaspace: 6105K(6208K)->6105K(6208K) NonClass: 5624K(5696K)->5624K(5696K) Class: 481K(512K)->481K(512K)
[141.892s][info][gc          ] GC(628) Pause Young (Allocation Failure) 439M->279M(434M) 1.466ms
[141.892s][info][gc,cpu      ] GC(628) User=0.00s Sys=0.00s Real=0.01s
[142.062s][info][gc,start    ] GC(629) Pause Young (Allocation Failure)
[142.063s][info][gc,heap     ] GC(629) PSYoungGen: 158464K(158720K)->704K(153600K) Eden: 157696K(157696K)->0K(152576K) From: 768K(1024K)->704K(1024K)
[142.063s][info][gc,heap     ] GC(629) ParOldGen: 285609K(285696K)->285609K(285696K)
[142.063s][info][gc,metaspace] GC(629) Metaspace: 6105K(6208K)->6105K(6208K) NonClass: 5624K(5696K)->5624K(5696K) Class: 481K(512K)->481K(512K)
[142.063s][info][gc          ] GC(629) Pause Young (Allocation Failure) 433M->279M(429M) 1.451ms
[142.063s][info][gc,cpu      ] GC(629) User=0.00s Sys=0.00s Real=0.00s
[142.257s][info][gc,start    ] GC(630) Pause Young (Allocation Failure)
[142.258s][info][gc,heap     ] GC(630) PSYoungGen: 153280K(153600K)->640K(148480K) Eden: 152576K(152576K)->0K(147456K) From: 704K(1024K)->640K(1024K)
[142.258s][info][gc,heap     ] GC(630) ParOldGen: 285609K(285696K)->285609K(285696K)
[142.258s][info][gc,metaspace] GC(630) Metaspace: 6105K(6208K)->6105K(6208K) NonClass: 5624K(5696K)->5624K(5696K) Class: 481K(512K)->481K(512K)
[142.258s][info][gc          ] GC(630) Pause Young (Allocation Failure) 428M->279M(424M) 1.398ms
[142.258s][info][gc,cpu      ] GC(630) User=0.01s Sys=0.00s Real=0.00s
[142.432s][info][gc,start    ] GC(631) Pause Young (Allocation Failure)
[142.434s][info][gc,heap     ] GC(631) PSYoungGen: 148096K(148480K)->416K(143360K) Eden: 147456K(147456K)->0K(142848K) From: 640K(1024K)->416K(512K)
[142.434s][info][gc,heap     ] GC(631) ParOldGen: 285609K(285696K)->285916K(286208K)
[142.434s][info][gc,metaspace] GC(631) Metaspace: 6105K(6208K)->6105K(6208K) NonClass: 5624K(5696K)->5624K(5696K) Class: 481K(512K)->481K(512K)
[142.434s][info][gc          ] GC(631) Pause Young (Allocation Failure) 423M->279M(419M) 1.935ms
[142.434s][info][gc,cpu      ] GC(631) User=0.01s Sys=0.00s Real=0.00s
[142.694s][info][gc,start    ] GC(632) Pause Young (Allocation Failure)
[142.696s][info][gc,heap     ] GC(632) PSYoungGen: 143264K(143360K)->434K(139776K) Eden: 142848K(142848K)->0K(138240K) From: 416K(512K)->434K(1536K)
[142.696s][info][gc,heap     ] GC(632) ParOldGen: 285916K(286208K)->286020K(286208K)
[142.696s][info][gc,metaspace] GC(632) Metaspace: 6105K(6208K)->6105K(6208K) NonClass: 5624K(5696K)->5624K(5696K) Class: 481K(512K)->481K(512K)
[142.696s][info][gc          ] GC(632) Pause Young (Allocation Failure) 419M->279M(416M) 1.705ms
[142.696s][info][gc,cpu      ] GC(632) User=0.01s Sys=0.00s Real=0.00s
[142.936s][info][gc,start    ] GC(633) Pause Young (Allocation Failure)
[142.938s][info][gc,heap     ] GC(633) PSYoungGen: 138674K(139776K)->768K(134656K) Eden: 138240K(138240K)->0K(133632K) From: 434K(1536K)->768K(1024K)
[142.938s][info][gc,heap     ] GC(633) ParOldGen: 286020K(286208K)->286060K(286208K)
[142.938s][info][gc,metaspace] GC(633) Metaspace: 6105K(6208K)->6105K(6208K) NonClass: 5624K(5696K)->5624K(5696K) Class: 481K(512K)->481K(512K)
[142.938s][info][gc          ] GC(633) Pause Young (Allocation Failure) 414M->280M(411M) 1.711ms
[142.938s][info][gc,cpu      ] GC(633) User=0.00s Sys=0.00s Real=0.00s
[143.091s][info][gc,start    ] GC(634) Pause Young (Allocation Failure)
[143.093s][info][gc,heap     ] GC(634) PSYoungGen: 134400K(134656K)->736K(130560K) Eden: 133632K(133632K)->0K(129536K) From: 768K(1024K)->736K(1024K)
[143.093s][info][gc,heap     ] GC(634) ParOldGen: 286060K(286208K)->286060K(286208K)
[143.093s][info][gc,metaspace] GC(634) Metaspace: 6105K(6208K)->6105K(6208K) NonClass: 5624K(5696K)->5624K(5696K) Class: 481K(512K)->481K(512K)
[143.093s][info][gc          ] GC(634) Pause Young (Allocation Failure) 410M->280M(407M) 1.804ms
[143.093s][info][gc,cpu      ] GC(634) User=0.00s Sys=0.00s Real=0.00s
[143.232s][info][gc,start    ] GC(635) Pause Young (Allocation Failure)
[143.234s][info][gc,heap     ] GC(635) PSYoungGen: 130272K(130560K)->704K(126464K) Eden: 129536K(129536K)->0K(125440K) From: 736K(1024K)->704K(1024K)
[143.234s][info][gc,heap     ] GC(635) ParOldGen: 286060K(286208K)->286060K(286208K)
[143.234s][info][gc,metaspace] GC(635) Metaspace: 6105K(6208K)->6105K(6208K) NonClass: 5624K(5696K)->5624K(5696K) Class: 481K(512K)->481K(512K)
[143.234s][info][gc          ] GC(635) Pause Young (Allocation Failure) 406M->280M(403M) 1.683ms
[143.234s][info][gc,cpu      ] GC(635) User=0.00s Sys=0.00s Real=0.00s
[143.362s][info][gc,start    ] GC(636) Pause Young (Allocation Failure)
[143.364s][info][gc,heap     ] GC(636) PSYoungGen: 126144K(126464K)->768K(122368K) Eden: 125440K(125440K)->0K(121344K) From: 704K(1024K)->768K(1024K)
[143.364s][info][gc,heap     ] GC(636) ParOldGen: 286060K(286208K)->286060K(286208K)
[143.364s][info][gc,metaspace] GC(636) Metaspace: 6105K(6208K)->6105K(6208K) NonClass: 5624K(5696K)->5624K(5696K) Class: 481K(512K)->481K(512K)
[143.364s][info][gc          ] GC(636) Pause Young (Allocation Failure) 402M->280M(399M) 1.552ms
[143.364s][info][gc,cpu      ] GC(636) User=0.00s Sys=0.00s Real=0.00s
[143.483s][info][gc,start    ] GC(637) Pause Young (Allocation Failure)
[143.485s][info][gc,heap     ] GC(637) PSYoungGen: 122112K(122368K)->800K(118784K) Eden: 121344K(121344K)->0K(117760K) From: 768K(1024K)->800K(1024K)
[143.485s][info][gc,heap     ] GC(637) ParOldGen: 286060K(286208K)->286060K(286208K)
[143.485s][info][gc,metaspace] GC(637) Metaspace: 6105K(6208K)->6105K(6208K) NonClass: 5624K(5696K)->5624K(5696K) Class: 481K(512K)->481K(512K)
[143.485s][info][gc          ] GC(637) Pause Young (Allocation Failure) 398M->280M(395M) 1.554ms
[143.485s][info][gc,cpu      ] GC(637) User=0.00s Sys=0.00s Real=0.00s
[143.612s][info][gc,start    ] GC(638) Pause Young (Allocation Failure)
[143.614s][info][gc,heap     ] GC(638) PSYoungGen: 118560K(118784K)->800K(142336K) Eden: 117760K(117760K)->0K(141312K) From: 800K(1024K)->800K(1024K)
[143.614s][info][gc,heap     ] GC(638) ParOldGen: 286060K(286208K)->286060K(286208K)
[143.614s][info][gc,metaspace] GC(638) Metaspace: 6105K(6208K)->6105K(6208K) NonClass: 5624K(5696K)->5624K(5696K) Class: 481K(512K)->481K(512K)
[143.614s][info][gc          ] GC(638) Pause Young (Allocation Failure) 395M->280M(418M) 1.893ms
[143.614s][info][gc,cpu      ] GC(638) User=0.01s Sys=0.00s Real=0.00s
[143.773s][info][gc,start    ] GC(639) Pause Young (Allocation Failure)
[143.775s][info][gc,heap     ] GC(639) PSYoungGen: 142112K(142336K)->704K(137728K) Eden: 141312K(141312K)->0K(136704K) From: 800K(1024K)->704K(1024K)
[143.775s][info][gc,heap     ] GC(639) ParOldGen: 286060K(286208K)->286060K(286208K)
[143.775s][info][gc,metaspace] GC(639) Metaspace: 6105K(6208K)->6105K(6208K) NonClass: 5624K(5696K)->5624K(5696K) Class: 481K(512K)->481K(512K)
[143.775s][info][gc          ] GC(639) Pause Young (Allocation Failure) 418M->280M(414M) 1.501ms
[143.775s][info][gc,cpu      ] GC(639) User=0.00s Sys=0.00s Real=0.00s
[143.941s][info][gc,start    ] GC(640) Pause Young (Allocation Failure)
[143.943s][info][gc,heap     ] GC(640) PSYoungGen: 137408K(137728K)->736K(133120K) Eden: 136704K(136704K)->0K(132096K) From: 704K(1024K)->736K(1024K)
[143.943s][info][gc,heap     ] GC(640) ParOldGen: 286060K(286208K)->286060K(286208K)
[143.943s][info][gc,metaspace] GC(640) Metaspace: 6105K(6208K)->6105K(6208K) NonClass: 5624K(5696K)->5624K(5696K) Class: 481K(512K)->481K(512K)
[143.943s][info][gc          ] GC(640) Pause Young (Allocation Failure) 413M->280M(409M) 1.526ms
[143.943s][info][gc,cpu      ] GC(640) User=0.00s Sys=0.00s Real=0.00s
[144.101s][info][gc,start    ] GC(641) Pause Young (Allocation Failure)
[144.102s][info][gc,heap     ] GC(641) PSYoungGen: 132832K(133120K)->704K(129024K) Eden: 132096K(132096K)->0K(128000K) From: 736K(1024K)->704K(1024K)
[144.102s][info][gc,heap     ] GC(641) ParOldGen: 286060K(286208K)->286060K(286208K)
[144.102s][info][gc,metaspace] GC(641) Metaspace: 6105K(6208K)->6105K(6208K) NonClass: 5624K(5696K)->5624K(5696K) Class: 481K(512K)->481K(512K)
[144.102s][info][gc          ] GC(641) Pause Young (Allocation Failure) 409M->280M(405M) 1.436ms
[144.102s][info][gc,cpu      ] GC(641) User=0.00s Sys=0.00s Real=0.00s
[144.241s][info][gc,start    ] GC(642) Pause Young (Allocation Failure)
[144.243s][info][gc,heap     ] GC(642) PSYoungGen: 128704K(129024K)->736K(125440K) Eden: 128000K(128000K)->0K(123904K) From: 704K(1024K)->736K(1536K)
[144.243s][info][gc,heap     ] GC(642) ParOldGen: 286060K(286208K)->286060K(286208K)
[144.243s][info][gc,metaspace] GC(642) Metaspace: 6105K(6208K)->6105K(6208K) NonClass: 5624K(5696K)->5624K(5696K) Class: 481K(512K)->481K(512K)
[144.243s][info][gc          ] GC(642) Pause Young (Allocation Failure) 405M->280M(402M) 1.640ms
[144.243s][info][gc,cpu      ] GC(642) User=0.01s Sys=0.01s Real=0.00s
[144.372s][info][gc,start    ] GC(643) Pause Young (Allocation Failure)
[144.373s][info][gc,heap     ] GC(643) PSYoungGen: 124640K(125440K)->800K(121344K) Eden: 123904K(123904K)->0K(120320K) From: 736K(1536K)->800K(1024K)
[144.373s][info][gc,heap     ] GC(643) ParOldGen: 286060K(286208K)->286060K(286208K)
[144.373s][info][gc,metaspace] GC(643) Metaspace: 6105K(6208K)->6105K(6208K) NonClass: 5624K(5696K)->5624K(5696K) Class: 481K(512K)->481K(512K)
[144.373s][info][gc          ] GC(643) Pause Young (Allocation Failure) 401M->280M(398M) 1.478ms
[144.373s][info][gc,cpu      ] GC(643) User=0.00s Sys=0.00s Real=0.00s
[144.510s][info][gc,start    ] GC(644) Pause Young (Allocation Failure)
[144.511s][info][gc,heap     ] GC(644) PSYoungGen: 121120K(121344K)->672K(118272K) Eden: 120320K(120320K)->0K(116736K) From: 800K(1024K)->672K(1536K)
[144.511s][info][gc,heap     ] GC(644) ParOldGen: 286060K(286208K)->286060K(286208K)
[144.511s][info][gc,metaspace] GC(644) Metaspace: 6105K(6208K)->6105K(6208K) NonClass: 5624K(5696K)->5624K(5696K) Class: 481K(512K)->481K(512K)
[144.511s][info][gc          ] GC(644) Pause Young (Allocation Failure) 397M->280M(395M) 1.456ms
[144.511s][info][gc,cpu      ] GC(644) User=0.01s Sys=0.00s Real=0.01s
[144.639s][info][gc,start    ] GC(645) Pause Young (Allocation Failure)
[144.641s][info][gc,heap     ] GC(645) PSYoungGen: 117408K(118272K)->448K(140800K) Eden: 116736K(116736K)->0K(140288K) From: 672K(1536K)->448K(512K)
[144.641s][info][gc,heap     ] GC(645) ParOldGen: 286060K(286208K)->286375K(286720K)
[144.641s][info][gc,metaspace] GC(645) Metaspace: 6105K(6208K)->6105K(6208K) NonClass: 5624K(5696K)->5624K(5696K) Class: 481K(512K)->481K(512K)
[144.641s][info][gc          ] GC(645) Pause Young (Allocation Failure) 394M->280M(417M) 2.237ms
[144.641s][info][gc,cpu      ] GC(645) User=0.00s Sys=0.00s Real=0.01s
[144.809s][info][gc,start    ] GC(646) Pause Young (Allocation Failure)
[144.811s][info][gc,heap     ] GC(646) PSYoungGen: 140736K(140800K)->818K(169472K) Eden: 140288K(140288K)->0K(168448K) From: 448K(512K)->818K(1024K)
[144.811s][info][gc,heap     ] GC(646) ParOldGen: 286375K(286720K)->286471K(286720K)
[144.811s][info][gc,metaspace] GC(646) Metaspace: 6105K(6208K)->6105K(6208K) NonClass: 5624K(5696K)->5624K(5696K) Class: 481K(512K)->481K(512K)
[144.811s][info][gc          ] GC(646) Pause Young (Allocation Failure) 417M->280M(445M) 1.964ms
[144.811s][info][gc,cpu      ] GC(646) User=0.00s Sys=0.00s Real=0.01s
[145.007s][info][gc,start    ] GC(647) Pause Young (Allocation Failure)
[145.008s][info][gc,heap     ] GC(647) PSYoungGen: 169266K(169472K)->704K(163840K) Eden: 168448K(168448K)->0K(162816K) From: 818K(1024K)->704K(1024K)
[145.009s][info][gc,heap     ] GC(647) ParOldGen: 286471K(286720K)->286511K(286720K)
[145.009s][info][gc,metaspace] GC(647) Metaspace: 6105K(6208K)->6105K(6208K) NonClass: 5624K(5696K)->5624K(5696K) Class: 481K(512K)->481K(512K)
[145.009s][info][gc          ] GC(647) Pause Young (Allocation Failure) 445M->280M(440M) 1.581ms
[145.009s][info][gc,cpu      ] GC(647) User=0.00s Sys=0.00s Real=0.00s
[145.198s][info][gc,start    ] GC(648) Pause Young (Allocation Failure)
[145.200s][info][gc,heap     ] GC(648) PSYoungGen: 163520K(163840K)->672K(158208K) Eden: 162816K(162816K)->0K(157184K) From: 704K(1024K)->672K(1024K)
[145.200s][info][gc,heap     ] GC(648) ParOldGen: 286511K(286720K)->286511K(286720K)
[145.200s][info][gc,metaspace] GC(648) Metaspace: 6105K(6208K)->6105K(6208K) NonClass: 5624K(5696K)->5624K(5696K) Class: 481K(512K)->481K(512K)
[145.200s][info][gc          ] GC(648) Pause Young (Allocation Failure) 439M->280M(434M) 1.388ms
[145.200s][info][gc,cpu      ] GC(648) User=0.00s Sys=0.00s Real=0.00s
[145.396s][info][gc,start    ] GC(649) Pause Young (Allocation Failure)
[145.397s][info][gc,heap     ] GC(649) PSYoungGen: 157856K(158208K)->512K(152576K) Eden: 157184K(157184K)->0K(152064K) From: 672K(1024K)->512K(512K)
[145.397s][info][gc,heap     ] GC(649) ParOldGen: 286511K(286720K)->286679K(286720K)
[145.397s][info][gc,metaspace] GC(649) Metaspace: 6105K(6208K)->6105K(6208K) NonClass: 5624K(5696K)->5624K(5696K) Class: 481K(512K)->481K(512K)
[145.397s][info][gc          ] GC(649) Pause Young (Allocation Failure) 433M->280M(429M) 1.277ms
[145.397s][info][gc,cpu      ] GC(649) User=0.01s Sys=0.00s Real=0.00s
[145.608s][info][gc,start    ] GC(650) Pause Young (Allocation Failure)
[145.609s][info][gc,heap     ] GC(650) PSYoungGen: 152576K(152576K)->709K(147968K) Eden: 152064K(152064K)->0K(146944K) From: 512K(512K)->709K(1024K)
[145.609s][info][gc,heap     ] GC(650) ParOldGen: 286679K(286720K)->286679K(286720K)
[145.609s][info][gc,metaspace] GC(650) Metaspace: 6105K(6208K)->6105K(6208K) NonClass: 5624K(5696K)->5624K(5696K) Class: 481K(512K)->481K(512K)
[145.609s][info][gc          ] GC(650) Pause Young (Allocation Failure) 428M->280M(424M) 1.242ms
[145.609s][info][gc,cpu      ] GC(650) User=0.01s Sys=0.00s Real=0.00s
[145.862s][info][gc,start    ] GC(651) Pause Young (Allocation Failure)
[145.863s][info][gc,heap     ] GC(651) PSYoungGen: 147653K(147968K)->768K(143360K) Eden: 146944K(146944K)->0K(142336K) From: 709K(1024K)->768K(1024K)
[145.863s][info][gc,heap     ] GC(651) ParOldGen: 286679K(286720K)->286719K(286720K)
[145.863s][info][gc,metaspace] GC(651) Metaspace: 6105K(6208K)->6105K(6208K) NonClass: 5624K(5696K)->5624K(5696K) Class: 481K(512K)->481K(512K)
[145.863s][info][gc          ] GC(651) Pause Young (Allocation Failure) 424M->280M(420M) 1.727ms
[145.863s][info][gc,cpu      ] GC(651) User=0.00s Sys=0.00s Real=0.00s
[146.133s][info][gc,start    ] GC(652) Pause Young (Allocation Failure)
[146.134s][info][gc,heap     ] GC(652) PSYoungGen: 143104K(143360K)->672K(138752K) Eden: 142336K(142336K)->0K(137728K) From: 768K(1024K)->672K(1024K)
[146.135s][info][gc,heap     ] GC(652) ParOldGen: 286719K(286720K)->286719K(286720K)
[146.135s][info][gc,metaspace] GC(652) Metaspace: 6105K(6208K)->6105K(6208K) NonClass: 5624K(5696K)->5624K(5696K) Class: 481K(512K)->481K(512K)
[146.135s][info][gc          ] GC(652) Pause Young (Allocation Failure) 419M->280M(415M) 1.437ms
[146.135s][info][gc,cpu      ] GC(652) User=0.00s Sys=0.00s Real=0.00s
[146.404s][info][gc,start    ] GC(653) Pause Young (Allocation Failure)
[146.406s][info][gc,heap     ] GC(653) PSYoungGen: 138400K(138752K)->512K(133632K) Eden: 137728K(137728K)->0K(133120K) From: 672K(1024K)->512K(512K)
[146.406s][info][gc,heap     ] GC(653) ParOldGen: 286719K(286720K)->286887K(287232K)
[146.406s][info][gc,metaspace] GC(653) Metaspace: 6105K(6208K)->6105K(6208K) NonClass: 5624K(5696K)->5624K(5696K) Class: 481K(512K)->481K(512K)
[146.406s][info][gc          ] GC(653) Pause Young (Allocation Failure) 415M->280M(411M) 1.611ms
[146.406s][info][gc,cpu      ] GC(653) User=0.01s Sys=0.00s Real=0.00s
[146.681s][info][gc,start    ] GC(654) Pause Young (Allocation Failure)
[146.683s][info][gc,heap     ] GC(654) PSYoungGen: 133632K(133632K)->672K(130048K) Eden: 133120K(133120K)->0K(129024K) From: 512K(512K)->672K(1024K)
[146.683s][info][gc,heap     ] GC(654) ParOldGen: 286887K(287232K)->286887K(287232K)
[146.683s][info][gc,metaspace] GC(654) Metaspace: 6105K(6208K)->6105K(6208K) NonClass: 5624K(5696K)->5624K(5696K) Class: 481K(512K)->481K(512K)
[146.683s][info][gc          ] GC(654) Pause Young (Allocation Failure) 410M->280M(407M) 1.321ms
[146.683s][info][gc,cpu      ] GC(654) User=0.01s Sys=0.00s Real=0.00s
[147.002s][info][gc,start    ] GC(655) Pause Young (Allocation Failure)
[147.004s][info][gc,heap     ] GC(655) PSYoungGen: 129696K(130048K)->672K(125952K) Eden: 129024K(129024K)->0K(124928K) From: 672K(1024K)->672K(1024K)
[147.004s][info][gc,heap     ] GC(655) ParOldGen: 286887K(287232K)->286911K(287232K)
[147.004s][info][gc,metaspace] GC(655) Metaspace: 6105K(6208K)->6105K(6208K) NonClass: 5624K(5696K)->5624K(5696K) Class: 481K(512K)->481K(512K)
[147.004s][info][gc          ] GC(655) Pause Young (Allocation Failure) 406M->280M(403M) 1.427ms
[147.004s][info][gc,cpu      ] GC(655) User=0.00s Sys=0.00s Real=0.00s
[147.282s][info][gc,start    ] GC(656) Pause Young (Allocation Failure)
[147.283s][info][gc,heap     ] GC(656) PSYoungGen: 125600K(125952K)->672K(121856K) Eden: 124928K(124928K)->0K(120832K) From: 672K(1024K)->672K(1024K)
[147.283s][info][gc,heap     ] GC(656) ParOldGen: 286911K(287232K)->286911K(287232K)
[147.283s][info][gc,metaspace] GC(656) Metaspace: 6105K(6208K)->6105K(6208K) NonClass: 5624K(5696K)->5624K(5696K) Class: 481K(512K)->481K(512K)
[147.283s][info][gc          ] GC(656) Pause Young (Allocation Failure) 402M->280M(399M) 1.377ms
[147.283s][info][gc,cpu      ] GC(656) User=0.00s Sys=0.00s Real=0.00s
[147.518s][info][gc,start    ] GC(657) Pause Young (Allocation Failure)
[147.519s][info][gc,heap     ] GC(657) PSYoungGen: 121504K(121856K)->416K(117760K) Eden: 120832K(120832K)->0K(117248K) From: 672K(1024K)->416K(512K)
[147.519s][info][gc,heap     ] GC(657) ParOldGen: 286911K(287232K)->287209K(287232K)
[147.519s][info][gc,metaspace] GC(657) Metaspace: 6105K(6208K)->6105K(6208K) NonClass: 5624K(5696K)->5624K(5696K) Class: 481K(512K)->481K(512K)
[147.519s][info][gc          ] GC(657) Pause Young (Allocation Failure) 398M->280M(395M) 1.632ms
[147.519s][info][gc,cpu      ] GC(657) User=0.00s Sys=0.00s Real=0.00s
[147.745s][info][gc,start    ] GC(658) Pause Young (Allocation Failure)
[147.746s][info][gc,heap     ] GC(658) PSYoungGen: 117664K(117760K)->722K(114688K) Eden: 117248K(117248K)->0K(113664K) From: 416K(512K)->722K(1024K)
[147.746s][info][gc,heap     ] GC(658) ParOldGen: 287209K(287232K)->287289K(287744K)
[147.746s][info][gc,metaspace] GC(658) Metaspace: 6105K(6208K)->6105K(6208K) NonClass: 5624K(5696K)->5624K(5696K) Class: 481K(512K)->481K(512K)
[147.746s][info][gc          ] GC(658) Pause Young (Allocation Failure) 395M->281M(393M) 1.698ms
[147.746s][info][gc,cpu      ] GC(658) User=0.01s Sys=0.00s Real=0.00s
[147.962s][info][gc,start    ] GC(659) Pause Young (Allocation Failure)
[147.963s][info][gc,heap     ] GC(659) PSYoungGen: 114386K(114688K)->640K(111104K) Eden: 113664K(113664K)->0K(110080K) From: 722K(1024K)->640K(1024K)
[147.963s][info][gc,heap     ] GC(659) ParOldGen: 287289K(287744K)->287353K(287744K)
[147.963s][info][gc,metaspace] GC(659) Metaspace: 6105K(6208K)->6105K(6208K) NonClass: 5624K(5696K)->5624K(5696K) Class: 481K(512K)->481K(512K)
[147.963s][info][gc          ] GC(659) Pause Young (Allocation Failure) 392M->281M(389M) 1.221ms
[147.963s][info][gc,cpu      ] GC(659) User=0.00s Sys=0.00s Real=0.00s
[148.197s][info][gc,start    ] GC(660) Pause Young (Allocation Failure)
[148.198s][info][gc,heap     ] GC(660) PSYoungGen: 110720K(111104K)->768K(108032K) Eden: 110080K(110080K)->0K(107008K) From: 640K(1024K)->768K(1024K)
[148.199s][info][gc,heap     ] GC(660) ParOldGen: 287353K(287744K)->287353K(287744K)
[148.199s][info][gc,metaspace] GC(660) Metaspace: 6105K(6208K)->6105K(6208K) NonClass: 5624K(5696K)->5624K(5696K) Class: 481K(512K)->481K(512K)
[148.199s][info][gc          ] GC(660) Pause Young (Allocation Failure) 388M->281M(386M) 1.765ms
[148.199s][info][gc,cpu      ] GC(660) User=0.01s Sys=0.00s Real=0.00s
[148.452s][info][gc,start    ] GC(661) Pause Young (Allocation Failure)
[148.454s][info][gc,heap     ] GC(661) PSYoungGen: 107776K(108032K)->512K(104448K) Eden: 107008K(107008K)->0K(103936K) From: 768K(1024K)->512K(512K)
[148.454s][info][gc,heap     ] GC(661) ParOldGen: 287353K(287744K)->287553K(287744K)
[148.454s][info][gc,metaspace] GC(661) Metaspace: 6105K(6208K)->6105K(6208K) NonClass: 5624K(5696K)->5624K(5696K) Class: 481K(512K)->481K(512K)
[148.454s][info][gc          ] GC(661) Pause Young (Allocation Failure) 385M->281M(383M) 1.489ms
[148.454s][info][gc,cpu      ] GC(661) User=0.00s Sys=0.00s Real=0.00s
[148.667s][info][gc,start    ] GC(662) Pause Young (Allocation Failure)
[148.669s][info][gc,heap     ] GC(662) PSYoungGen: 104448K(104448K)->658K(101888K) Eden: 103936K(103936K)->0K(100864K) From: 512K(512K)->658K(1024K)
[148.669s][info][gc,heap     ] GC(662) ParOldGen: 287553K(287744K)->287553K(287744K)
[148.669s][info][gc,metaspace] GC(662) Metaspace: 6105K(6208K)->6105K(6208K) NonClass: 5624K(5696K)->5624K(5696K) Class: 481K(512K)->481K(512K)
[148.669s][info][gc          ] GC(662) Pause Young (Allocation Failure) 382M->281M(380M) 1.443ms
[148.669s][info][gc,cpu      ] GC(662) User=0.00s Sys=0.00s Real=0.00s
[148.858s][info][gc,start    ] GC(663) Pause Young (Allocation Failure)
[148.859s][info][gc,heap     ] GC(663) PSYoungGen: 101522K(101888K)->672K(99328K) Eden: 100864K(100864K)->0K(98304K) From: 658K(1024K)->672K(1024K)
[148.859s][info][gc,heap     ] GC(663) ParOldGen: 287553K(287744K)->287593K(287744K)
[148.859s][info][gc,metaspace] GC(663) Metaspace: 6105K(6208K)->6105K(6208K) NonClass: 5624K(5696K)->5624K(5696K) Class: 481K(512K)->481K(512K)
[148.859s][info][gc          ] GC(663) Pause Young (Allocation Failure) 379M->281M(378M) 1.385ms
[148.859s][info][gc,cpu      ] GC(663) User=0.00s Sys=0.00s Real=0.00s
[149.013s][info][gc,start    ] GC(664) Pause Young (Allocation Failure)
[149.015s][info][gc,heap     ] GC(664) PSYoungGen: 98976K(99328K)->448K(96256K) Eden: 98304K(98304K)->0K(95744K) From: 672K(1024K)->448K(512K)
[149.015s][info][gc,heap     ] GC(664) ParOldGen: 287593K(287744K)->287908K(288256K)
[149.015s][info][gc,metaspace] GC(664) Metaspace: 6105K(6208K)->6105K(6208K) NonClass: 5624K(5696K)->5624K(5696K) Class: 481K(512K)->481K(512K)
[149.015s][info][gc          ] GC(664) Pause Young (Allocation Failure) 377M->281M(375M) 1.785ms
[149.015s][info][gc,cpu      ] GC(664) User=0.01s Sys=0.00s Real=0.00s
[149.155s][info][gc,start    ] GC(665) Pause Young (Allocation Failure)
[149.157s][info][gc,heap     ] GC(665) PSYoungGen: 96192K(96256K)->448K(93696K) Eden: 95744K(95744K)->0K(93184K) From: 448K(512K)->448K(512K)
[149.157s][info][gc,heap     ] GC(665) ParOldGen: 287908K(288256K)->288306K(288768K)
[149.157s][info][gc,metaspace] GC(665) Metaspace: 6105K(6208K)->6105K(6208K) NonClass: 5624K(5696K)->5624K(5696K) Class: 481K(512K)->481K(512K)
[149.157s][info][gc          ] GC(665) Pause Young (Allocation Failure) 375M->281M(373M) 2.117ms
[149.157s][info][gc,cpu      ] GC(665) User=0.01s Sys=0.00s Real=0.00s
[149.289s][info][gc,start    ] GC(666) Pause Young (Allocation Failure)
[149.291s][info][gc,heap     ] GC(666) PSYoungGen: 93632K(93696K)->466K(113152K) Eden: 93184K(93184K)->0K(112128K) From: 448K(512K)->466K(1024K)
[149.291s][info][gc,heap     ] GC(666) ParOldGen: 288306K(288768K)->288733K(288768K)
[149.291s][info][gc,metaspace] GC(666) Metaspace: 6105K(6208K)->6105K(6208K) NonClass: 5624K(5696K)->5624K(5696K) Class: 481K(512K)->481K(512K)
[149.291s][info][gc          ] GC(666) Pause Young (Allocation Failure) 372M->282M(392M) 2.053ms
[149.291s][info][gc,cpu      ] GC(666) User=0.00s Sys=0.00s Real=0.01s
[149.464s][info][gc,start    ] GC(667) Pause Young (Allocation Failure)
[149.466s][info][gc,heap     ] GC(667) PSYoungGen: 112594K(113152K)->754K(110080K) Eden: 112128K(112128K)->0K(109056K) From: 466K(1024K)->754K(1024K)
[149.466s][info][gc,heap     ] GC(667) ParOldGen: 288733K(288768K)->288821K(289280K)
[149.466s][info][gc,metaspace] GC(667) Metaspace: 6105K(6208K)->6105K(6208K) NonClass: 5624K(5696K)->5624K(5696K) Class: 481K(512K)->481K(512K)
[149.466s][info][gc          ] GC(667) Pause Young (Allocation Failure) 391M->282M(390M) 1.867ms
[149.466s][info][gc,cpu      ] GC(667) User=0.00s Sys=0.00s Real=0.00s
[149.660s][info][gc,start    ] GC(668) Pause Young (Allocation Failure)
[149.662s][info][gc,heap     ] GC(668) PSYoungGen: 109810K(110080K)->448K(106496K) Eden: 109056K(109056K)->0K(105984K) From: 754K(1024K)->448K(512K)
[149.662s][info][gc,heap     ] GC(668) ParOldGen: 288821K(289280K)->289200K(289280K)
[149.662s][info][gc,metaspace] GC(668) Metaspace: 6105K(6208K)->6105K(6208K) NonClass: 5624K(5696K)->5624K(5696K) Class: 481K(512K)->481K(512K)
[149.662s][info][gc          ] GC(668) Pause Young (Allocation Failure) 389M->282M(386M) 2.143ms
[149.663s][info][gc,cpu      ] GC(668) User=0.01s Sys=0.00s Real=0.01s
[149.836s][info][gc,start    ] GC(669) Pause Young (Allocation Failure)
[149.838s][info][gc,heap     ] GC(669) PSYoungGen: 106432K(106496K)->786K(103936K) Eden: 105984K(105984K)->0K(102912K) From: 448K(512K)->786K(1024K)
[149.838s][info][gc,heap     ] GC(669) ParOldGen: 289200K(289280K)->289280K(289792K)
[149.838s][info][gc,metaspace] GC(669) Metaspace: 6105K(6208K)->6105K(6208K) NonClass: 5624K(5696K)->5624K(5696K) Class: 481K(512K)->481K(512K)
[149.838s][info][gc          ] GC(669) Pause Young (Allocation Failure) 386M->283M(384M) 1.874ms
[149.838s][info][gc,cpu      ] GC(669) User=0.00s Sys=0.00s Real=0.00s
[150.000s][info][gc,start    ] GC(670) Pause Young (Allocation Failure)
[150.001s][info][gc,heap     ] GC(670) PSYoungGen: 103698K(103936K)->736K(100864K) Eden: 102912K(102912K)->0K(99840K) From: 786K(1024K)->736K(1024K)
[150.001s][info][gc,heap     ] GC(670) ParOldGen: 289280K(289792K)->289320K(289792K)
[150.001s][info][gc,metaspace] GC(670) Metaspace: 6105K(6208K)->6105K(6208K) NonClass: 5624K(5696K)->5624K(5696K) Class: 481K(512K)->481K(512K)
[150.001s][info][gc          ] GC(670) Pause Young (Allocation Failure) 383M->283M(381M) 1.694ms
[150.001s][info][gc,cpu      ] GC(670) User=0.01s Sys=0.00s Real=0.01s
[150.130s][info][gc,start    ] GC(671) Pause Young (Allocation Failure)
[150.131s][info][gc,heap     ] GC(671) PSYoungGen: 100576K(100864K)->512K(97792K) Eden: 99840K(99840K)->0K(97280K) From: 736K(1024K)->512K(512K)
[150.132s][info][gc,heap     ] GC(671) ParOldGen: 289320K(289792K)->289448K(289792K)
[150.132s][info][gc,metaspace] GC(671) Metaspace: 6105K(6208K)->6105K(6208K) NonClass: 5624K(5696K)->5624K(5696K) Class: 481K(512K)->481K(512K)
[150.132s][info][gc          ] GC(671) Pause Young (Allocation Failure) 380M->283M(378M) 1.488ms
[150.132s][info][gc,cpu      ] GC(671) User=0.00s Sys=0.00s Real=0.01s
[150.262s][info][gc,start    ] GC(672) Pause Young (Allocation Failure)
[150.264s][info][gc,heap     ] GC(672) PSYoungGen: 97792K(97792K)->128K(117760K) Eden: 97280K(97280K)->0K(116736K) From: 512K(512K)->128K(1024K)
[150.264s][info][gc,heap     ] GC(672) ParOldGen: 289448K(289792K)->289965K(290304K)
[150.264s][info][gc,metaspace] GC(672) Metaspace: 6105K(6208K)->6105K(6208K) NonClass: 5624K(5696K)->5624K(5696K) Class: 481K(512K)->481K(512K)
[150.264s][info][gc          ] GC(672) Pause Young (Allocation Failure) 378M->283M(398M) 1.878ms
[150.264s][info][gc,cpu      ] GC(672) User=0.01s Sys=0.00s Real=0.00s
[150.419s][info][gc,start    ] GC(673) Pause Young (Allocation Failure)
[150.421s][info][gc,heap     ] GC(673) PSYoungGen: 116864K(117760K)->741K(141312K) Eden: 116736K(116736K)->0K(140288K) From: 128K(1024K)->741K(1024K)
[150.421s][info][gc,heap     ] GC(673) ParOldGen: 289965K(290304K)->290077K(290304K)
[150.421s][info][gc,metaspace] GC(673) Metaspace: 6105K(6208K)->6105K(6208K) NonClass: 5624K(5696K)->5624K(5696K) Class: 481K(512K)->481K(512K)
[150.421s][info][gc          ] GC(673) Pause Young (Allocation Failure) 397M->284M(421M) 1.841ms
[150.421s][info][gc,cpu      ] GC(673) User=0.01s Sys=0.00s Real=0.01s
[150.662s][info][gc,start    ] GC(674) Pause Young (Allocation Failure)
[150.664s][info][gc,heap     ] GC(674) PSYoungGen: 141029K(141312K)->768K(136704K) Eden: 140288K(140288K)->0K(135680K) From: 741K(1024K)->768K(1024K)
[150.664s][info][gc,heap     ] GC(674) ParOldGen: 290077K(290304K)->290205K(290304K)
[150.664s][info][gc,metaspace] GC(674) Metaspace: 6105K(6208K)->6105K(6208K) NonClass: 5624K(5696K)->5624K(5696K) Class: 481K(512K)->481K(512K)
[150.664s][info][gc          ] GC(674) Pause Young (Allocation Failure) 421M->284M(417M) 1.875ms
[150.664s][info][gc,cpu      ] GC(674) User=0.00s Sys=0.00s Real=0.00s
[150.897s][info][gc,start    ] GC(675) Pause Young (Allocation Failure)
[150.898s][info][gc,heap     ] GC(675) PSYoungGen: 136448K(136704K)->498K(132096K) Eden: 135680K(135680K)->0K(131584K) From: 768K(1024K)->498K(512K)
[150.898s][info][gc,heap     ] GC(675) ParOldGen: 290205K(290304K)->290333K(290816K)
[150.898s][info][gc,metaspace] GC(675) Metaspace: 6105K(6208K)->6105K(6208K) NonClass: 5624K(5696K)->5624K(5696K) Class: 481K(512K)->481K(512K)
[150.898s][info][gc          ] GC(675) Pause Young (Allocation Failure) 416M->284M(413M) 1.333ms
[150.898s][info][gc,cpu      ] GC(675) User=0.00s Sys=0.00s Real=0.00s
[151.112s][info][gc,start    ] GC(676) Pause Young (Allocation Failure)
[151.114s][info][gc,heap     ] GC(676) PSYoungGen: 132082K(132096K)->677K(128512K) Eden: 131584K(131584K)->0K(127488K) From: 498K(512K)->677K(1024K)
[151.114s][info][gc,heap     ] GC(676) ParOldGen: 290333K(290816K)->290333K(290816K)
[151.114s][info][gc,metaspace] GC(676) Metaspace: 6105K(6208K)->6105K(6208K) NonClass: 5624K(5696K)->5624K(5696K) Class: 481K(512K)->481K(512K)
[151.114s][info][gc          ] GC(676) Pause Young (Allocation Failure) 412M->284M(409M) 1.433ms
[151.114s][info][gc,cpu      ] GC(676) User=0.00s Sys=0.00s Real=0.00s
[151.343s][info][gc,start    ] GC(677) Pause Young (Allocation Failure)
[151.346s][info][gc,heap     ] GC(677) PSYoungGen: 128165K(128512K)->160K(123904K) Eden: 127488K(127488K)->0K(123392K) From: 677K(1024K)->160K(512K)
[151.346s][info][gc,heap     ] GC(677) ParOldGen: 290333K(290816K)->290994K(291328K)
[151.346s][info][gc,metaspace] GC(677) Metaspace: 6105K(6208K)->6105K(6208K) NonClass: 5624K(5696K)->5624K(5696K) Class: 481K(512K)->481K(512K)
[151.346s][info][gc          ] GC(677) Pause Young (Allocation Failure) 408M->284M(405M) 3.745ms
[151.346s][info][gc,cpu      ] GC(677) User=0.00s Sys=0.00s Real=0.00s
[151.580s][info][gc,start    ] GC(678) Pause Young (Allocation Failure)
[151.582s][info][gc,heap     ] GC(678) PSYoungGen: 123552K(123904K)->818K(120832K) Eden: 123392K(123392K)->0K(119808K) From: 160K(512K)->818K(1024K)
[151.582s][info][gc,heap     ] GC(678) ParOldGen: 290994K(291328K)->291138K(291328K)
[151.582s][info][gc,metaspace] GC(678) Metaspace: 6105K(6208K)->6105K(6208K) NonClass: 5624K(5696K)->5624K(5696K) Class: 481K(512K)->481K(512K)
[151.582s][info][gc          ] GC(678) Pause Young (Allocation Failure) 404M->285M(402M) 2.110ms
[151.582s][info][gc,cpu      ] GC(678) User=0.00s Sys=0.00s Real=0.01s
[151.812s][info][gc,start    ] GC(679) Pause Young (Allocation Failure)
[151.813s][info][gc,heap     ] GC(679) PSYoungGen: 120626K(120832K)->640K(117248K) Eden: 119808K(119808K)->0K(116224K) From: 818K(1024K)->640K(1024K)
[151.813s][info][gc,heap     ] GC(679) ParOldGen: 291138K(291328K)->291234K(291328K)
[151.813s][info][gc,metaspace] GC(679) Metaspace: 6105K(6208K)->6105K(6208K) NonClass: 5624K(5696K)->5624K(5696K) Class: 481K(512K)->481K(512K)
[151.813s][info][gc          ] GC(679) Pause Young (Allocation Failure) 402M->285M(399M) 1.443ms
[151.813s][info][gc,cpu      ] GC(679) User=0.00s Sys=0.00s Real=0.00s
[152.032s][info][gc,start    ] GC(680) Pause Young (Allocation Failure)
[152.034s][info][gc,heap     ] GC(680) PSYoungGen: 116864K(117248K)->192K(113152K) Eden: 116224K(116224K)->0K(112640K) From: 640K(1024K)->192K(512K)
[152.034s][info][gc,heap     ] GC(680) ParOldGen: 291234K(291328K)->291839K(291840K)
[152.034s][info][gc,metaspace] GC(680) Metaspace: 6105K(6208K)->6105K(6208K) NonClass: 5624K(5696K)->5624K(5696K) Class: 481K(512K)->481K(512K)
[152.034s][info][gc          ] GC(680) Pause Young (Allocation Failure) 398M->285M(395M) 2.229ms
[152.034s][info][gc,cpu      ] GC(680) User=0.00s Sys=0.00s Real=0.00s
[152.256s][info][gc,start    ] GC(681) Pause Young (Allocation Failure)
[152.258s][info][gc,heap     ] GC(681) PSYoungGen: 112832K(113152K)->786K(110592K) Eden: 112640K(112640K)->0K(109568K) From: 192K(512K)->786K(1024K)
[152.258s][info][gc,heap     ] GC(681) ParOldGen: 291839K(291840K)->291991K(292352K)
[152.258s][info][gc,metaspace] GC(681) Metaspace: 6105K(6208K)->6105K(6208K) NonClass: 5624K(5696K)->5624K(5696K) Class: 481K(512K)->481K(512K)
[152.258s][info][gc          ] GC(681) Pause Young (Allocation Failure) 395M->285M(393M) 2.159ms
[152.259s][info][gc,cpu      ] GC(681) User=0.01s Sys=0.00s Real=0.00s
[152.469s][info][gc,start    ] GC(682) Pause Young (Allocation Failure)
[152.471s][info][gc,heap     ] GC(682) PSYoungGen: 110354K(110592K)->416K(107008K) Eden: 109568K(109568K)->0K(106496K) From: 786K(1024K)->416K(512K)
[152.471s][info][gc,heap     ] GC(682) ParOldGen: 291991K(292352K)->292410K(292864K)
[152.471s][info][gc,metaspace] GC(682) Metaspace: 6105K(6208K)->6105K(6208K) NonClass: 5624K(5696K)->5624K(5696K) Class: 481K(512K)->481K(512K)
[152.471s][info][gc          ] GC(682) Pause Young (Allocation Failure) 392M->285M(390M) 2.035ms
[152.471s][info][gc,cpu      ] GC(682) User=0.00s Sys=0.00s Real=0.01s
[152.682s][info][gc,start    ] GC(683) Pause Young (Allocation Failure)
[152.684s][info][gc,heap     ] GC(683) PSYoungGen: 106912K(107008K)->466K(103936K) Eden: 106496K(106496K)->0K(103424K) From: 416K(512K)->466K(512K)
[152.684s][info][gc,heap     ] GC(683) ParOldGen: 292410K(292864K)->292789K(292864K)
[152.684s][info][gc,metaspace] GC(683) Metaspace: 6105K(6208K)->6105K(6208K) NonClass: 5624K(5696K)->5624K(5696K) Class: 481K(512K)->481K(512K)
[152.684s][info][gc          ] GC(683) Pause Young (Allocation Failure) 389M->286M(387M) 2.190ms
[152.684s][info][gc,cpu      ] GC(683) User=0.00s Sys=0.00s Real=0.00s
[152.884s][info][gc,start    ] GC(684) Pause Young (Allocation Failure)
[152.886s][info][gc,heap     ] GC(684) PSYoungGen: 103890K(103936K)->448K(101888K) Eden: 103424K(103424K)->0K(100352K) From: 466K(512K)->448K(1536K)
[152.886s][info][gc,heap     ] GC(684) ParOldGen: 292789K(292864K)->293227K(293376K)
[152.886s][info][gc,metaspace] GC(684) Metaspace: 6105K(6208K)->6105K(6208K) NonClass: 5624K(5696K)->5624K(5696K) Class: 481K(512K)->481K(512K)
[152.886s][info][gc          ] GC(684) Pause Young (Allocation Failure) 387M->286M(386M) 2.135ms
[152.886s][info][gc,cpu      ] GC(684) User=0.00s Sys=0.00s Real=0.00s
[153.088s][info][gc,start    ] GC(685) Pause Young (Allocation Failure)
[153.090s][info][gc,heap     ] GC(685) PSYoungGen: 100800K(101888K)->466K(98304K) Eden: 100352K(100352K)->0K(97792K) From: 448K(1536K)->466K(512K)
[153.090s][info][gc,heap     ] GC(685) ParOldGen: 293227K(293376K)->293658K(293888K)
[153.090s][info][gc,metaspace] GC(685) Metaspace: 6105K(6208K)->6105K(6208K) NonClass: 5624K(5696K)->5624K(5696K) Class: 481K(512K)->481K(512K)
[153.090s][info][gc          ] GC(685) Pause Young (Allocation Failure) 384M->287M(383M) 2.301ms
[153.090s][info][gc,cpu      ] GC(685) User=0.01s Sys=0.00s Real=0.00s
[153.281s][info][gc,start    ] GC(686) Pause Young (Allocation Failure)
[153.283s][info][gc,heap     ] GC(686) PSYoungGen: 98258K(98304K)->722K(96256K) Eden: 97792K(97792K)->0K(95232K) From: 466K(512K)->722K(1024K)
[153.283s][info][gc,heap     ] GC(686) ParOldGen: 293658K(293888K)->293754K(293888K)
[153.283s][info][gc,metaspace] GC(686) Metaspace: 6105K(6208K)->6105K(6208K) NonClass: 5624K(5696K)->5624K(5696K) Class: 481K(512K)->481K(512K)
[153.283s][info][gc          ] GC(686) Pause Young (Allocation Failure) 382M->287M(381M) 1.675ms
[153.283s][info][gc,cpu      ] GC(686) User=0.00s Sys=0.00s Real=0.00s
[153.459s][info][gc,start    ] GC(687) Pause Young (Allocation Failure)
[153.462s][info][gc,heap     ] GC(687) PSYoungGen: 95954K(96256K)->192K(93184K) Eden: 95232K(95232K)->0K(92672K) From: 722K(1024K)->192K(512K)
[153.462s][info][gc,heap     ] GC(687) ParOldGen: 293754K(293888K)->294439K(294912K)
[153.462s][info][gc,metaspace] GC(687) Metaspace: 6105K(6208K)->6105K(6208K) NonClass: 5624K(5696K)->5624K(5696K) Class: 481K(512K)->481K(512K)
[153.462s][info][gc          ] GC(687) Pause Young (Allocation Failure) 380M->287M(379M) 2.306ms
[153.462s][info][gc,cpu      ] GC(687) User=0.00s Sys=0.00s Real=0.01s
[153.626s][info][gc,start    ] GC(688) Pause Young (Allocation Failure)
[153.627s][info][gc,heap     ] GC(688) PSYoungGen: 92864K(93184K)->754K(91136K) Eden: 92672K(92672K)->0K(90112K) From: 192K(512K)->754K(1024K)
[153.627s][info][gc,heap     ] GC(688) ParOldGen: 294439K(294912K)->294583K(294912K)
[153.627s][info][gc,metaspace] GC(688) Metaspace: 6105K(6208K)->6105K(6208K) NonClass: 5624K(5696K)->5624K(5696K) Class: 481K(512K)->481K(512K)
[153.627s][info][gc          ] GC(688) Pause Young (Allocation Failure) 378M->288M(377M) 1.823ms
[153.627s][info][gc,cpu      ] GC(688) User=0.00s Sys=0.00s Real=0.00s
[153.762s][info][gc,start    ] GC(689) Pause Young (Allocation Failure)
[153.764s][info][gc,heap     ] GC(689) PSYoungGen: 90866K(91136K)->416K(109056K) Eden: 90112K(90112K)->0K(108544K) From: 754K(1024K)->416K(512K)
[153.764s][info][gc,heap     ] GC(689) ParOldGen: 294583K(294912K)->294962K(295424K)
[153.764s][info][gc,metaspace] GC(689) Metaspace: 6105K(6208K)->6105K(6208K) NonClass: 5624K(5696K)->5624K(5696K) Class: 481K(512K)->481K(512K)
[153.764s][info][gc          ] GC(689) Pause Young (Allocation Failure) 376M->288M(395M) 2.174ms
[153.764s][info][gc,cpu      ] GC(689) User=0.00s Sys=0.00s Real=0.00s
[153.929s][info][gc,start    ] GC(690) Pause Young (Allocation Failure)
[153.931s][info][gc,heap     ] GC(690) PSYoungGen: 108960K(109056K)->498K(132096K) Eden: 108544K(108544K)->0K(130560K) From: 416K(512K)->498K(1536K)
[153.931s][info][gc,heap     ] GC(690) ParOldGen: 294962K(295424K)->295344K(295424K)
[153.931s][info][gc,metaspace] GC(690) Metaspace: 6105K(6208K)->6105K(6208K) NonClass: 5624K(5696K)->5624K(5696K) Class: 481K(512K)->481K(512K)
[153.931s][info][gc          ] GC(690) Pause Young (Allocation Failure) 394M->288M(417M) 1.962ms
[153.931s][info][gc,cpu      ] GC(690) User=0.00s Sys=0.00s Real=0.01s
[154.145s][info][gc,start    ] GC(691) Pause Young (Allocation Failure)
[154.148s][info][gc,heap     ] GC(691) PSYoungGen: 131058K(132096K)->512K(157184K) Eden: 130560K(130560K)->0K(156672K) From: 498K(1536K)->512K(512K)
[154.148s][info][gc,heap     ] GC(691) ParOldGen: 295344K(295424K)->295791K(295936K)
[154.148s][info][gc,metaspace] GC(691) Metaspace: 6105K(6208K)->6105K(6208K) NonClass: 5624K(5696K)->5624K(5696K) Class: 481K(512K)->481K(512K)
[154.148s][info][gc          ] GC(691) Pause Young (Allocation Failure) 416M->289M(442M) 2.409ms
[154.148s][info][gc,cpu      ] GC(691) User=0.00s Sys=0.00s Real=0.00s
[154.382s][info][gc,start    ] GC(692) Pause Young (Allocation Failure)
[154.384s][info][gc,heap     ] GC(692) PSYoungGen: 157184K(157184K)->786K(175616K) Eden: 156672K(156672K)->0K(174592K) From: 512K(512K)->786K(1024K)
[154.384s][info][gc,heap     ] GC(692) ParOldGen: 295791K(295936K)->295935K(295936K)
[154.384s][info][gc,metaspace] GC(692) Metaspace: 6105K(6208K)->6105K(6208K) NonClass: 5624K(5696K)->5624K(5696K) Class: 481K(512K)->481K(512K)
[154.384s][info][gc          ] GC(692) Pause Young (Allocation Failure) 442M->289M(460M) 2.119ms
[154.384s][info][gc,cpu      ] GC(692) User=0.00s Sys=0.00s Real=0.00s
[154.623s][info][gc,start    ] GC(693) Pause Young (Allocation Failure)
[154.625s][info][gc,heap     ] GC(693) PSYoungGen: 175378K(175616K)->704K(169472K) Eden: 174592K(174592K)->0K(168448K) From: 786K(1024K)->704K(1024K)
[154.625s][info][gc,heap     ] GC(693) ParOldGen: 295935K(295936K)->295975K(296448K)
[154.625s][info][gc,metaspace] GC(693) Metaspace: 6105K(6208K)->6105K(6208K) NonClass: 5624K(5696K)->5624K(5696K) Class: 481K(512K)->481K(512K)
[154.625s][info][gc          ] GC(693) Pause Young (Allocation Failure) 460M->289M(455M) 2.254ms
[154.625s][info][gc,cpu      ] GC(693) User=0.00s Sys=0.00s Real=0.00s
[154.869s][info][gc,start    ] GC(694) Pause Young (Allocation Failure)
[154.870s][info][gc,heap     ] GC(694) PSYoungGen: 169152K(169472K)->608K(163840K) Eden: 168448K(168448K)->0K(162816K) From: 704K(1024K)->608K(1024K)
[154.870s][info][gc,heap     ] GC(694) ParOldGen: 295975K(296448K)->295975K(296448K)
[154.870s][info][gc,metaspace] GC(694) Metaspace: 6105K(6208K)->6105K(6208K) NonClass: 5624K(5696K)->5624K(5696K) Class: 481K(512K)->481K(512K)
[154.870s][info][gc          ] GC(694) Pause Young (Allocation Failure) 454M->289M(449M) 1.464ms
[154.870s][info][gc,cpu      ] GC(694) User=0.00s Sys=0.00s Real=0.00s
[155.094s][info][gc,start    ] GC(695) Pause Young (Allocation Failure)
[155.095s][info][gc,heap     ] GC(695) PSYoungGen: 163424K(163840K)->416K(157696K) Eden: 162816K(162816K)->0K(157184K) From: 608K(1024K)->416K(512K)
[155.096s][info][gc,heap     ] GC(695) ParOldGen: 295975K(296448K)->296274K(296448K)
[155.096s][info][gc,metaspace] GC(695) Metaspace: 6105K(6208K)->6105K(6208K) NonClass: 5624K(5696K)->5624K(5696K) Class: 481K(512K)->481K(512K)
[155.096s][info][gc          ] GC(695) Pause Young (Allocation Failure) 448M->289M(443M) 1.796ms
[155.096s][info][gc,cpu      ] GC(695) User=0.01s Sys=0.00s Real=0.00s
[155.326s][info][gc,start    ] GC(696) Pause Young (Allocation Failure)
[155.328s][info][gc,heap     ] GC(696) PSYoungGen: 157600K(157696K)->512K(153088K) Eden: 157184K(157184K)->0K(152064K) From: 416K(512K)->512K(1024K)
[155.328s][info][gc,heap     ] GC(696) ParOldGen: 296274K(296448K)->296648K(296960K)
[155.328s][info][gc,metaspace] GC(696) Metaspace: 6105K(6208K)->6105K(6208K) NonClass: 5624K(5696K)->5624K(5696K) Class: 481K(512K)->481K(512K)
[155.328s][info][gc          ] GC(696) Pause Young (Allocation Failure) 443M->290M(439M) 2.764ms
[155.328s][info][gc,cpu      ] GC(696) User=0.01s Sys=0.00s Real=0.00s
[155.549s][info][gc,start    ] GC(697) Pause Young (Allocation Failure)
[155.551s][info][gc,heap     ] GC(697) PSYoungGen: 152576K(153088K)->754K(147968K) Eden: 152064K(152064K)->0K(146944K) From: 512K(1024K)->754K(1024K)
[155.551s][info][gc,heap     ] GC(697) ParOldGen: 296648K(296960K)->296784K(296960K)
[155.551s][info][gc,metaspace] GC(697) Metaspace: 6105K(6208K)->6105K(6208K) NonClass: 5624K(5696K)->5624K(5696K) Class: 481K(512K)->481K(512K)
[155.551s][info][gc          ] GC(697) Pause Young (Allocation Failure) 438M->290M(434M) 2.225ms
[155.551s][info][gc,cpu      ] GC(697) User=0.01s Sys=0.00s Real=0.01s
[155.766s][info][gc,start    ] GC(698) Pause Young (Allocation Failure)
[155.768s][info][gc,heap     ] GC(698) PSYoungGen: 147698K(147968K)->672K(143360K) Eden: 146944K(146944K)->0K(142336K) From: 754K(1024K)->672K(1024K)
[155.768s][info][gc,heap     ] GC(698) ParOldGen: 296784K(296960K)->296848K(296960K)
[155.768s][info][gc,metaspace] GC(698) Metaspace: 6105K(6208K)->6105K(6208K) NonClass: 5624K(5696K)->5624K(5696K) Class: 481K(512K)->481K(512K)
[155.768s][info][gc          ] GC(698) Pause Young (Allocation Failure) 434M->290M(430M) 1.830ms
[155.768s][info][gc,cpu      ] GC(698) User=0.01s Sys=0.00s Real=0.00s
[155.968s][info][gc,start    ] GC(699) Pause Young (Allocation Failure)
[155.970s][info][gc,heap     ] GC(699) PSYoungGen: 143008K(143360K)->480K(138240K) Eden: 142336K(142336K)->0K(137728K) From: 672K(1024K)->480K(512K)
[155.970s][info][gc,heap     ] GC(699) ParOldGen: 296848K(296960K)->297155K(297472K)
[155.970s][info][gc,metaspace] GC(699) Metaspace: 6105K(6208K)->6105K(6208K) NonClass: 5624K(5696K)->5624K(5696K) Class: 481K(512K)->481K(512K)
[155.970s][info][gc          ] GC(699) Pause Young (Allocation Failure) 429M->290M(425M) 2.009ms
[155.970s][info][gc,cpu      ] GC(699) User=0.00s Sys=0.00s Real=0.00s
[156.161s][info][gc,start    ] GC(700) Pause Young (Allocation Failure)
[156.164s][info][gc,heap     ] GC(700) PSYoungGen: 138208K(138240K)->768K(134144K) Eden: 137728K(137728K)->0K(133120K) From: 480K(512K)->768K(1024K)
[156.164s][info][gc,heap     ] GC(700) ParOldGen: 297155K(297472K)->297227K(297472K)
[156.164s][info][gc,metaspace] GC(700) Metaspace: 6105K(6208K)->6105K(6208K) NonClass: 5624K(5696K)->5624K(5696K) Class: 481K(512K)->481K(512K)
[156.164s][info][gc          ] GC(700) Pause Young (Allocation Failure) 425M->291M(421M) 2.152ms
[156.164s][info][gc,cpu      ] GC(700) User=0.00s Sys=0.01s Real=0.00s
[156.337s][info][gc,start    ] GC(701) Pause Young (Allocation Failure)
[156.339s][info][gc,heap     ] GC(701) PSYoungGen: 133888K(134144K)->768K(130048K) Eden: 133120K(133120K)->0K(129024K) From: 768K(1024K)->768K(1024K)
[156.339s][info][gc,heap     ] GC(701) ParOldGen: 297227K(297472K)->297291K(297472K)
[156.339s][info][gc,metaspace] GC(701) Metaspace: 6105K(6208K)->6105K(6208K) NonClass: 5624K(5696K)->5624K(5696K) Class: 481K(512K)->481K(512K)
[156.339s][info][gc          ] GC(701) Pause Young (Allocation Failure) 421M->291M(417M) 1.537ms
[156.339s][info][gc,cpu      ] GC(701) User=0.01s Sys=0.00s Real=0.00s
[156.510s][info][gc,start    ] GC(702) Pause Young (Allocation Failure)
[156.512s][info][gc,heap     ] GC(702) PSYoungGen: 129792K(130048K)->768K(125952K) Eden: 129024K(129024K)->0K(124928K) From: 768K(1024K)->768K(1024K)
[156.512s][info][gc,heap     ] GC(702) ParOldGen: 297291K(297472K)->297291K(297472K)
[156.512s][info][gc,metaspace] GC(702) Metaspace: 6105K(6208K)->6105K(6208K) NonClass: 5624K(5696K)->5624K(5696K) Class: 481K(512K)->481K(512K)
[156.512s][info][gc          ] GC(702) Pause Young (Allocation Failure) 417M->291M(413M) 1.427ms
[156.512s][info][gc,cpu      ] GC(702) User=0.01s Sys=0.00s Real=0.01s
[156.665s][info][gc,start    ] GC(703) Pause Young (Allocation Failure)
[156.667s][info][gc,heap     ] GC(703) PSYoungGen: 125696K(125952K)->512K(121344K) Eden: 124928K(124928K)->0K(120832K) From: 768K(1024K)->512K(512K)
[156.667s][info][gc,heap     ] GC(703) ParOldGen: 297291K(297472K)->297483K(297984K)
[156.667s][info][gc,metaspace] GC(703) Metaspace: 6105K(6208K)->6105K(6208K) NonClass: 5624K(5696K)->5624K(5696K) Class: 481K(512K)->481K(512K)
[156.667s][info][gc          ] GC(703) Pause Young (Allocation Failure) 413M->291M(409M) 1.492ms
[156.667s][info][gc,cpu      ] GC(703) User=0.00s Sys=0.00s Real=0.00s
[156.797s][info][gc,start    ] GC(704) Pause Young (Allocation Failure)
[156.798s][info][gc,heap     ] GC(704) PSYoungGen: 121344K(121344K)->704K(118272K) Eden: 120832K(120832K)->0K(117248K) From: 512K(512K)->704K(1024K)
[156.798s][info][gc,heap     ] GC(704) ParOldGen: 297483K(297984K)->297483K(297984K)
[156.798s][info][gc,metaspace] GC(704) Metaspace: 6105K(6208K)->6105K(6208K) NonClass: 5624K(5696K)->5624K(5696K) Class: 481K(512K)->481K(512K)
[156.798s][info][gc          ] GC(704) Pause Young (Allocation Failure) 409M->291M(406M) 1.539ms
[156.798s][info][gc,cpu      ] GC(704) User=0.00s Sys=0.00s Real=0.00s
[156.962s][info][gc,start    ] GC(705) Pause Young (Allocation Failure)
[156.963s][info][gc,heap     ] GC(705) PSYoungGen: 117952K(118272K)->640K(114688K) Eden: 117248K(117248K)->0K(113664K) From: 704K(1024K)->640K(1024K)
[156.964s][info][gc,heap     ] GC(705) ParOldGen: 297483K(297984K)->297491K(297984K)
[156.964s][info][gc,metaspace] GC(705) Metaspace: 6105K(6208K)->6105K(6208K) NonClass: 5624K(5696K)->5624K(5696K) Class: 481K(512K)->481K(512K)
[156.964s][info][gc          ] GC(705) Pause Young (Allocation Failure) 405M->291M(403M) 1.263ms
[156.964s][info][gc,cpu      ] GC(705) User=0.00s Sys=0.00s Real=0.00s
[157.099s][info][gc,start    ] GC(706) Pause Young (Allocation Failure)
[157.100s][info][gc,heap     ] GC(706) PSYoungGen: 114304K(114688K)->832K(111104K) Eden: 113664K(113664K)->0K(110080K) From: 640K(1024K)->832K(1024K)
[157.100s][info][gc,heap     ] GC(706) ParOldGen: 297491K(297984K)->297491K(297984K)
[157.100s][info][gc,metaspace] GC(706) Metaspace: 6105K(6208K)->6105K(6208K) NonClass: 5624K(5696K)->5624K(5696K) Class: 481K(512K)->481K(512K)
[157.100s][info][gc          ] GC(706) Pause Young (Allocation Failure) 402M->291M(399M) 1.624ms
[157.100s][info][gc,cpu      ] GC(706) User=0.00s Sys=0.00s Real=0.00s
[157.245s][info][gc,start    ] GC(707) Pause Young (Allocation Failure)
[157.246s][info][gc,heap     ] GC(707) PSYoungGen: 110912K(111104K)->512K(107520K) Eden: 110080K(110080K)->0K(107008K) From: 832K(1024K)->512K(512K)
[157.246s][info][gc,heap     ] GC(707) ParOldGen: 297491K(297984K)->297651K(297984K)
[157.246s][info][gc,metaspace] GC(707) Metaspace: 6105K(6208K)->6105K(6208K) NonClass: 5624K(5696K)->5624K(5696K) Class: 481K(512K)->481K(512K)
[157.246s][info][gc          ] GC(707) Pause Young (Allocation Failure) 398M->291M(396M) 1.363ms
[157.246s][info][gc,cpu      ] GC(707) User=0.00s Sys=0.00s Real=0.00s
[157.370s][info][gc,start    ] GC(708) Pause Young (Allocation Failure)
[157.372s][info][gc,heap     ] GC(708) PSYoungGen: 107520K(107520K)->818K(129536K) Eden: 107008K(107008K)->0K(128512K) From: 512K(512K)->818K(1024K)
[157.372s][info][gc,heap     ] GC(708) ParOldGen: 297651K(297984K)->297651K(297984K)
[157.372s][info][gc,metaspace] GC(708) Metaspace: 6105K(6208K)->6105K(6208K) NonClass: 5624K(5696K)->5624K(5696K) Class: 481K(512K)->481K(512K)
[157.372s][info][gc          ] GC(708) Pause Young (Allocation Failure) 395M->291M(417M) 1.942ms
[157.372s][info][gc,cpu      ] GC(708) User=0.00s Sys=0.00s Real=0.01s
[157.502s][info][gc,start    ] GC(709) Pause Young (Allocation Failure)
[157.503s][info][gc,heap     ] GC(709) PSYoungGen: 129330K(129536K)->672K(125440K) Eden: 128512K(128512K)->0K(124416K) From: 818K(1024K)->672K(1024K)
[157.503s][info][gc,heap     ] GC(709) ParOldGen: 297651K(297984K)->297683K(297984K)
[157.503s][info][gc,metaspace] GC(709) Metaspace: 6105K(6208K)->6105K(6208K) NonClass: 5624K(5696K)->5624K(5696K) Class: 481K(512K)->481K(512K)
[157.503s][info][gc          ] GC(709) Pause Young (Allocation Failure) 416M->291M(413M) 1.338ms
[157.503s][info][gc,cpu      ] GC(709) User=0.00s Sys=0.00s Real=0.00s
[157.633s][info][gc,start    ] GC(710) Pause Young (Allocation Failure)
[157.635s][info][gc,heap     ] GC(710) PSYoungGen: 125088K(125440K)->768K(121856K) Eden: 124416K(124416K)->0K(120832K) From: 672K(1024K)->768K(1024K)
[157.635s][info][gc,heap     ] GC(710) ParOldGen: 297683K(297984K)->297683K(297984K)
[157.635s][info][gc,metaspace] GC(710) Metaspace: 6105K(6208K)->6105K(6208K) NonClass: 5624K(5696K)->5624K(5696K) Class: 481K(512K)->481K(512K)
[157.635s][info][gc          ] GC(710) Pause Young (Allocation Failure) 412M->291M(410M) 1.568ms
[157.635s][info][gc,cpu      ] GC(710) User=0.00s Sys=0.00s Real=0.00s
[157.758s][info][gc,start    ] GC(711) Pause Young (Allocation Failure)
[157.760s][info][gc,heap     ] GC(711) PSYoungGen: 121600K(121856K)->512K(145920K) Eden: 120832K(120832K)->0K(145408K) From: 768K(1024K)->512K(512K)
[157.760s][info][gc,heap     ] GC(711) ParOldGen: 297683K(297984K)->297931K(297984K)
[157.760s][info][gc,metaspace] GC(711) Metaspace: 6105K(6208K)->6105K(6208K) NonClass: 5624K(5696K)->5624K(5696K) Class: 481K(512K)->481K(512K)
[157.760s][info][gc          ] GC(711) Pause Young (Allocation Failure) 409M->291M(433M) 1.684ms
[157.760s][info][gc,cpu      ] GC(711) User=0.01s Sys=0.00s Real=0.00s
[157.906s][info][gc,start    ] GC(712) Pause Young (Allocation Failure)
[157.908s][info][gc,heap     ] GC(712) PSYoungGen: 145920K(145920K)->704K(175616K) Eden: 145408K(145408K)->0K(174592K) From: 512K(512K)->704K(1024K)
[157.908s][info][gc,heap     ] GC(712) ParOldGen: 297931K(297984K)->297931K(297984K)
[157.908s][info][gc,metaspace] GC(712) Metaspace: 6105K(6208K)->6105K(6208K) NonClass: 5624K(5696K)->5624K(5696K) Class: 481K(512K)->481K(512K)
[157.908s][info][gc          ] GC(712) Pause Young (Allocation Failure) 433M->291M(462M) 1.598ms
[157.908s][info][gc,cpu      ] GC(712) User=0.00s Sys=0.00s Real=0.00s
[158.100s][info][gc,start    ] GC(713) Pause Young (Allocation Failure)
[158.102s][info][gc,heap     ] GC(713) PSYoungGen: 175296K(175616K)->768K(169472K) Eden: 174592K(174592K)->0K(168448K) From: 704K(1024K)->768K(1024K)
[158.102s][info][gc,heap     ] GC(713) ParOldGen: 297931K(297984K)->297947K(297984K)
[158.102s][info][gc,metaspace] GC(713) Metaspace: 6105K(6208K)->6105K(6208K) NonClass: 5624K(5696K)->5624K(5696K) Class: 481K(512K)->481K(512K)
[158.102s][info][gc          ] GC(713) Pause Young (Allocation Failure) 462M->291M(456M) 1.628ms
[158.102s][info][gc,cpu      ] GC(713) User=0.00s Sys=0.00s Real=0.01s
[158.301s][info][gc,start    ] GC(714) Pause Young (Allocation Failure)
[158.303s][info][gc,heap     ] GC(714) PSYoungGen: 169216K(169472K)->736K(163840K) Eden: 168448K(168448K)->0K(162816K) From: 768K(1024K)->736K(1024K)
[158.303s][info][gc,heap     ] GC(714) ParOldGen: 297947K(297984K)->297947K(297984K)
[158.303s][info][gc,metaspace] GC(714) Metaspace: 6105K(6208K)->6105K(6208K) NonClass: 5624K(5696K)->5624K(5696K) Class: 481K(512K)->481K(512K)
[158.303s][info][gc          ] GC(714) Pause Young (Allocation Failure) 456M->291M(451M) 1.754ms
[158.303s][info][gc,cpu      ] GC(714) User=0.01s Sys=0.00s Real=0.00s
[158.493s][info][gc,start    ] GC(715) Pause Young (Allocation Failure)
[158.495s][info][gc,heap     ] GC(715) PSYoungGen: 163552K(163840K)->512K(157696K) Eden: 162816K(162816K)->0K(157184K) From: 736K(1024K)->512K(512K)
[158.495s][info][gc,heap     ] GC(715) ParOldGen: 297947K(297984K)->298083K(298496K)
[158.495s][info][gc,metaspace] GC(715) Metaspace: 6105K(6208K)->6105K(6208K) NonClass: 5624K(5696K)->5624K(5696K) Class: 481K(512K)->481K(512K)
[158.495s][info][gc          ] GC(715) Pause Young (Allocation Failure) 450M->291M(445M) 1.349ms
[158.495s][info][gc,cpu      ] GC(715) User=0.01s Sys=0.00s Real=0.00s
[158.678s][info][gc,start    ] GC(716) Pause Young (Allocation Failure)
[158.679s][info][gc,heap     ] GC(716) PSYoungGen: 157696K(157696K)->704K(153088K) Eden: 157184K(157184K)->0K(152064K) From: 512K(512K)->704K(1024K)
[158.679s][info][gc,heap     ] GC(716) ParOldGen: 298083K(298496K)->298083K(298496K)
[158.679s][info][gc,metaspace] GC(716) Metaspace: 6105K(6208K)->6105K(6208K) NonClass: 5624K(5696K)->5624K(5696K) Class: 481K(512K)->481K(512K)
[158.679s][info][gc          ] GC(716) Pause Young (Allocation Failure) 445M->291M(441M) 1.575ms
[158.679s][info][gc,cpu      ] GC(716) User=0.00s Sys=0.00s Real=0.00s
[158.855s][info][gc,start    ] GC(717) Pause Young (Allocation Failure)
[158.856s][info][gc,heap     ] GC(717) PSYoungGen: 152768K(153088K)->768K(147968K) Eden: 152064K(152064K)->0K(146944K) From: 704K(1024K)->768K(1024K)
[158.856s][info][gc,heap     ] GC(717) ParOldGen: 298083K(298496K)->298115K(298496K)
[158.856s][info][gc,metaspace] GC(717) Metaspace: 6105K(6208K)->6105K(6208K) NonClass: 5624K(5696K)->5624K(5696K) Class: 481K(512K)->481K(512K)
[158.856s][info][gc          ] GC(717) Pause Young (Allocation Failure) 440M->291M(436M) 1.784ms
[158.856s][info][gc,cpu      ] GC(717) User=0.00s Sys=0.00s Real=0.00s
[159.032s][info][gc,start    ] GC(718) Pause Young (Allocation Failure)
[159.033s][info][gc,heap     ] GC(718) PSYoungGen: 147712K(147968K)->672K(143360K) Eden: 146944K(146944K)->0K(142336K) From: 768K(1024K)->672K(1024K)
[159.033s][info][gc,heap     ] GC(718) ParOldGen: 298115K(298496K)->298115K(298496K)
[159.033s][info][gc,metaspace] GC(718) Metaspace: 6105K(6208K)->6105K(6208K) NonClass: 5624K(5696K)->5624K(5696K) Class: 481K(512K)->481K(512K)
[159.033s][info][gc          ] GC(718) Pause Young (Allocation Failure) 435M->291M(431M) 1.515ms
[159.033s][info][gc,cpu      ] GC(718) User=0.00s Sys=0.00s Real=0.00s
[159.193s][info][gc,start    ] GC(719) Pause Young (Allocation Failure)
[159.195s][info][gc,heap     ] GC(719) PSYoungGen: 143008K(143360K)->512K(138240K) Eden: 142336K(142336K)->0K(137728K) From: 672K(1024K)->512K(512K)
[159.195s][info][gc,heap     ] GC(719) ParOldGen: 298115K(298496K)->298307K(298496K)
[159.195s][info][gc,metaspace] GC(719) Metaspace: 6105K(6208K)->6105K(6208K) NonClass: 5624K(5696K)->5624K(5696K) Class: 481K(512K)->481K(512K)
[159.195s][info][gc          ] GC(719) Pause Young (Allocation Failure) 430M->291M(426M) 1.647ms
[159.195s][info][gc,cpu      ] GC(719) User=0.00s Sys=0.00s Real=0.00s
[159.361s][info][gc,start    ] GC(720) Pause Young (Allocation Failure)
[159.362s][info][gc,heap     ] GC(720) PSYoungGen: 138240K(138240K)->722K(134144K) Eden: 137728K(137728K)->0K(133120K) From: 512K(512K)->722K(1024K)
[159.362s][info][gc,heap     ] GC(720) ParOldGen: 298307K(298496K)->298307K(298496K)
[159.362s][info][gc,metaspace] GC(720) Metaspace: 6105K(6208K)->6105K(6208K) NonClass: 5624K(5696K)->5624K(5696K) Class: 481K(512K)->481K(512K)
[159.362s][info][gc          ] GC(720) Pause Young (Allocation Failure) 426M->292M(422M) 1.745ms
[159.362s][info][gc,cpu      ] GC(720) User=0.00s Sys=0.00s Real=0.00s
[159.521s][info][gc,start    ] GC(721) Pause Young (Allocation Failure)
[159.523s][info][gc,heap     ] GC(721) PSYoungGen: 133842K(134144K)->640K(130048K) Eden: 133120K(133120K)->0K(129024K) From: 722K(1024K)->640K(1024K)
[159.523s][info][gc,heap     ] GC(721) ParOldGen: 298307K(298496K)->298347K(298496K)
[159.523s][info][gc,metaspace] GC(721) Metaspace: 6105K(6208K)->6105K(6208K) NonClass: 5624K(5696K)->5624K(5696K) Class: 481K(512K)->481K(512K)
[159.523s][info][gc          ] GC(721) Pause Young (Allocation Failure) 422M->291M(418M) 1.216ms
[159.523s][info][gc,cpu      ] GC(721) User=0.00s Sys=0.00s Real=0.00s
[159.677s][info][gc,start    ] GC(722) Pause Young (Allocation Failure)
[159.678s][info][gc,heap     ] GC(722) PSYoungGen: 129664K(130048K)->640K(125952K) Eden: 129024K(129024K)->0K(124928K) From: 640K(1024K)->640K(1024K)
[159.678s][info][gc,heap     ] GC(722) ParOldGen: 298347K(298496K)->298347K(298496K)
[159.678s][info][gc,metaspace] GC(722) Metaspace: 6105K(6208K)->6105K(6208K) NonClass: 5624K(5696K)->5624K(5696K) Class: 481K(512K)->481K(512K)
[159.678s][info][gc          ] GC(722) Pause Young (Allocation Failure) 417M->291M(414M) 1.222ms
[159.678s][info][gc,cpu      ] GC(722) User=0.01s Sys=0.00s Real=0.00s
[159.832s][info][gc,start    ] GC(723) Pause Young (Allocation Failure)
[159.834s][info][gc,heap     ] GC(723) PSYoungGen: 125568K(125952K)->512K(121344K) Eden: 124928K(124928K)->0K(120832K) From: 640K(1024K)->512K(512K)
[159.834s][info][gc,heap     ] GC(723) ParOldGen: 298347K(298496K)->298515K(299008K)
[159.834s][info][gc,metaspace] GC(723) Metaspace: 6105K(6208K)->6105K(6208K) NonClass: 5624K(5696K)->5624K(5696K) Class: 481K(512K)->481K(512K)
[159.834s][info][gc          ] GC(723) Pause Young (Allocation Failure) 413M->292M(410M) 1.495ms
[159.834s][info][gc,cpu      ] GC(723) User=0.00s Sys=0.00s Real=0.00s
[159.981s][info][gc,start    ] GC(724) Pause Young (Allocation Failure)
[159.982s][info][gc,heap     ] GC(724) PSYoungGen: 121344K(121344K)->736K(118272K) Eden: 120832K(120832K)->0K(117248K) From: 512K(512K)->736K(1024K)
[159.982s][info][gc,heap     ] GC(724) ParOldGen: 298515K(299008K)->298515K(299008K)
[159.982s][info][gc,metaspace] GC(724) Metaspace: 6105K(6208K)->6105K(6208K) NonClass: 5624K(5696K)->5624K(5696K) Class: 481K(512K)->481K(512K)
[159.982s][info][gc          ] GC(724) Pause Young (Allocation Failure) 410M->292M(407M) 1.507ms
[159.982s][info][gc,cpu      ] GC(724) User=0.00s Sys=0.00s Real=0.00s
[160.126s][info][gc,start    ] GC(725) Pause Young (Allocation Failure)
[160.128s][info][gc,heap     ] GC(725) PSYoungGen: 117984K(118272K)->800K(114688K) Eden: 117248K(117248K)->0K(113664K) From: 736K(1024K)->800K(1024K)
[160.128s][info][gc,heap     ] GC(725) ParOldGen: 298515K(299008K)->298531K(299008K)
[160.128s][info][gc,metaspace] GC(725) Metaspace: 6105K(6208K)->6105K(6208K) NonClass: 5624K(5696K)->5624K(5696K) Class: 481K(512K)->481K(512K)
[160.128s][info][gc          ] GC(725) Pause Young (Allocation Failure) 406M->292M(404M) 1.532ms
[160.128s][info][gc,cpu      ] GC(725) User=0.00s Sys=0.00s Real=0.00s
[160.267s][info][gc,start    ] GC(726) Pause Young (Allocation Failure)
[160.269s][info][gc,heap     ] GC(726) PSYoungGen: 114464K(114688K)->466K(110592K) Eden: 113664K(113664K)->0K(110080K) From: 800K(1024K)->466K(512K)
[160.269s][info][gc,heap     ] GC(726) ParOldGen: 298531K(299008K)->298531K(299008K)
[160.269s][info][gc,metaspace] GC(726) Metaspace: 6105K(6208K)->6105K(6208K) NonClass: 5624K(5696K)->5624K(5696K) Class: 481K(512K)->481K(512K)
[160.269s][info][gc          ] GC(726) Pause Young (Allocation Failure) 403M->291M(400M) 2.153ms
[160.269s][info][gc,cpu      ] GC(726) User=0.00s Sys=0.00s Real=0.00s
[160.404s][info][gc,start    ] GC(727) Pause Young (Allocation Failure)
[160.406s][info][gc,heap     ] GC(727) PSYoungGen: 110546K(110592K)->754K(133120K) Eden: 110080K(110080K)->0K(132096K) From: 466K(512K)->754K(1024K)
[160.406s][info][gc,heap     ] GC(727) ParOldGen: 298531K(299008K)->298531K(299008K)
[160.406s][info][gc,metaspace] GC(727) Metaspace: 6105K(6208K)->6105K(6208K) NonClass: 5624K(5696K)->5624K(5696K) Class: 481K(512K)->481K(512K)
[160.406s][info][gc          ] GC(727) Pause Young (Allocation Failure) 399M->292M(422M) 2.350ms
[160.406s][info][gc,cpu      ] GC(727) User=0.00s Sys=0.00s Real=0.00s
[160.567s][info][gc,start    ] GC(728) Pause Young (Allocation Failure)
[160.569s][info][gc,heap     ] GC(728) PSYoungGen: 132850K(133120K)->690K(159744K) Eden: 132096K(132096K)->0K(158720K) From: 754K(1024K)->690K(1024K)
[160.569s][info][gc,heap     ] GC(728) ParOldGen: 298531K(299008K)->298531K(299008K)
[160.569s][info][gc,metaspace] GC(728) Metaspace: 6105K(6208K)->6105K(6208K) NonClass: 5624K(5696K)->5624K(5696K) Class: 481K(512K)->481K(512K)
[160.569s][info][gc          ] GC(728) Pause Young (Allocation Failure) 421M->292M(448M) 2.792ms
[160.569s][info][gc,cpu      ] GC(728) User=0.00s Sys=0.00s Real=0.00s
[160.767s][info][gc,start    ] GC(729) Pause Young (Allocation Failure)
[160.769s][info][gc,heap     ] GC(729) PSYoungGen: 159410K(159744K)->498K(184320K) Eden: 158720K(158720K)->0K(183808K) From: 690K(1024K)->498K(512K)
[160.769s][info][gc,heap     ] GC(729) ParOldGen: 298531K(299008K)->298651K(299008K)
[160.769s][info][gc,metaspace] GC(729) Metaspace: 6105K(6208K)->6105K(6208K) NonClass: 5624K(5696K)->5624K(5696K) Class: 481K(512K)->481K(512K)
[160.769s][info][gc          ] GC(729) Pause Young (Allocation Failure) 447M->292M(472M) 2.309ms
[160.769s][info][gc,cpu      ] GC(729) User=0.00s Sys=0.00s Real=0.00s
[161.007s][info][gc,start    ] GC(730) Pause Young (Allocation Failure)
[161.010s][info][gc,heap     ] GC(730) PSYoungGen: 184306K(184320K)->709K(184832K) Eden: 183808K(183808K)->0K(183808K) From: 498K(512K)->709K(1024K)
[161.010s][info][gc,heap     ] GC(730) ParOldGen: 298651K(299008K)->298651K(299008K)
[161.010s][info][gc,metaspace] GC(730) Metaspace: 6105K(6208K)->6105K(6208K) NonClass: 5624K(5696K)->5624K(5696K) Class: 481K(512K)->481K(512K)
[161.010s][info][gc          ] GC(730) Pause Young (Allocation Failure) 471M->292M(472M) 2.406ms
[161.010s][info][gc,cpu      ] GC(730) User=0.00s Sys=0.00s Real=0.00s
[161.245s][info][gc,start    ] GC(731) Pause Young (Allocation Failure)
[161.248s][info][gc,heap     ] GC(731) PSYoungGen: 184517K(184832K)->690K(221696K) Eden: 183808K(183808K)->0K(220672K) From: 709K(1024K)->690K(1024K)
[161.248s][info][gc,heap     ] GC(731) ParOldGen: 298651K(299008K)->298707K(299008K)
[161.248s][info][gc,metaspace] GC(731) Metaspace: 6105K(6208K)->6105K(6208K) NonClass: 5624K(5696K)->5624K(5696K) Class: 481K(512K)->481K(512K)
[161.248s][info][gc          ] GC(731) Pause Young (Allocation Failure) 471M->292M(508M) 2.955ms
[161.248s][info][gc,cpu      ] GC(731) User=0.00s Sys=0.00s Real=0.00s
[161.542s][info][gc,start    ] GC(732) Pause Young (Allocation Failure)
[161.544s][info][gc,heap     ] GC(732) PSYoungGen: 221362K(221696K)->704K(213504K) Eden: 220672K(220672K)->0K(212480K) From: 690K(1024K)->704K(1024K)
[161.544s][info][gc,heap     ] GC(732) ParOldGen: 298707K(299008K)->298707K(299008K)
[161.544s][info][gc,metaspace] GC(732) Metaspace: 6105K(6208K)->6105K(6208K) NonClass: 5624K(5696K)->5624K(5696K) Class: 481K(512K)->481K(512K)
[161.544s][info][gc          ] GC(732) Pause Young (Allocation Failure) 507M->292M(500M) 1.836ms
[161.544s][info][gc,cpu      ] GC(732) User=0.00s Sys=0.00s Real=0.00s
[161.794s][info][gc,start    ] GC(733) Pause Young (Allocation Failure)
[161.795s][info][gc,heap     ] GC(733) PSYoungGen: 213184K(213504K)->512K(205312K) Eden: 212480K(212480K)->0K(204800K) From: 704K(1024K)->512K(512K)
[161.795s][info][gc,heap     ] GC(733) ParOldGen: 298707K(299008K)->298851K(299008K)
[161.795s][info][gc,metaspace] GC(733) Metaspace: 6105K(6208K)->6105K(6208K) NonClass: 5624K(5696K)->5624K(5696K) Class: 481K(512K)->481K(512K)
[161.795s][info][gc          ] GC(733) Pause Young (Allocation Failure) 499M->292M(492M) 1.527ms
[161.795s][info][gc,cpu      ] GC(733) User=0.01s Sys=0.00s Real=0.00s
[162.061s][info][gc,start    ] GC(734) Pause Young (Allocation Failure)
[162.064s][info][gc,heap     ] GC(734) PSYoungGen: 205312K(205312K)->832K(198144K) Eden: 204800K(204800K)->0K(197120K) From: 512K(512K)->832K(1024K)
[162.064s][info][gc,heap     ] GC(734) ParOldGen: 298851K(299008K)->298851K(299008K)
[162.064s][info][gc,metaspace] GC(734) Metaspace: 6105K(6208K)->6105K(6208K) NonClass: 5624K(5696K)->5624K(5696K) Class: 481K(512K)->481K(512K)
[162.064s][info][gc          ] GC(734) Pause Young (Allocation Failure) 492M->292M(485M) 2.264ms
[162.064s][info][gc,cpu      ] GC(734) User=0.00s Sys=0.01s Real=0.00s
[162.334s][info][gc,start    ] GC(735) Pause Young (Allocation Failure)
[162.336s][info][gc,heap     ] GC(735) PSYoungGen: 197952K(198144K)->704K(190976K) Eden: 197120K(197120K)->0K(189952K) From: 832K(1024K)->704K(1024K)
[162.336s][info][gc,heap     ] GC(735) ParOldGen: 298851K(299008K)->298883K(299008K)
[162.336s][info][gc,metaspace] GC(735) Metaspace: 6105K(6208K)->6105K(6208K) NonClass: 5624K(5696K)->5624K(5696K) Class: 481K(512K)->481K(512K)
[162.336s][info][gc          ] GC(735) Pause Young (Allocation Failure) 485M->292M(478M) 1.546ms
[162.336s][info][gc,cpu      ] GC(735) User=0.01s Sys=0.00s Real=0.00s
[162.626s][info][gc,start    ] GC(736) Pause Young (Allocation Failure)
[162.627s][info][gc,heap     ] GC(736) PSYoungGen: 190656K(190976K)->704K(184320K) Eden: 189952K(189952K)->0K(183296K) From: 704K(1024K)->704K(1024K)
[162.627s][info][gc,heap     ] GC(736) ParOldGen: 298883K(299008K)->298883K(299008K)
[162.627s][info][gc,metaspace] GC(736) Metaspace: 6105K(6208K)->6105K(6208K) NonClass: 5624K(5696K)->5624K(5696K) Class: 481K(512K)->481K(512K)
[162.627s][info][gc          ] GC(736) Pause Young (Allocation Failure) 478M->292M(472M) 1.452ms
[162.627s][info][gc,cpu      ] GC(736) User=0.00s Sys=0.00s Real=0.00s
[162.935s][info][gc,start    ] GC(737) Pause Young (Allocation Failure)
[162.937s][info][gc,heap     ] GC(737) PSYoungGen: 184000K(184320K)->512K(177152K) Eden: 183296K(183296K)->0K(176640K) From: 704K(1024K)->512K(512K)
[162.937s][info][gc,heap     ] GC(737) ParOldGen: 298883K(299008K)->299083K(299520K)
[162.937s][info][gc,metaspace] GC(737) Metaspace: 6105K(6208K)->6105K(6208K) NonClass: 5624K(5696K)->5624K(5696K) Class: 481K(512K)->481K(512K)
[162.937s][info][gc          ] GC(737) Pause Young (Allocation Failure) 471M->292M(465M) 1.733ms
[162.937s][info][gc,cpu      ] GC(737) User=0.00s Sys=0.00s Real=0.00s
[163.238s][info][gc,start    ] GC(738) Pause Young (Allocation Failure)
[163.240s][info][gc,heap     ] GC(738) PSYoungGen: 177152K(177152K)->768K(171520K) Eden: 176640K(176640K)->0K(170496K) From: 512K(512K)->768K(1024K)
[163.240s][info][gc,heap     ] GC(738) ParOldGen: 299083K(299520K)->299083K(299520K)
[163.240s][info][gc,metaspace] GC(738) Metaspace: 6105K(6208K)->6105K(6208K) NonClass: 5624K(5696K)->5624K(5696K) Class: 481K(512K)->481K(512K)
[163.240s][info][gc          ] GC(738) Pause Young (Allocation Failure) 465M->292M(460M) 1.582ms
[163.240s][info][gc,cpu      ] GC(738) User=0.00s Sys=0.00s Real=0.00s
[163.495s][info][gc,start    ] GC(739) Pause Young (Allocation Failure)
[163.496s][info][gc,heap     ] GC(739) PSYoungGen: 171264K(171520K)->768K(165376K) Eden: 170496K(170496K)->0K(164352K) From: 768K(1024K)->768K(1024K)
[163.496s][info][gc,heap     ] GC(739) ParOldGen: 299083K(299520K)->299091K(299520K)
[163.496s][info][gc,metaspace] GC(739) Metaspace: 6105K(6208K)->6105K(6208K) NonClass: 5624K(5696K)->5624K(5696K) Class: 481K(512K)->481K(512K)
[163.496s][info][gc          ] GC(739) Pause Young (Allocation Failure) 459M->292M(454M) 1.387ms
[163.496s][info][gc,cpu      ] GC(739) User=0.01s Sys=0.00s Real=0.00s
[163.719s][info][gc,start    ] GC(740) Pause Young (Allocation Failure)
[163.721s][info][gc,heap     ] GC(740) PSYoungGen: 165120K(165376K)->736K(159744K) Eden: 164352K(164352K)->0K(158720K) From: 768K(1024K)->736K(1024K)
[163.721s][info][gc,heap     ] GC(740) ParOldGen: 299091K(299520K)->299091K(299520K)
[163.721s][info][gc,metaspace] GC(740) Metaspace: 6105K(6208K)->6105K(6208K) NonClass: 5624K(5696K)->5624K(5696K) Class: 481K(512K)->481K(512K)
[163.721s][info][gc          ] GC(740) Pause Young (Allocation Failure) 453M->292M(448M) 1.343ms
[163.721s][info][gc,cpu      ] GC(740) User=0.00s Sys=0.00s Real=0.01s
[163.932s][info][gc,start    ] GC(741) Pause Young (Allocation Failure)
[163.933s][info][gc,heap     ] GC(741) PSYoungGen: 159456K(159744K)->512K(154112K) Eden: 158720K(158720K)->0K(153600K) From: 736K(1024K)->512K(512K)
[163.933s][info][gc,heap     ] GC(741) ParOldGen: 299091K(299520K)->299275K(299520K)
[163.933s][info][gc,metaspace] GC(741) Metaspace: 6105K(6208K)->6105K(6208K) NonClass: 5624K(5696K)->5624K(5696K) Class: 481K(512K)->481K(512K)
[163.933s][info][gc          ] GC(741) Pause Young (Allocation Failure) 447M->292M(443M) 1.441ms
[163.933s][info][gc,cpu      ] GC(741) User=0.01s Sys=0.00s Real=0.00s
[164.137s][info][gc,start    ] GC(742) Pause Young (Allocation Failure)
[164.138s][info][gc,heap     ] GC(742) PSYoungGen: 154112K(154112K)->672K(149504K) Eden: 153600K(153600K)->0K(148480K) From: 512K(512K)->672K(1024K)
[164.138s][info][gc,heap     ] GC(742) ParOldGen: 299275K(299520K)->299275K(299520K)
[164.138s][info][gc,metaspace] GC(742) Metaspace: 6105K(6208K)->6105K(6208K) NonClass: 5624K(5696K)->5624K(5696K) Class: 481K(512K)->481K(512K)
[164.138s][info][gc          ] GC(742) Pause Young (Allocation Failure) 442M->292M(438M) 1.304ms
[164.138s][info][gc,cpu      ] GC(742) User=0.00s Sys=0.00s Real=0.00s
[164.341s][info][gc,start    ] GC(743) Pause Young (Allocation Failure)
[164.342s][info][gc,heap     ] GC(743) PSYoungGen: 149152K(149504K)->736K(144384K) Eden: 148480K(148480K)->0K(143360K) From: 672K(1024K)->736K(1024K)
[164.342s][info][gc,heap     ] GC(743) ParOldGen: 299275K(299520K)->299283K(299520K)
[164.342s][info][gc,metaspace] GC(743) Metaspace: 6105K(6208K)->6105K(6208K) NonClass: 5624K(5696K)->5624K(5696K) Class: 481K(512K)->481K(512K)
[164.342s][info][gc          ] GC(743) Pause Young (Allocation Failure) 437M->292M(433M) 1.397ms
[164.342s][info][gc,cpu      ] GC(743) User=0.00s Sys=0.00s Real=0.00s
[164.536s][info][gc,start    ] GC(744) Pause Young (Allocation Failure)
[164.537s][info][gc,heap     ] GC(744) PSYoungGen: 144096K(144384K)->704K(139776K) Eden: 143360K(143360K)->0K(138752K) From: 736K(1024K)->704K(1024K)
[164.537s][info][gc,heap     ] GC(744) ParOldGen: 299283K(299520K)->299283K(299520K)
[164.537s][info][gc,metaspace] GC(744) Metaspace: 6105K(6208K)->6105K(6208K) NonClass: 5624K(5696K)->5624K(5696K) Class: 481K(512K)->481K(512K)
[164.537s][info][gc          ] GC(744) Pause Young (Allocation Failure) 432M->292M(429M) 1.354ms
[164.537s][info][gc,cpu      ] GC(744) User=0.00s Sys=0.00s Real=0.00s
[164.728s][info][gc,start    ] GC(745) Pause Young (Allocation Failure)
[164.729s][info][gc,heap     ] GC(745) PSYoungGen: 139456K(139776K)->512K(134656K) Eden: 138752K(138752K)->0K(134144K) From: 704K(1024K)->512K(512K)
[164.729s][info][gc,heap     ] GC(745) ParOldGen: 299283K(299520K)->299419K(299520K)
[164.729s][info][gc,metaspace] GC(745) Metaspace: 6105K(6208K)->6105K(6208K) NonClass: 5624K(5696K)->5624K(5696K) Class: 481K(512K)->481K(512K)
[164.729s][info][gc          ] GC(745) Pause Young (Allocation Failure) 428M->292M(424M) 1.304ms
[164.729s][info][gc,cpu      ] GC(745) User=0.00s Sys=0.00s Real=0.00s
[164.913s][info][gc,start    ] GC(746) Pause Young (Allocation Failure)
[164.915s][info][gc,heap     ] GC(746) PSYoungGen: 134656K(134656K)->704K(131072K) Eden: 134144K(134144K)->0K(130048K) From: 512K(512K)->704K(1024K)
[164.915s][info][gc,heap     ] GC(746) ParOldGen: 299419K(299520K)->299419K(299520K)
[164.915s][info][gc,metaspace] GC(746) Metaspace: 6105K(6208K)->6105K(6208K) NonClass: 5624K(5696K)->5624K(5696K) Class: 481K(512K)->481K(512K)
[164.915s][info][gc          ] GC(746) Pause Young (Allocation Failure) 423M->293M(420M) 1.573ms
[164.915s][info][gc,cpu      ] GC(746) User=0.00s Sys=0.00s Real=0.00s
[165.102s][info][gc,start    ] GC(747) Pause Young (Allocation Failure)
[165.104s][info][gc,heap     ] GC(747) PSYoungGen: 130752K(131072K)->384K(126464K) Eden: 130048K(130048K)->0K(125952K) From: 704K(1024K)->384K(512K)
[165.104s][info][gc,heap     ] GC(747) ParOldGen: 299419K(299520K)->299451K(299520K)
[165.104s][info][gc,metaspace] GC(747) Metaspace: 6105K(6208K)->6105K(6208K) NonClass: 5624K(5696K)->5624K(5696K) Class: 481K(512K)->481K(512K)
[165.104s][info][gc          ] GC(747) Pause Young (Allocation Failure) 420M->292M(416M) 1.253ms
[165.104s][info][gc,cpu      ] GC(747) User=0.00s Sys=0.00s Real=0.00s
[165.284s][info][gc,start    ] GC(748) Pause Young (Allocation Failure)
[165.285s][info][gc,heap     ] GC(748) PSYoungGen: 126336K(126464K)->736K(122880K) Eden: 125952K(125952K)->0K(121856K) From: 384K(512K)->736K(1024K)
[165.285s][info][gc,heap     ] GC(748) ParOldGen: 299451K(299520K)->299451K(299520K)
[165.285s][info][gc,metaspace] GC(748) Metaspace: 6105K(6208K)->6105K(6208K) NonClass: 5624K(5696K)->5624K(5696K) Class: 481K(512K)->481K(512K)
[165.285s][info][gc          ] GC(748) Pause Young (Allocation Failure) 415M->293M(412M) 1.461ms
[165.285s][info][gc,cpu      ] GC(748) User=0.00s Sys=0.00s Real=0.00s
[165.492s][info][gc,start    ] GC(749) Pause Young (Allocation Failure)
[165.493s][info][gc,heap     ] GC(749) PSYoungGen: 122592K(122880K)->704K(119296K) Eden: 121856K(121856K)->0K(118272K) From: 736K(1024K)->704K(1024K)
[165.493s][info][gc,heap     ] GC(749) ParOldGen: 299451K(299520K)->299451K(299520K)
[165.493s][info][gc,metaspace] GC(749) Metaspace: 6105K(6208K)->6105K(6208K) NonClass: 5624K(5696K)->5624K(5696K) Class: 481K(512K)->481K(512K)
[165.493s][info][gc          ] GC(749) Pause Young (Allocation Failure) 412M->293M(409M) 1.376ms
[165.493s][info][gc,cpu      ] GC(749) User=0.00s Sys=0.00s Real=0.00s
[165.702s][info][gc,start    ] GC(750) Pause Young (Allocation Failure)
[165.703s][info][gc,heap     ] GC(750) PSYoungGen: 118976K(119296K)->640K(115712K) Eden: 118272K(118272K)->0K(114688K) From: 704K(1024K)->640K(1024K)
[165.703s][info][gc,heap     ] GC(750) ParOldGen: 299451K(299520K)->299451K(299520K)
[165.703s][info][gc,metaspace] GC(750) Metaspace: 6105K(6208K)->6105K(6208K) NonClass: 5624K(5696K)->5624K(5696K) Class: 481K(512K)->481K(512K)
[165.703s][info][gc          ] GC(750) Pause Young (Allocation Failure) 408M->293M(405M) 1.368ms
[165.703s][info][gc,cpu      ] GC(750) User=0.01s Sys=0.00s Real=0.00s
[165.916s][info][gc,start    ] GC(751) Pause Young (Allocation Failure)
[165.917s][info][gc,heap     ] GC(751) PSYoungGen: 115328K(115712K)->512K(111616K) Eden: 114688K(114688K)->0K(111104K) From: 640K(1024K)->512K(512K)
[165.917s][info][gc,heap     ] GC(751) ParOldGen: 299451K(299520K)->299627K(300032K)
[165.917s][info][gc,metaspace] GC(751) Metaspace: 6105K(6208K)->6105K(6208K) NonClass: 5624K(5696K)->5624K(5696K) Class: 481K(512K)->481K(512K)
[165.917s][info][gc          ] GC(751) Pause Young (Allocation Failure) 405M->293M(402M) 1.523ms
[165.917s][info][gc,cpu      ] GC(751) User=0.00s Sys=0.00s Real=0.00s
[166.128s][info][gc,start    ] GC(752) Pause Young (Allocation Failure)
[166.130s][info][gc,heap     ] GC(752) PSYoungGen: 111616K(111616K)->736K(109056K) Eden: 111104K(111104K)->0K(108032K) From: 512K(512K)->736K(1024K)
[166.130s][info][gc,heap     ] GC(752) ParOldGen: 299627K(300032K)->299627K(300032K)
[166.130s][info][gc,metaspace] GC(752) Metaspace: 6105K(6208K)->6105K(6208K) NonClass: 5624K(5696K)->5624K(5696K) Class: 481K(512K)->481K(512K)
[166.130s][info][gc          ] GC(752) Pause Young (Allocation Failure) 401M->293M(399M) 1.535ms
[166.130s][info][gc,cpu      ] GC(752) User=0.01s Sys=0.00s Real=0.00s
[166.340s][info][gc,start    ] GC(753) Pause Young (Allocation Failure)
[166.342s][info][gc,heap     ] GC(753) PSYoungGen: 108768K(109056K)->608K(105984K) Eden: 108032K(108032K)->0K(104960K) From: 736K(1024K)->608K(1024K)
[166.342s][info][gc,heap     ] GC(753) ParOldGen: 299627K(300032K)->299651K(300032K)
[166.342s][info][gc,metaspace] GC(753) Metaspace: 6105K(6208K)->6105K(6208K) NonClass: 5624K(5696K)->5624K(5696K) Class: 481K(512K)->481K(512K)
[166.342s][info][gc          ] GC(753) Pause Young (Allocation Failure) 398M->293M(396M) 2.159ms
[166.342s][info][gc,cpu      ] GC(753) User=0.01s Sys=0.00s Real=0.01s
[166.542s][info][gc,start    ] GC(754) Pause Young (Allocation Failure)
[166.546s][info][gc,heap     ] GC(754) PSYoungGen: 105568K(105984K)->160K(126464K) Eden: 104960K(104960K)->0K(125952K) From: 608K(1024K)->160K(512K)
[166.546s][info][gc,heap     ] GC(754) ParOldGen: 299651K(300032K)->300244K(300544K)
[166.546s][info][gc,metaspace] GC(754) Metaspace: 6105K(6208K)->6105K(6208K) NonClass: 5624K(5696K)->5624K(5696K) Class: 481K(512K)->481K(512K)
[166.546s][info][gc          ] GC(754) Pause Young (Allocation Failure) 395M->293M(417M) 4.138ms
[166.546s][info][gc,cpu      ] GC(754) User=0.00s Sys=0.00s Real=0.00s
[166.787s][info][gc,start    ] GC(755) Pause Young (Allocation Failure)
[166.789s][info][gc,heap     ] GC(755) PSYoungGen: 126112K(126464K)->914K(122880K) Eden: 125952K(125952K)->0K(121856K) From: 160K(512K)->914K(1024K)
[166.789s][info][gc,heap     ] GC(755) ParOldGen: 300244K(300544K)->300372K(300544K)
[166.789s][info][gc,metaspace] GC(755) Metaspace: 6105K(6208K)->6105K(6208K) NonClass: 5624K(5696K)->5624K(5696K) Class: 481K(512K)->481K(512K)
[166.789s][info][gc          ] GC(755) Pause Young (Allocation Failure) 416M->294M(413M) 2.184ms
[166.789s][info][gc,cpu      ] GC(755) User=0.01s Sys=0.00s Real=0.00s
[167.039s][info][gc,start    ] GC(756) Pause Young (Allocation Failure)
[167.041s][info][gc,heap     ] GC(756) PSYoungGen: 122770K(122880K)->704K(119296K) Eden: 121856K(121856K)->0K(118272K) From: 914K(1024K)->704K(1024K)
[167.041s][info][gc,heap     ] GC(756) ParOldGen: 300372K(300544K)->300516K(300544K)
[167.041s][info][gc,metaspace] GC(756) Metaspace: 6105K(6208K)->6105K(6208K) NonClass: 5624K(5696K)->5624K(5696K) Class: 481K(512K)->481K(512K)
[167.041s][info][gc          ] GC(756) Pause Young (Allocation Failure) 413M->294M(410M) 2.043ms
[167.041s][info][gc,cpu      ] GC(756) User=0.00s Sys=0.00s Real=0.01s
[167.278s][info][gc,start    ] GC(757) Pause Young (Allocation Failure)
[167.280s][info][gc,heap     ] GC(757) PSYoungGen: 118976K(119296K)->512K(115200K) Eden: 118272K(118272K)->0K(114688K) From: 704K(1024K)->512K(512K)
[167.280s][info][gc,heap     ] GC(757) ParOldGen: 300516K(300544K)->300756K(301056K)
[167.280s][info][gc,metaspace] GC(757) Metaspace: 6105K(6208K)->6105K(6208K) NonClass: 5624K(5696K)->5624K(5696K) Class: 481K(512K)->481K(512K)
[167.280s][info][gc          ] GC(757) Pause Young (Allocation Failure) 409M->294M(406M) 1.782ms
[167.280s][info][gc,cpu      ] GC(757) User=0.00s Sys=0.00s Real=0.00s
[167.554s][info][gc,start    ] GC(758) Pause Young (Allocation Failure)
[167.555s][info][gc,heap     ] GC(758) PSYoungGen: 115200K(115200K)->672K(112128K) Eden: 114688K(114688K)->0K(111104K) From: 512K(512K)->672K(1024K)
[167.555s][info][gc,heap     ] GC(758) ParOldGen: 300756K(301056K)->300756K(301056K)
[167.555s][info][gc,metaspace] GC(758) Metaspace: 6105K(6208K)->6105K(6208K) NonClass: 5624K(5696K)->5624K(5696K) Class: 481K(512K)->481K(512K)
[167.555s][info][gc          ] GC(758) Pause Young (Allocation Failure) 406M->294M(403M) 1.436ms
[167.555s][info][gc,cpu      ] GC(758) User=0.00s Sys=0.00s Real=0.00s
[167.798s][info][gc,start    ] GC(759) Pause Young (Allocation Failure)
[167.799s][info][gc,heap     ] GC(759) PSYoungGen: 111776K(112128K)->416K(108544K) Eden: 111104K(111104K)->0K(108032K) From: 672K(1024K)->416K(512K)
[167.799s][info][gc,heap     ] GC(759) ParOldGen: 300756K(301056K)->301091K(301568K)
[167.799s][info][gc,metaspace] GC(759) Metaspace: 6105K(6208K)->6105K(6208K) NonClass: 5624K(5696K)->5624K(5696K) Class: 481K(512K)->481K(512K)
[167.800s][info][gc          ] GC(759) Pause Young (Allocation Failure) 402M->294M(400M) 1.909ms
[167.800s][info][gc,cpu      ] GC(759) User=0.01s Sys=0.00s Real=0.00s
[168.045s][info][gc,start    ] GC(760) Pause Young (Allocation Failure)
[168.047s][info][gc,heap     ] GC(760) PSYoungGen: 108448K(108544K)->480K(105984K) Eden: 108032K(108032K)->0K(104960K) From: 416K(512K)->480K(1024K)
[168.047s][info][gc,heap     ] GC(760) ParOldGen: 301091K(301568K)->301469K(301568K)
[168.047s][info][gc,metaspace] GC(760) Metaspace: 6105K(6208K)->6105K(6208K) NonClass: 5624K(5696K)->5624K(5696K) Class: 481K(512K)->481K(512K)
[168.047s][info][gc          ] GC(760) Pause Young (Allocation Failure) 399M->294M(398M) 2.140ms
[168.047s][info][gc,cpu      ] GC(760) User=0.00s Sys=0.00s Real=0.00s
[168.294s][info][gc,start    ] GC(761) Pause Young (Allocation Failure)
[168.296s][info][gc,heap     ] GC(761) PSYoungGen: 105440K(105984K)->690K(102912K) Eden: 104960K(104960K)->0K(101888K) From: 480K(1024K)->690K(1024K)
[168.296s][info][gc,heap     ] GC(761) ParOldGen: 301469K(301568K)->301581K(302080K)
[168.296s][info][gc,metaspace] GC(761) Metaspace: 6105K(6208K)->6105K(6208K) NonClass: 5624K(5696K)->5624K(5696K) Class: 481K(512K)->481K(512K)
[168.296s][info][gc          ] GC(761) Pause Young (Allocation Failure) 397M->295M(395M) 1.793ms
[168.296s][info][gc,cpu      ] GC(761) User=0.00s Sys=0.00s Real=0.00s
[168.535s][info][gc,start    ] GC(762) Pause Young (Allocation Failure)
[168.537s][info][gc,heap     ] GC(762) PSYoungGen: 102578K(102912K)->416K(99328K) Eden: 101888K(101888K)->0K(98816K) From: 690K(1024K)->416K(512K)
[168.537s][info][gc,heap     ] GC(762) ParOldGen: 301581K(302080K)->301932K(302080K)
[168.537s][info][gc,metaspace] GC(762) Metaspace: 6105K(6208K)->6105K(6208K) NonClass: 5624K(5696K)->5624K(5696K) Class: 481K(512K)->481K(512K)
[168.537s][info][gc          ] GC(762) Pause Young (Allocation Failure) 394M->295M(392M) 1.925ms
[168.537s][info][gc,cpu      ] GC(762) User=0.00s Sys=0.00s Real=0.00s
[168.770s][info][gc,start    ] GC(763) Pause Young (Allocation Failure)
[168.772s][info][gc,heap     ] GC(763) PSYoungGen: 99232K(99328K)->736K(97280K) Eden: 98816K(98816K)->0K(96256K) From: 416K(512K)->736K(1024K)
[168.772s][info][gc,heap     ] GC(763) ParOldGen: 301932K(302080K)->302028K(302080K)
[168.772s][info][gc,metaspace] GC(763) Metaspace: 6105K(6208K)->6105K(6208K) NonClass: 5624K(5696K)->5624K(5696K) Class: 481K(512K)->481K(512K)
[168.772s][info][gc          ] GC(763) Pause Young (Allocation Failure) 391M->295M(390M) 1.784ms
[168.772s][info][gc,cpu      ] GC(763) User=0.00s Sys=0.00s Real=0.01s
[168.992s][info][gc,start    ] GC(764) Pause Young (Allocation Failure)
[168.994s][info][gc,heap     ] GC(764) PSYoungGen: 96992K(97280K)->416K(94208K) Eden: 96256K(96256K)->0K(93696K) From: 736K(1024K)->416K(512K)
[168.994s][info][gc,heap     ] GC(764) ParOldGen: 302028K(302080K)->302387K(302592K)
[168.994s][info][gc,metaspace] GC(764) Metaspace: 6105K(6208K)->6105K(6208K) NonClass: 5624K(5696K)->5624K(5696K) Class: 481K(512K)->481K(512K)
[168.994s][info][gc          ] GC(764) Pause Young (Allocation Failure) 389M->295M(387M) 2.030ms
[168.994s][info][gc,cpu      ] GC(764) User=0.00s Sys=0.00s Real=0.00s
[169.193s][info][gc,start    ] GC(765) Pause Young (Allocation Failure)
[169.197s][info][gc,heap     ] GC(765) PSYoungGen: 94112K(94208K)->754K(92160K) Eden: 93696K(93696K)->0K(91136K) From: 416K(512K)->754K(1024K)
[169.197s][info][gc,heap     ] GC(765) ParOldGen: 302387K(302592K)->302451K(302592K)
[169.197s][info][gc,metaspace] GC(765) Metaspace: 6105K(6208K)->6105K(6208K) NonClass: 5624K(5696K)->5624K(5696K) Class: 481K(512K)->481K(512K)
[169.197s][info][gc          ] GC(765) Pause Young (Allocation Failure) 387M->296M(385M) 3.390ms
[169.197s][info][gc,cpu      ] GC(765) User=0.00s Sys=0.00s Real=0.00s
[169.398s][info][gc,start    ] GC(766) Pause Young (Allocation Failure)
[169.400s][info][gc,heap     ] GC(766) PSYoungGen: 91890K(92160K)->352K(89088K) Eden: 91136K(91136K)->0K(88576K) From: 754K(1024K)->352K(512K)
[169.400s][info][gc,heap     ] GC(766) ParOldGen: 302451K(302592K)->302515K(302592K)
[169.400s][info][gc,metaspace] GC(766) Metaspace: 6105K(6208K)->6105K(6208K) NonClass: 5624K(5696K)->5624K(5696K) Class: 481K(512K)->481K(512K)
[169.400s][info][gc          ] GC(766) Pause Young (Allocation Failure) 385M->295M(382M) 1.632ms
[169.400s][info][gc,cpu      ] GC(766) User=0.01s Sys=0.00s Real=0.00s
[169.600s][info][gc,start    ] GC(767) Pause Young (Allocation Failure)
[169.603s][info][gc,heap     ] GC(767) PSYoungGen: 88928K(89088K)->448K(107008K) Eden: 88576K(88576K)->0K(106496K) From: 352K(512K)->448K(512K)
[169.603s][info][gc,heap     ] GC(767) ParOldGen: 302515K(302592K)->302853K(303104K)
[169.603s][info][gc,metaspace] GC(767) Metaspace: 6105K(6208K)->6105K(6208K) NonClass: 5624K(5696K)->5624K(5696K) Class: 481K(512K)->481K(512K)
[169.603s][info][gc          ] GC(767) Pause Young (Allocation Failure) 382M->296M(400M) 3.330ms
[169.603s][info][gc,cpu      ] GC(767) User=0.00s Sys=0.01s Real=0.01s
[169.846s][info][gc,start    ] GC(768) Pause Young (Allocation Failure)
[169.848s][info][gc,heap     ] GC(768) PSYoungGen: 106944K(107008K)->722K(104448K) Eden: 106496K(106496K)->0K(103424K) From: 448K(512K)->722K(1024K)
[169.848s][info][gc,heap     ] GC(768) ParOldGen: 302853K(303104K)->302909K(303104K)
[169.848s][info][gc,metaspace] GC(768) Metaspace: 6105K(6208K)->6105K(6208K) NonClass: 5624K(5696K)->5624K(5696K) Class: 481K(512K)->481K(512K)
[169.848s][info][gc          ] GC(768) Pause Young (Allocation Failure) 400M->296M(398M) 1.656ms
[169.848s][info][gc,cpu      ] GC(768) User=0.00s Sys=0.00s Real=0.00s
[170.084s][info][gc,start    ] GC(769) Pause Young (Allocation Failure)
[170.086s][info][gc,heap     ] GC(769) PSYoungGen: 104146K(104448K)->512K(100864K) Eden: 103424K(103424K)->0K(100352K) From: 722K(1024K)->512K(512K)
[170.086s][info][gc,heap     ] GC(769) ParOldGen: 302909K(303104K)->303248K(303616K)
[170.086s][info][gc,metaspace] GC(769) Metaspace: 6105K(6208K)->6105K(6208K) NonClass: 5624K(5696K)->5624K(5696K) Class: 481K(512K)->481K(512K)
[170.086s][info][gc          ] GC(769) Pause Young (Allocation Failure) 397M->296M(395M) 2.044ms
[170.086s][info][gc,cpu      ] GC(769) User=0.00s Sys=0.00s Real=0.00s
[170.330s][info][gc,start    ] GC(770) Pause Young (Allocation Failure)
[170.332s][info][gc,heap     ] GC(770) PSYoungGen: 100864K(100864K)->786K(98816K) Eden: 100352K(100352K)->0K(97792K) From: 512K(512K)->786K(1024K)
[170.332s][info][gc,heap     ] GC(770) ParOldGen: 303248K(303616K)->303328K(303616K)
[170.332s][info][gc,metaspace] GC(770) Metaspace: 6105K(6208K)->6105K(6208K) NonClass: 5624K(5696K)->5624K(5696K) Class: 481K(512K)->481K(512K)
[170.332s][info][gc          ] GC(770) Pause Young (Allocation Failure) 394M->296M(393M) 1.822ms
[170.332s][info][gc,cpu      ] GC(770) User=0.01s Sys=0.00s Real=0.01s
[170.574s][info][gc,start    ] GC(771) Pause Young (Allocation Failure)
[170.575s][info][gc,heap     ] GC(771) PSYoungGen: 98578K(98816K)->736K(96256K) Eden: 97792K(97792K)->0K(95232K) From: 786K(1024K)->736K(1024K)
[170.575s][info][gc,heap     ] GC(771) ParOldGen: 303328K(303616K)->303384K(303616K)
[170.575s][info][gc,metaspace] GC(771) Metaspace: 6105K(6208K)->6105K(6208K) NonClass: 5624K(5696K)->5624K(5696K) Class: 481K(512K)->481K(512K)
[170.575s][info][gc          ] GC(771) Pause Young (Allocation Failure) 392M->296M(390M) 1.721ms
[170.575s][info][gc,cpu      ] GC(771) User=0.00s Sys=0.00s Real=0.00s
[170.808s][info][gc,start    ] GC(772) Pause Young (Allocation Failure)
[170.809s][info][gc,heap     ] GC(772) PSYoungGen: 95968K(96256K)->736K(93696K) Eden: 95232K(95232K)->0K(92672K) From: 736K(1024K)->736K(1024K)
[170.809s][info][gc,heap     ] GC(772) ParOldGen: 303384K(303616K)->303384K(303616K)
[170.809s][info][gc,metaspace] GC(772) Metaspace: 6105K(6208K)->6105K(6208K) NonClass: 5624K(5696K)->5624K(5696K) Class: 481K(512K)->481K(512K)
[170.809s][info][gc          ] GC(772) Pause Young (Allocation Failure) 389M->296M(388M) 1.609ms
[170.809s][info][gc,cpu      ] GC(772) User=0.00s Sys=0.00s Real=0.00s
[171.021s][info][gc,start    ] GC(773) Pause Young (Allocation Failure)
[171.023s][info][gc,heap     ] GC(773) PSYoungGen: 93408K(93696K)->512K(90624K) Eden: 92672K(92672K)->0K(90112K) From: 736K(1024K)->512K(512K)
[171.023s][info][gc,heap     ] GC(773) ParOldGen: 303384K(303616K)->303576K(303616K)
[171.023s][info][gc,metaspace] GC(773) Metaspace: 6105K(6208K)->6105K(6208K) NonClass: 5624K(5696K)->5624K(5696K) Class: 481K(512K)->481K(512K)
[171.023s][info][gc          ] GC(773) Pause Young (Allocation Failure) 387M->296M(385M) 1.684ms
[171.023s][info][gc,cpu      ] GC(773) User=0.00s Sys=0.00s Real=0.00s
[171.220s][info][gc,start    ] GC(774) Pause Young (Allocation Failure)
[171.221s][info][gc,heap     ] GC(774) PSYoungGen: 90624K(90624K)->704K(88576K) Eden: 90112K(90112K)->0K(87552K) From: 512K(512K)->704K(1024K)
[171.221s][info][gc,heap     ] GC(774) ParOldGen: 303576K(303616K)->303576K(303616K)
[171.221s][info][gc,metaspace] GC(774) Metaspace: 6105K(6208K)->6105K(6208K) NonClass: 5624K(5696K)->5624K(5696K) Class: 481K(512K)->481K(512K)
[171.221s][info][gc          ] GC(774) Pause Young (Allocation Failure) 384M->297M(383M) 1.464ms
[171.221s][info][gc,cpu      ] GC(774) User=0.01s Sys=0.00s Real=0.01s
[171.393s][info][gc,start    ] GC(775) Pause Young (Allocation Failure)
[171.395s][info][gc,heap     ] GC(775) PSYoungGen: 88256K(88576K)->160K(86016K) Eden: 87552K(87552K)->0K(85504K) From: 704K(1024K)->160K(512K)
[171.395s][info][gc,heap     ] GC(775) ParOldGen: 303576K(303616K)->304233K(304640K)
[171.395s][info][gc,metaspace] GC(775) Metaspace: 6105K(6208K)->6105K(6208K) NonClass: 5624K(5696K)->5624K(5696K) Class: 481K(512K)->481K(512K)
[171.395s][info][gc          ] GC(775) Pause Young (Allocation Failure) 382M->297M(381M) 2.219ms
[171.395s][info][gc,cpu      ] GC(775) User=0.00s Sys=0.00s Real=0.00s
[171.558s][info][gc,start    ] GC(776) Pause Young (Allocation Failure)
[171.560s][info][gc,heap     ] GC(776) PSYoungGen: 85664K(86016K)->768K(212992K) Eden: 85504K(85504K)->0K(211456K) From: 160K(512K)->768K(1536K)
[171.560s][info][gc,heap     ] GC(776) ParOldGen: 304233K(304640K)->304361K(304640K)
[171.560s][info][gc,metaspace] GC(776) Metaspace: 6105K(6208K)->6105K(6208K) NonClass: 5624K(5696K)->5624K(5696K) Class: 481K(512K)->481K(512K)
[171.560s][info][gc          ] GC(776) Pause Young (Allocation Failure) 380M->297M(505M) 1.830ms
[171.560s][info][gc,cpu      ] GC(776) User=0.01s Sys=0.00s Real=0.00s
[171.973s][info][gc,start    ] GC(777) Pause Young (Allocation Failure)
[171.975s][info][gc,heap     ] GC(777) PSYoungGen: 212224K(212992K)->672K(204800K) Eden: 211456K(211456K)->0K(203776K) From: 768K(1536K)->672K(1024K)
[171.975s][info][gc,heap     ] GC(777) ParOldGen: 304361K(304640K)->304457K(304640K)
[171.975s][info][gc,metaspace] GC(777) Metaspace: 6105K(6208K)->6105K(6208K) NonClass: 5624K(5696K)->5624K(5696K) Class: 481K(512K)->481K(512K)
[171.975s][info][gc          ] GC(777) Pause Young (Allocation Failure) 504M->297M(497M) 1.834ms
[171.975s][info][gc,cpu      ] GC(777) User=0.00s Sys=0.00s Real=0.00s
[172.368s][info][gc,start    ] GC(778) Pause Young (Allocation Failure)
[172.370s][info][gc,heap     ] GC(778) PSYoungGen: 204448K(204800K)->672K(197632K) Eden: 203776K(203776K)->0K(196096K) From: 672K(1024K)->672K(1536K)
[172.370s][info][gc,heap     ] GC(778) ParOldGen: 304457K(304640K)->304457K(304640K)
[172.370s][info][gc,metaspace] GC(778) Metaspace: 6105K(6208K)->6105K(6208K) NonClass: 5624K(5696K)->5624K(5696K) Class: 481K(512K)->481K(512K)
[172.370s][info][gc          ] GC(778) Pause Young (Allocation Failure) 496M->297M(490M) 1.594ms
[172.370s][info][gc,cpu      ] GC(778) User=0.01s Sys=0.00s Real=0.00s
[172.741s][info][gc,start    ] GC(779) Pause Young (Allocation Failure)
[172.742s][info][gc,heap     ] GC(779) PSYoungGen: 196768K(197632K)->672K(189952K) Eden: 196096K(196096K)->0K(188928K) From: 672K(1536K)->672K(1024K)
[172.742s][info][gc,heap     ] GC(779) ParOldGen: 304457K(304640K)->304457K(304640K)
[172.742s][info][gc,metaspace] GC(779) Metaspace: 6105K(6208K)->6105K(6208K) NonClass: 5624K(5696K)->5624K(5696K) Class: 481K(512K)->481K(512K)
[172.742s][info][gc          ] GC(779) Pause Young (Allocation Failure) 489M->297M(483M) 1.380ms
[172.742s][info][gc,cpu      ] GC(779) User=0.01s Sys=0.00s Real=0.00s
[173.103s][info][gc,start    ] GC(780) Pause Young (Allocation Failure)
[173.104s][info][gc,heap     ] GC(780) PSYoungGen: 189600K(189952K)->640K(183296K) Eden: 188928K(188928K)->0K(182272K) From: 672K(1024K)->640K(1024K)
[173.104s][info][gc,heap     ] GC(780) ParOldGen: 304457K(304640K)->304457K(304640K)
[173.104s][info][gc,metaspace] GC(780) Metaspace: 6105K(6208K)->6105K(6208K) NonClass: 5624K(5696K)->5624K(5696K) Class: 481K(512K)->481K(512K)
[173.105s][info][gc          ] GC(780) Pause Young (Allocation Failure) 482M->297M(476M) 1.483ms
[173.105s][info][gc,cpu      ] GC(780) User=0.01s Sys=0.00s Real=0.00s
[173.439s][info][gc,start    ] GC(781) Pause Young (Allocation Failure)
[173.442s][info][gc,heap     ] GC(781) PSYoungGen: 182912K(183296K)->480K(176128K) Eden: 182272K(182272K)->0K(175616K) From: 640K(1024K)->480K(512K)
[173.442s][info][gc,heap     ] GC(781) ParOldGen: 304457K(304640K)->304756K(305152K)
[173.442s][info][gc,metaspace] GC(781) Metaspace: 6105K(6208K)->6105K(6208K) NonClass: 5624K(5696K)->5624K(5696K) Class: 481K(512K)->481K(512K)
[173.442s][info][gc          ] GC(781) Pause Young (Allocation Failure) 475M->298M(470M) 2.333ms
[173.442s][info][gc,cpu      ] GC(781) User=0.01s Sys=0.00s Real=0.01s
[173.843s][info][gc,start    ] GC(782) Pause Young (Allocation Failure)
[173.845s][info][gc,heap     ] GC(782) PSYoungGen: 176096K(176128K)->754K(170496K) Eden: 175616K(175616K)->0K(169472K) From: 480K(512K)->754K(1024K)
[173.845s][info][gc,heap     ] GC(782) ParOldGen: 304756K(305152K)->304876K(305152K)
[173.845s][info][gc,metaspace] GC(782) Metaspace: 6105K(6208K)->6105K(6208K) NonClass: 5624K(5696K)->5624K(5696K) Class: 481K(512K)->481K(512K)
[173.845s][info][gc          ] GC(782) Pause Young (Allocation Failure) 469M->298M(464M) 1.821ms
[173.845s][info][gc,cpu      ] GC(782) User=0.01s Sys=0.00s Real=0.00s
[174.159s][info][gc,start    ] GC(783) Pause Young (Allocation Failure)
[174.161s][info][gc,heap     ] GC(783) PSYoungGen: 170226K(170496K)->704K(164864K) Eden: 169472K(169472K)->0K(163840K) From: 754K(1024K)->704K(1024K)
[174.161s][info][gc,heap     ] GC(783) ParOldGen: 304876K(305152K)->304908K(305152K)
[174.161s][info][gc,metaspace] GC(783) Metaspace: 6105K(6208K)->6105K(6208K) NonClass: 5624K(5696K)->5624K(5696K) Class: 481K(512K)->481K(512K)
[174.161s][info][gc          ] GC(783) Pause Young (Allocation Failure) 463M->298M(459M) 1.686ms
[174.161s][info][gc,cpu      ] GC(783) User=0.01s Sys=0.00s Real=0.01s
[174.467s][info][gc,start    ] GC(784) Pause Young (Allocation Failure)
[174.468s][info][gc,heap     ] GC(784) PSYoungGen: 164544K(164864K)->704K(159232K) Eden: 163840K(163840K)->0K(158208K) From: 704K(1024K)->704K(1024K)
[174.468s][info][gc,heap     ] GC(784) ParOldGen: 304908K(305152K)->304908K(305152K)
[174.468s][info][gc,metaspace] GC(784) Metaspace: 6105K(6208K)->6105K(6208K) NonClass: 5624K(5696K)->5624K(5696K) Class: 481K(512K)->481K(512K)
[174.468s][info][gc          ] GC(784) Pause Young (Allocation Failure) 458M->298M(453M) 1.529ms
[174.468s][info][gc,cpu      ] GC(784) User=0.00s Sys=0.00s Real=0.00s
[174.784s][info][gc,start    ] GC(785) Pause Young (Allocation Failure)
[174.786s][info][gc,heap     ] GC(785) PSYoungGen: 158912K(159232K)->512K(153600K) Eden: 158208K(158208K)->0K(153088K) From: 704K(1024K)->512K(512K)
[174.786s][info][gc,heap     ] GC(785) ParOldGen: 304908K(305152K)->305052K(305152K)
[174.786s][info][gc,metaspace] GC(785) Metaspace: 6105K(6208K)->6105K(6208K) NonClass: 5624K(5696K)->5624K(5696K) Class: 481K(512K)->481K(512K)
[174.786s][info][gc          ] GC(785) Pause Young (Allocation Failure) 452M->298M(448M) 1.431ms
[174.786s][info][gc,cpu      ] GC(785) User=0.00s Sys=0.00s Real=0.00s
[175.085s][info][gc,start    ] GC(786) Pause Young (Allocation Failure)
[175.086s][info][gc,heap     ] GC(786) PSYoungGen: 153600K(153600K)->672K(148992K) Eden: 153088K(153088K)->0K(147968K) From: 512K(512K)->672K(1024K)
[175.086s][info][gc,heap     ] GC(786) ParOldGen: 305052K(305152K)->305052K(305152K)
[175.086s][info][gc,metaspace] GC(786) Metaspace: 6105K(6208K)->6105K(6208K) NonClass: 5624K(5696K)->5624K(5696K) Class: 481K(512K)->481K(512K)
[175.086s][info][gc          ] GC(786) Pause Young (Allocation Failure) 447M->298M(443M) 1.348ms
[175.086s][info][gc,cpu      ] GC(786) User=0.01s Sys=0.00s Real=0.00s
[175.370s][info][gc,start    ] GC(787) Pause Young (Allocation Failure)
[175.372s][info][gc,heap     ] GC(787) PSYoungGen: 148640K(148992K)->672K(143872K) Eden: 147968K(147968K)->0K(142848K) From: 672K(1024K)->672K(1024K)
[175.372s][info][gc,heap     ] GC(787) ParOldGen: 305052K(305152K)->305084K(305152K)
[175.372s][info][gc,metaspace] GC(787) Metaspace: 6105K(6208K)->6105K(6208K) NonClass: 5624K(5696K)->5624K(5696K) Class: 481K(512K)->481K(512K)
[175.372s][info][gc          ] GC(787) Pause Young (Allocation Failure) 443M->298M(438M) 1.546ms
[175.372s][info][gc,cpu      ] GC(787) User=0.00s Sys=0.00s Real=0.00s
[175.637s][info][gc,start    ] GC(788) Pause Young (Allocation Failure)
[175.639s][info][gc,heap     ] GC(788) PSYoungGen: 143520K(143872K)->448K(138752K) Eden: 142848K(142848K)->0K(138240K) From: 672K(1024K)->448K(512K)
[175.639s][info][gc,heap     ] GC(788) ParOldGen: 305084K(305152K)->305374K(305664K)
[175.639s][info][gc,metaspace] GC(788) Metaspace: 6105K(6208K)->6105K(6208K) NonClass: 5624K(5696K)->5624K(5696K) Class: 481K(512K)->481K(512K)
[175.639s][info][gc          ] GC(788) Pause Young (Allocation Failure) 438M->298M(434M) 2.015ms
[175.639s][info][gc,cpu      ] GC(788) User=0.00s Sys=0.00s Real=0.00s
[175.887s][info][gc,start    ] GC(789) Pause Young (Allocation Failure)
[175.889s][info][gc,heap     ] GC(789) PSYoungGen: 138688K(138752K)->754K(134656K) Eden: 138240K(138240K)->0K(133632K) From: 448K(512K)->754K(1024K)
[175.889s][info][gc,heap     ] GC(789) ParOldGen: 305374K(305664K)->305470K(305664K)
[175.889s][info][gc,metaspace] GC(789) Metaspace: 6105K(6208K)->6105K(6208K) NonClass: 5624K(5696K)->5624K(5696K) Class: 481K(512K)->481K(512K)
[175.889s][info][gc          ] GC(789) Pause Young (Allocation Failure) 433M->299M(430M) 1.810ms
[175.889s][info][gc,cpu      ] GC(789) User=0.00s Sys=0.00s Real=0.00s
[176.126s][info][gc,start    ] GC(790) Pause Young (Allocation Failure)
[176.127s][info][gc,heap     ] GC(790) PSYoungGen: 134386K(134656K)->704K(130560K) Eden: 133632K(133632K)->0K(129536K) From: 754K(1024K)->704K(1024K)
[176.127s][info][gc,heap     ] GC(790) ParOldGen: 305470K(305664K)->305534K(305664K)
[176.127s][info][gc,metaspace] GC(790) Metaspace: 6105K(6208K)->6105K(6208K) NonClass: 5624K(5696K)->5624K(5696K) Class: 481K(512K)->481K(512K)
[176.127s][info][gc          ] GC(790) Pause Young (Allocation Failure) 429M->299M(426M) 1.661ms
[176.127s][info][gc,cpu      ] GC(790) User=0.00s Sys=0.00s Real=0.00s
[176.341s][info][gc,start    ] GC(791) Pause Young (Allocation Failure)
[176.343s][info][gc,heap     ] GC(791) PSYoungGen: 130240K(130560K)->512K(125952K) Eden: 129536K(129536K)->0K(125440K) From: 704K(1024K)->512K(512K)
[176.343s][info][gc,heap     ] GC(791) ParOldGen: 305534K(305664K)->305766K(306176K)
[176.343s][info][gc,metaspace] GC(791) Metaspace: 6105K(6208K)->6105K(6208K) NonClass: 5624K(5696K)->5624K(5696K) Class: 481K(512K)->481K(512K)
[176.343s][info][gc          ] GC(791) Pause Young (Allocation Failure) 425M->299M(422M) 1.769ms
[176.343s][info][gc,cpu      ] GC(791) User=0.00s Sys=0.00s Real=0.00s
[176.544s][info][gc,start    ] GC(792) Pause Young (Allocation Failure)
[176.545s][info][gc,heap     ] GC(792) PSYoungGen: 125952K(125952K)->736K(122368K) Eden: 125440K(125440K)->0K(121344K) From: 512K(512K)->736K(1024K)
[176.545s][info][gc,heap     ] GC(792) ParOldGen: 305766K(306176K)->305766K(306176K)
[176.545s][info][gc,metaspace] GC(792) Metaspace: 6105K(6208K)->6105K(6208K) NonClass: 5624K(5696K)->5624K(5696K) Class: 481K(512K)->481K(512K)
[176.546s][info][gc          ] GC(792) Pause Young (Allocation Failure) 421M->299M(418M) 1.655ms
[176.546s][info][gc,cpu      ] GC(792) User=0.00s Sys=0.00s Real=0.00s
[176.733s][info][gc,start    ] GC(793) Pause Young (Allocation Failure)
[176.734s][info][gc,heap     ] GC(793) PSYoungGen: 122080K(122368K)->736K(118784K) Eden: 121344K(121344K)->0K(117760K) From: 736K(1024K)->736K(1024K)
[176.735s][info][gc,heap     ] GC(793) ParOldGen: 305766K(306176K)->305790K(306176K)
[176.735s][info][gc,metaspace] GC(793) Metaspace: 6105K(6208K)->6105K(6208K) NonClass: 5624K(5696K)->5624K(5696K) Class: 481K(512K)->481K(512K)
[176.735s][info][gc          ] GC(793) Pause Young (Allocation Failure) 417M->299M(415M) 1.743ms
[176.735s][info][gc,cpu      ] GC(793) User=0.01s Sys=0.01s Real=0.00s
[176.929s][info][gc,start    ] GC(794) Pause Young (Allocation Failure)
[176.930s][info][gc,heap     ] GC(794) PSYoungGen: 118496K(118784K)->640K(115200K) Eden: 117760K(117760K)->0K(114176K) From: 736K(1024K)->640K(1024K)
[176.930s][info][gc,heap     ] GC(794) ParOldGen: 305790K(306176K)->305790K(306176K)
[176.930s][info][gc,metaspace] GC(794) Metaspace: 6105K(6208K)->6105K(6208K) NonClass: 5624K(5696K)->5624K(5696K) Class: 481K(512K)->481K(512K)
[176.930s][info][gc          ] GC(794) Pause Young (Allocation Failure) 414M->299M(411M) 1.329ms
[176.930s][info][gc,cpu      ] GC(794) User=0.00s Sys=0.00s Real=0.00s
[177.153s][info][gc,start    ] GC(795) Pause Young (Allocation Failure)
[177.154s][info][gc,heap     ] GC(795) PSYoungGen: 114816K(115200K)->512K(111104K) Eden: 114176K(114176K)->0K(110592K) From: 640K(1024K)->512K(512K)
[177.154s][info][gc,heap     ] GC(795) ParOldGen: 305790K(306176K)->305950K(306176K)
[177.154s][info][gc,metaspace] GC(795) Metaspace: 6105K(6208K)->6105K(6208K) NonClass: 5624K(5696K)->5624K(5696K) Class: 481K(512K)->481K(512K)
[177.154s][info][gc          ] GC(795) Pause Young (Allocation Failure) 410M->299M(407M) 1.366ms
[177.154s][info][gc,cpu      ] GC(795) User=0.00s Sys=0.00s Real=0.00s
[177.364s][info][gc,start    ] GC(796) Pause Young (Allocation Failure)
[177.366s][info][gc,heap     ] GC(796) PSYoungGen: 111104K(111104K)->741K(108544K) Eden: 110592K(110592K)->0K(107520K) From: 512K(512K)->741K(1024K)
[177.366s][info][gc,heap     ] GC(796) ParOldGen: 305950K(306176K)->305950K(306176K)
[177.366s][info][gc,metaspace] GC(796) Metaspace: 6105K(6208K)->6105K(6208K) NonClass: 5624K(5696K)->5624K(5696K) Class: 481K(512K)->481K(512K)
[177.366s][info][gc          ] GC(796) Pause Young (Allocation Failure) 407M->299M(405M) 1.508ms
[177.366s][info][gc,cpu      ] GC(796) User=0.00s Sys=0.00s Real=0.00s
[177.579s][info][gc,start    ] GC(797) Pause Young (Allocation Failure)
[177.580s][info][gc,heap     ] GC(797) PSYoungGen: 108261K(108544K)->704K(105472K) Eden: 107520K(107520K)->0K(104448K) From: 741K(1024K)->704K(1024K)
[177.580s][info][gc,heap     ] GC(797) ParOldGen: 305950K(306176K)->305990K(306176K)
[177.580s][info][gc,metaspace] GC(797) Metaspace: 6105K(6208K)->6105K(6208K) NonClass: 5624K(5696K)->5624K(5696K) Class: 481K(512K)->481K(512K)
[177.580s][info][gc          ] GC(797) Pause Young (Allocation Failure) 404M->299M(402M) 1.544ms
[177.580s][info][gc,cpu      ] GC(797) User=0.00s Sys=0.00s Real=0.00s
[177.792s][info][gc,start    ] GC(798) Pause Young (Allocation Failure)
[177.794s][info][gc,heap     ] GC(798) PSYoungGen: 105152K(105472K)->416K(101888K) Eden: 104448K(104448K)->0K(101376K) From: 704K(1024K)->416K(512K)
[177.794s][info][gc,heap     ] GC(798) ParOldGen: 305990K(306176K)->306297K(306688K)
[177.794s][info][gc,metaspace] GC(798) Metaspace: 6105K(6208K)->6105K(6208K) NonClass: 5624K(5696K)->5624K(5696K) Class: 481K(512K)->481K(512K)
[177.794s][info][gc          ] GC(798) Pause Young (Allocation Failure) 401M->299M(399M) 2.010ms
[177.794s][info][gc,cpu      ] GC(798) User=0.01s Sys=0.00s Real=0.00s
[177.991s][info][gc,start    ] GC(799) Pause Young (Allocation Failure)
[177.994s][info][gc,heap     ] GC(799) PSYoungGen: 101792K(101888K)->466K(98816K) Eden: 101376K(101376K)->0K(98304K) From: 416K(512K)->466K(512K)
[177.994s][info][gc,heap     ] GC(799) ParOldGen: 306297K(306688K)->306712K(307200K)
[177.994s][info][gc,metaspace] GC(799) Metaspace: 6105K(6208K)->6105K(6208K) NonClass: 5624K(5696K)->5624K(5696K) Class: 481K(512K)->481K(512K)
[177.994s][info][gc          ] GC(799) Pause Young (Allocation Failure) 398M->299M(396M) 2.233ms
[177.994s][info][gc,cpu      ] GC(799) User=0.00s Sys=0.00s Real=0.00s
[178.196s][info][gc,start    ] GC(800) Pause Young (Allocation Failure)
[178.198s][info][gc,heap     ] GC(800) PSYoungGen: 98770K(98816K)->448K(96768K) Eden: 98304K(98304K)->0K(95744K) From: 466K(512K)->448K(1024K)
[178.198s][info][gc,heap     ] GC(800) ParOldGen: 306712K(307200K)->307150K(307200K)
[178.198s][info][gc,metaspace] GC(800) Metaspace: 6105K(6208K)->6105K(6208K) NonClass: 5624K(5696K)->5624K(5696K) Class: 481K(512K)->481K(512K)
[178.198s][info][gc          ] GC(800) Pause Young (Allocation Failure) 395M->300M(394M) 2.123ms
[178.198s][info][gc,cpu      ] GC(800) User=0.00s Sys=0.00s Real=0.00s
[178.391s][info][gc,start    ] GC(801) Pause Young (Allocation Failure)
[178.393s][info][gc,heap     ] GC(801) PSYoungGen: 96192K(96768K)->480K(93696K) Eden: 95744K(95744K)->0K(93184K) From: 448K(1024K)->480K(512K)
[178.393s][info][gc,heap     ] GC(801) ParOldGen: 307150K(307200K)->307581K(307712K)
[178.393s][info][gc,metaspace] GC(801) Metaspace: 6105K(6208K)->6105K(6208K) NonClass: 5624K(5696K)->5624K(5696K) Class: 481K(512K)->481K(512K)
[178.393s][info][gc          ] GC(801) Pause Young (Allocation Failure) 393M->300M(392M) 2.206ms
[178.393s][info][gc,cpu      ] GC(801) User=0.01s Sys=0.00s Real=0.00s
[178.595s][info][gc,start    ] GC(802) Pause Young (Allocation Failure)
[178.597s][info][gc,heap     ] GC(802) PSYoungGen: 93664K(93696K)->768K(91648K) Eden: 93184K(93184K)->0K(90624K) From: 480K(512K)->768K(1024K)
[178.597s][info][gc,heap     ] GC(802) ParOldGen: 307581K(307712K)->307685K(307712K)
[178.597s][info][gc,metaspace] GC(802) Metaspace: 6105K(6208K)->6105K(6208K) NonClass: 5624K(5696K)->5624K(5696K) Class: 481K(512K)->481K(512K)
[178.597s][info][gc          ] GC(802) Pause Young (Allocation Failure) 391M->301M(390M) 1.864ms
[178.597s][info][gc,cpu      ] GC(802) User=0.00s Sys=0.00s Real=0.00s
[178.812s][info][gc,start    ] GC(803) Pause Young (Allocation Failure)
[178.814s][info][gc,heap     ] GC(803) PSYoungGen: 91392K(91648K)->416K(88576K) Eden: 90624K(90624K)->0K(88064K) From: 768K(1024K)->416K(512K)
[178.814s][info][gc,heap     ] GC(803) ParOldGen: 307685K(307712K)->308052K(308224K)
[178.814s][info][gc,metaspace] GC(803) Metaspace: 6105K(6208K)->6105K(6208K) NonClass: 5624K(5696K)->5624K(5696K) Class: 481K(512K)->481K(512K)
[178.814s][info][gc          ] GC(803) Pause Young (Allocation Failure) 389M->301M(387M) 1.955ms
[178.814s][info][gc,cpu      ] GC(803) User=0.00s Sys=0.00s Real=0.00s
[179.025s][info][gc,start    ] GC(804) Pause Young (Allocation Failure)
[179.027s][info][gc,heap     ] GC(804) PSYoungGen: 88480K(88576K)->704K(87040K) Eden: 88064K(88064K)->0K(86016K) From: 416K(512K)->704K(1024K)
[179.027s][info][gc,heap     ] GC(804) ParOldGen: 308052K(308224K)->308116K(308224K)
[179.027s][info][gc,metaspace] GC(804) Metaspace: 6105K(6208K)->6105K(6208K) NonClass: 5624K(5696K)->5624K(5696K) Class: 481K(512K)->481K(512K)
[179.027s][info][gc          ] GC(804) Pause Young (Allocation Failure) 387M->301M(386M) 1.722ms
[179.027s][info][gc,cpu      ] GC(804) User=0.01s Sys=0.00s Real=0.00s
[179.229s][info][gc,start    ] GC(805) Pause Young (Allocation Failure)
[179.230s][info][gc,heap     ] GC(805) PSYoungGen: 86720K(87040K)->640K(207872K) Eden: 86016K(86016K)->0K(206848K) From: 704K(1024K)->640K(1024K)
[179.230s][info][gc,heap     ] GC(805) ParOldGen: 308116K(308224K)->308172K(308224K)
[179.230s][info][gc,metaspace] GC(805) Metaspace: 6105K(6208K)->6105K(6208K) NonClass: 5624K(5696K)->5624K(5696K) Class: 481K(512K)->481K(512K)
[179.230s][info][gc          ] GC(805) Pause Young (Allocation Failure) 385M->301M(504M) 1.359ms
[179.230s][info][gc,cpu      ] GC(805) User=0.01s Sys=0.00s Real=0.00s
[179.692s][info][gc,start    ] GC(806) Pause Young (Allocation Failure)
[179.693s][info][gc,heap     ] GC(806) PSYoungGen: 207488K(207872K)->736K(200192K) Eden: 206848K(206848K)->0K(199168K) From: 640K(1024K)->736K(1024K)
[179.693s][info][gc,heap     ] GC(806) ParOldGen: 308172K(308224K)->308172K(308224K)
[179.693s][info][gc,metaspace] GC(806) Metaspace: 6105K(6208K)->6105K(6208K) NonClass: 5624K(5696K)->5624K(5696K) Class: 481K(512K)->481K(512K)
[179.693s][info][gc          ] GC(806) Pause Young (Allocation Failure) 503M->301M(496M) 1.629ms
[179.693s][info][gc,cpu      ] GC(806) User=0.00s Sys=0.00s Real=0.00s
[180.175s][info][gc,start    ] GC(807) Pause Young (Allocation Failure)
[180.176s][info][gc,heap     ] GC(807) PSYoungGen: 199904K(200192K)->512K(192512K) Eden: 199168K(199168K)->0K(192000K) From: 736K(1024K)->512K(512K)
[180.176s][info][gc,heap     ] GC(807) ParOldGen: 308172K(308224K)->308268K(308736K)
[180.176s][info][gc,metaspace] GC(807) Metaspace: 6105K(6208K)->6105K(6208K) NonClass: 5624K(5696K)->5624K(5696K) Class: 481K(512K)->481K(512K)
[180.176s][info][gc          ] GC(807) Pause Young (Allocation Failure) 496M->301M(489M) 1.335ms
[180.176s][info][gc,cpu      ] GC(807) User=0.00s Sys=0.00s Real=0.00s
[180.604s][info][gc,start    ] GC(808) Pause Young (Allocation Failure)
[180.605s][info][gc,heap     ] GC(808) PSYoungGen: 192512K(192512K)->722K(186368K) Eden: 192000K(192000K)->0K(185344K) From: 512K(512K)->722K(1024K)
[180.605s][info][gc,heap     ] GC(808) ParOldGen: 308268K(308736K)->308268K(308736K)
[180.605s][info][gc,metaspace] GC(808) Metaspace: 6105K(6208K)->6105K(6208K) NonClass: 5624K(5696K)->5624K(5696K) Class: 481K(512K)->481K(512K)
[180.605s][info][gc          ] GC(808) Pause Young (Allocation Failure) 489M->301M(483M) 1.429ms
[180.605s][info][gc,cpu      ] GC(808) User=0.00s Sys=0.00s Real=0.00s
[181.062s][info][gc,start    ] GC(809) Pause Young (Allocation Failure)
[181.064s][info][gc,heap     ] GC(809) PSYoungGen: 186066K(186368K)->736K(179712K) Eden: 185344K(185344K)->0K(178688K) From: 722K(1024K)->736K(1024K)
[181.064s][info][gc,heap     ] GC(809) ParOldGen: 308268K(308736K)->308300K(308736K)
[181.064s][info][gc,metaspace] GC(809) Metaspace: 6105K(6208K)->6105K(6208K) NonClass: 5624K(5696K)->5624K(5696K) Class: 481K(512K)->481K(512K)
[181.064s][info][gc          ] GC(809) Pause Young (Allocation Failure) 482M->301M(477M) 1.518ms
[181.064s][info][gc,cpu      ] GC(809) User=0.00s Sys=0.00s Real=0.00s
[181.496s][info][gc,start    ] GC(810) Pause Young (Allocation Failure)
[181.498s][info][gc,heap     ] GC(810) PSYoungGen: 179424K(179712K)->800K(173568K) Eden: 178688K(178688K)->0K(172544K) From: 736K(1024K)->800K(1024K)
[181.499s][info][gc,heap     ] GC(810) ParOldGen: 308300K(308736K)->308300K(308736K)
[181.499s][info][gc,metaspace] GC(810) Metaspace: 6105K(6208K)->6105K(6208K) NonClass: 5624K(5696K)->5624K(5696K) Class: 481K(512K)->481K(512K)
[181.499s][info][gc          ] GC(810) Pause Young (Allocation Failure) 476M->301M(471M) 2.212ms
[181.499s][info][gc,cpu      ] GC(810) User=0.01s Sys=0.00s Real=0.00s
[181.883s][info][gc,start    ] GC(811) Pause Young (Allocation Failure)
[181.885s][info][gc,heap     ] GC(811) PSYoungGen: 173344K(173568K)->512K(166912K) Eden: 172544K(172544K)->0K(166400K) From: 800K(1024K)->512K(512K)
[181.885s][info][gc,heap     ] GC(811) ParOldGen: 308300K(308736K)->308532K(308736K)
[181.885s][info][gc,metaspace] GC(811) Metaspace: 6105K(6208K)->6105K(6208K) NonClass: 5624K(5696K)->5624K(5696K) Class: 481K(512K)->481K(512K)
[181.885s][info][gc          ] GC(811) Pause Young (Allocation Failure) 470M->301M(464M) 2.018ms
[181.885s][info][gc,cpu      ] GC(811) User=0.01s Sys=0.00s Real=0.00s
[182.232s][info][gc,start    ] GC(812) Pause Young (Allocation Failure)
[182.234s][info][gc,heap     ] GC(812) PSYoungGen: 166912K(166912K)->800K(161792K) Eden: 166400K(166400K)->0K(160768K) From: 512K(512K)->800K(1024K)
[182.234s][info][gc,heap     ] GC(812) ParOldGen: 308532K(308736K)->308532K(308736K)
[182.234s][info][gc,metaspace] GC(812) Metaspace: 6105K(6208K)->6105K(6208K) NonClass: 5624K(5696K)->5624K(5696K) Class: 481K(512K)->481K(512K)
[182.234s][info][gc          ] GC(812) Pause Young (Allocation Failure) 464M->302M(459M) 1.511ms
[182.234s][info][gc,cpu      ] GC(812) User=0.00s Sys=0.00s Real=0.00s
[182.602s][info][gc,start    ] GC(813) Pause Young (Allocation Failure)
[182.604s][info][gc,heap     ] GC(813) PSYoungGen: 161568K(161792K)->736K(156160K) Eden: 160768K(160768K)->0K(155136K) From: 800K(1024K)->736K(1024K)
[182.604s][info][gc,heap     ] GC(813) ParOldGen: 308532K(308736K)->308556K(308736K)
[182.604s][info][gc,metaspace] GC(813) Metaspace: 6105K(6208K)->6105K(6208K) NonClass: 5624K(5696K)->5624K(5696K) Class: 481K(512K)->481K(512K)
[182.604s][info][gc          ] GC(813) Pause Young (Allocation Failure) 459M->302M(454M) 1.491ms
[182.604s][info][gc,cpu      ] GC(813) User=0.00s Sys=0.00s Real=0.00s
[182.973s][info][gc,start    ] GC(814) Pause Young (Allocation Failure)
[182.974s][info][gc,heap     ] GC(814) PSYoungGen: 155872K(156160K)->768K(151040K) Eden: 155136K(155136K)->0K(150016K) From: 736K(1024K)->768K(1024K)
[182.975s][info][gc,heap     ] GC(814) ParOldGen: 308556K(308736K)->308556K(308736K)
[182.975s][info][gc,metaspace] GC(814) Metaspace: 6105K(6208K)->6105K(6208K) NonClass: 5624K(5696K)->5624K(5696K) Class: 481K(512K)->481K(512K)
[182.975s][info][gc          ] GC(814) Pause Young (Allocation Failure) 453M->302M(449M) 1.954ms
[182.975s][info][gc,cpu      ] GC(814) User=0.00s Sys=0.00s Real=0.00s
[183.288s][info][gc,start    ] GC(815) Pause Young (Allocation Failure)
[183.289s][info][gc,heap     ] GC(815) PSYoungGen: 150784K(151040K)->512K(145408K) Eden: 150016K(150016K)->0K(144896K) From: 768K(1024K)->512K(512K)
[183.289s][info][gc,heap     ] GC(815) ParOldGen: 308556K(308736K)->308716K(308736K)
[183.289s][info][gc,metaspace] GC(815) Metaspace: 6105K(6208K)->6105K(6208K) NonClass: 5624K(5696K)->5624K(5696K) Class: 481K(512K)->481K(512K)
[183.289s][info][gc          ] GC(815) Pause Young (Allocation Failure) 448M->301M(443M) 1.409ms
[183.289s][info][gc,cpu      ] GC(815) User=0.00s Sys=0.00s Real=0.00s
[183.604s][info][gc,start    ] GC(816) Pause Young (Allocation Failure)
[183.605s][info][gc,heap     ] GC(816) PSYoungGen: 145408K(145408K)->768K(141312K) Eden: 144896K(144896K)->0K(140288K) From: 512K(512K)->768K(1024K)
[183.605s][info][gc,heap     ] GC(816) ParOldGen: 308716K(308736K)->308716K(308736K)
[183.605s][info][gc,metaspace] GC(816) Metaspace: 6105K(6208K)->6105K(6208K) NonClass: 5624K(5696K)->5624K(5696K) Class: 481K(512K)->481K(512K)
[183.605s][info][gc          ] GC(816) Pause Young (Allocation Failure) 443M->302M(439M) 1.453ms
[183.605s][info][gc,cpu      ] GC(816) User=0.00s Sys=0.00s Real=0.00s
[183.958s][info][gc,start    ] GC(817) Pause Young (Allocation Failure)
[183.959s][info][gc,heap     ] GC(817) PSYoungGen: 141056K(141312K)->736K(136704K) Eden: 140288K(140288K)->0K(135680K) From: 768K(1024K)->736K(1024K)
[183.959s][info][gc,heap     ] GC(817) ParOldGen: 308716K(308736K)->308732K(308736K)
[183.959s][info][gc,metaspace] GC(817) Metaspace: 6105K(6208K)->6105K(6208K) NonClass: 5624K(5696K)->5624K(5696K) Class: 481K(512K)->481K(512K)
[183.959s][info][gc          ] GC(817) Pause Young (Allocation Failure) 439M->302M(435M) 1.580ms
[183.959s][info][gc,cpu      ] GC(817) User=0.00s Sys=0.00s Real=0.00s
[184.288s][info][gc,start    ] GC(818) Pause Young (Allocation Failure)
[184.290s][info][gc,heap     ] GC(818) PSYoungGen: 136416K(136704K)->512K(132096K) Eden: 135680K(135680K)->0K(131584K) From: 736K(1024K)->512K(512K)
[184.290s][info][gc,heap     ] GC(818) ParOldGen: 308732K(308736K)->309046K(309248K)
[184.290s][info][gc,metaspace] GC(818) Metaspace: 6105K(6208K)->6105K(6208K) NonClass: 5624K(5696K)->5624K(5696K) Class: 481K(512K)->481K(512K)
[184.290s][info][gc          ] GC(818) Pause Young (Allocation Failure) 434M->302M(431M) 2.208ms
[184.290s][info][gc,cpu      ] GC(818) User=0.00s Sys=0.00s Real=0.00s
[184.626s][info][gc,start    ] GC(819) Pause Young (Allocation Failure)
[184.628s][info][gc,heap     ] GC(819) PSYoungGen: 132096K(132096K)->786K(128512K) Eden: 131584K(131584K)->0K(127488K) From: 512K(512K)->786K(1024K)
[184.628s][info][gc,heap     ] GC(819) ParOldGen: 309046K(309248K)->309150K(309248K)
[184.628s][info][gc,metaspace] GC(819) Metaspace: 6105K(6208K)->6105K(6208K) NonClass: 5624K(5696K)->5624K(5696K) Class: 481K(512K)->481K(512K)
[184.628s][info][gc          ] GC(819) Pause Young (Allocation Failure) 430M->302M(427M) 2.071ms
[184.628s][info][gc,cpu      ] GC(819) User=0.00s Sys=0.00s Real=0.00s
[184.953s][info][gc,start    ] GC(820) Pause Young (Allocation Failure)
[184.954s][info][gc,heap     ] GC(820) PSYoungGen: 128274K(128512K)->672K(124416K) Eden: 127488K(127488K)->0K(123392K) From: 786K(1024K)->672K(1024K)
[184.955s][info][gc,heap     ] GC(820) ParOldGen: 309150K(309248K)->309182K(309248K)
[184.955s][info][gc,metaspace] GC(820) Metaspace: 6105K(6208K)->6105K(6208K) NonClass: 5624K(5696K)->5624K(5696K) Class: 481K(512K)->481K(512K)
[184.955s][info][gc          ] GC(820) Pause Young (Allocation Failure) 427M->302M(423M) 1.673ms
[184.955s][info][gc,cpu      ] GC(820) User=0.00s Sys=0.00s Real=0.00s
[185.280s][info][gc,start    ] GC(821) Pause Young (Allocation Failure)
[185.282s][info][gc,heap     ] GC(821) PSYoungGen: 124064K(124416K)->512K(120320K) Eden: 123392K(123392K)->0K(119808K) From: 672K(1024K)->512K(512K)
[185.282s][info][gc,heap     ] GC(821) ParOldGen: 309182K(309248K)->309286K(309760K)
[185.282s][info][gc,metaspace] GC(821) Metaspace: 6105K(6208K)->6105K(6208K) NonClass: 5624K(5696K)->5624K(5696K) Class: 481K(512K)->481K(512K)
[185.282s][info][gc          ] GC(821) Pause Young (Allocation Failure) 423M->302M(420M) 1.507ms
[185.282s][info][gc,cpu      ] GC(821) User=0.00s Sys=0.00s Real=0.01s
[185.631s][info][gc,start    ] GC(822) Pause Young (Allocation Failure)
[185.634s][info][gc,heap     ] GC(822) PSYoungGen: 120320K(120320K)->192K(117248K) Eden: 119808K(119808K)->0K(116224K) From: 512K(512K)->192K(1024K)
[185.634s][info][gc,heap     ] GC(822) ParOldGen: 309286K(309760K)->309807K(310272K)
[185.634s][info][gc,metaspace] GC(822) Metaspace: 6105K(6208K)->6105K(6208K) NonClass: 5624K(5696K)->5624K(5696K) Class: 481K(512K)->481K(512K)
[185.634s][info][gc          ] GC(822) Pause Young (Allocation Failure) 419M->302M(417M) 2.401ms
[185.634s][info][gc,cpu      ] GC(822) User=0.00s Sys=0.00s Real=0.00s
[185.992s][info][gc,start    ] GC(823) Pause Young (Allocation Failure)
[185.995s][info][gc,heap     ] GC(823) PSYoungGen: 116416K(117248K)->832K(113664K) Eden: 116224K(116224K)->0K(112640K) From: 192K(1024K)->832K(1024K)
[185.995s][info][gc,heap     ] GC(823) ParOldGen: 309807K(310272K)->309983K(310272K)
[185.995s][info][gc,metaspace] GC(823) Metaspace: 6105K(6208K)->6105K(6208K) NonClass: 5624K(5696K)->5624K(5696K) Class: 481K(512K)->481K(512K)
[185.995s][info][gc          ] GC(823) Pause Young (Allocation Failure) 416M->303M(414M) 2.451ms
[185.995s][info][gc,cpu      ] GC(823) User=0.01s Sys=0.00s Real=0.00s
[186.304s][info][gc,start    ] GC(824) Pause Young (Allocation Failure)
[186.305s][info][gc,heap     ] GC(824) PSYoungGen: 113472K(113664K)->640K(110592K) Eden: 112640K(112640K)->0K(109568K) From: 832K(1024K)->640K(1024K)
[186.305s][info][gc,heap     ] GC(824) ParOldGen: 309983K(310272K)->310055K(310272K)
[186.305s][info][gc,metaspace] GC(824) Metaspace: 6105K(6208K)->6105K(6208K) NonClass: 5624K(5696K)->5624K(5696K) Class: 481K(512K)->481K(512K)
[186.306s][info][gc          ] GC(824) Pause Young (Allocation Failure) 413M->303M(411M) 1.700ms
[186.306s][info][gc,cpu      ] GC(824) User=0.00s Sys=0.01s Real=0.00s
[186.581s][info][gc,start    ] GC(825) Pause Young (Allocation Failure)
[186.583s][info][gc,heap     ] GC(825) PSYoungGen: 110208K(110592K)->416K(107008K) Eden: 109568K(109568K)->0K(106496K) From: 640K(1024K)->416K(512K)
[186.583s][info][gc,heap     ] GC(825) ParOldGen: 310055K(310272K)->310354K(310784K)
[186.583s][info][gc,metaspace] GC(825) Metaspace: 6105K(6208K)->6105K(6208K) NonClass: 5624K(5696K)->5624K(5696K) Class: 481K(512K)->481K(512K)
[186.583s][info][gc          ] GC(825) Pause Young (Allocation Failure) 410M->303M(408M) 1.836ms
[186.583s][info][gc,cpu      ] GC(825) User=0.00s Sys=0.00s Real=0.00s
[186.833s][info][gc,start    ] GC(826) Pause Young (Allocation Failure)
[186.835s][info][gc,heap     ] GC(826) PSYoungGen: 106912K(107008K)->466K(104448K) Eden: 106496K(106496K)->0K(103424K) From: 416K(512K)->466K(1024K)
[186.835s][info][gc,heap     ] GC(826) ParOldGen: 310354K(310784K)->310741K(310784K)
[186.835s][info][gc,metaspace] GC(826) Metaspace: 6105K(6208K)->6105K(6208K) NonClass: 5624K(5696K)->5624K(5696K) Class: 481K(512K)->481K(512K)
[186.835s][info][gc          ] GC(826) Pause Young (Allocation Failure) 407M->303M(405M) 2.013ms
[186.835s][info][gc,cpu      ] GC(826) User=0.00s Sys=0.00s Real=0.00s
[187.103s][info][gc,start    ] GC(827) Pause Young (Allocation Failure)
[187.105s][info][gc,heap     ] GC(827) PSYoungGen: 103890K(104448K)->754K(101376K) Eden: 103424K(103424K)->0K(100352K) From: 466K(1024K)->754K(1024K)
[187.105s][info][gc,heap     ] GC(827) ParOldGen: 310741K(310784K)->310877K(311296K)
[187.105s][info][gc,metaspace] GC(827) Metaspace: 6105K(6208K)->6105K(6208K) NonClass: 5624K(5696K)->5624K(5696K) Class: 481K(512K)->481K(512K)
[187.105s][info][gc          ] GC(827) Pause Young (Allocation Failure) 404M->304M(403M) 1.806ms
[187.105s][info][gc,cpu      ] GC(827) User=0.01s Sys=0.00s Real=0.00s
[187.342s][info][gc,start    ] GC(828) Pause Young (Allocation Failure)
[187.344s][info][gc,heap     ] GC(828) PSYoungGen: 101106K(101376K)->672K(98816K) Eden: 100352K(100352K)->0K(97792K) From: 754K(1024K)->672K(1024K)
[187.344s][info][gc,heap     ] GC(828) ParOldGen: 310877K(311296K)->310917K(311296K)
[187.344s][info][gc,metaspace] GC(828) Metaspace: 6105K(6208K)->6105K(6208K) NonClass: 5624K(5696K)->5624K(5696K) Class: 481K(512K)->481K(512K)
[187.344s][info][gc          ] GC(828) Pause Young (Allocation Failure) 402M->304M(400M) 1.522ms
[187.344s][info][gc,cpu      ] GC(828) User=0.00s Sys=0.00s Real=0.00s
[187.557s][info][gc,start    ] GC(829) Pause Young (Allocation Failure)
[187.559s][info][gc,heap     ] GC(829) PSYoungGen: 98464K(98816K)->512K(95744K) Eden: 97792K(97792K)->0K(95232K) From: 672K(1024K)->512K(512K)
[187.559s][info][gc,heap     ] GC(829) ParOldGen: 310917K(311296K)->311109K(311296K)
[187.559s][info][gc,metaspace] GC(829) Metaspace: 6105K(6208K)->6105K(6208K) NonClass: 5624K(5696K)->5624K(5696K) Class: 481K(512K)->481K(512K)
[187.559s][info][gc          ] GC(829) Pause Young (Allocation Failure) 399M->304M(397M) 1.625ms
[187.559s][info][gc,cpu      ] GC(829) User=0.01s Sys=0.00s Real=0.00s
[187.689s][info][gc,start    ] GC(830) Pause Young (Allocation Failure)
[187.691s][info][gc,heap     ] GC(830) PSYoungGen: 95744K(95744K)->786K(93696K) Eden: 95232K(95232K)->0K(92672K) From: 512K(512K)->786K(1024K)
[187.691s][info][gc,heap     ] GC(830) ParOldGen: 311109K(311296K)->311109K(311296K)
[187.691s][info][gc,metaspace] GC(830) Metaspace: 6105K(6208K)->6105K(6208K) NonClass: 5624K(5696K)->5624K(5696K) Class: 481K(512K)->481K(512K)
[187.691s][info][gc          ] GC(830) Pause Young (Allocation Failure) 397M->304M(395M) 1.379ms
[187.691s][info][gc,cpu      ] GC(830) User=0.00s Sys=0.00s Real=0.01s
[187.840s][info][gc,start    ] GC(831) Pause Young (Allocation Failure)
[187.841s][info][gc,heap     ] GC(831) PSYoungGen: 93458K(93696K)->544K(91136K) Eden: 92672K(92672K)->0K(90112K) From: 786K(1024K)->544K(1024K)
[187.841s][info][gc,heap     ] GC(831) ParOldGen: 311109K(311296K)->311149K(311296K)
[187.841s][info][gc,metaspace] GC(831) Metaspace: 6105K(6208K)->6105K(6208K) NonClass: 5624K(5696K)->5624K(5696K) Class: 481K(512K)->481K(512K)
[187.841s][info][gc          ] GC(831) Pause Young (Allocation Failure) 395M->304M(393M) 1.347ms
[187.842s][info][gc,cpu      ] GC(831) User=0.00s Sys=0.00s Real=0.01s
[188.014s][info][gc,start    ] GC(832) Pause Young (Allocation Failure)
[188.016s][info][gc,heap     ] GC(832) PSYoungGen: 90656K(91136K)->480K(88064K) Eden: 90112K(90112K)->0K(87552K) From: 544K(1024K)->480K(512K)
[188.016s][info][gc,heap     ] GC(832) ParOldGen: 311149K(311296K)->311363K(311808K)
[188.016s][info][gc,metaspace] GC(832) Metaspace: 6105K(6208K)->6105K(6208K) NonClass: 5624K(5696K)->5624K(5696K) Class: 481K(512K)->481K(512K)
[188.016s][info][gc          ] GC(832) Pause Young (Allocation Failure) 392M->304M(390M) 1.831ms
[188.016s][info][gc,cpu      ] GC(832) User=0.00s Sys=0.00s Real=0.00s
[188.182s][info][gc,start    ] GC(833) Pause Young (Allocation Failure)
[188.185s][info][gc,heap     ] GC(833) PSYoungGen: 88032K(88064K)->466K(86016K) Eden: 87552K(87552K)->0K(85504K) From: 480K(512K)->466K(512K)
[188.185s][info][gc,heap     ] GC(833) ParOldGen: 311363K(311808K)->311834K(312320K)
[188.185s][info][gc,metaspace] GC(833) Metaspace: 6105K(6208K)->6105K(6208K) NonClass: 5624K(5696K)->5624K(5696K) Class: 481K(512K)->481K(512K)
[188.185s][info][gc          ] GC(833) Pause Young (Allocation Failure) 390M->304M(389M) 2.222ms
[188.185s][info][gc,cpu      ] GC(833) User=0.01s Sys=0.00s Real=0.00s
[188.334s][info][gc,start    ] GC(834) Pause Young (Allocation Failure)
[188.336s][info][gc,heap     ] GC(834) PSYoungGen: 85970K(86016K)->480K(203264K) Eden: 85504K(85504K)->0K(202240K) From: 466K(512K)->480K(1024K)
[188.336s][info][gc,heap     ] GC(834) ParOldGen: 311834K(312320K)->312265K(312320K)
[188.336s][info][gc,metaspace] GC(834) Metaspace: 6105K(6208K)->6105K(6208K) NonClass: 5624K(5696K)->5624K(5696K) Class: 481K(512K)->481K(512K)
[188.336s][info][gc          ] GC(834) Pause Young (Allocation Failure) 388M->305M(503M) 2.116ms
[188.336s][info][gc,cpu      ] GC(834) User=0.01s Sys=0.00s Real=0.00s
[188.725s][info][gc,start    ] GC(835) Pause Young (Allocation Failure)
[188.727s][info][gc,heap     ] GC(835) PSYoungGen: 202720K(203264K)->768K(196096K) Eden: 202240K(202240K)->0K(195072K) From: 480K(1024K)->768K(1024K)
[188.727s][info][gc,heap     ] GC(835) ParOldGen: 312265K(312320K)->312385K(312832K)
[188.727s][info][gc,metaspace] GC(835) Metaspace: 6105K(6208K)->6105K(6208K) NonClass: 5624K(5696K)->5624K(5696K) Class: 481K(512K)->481K(512K)
[188.727s][info][gc          ] GC(835) Pause Young (Allocation Failure) 502M->305M(497M) 2.175ms
[188.727s][info][gc,cpu      ] GC(835) User=0.00s Sys=0.00s Real=0.00s
[189.095s][info][gc,start    ] GC(836) Pause Young (Allocation Failure)
[189.096s][info][gc,heap     ] GC(836) PSYoungGen: 195840K(196096K)->704K(188928K) Eden: 195072K(195072K)->0K(187904K) From: 768K(1024K)->704K(1024K)
[189.096s][info][gc,heap     ] GC(836) ParOldGen: 312385K(312832K)->312441K(312832K)
[189.096s][info][gc,metaspace] GC(836) Metaspace: 6105K(6208K)->6105K(6208K) NonClass: 5624K(5696K)->5624K(5696K) Class: 481K(512K)->481K(512K)
[189.096s][info][gc          ] GC(836) Pause Young (Allocation Failure) 496M->305M(490M) 1.687ms
[189.096s][info][gc,cpu      ] GC(836) User=0.01s Sys=0.00s Real=0.00s
[189.446s][info][gc,start    ] GC(837) Pause Young (Allocation Failure)
[189.447s][info][gc,heap     ] GC(837) PSYoungGen: 188608K(188928K)->512K(181760K) Eden: 187904K(187904K)->0K(181248K) From: 704K(1024K)->512K(512K)
[189.448s][info][gc,heap     ] GC(837) ParOldGen: 312441K(312832K)->312609K(312832K)
[189.448s][info][gc,metaspace] GC(837) Metaspace: 6105K(6208K)->6105K(6208K) NonClass: 5624K(5696K)->5624K(5696K) Class: 481K(512K)->481K(512K)
[189.448s][info][gc          ] GC(837) Pause Young (Allocation Failure) 489M->305M(483M) 1.713ms
[189.448s][info][gc,cpu      ] GC(837) User=0.00s Sys=0.00s Real=0.00s
[189.786s][info][gc,start    ] GC(838) Pause Young (Allocation Failure)
[189.787s][info][gc,heap     ] GC(838) PSYoungGen: 181760K(181760K)->672K(176128K) Eden: 181248K(181248K)->0K(175104K) From: 512K(512K)->672K(1024K)
[189.787s][info][gc,heap     ] GC(838) ParOldGen: 312609K(312832K)->312609K(312832K)
[189.787s][info][gc,metaspace] GC(838) Metaspace: 6105K(6208K)->6105K(6208K) NonClass: 5624K(5696K)->5624K(5696K) Class: 481K(512K)->481K(512K)
[189.787s][info][gc          ] GC(838) Pause Young (Allocation Failure) 482M->305M(477M) 1.454ms
[189.787s][info][gc,cpu      ] GC(838) User=0.00s Sys=0.00s Real=0.00s
[190.115s][info][gc,start    ] GC(839) Pause Young (Allocation Failure)
[190.117s][info][gc,heap     ] GC(839) PSYoungGen: 175776K(176128K)->800K(169984K) Eden: 175104K(175104K)->0K(168960K) From: 672K(1024K)->800K(1024K)
[190.117s][info][gc,heap     ] GC(839) ParOldGen: 312609K(312832K)->312641K(312832K)
[190.117s][info][gc,metaspace] GC(839) Metaspace: 6105K(6208K)->6105K(6208K) NonClass: 5624K(5696K)->5624K(5696K) Class: 481K(512K)->481K(512K)
[190.117s][info][gc          ] GC(839) Pause Young (Allocation Failure) 476M->306M(471M) 2.199ms
[190.117s][info][gc,cpu      ] GC(839) User=0.01s Sys=0.00s Real=0.00s
[190.445s][info][gc,start    ] GC(840) Pause Young (Allocation Failure)
[190.447s][info][gc,heap     ] GC(840) PSYoungGen: 169760K(169984K)->736K(164352K) Eden: 168960K(168960K)->0K(163328K) From: 800K(1024K)->736K(1024K)
[190.447s][info][gc,heap     ] GC(840) ParOldGen: 312641K(312832K)->312641K(312832K)
[190.447s][info][gc,metaspace] GC(840) Metaspace: 6105K(6208K)->6105K(6208K) NonClass: 5624K(5696K)->5624K(5696K) Class: 481K(512K)->481K(512K)
[190.447s][info][gc          ] GC(840) Pause Young (Allocation Failure) 471M->306M(466M) 1.632ms
[190.447s][info][gc,cpu      ] GC(840) User=0.00s Sys=0.00s Real=0.00s
[190.766s][info][gc,start    ] GC(841) Pause Young (Allocation Failure)
[190.767s][info][gc,heap     ] GC(841) PSYoungGen: 164064K(164352K)->512K(158208K) Eden: 163328K(163328K)->0K(157696K) From: 736K(1024K)->512K(512K)
[190.767s][info][gc,heap     ] GC(841) ParOldGen: 312641K(312832K)->312777K(312832K)
[190.767s][info][gc,metaspace] GC(841) Metaspace: 6105K(6208K)->6105K(6208K) NonClass: 5624K(5696K)->5624K(5696K) Class: 481K(512K)->481K(512K)
[190.767s][info][gc          ] GC(841) Pause Young (Allocation Failure) 465M->305M(460M) 1.539ms
[190.767s][info][gc,cpu      ] GC(841) User=0.00s Sys=0.00s Real=0.00s
[191.115s][info][gc,start    ] GC(842) Pause Young (Allocation Failure)
[191.116s][info][gc,heap     ] GC(842) PSYoungGen: 158208K(158208K)->741K(153600K) Eden: 157696K(157696K)->0K(152576K) From: 512K(512K)->741K(1024K)
[191.116s][info][gc,heap     ] GC(842) ParOldGen: 312777K(312832K)->312777K(312832K)
[191.116s][info][gc,metaspace] GC(842) Metaspace: 6105K(6208K)->6105K(6208K) NonClass: 5624K(5696K)->5624K(5696K) Class: 481K(512K)->481K(512K)
[191.116s][info][gc          ] GC(842) Pause Young (Allocation Failure) 459M->306M(455M) 1.517ms
[191.116s][info][gc,cpu      ] GC(842) User=0.00s Sys=0.00s Real=0.00s
[191.366s][info][gc,start    ] GC(843) Pause Young (Allocation Failure)
[191.368s][info][gc,heap     ] GC(843) PSYoungGen: 153317K(153600K)->672K(148480K) Eden: 152576K(152576K)->0K(147456K) From: 741K(1024K)->672K(1024K)
[191.368s][info][gc,heap     ] GC(843) ParOldGen: 312777K(312832K)->312817K(312832K)
[191.368s][info][gc,metaspace] GC(843) Metaspace: 6105K(6208K)->6105K(6208K) NonClass: 5624K(5696K)->5624K(5696K) Class: 481K(512K)->481K(512K)
[191.368s][info][gc          ] GC(843) Pause Young (Allocation Failure) 455M->306M(450M) 1.416ms
[191.368s][info][gc,cpu      ] GC(843) User=0.00s Sys=0.00s Real=0.00s
[191.738s][info][gc,start    ] GC(844) Pause Young (Allocation Failure)
[191.740s][info][gc,heap     ] GC(844) PSYoungGen: 148128K(148480K)->768K(143872K) Eden: 147456K(147456K)->0K(142848K) From: 672K(1024K)->768K(1024K)
[191.740s][info][gc,heap     ] GC(844) ParOldGen: 312817K(312832K)->312817K(312832K)
[191.740s][info][gc,metaspace] GC(844) Metaspace: 6105K(6208K)->6105K(6208K) NonClass: 5624K(5696K)->5624K(5696K) Class: 481K(512K)->481K(512K)
[191.741s][info][gc          ] GC(844) Pause Young (Allocation Failure) 450M->306M(446M) 2.088ms
[191.741s][info][gc,cpu      ] GC(844) User=0.00s Sys=0.00s Real=0.01s
[192.112s][info][gc,start    ] GC(845) Pause Young (Allocation Failure)
[192.114s][info][gc,heap     ] GC(845) PSYoungGen: 143616K(143872K)->512K(138752K) Eden: 142848K(142848K)->0K(138240K) From: 768K(1024K)->512K(512K)
[192.114s][info][gc,heap     ] GC(845) ParOldGen: 312817K(312832K)->313017K(313344K)
[192.114s][info][gc,metaspace] GC(845) Metaspace: 6105K(6208K)->6105K(6208K) NonClass: 5624K(5696K)->5624K(5696K) Class: 481K(512K)->481K(512K)
[192.114s][info][gc          ] GC(845) Pause Young (Allocation Failure) 445M->306M(441M) 2.476ms
[192.114s][info][gc,cpu      ] GC(845) User=0.00s Sys=0.00s Real=0.00s
[192.451s][info][gc,start    ] GC(846) Pause Young (Allocation Failure)
[192.452s][info][gc,heap     ] GC(846) PSYoungGen: 138752K(138752K)->773K(134656K) Eden: 138240K(138240K)->0K(133632K) From: 512K(512K)->773K(1024K)
[192.452s][info][gc,heap     ] GC(846) ParOldGen: 313017K(313344K)->313017K(313344K)
[192.452s][info][gc,metaspace] GC(846) Metaspace: 6105K(6208K)->6105K(6208K) NonClass: 5624K(5696K)->5624K(5696K) Class: 481K(512K)->481K(512K)
[192.452s][info][gc          ] GC(846) Pause Young (Allocation Failure) 441M->306M(437M) 1.425ms
[192.452s][info][gc,cpu      ] GC(846) User=0.00s Sys=0.00s Real=0.00s
[192.758s][info][gc,start    ] GC(847) Pause Young (Allocation Failure)
[192.760s][info][gc,heap     ] GC(847) PSYoungGen: 134405K(134656K)->704K(130560K) Eden: 133632K(133632K)->0K(129536K) From: 773K(1024K)->704K(1024K)
[192.760s][info][gc,heap     ] GC(847) ParOldGen: 313017K(313344K)->313073K(313344K)
[192.760s][info][gc,metaspace] GC(847) Metaspace: 6105K(6208K)->6105K(6208K) NonClass: 5624K(5696K)->5624K(5696K) Class: 481K(512K)->481K(512K)
[192.760s][info][gc          ] GC(847) Pause Young (Allocation Failure) 436M->306M(433M) 1.708ms
[192.760s][info][gc,cpu      ] GC(847) User=0.00s Sys=0.00s Real=0.00s
[193.199s][info][gc,start    ] GC(848) Pause Young (Allocation Failure)
[193.200s][info][gc,heap     ] GC(848) PSYoungGen: 130240K(130560K)->672K(126464K) Eden: 129536K(129536K)->0K(125440K) From: 704K(1024K)->672K(1024K)
[193.200s][info][gc,heap     ] GC(848) ParOldGen: 313073K(313344K)->313073K(313344K)
[193.200s][info][gc,metaspace] GC(848) Metaspace: 6105K(6208K)->6105K(6208K) NonClass: 5624K(5696K)->5624K(5696K) Class: 481K(512K)->481K(512K)
[193.200s][info][gc          ] GC(848) Pause Young (Allocation Failure) 432M->306M(429M) 1.314ms
[193.200s][info][gc,cpu      ] GC(848) User=0.00s Sys=0.00s Real=0.00s
[193.596s][info][gc,start    ] GC(849) Pause Young (Allocation Failure)
[193.599s][info][gc,heap     ] GC(849) PSYoungGen: 126112K(126464K)->498K(121856K) Eden: 125440K(125440K)->0K(121344K) From: 672K(1024K)->498K(512K)
[193.599s][info][gc,heap     ] GC(849) ParOldGen: 313073K(313344K)->313273K(313344K)
[193.599s][info][gc,metaspace] GC(849) Metaspace: 6105K(6208K)->6105K(6208K) NonClass: 5624K(5696K)->5624K(5696K) Class: 481K(512K)->481K(512K)
[193.599s][info][gc          ] GC(849) Pause Young (Allocation Failure) 428M->306M(425M) 2.760ms
[193.599s][info][gc,cpu      ] GC(849) User=0.00s Sys=0.00s Real=0.00s
[193.953s][info][gc,start    ] GC(850) Pause Young (Allocation Failure)
[193.955s][info][gc,heap     ] GC(850) PSYoungGen: 121842K(121856K)->768K(118784K) Eden: 121344K(121344K)->0K(117760K) From: 498K(512K)->768K(1024K)
[193.955s][info][gc,heap     ] GC(850) ParOldGen: 313273K(313344K)->313273K(313344K)
[193.955s][info][gc,metaspace] GC(850) Metaspace: 6105K(6208K)->6105K(6208K) NonClass: 5624K(5696K)->5624K(5696K) Class: 481K(512K)->481K(512K)
[193.955s][info][gc          ] GC(850) Pause Young (Allocation Failure) 424M->306M(422M) 1.655ms
[193.955s][info][gc,cpu      ] GC(850) User=0.00s Sys=0.00s Real=0.00s
[194.270s][info][gc,start    ] GC(851) Pause Young (Allocation Failure)
[194.273s][info][gc,heap     ] GC(851) PSYoungGen: 118528K(118784K)->690K(115200K) Eden: 117760K(117760K)->0K(114176K) From: 768K(1024K)->690K(1024K)
[194.273s][info][gc,heap     ] GC(851) ParOldGen: 313273K(313344K)->313297K(313344K)
[194.273s][info][gc,metaspace] GC(851) Metaspace: 6105K(6208K)->6105K(6208K) NonClass: 5624K(5696K)->5624K(5696K) Class: 481K(512K)->481K(512K)
[194.273s][info][gc          ] GC(851) Pause Young (Allocation Failure) 421M->306M(418M) 2.604ms
[194.273s][info][gc,cpu      ] GC(851) User=0.00s Sys=0.00s Real=0.01s
[194.577s][info][gc,start    ] GC(852) Pause Young (Allocation Failure)
[194.579s][info][gc,heap     ] GC(852) PSYoungGen: 114866K(115200K)->722K(111616K) Eden: 114176K(114176K)->0K(110592K) From: 690K(1024K)->722K(1024K)
[194.579s][info][gc,heap     ] GC(852) ParOldGen: 313297K(313344K)->313297K(313344K)
[194.579s][info][gc,metaspace] GC(852) Metaspace: 6105K(6208K)->6105K(6208K) NonClass: 5624K(5696K)->5624K(5696K) Class: 481K(512K)->481K(512K)
[194.579s][info][gc          ] GC(852) Pause Young (Allocation Failure) 418M->306M(415M) 2.737ms
[194.579s][info][gc,cpu      ] GC(852) User=0.00s Sys=0.00s Real=0.00s
[194.913s][info][gc,start    ] GC(853) Pause Young (Allocation Failure)
[194.918s][info][gc,heap     ] GC(853) PSYoungGen: 111314K(111616K)->512K(108032K) Eden: 110592K(110592K)->0K(107520K) From: 722K(1024K)->512K(512K)
[194.918s][info][gc,heap     ] GC(853) ParOldGen: 313297K(313344K)->313417K(313856K)
[194.918s][info][gc,metaspace] GC(853) Metaspace: 6105K(6208K)->6105K(6208K) NonClass: 5624K(5696K)->5624K(5696K) Class: 481K(512K)->481K(512K)
[194.918s][info][gc          ] GC(853) Pause Young (Allocation Failure) 414M->306M(412M) 5.077ms
[194.918s][info][gc,cpu      ] GC(853) User=0.00s Sys=0.00s Real=0.00s
[195.388s][info][gc,start    ] GC(854) Pause Young (Allocation Failure)
[195.390s][info][gc,heap     ] GC(854) PSYoungGen: 108032K(108032K)->786K(105472K) Eden: 107520K(107520K)->0K(104448K) From: 512K(512K)->786K(1024K)
[195.390s][info][gc,heap     ] GC(854) ParOldGen: 313417K(313856K)->313417K(313856K)
[195.390s][info][gc,metaspace] GC(854) Metaspace: 6105K(6208K)->6105K(6208K) NonClass: 5624K(5696K)->5624K(5696K) Class: 481K(512K)->481K(512K)
[195.390s][info][gc          ] GC(854) Pause Young (Allocation Failure) 411M->306M(409M) 1.837ms
[195.390s][info][gc,cpu      ] GC(854) User=0.00s Sys=0.00s Real=0.00s
[195.742s][info][gc,start    ] GC(855) Pause Young (Allocation Failure)
[195.744s][info][gc,heap     ] GC(855) PSYoungGen: 105234K(105472K)->640K(102400K) Eden: 104448K(104448K)->0K(101376K) From: 786K(1024K)->640K(1024K)
[195.744s][info][gc,heap     ] GC(855) ParOldGen: 313417K(313856K)->313457K(313856K)
[195.744s][info][gc,metaspace] GC(855) Metaspace: 6105K(6208K)->6105K(6208K) NonClass: 5624K(5696K)->5624K(5696K) Class: 481K(512K)->481K(512K)
[195.744s][info][gc          ] GC(855) Pause Young (Allocation Failure) 408M->306M(406M) 1.748ms
[195.744s][info][gc,cpu      ] GC(855) User=0.00s Sys=0.00s Real=0.00s
[196.102s][info][gc,start    ] GC(856) Pause Young (Allocation Failure)
[196.104s][info][gc,heap     ] GC(856) PSYoungGen: 102016K(102400K)->448K(98816K) Eden: 101376K(101376K)->0K(98304K) From: 640K(1024K)->448K(512K)
[196.104s][info][gc,heap     ] GC(856) ParOldGen: 313457K(313856K)->313755K(313856K)
[196.104s][info][gc,metaspace] GC(856) Metaspace: 6105K(6208K)->6105K(6208K) NonClass: 5624K(5696K)->5624K(5696K) Class: 481K(512K)->481K(512K)
[196.104s][info][gc          ] GC(856) Pause Young (Allocation Failure) 405M->306M(403M) 1.893ms
[196.104s][info][gc,cpu      ] GC(856) User=0.00s Sys=0.00s Real=0.00s
[196.460s][info][gc,start    ] GC(857) Pause Young (Allocation Failure)
[196.461s][info][gc,heap     ] GC(857) PSYoungGen: 98752K(98816K)->722K(96768K) Eden: 98304K(98304K)->0K(95744K) From: 448K(512K)->722K(1024K)
[196.461s][info][gc,heap     ] GC(857) ParOldGen: 313755K(313856K)->313835K(313856K)
[196.461s][info][gc,metaspace] GC(857) Metaspace: 6105K(6208K)->6105K(6208K) NonClass: 5624K(5696K)->5624K(5696K) Class: 481K(512K)->481K(512K)
[196.461s][info][gc          ] GC(857) Pause Young (Allocation Failure) 402M->307M(401M) 1.654ms
[196.462s][info][gc,cpu      ] GC(857) User=0.01s Sys=0.00s Real=0.01s
[196.802s][info][gc,start    ] GC(858) Pause Young (Allocation Failure)
[196.805s][info][gc,heap     ] GC(858) PSYoungGen: 96466K(96768K)->416K(93696K) Eden: 95744K(95744K)->0K(93184K) From: 722K(1024K)->416K(512K)
[196.805s][info][gc,heap     ] GC(858) ParOldGen: 313835K(313856K)->314234K(314368K)
[196.805s][info][gc,metaspace] GC(858) Metaspace: 6105K(6208K)->6105K(6208K) NonClass: 5624K(5696K)->5624K(5696K) Class: 481K(512K)->481K(512K)
[196.805s][info][gc          ] GC(858) Pause Young (Allocation Failure) 400M->307M(398M) 2.365ms
[196.805s][info][gc,cpu      ] GC(858) User=0.00s Sys=0.00s Real=0.00s
[197.065s][info][gc,start    ] GC(859) Pause Young (Allocation Failure)
[197.066s][info][gc,heap     ] GC(859) PSYoungGen: 93600K(93696K)->658K(91648K) Eden: 93184K(93184K)->0K(90624K) From: 416K(512K)->658K(1024K)
[197.066s][info][gc,heap     ] GC(859) ParOldGen: 314234K(314368K)->314306K(314368K)
[197.066s][info][gc,metaspace] GC(859) Metaspace: 6105K(6208K)->6105K(6208K) NonClass: 5624K(5696K)->5624K(5696K) Class: 481K(512K)->481K(512K)
[197.066s][info][gc          ] GC(859) Pause Young (Allocation Failure) 398M->307M(396M) 1.272ms
[197.066s][info][gc,cpu      ] GC(859) User=0.00s Sys=0.00s Real=0.00s
[197.376s][info][gc,start    ] GC(860) Pause Young (Allocation Failure)
[197.379s][info][gc,heap     ] GC(860) PSYoungGen: 91282K(91648K)->658K(89088K) Eden: 90624K(90624K)->0K(88064K) From: 658K(1024K)->658K(1024K)
[197.379s][info][gc,heap     ] GC(860) ParOldGen: 314306K(314368K)->314346K(314368K)
[197.379s][info][gc,metaspace] GC(860) Metaspace: 6105K(6208K)->6105K(6208K) NonClass: 5624K(5696K)->5624K(5696K) Class: 481K(512K)->481K(512K)
[197.379s][info][gc          ] GC(860) Pause Young (Allocation Failure) 396M->307M(394M) 2.482ms
[197.379s][info][gc,cpu      ] GC(860) User=0.00s Sys=0.00s Real=0.00s
[197.682s][info][gc,start    ] GC(861) Pause Young (Allocation Failure)
[197.684s][info][gc,heap     ] GC(861) PSYoungGen: 88722K(89088K)->498K(86528K) Eden: 88064K(88064K)->0K(86016K) From: 658K(1024K)->498K(512K)
[197.684s][info][gc,heap     ] GC(861) ParOldGen: 314346K(314368K)->314538K(314880K)
[197.684s][info][gc,metaspace] GC(861) Metaspace: 6105K(6208K)->6105K(6208K) NonClass: 5624K(5696K)->5624K(5696K) Class: 481K(512K)->481K(512K)
[197.684s][info][gc          ] GC(861) Pause Young (Allocation Failure) 393M->307M(392M) 2.676ms
[197.684s][info][gc,cpu      ] GC(861) User=0.00s Sys=0.00s Real=0.00s
[198.016s][info][gc,start    ] GC(862) Pause Young (Allocation Failure)
[198.018s][info][gc,heap     ] GC(862) PSYoungGen: 86514K(86528K)->640K(199168K) Eden: 86016K(86016K)->0K(198144K) From: 498K(512K)->640K(1024K)
[198.018s][info][gc,heap     ] GC(862) ParOldGen: 314538K(314880K)->314538K(314880K)
[198.018s][info][gc,metaspace] GC(862) Metaspace: 6105K(6208K)->6105K(6208K) NonClass: 5624K(5696K)->5624K(5696K) Class: 481K(512K)->481K(512K)
[198.018s][info][gc          ] GC(862) Pause Young (Allocation Failure) 391M->307M(502M) 2.079ms
[198.018s][info][gc,cpu      ] GC(862) User=0.00s Sys=0.00s Real=0.00s
[198.696s][info][gc,start    ] GC(863) Pause Young (Allocation Failure)
[198.699s][info][gc,heap     ] GC(863) PSYoungGen: 198784K(199168K)->722K(192000K) Eden: 198144K(198144K)->0K(190976K) From: 640K(1024K)->722K(1024K)
[198.699s][info][gc,heap     ] GC(863) ParOldGen: 314538K(314880K)->314562K(314880K)
[198.699s][info][gc,metaspace] GC(863) Metaspace: 6105K(6208K)->6105K(6208K) NonClass: 5624K(5696K)->5624K(5696K) Class: 481K(512K)->481K(512K)
[198.699s][info][gc          ] GC(863) Pause Young (Allocation Failure) 501M->307M(495M) 3.260ms
[198.699s][info][gc,cpu      ] GC(863) User=0.00s Sys=0.00s Real=0.00s
[199.382s][info][gc,start    ] GC(864) Pause Young (Allocation Failure)
[199.384s][info][gc,heap     ] GC(864) PSYoungGen: 191698K(192000K)->690K(185344K) Eden: 190976K(190976K)->0K(184320K) From: 722K(1024K)->690K(1024K)
[199.384s][info][gc,heap     ] GC(864) ParOldGen: 314562K(314880K)->314562K(314880K)
[199.384s][info][gc,metaspace] GC(864) Metaspace: 6105K(6208K)->6105K(6208K) NonClass: 5624K(5696K)->5624K(5696K) Class: 481K(512K)->481K(512K)
[199.384s][info][gc          ] GC(864) Pause Young (Allocation Failure) 494M->307M(488M) 2.673ms
[199.384s][info][gc,cpu      ] GC(864) User=0.01s Sys=0.00s Real=0.00s
[200.157s][info][gc,start    ] GC(865) Pause Young (Allocation Failure)
[200.160s][info][gc,heap     ] GC(865) PSYoungGen: 185010K(185344K)->498K(178176K) Eden: 184320K(184320K)->0K(177664K) From: 690K(1024K)->498K(512K)
[200.160s][info][gc,heap     ] GC(865) ParOldGen: 314562K(314880K)->314754K(314880K)
[200.160s][info][gc,metaspace] GC(865) Metaspace: 6110K(6208K)->6110K(6208K) NonClass: 5629K(5696K)->5629K(5696K) Class: 481K(512K)->481K(512K)
[200.160s][info][gc          ] GC(865) Pause Young (Allocation Failure) 487M->307M(481M) 2.871ms
[200.160s][info][gc,cpu      ] GC(865) User=0.01s Sys=0.00s Real=0.00s
[200.720s][info][gc,start    ] GC(866) Pause Young (Allocation Failure)
[200.723s][info][gc,heap     ] GC(866) PSYoungGen: 178162K(178176K)->704K(172544K) Eden: 177664K(177664K)->0K(171520K) From: 498K(512K)->704K(1024K)
[200.723s][info][gc,heap     ] GC(866) ParOldGen: 314754K(314880K)->314754K(314880K)
[200.723s][info][gc,metaspace] GC(866) Metaspace: 6110K(6208K)->6110K(6208K) NonClass: 5629K(5696K)->5629K(5696K) Class: 481K(512K)->481K(512K)
[200.723s][info][gc          ] GC(866) Pause Young (Allocation Failure) 481M->308M(476M) 2.537ms
[200.723s][info][gc,cpu      ] GC(866) User=0.00s Sys=0.00s Real=0.01s
[201.376s][info][gc,start    ] GC(867) Pause Young (Allocation Failure)
[201.378s][info][gc,heap     ] GC(867) PSYoungGen: 172224K(172544K)->704K(166400K) Eden: 171520K(171520K)->0K(165376K) From: 704K(1024K)->704K(1024K)
[201.378s][info][gc,heap     ] GC(867) ParOldGen: 314754K(314880K)->314778K(314880K)
[201.378s][info][gc,metaspace] GC(867) Metaspace: 6110K(6208K)->6110K(6208K) NonClass: 5629K(5696K)->5629K(5696K) Class: 481K(512K)->481K(512K)
[201.378s][info][gc          ] GC(867) Pause Young (Allocation Failure) 475M->308M(470M) 2.941ms
[201.378s][info][gc,cpu      ] GC(867) User=0.00s Sys=0.00s Real=0.00s
[201.777s][info][gc,start    ] GC(868) Pause Young (Allocation Failure)
[201.779s][info][gc,heap     ] GC(868) PSYoungGen: 166080K(166400K)->626K(160768K) Eden: 165376K(165376K)->0K(159744K) From: 704K(1024K)->626K(1024K)
[201.779s][info][gc,heap     ] GC(868) ParOldGen: 314778K(314880K)->314778K(314880K)
[201.779s][info][gc,metaspace] GC(868) Metaspace: 6110K(6208K)->6110K(6208K) NonClass: 5629K(5696K)->5629K(5696K) Class: 481K(512K)->481K(512K)
[201.779s][info][gc          ] GC(868) Pause Young (Allocation Failure) 469M->308M(464M) 2.206ms
[201.779s][info][gc,cpu      ] GC(868) User=0.00s Sys=0.00s Real=0.00s
[202.254s][info][gc,start    ] GC(869) Pause Young (Allocation Failure)
[202.258s][info][gc,heap     ] GC(869) PSYoungGen: 160370K(160768K)->498K(154624K) Eden: 159744K(159744K)->0K(154112K) From: 626K(1024K)->498K(512K)
[202.259s][info][gc,heap     ] GC(869) ParOldGen: 314778K(314880K)->314962K(315392K)
[202.259s][info][gc,metaspace] GC(869) Metaspace: 6110K(6208K)->6110K(6208K) NonClass: 5629K(5696K)->5629K(5696K) Class: 481K(512K)->481K(512K)
[202.259s][info][gc          ] GC(869) Pause Young (Allocation Failure) 464M->308M(459M) 4.298ms
[202.259s][info][gc,cpu      ] GC(869) User=0.01s Sys=0.00s Real=0.00s
[202.673s][info][gc,start    ] GC(870) Pause Young (Allocation Failure)
[202.681s][info][gc,heap     ] GC(870) PSYoungGen: 154610K(154624K)->837K(150016K) Eden: 154112K(154112K)->0K(148992K) From: 498K(512K)->837K(1024K)
[202.681s][info][gc,heap     ] GC(870) ParOldGen: 314962K(315392K)->314962K(315392K)
[202.681s][info][gc,metaspace] GC(870) Metaspace: 6110K(6208K)->6110K(6208K) NonClass: 5629K(5696K)->5629K(5696K) Class: 481K(512K)->481K(512K)
[202.681s][info][gc          ] GC(870) Pause Young (Allocation Failure) 458M->308M(454M) 8.039ms
[202.681s][info][gc,cpu      ] GC(870) User=0.01s Sys=0.00s Real=0.01s
[202.953s][info][gc,start    ] GC(871) Pause Young (Allocation Failure)
[202.956s][info][gc,heap     ] GC(871) PSYoungGen: 149829K(150016K)->722K(144896K) Eden: 148992K(148992K)->0K(143872K) From: 837K(1024K)->722K(1024K)
[202.956s][info][gc,heap     ] GC(871) ParOldGen: 314962K(315392K)->315018K(315392K)
[202.956s][info][gc,metaspace] GC(871) Metaspace: 6110K(6208K)->6110K(6208K) NonClass: 5629K(5696K)->5629K(5696K) Class: 481K(512K)->481K(512K)
[202.956s][info][gc          ] GC(871) Pause Young (Allocation Failure) 453M->308M(449M) 3.113ms
[202.956s][info][gc,cpu      ] GC(871) User=0.00s Sys=0.00s Real=0.00s
[203.299s][info][gc,start    ] GC(872) Pause Young (Allocation Failure)
[203.302s][info][gc,heap     ] GC(872) PSYoungGen: 144594K(144896K)->658K(140288K) Eden: 143872K(143872K)->0K(139264K) From: 722K(1024K)->658K(1024K)
[203.302s][info][gc,heap     ] GC(872) ParOldGen: 315018K(315392K)->315018K(315392K)
[203.302s][info][gc,metaspace] GC(872) Metaspace: 6110K(6208K)->6110K(6208K) NonClass: 5629K(5696K)->5629K(5696K) Class: 481K(512K)->481K(512K)
[203.302s][info][gc          ] GC(872) Pause Young (Allocation Failure) 448M->308M(445M) 2.449ms
[203.302s][info][gc,cpu      ] GC(872) User=0.01s Sys=0.00s Real=0.01s
[203.616s][info][gc,start    ] GC(873) Pause Young (Allocation Failure)
[203.620s][info][gc,heap     ] GC(873) PSYoungGen: 139922K(140288K)->498K(135168K) Eden: 139264K(139264K)->0K(134656K) From: 658K(1024K)->498K(512K)
[203.620s][info][gc,heap     ] GC(873) ParOldGen: 315018K(315392K)->315226K(315392K)
[203.620s][info][gc,metaspace] GC(873) Metaspace: 6110K(6208K)->6110K(6208K) NonClass: 5629K(5696K)->5629K(5696K) Class: 481K(512K)->481K(512K)
[203.620s][info][gc          ] GC(873) Pause Young (Allocation Failure) 444M->308M(440M) 3.827ms
[203.620s][info][gc,cpu      ] GC(873) User=0.00s Sys=0.00s Real=0.00s
[203.955s][info][gc,start    ] GC(874) Pause Young (Allocation Failure)
[203.960s][info][gc,heap     ] GC(874) PSYoungGen: 135154K(135168K)->869K(162816K) Eden: 134656K(134656K)->0K(161792K) From: 498K(512K)->869K(1024K)
[203.960s][info][gc,heap     ] GC(874) ParOldGen: 315226K(315392K)->315226K(315392K)
[203.960s][info][gc,metaspace] GC(874) Metaspace: 6110K(6208K)->6110K(6208K) NonClass: 5629K(5696K)->5629K(5696K) Class: 481K(512K)->481K(512K)
[203.960s][info][gc          ] GC(874) Pause Young (Allocation Failure) 439M->308M(467M) 5.410ms
[203.961s][info][gc,cpu      ] GC(874) User=0.01s Sys=0.00s Real=0.01s
[204.296s][info][gc,start    ] GC(875) Pause Young (Allocation Failure)
[204.299s][info][gc,heap     ] GC(875) PSYoungGen: 162661K(162816K)->626K(157184K) Eden: 161792K(161792K)->0K(156160K) From: 869K(1024K)->626K(1024K)
[204.299s][info][gc,heap     ] GC(875) ParOldGen: 315226K(315392K)->315306K(315392K)
[204.299s][info][gc,metaspace] GC(875) Metaspace: 6110K(6208K)->6110K(6208K) NonClass: 5629K(5696K)->5629K(5696K) Class: 481K(512K)->481K(512K)
[204.299s][info][gc          ] GC(875) Pause Young (Allocation Failure) 466M->308M(461M) 2.406ms
[204.299s][info][gc,cpu      ] GC(875) User=0.00s Sys=0.00s Real=0.00s
[204.722s][info][gc,start    ] GC(876) Pause Young (Allocation Failure)
[204.724s][info][gc,heap     ] GC(876) PSYoungGen: 156786K(157184K)->800K(152064K) Eden: 156160K(156160K)->0K(151040K) From: 626K(1024K)->800K(1024K)
[204.724s][info][gc,heap     ] GC(876) ParOldGen: 315306K(315392K)->315306K(315392K)
[204.724s][info][gc,metaspace] GC(876) Metaspace: 6110K(6208K)->6110K(6208K) NonClass: 5629K(5696K)->5629K(5696K) Class: 481K(512K)->481K(512K)
[204.724s][info][gc          ] GC(876) Pause Young (Allocation Failure) 461M->308M(456M) 1.691ms
[204.724s][info][gc,cpu      ] GC(876) User=0.01s Sys=0.00s Real=0.00s
[205.091s][info][gc,start    ] GC(877) Pause Young (Allocation Failure)
[205.093s][info][gc,heap     ] GC(877) PSYoungGen: 151840K(152064K)->512K(146432K) Eden: 151040K(151040K)->0K(145920K) From: 800K(1024K)->512K(512K)
[205.093s][info][gc,heap     ] GC(877) ParOldGen: 315306K(315392K)->315522K(315904K)
[205.093s][info][gc,metaspace] GC(877) Metaspace: 6110K(6208K)->6110K(6208K) NonClass: 5629K(5696K)->5629K(5696K) Class: 481K(512K)->481K(512K)
[205.093s][info][gc          ] GC(877) Pause Young (Allocation Failure) 456M->308M(451M) 2.425ms
[205.093s][info][gc,cpu      ] GC(877) User=0.01s Sys=0.00s Real=0.00s
[205.476s][info][gc,start    ] GC(878) Pause Young (Allocation Failure)
[205.478s][info][gc,heap     ] GC(878) PSYoungGen: 146432K(146432K)->709K(142336K) Eden: 145920K(145920K)->0K(141312K) From: 512K(512K)->709K(1024K)
[205.478s][info][gc,heap     ] GC(878) ParOldGen: 315522K(315904K)->315522K(315904K)
[205.478s][info][gc,metaspace] GC(878) Metaspace: 6110K(6208K)->6110K(6208K) NonClass: 5629K(5696K)->5629K(5696K) Class: 481K(512K)->481K(512K)
[205.478s][info][gc          ] GC(878) Pause Young (Allocation Failure) 451M->308M(447M) 2.593ms
[205.478s][info][gc,cpu      ] GC(878) User=0.00s Sys=0.00s Real=0.00s
[205.762s][info][gc,start    ] GC(879) Pause Young (Allocation Failure)
[205.763s][info][gc,heap     ] GC(879) PSYoungGen: 142021K(142336K)->608K(137728K) Eden: 141312K(141312K)->0K(136704K) From: 709K(1024K)->608K(1024K)
[205.763s][info][gc,heap     ] GC(879) ParOldGen: 315522K(315904K)->315554K(315904K)
[205.763s][info][gc,metaspace] GC(879) Metaspace: 6110K(6208K)->6110K(6208K) NonClass: 5629K(5696K)->5629K(5696K) Class: 481K(512K)->481K(512K)
[205.763s][info][gc          ] GC(879) Pause Young (Allocation Failure) 446M->308M(443M) 1.364ms
[205.763s][info][gc,cpu      ] GC(879) User=0.01s Sys=0.00s Real=0.00s
[206.098s][info][gc,start    ] GC(880) Pause Young (Allocation Failure)
[206.100s][info][gc,heap     ] GC(880) PSYoungGen: 137312K(137728K)->704K(133120K) Eden: 136704K(136704K)->0K(132096K) From: 608K(1024K)->704K(1024K)
[206.100s][info][gc,heap     ] GC(880) ParOldGen: 315554K(315904K)->315554K(315904K)
[206.100s][info][gc,metaspace] GC(880) Metaspace: 6110K(6208K)->6110K(6208K) NonClass: 5629K(5696K)->5629K(5696K) Class: 481K(512K)->481K(512K)
[206.100s][info][gc          ] GC(880) Pause Young (Allocation Failure) 442M->308M(438M) 1.979ms
[206.100s][info][gc,cpu      ] GC(880) User=0.00s Sys=0.00s Real=0.00s
[206.483s][info][gc,start    ] GC(881) Pause Young (Allocation Failure)
[206.485s][info][gc,heap     ] GC(881) PSYoungGen: 132800K(133120K)->512K(128512K) Eden: 132096K(132096K)->0K(128000K) From: 704K(1024K)->512K(512K)
[206.485s][info][gc,heap     ] GC(881) ParOldGen: 315554K(315904K)->315794K(315904K)
[206.485s][info][gc,metaspace] GC(881) Metaspace: 6110K(6208K)->6110K(6208K) NonClass: 5629K(5696K)->5629K(5696K) Class: 481K(512K)->481K(512K)
[206.485s][info][gc          ] GC(881) Pause Young (Allocation Failure) 437M->308M(434M) 2.022ms
[206.485s][info][gc,cpu      ] GC(881) User=0.00s Sys=0.00s Real=0.00s
[206.798s][info][gc,start    ] GC(882) Pause Young (Allocation Failure)
[206.801s][info][gc,heap     ] GC(882) PSYoungGen: 128512K(128512K)->754K(124928K) Eden: 128000K(128000K)->0K(123904K) From: 512K(512K)->754K(1024K)
[206.801s][info][gc,heap     ] GC(882) ParOldGen: 315794K(315904K)->315794K(315904K)
[206.801s][info][gc,metaspace] GC(882) Metaspace: 6110K(6208K)->6110K(6208K) NonClass: 5629K(5696K)->5629K(5696K) Class: 481K(512K)->481K(512K)
[206.801s][info][gc          ] GC(882) Pause Young (Allocation Failure) 433M->309M(430M) 2.919ms
[206.801s][info][gc,cpu      ] GC(882) User=0.00s Sys=0.00s Real=0.01s
[207.113s][info][gc,start    ] GC(883) Pause Young (Allocation Failure)
[207.114s][info][gc,heap     ] GC(883) PSYoungGen: 124658K(124928K)->768K(121344K) Eden: 123904K(123904K)->0K(120320K) From: 754K(1024K)->768K(1024K)
[207.114s][info][gc,heap     ] GC(883) ParOldGen: 315794K(315904K)->315818K(315904K)
[207.114s][info][gc,metaspace] GC(883) Metaspace: 6110K(6208K)->6110K(6208K) NonClass: 5629K(5696K)->5629K(5696K) Class: 481K(512K)->481K(512K)
[207.114s][info][gc          ] GC(883) Pause Young (Allocation Failure) 430M->309M(427M) 1.627ms
[207.114s][info][gc,cpu      ] GC(883) User=0.00s Sys=0.00s Real=0.00s
[207.336s][info][gc,start    ] GC(884) Pause Young (Allocation Failure)
[207.338s][info][gc,heap     ] GC(884) PSYoungGen: 121088K(121344K)->658K(117760K) Eden: 120320K(120320K)->0K(116736K) From: 768K(1024K)->658K(1024K)
[207.338s][info][gc,heap     ] GC(884) ParOldGen: 315818K(315904K)->315818K(315904K)
[207.338s][info][gc,metaspace] GC(884) Metaspace: 6110K(6208K)->6110K(6208K) NonClass: 5629K(5696K)->5629K(5696K) Class: 481K(512K)->481K(512K)
[207.338s][info][gc          ] GC(884) Pause Young (Allocation Failure) 426M->309M(423M) 1.910ms
[207.338s][info][gc,cpu      ] GC(884) User=0.00s Sys=0.00s Real=0.00s
[207.578s][info][gc,start    ] GC(885) Pause Young (Allocation Failure)
[207.581s][info][gc,heap     ] GC(885) PSYoungGen: 117394K(117760K)->498K(113664K) Eden: 116736K(116736K)->0K(113152K) From: 658K(1024K)->498K(512K)
[207.581s][info][gc,heap     ] GC(885) ParOldGen: 315818K(315904K)->315962K(316416K)
[207.581s][info][gc,metaspace] GC(885) Metaspace: 6110K(6208K)->6110K(6208K) NonClass: 5629K(5696K)->5629K(5696K) Class: 481K(512K)->481K(512K)
[207.581s][info][gc          ] GC(885) Pause Young (Allocation Failure) 423M->309M(420M) 2.732ms
[207.581s][info][gc,cpu      ] GC(885) User=0.00s Sys=0.00s Real=0.01s
[207.821s][info][gc,start    ] GC(886) Pause Young (Allocation Failure)
[207.823s][info][gc,heap     ] GC(886) PSYoungGen: 113650K(113664K)->709K(111104K) Eden: 113152K(113152K)->0K(110080K) From: 498K(512K)->709K(1024K)
[207.824s][info][gc,heap     ] GC(886) ParOldGen: 315962K(316416K)->315962K(316416K)
[207.824s][info][gc,metaspace] GC(886) Metaspace: 6110K(6208K)->6110K(6208K) NonClass: 5629K(5696K)->5629K(5696K) Class: 481K(512K)->481K(512K)
[207.824s][info][gc          ] GC(886) Pause Young (Allocation Failure) 419M->309M(417M) 2.535ms
[207.824s][info][gc,cpu      ] GC(886) User=0.00s Sys=0.00s Real=0.00s
[208.063s][info][gc,start    ] GC(887) Pause Young (Allocation Failure)
[208.065s][info][gc,heap     ] GC(887) PSYoungGen: 110789K(111104K)->818K(108032K) Eden: 110080K(110080K)->0K(107008K) From: 709K(1024K)->818K(1024K)
[208.065s][info][gc,heap     ] GC(887) ParOldGen: 315962K(316416K)->316018K(316416K)
[208.065s][info][gc,metaspace] GC(887) Metaspace: 6110K(6208K)->6110K(6208K) NonClass: 5629K(5696K)->5629K(5696K) Class: 481K(512K)->481K(512K)
[208.065s][info][gc          ] GC(887) Pause Young (Allocation Failure) 416M->309M(414M) 2.433ms
[208.065s][info][gc,cpu      ] GC(887) User=0.00s Sys=0.00s Real=0.00s
[208.337s][info][gc,start    ] GC(888) Pause Young (Allocation Failure)
[208.343s][info][gc,heap     ] GC(888) PSYoungGen: 107826K(108032K)->690K(129536K) Eden: 107008K(107008K)->0K(128512K) From: 818K(1024K)->690K(1024K)
[208.343s][info][gc,heap     ] GC(888) ParOldGen: 316018K(316416K)->316018K(316416K)
[208.343s][info][gc,metaspace] GC(888) Metaspace: 6110K(6208K)->6110K(6208K) NonClass: 5629K(5696K)->5629K(5696K) Class: 481K(512K)->481K(512K)
[208.343s][info][gc          ] GC(888) Pause Young (Allocation Failure) 413M->309M(435M) 5.697ms
[208.343s][info][gc,cpu      ] GC(888) User=0.00s Sys=0.00s Real=0.01s
[208.613s][info][gc,start    ] GC(889) Pause Young (Allocation Failure)
[208.615s][info][gc,heap     ] GC(889) PSYoungGen: 129202K(129536K)->498K(155136K) Eden: 128512K(128512K)->0K(154624K) From: 690K(1024K)->498K(512K)
[208.615s][info][gc,heap     ] GC(889) ParOldGen: 316018K(316416K)->316186K(316416K)
[208.615s][info][gc,metaspace] GC(889) Metaspace: 6110K(6208K)->6110K(6208K) NonClass: 5629K(5696K)->5629K(5696K) Class: 481K(512K)->481K(512K)
[208.615s][info][gc          ] GC(889) Pause Young (Allocation Failure) 434M->309M(460M) 2.085ms
[208.615s][info][gc,cpu      ] GC(889) User=0.00s Sys=0.00s Real=0.00s
[208.979s][info][gc,start    ] GC(890) Pause Young (Allocation Failure)
[208.981s][info][gc,heap     ] GC(890) PSYoungGen: 155122K(155136K)->773K(150528K) Eden: 154624K(154624K)->0K(149504K) From: 498K(512K)->773K(1024K)
[208.981s][info][gc,heap     ] GC(890) ParOldGen: 316186K(316416K)->316186K(316416K)
[208.981s][info][gc,metaspace] GC(890) Metaspace: 6110K(6208K)->6110K(6208K) NonClass: 5629K(5696K)->5629K(5696K) Class: 481K(512K)->481K(512K)
[208.981s][info][gc          ] GC(890) Pause Young (Allocation Failure) 460M->309M(456M) 1.440ms
[208.981s][info][gc,cpu      ] GC(890) User=0.00s Sys=0.00s Real=0.01s
[209.198s][info][gc,start    ] GC(891) Pause Young (Allocation Failure)
[209.199s][info][gc,heap     ] GC(891) PSYoungGen: 150277K(150528K)->672K(145408K) Eden: 149504K(149504K)->0K(144384K) From: 773K(1024K)->672K(1024K)
[209.199s][info][gc,heap     ] GC(891) ParOldGen: 316186K(316416K)->316226K(316416K)
[209.199s][info][gc,metaspace] GC(891) Metaspace: 6110K(6208K)->6110K(6208K) NonClass: 5629K(5696K)->5629K(5696K) Class: 481K(512K)->481K(512K)
[209.199s][info][gc          ] GC(891) Pause Young (Allocation Failure) 455M->309M(451M) 1.347ms
[209.199s][info][gc,cpu      ] GC(891) User=0.00s Sys=0.00s Real=0.00s
[209.529s][info][gc,start    ] GC(892) Pause Young (Allocation Failure)
[209.532s][info][gc,heap     ] GC(892) PSYoungGen: 145056K(145408K)->754K(140800K) Eden: 144384K(144384K)->0K(139776K) From: 672K(1024K)->754K(1024K)
[209.532s][info][gc,heap     ] GC(892) ParOldGen: 316226K(316416K)->316226K(316416K)
[209.532s][info][gc,metaspace] GC(892) Metaspace: 6110K(6208K)->6110K(6208K) NonClass: 5629K(5696K)->5629K(5696K) Class: 481K(512K)->481K(512K)
[209.532s][info][gc          ] GC(892) Pause Young (Allocation Failure) 450M->309M(446M) 2.311ms
[209.532s][info][gc,cpu      ] GC(892) User=0.00s Sys=0.00s Real=0.01s
[209.798s][info][gc,start    ] GC(893) Pause Young (Allocation Failure)
[209.800s][info][gc,heap     ] GC(893) PSYoungGen: 140530K(140800K)->498K(135680K) Eden: 139776K(139776K)->0K(135168K) From: 754K(1024K)->498K(512K)
[209.800s][info][gc,heap     ] GC(893) ParOldGen: 316226K(316416K)->316362K(316416K)
[209.800s][info][gc,metaspace] GC(893) Metaspace: 6110K(6208K)->6110K(6208K) NonClass: 5629K(5696K)->5629K(5696K) Class: 481K(512K)->481K(512K)
[209.800s][info][gc          ] GC(893) Pause Young (Allocation Failure) 446M->309M(441M) 1.979ms
[209.800s][info][gc,cpu      ] GC(893) User=0.01s Sys=0.00s Real=0.00s
[210.081s][info][gc,start    ] GC(894) Pause Young (Allocation Failure)
[210.083s][info][gc,heap     ] GC(894) PSYoungGen: 135666K(135680K)->741K(132096K) Eden: 135168K(135168K)->0K(131072K) From: 498K(512K)->741K(1024K)
[210.083s][info][gc,heap     ] GC(894) ParOldGen: 316362K(316416K)->316362K(316416K)
[210.083s][info][gc,metaspace] GC(894) Metaspace: 6110K(6208K)->6110K(6208K) NonClass: 5629K(5696K)->5629K(5696K) Class: 481K(512K)->481K(512K)
[210.083s][info][gc          ] GC(894) Pause Young (Allocation Failure) 441M->309M(438M) 1.734ms
[210.083s][info][gc,cpu      ] GC(894) User=0.01s Sys=0.00s Real=0.00s
[210.364s][info][gc,start    ] GC(895) Pause Young (Allocation Failure)
[210.367s][info][gc,heap     ] GC(895) PSYoungGen: 131813K(132096K)->768K(128000K) Eden: 131072K(131072K)->0K(126976K) From: 741K(1024K)->768K(1024K)
[210.367s][info][gc,heap     ] GC(895) ParOldGen: 316362K(316416K)->316402K(316416K)
[210.367s][info][gc,metaspace] GC(895) Metaspace: 6110K(6208K)->6110K(6208K) NonClass: 5629K(5696K)->5629K(5696K) Class: 481K(512K)->481K(512K)
[210.367s][info][gc          ] GC(895) Pause Young (Allocation Failure) 437M->309M(434M) 3.011ms
[210.367s][info][gc,cpu      ] GC(895) User=0.00s Sys=0.00s Real=0.00s
[210.669s][info][gc,start    ] GC(896) Pause Young (Allocation Failure)
[210.672s][info][gc,heap     ] GC(896) PSYoungGen: 127744K(128000K)->722K(123904K) Eden: 126976K(126976K)->0K(122880K) From: 768K(1024K)->722K(1024K)
[210.672s][info][gc,heap     ] GC(896) ParOldGen: 316402K(316416K)->316402K(316416K)
[210.672s][info][gc,metaspace] GC(896) Metaspace: 6110K(6208K)->6110K(6208K) NonClass: 5629K(5696K)->5629K(5696K) Class: 481K(512K)->481K(512K)
[210.672s][info][gc          ] GC(896) Pause Young (Allocation Failure) 433M->309M(430M) 2.729ms
[210.672s][info][gc,cpu      ] GC(896) User=0.00s Sys=0.00s Real=0.01s
[210.973s][info][gc,start    ] GC(897) Pause Young (Allocation Failure)
[210.975s][info][gc,heap     ] GC(897) PSYoungGen: 123602K(123904K)->498K(119808K) Eden: 122880K(122880K)->0K(119296K) From: 722K(1024K)->498K(512K)
[210.975s][info][gc,heap     ] GC(897) ParOldGen: 316402K(316416K)->316586K(316928K)
[210.975s][info][gc,metaspace] GC(897) Metaspace: 6110K(6208K)->6110K(6208K) NonClass: 5629K(5696K)->5629K(5696K) Class: 481K(512K)->481K(512K)
[210.975s][info][gc          ] GC(897) Pause Young (Allocation Failure) 429M->309M(426M) 2.707ms
[210.975s][info][gc,cpu      ] GC(897) User=0.00s Sys=0.00s Real=0.00s
[211.315s][info][gc,start    ] GC(898) Pause Young (Allocation Failure)
[211.320s][info][gc,heap     ] GC(898) PSYoungGen: 119794K(119808K)->800K(116736K) Eden: 119296K(119296K)->0K(115712K) From: 498K(512K)->800K(1024K)
[211.320s][info][gc,heap     ] GC(898) ParOldGen: 316586K(316928K)->316586K(316928K)
[211.320s][info][gc,metaspace] GC(898) Metaspace: 6110K(6208K)->6110K(6208K) NonClass: 5629K(5696K)->5629K(5696K) Class: 481K(512K)->481K(512K)
[211.320s][info][gc          ] GC(898) Pause Young (Allocation Failure) 426M->309M(423M) 5.084ms
[211.320s][info][gc,cpu      ] GC(898) User=0.00s Sys=0.00s Real=0.00s
[211.559s][info][gc,start    ] GC(899) Pause Young (Allocation Failure)
[211.561s][info][gc,heap     ] GC(899) PSYoungGen: 116512K(116736K)->768K(113152K) Eden: 115712K(115712K)->0K(112128K) From: 800K(1024K)->768K(1024K)
[211.561s][info][gc,heap     ] GC(899) ParOldGen: 316586K(316928K)->316666K(316928K)
[211.561s][info][gc,metaspace] GC(899) Metaspace: 6110K(6208K)->6110K(6208K) NonClass: 5629K(5696K)->5629K(5696K) Class: 481K(512K)->481K(512K)
[211.561s][info][gc          ] GC(899) Pause Young (Allocation Failure) 422M->309M(420M) 1.708ms
[211.561s][info][gc,cpu      ] GC(899) User=0.01s Sys=0.00s Real=0.01s
[211.855s][info][gc,start    ] GC(900) Pause Young (Allocation Failure)
[211.857s][info][gc,heap     ] GC(900) PSYoungGen: 112896K(113152K)->768K(110080K) Eden: 112128K(112128K)->0K(109056K) From: 768K(1024K)->768K(1024K)
[211.857s][info][gc,heap     ] GC(900) ParOldGen: 316666K(316928K)->316666K(316928K)
[211.857s][info][gc,metaspace] GC(900) Metaspace: 6110K(6208K)->6110K(6208K) NonClass: 5629K(5696K)->5629K(5696K) Class: 481K(512K)->481K(512K)
[211.857s][info][gc          ] GC(900) Pause Young (Allocation Failure) 419M->309M(417M) 1.689ms
[211.857s][info][gc,cpu      ] GC(900) User=0.00s Sys=0.00s Real=0.00s
[212.159s][info][gc,start    ] GC(901) Pause Young (Allocation Failure)
[212.162s][info][gc,heap     ] GC(901) PSYoungGen: 109824K(110080K)->498K(106496K) Eden: 109056K(109056K)->0K(105984K) From: 768K(1024K)->498K(512K)
[212.162s][info][gc,heap     ] GC(901) ParOldGen: 316666K(316928K)->316866K(316928K)
[212.162s][info][gc,metaspace] GC(901) Metaspace: 6110K(6208K)->6110K(6208K) NonClass: 5629K(5696K)->5629K(5696K) Class: 481K(512K)->481K(512K)
[212.162s][info][gc          ] GC(901) Pause Young (Allocation Failure) 416M->309M(413M) 2.340ms
[212.162s][info][gc,cpu      ] GC(901) User=0.00s Sys=0.00s Real=0.01s
[212.490s][info][gc,start    ] GC(902) Pause Young (Allocation Failure)
[212.492s][info][gc,heap     ] GC(902) PSYoungGen: 106482K(106496K)->549K(103936K) Eden: 105984K(105984K)->0K(102912K) From: 498K(512K)->549K(1024K)
[212.492s][info][gc,heap     ] GC(902) ParOldGen: 316866K(316928K)->316866K(316928K)
[212.492s][info][gc,metaspace] GC(902) Metaspace: 6110K(6208K)->6110K(6208K) NonClass: 5629K(5696K)->5629K(5696K) Class: 481K(512K)->481K(512K)
[212.492s][info][gc          ] GC(902) Pause Young (Allocation Failure) 413M->309M(411M) 2.251ms
[212.492s][info][gc,cpu      ] GC(902) User=0.01s Sys=0.00s Real=0.01s
[212.780s][info][gc,start    ] GC(903) Pause Young (Allocation Failure)
[212.783s][info][gc,heap     ] GC(903) PSYoungGen: 103461K(103936K)->658K(100864K) Eden: 102912K(102912K)->0K(99840K) From: 549K(1024K)->658K(1024K)
[212.783s][info][gc,heap     ] GC(903) ParOldGen: 316866K(316928K)->316946K(317440K)
[212.783s][info][gc,metaspace] GC(903) Metaspace: 6110K(6208K)->6110K(6208K) NonClass: 5629K(5696K)->5629K(5696K) Class: 481K(512K)->481K(512K)
[212.783s][info][gc          ] GC(903) Pause Young (Allocation Failure) 410M->310M(408M) 3.219ms
[212.783s][info][gc,cpu      ] GC(903) User=0.00s Sys=0.00s Real=0.01s
[213.064s][info][gc,start    ] GC(904) Pause Young (Allocation Failure)
[213.067s][info][gc,heap     ] GC(904) PSYoungGen: 100498K(100864K)->690K(98304K) Eden: 99840K(99840K)->0K(97280K) From: 658K(1024K)->690K(1024K)
[213.067s][info][gc,heap     ] GC(904) ParOldGen: 316946K(317440K)->316946K(317440K)
[213.067s][info][gc,metaspace] GC(904) Metaspace: 6110K(6208K)->6110K(6208K) NonClass: 5629K(5696K)->5629K(5696K) Class: 481K(512K)->481K(512K)
[213.067s][info][gc          ] GC(904) Pause Young (Allocation Failure) 407M->310M(406M) 2.181ms
[213.067s][info][gc,cpu      ] GC(904) User=0.00s Sys=0.00s Real=0.00s
[213.301s][info][gc,start    ] GC(905) Pause Young (Allocation Failure)
[213.303s][info][gc,heap     ] GC(905) PSYoungGen: 97970K(98304K)->498K(95232K) Eden: 97280K(97280K)->0K(94720K) From: 690K(1024K)->498K(512K)
[213.303s][info][gc,heap     ] GC(905) ParOldGen: 316946K(317440K)->317074K(317440K)
[213.303s][info][gc,metaspace] GC(905) Metaspace: 6110K(6208K)->6110K(6208K) NonClass: 5629K(5696K)->5629K(5696K) Class: 481K(512K)->481K(512K)
[213.303s][info][gc          ] GC(905) Pause Young (Allocation Failure) 405M->310M(403M) 2.154ms
[213.303s][info][gc,cpu      ] GC(905) User=0.00s Sys=0.00s Real=0.00s
[213.544s][info][gc,start    ] GC(906) Pause Young (Allocation Failure)
[213.546s][info][gc,heap     ] GC(906) PSYoungGen: 95218K(95232K)->709K(93184K) Eden: 94720K(94720K)->0K(92160K) From: 498K(512K)->709K(1024K)
[213.546s][info][gc,heap     ] GC(906) ParOldGen: 317074K(317440K)->317074K(317440K)
[213.546s][info][gc,metaspace] GC(906) Metaspace: 6110K(6208K)->6110K(6208K) NonClass: 5629K(5696K)->5629K(5696K) Class: 481K(512K)->481K(512K)
[213.546s][info][gc          ] GC(906) Pause Young (Allocation Failure) 402M->310M(401M) 2.205ms
[213.546s][info][gc,cpu      ] GC(906) User=0.00s Sys=0.00s Real=0.00s
[213.720s][info][gc,start    ] GC(907) Pause Young (Allocation Failure)
[213.721s][info][gc,heap     ] GC(907) PSYoungGen: 92869K(93184K)->640K(90624K) Eden: 92160K(92160K)->0K(89600K) From: 709K(1024K)->640K(1024K)
[213.721s][info][gc,heap     ] GC(907) ParOldGen: 317074K(317440K)->317122K(317440K)
[213.721s][info][gc,metaspace] GC(907) Metaspace: 6110K(6208K)->6110K(6208K) NonClass: 5629K(5696K)->5629K(5696K) Class: 481K(512K)->481K(512K)
[213.721s][info][gc          ] GC(907) Pause Young (Allocation Failure) 400M->310M(398M) 1.520ms
[213.721s][info][gc,cpu      ] GC(907) User=0.00s Sys=0.00s Real=0.01s
[213.952s][info][gc,start    ] GC(908) Pause Young (Allocation Failure)
[213.954s][info][gc,heap     ] GC(908) PSYoungGen: 90240K(90624K)->736K(88064K) Eden: 89600K(89600K)->0K(87040K) From: 640K(1024K)->736K(1024K)
[213.954s][info][gc,heap     ] GC(908) ParOldGen: 317122K(317440K)->317122K(317440K)
[213.954s][info][gc,metaspace] GC(908) Metaspace: 6110K(6208K)->6110K(6208K) NonClass: 5629K(5696K)->5629K(5696K) Class: 481K(512K)->481K(512K)
[213.954s][info][gc          ] GC(908) Pause Young (Allocation Failure) 397M->310M(396M) 1.588ms
[213.954s][info][gc,cpu      ] GC(908) User=0.00s Sys=0.00s Real=0.00s
[214.204s][info][gc,start    ] GC(909) Pause Young (Allocation Failure)
[214.206s][info][gc,heap     ] GC(909) PSYoungGen: 87776K(88064K)->498K(192512K) Eden: 87040K(87040K)->0K(192000K) From: 736K(1024K)->498K(512K)
[214.206s][info][gc,heap     ] GC(909) ParOldGen: 317122K(317440K)->317210K(317440K)
[214.206s][info][gc,metaspace] GC(909) Metaspace: 6110K(6208K)->6110K(6208K) NonClass: 5629K(5696K)->5629K(5696K) Class: 481K(512K)->481K(512K)
[214.206s][info][gc          ] GC(909) Pause Young (Allocation Failure) 395M->310M(498M) 1.980ms
[214.206s][info][gc,cpu      ] GC(909) User=0.00s Sys=0.00s Real=0.00s
[214.760s][info][gc,start    ] GC(910) Pause Young (Allocation Failure)
[214.762s][info][gc,heap     ] GC(910) PSYoungGen: 192498K(192512K)->786K(186368K) Eden: 192000K(192000K)->0K(185344K) From: 498K(512K)->786K(1024K)
[214.762s][info][gc,heap     ] GC(910) ParOldGen: 317210K(317440K)->317210K(317440K)
[214.762s][info][gc,metaspace] GC(910) Metaspace: 6110K(6208K)->6110K(6208K) NonClass: 5629K(5696K)->5629K(5696K) Class: 481K(512K)->481K(512K)
[214.762s][info][gc          ] GC(910) Pause Young (Allocation Failure) 497M->310M(492M) 1.605ms
[214.762s][info][gc,cpu      ] GC(910) User=0.00s Sys=0.00s Real=0.01s
[215.220s][info][gc,start    ] GC(911) Pause Young (Allocation Failure)
[215.222s][info][gc,heap     ] GC(911) PSYoungGen: 186130K(186368K)->640K(179712K) Eden: 185344K(185344K)->0K(178688K) From: 786K(1024K)->640K(1024K)
[215.222s][info][gc,heap     ] GC(911) ParOldGen: 317210K(317440K)->317258K(317440K)
[215.222s][info][gc,metaspace] GC(911) Metaspace: 6110K(6208K)->6110K(6208K) NonClass: 5629K(5696K)->5629K(5696K) Class: 481K(512K)->481K(512K)
[215.222s][info][gc          ] GC(911) Pause Young (Allocation Failure) 491M->310M(485M) 1.971ms
[215.222s][info][gc,cpu      ] GC(911) User=0.00s Sys=0.00s Real=0.01s
[215.755s][info][gc,start    ] GC(912) Pause Young (Allocation Failure)
[215.759s][info][gc,heap     ] GC(912) PSYoungGen: 179328K(179712K)->722K(173568K) Eden: 178688K(178688K)->0K(172544K) From: 640K(1024K)->722K(1024K)
[215.759s][info][gc,heap     ] GC(912) ParOldGen: 317258K(317440K)->317258K(317440K)
[215.759s][info][gc,metaspace] GC(912) Metaspace: 6110K(6208K)->6110K(6208K) NonClass: 5629K(5696K)->5629K(5696K) Class: 481K(512K)->481K(512K)
[215.759s][info][gc          ] GC(912) Pause Young (Allocation Failure) 484M->310M(479M) 3.715ms
[215.759s][info][gc,cpu      ] GC(912) User=0.00s Sys=0.00s Real=0.00s
[216.304s][info][gc,start    ] GC(913) Pause Young (Allocation Failure)
[216.307s][info][gc,heap     ] GC(913) PSYoungGen: 173266K(173568K)->512K(166912K) Eden: 172544K(172544K)->0K(166400K) From: 722K(1024K)->512K(512K)
[216.307s][info][gc,heap     ] GC(913) ParOldGen: 317258K(317440K)->317466K(317952K)
[216.307s][info][gc,metaspace] GC(913) Metaspace: 6110K(6208K)->6110K(6208K) NonClass: 5629K(5696K)->5629K(5696K) Class: 481K(512K)->481K(512K)
[216.307s][info][gc          ] GC(913) Pause Young (Allocation Failure) 479M->310M(473M) 2.534ms
[216.307s][info][gc,cpu      ] GC(913) User=0.01s Sys=0.00s Real=0.00s
[216.728s][info][gc,start    ] GC(914) Pause Young (Allocation Failure)
[216.730s][info][gc,heap     ] GC(914) PSYoungGen: 166912K(166912K)->736K(161792K) Eden: 166400K(166400K)->0K(160768K) From: 512K(512K)->736K(1024K)
[216.731s][info][gc,heap     ] GC(914) ParOldGen: 317466K(317952K)->317466K(317952K)
[216.731s][info][gc,metaspace] GC(914) Metaspace: 6110K(6208K)->6110K(6208K) NonClass: 5629K(5696K)->5629K(5696K) Class: 481K(512K)->481K(512K)
[216.731s][info][gc          ] GC(914) Pause Young (Allocation Failure) 473M->310M(468M) 2.729ms
[216.731s][info][gc,cpu      ] GC(914) User=0.00s Sys=0.00s Real=0.01s
[217.194s][info][gc,start    ] GC(915) Pause Young (Allocation Failure)
[217.196s][info][gc,heap     ] GC(915) PSYoungGen: 161504K(161792K)->672K(156160K) Eden: 160768K(160768K)->0K(155136K) From: 736K(1024K)->672K(1024K)
[217.196s][info][gc,heap     ] GC(915) ParOldGen: 317466K(317952K)->317482K(317952K)
[217.196s][info][gc,metaspace] GC(915) Metaspace: 6110K(6208K)->6110K(6208K) NonClass: 5629K(5696K)->5629K(5696K) Class: 481K(512K)->481K(512K)
[217.196s][info][gc          ] GC(915) Pause Young (Allocation Failure) 467M->310M(463M) 1.954ms
[217.196s][info][gc,cpu      ] GC(915) User=0.01s Sys=0.00s Real=0.00s
[217.609s][info][gc,start    ] GC(916) Pause Young (Allocation Failure)
[217.611s][info][gc,heap     ] GC(916) PSYoungGen: 155808K(156160K)->640K(151040K) Eden: 155136K(155136K)->0K(150016K) From: 672K(1024K)->640K(1024K)
[217.611s][info][gc,heap     ] GC(916) ParOldGen: 317482K(317952K)->317482K(317952K)
[217.611s][info][gc,metaspace] GC(916) Metaspace: 6110K(6208K)->6110K(6208K) NonClass: 5629K(5696K)->5629K(5696K) Class: 481K(512K)->481K(512K)
[217.611s][info][gc          ] GC(916) Pause Young (Allocation Failure) 462M->310M(458M) 1.589ms
[217.611s][info][gc,cpu      ] GC(916) User=0.00s Sys=0.00s Real=0.01s
[217.906s][info][gc,start    ] GC(917) Pause Young (Allocation Failure)
[217.907s][info][gc,heap     ] GC(917) PSYoungGen: 150656K(151040K)->512K(145408K) Eden: 150016K(150016K)->0K(144896K) From: 640K(1024K)->512K(512K)
[217.907s][info][gc,heap     ] GC(917) ParOldGen: 317482K(317952K)->317674K(317952K)
[217.907s][info][gc,metaspace] GC(917) Metaspace: 6110K(6208K)->6110K(6208K) NonClass: 5629K(5696K)->5629K(5696K) Class: 481K(512K)->481K(512K)
[217.907s][info][gc          ] GC(917) Pause Young (Allocation Failure) 457M->310M(452M) 1.514ms
[217.907s][info][gc,cpu      ] GC(917) User=0.00s Sys=0.00s Real=0.00s
[218.216s][info][gc,start    ] GC(918) Pause Young (Allocation Failure)
[218.217s][info][gc,heap     ] GC(918) PSYoungGen: 145408K(145408K)->704K(141312K) Eden: 144896K(144896K)->0K(140288K) From: 512K(512K)->704K(1024K)
[218.217s][info][gc,heap     ] GC(918) ParOldGen: 317674K(317952K)->317674K(317952K)
[218.217s][info][gc,metaspace] GC(918) Metaspace: 6110K(6208K)->6110K(6208K) NonClass: 5629K(5696K)->5629K(5696K) Class: 481K(512K)->481K(512K)
[218.217s][info][gc          ] GC(918) Pause Young (Allocation Failure) 452M->310M(448M) 1.303ms
[218.217s][info][gc,cpu      ] GC(918) User=0.00s Sys=0.00s Real=0.00s
[218.495s][info][gc,start    ] GC(919) Pause Young (Allocation Failure)
[218.497s][info][gc,heap     ] GC(919) PSYoungGen: 140992K(141312K)->736K(136704K) Eden: 140288K(140288K)->0K(135680K) From: 704K(1024K)->736K(1024K)
[218.497s][info][gc,heap     ] GC(919) ParOldGen: 317674K(317952K)->317690K(317952K)
[218.497s][info][gc,metaspace] GC(919) Metaspace: 6110K(6208K)->6110K(6208K) NonClass: 5629K(5696K)->5629K(5696K) Class: 481K(512K)->481K(512K)
[218.497s][info][gc          ] GC(919) Pause Young (Allocation Failure) 447M->310M(444M) 1.588ms
[218.497s][info][gc,cpu      ] GC(919) User=0.01s Sys=0.00s Real=0.00s
[218.761s][info][gc,start    ] GC(920) Pause Young (Allocation Failure)
[218.763s][info][gc,heap     ] GC(920) PSYoungGen: 136416K(136704K)->736K(132608K) Eden: 135680K(135680K)->0K(131584K) From: 736K(1024K)->736K(1024K)
[218.763s][info][gc,heap     ] GC(920) ParOldGen: 317690K(317952K)->317690K(317952K)
[218.763s][info][gc,metaspace] GC(920) Metaspace: 6110K(6208K)->6110K(6208K) NonClass: 5629K(5696K)->5629K(5696K) Class: 481K(512K)->481K(512K)
[218.763s][info][gc          ] GC(920) Pause Young (Allocation Failure) 443M->310M(440M) 1.933ms
[218.763s][info][gc,cpu      ] GC(920) User=0.00s Sys=0.00s Real=0.00s
[219.007s][info][gc,start    ] GC(921) Pause Young (Allocation Failure)
[219.008s][info][gc,heap     ] GC(921) PSYoungGen: 132320K(132608K)->512K(128000K) Eden: 131584K(131584K)->0K(127488K) From: 736K(1024K)->512K(512K)
[219.008s][info][gc,heap     ] GC(921) ParOldGen: 317690K(317952K)->317810K(317952K)
[219.008s][info][gc,metaspace] GC(921) Metaspace: 6110K(6208K)->6110K(6208K) NonClass: 5629K(5696K)->5629K(5696K) Class: 481K(512K)->481K(512K)
[219.008s][info][gc          ] GC(921) Pause Young (Allocation Failure) 439M->310M(435M) 1.497ms
[219.008s][info][gc,cpu      ] GC(921) User=0.00s Sys=0.00s Real=0.00s
[219.226s][info][gc,start    ] GC(922) Pause Young (Allocation Failure)
[219.227s][info][gc,heap     ] GC(922) PSYoungGen: 128000K(128000K)->402K(124416K) Eden: 127488K(127488K)->0K(123392K) From: 512K(512K)->402K(1024K)
[219.227s][info][gc,heap     ] GC(922) ParOldGen: 317810K(317952K)->318040K(318464K)
[219.227s][info][gc,metaspace] GC(922) Metaspace: 6110K(6208K)->6110K(6208K) NonClass: 5629K(5696K)->5629K(5696K) Class: 481K(512K)->481K(512K)
[219.227s][info][gc          ] GC(922) Pause Young (Allocation Failure) 435M->310M(432M) 1.632ms
[219.227s][info][gc,cpu      ] GC(922) User=0.01s Sys=0.00s Real=0.00s
[219.461s][info][gc,start    ] GC(923) Pause Young (Allocation Failure)
[219.462s][info][gc,heap     ] GC(923) PSYoungGen: 123794K(124416K)->370K(120320K) Eden: 123392K(123392K)->0K(119808K) From: 402K(1024K)->370K(512K)
[219.462s][info][gc,heap     ] GC(923) ParOldGen: 318040K(318464K)->318112K(318464K)
[219.462s][info][gc,metaspace] GC(923) Metaspace: 6110K(6208K)->6110K(6208K) NonClass: 5629K(5696K)->5629K(5696K) Class: 481K(512K)->481K(512K)
[219.462s][info][gc          ] GC(923) Pause Young (Allocation Failure) 431M->311M(428M) 1.359ms
[219.462s][info][gc,cpu      ] GC(923) User=0.00s Sys=0.00s Real=0.00s
[219.675s][info][gc,start    ] GC(924) Pause Young (Allocation Failure)
[219.676s][info][gc,heap     ] GC(924) PSYoungGen: 120178K(120320K)->672K(117248K) Eden: 119808K(119808K)->0K(116224K) From: 370K(512K)->672K(1024K)
[219.676s][info][gc,heap     ] GC(924) ParOldGen: 318112K(318464K)->318144K(318464K)
[219.676s][info][gc,metaspace] GC(924) Metaspace: 6110K(6208K)->6110K(6208K) NonClass: 5629K(5696K)->5629K(5696K) Class: 481K(512K)->481K(512K)
[219.676s][info][gc          ] GC(924) Pause Young (Allocation Failure) 428M->311M(425M) 1.382ms
[219.676s][info][gc,cpu      ] GC(924) User=0.00s Sys=0.00s Real=0.00s
[219.880s][info][gc,start    ] GC(925) Pause Young (Allocation Failure)
[219.882s][info][gc,heap     ] GC(925) PSYoungGen: 116896K(117248K)->704K(113664K) Eden: 116224K(116224K)->0K(112640K) From: 672K(1024K)->704K(1024K)
[219.882s][info][gc,heap     ] GC(925) ParOldGen: 318144K(318464K)->318144K(318464K)
[219.882s][info][gc,metaspace] GC(925) Metaspace: 6110K(6208K)->6110K(6208K) NonClass: 5629K(5696K)->5629K(5696K) Class: 481K(512K)->481K(512K)
[219.882s][info][gc          ] GC(925) Pause Young (Allocation Failure) 424M->311M(422M) 1.703ms
[219.882s][info][gc,cpu      ] GC(925) User=0.00s Sys=0.00s Real=0.01s
[220.081s][info][gc,start    ] GC(926) Pause Young (Allocation Failure)
[220.082s][info][gc,heap     ] GC(926) PSYoungGen: 113344K(113664K)->672K(110592K) Eden: 112640K(112640K)->0K(109568K) From: 704K(1024K)->672K(1024K)
[220.083s][info][gc,heap     ] GC(926) ParOldGen: 318144K(318464K)->318144K(318464K)
[220.083s][info][gc,metaspace] GC(926) Metaspace: 6110K(6208K)->6110K(6208K) NonClass: 5629K(5696K)->5629K(5696K) Class: 481K(512K)->481K(512K)
[220.083s][info][gc          ] GC(926) Pause Young (Allocation Failure) 421M->311M(419M) 1.844ms
[220.083s][info][gc,cpu      ] GC(926) User=0.01s Sys=0.00s Real=0.00s
[220.272s][info][gc,start    ] GC(927) Pause Young (Allocation Failure)
[220.274s][info][gc,heap     ] GC(927) PSYoungGen: 110240K(110592K)->384K(107008K) Eden: 109568K(109568K)->0K(106496K) From: 672K(1024K)->384K(512K)
[220.274s][info][gc,heap     ] GC(927) ParOldGen: 318144K(318464K)->318451K(318464K)
[220.274s][info][gc,metaspace] GC(927) Metaspace: 6110K(6208K)->6110K(6208K) NonClass: 5629K(5696K)->5629K(5696K) Class: 481K(512K)->481K(512K)
[220.274s][info][gc          ] GC(927) Pause Young (Allocation Failure) 418M->311M(415M) 1.726ms
[220.274s][info][gc,cpu      ] GC(927) User=0.00s Sys=0.00s Real=0.00s
[220.442s][info][gc,start    ] GC(928) Pause Young (Allocation Failure)
[220.444s][info][gc,heap     ] GC(928) PSYoungGen: 106880K(107008K)->512K(104448K) Eden: 106496K(106496K)->0K(103424K) From: 384K(512K)->512K(1024K)
[220.444s][info][gc,heap     ] GC(928) ParOldGen: 318451K(318464K)->318810K(318976K)
[220.444s][info][gc,metaspace] GC(928) Metaspace: 6110K(6208K)->6110K(6208K) NonClass: 5629K(5696K)->5629K(5696K) Class: 481K(512K)->481K(512K)
[220.444s][info][gc          ] GC(928) Pause Young (Allocation Failure) 415M->311M(413M) 2.193ms
[220.444s][info][gc,cpu      ] GC(928) User=0.00s Sys=0.00s Real=0.00s
[220.600s][info][gc,start    ] GC(929) Pause Young (Allocation Failure)
[220.601s][info][gc,heap     ] GC(929) PSYoungGen: 103936K(104448K)->754K(101376K) Eden: 103424K(103424K)->0K(100352K) From: 512K(1024K)->754K(1024K)
[220.601s][info][gc,heap     ] GC(929) ParOldGen: 318810K(318976K)->318954K(318976K)
[220.601s][info][gc,metaspace] GC(929) Metaspace: 6110K(6208K)->6110K(6208K) NonClass: 5629K(5696K)->5629K(5696K) Class: 481K(512K)->481K(512K)
[220.601s][info][gc          ] GC(929) Pause Young (Allocation Failure) 412M->312M(410M) 1.933ms
[220.601s][info][gc,cpu      ] GC(929) User=0.00s Sys=0.00s Real=0.01s
[220.773s][info][gc,start    ] GC(930) Pause Young (Allocation Failure)
[220.774s][info][gc,heap     ] GC(930) PSYoungGen: 101106K(101376K)->608K(98816K) Eden: 100352K(100352K)->0K(97792K) From: 754K(1024K)->608K(1024K)
[220.774s][info][gc,heap     ] GC(930) ParOldGen: 318954K(318976K)->319018K(319488K)
[220.774s][info][gc,metaspace] GC(930) Metaspace: 6110K(6208K)->6110K(6208K) NonClass: 5629K(5696K)->5629K(5696K) Class: 481K(512K)->481K(512K)
[220.774s][info][gc          ] GC(930) Pause Young (Allocation Failure) 410M->312M(408M) 1.416ms
[220.774s][info][gc,cpu      ] GC(930) User=0.00s Sys=0.00s Real=0.00s
[220.936s][info][gc,start    ] GC(931) Pause Young (Allocation Failure)
[220.937s][info][gc,heap     ] GC(931) PSYoungGen: 98400K(98816K)->512K(95744K) Eden: 97792K(97792K)->0K(95232K) From: 608K(1024K)->512K(512K)
[220.937s][info][gc,heap     ] GC(931) ParOldGen: 319018K(319488K)->319154K(319488K)
[220.937s][info][gc,metaspace] GC(931) Metaspace: 6110K(6208K)->6110K(6208K) NonClass: 5629K(5696K)->5629K(5696K) Class: 481K(512K)->481K(512K)
[220.937s][info][gc          ] GC(931) Pause Young (Allocation Failure) 407M->312M(405M) 1.364ms
[220.937s][info][gc,cpu      ] GC(931) User=0.01s Sys=0.00s Real=0.00s
[221.088s][info][gc,start    ] GC(932) Pause Young (Allocation Failure)
[221.090s][info][gc,heap     ] GC(932) PSYoungGen: 95744K(95744K)->677K(93696K) Eden: 95232K(95232K)->0K(92672K) From: 512K(512K)->677K(1024K)
[221.090s][info][gc,heap     ] GC(932) ParOldGen: 319154K(319488K)->319154K(319488K)
[221.090s][info][gc,metaspace] GC(932) Metaspace: 6110K(6208K)->6110K(6208K) NonClass: 5629K(5696K)->5629K(5696K) Class: 481K(512K)->481K(512K)
[221.090s][info][gc          ] GC(932) Pause Young (Allocation Failure) 405M->312M(403M) 1.370ms
[221.090s][info][gc,cpu      ] GC(932) User=0.00s Sys=0.00s Real=0.00s
[221.230s][info][gc,start    ] GC(933) Pause Young (Allocation Failure)
[221.232s][info][gc,heap     ] GC(933) PSYoungGen: 93349K(93696K)->416K(90624K) Eden: 92672K(92672K)->0K(90112K) From: 677K(1024K)->416K(512K)
[221.232s][info][gc,heap     ] GC(933) ParOldGen: 319154K(319488K)->319500K(320000K)
[221.232s][info][gc,metaspace] GC(933) Metaspace: 6110K(6208K)->6110K(6208K) NonClass: 5629K(5696K)->5629K(5696K) Class: 481K(512K)->481K(512K)
[221.232s][info][gc          ] GC(933) Pause Young (Allocation Failure) 402M->312M(401M) 1.979ms
[221.232s][info][gc,cpu      ] GC(933) User=0.00s Sys=0.00s Real=0.01s
[221.379s][info][gc,start    ] GC(934) Pause Young (Allocation Failure)
[221.381s][info][gc,heap     ] GC(934) PSYoungGen: 90528K(90624K)->690K(88576K) Eden: 90112K(90112K)->0K(87552K) From: 416K(512K)->690K(1024K)
[221.381s][info][gc,heap     ] GC(934) ParOldGen: 319500K(320000K)->319588K(320000K)
[221.381s][info][gc,metaspace] GC(934) Metaspace: 6110K(6208K)->6110K(6208K) NonClass: 5629K(5696K)->5629K(5696K) Class: 481K(512K)->481K(512K)
[221.381s][info][gc          ] GC(934) Pause Young (Allocation Failure) 400M->312M(399M) 1.618ms
[221.381s][info][gc,cpu      ] GC(934) User=0.00s Sys=0.00s Real=0.01s
[221.521s][info][gc,start    ] GC(935) Pause Young (Allocation Failure)
[221.632s][info][gc,heap     ] GC(935) PSYoungGen: 88242K(88576K)->512K(105984K) Eden: 87552K(87552K)->0K(105472K) From: 690K(1024K)->512K(512K)
[221.632s][info][gc,heap     ] GC(935) ParOldGen: 319588K(320000K)->319915K(320000K)
[221.632s][info][gc,metaspace] GC(935) Metaspace: 6110K(6208K)->6110K(6208K) NonClass: 5629K(5696K)->5629K(5696K) Class: 481K(512K)->481K(512K)
[221.632s][info][gc          ] GC(935) Pause Young (Allocation Failure) 398M->312M(416M) 110.773ms
[221.632s][info][gc,cpu      ] GC(935) User=0.01s Sys=0.01s Real=0.11s
[221.841s][info][gc,start    ] GC(936) Pause Young (Allocation Failure)
[221.843s][info][gc,heap     ] GC(936) PSYoungGen: 105984K(105984K)->754K(103424K) Eden: 105472K(105472K)->0K(102400K) From: 512K(512K)->754K(1024K)
[221.843s][info][gc,heap     ] GC(936) ParOldGen: 319915K(320000K)->320027K(320512K)
[221.843s][info][gc,metaspace] GC(936) Metaspace: 6110K(6208K)->6110K(6208K) NonClass: 5629K(5696K)->5629K(5696K) Class: 481K(512K)->481K(512K)
[221.843s][info][gc          ] GC(936) Pause Young (Allocation Failure) 415M->313M(414M) 1.697ms
[221.843s][info][gc,cpu      ] GC(936) User=0.00s Sys=0.00s Real=0.00s
[222.024s][info][gc,start    ] GC(937) Pause Young (Allocation Failure)
[222.025s][info][gc,heap     ] GC(937) PSYoungGen: 103154K(103424K)->672K(100352K) Eden: 102400K(102400K)->0K(99328K) From: 754K(1024K)->672K(1024K)
[222.025s][info][gc,heap     ] GC(937) ParOldGen: 320027K(320512K)->320067K(320512K)
[222.025s][info][gc,metaspace] GC(937) Metaspace: 6110K(6208K)->6110K(6208K) NonClass: 5629K(5696K)->5629K(5696K) Class: 481K(512K)->481K(512K)
[222.025s][info][gc          ] GC(937) Pause Young (Allocation Failure) 413M->313M(411M) 1.650ms
[222.025s][info][gc,cpu      ] GC(937) User=0.00s Sys=0.00s Real=0.00s
[222.184s][info][gc,start    ] GC(938) Pause Young (Allocation Failure)
[222.185s][info][gc,heap     ] GC(938) PSYoungGen: 100000K(100352K)->736K(97792K) Eden: 99328K(99328K)->0K(96768K) From: 672K(1024K)->736K(1024K)
[222.185s][info][gc,heap     ] GC(938) ParOldGen: 320067K(320512K)->320067K(320512K)
[222.185s][info][gc,metaspace] GC(938) Metaspace: 6110K(6208K)->6110K(6208K) NonClass: 5629K(5696K)->5629K(5696K) Class: 481K(512K)->481K(512K)
[222.185s][info][gc          ] GC(938) Pause Young (Allocation Failure) 410M->313M(408M) 1.685ms
[222.185s][info][gc,cpu      ] GC(938) User=0.01s Sys=0.00s Real=0.00s
[222.402s][info][gc,start    ] GC(939) Pause Young (Allocation Failure)
[222.404s][info][gc,heap     ] GC(939) PSYoungGen: 97504K(97792K)->512K(94720K) Eden: 96768K(96768K)->0K(94208K) From: 736K(1024K)->512K(512K)
[222.404s][info][gc,heap     ] GC(939) ParOldGen: 320067K(320512K)->320291K(320512K)
[222.404s][info][gc,metaspace] GC(939) Metaspace: 6110K(6208K)->6110K(6208K) NonClass: 5629K(5696K)->5629K(5696K) Class: 481K(512K)->481K(512K)
[222.404s][info][gc          ] GC(939) Pause Young (Allocation Failure) 407M->313M(405M) 1.850ms
[222.404s][info][gc,cpu      ] GC(939) User=0.00s Sys=0.00s Real=0.00s
[222.640s][info][gc,start    ] GC(940) Pause Young (Allocation Failure)
[222.641s][info][gc,heap     ] GC(940) PSYoungGen: 94720K(94720K)->384K(92672K) Eden: 94208K(94208K)->0K(91648K) From: 512K(512K)->384K(1024K)
[222.641s][info][gc,heap     ] GC(940) ParOldGen: 320291K(320512K)->320291K(320512K)
[222.641s][info][gc,metaspace] GC(940) Metaspace: 6110K(6208K)->6110K(6208K) NonClass: 5629K(5696K)->5629K(5696K) Class: 481K(512K)->481K(512K)
[222.641s][info][gc          ] GC(940) Pause Young (Allocation Failure) 405M->313M(403M) 1.330ms
[222.641s][info][gc,cpu      ] GC(940) User=0.00s Sys=0.00s Real=0.01s
[222.816s][info][gc,start    ] GC(941) Pause Young (Allocation Failure)
[222.818s][info][gc,heap     ] GC(941) PSYoungGen: 92032K(92672K)->736K(90112K) Eden: 91648K(91648K)->0K(89088K) From: 384K(1024K)->736K(1024K)
[222.818s][info][gc,heap     ] GC(941) ParOldGen: 320291K(320512K)->320315K(320512K)
[222.818s][info][gc,metaspace] GC(941) Metaspace: 6110K(6208K)->6110K(6208K) NonClass: 5629K(5696K)->5629K(5696K) Class: 481K(512K)->481K(512K)
[222.818s][info][gc          ] GC(941) Pause Young (Allocation Failure) 402M->313M(401M) 1.563ms
[222.818s][info][gc,cpu      ] GC(941) User=0.00s Sys=0.00s Real=0.00s
[222.976s][info][gc,start    ] GC(942) Pause Young (Allocation Failure)
[222.978s][info][gc,heap     ] GC(942) PSYoungGen: 89824K(90112K)->448K(87040K) Eden: 89088K(89088K)->0K(86528K) From: 736K(1024K)->448K(512K)
[222.978s][info][gc,heap     ] GC(942) ParOldGen: 320315K(320512K)->320630K(321024K)
[222.978s][info][gc,metaspace] GC(942) Metaspace: 6110K(6208K)->6110K(6208K) NonClass: 5629K(5696K)->5629K(5696K) Class: 481K(512K)->481K(512K)
[222.978s][info][gc          ] GC(942) Pause Young (Allocation Failure) 400M->313M(398M) 2.029ms
[222.978s][info][gc,cpu      ] GC(942) User=0.01s Sys=0.00s Real=0.00s
[223.147s][info][gc,start    ] GC(943) Pause Young (Allocation Failure)
[223.148s][info][gc,heap     ] GC(943) PSYoungGen: 86976K(87040K)->736K(187904K) Eden: 86528K(86528K)->0K(186880K) From: 448K(512K)->736K(1024K)
[223.148s][info][gc,heap     ] GC(943) ParOldGen: 320630K(321024K)->320702K(321024K)
[223.148s][info][gc,metaspace] GC(943) Metaspace: 6110K(6208K)->6110K(6208K) NonClass: 5629K(5696K)->5629K(5696K) Class: 481K(512K)->481K(512K)
[223.148s][info][gc          ] GC(943) Pause Young (Allocation Failure) 398M->313M(497M) 1.684ms
[223.148s][info][gc,cpu      ] GC(943) User=0.01s Sys=0.00s Real=0.00s
[223.509s][info][gc,start    ] GC(944) Pause Young (Allocation Failure)
[223.510s][info][gc,heap     ] GC(944) PSYoungGen: 187616K(187904K)->672K(181248K) Eden: 186880K(186880K)->0K(180224K) From: 736K(1024K)->672K(1024K)
[223.510s][info][gc,heap     ] GC(944) ParOldGen: 320702K(321024K)->320758K(321024K)
[223.510s][info][gc,metaspace] GC(944) Metaspace: 6110K(6208K)->6110K(6208K) NonClass: 5629K(5696K)->5629K(5696K) Class: 481K(512K)->481K(512K)
[223.510s][info][gc          ] GC(944) Pause Young (Allocation Failure) 496M->313M(490M) 1.804ms
[223.510s][info][gc,cpu      ] GC(944) User=0.01s Sys=0.00s Real=0.00s
[223.873s][info][gc,start    ] GC(945) Pause Young (Allocation Failure)
[223.874s][info][gc,heap     ] GC(945) PSYoungGen: 180896K(181248K)->512K(174592K) Eden: 180224K(180224K)->0K(174080K) From: 672K(1024K)->512K(512K)
[223.874s][info][gc,heap     ] GC(945) ParOldGen: 320758K(321024K)->320918K(321024K)
[223.874s][info][gc,metaspace] GC(945) Metaspace: 6110K(6208K)->6110K(6208K) NonClass: 5629K(5696K)->5629K(5696K) Class: 481K(512K)->481K(512K)
[223.874s][info][gc          ] GC(945) Pause Young (Allocation Failure) 489M->313M(484M) 1.390ms
[223.874s][info][gc,cpu      ] GC(945) User=0.01s Sys=0.00s Real=0.00s
[224.287s][info][gc,start    ] GC(946) Pause Young (Allocation Failure)
[224.288s][info][gc,heap     ] GC(946) PSYoungGen: 174592K(174592K)->736K(168960K) Eden: 174080K(174080K)->0K(167936K) From: 512K(512K)->736K(1024K)
[224.288s][info][gc,heap     ] GC(946) ParOldGen: 320918K(321024K)->320918K(321024K)
[224.288s][info][gc,metaspace] GC(946) Metaspace: 6110K(6208K)->6110K(6208K) NonClass: 5629K(5696K)->5629K(5696K) Class: 481K(512K)->481K(512K)
[224.288s][info][gc          ] GC(946) Pause Young (Allocation Failure) 483M->314M(478M) 1.566ms
[224.288s][info][gc,cpu      ] GC(946) User=0.00s Sys=0.00s Real=0.00s
[224.628s][info][gc,start    ] GC(947) Pause Young (Allocation Failure)
[224.630s][info][gc,heap     ] GC(947) PSYoungGen: 168672K(168960K)->626K(163328K) Eden: 167936K(167936K)->0K(162304K) From: 736K(1024K)->626K(1024K)
[224.630s][info][gc,heap     ] GC(947) ParOldGen: 320918K(321024K)->320950K(321024K)
[224.630s][info][gc,metaspace] GC(947) Metaspace: 6110K(6208K)->6110K(6208K) NonClass: 5629K(5696K)->5629K(5696K) Class: 481K(512K)->481K(512K)
[224.630s][info][gc          ] GC(947) Pause Young (Allocation Failure) 478M->314M(473M) 2.318ms
[224.630s][info][gc,cpu      ] GC(947) User=0.01s Sys=0.00s Real=0.00s
[224.878s][info][gc,start    ] GC(948) Pause Young (Allocation Failure)
[224.880s][info][gc,heap     ] GC(948) PSYoungGen: 162930K(163328K)->352K(157184K) Eden: 162304K(162304K)->0K(156672K) From: 626K(1024K)->352K(512K)
[224.880s][info][gc,heap     ] GC(948) ParOldGen: 320950K(321024K)->320950K(321024K)
[224.880s][info][gc,metaspace] GC(948) Metaspace: 6110K(6208K)->6110K(6208K) NonClass: 5629K(5696K)->5629K(5696K) Class: 481K(512K)->481K(512K)
[224.880s][info][gc          ] GC(948) Pause Young (Allocation Failure) 472M->313M(467M) 1.965ms
[224.880s][info][gc,cpu      ] GC(948) User=0.00s Sys=0.00s Real=0.00s
[225.202s][info][gc,start    ] GC(949) Pause Young (Allocation Failure)
[225.204s][info][gc,heap     ] GC(949) PSYoungGen: 157024K(157184K)->594K(152576K) Eden: 156672K(156672K)->0K(151552K) From: 352K(512K)->594K(1024K)
[225.204s][info][gc,heap     ] GC(949) ParOldGen: 320950K(321024K)->320950K(321024K)
[225.204s][info][gc,metaspace] GC(949) Metaspace: 6110K(6208K)->6110K(6208K) NonClass: 5629K(5696K)->5629K(5696K) Class: 481K(512K)->481K(512K)
[225.204s][info][gc          ] GC(949) Pause Young (Allocation Failure) 466M->314M(462M) 2.063ms
[225.204s][info][gc,cpu      ] GC(949) User=0.00s Sys=0.00s Real=0.00s
[225.481s][info][gc,start    ] GC(950) Pause Young (Allocation Failure)
[225.484s][info][gc,heap     ] GC(950) PSYoungGen: 152146K(152576K)->754K(147456K) Eden: 151552K(151552K)->0K(146432K) From: 594K(1024K)->754K(1024K)
[225.484s][info][gc,heap     ] GC(950) ParOldGen: 320950K(321024K)->320950K(321024K)
[225.484s][info][gc,metaspace] GC(950) Metaspace: 6110K(6208K)->6110K(6208K) NonClass: 5629K(5696K)->5629K(5696K) Class: 481K(512K)->481K(512K)
[225.484s][info][gc          ] GC(950) Pause Young (Allocation Failure) 462M->314M(457M) 2.704ms
[225.484s][info][gc,cpu      ] GC(950) User=0.01s Sys=0.00s Real=0.00s
[225.798s][info][gc,start    ] GC(951) Pause Young (Allocation Failure)
[225.802s][info][gc,heap     ] GC(951) PSYoungGen: 147186K(147456K)->498K(142336K) Eden: 146432K(146432K)->0K(141824K) From: 754K(1024K)->498K(512K)
[225.802s][info][gc,heap     ] GC(951) ParOldGen: 320950K(321024K)->321222K(321536K)
[225.802s][info][gc,metaspace] GC(951) Metaspace: 6110K(6208K)->6110K(6208K) NonClass: 5629K(5696K)->5629K(5696K) Class: 481K(512K)->481K(512K)
[225.802s][info][gc          ] GC(951) Pause Young (Allocation Failure) 457M->314M(453M) 3.646ms
[225.802s][info][gc,cpu      ] GC(951) User=0.00s Sys=0.00s Real=0.01s
[226.074s][info][gc,start    ] GC(952) Pause Young (Allocation Failure)
[226.077s][info][gc,heap     ] GC(952) PSYoungGen: 142322K(142336K)->754K(138240K) Eden: 141824K(141824K)->0K(137216K) From: 498K(512K)->754K(1024K)
[226.077s][info][gc,heap     ] GC(952) ParOldGen: 321222K(321536K)->321222K(321536K)
[226.077s][info][gc,metaspace] GC(952) Metaspace: 6110K(6208K)->6110K(6208K) NonClass: 5629K(5696K)->5629K(5696K) Class: 481K(512K)->481K(512K)
[226.077s][info][gc          ] GC(952) Pause Young (Allocation Failure) 452M->314M(449M) 2.548ms
[226.077s][info][gc,cpu      ] GC(952) User=0.01s Sys=0.00s Real=0.00s
[226.311s][info][gc,start    ] GC(953) Pause Young (Allocation Failure)
[226.313s][info][gc,heap     ] GC(953) PSYoungGen: 137970K(138240K)->786K(133632K) Eden: 137216K(137216K)->0K(132608K) From: 754K(1024K)->786K(1024K)
[226.313s][info][gc,heap     ] GC(953) ParOldGen: 321222K(321536K)->321254K(321536K)
[226.314s][info][gc,metaspace] GC(953) Metaspace: 6110K(6208K)->6110K(6208K) NonClass: 5629K(5696K)->5629K(5696K) Class: 481K(512K)->481K(512K)
[226.314s][info][gc          ] GC(953) Pause Young (Allocation Failure) 448M->314M(444M) 3.018ms
[226.314s][info][gc,cpu      ] GC(953) User=0.01s Sys=0.00s Real=0.00s
[226.551s][info][gc,start    ] GC(954) Pause Young (Allocation Failure)
[226.552s][info][gc,heap     ] GC(954) PSYoungGen: 133394K(133632K)->640K(129536K) Eden: 132608K(132608K)->0K(128512K) From: 786K(1024K)->640K(1024K)
[226.552s][info][gc,heap     ] GC(954) ParOldGen: 321254K(321536K)->321254K(321536K)
[226.552s][info][gc,metaspace] GC(954) Metaspace: 6110K(6208K)->6110K(6208K) NonClass: 5629K(5696K)->5629K(5696K) Class: 481K(512K)->481K(512K)
[226.552s][info][gc          ] GC(954) Pause Young (Allocation Failure) 443M->314M(440M) 1.304ms
[226.552s][info][gc,cpu      ] GC(954) User=0.00s Sys=0.00s Real=0.00s
[226.784s][info][gc,start    ] GC(955) Pause Young (Allocation Failure)
[226.785s][info][gc,heap     ] GC(955) PSYoungGen: 129152K(129536K)->512K(124928K) Eden: 128512K(128512K)->0K(124416K) From: 640K(1024K)->512K(512K)
[226.785s][info][gc,heap     ] GC(955) ParOldGen: 321254K(321536K)->321438K(321536K)
[226.785s][info][gc,metaspace] GC(955) Metaspace: 6110K(6208K)->6110K(6208K) NonClass: 5629K(5696K)->5629K(5696K) Class: 481K(512K)->481K(512K)
[226.786s][info][gc          ] GC(955) Pause Young (Allocation Failure) 439M->314M(436M) 1.579ms
[226.786s][info][gc,cpu      ] GC(955) User=0.00s Sys=0.00s Real=0.00s
[227.007s][info][gc,start    ] GC(956) Pause Young (Allocation Failure)
[227.008s][info][gc,heap     ] GC(956) PSYoungGen: 124928K(124928K)->704K(121856K) Eden: 124416K(124416K)->0K(120832K) From: 512K(512K)->704K(1024K)
[227.008s][info][gc,heap     ] GC(956) ParOldGen: 321438K(321536K)->321438K(321536K)
[227.008s][info][gc,metaspace] GC(956) Metaspace: 6110K(6208K)->6110K(6208K) NonClass: 5629K(5696K)->5629K(5696K) Class: 481K(512K)->481K(512K)
[227.008s][info][gc          ] GC(956) Pause Young (Allocation Failure) 435M->314M(433M) 1.360ms
[227.008s][info][gc,cpu      ] GC(956) User=0.00s Sys=0.00s Real=0.00s
[227.221s][info][gc,start    ] GC(957) Pause Young (Allocation Failure)
[227.222s][info][gc,heap     ] GC(957) PSYoungGen: 121536K(121856K)->352K(117760K) Eden: 120832K(120832K)->0K(117248K) From: 704K(1024K)->352K(512K)
[227.222s][info][gc,heap     ] GC(957) ParOldGen: 321438K(321536K)->321462K(321536K)
[227.222s][info][gc,metaspace] GC(957) Metaspace: 6110K(6208K)->6110K(6208K) NonClass: 5629K(5696K)->5629K(5696K) Class: 481K(512K)->481K(512K)
[227.222s][info][gc          ] GC(957) Pause Young (Allocation Failure) 432M->314M(429M) 1.244ms
[227.222s][info][gc,cpu      ] GC(957) User=0.01s Sys=0.00s Real=0.00s
[227.454s][info][gc,start    ] GC(958) Pause Young (Allocation Failure)
[227.455s][info][gc,heap     ] GC(958) PSYoungGen: 117600K(117760K)->736K(114688K) Eden: 117248K(117248K)->0K(113664K) From: 352K(512K)->736K(1024K)
[227.455s][info][gc,heap     ] GC(958) ParOldGen: 321462K(321536K)->321462K(321536K)
[227.455s][info][gc,metaspace] GC(958) Metaspace: 6110K(6208K)->6110K(6208K) NonClass: 5629K(5696K)->5629K(5696K) Class: 481K(512K)->481K(512K)
[227.455s][info][gc          ] GC(958) Pause Young (Allocation Failure) 428M->314M(426M) 1.468ms
[227.455s][info][gc,cpu      ] GC(958) User=0.00s Sys=0.00s Real=0.00s
[227.701s][info][gc,start    ] GC(959) Pause Young (Allocation Failure)
[227.702s][info][gc,heap     ] GC(959) PSYoungGen: 114400K(114688K)->736K(111104K) Eden: 113664K(113664K)->0K(110080K) From: 736K(1024K)->736K(1024K)
[227.703s][info][gc,heap     ] GC(959) ParOldGen: 321462K(321536K)->321462K(321536K)
[227.703s][info][gc,metaspace] GC(959) Metaspace: 6110K(6208K)->6110K(6208K) NonClass: 5629K(5696K)->5629K(5696K) Class: 481K(512K)->481K(512K)
[227.703s][info][gc          ] GC(959) Pause Young (Allocation Failure) 425M->314M(422M) 1.450ms
[227.703s][info][gc,cpu      ] GC(959) User=0.00s Sys=0.00s Real=0.00s
[227.909s][info][gc,start    ] GC(960) Pause Young (Allocation Failure)
[227.910s][info][gc,heap     ] GC(960) PSYoungGen: 110816K(111104K)->736K(108032K) Eden: 110080K(110080K)->0K(107008K) From: 736K(1024K)->736K(1024K)
[227.910s][info][gc,heap     ] GC(960) ParOldGen: 321462K(321536K)->321462K(321536K)
[227.911s][info][gc,metaspace] GC(960) Metaspace: 6110K(6208K)->6110K(6208K) NonClass: 5629K(5696K)->5629K(5696K) Class: 481K(512K)->481K(512K)
[227.911s][info][gc          ] GC(960) Pause Young (Allocation Failure) 422M->314M(419M) 1.458ms
[227.911s][info][gc,cpu      ] GC(960) User=0.01s Sys=0.00s Real=0.01s
[228.097s][info][gc,start    ] GC(961) Pause Young (Allocation Failure)
[228.098s][info][gc,heap     ] GC(961) PSYoungGen: 107744K(108032K)->512K(104448K) Eden: 107008K(107008K)->0K(103936K) From: 736K(1024K)->512K(512K)
[228.098s][info][gc,heap     ] GC(961) ParOldGen: 321462K(321536K)->321606K(322048K)
[228.098s][info][gc,metaspace] GC(961) Metaspace: 6110K(6208K)->6110K(6208K) NonClass: 5629K(5696K)->5629K(5696K) Class: 481K(512K)->481K(512K)
[228.098s][info][gc          ] GC(961) Pause Young (Allocation Failure) 419M->314M(416M) 1.402ms
[228.098s][info][gc,cpu      ] GC(961) User=0.00s Sys=0.00s Real=0.00s
[228.281s][info][gc,start    ] GC(962) Pause Young (Allocation Failure)
[228.282s][info][gc,heap     ] GC(962) PSYoungGen: 104448K(104448K)->768K(101888K) Eden: 103936K(103936K)->0K(100864K) From: 512K(512K)->768K(1024K)
[228.282s][info][gc,heap     ] GC(962) ParOldGen: 321606K(322048K)->321606K(322048K)
[228.282s][info][gc,metaspace] GC(962) Metaspace: 6110K(6208K)->6110K(6208K) NonClass: 5629K(5696K)->5629K(5696K) Class: 481K(512K)->481K(512K)
[228.282s][info][gc          ] GC(962) Pause Young (Allocation Failure) 416M->314M(414M) 1.350ms
[228.282s][info][gc,cpu      ] GC(962) User=0.00s Sys=0.00s Real=0.00s
[228.453s][info][gc,start    ] GC(963) Pause Young (Allocation Failure)
[228.454s][info][gc,heap     ] GC(963) PSYoungGen: 101632K(101888K)->768K(99328K) Eden: 100864K(100864K)->0K(98304K) From: 768K(1024K)->768K(1024K)
[228.455s][info][gc,heap     ] GC(963) ParOldGen: 321606K(322048K)->321638K(322048K)
[228.455s][info][gc,metaspace] GC(963) Metaspace: 6110K(6208K)->6110K(6208K) NonClass: 5629K(5696K)->5629K(5696K) Class: 481K(512K)->481K(512K)
[228.455s][info][gc          ] GC(963) Pause Young (Allocation Failure) 413M->314M(411M) 1.424ms
[228.455s][info][gc,cpu      ] GC(963) User=0.00s Sys=0.00s Real=0.00s
[228.626s][info][gc,start    ] GC(964) Pause Young (Allocation Failure)
[228.628s][info][gc,heap     ] GC(964) PSYoungGen: 99072K(99328K)->736K(96768K) Eden: 98304K(98304K)->0K(95744K) From: 768K(1024K)->736K(1024K)
[228.628s][info][gc,heap     ] GC(964) ParOldGen: 321638K(322048K)->321638K(322048K)
[228.628s][info][gc,metaspace] GC(964) Metaspace: 6110K(6208K)->6110K(6208K) NonClass: 5629K(5696K)->5629K(5696K) Class: 481K(512K)->481K(512K)
[228.628s][info][gc          ] GC(964) Pause Young (Allocation Failure) 410M->314M(409M) 1.456ms
[228.628s][info][gc,cpu      ] GC(964) User=0.01s Sys=0.00s Real=0.00s
[228.791s][info][gc,start    ] GC(965) Pause Young (Allocation Failure)
[228.793s][info][gc,heap     ] GC(965) PSYoungGen: 96480K(96768K)->512K(93696K) Eden: 95744K(95744K)->0K(93184K) From: 736K(1024K)->512K(512K)
[228.793s][info][gc,heap     ] GC(965) ParOldGen: 321638K(322048K)->321798K(322048K)
[228.793s][info][gc,metaspace] GC(965) Metaspace: 6110K(6208K)->6110K(6208K) NonClass: 5629K(5696K)->5629K(5696K) Class: 481K(512K)->481K(512K)
[228.793s][info][gc          ] GC(965) Pause Young (Allocation Failure) 408M->314M(406M) 1.417ms
[228.793s][info][gc,cpu      ] GC(965) User=0.00s Sys=0.01s Real=0.00s
[228.950s][info][gc,start    ] GC(966) Pause Young (Allocation Failure)
[228.951s][info][gc,heap     ] GC(966) PSYoungGen: 93696K(93696K)->690K(91648K) Eden: 93184K(93184K)->0K(90624K) From: 512K(512K)->690K(1024K)
[228.951s][info][gc,heap     ] GC(966) ParOldGen: 321798K(322048K)->321798K(322048K)
[228.951s][info][gc,metaspace] GC(966) Metaspace: 6110K(6208K)->6110K(6208K) NonClass: 5629K(5696K)->5629K(5696K) Class: 481K(512K)->481K(512K)
[228.951s][info][gc          ] GC(966) Pause Young (Allocation Failure) 405M->314M(404M) 1.253ms
[228.951s][info][gc,cpu      ] GC(966) User=0.00s Sys=0.00s Real=0.01s
[229.124s][info][gc,start    ] GC(967) Pause Young (Allocation Failure)
[229.126s][info][gc,heap     ] GC(967) PSYoungGen: 91314K(91648K)->768K(89088K) Eden: 90624K(90624K)->0K(88064K) From: 690K(1024K)->768K(1024K)
[229.126s][info][gc,heap     ] GC(967) ParOldGen: 321798K(322048K)->321838K(322048K)
[229.126s][info][gc,metaspace] GC(967) Metaspace: 6110K(6208K)->6110K(6208K) NonClass: 5629K(5696K)->5629K(5696K) Class: 481K(512K)->481K(512K)
[229.126s][info][gc          ] GC(967) Pause Young (Allocation Failure) 403M->315M(401M) 1.549ms
[229.126s][info][gc,cpu      ] GC(967) User=0.00s Sys=0.00s Real=0.00s
[229.324s][info][gc,start    ] GC(968) Pause Young (Allocation Failure)
[229.325s][info][gc,heap     ] GC(968) PSYoungGen: 88832K(89088K)->640K(87040K) Eden: 88064K(88064K)->0K(86016K) From: 768K(1024K)->640K(1024K)
[229.325s][info][gc,heap     ] GC(968) ParOldGen: 321838K(322048K)->321838K(322048K)
[229.325s][info][gc,metaspace] GC(968) Metaspace: 6110K(6208K)->6110K(6208K) NonClass: 5629K(5696K)->5629K(5696K) Class: 481K(512K)->481K(512K)
[229.325s][info][gc          ] GC(968) Pause Young (Allocation Failure) 401M->314M(399M) 1.252ms
[229.325s][info][gc,cpu      ] GC(968) User=0.00s Sys=0.00s Real=0.00s
[229.480s][info][gc,start    ] GC(969) Pause Young (Allocation Failure)
[229.481s][info][gc,heap     ] GC(969) PSYoungGen: 86656K(87040K)->512K(183296K) Eden: 86016K(86016K)->0K(182784K) From: 640K(1024K)->512K(512K)
[229.481s][info][gc,heap     ] GC(969) ParOldGen: 321838K(322048K)->322038K(322048K)
[229.481s][info][gc,metaspace] GC(969) Metaspace: 6110K(6208K)->6110K(6208K) NonClass: 5629K(5696K)->5629K(5696K) Class: 481K(512K)->481K(512K)
[229.481s][info][gc          ] GC(969) Pause Young (Allocation Failure) 398M->314M(493M) 1.497ms
[229.481s][info][gc,cpu      ] GC(969) User=0.01s Sys=0.00s Real=0.01s
[229.857s][info][gc,start    ] GC(970) Pause Young (Allocation Failure)
[229.858s][info][gc,heap     ] GC(970) PSYoungGen: 183296K(183296K)->786K(177152K) Eden: 182784K(182784K)->0K(176128K) From: 512K(512K)->786K(1024K)
[229.858s][info][gc,heap     ] GC(970) ParOldGen: 322038K(322048K)->322038K(322048K)
[229.858s][info][gc,metaspace] GC(970) Metaspace: 6110K(6208K)->6110K(6208K) NonClass: 5629K(5696K)->5629K(5696K) Class: 481K(512K)->481K(512K)
[229.859s][info][gc          ] GC(970) Pause Young (Allocation Failure) 493M->315M(487M) 1.499ms
[229.859s][info][gc,cpu      ] GC(970) User=0.00s Sys=0.00s Real=0.00s
[230.194s][info][gc,start    ] GC(971) Pause Young (Allocation Failure)
[230.196s][info][gc,heap     ] GC(971) PSYoungGen: 176914K(177152K)->704K(171008K) Eden: 176128K(176128K)->0K(169984K) From: 786K(1024K)->704K(1024K)
[230.196s][info][gc,heap     ] GC(971) ParOldGen: 322038K(322048K)->322078K(322560K)
[230.196s][info][gc,metaspace] GC(971) Metaspace: 6110K(6208K)->6110K(6208K) NonClass: 5629K(5696K)->5629K(5696K) Class: 481K(512K)->481K(512K)
[230.196s][info][gc          ] GC(971) Pause Young (Allocation Failure) 487M->315M(482M) 1.490ms
[230.196s][info][gc,cpu      ] GC(971) User=0.00s Sys=0.00s Real=0.00s
[230.609s][info][gc,start    ] GC(972) Pause Young (Allocation Failure)
[230.610s][info][gc,heap     ] GC(972) PSYoungGen: 170688K(171008K)->768K(165376K) Eden: 169984K(169984K)->0K(164352K) From: 704K(1024K)->768K(1024K)
[230.610s][info][gc,heap     ] GC(972) ParOldGen: 322078K(322560K)->322078K(322560K)
[230.610s][info][gc,metaspace] GC(972) Metaspace: 6110K(6208K)->6110K(6208K) NonClass: 5629K(5696K)->5629K(5696K) Class: 481K(512K)->481K(512K)
[230.610s][info][gc          ] GC(972) Pause Young (Allocation Failure) 481M->315M(476M) 1.775ms
[230.610s][info][gc,cpu      ] GC(972) User=0.01s Sys=0.00s Real=0.00s
[231.022s][info][gc,start    ] GC(973) Pause Young (Allocation Failure)
[231.023s][info][gc,heap     ] GC(973) PSYoungGen: 165120K(165376K)->512K(159232K) Eden: 164352K(164352K)->0K(158720K) From: 768K(1024K)->512K(512K)
[231.023s][info][gc,heap     ] GC(973) ParOldGen: 322078K(322560K)->322238K(322560K)
[231.023s][info][gc,metaspace] GC(973) Metaspace: 6110K(6208K)->6110K(6208K) NonClass: 5629K(5696K)->5629K(5696K) Class: 481K(512K)->481K(512K)
[231.023s][info][gc          ] GC(973) Pause Young (Allocation Failure) 475M->315M(470M) 1.464ms
[231.023s][info][gc,cpu      ] GC(973) User=0.01s Sys=0.00s Real=0.00s
[231.473s][info][gc,start    ] GC(974) Pause Young (Allocation Failure)
[231.474s][info][gc,heap     ] GC(974) PSYoungGen: 159232K(159232K)->818K(154624K) Eden: 158720K(158720K)->0K(153600K) From: 512K(512K)->818K(1024K)
[231.475s][info][gc,heap     ] GC(974) ParOldGen: 322238K(322560K)->322238K(322560K)
[231.475s][info][gc,metaspace] GC(974) Metaspace: 6110K(6208K)->6110K(6208K) NonClass: 5629K(5696K)->5629K(5696K) Class: 481K(512K)->481K(512K)
[231.475s][info][gc          ] GC(974) Pause Young (Allocation Failure) 470M->315M(466M) 1.743ms
[231.475s][info][gc,cpu      ] GC(974) User=0.00s Sys=0.00s Real=0.00s
[231.837s][info][gc,start    ] GC(975) Pause Young (Allocation Failure)
[231.838s][info][gc,heap     ] GC(975) PSYoungGen: 154418K(154624K)->640K(149504K) Eden: 153600K(153600K)->0K(148480K) From: 818K(1024K)->640K(1024K)
[231.838s][info][gc,heap     ] GC(975) ParOldGen: 322238K(322560K)->322278K(322560K)
[231.838s][info][gc,metaspace] GC(975) Metaspace: 6110K(6208K)->6110K(6208K) NonClass: 5629K(5696K)->5629K(5696K) Class: 481K(512K)->481K(512K)
[231.838s][info][gc          ] GC(975) Pause Young (Allocation Failure) 465M->315M(461M) 1.262ms
[231.838s][info][gc,cpu      ] GC(975) User=0.01s Sys=0.00s Real=0.00s
[232.121s][info][gc,start    ] GC(976) Pause Young (Allocation Failure)
[232.122s][info][gc,heap     ] GC(976) PSYoungGen: 149120K(149504K)->768K(144384K) Eden: 148480K(148480K)->0K(143360K) From: 640K(1024K)->768K(1024K)
[232.122s][info][gc,heap     ] GC(976) ParOldGen: 322278K(322560K)->322278K(322560K)
[232.122s][info][gc,metaspace] GC(976) Metaspace: 6110K(6208K)->6110K(6208K) NonClass: 5629K(5696K)->5629K(5696K) Class: 481K(512K)->481K(512K)
[232.122s][info][gc          ] GC(976) Pause Young (Allocation Failure) 460M->315M(456M) 1.513ms
[232.122s][info][gc,cpu      ] GC(976) User=0.01s Sys=0.00s Real=0.00s
[232.396s][info][gc,start    ] GC(977) Pause Young (Allocation Failure)
[232.398s][info][gc,heap     ] GC(977) PSYoungGen: 144128K(144384K)->512K(139264K) Eden: 143360K(143360K)->0K(138752K) From: 768K(1024K)->512K(512K)
[232.398s][info][gc,heap     ] GC(977) ParOldGen: 322278K(322560K)->322470K(322560K)
[232.398s][info][gc,metaspace] GC(977) Metaspace: 6110K(6208K)->6110K(6208K) NonClass: 5629K(5696K)->5629K(5696K) Class: 481K(512K)->481K(512K)
[232.398s][info][gc          ] GC(977) Pause Young (Allocation Failure) 455M->315M(451M) 1.490ms
[232.398s][info][gc,cpu      ] GC(977) User=0.00s Sys=0.00s Real=0.00s
[232.656s][info][gc,start    ] GC(978) Pause Young (Allocation Failure)
[232.658s][info][gc,heap     ] GC(978) PSYoungGen: 139264K(139264K)->338K(135168K) Eden: 138752K(138752K)->0K(134144K) From: 512K(512K)->338K(1024K)
[232.658s][info][gc,heap     ] GC(978) ParOldGen: 322470K(322560K)->322470K(322560K)
[232.658s][info][gc,metaspace] GC(978) Metaspace: 6110K(6208K)->6110K(6208K) NonClass: 5629K(5696K)->5629K(5696K) Class: 481K(512K)->481K(512K)
[232.658s][info][gc          ] GC(978) Pause Young (Allocation Failure) 450M->315M(447M) 1.174ms
[232.658s][info][gc,cpu      ] GC(978) User=0.00s Sys=0.00s Real=0.00s
[232.882s][info][gc,start    ] GC(979) Pause Young (Allocation Failure)
[232.883s][info][gc,heap     ] GC(979) PSYoungGen: 134482K(135168K)->608K(131072K) Eden: 134144K(134144K)->0K(130048K) From: 338K(1024K)->608K(1024K)
[232.883s][info][gc,heap     ] GC(979) ParOldGen: 322470K(322560K)->322510K(322560K)
[232.883s][info][gc,metaspace] GC(979) Metaspace: 6110K(6208K)->6110K(6208K) NonClass: 5629K(5696K)->5629K(5696K) Class: 481K(512K)->481K(512K)
[232.883s][info][gc          ] GC(979) Pause Young (Allocation Failure) 446M->315M(443M) 1.242ms
[232.883s][info][gc,cpu      ] GC(979) User=0.00s Sys=0.00s Real=0.00s
[233.230s][info][gc,start    ] GC(980) Pause Young (Allocation Failure)
[233.233s][info][gc,heap     ] GC(980) PSYoungGen: 130656K(131072K)->690K(126976K) Eden: 130048K(130048K)->0K(125952K) From: 608K(1024K)->690K(1024K)
[233.233s][info][gc,heap     ] GC(980) ParOldGen: 322510K(322560K)->322510K(322560K)
[233.233s][info][gc,metaspace] GC(980) Metaspace: 6110K(6208K)->6110K(6208K) NonClass: 5629K(5696K)->5629K(5696K) Class: 481K(512K)->481K(512K)
[233.233s][info][gc          ] GC(980) Pause Young (Allocation Failure) 442M->315M(439M) 2.939ms
[233.233s][info][gc,cpu      ] GC(980) User=0.01s Sys=0.00s Real=0.01s
[233.512s][info][gc,start    ] GC(981) Pause Young (Allocation Failure)
[233.515s][info][gc,heap     ] GC(981) PSYoungGen: 126642K(126976K)->498K(122368K) Eden: 125952K(125952K)->0K(121856K) From: 690K(1024K)->498K(512K)
[233.515s][info][gc,heap     ] GC(981) ParOldGen: 322510K(322560K)->322694K(323072K)
[233.515s][info][gc,metaspace] GC(981) Metaspace: 6110K(6208K)->6110K(6208K) NonClass: 5629K(5696K)->5629K(5696K) Class: 481K(512K)->481K(512K)
[233.515s][info][gc          ] GC(981) Pause Young (Allocation Failure) 438M->315M(435M) 2.931ms
[233.515s][info][gc,cpu      ] GC(981) User=0.00s Sys=0.00s Real=0.00s
[233.793s][info][gc,start    ] GC(982) Pause Young (Allocation Failure)
[233.796s][info][gc,heap     ] GC(982) PSYoungGen: 122354K(122368K)->786K(119296K) Eden: 121856K(121856K)->0K(118272K) From: 498K(512K)->786K(1024K)
[233.796s][info][gc,heap     ] GC(982) ParOldGen: 322694K(323072K)->322694K(323072K)
[233.796s][info][gc,metaspace] GC(982) Metaspace: 6110K(6208K)->6110K(6208K) NonClass: 5629K(5696K)->5629K(5696K) Class: 481K(512K)->481K(512K)
[233.796s][info][gc          ] GC(982) Pause Young (Allocation Failure) 434M->315M(432M) 3.406ms
[233.796s][info][gc,cpu      ] GC(982) User=0.00s Sys=0.00s Real=0.00s
[234.048s][info][gc,start    ] GC(983) Pause Young (Allocation Failure)
[234.050s][info][gc,heap     ] GC(983) PSYoungGen: 119058K(119296K)->704K(115712K) Eden: 118272K(118272K)->0K(114688K) From: 786K(1024K)->704K(1024K)
[234.050s][info][gc,heap     ] GC(983) ParOldGen: 322694K(323072K)->322710K(323072K)
[234.050s][info][gc,metaspace] GC(983) Metaspace: 6110K(6208K)->6110K(6208K) NonClass: 5629K(5696K)->5629K(5696K) Class: 481K(512K)->481K(512K)
[234.050s][info][gc          ] GC(983) Pause Young (Allocation Failure) 431M->315M(428M) 2.394ms
[234.050s][info][gc,cpu      ] GC(983) User=0.00s Sys=0.00s Real=0.00s
[234.264s][info][gc,start    ] GC(984) Pause Young (Allocation Failure)
[234.266s][info][gc,heap     ] GC(984) PSYoungGen: 115392K(115712K)->658K(112128K) Eden: 114688K(114688K)->0K(111104K) From: 704K(1024K)->658K(1024K)
[234.266s][info][gc,heap     ] GC(984) ParOldGen: 322710K(323072K)->322710K(323072K)
[234.266s][info][gc,metaspace] GC(984) Metaspace: 6110K(6208K)->6110K(6208K) NonClass: 5629K(5696K)->5629K(5696K) Class: 481K(512K)->481K(512K)
[234.266s][info][gc          ] GC(984) Pause Young (Allocation Failure) 427M->315M(425M) 2.641ms
[234.266s][info][gc,cpu      ] GC(984) User=0.01s Sys=0.00s Real=0.00s
[234.499s][info][gc,start    ] GC(985) Pause Young (Allocation Failure)
[234.502s][info][gc,heap     ] GC(985) PSYoungGen: 111762K(112128K)->498K(108544K) Eden: 111104K(111104K)->0K(108032K) From: 658K(1024K)->498K(512K)
[234.502s][info][gc,heap     ] GC(985) ParOldGen: 322710K(323072K)->322918K(323072K)
[234.502s][info][gc,metaspace] GC(985) Metaspace: 6110K(6208K)->6110K(6208K) NonClass: 5629K(5696K)->5629K(5696K) Class: 481K(512K)->481K(512K)
[234.502s][info][gc          ] GC(985) Pause Young (Allocation Failure) 424M->315M(421M) 3.044ms
[234.502s][info][gc,cpu      ] GC(985) User=0.00s Sys=0.00s Real=0.01s
[234.741s][info][gc,start    ] GC(986) Pause Young (Allocation Failure)
[234.744s][info][gc,heap     ] GC(986) PSYoungGen: 108530K(108544K)->768K(131072K) Eden: 108032K(108032K)->0K(130048K) From: 498K(512K)->768K(1024K)
[234.744s][info][gc,heap     ] GC(986) ParOldGen: 322918K(323072K)->322918K(323072K)
[234.744s][info][gc,metaspace] GC(986) Metaspace: 6110K(6208K)->6110K(6208K) NonClass: 5629K(5696K)->5629K(5696K) Class: 481K(512K)->481K(512K)
[234.744s][info][gc          ] GC(986) Pause Young (Allocation Failure) 421M->316M(443M) 2.907ms
[234.744s][info][gc,cpu      ] GC(986) User=0.01s Sys=0.00s Real=0.00s
[235.035s][info][gc,start    ] GC(987) Pause Young (Allocation Failure)
[235.037s][info][gc,heap     ] GC(987) PSYoungGen: 130816K(131072K)->640K(126976K) Eden: 130048K(130048K)->0K(125952K) From: 768K(1024K)->640K(1024K)
[235.037s][info][gc,heap     ] GC(987) ParOldGen: 322918K(323072K)->322934K(323072K)
[235.037s][info][gc,metaspace] GC(987) Metaspace: 6110K(6208K)->6110K(6208K) NonClass: 5629K(5696K)->5629K(5696K) Class: 481K(512K)->481K(512K)
[235.037s][info][gc          ] GC(987) Pause Young (Allocation Failure) 443M->315M(439M) 1.487ms
[235.037s][info][gc,cpu      ] GC(987) User=0.01s Sys=0.00s Real=0.00s
[235.285s][info][gc,start    ] GC(988) Pause Young (Allocation Failure)
[235.286s][info][gc,heap     ] GC(988) PSYoungGen: 126592K(126976K)->768K(122880K) Eden: 125952K(125952K)->0K(121856K) From: 640K(1024K)->768K(1024K)
[235.286s][info][gc,heap     ] GC(988) ParOldGen: 322934K(323072K)->322934K(323072K)
[235.286s][info][gc,metaspace] GC(988) Metaspace: 6110K(6208K)->6110K(6208K) NonClass: 5629K(5696K)->5629K(5696K) Class: 481K(512K)->481K(512K)
[235.286s][info][gc          ] GC(988) Pause Young (Allocation Failure) 438M->316M(435M) 1.576ms
[235.286s][info][gc,cpu      ] GC(988) User=0.00s Sys=0.00s Real=0.00s
[235.532s][info][gc,start    ] GC(989) Pause Young (Allocation Failure)
[235.534s][info][gc,heap     ] GC(989) PSYoungGen: 122624K(122880K)->512K(118784K) Eden: 121856K(121856K)->0K(118272K) From: 768K(1024K)->512K(512K)
[235.534s][info][gc,heap     ] GC(989) ParOldGen: 322934K(323072K)->323150K(323584K)
[235.534s][info][gc,metaspace] GC(989) Metaspace: 6110K(6208K)->6110K(6208K) NonClass: 5629K(5696K)->5629K(5696K) Class: 481K(512K)->481K(512K)
[235.534s][info][gc          ] GC(989) Pause Young (Allocation Failure) 435M->316M(432M) 1.686ms
[235.534s][info][gc,cpu      ] GC(989) User=0.00s Sys=0.00s Real=0.00s
[235.757s][info][gc,start    ] GC(990) Pause Young (Allocation Failure)
[235.759s][info][gc,heap     ] GC(990) PSYoungGen: 118784K(118784K)->736K(115712K) Eden: 118272K(118272K)->0K(114688K) From: 512K(512K)->736K(1024K)
[235.759s][info][gc,heap     ] GC(990) ParOldGen: 323150K(323584K)->323150K(323584K)
[235.759s][info][gc,metaspace] GC(990) Metaspace: 6110K(6208K)->6110K(6208K) NonClass: 5629K(5696K)->5629K(5696K) Class: 481K(512K)->481K(512K)
[235.759s][info][gc          ] GC(990) Pause Young (Allocation Failure) 431M->316M(429M) 1.607ms
[235.759s][info][gc,cpu      ] GC(990) User=0.00s Sys=0.00s Real=0.00s
[236.007s][info][gc,start    ] GC(991) Pause Young (Allocation Failure)
[236.009s][info][gc,heap     ] GC(991) PSYoungGen: 115424K(115712K)->704K(112128K) Eden: 114688K(114688K)->0K(111104K) From: 736K(1024K)->704K(1024K)
[236.009s][info][gc,heap     ] GC(991) ParOldGen: 323150K(323584K)->323182K(323584K)
[236.009s][info][gc,metaspace] GC(991) Metaspace: 6110K(6208K)->6110K(6208K) NonClass: 5629K(5696K)->5629K(5696K) Class: 481K(512K)->481K(512K)
[236.009s][info][gc          ] GC(991) Pause Young (Allocation Failure) 428M->316M(425M) 2.189ms
[236.009s][info][gc,cpu      ] GC(991) User=0.00s Sys=0.00s Real=0.00s
[236.236s][info][gc,start    ] GC(992) Pause Young (Allocation Failure)
[236.237s][info][gc,heap     ] GC(992) PSYoungGen: 111808K(112128K)->768K(109056K) Eden: 111104K(111104K)->0K(108032K) From: 704K(1024K)->768K(1024K)
[236.237s][info][gc,heap     ] GC(992) ParOldGen: 323182K(323584K)->323182K(323584K)
[236.237s][info][gc,metaspace] GC(992) Metaspace: 6110K(6208K)->6110K(6208K) NonClass: 5629K(5696K)->5629K(5696K) Class: 481K(512K)->481K(512K)
[236.237s][info][gc          ] GC(992) Pause Young (Allocation Failure) 424M->316M(422M) 1.495ms
[236.237s][info][gc,cpu      ] GC(992) User=0.00s Sys=0.00s Real=0.00s
[236.460s][info][gc,start    ] GC(993) Pause Young (Allocation Failure)
[236.462s][info][gc,heap     ] GC(993) PSYoungGen: 108800K(109056K)->512K(105472K) Eden: 108032K(108032K)->0K(104960K) From: 768K(1024K)->512K(512K)
[236.462s][info][gc,heap     ] GC(993) ParOldGen: 323182K(323584K)->323430K(323584K)
[236.462s][info][gc,metaspace] GC(993) Metaspace: 6110K(6208K)->6110K(6208K) NonClass: 5629K(5696K)->5629K(5696K) Class: 481K(512K)->481K(512K)
[236.462s][info][gc          ] GC(993) Pause Young (Allocation Failure) 421M->316M(419M) 1.724ms
[236.462s][info][gc,cpu      ] GC(993) User=0.00s Sys=0.00s Real=0.01s
[236.666s][info][gc,start    ] GC(994) Pause Young (Allocation Failure)
[236.668s][info][gc,heap     ] GC(994) PSYoungGen: 105472K(105472K)->736K(102912K) Eden: 104960K(104960K)->0K(101888K) From: 512K(512K)->736K(1024K)
[236.668s][info][gc,heap     ] GC(994) ParOldGen: 323430K(323584K)->323430K(323584K)
[236.668s][info][gc,metaspace] GC(994) Metaspace: 6110K(6208K)->6110K(6208K) NonClass: 5629K(5696K)->5629K(5696K) Class: 481K(512K)->481K(512K)
[236.668s][info][gc          ] GC(994) Pause Young (Allocation Failure) 418M->316M(416M) 1.559ms
[236.668s][info][gc,cpu      ] GC(994) User=0.00s Sys=0.00s Real=0.00s
[236.872s][info][gc,start    ] GC(995) Pause Young (Allocation Failure)
[236.873s][info][gc,heap     ] GC(995) PSYoungGen: 102624K(102912K)->704K(99840K) Eden: 101888K(101888K)->0K(98816K) From: 736K(1024K)->704K(1024K)
[236.873s][info][gc,heap     ] GC(995) ParOldGen: 323430K(323584K)->323462K(323584K)
[236.873s][info][gc,metaspace] GC(995) Metaspace: 6110K(6208K)->6110K(6208K) NonClass: 5629K(5696K)->5629K(5696K) Class: 481K(512K)->481K(512K)
[236.873s][info][gc          ] GC(995) Pause Young (Allocation Failure) 416M->316M(413M) 1.430ms
[236.873s][info][gc,cpu      ] GC(995) User=0.01s Sys=0.00s Real=0.00s
[237.071s][info][gc,start    ] GC(996) Pause Young (Allocation Failure)
[237.072s][info][gc,heap     ] GC(996) PSYoungGen: 99520K(99840K)->672K(97280K) Eden: 98816K(98816K)->0K(96256K) From: 704K(1024K)->672K(1024K)
[237.072s][info][gc,heap     ] GC(996) ParOldGen: 323462K(323584K)->323462K(323584K)
[237.072s][info][gc,metaspace] GC(996) Metaspace: 6110K(6208K)->6110K(6208K) NonClass: 5629K(5696K)->5629K(5696K) Class: 481K(512K)->481K(512K)
[237.072s][info][gc          ] GC(996) Pause Young (Allocation Failure) 413M->316M(411M) 1.393ms
[237.072s][info][gc,cpu      ] GC(996) User=0.00s Sys=0.00s Real=0.00s
[237.254s][info][gc,start    ] GC(997) Pause Young (Allocation Failure)
[237.256s][info][gc,heap     ] GC(997) PSYoungGen: 96928K(97280K)->416K(94208K) Eden: 96256K(96256K)->0K(93696K) From: 672K(1024K)->416K(512K)
[237.256s][info][gc,heap     ] GC(997) ParOldGen: 323462K(323584K)->323462K(323584K)
[237.256s][info][gc,metaspace] GC(997) Metaspace: 6110K(6208K)->6110K(6208K) NonClass: 5629K(5696K)->5629K(5696K) Class: 481K(512K)->481K(512K)
[237.256s][info][gc          ] GC(997) Pause Young (Allocation Failure) 410M->316M(408M) 1.367ms
[237.256s][info][gc,cpu      ] GC(997) User=0.01s Sys=0.00s Real=0.00s
[237.428s][info][gc,start    ] GC(998) Pause Young (Allocation Failure)
[237.429s][info][gc,heap     ] GC(998) PSYoungGen: 94112K(94208K)->704K(92160K) Eden: 93696K(93696K)->0K(91136K) From: 416K(512K)->704K(1024K)
[237.429s][info][gc,heap     ] GC(998) ParOldGen: 323462K(323584K)->323462K(323584K)
[237.429s][info][gc,metaspace] GC(998) Metaspace: 6110K(6208K)->6110K(6208K) NonClass: 5629K(5696K)->5629K(5696K) Class: 481K(512K)->481K(512K)
[237.429s][info][gc          ] GC(998) Pause Young (Allocation Failure) 407M->316M(406M) 1.223ms
[237.429s][info][gc,cpu      ] GC(998) User=0.00s Sys=0.00s Real=0.00s
[237.600s][info][gc,start    ] GC(999) Pause Young (Allocation Failure)
[237.601s][info][gc,heap     ] GC(999) PSYoungGen: 91840K(92160K)->608K(89600K) Eden: 91136K(91136K)->0K(88576K) From: 704K(1024K)->608K(1024K)
[237.601s][info][gc,heap     ] GC(999) ParOldGen: 323462K(323584K)->323462K(323584K)
[237.601s][info][gc,metaspace] GC(999) Metaspace: 6110K(6208K)->6110K(6208K) NonClass: 5629K(5696K)->5629K(5696K) Class: 481K(512K)->481K(512K)
[237.601s][info][gc          ] GC(999) Pause Young (Allocation Failure) 405M->316M(403M) 1.108ms
[237.601s][info][gc,cpu      ] GC(999) User=0.00s Sys=0.00s Real=0.01s
[237.769s][info][gc,start    ] GC(1000) Pause Young (Allocation Failure)
[237.770s][info][gc,heap     ] GC(1000) PSYoungGen: 89184K(89600K)->672K(87552K) Eden: 88576K(88576K)->0K(86528K) From: 608K(1024K)->672K(1024K)
[237.770s][info][gc,heap     ] GC(1000) ParOldGen: 323462K(323584K)->323462K(323584K)
[237.770s][info][gc,metaspace] GC(1000) Metaspace: 6110K(6208K)->6110K(6208K) NonClass: 5629K(5696K)->5629K(5696K) Class: 481K(512K)->481K(512K)
[237.770s][info][gc          ] GC(1000) Pause Young (Allocation Failure) 402M->316M(401M) 1.304ms
[237.770s][info][gc,cpu      ] GC(1000) User=0.00s Sys=0.00s Real=0.00s
[237.937s][info][gc,start    ] GC(1001) Pause Young (Allocation Failure)
[237.939s][info][gc,heap     ] GC(1001) PSYoungGen: 87200K(87552K)->512K(179200K) Eden: 86528K(86528K)->0K(178688K) From: 672K(1024K)->512K(512K)
[237.939s][info][gc,heap     ] GC(1001) ParOldGen: 323462K(323584K)->323734K(324096K)
[237.939s][info][gc,metaspace] GC(1001) Metaspace: 6110K(6208K)->6110K(6208K) NonClass: 5629K(5696K)->5629K(5696K) Class: 481K(512K)->481K(512K)
[237.939s][info][gc          ] GC(1001) Pause Young (Allocation Failure) 401M->316M(491M) 1.598ms
[237.939s][info][gc,cpu      ] GC(1001) User=0.01s Sys=0.00s Real=0.00s
[238.294s][info][gc,start    ] GC(1002) Pause Young (Allocation Failure)
[238.295s][info][gc,heap     ] GC(1002) PSYoungGen: 179200K(179200K)->608K(173568K) Eden: 178688K(178688K)->0K(172544K) From: 512K(512K)->608K(1024K)
[238.295s][info][gc,heap     ] GC(1002) ParOldGen: 323734K(324096K)->323734K(324096K)
[238.295s][info][gc,metaspace] GC(1002) Metaspace: 6110K(6208K)->6110K(6208K) NonClass: 5629K(5696K)->5629K(5696K) Class: 481K(512K)->481K(512K)
[238.296s][info][gc          ] GC(1002) Pause Young (Allocation Failure) 491M->316M(486M) 1.378ms
[238.296s][info][gc,cpu      ] GC(1002) User=0.00s Sys=0.00s Real=0.00s
[238.626s][info][gc,start    ] GC(1003) Pause Young (Allocation Failure)
[238.627s][info][gc,heap     ] GC(1003) PSYoungGen: 173152K(173568K)->768K(167424K) Eden: 172544K(172544K)->0K(166400K) From: 608K(1024K)->768K(1024K)
[238.627s][info][gc,heap     ] GC(1003) ParOldGen: 323734K(324096K)->323750K(324096K)
[238.627s][info][gc,metaspace] GC(1003) Metaspace: 6110K(6208K)->6110K(6208K) NonClass: 5629K(5696K)->5629K(5696K) Class: 481K(512K)->481K(512K)
[238.627s][info][gc          ] GC(1003) Pause Young (Allocation Failure) 485M->316M(480M) 1.435ms
[238.627s][info][gc,cpu      ] GC(1003) User=0.00s Sys=0.00s Real=0.00s
[238.938s][info][gc,start    ] GC(1004) Pause Young (Allocation Failure)
[238.940s][info][gc,heap     ] GC(1004) PSYoungGen: 167168K(167424K)->704K(161792K) Eden: 166400K(166400K)->0K(160768K) From: 768K(1024K)->704K(1024K)
[238.940s][info][gc,heap     ] GC(1004) ParOldGen: 323750K(324096K)->323750K(324096K)
[238.940s][info][gc,metaspace] GC(1004) Metaspace: 6110K(6208K)->6110K(6208K) NonClass: 5629K(5696K)->5629K(5696K) Class: 481K(512K)->481K(512K)
[238.940s][info][gc          ] GC(1004) Pause Young (Allocation Failure) 479M->316M(474M) 1.514ms
[238.940s][info][gc,cpu      ] GC(1004) User=0.01s Sys=0.00s Real=0.00s
[239.222s][info][gc,start    ] GC(1005) Pause Young (Allocation Failure)
[239.223s][info][gc,heap     ] GC(1005) PSYoungGen: 161472K(161792K)->512K(155648K) Eden: 160768K(160768K)->0K(155136K) From: 704K(1024K)->512K(512K)
[239.223s][info][gc,heap     ] GC(1005) ParOldGen: 323750K(324096K)->323958K(324096K)
[239.223s][info][gc,metaspace] GC(1005) Metaspace: 6110K(6208K)->6110K(6208K) NonClass: 5629K(5696K)->5629K(5696K) Class: 481K(512K)->481K(512K)
[239.223s][info][gc          ] GC(1005) Pause Young (Allocation Failure) 473M->316M(468M) 1.463ms
[239.223s][info][gc,cpu      ] GC(1005) User=0.00s Sys=0.00s Real=0.00s
[239.520s][info][gc,start    ] GC(1006) Pause Young (Allocation Failure)
[239.521s][info][gc,heap     ] GC(1006) PSYoungGen: 155648K(155648K)->786K(151040K) Eden: 155136K(155136K)->0K(150016K) From: 512K(512K)->786K(1024K)
[239.521s][info][gc,heap     ] GC(1006) ParOldGen: 323958K(324096K)->323958K(324096K)
[239.521s][info][gc,metaspace] GC(1006) Metaspace: 6110K(6208K)->6110K(6208K) NonClass: 5629K(5696K)->5629K(5696K) Class: 481K(512K)->481K(512K)
[239.521s][info][gc          ] GC(1006) Pause Young (Allocation Failure) 468M->317M(464M) 1.435ms
[239.521s][info][gc,cpu      ] GC(1006) User=0.00s Sys=0.00s Real=0.01s
[239.795s][info][gc,start    ] GC(1007) Pause Young (Allocation Failure)
[239.796s][info][gc,heap     ] GC(1007) PSYoungGen: 150802K(151040K)->736K(145920K) Eden: 150016K(150016K)->0K(144896K) From: 786K(1024K)->736K(1024K)
[239.796s][info][gc,heap     ] GC(1007) ParOldGen: 323958K(324096K)->323990K(324096K)
[239.796s][info][gc,metaspace] GC(1007) Metaspace: 6110K(6208K)->6110K(6208K) NonClass: 5629K(5696K)->5629K(5696K) Class: 481K(512K)->481K(512K)
[239.796s][info][gc          ] GC(1007) Pause Young (Allocation Failure) 463M->317M(459M) 1.466ms
[239.796s][info][gc,cpu      ] GC(1007) User=0.00s Sys=0.00s Real=0.00s
[240.077s][info][gc,start    ] GC(1008) Pause Young (Allocation Failure)
[240.079s][info][gc,heap     ] GC(1008) PSYoungGen: 145632K(145920K)->672K(141312K) Eden: 144896K(144896K)->0K(140288K) From: 736K(1024K)->672K(1024K)
[240.079s][info][gc,heap     ] GC(1008) ParOldGen: 323990K(324096K)->323990K(324096K)
[240.079s][info][gc,metaspace] GC(1008) Metaspace: 6110K(6208K)->6110K(6208K) NonClass: 5629K(5696K)->5629K(5696K) Class: 481K(512K)->481K(512K)
[240.079s][info][gc          ] GC(1008) Pause Young (Allocation Failure) 458M->317M(454M) 1.433ms
[240.079s][info][gc,cpu      ] GC(1008) User=0.00s Sys=0.00s Real=0.00s
[240.388s][info][gc,start    ] GC(1009) Pause Young (Allocation Failure)
[240.389s][info][gc,heap     ] GC(1009) PSYoungGen: 140960K(141312K)->512K(136192K) Eden: 140288K(140288K)->0K(135680K) From: 672K(1024K)->512K(512K)
[240.389s][info][gc,heap     ] GC(1009) ParOldGen: 323990K(324096K)->324142K(324608K)
[240.389s][info][gc,metaspace] GC(1009) Metaspace: 6110K(6208K)->6110K(6208K) NonClass: 5629K(5696K)->5629K(5696K) Class: 481K(512K)->481K(512K)
[240.389s][info][gc          ] GC(1009) Pause Young (Allocation Failure) 454M->317M(450M) 1.436ms
[240.390s][info][gc,cpu      ] GC(1009) User=0.00s Sys=0.00s Real=0.00s
[240.650s][info][gc,start    ] GC(1010) Pause Young (Allocation Failure)
[240.652s][info][gc,heap     ] GC(1010) PSYoungGen: 136192K(136192K)->832K(132608K) Eden: 135680K(135680K)->0K(131584K) From: 512K(512K)->832K(1024K)
[240.652s][info][gc,heap     ] GC(1010) ParOldGen: 324142K(324608K)->324142K(324608K)
[240.652s][info][gc,metaspace] GC(1010) Metaspace: 6110K(6208K)->6110K(6208K) NonClass: 5629K(5696K)->5629K(5696K) Class: 481K(512K)->481K(512K)
[240.652s][info][gc          ] GC(1010) Pause Young (Allocation Failure) 449M->317M(446M) 1.621ms
[240.652s][info][gc,cpu      ] GC(1010) User=0.00s Sys=0.00s Real=0.01s
[240.921s][info][gc,start    ] GC(1011) Pause Young (Allocation Failure)
[240.922s][info][gc,heap     ] GC(1011) PSYoungGen: 132416K(132608K)->704K(128512K) Eden: 131584K(131584K)->0K(127488K) From: 832K(1024K)->704K(1024K)
[240.922s][info][gc,heap     ] GC(1011) ParOldGen: 324142K(324608K)->324166K(324608K)
[240.922s][info][gc,metaspace] GC(1011) Metaspace: 6110K(6208K)->6110K(6208K) NonClass: 5629K(5696K)->5629K(5696K) Class: 481K(512K)->481K(512K)
[240.922s][info][gc          ] GC(1011) Pause Young (Allocation Failure) 445M->317M(442M) 1.358ms
[240.922s][info][gc,cpu      ] GC(1011) User=0.00s Sys=0.00s Real=0.00s
[241.200s][info][gc,start    ] GC(1012) Pause Young (Allocation Failure)
[241.201s][info][gc,heap     ] GC(1012) PSYoungGen: 128192K(128512K)->544K(124416K) Eden: 127488K(127488K)->0K(123392K) From: 704K(1024K)->544K(1024K)
[241.201s][info][gc,heap     ] GC(1012) ParOldGen: 324166K(324608K)->324166K(324608K)
[241.201s][info][gc,metaspace] GC(1012) Metaspace: 6110K(6208K)->6110K(6208K) NonClass: 5629K(5696K)->5629K(5696K) Class: 481K(512K)->481K(512K)
[241.201s][info][gc          ] GC(1012) Pause Young (Allocation Failure) 441M->317M(438M) 1.249ms
[241.201s][info][gc,cpu      ] GC(1012) User=0.01s Sys=0.00s Real=0.01s
[241.421s][info][gc,start    ] GC(1013) Pause Young (Allocation Failure)
[241.422s][info][gc,heap     ] GC(1013) PSYoungGen: 123936K(124416K)->512K(120320K) Eden: 123392K(123392K)->0K(119808K) From: 544K(1024K)->512K(512K)
[241.422s][info][gc,heap     ] GC(1013) ParOldGen: 324166K(324608K)->324270K(324608K)
[241.422s][info][gc,metaspace] GC(1013) Metaspace: 6110K(6208K)->6110K(6208K) NonClass: 5629K(5696K)->5629K(5696K) Class: 481K(512K)->481K(512K)
[241.422s][info][gc          ] GC(1013) Pause Young (Allocation Failure) 437M->317M(434M) 1.241ms
[241.422s][info][gc,cpu      ] GC(1013) User=0.00s Sys=0.00s Real=0.00s
[241.586s][info][gc,start    ] GC(1014) Pause Young (Allocation Failure)
[241.587s][info][gc,heap     ] GC(1014) PSYoungGen: 120320K(120320K)->722K(117248K) Eden: 119808K(119808K)->0K(116224K) From: 512K(512K)->722K(1024K)
[241.587s][info][gc,heap     ] GC(1014) ParOldGen: 324270K(324608K)->324270K(324608K)
[241.587s][info][gc,metaspace] GC(1014) Metaspace: 6110K(6208K)->6110K(6208K) NonClass: 5629K(5696K)->5629K(5696K) Class: 481K(512K)->481K(512K)
[241.587s][info][gc          ] GC(1014) Pause Young (Allocation Failure) 434M->317M(431M) 1.482ms
[241.587s][info][gc,cpu      ] GC(1014) User=0.00s Sys=0.00s Real=0.00s
[241.869s][info][gc,start    ] GC(1015) Pause Young (Allocation Failure)
[241.871s][info][gc,heap     ] GC(1015) PSYoungGen: 116946K(117248K)->704K(113664K) Eden: 116224K(116224K)->0K(112640K) From: 722K(1024K)->704K(1024K)
[241.871s][info][gc,heap     ] GC(1015) ParOldGen: 324270K(324608K)->324310K(324608K)
[241.871s][info][gc,metaspace] GC(1015) Metaspace: 6110K(6208K)->6110K(6208K) NonClass: 5629K(5696K)->5629K(5696K) Class: 481K(512K)->481K(512K)
[241.871s][info][gc          ] GC(1015) Pause Young (Allocation Failure) 430M->317M(428M) 1.526ms
[241.871s][info][gc,cpu      ] GC(1015) User=0.01s Sys=0.00s Real=0.01s
[242.193s][info][gc,start    ] GC(1016) Pause Young (Allocation Failure)
[242.196s][info][gc,heap     ] GC(1016) PSYoungGen: 113344K(113664K)->754K(110592K) Eden: 112640K(112640K)->0K(109568K) From: 704K(1024K)->754K(1024K)
[242.196s][info][gc,heap     ] GC(1016) ParOldGen: 324310K(324608K)->324310K(324608K)
[242.196s][info][gc,metaspace] GC(1016) Metaspace: 6110K(6208K)->6110K(6208K) NonClass: 5629K(5696K)->5629K(5696K) Class: 481K(512K)->481K(512K)
[242.196s][info][gc          ] GC(1016) Pause Young (Allocation Failure) 427M->317M(425M) 3.273ms
[242.196s][info][gc,cpu      ] GC(1016) User=0.00s Sys=0.00s Real=0.00s
[242.336s][info][gc,start    ] GC(1017) Pause Young (Allocation Failure)
[242.339s][info][gc,heap     ] GC(1017) PSYoungGen: 110322K(110592K)->498K(107008K) Eden: 109568K(109568K)->0K(106496K) From: 754K(1024K)->498K(512K)
[242.339s][info][gc,heap     ] GC(1017) ParOldGen: 324310K(324608K)->324398K(324608K)
[242.339s][info][gc,metaspace] GC(1017) Metaspace: 6110K(6208K)->6110K(6208K) NonClass: 5629K(5696K)->5629K(5696K) Class: 481K(512K)->481K(512K)
[242.339s][info][gc          ] GC(1017) Pause Young (Allocation Failure) 424M->317M(421M) 2.644ms
[242.339s][info][gc,cpu      ] GC(1017) User=0.01s Sys=0.00s Real=0.00s
[242.459s][info][gc,start    ] GC(1018) Pause Young (Allocation Failure)
[242.462s][info][gc,heap     ] GC(1018) PSYoungGen: 106994K(107008K)->626K(129024K) Eden: 106496K(106496K)->0K(128000K) From: 498K(512K)->626K(1024K)
[242.462s][info][gc,heap     ] GC(1018) ParOldGen: 324398K(324608K)->324398K(324608K)
[242.462s][info][gc,metaspace] GC(1018) Metaspace: 6110K(6208K)->6110K(6208K) NonClass: 5629K(5696K)->5629K(5696K) Class: 481K(512K)->481K(512K)
[242.462s][info][gc          ] GC(1018) Pause Young (Allocation Failure) 421M->317M(443M) 2.357ms
[242.462s][info][gc,cpu      ] GC(1018) User=0.00s Sys=0.00s Real=0.01s
[242.669s][info][gc,start    ] GC(1019) Pause Young (Allocation Failure)
[242.671s][info][gc,heap     ] GC(1019) PSYoungGen: 128626K(129024K)->690K(154624K) Eden: 128000K(128000K)->0K(153600K) From: 626K(1024K)->690K(1024K)
[242.671s][info][gc,heap     ] GC(1019) ParOldGen: 324398K(324608K)->324446K(324608K)
[242.671s][info][gc,metaspace] GC(1019) Metaspace: 6110K(6208K)->6110K(6208K) NonClass: 5629K(5696K)->5629K(5696K) Class: 481K(512K)->481K(512K)
[242.671s][info][gc          ] GC(1019) Pause Young (Allocation Failure) 442M->317M(468M) 2.566ms
[242.671s][info][gc,cpu      ] GC(1019) User=0.00s Sys=0.01s Real=0.01s
[242.865s][info][gc,start    ] GC(1020) Pause Young (Allocation Failure)
[242.867s][info][gc,heap     ] GC(1020) PSYoungGen: 154290K(154624K)->672K(149504K) Eden: 153600K(153600K)->0K(148480K) From: 690K(1024K)->672K(1024K)
[242.867s][info][gc,heap     ] GC(1020) ParOldGen: 324446K(324608K)->324446K(324608K)
[242.867s][info][gc,metaspace] GC(1020) Metaspace: 6110K(6208K)->6110K(6208K) NonClass: 5629K(5696K)->5629K(5696K) Class: 481K(512K)->481K(512K)
[242.867s][info][gc          ] GC(1020) Pause Young (Allocation Failure) 467M->317M(463M) 1.350ms
[242.867s][info][gc,cpu      ] GC(1020) User=0.01s Sys=0.00s Real=0.00s
[243.104s][info][gc,start    ] GC(1021) Pause Young (Allocation Failure)
[243.105s][info][gc,heap     ] GC(1021) PSYoungGen: 149152K(149504K)->512K(143872K) Eden: 148480K(148480K)->0K(143360K) From: 672K(1024K)->512K(512K)
[243.105s][info][gc,heap     ] GC(1021) ParOldGen: 324446K(324608K)->324574K(324608K)
[243.105s][info][gc,metaspace] GC(1021) Metaspace: 6110K(6208K)->6110K(6208K) NonClass: 5629K(5696K)->5629K(5696K) Class: 481K(512K)->481K(512K)
[243.105s][info][gc          ] GC(1021) Pause Young (Allocation Failure) 462M->317M(457M) 1.483ms
[243.105s][info][gc,cpu      ] GC(1021) User=0.00s Sys=0.00s Real=0.00s
[243.398s][info][gc,start    ] GC(1022) Pause Young (Allocation Failure)
[243.400s][info][gc,heap     ] GC(1022) PSYoungGen: 143872K(143872K)->672K(139776K) Eden: 143360K(143360K)->0K(138752K) From: 512K(512K)->672K(1024K)
[243.400s][info][gc,heap     ] GC(1022) ParOldGen: 324574K(324608K)->324574K(324608K)
[243.400s][info][gc,metaspace] GC(1022) Metaspace: 6110K(6208K)->6110K(6208K) NonClass: 5629K(5696K)->5629K(5696K) Class: 481K(512K)->481K(512K)
[243.400s][info][gc          ] GC(1022) Pause Young (Allocation Failure) 457M->317M(453M) 2.448ms
[243.400s][info][gc,cpu      ] GC(1022) User=0.00s Sys=0.00s Real=0.00s
[243.665s][info][gc,start    ] GC(1023) Pause Young (Allocation Failure)
[243.668s][info][gc,heap     ] GC(1023) PSYoungGen: 139424K(139776K)->690K(135168K) Eden: 138752K(138752K)->0K(134144K) From: 672K(1024K)->690K(1024K)
[243.668s][info][gc,heap     ] GC(1023) ParOldGen: 324574K(324608K)->324606K(324608K)
[243.668s][info][gc,metaspace] GC(1023) Metaspace: 6110K(6208K)->6110K(6208K) NonClass: 5629K(5696K)->5629K(5696K) Class: 481K(512K)->481K(512K)
[243.668s][info][gc          ] GC(1023) Pause Young (Allocation Failure) 453M->317M(449M) 2.611ms
[243.668s][info][gc,cpu      ] GC(1023) User=0.00s Sys=0.00s Real=0.00s
[243.891s][info][gc,start    ] GC(1024) Pause Young (Allocation Failure)
[243.894s][info][gc,heap     ] GC(1024) PSYoungGen: 134834K(135168K)->690K(131072K) Eden: 134144K(134144K)->0K(130048K) From: 690K(1024K)->690K(1024K)
[243.894s][info][gc,heap     ] GC(1024) ParOldGen: 324606K(324608K)->324614K(325120K)
[243.894s][info][gc,metaspace] GC(1024) Metaspace: 6110K(6208K)->6110K(6208K) NonClass: 5629K(5696K)->5629K(5696K) Class: 481K(512K)->481K(512K)
[243.894s][info][gc          ] GC(1024) Pause Young (Allocation Failure) 448M->317M(445M) 3.100ms
[243.894s][info][gc,cpu      ] GC(1024) User=0.00s Sys=0.00s Real=0.00s
[244.174s][info][gc,start    ] GC(1025) Pause Young (Allocation Failure)
[244.175s][info][gc,heap     ] GC(1025) PSYoungGen: 130738K(131072K)->512K(126464K) Eden: 130048K(130048K)->0K(125952K) From: 690K(1024K)->512K(512K)
[244.176s][info][gc,heap     ] GC(1025) ParOldGen: 324614K(325120K)->324686K(325120K)
[244.176s][info][gc,metaspace] GC(1025) Metaspace: 6110K(6208K)->6110K(6208K) NonClass: 5629K(5696K)->5629K(5696K) Class: 481K(512K)->481K(512K)
[244.176s][info][gc          ] GC(1025) Pause Young (Allocation Failure) 444M->317M(441M) 1.172ms
[244.176s][info][gc,cpu      ] GC(1025) User=0.00s Sys=0.00s Real=0.00s
[244.448s][info][gc,start    ] GC(1026) Pause Young (Allocation Failure)
[244.449s][info][gc,heap     ] GC(1026) PSYoungGen: 126464K(126464K)->690K(122880K) Eden: 125952K(125952K)->0K(121856K) From: 512K(512K)->690K(1024K)
[244.449s][info][gc,heap     ] GC(1026) ParOldGen: 324686K(325120K)->324686K(325120K)
[244.449s][info][gc,metaspace] GC(1026) Metaspace: 6110K(6208K)->6110K(6208K) NonClass: 5629K(5696K)->5629K(5696K) Class: 481K(512K)->481K(512K)
[244.449s][info][gc          ] GC(1026) Pause Young (Allocation Failure) 440M->317M(437M) 1.468ms
[244.449s][info][gc,cpu      ] GC(1026) User=0.00s Sys=0.00s Real=0.00s
[244.730s][info][gc,start    ] GC(1027) Pause Young (Allocation Failure)
[244.731s][info][gc,heap     ] GC(1027) PSYoungGen: 122546K(122880K)->672K(119296K) Eden: 121856K(121856K)->0K(118272K) From: 690K(1024K)->672K(1024K)
[244.731s][info][gc,heap     ] GC(1027) ParOldGen: 324686K(325120K)->324726K(325120K)
[244.731s][info][gc,metaspace] GC(1027) Metaspace: 6110K(6208K)->6110K(6208K) NonClass: 5629K(5696K)->5629K(5696K) Class: 481K(512K)->481K(512K)
[244.731s][info][gc          ] GC(1027) Pause Young (Allocation Failure) 436M->317M(434M) 1.564ms
[244.731s][info][gc,cpu      ] GC(1027) User=0.01s Sys=0.00s Real=0.01s
[244.985s][info][gc,start    ] GC(1028) Pause Young (Allocation Failure)
[244.987s][info][gc,heap     ] GC(1028) PSYoungGen: 118944K(119296K)->704K(115712K) Eden: 118272K(118272K)->0K(114688K) From: 672K(1024K)->704K(1024K)
[244.987s][info][gc,heap     ] GC(1028) ParOldGen: 324726K(325120K)->324726K(325120K)
[244.987s][info][gc,metaspace] GC(1028) Metaspace: 6110K(6208K)->6110K(6208K) NonClass: 5629K(5696K)->5629K(5696K) Class: 481K(512K)->481K(512K)
[244.987s][info][gc          ] GC(1028) Pause Young (Allocation Failure) 433M->317M(430M) 1.496ms
[244.987s][info][gc,cpu      ] GC(1028) User=0.01s Sys=0.00s Real=0.00s
[245.232s][info][gc,start    ] GC(1029) Pause Young (Allocation Failure)
[245.234s][info][gc,heap     ] GC(1029) PSYoungGen: 115392K(115712K)->512K(111616K) Eden: 114688K(114688K)->0K(111104K) From: 704K(1024K)->512K(512K)
[245.234s][info][gc,heap     ] GC(1029) ParOldGen: 324726K(325120K)->324926K(325120K)
[245.234s][info][gc,metaspace] GC(1029) Metaspace: 6110K(6208K)->6110K(6208K) NonClass: 5629K(5696K)->5629K(5696K) Class: 481K(512K)->481K(512K)
[245.234s][info][gc          ] GC(1029) Pause Young (Allocation Failure) 429M->317M(426M) 1.473ms
[245.234s][info][gc,cpu      ] GC(1029) User=0.00s Sys=0.00s Real=0.00s
[245.459s][info][gc,start    ] GC(1030) Pause Young (Allocation Failure)
[245.460s][info][gc,heap     ] GC(1030) PSYoungGen: 111616K(111616K)->722K(109056K) Eden: 111104K(111104K)->0K(108032K) From: 512K(512K)->722K(1024K)
[245.460s][info][gc,heap     ] GC(1030) ParOldGen: 324926K(325120K)->324926K(325120K)
[245.460s][info][gc,metaspace] GC(1030) Metaspace: 6110K(6208K)->6110K(6208K) NonClass: 5629K(5696K)->5629K(5696K) Class: 481K(512K)->481K(512K)
[245.460s][info][gc          ] GC(1030) Pause Young (Allocation Failure) 426M->318M(424M) 1.530ms
[245.460s][info][gc,cpu      ] GC(1030) User=0.00s Sys=0.00s Real=0.00s
[245.688s][info][gc,start    ] GC(1031) Pause Young (Allocation Failure)
[245.690s][info][gc,heap     ] GC(1031) PSYoungGen: 108754K(109056K)->480K(105472K) Eden: 108032K(108032K)->0K(104960K) From: 722K(1024K)->480K(512K)
[245.690s][info][gc,heap     ] GC(1031) ParOldGen: 324926K(325120K)->325248K(325632K)
[245.690s][info][gc,metaspace] GC(1031) Metaspace: 6110K(6208K)->6110K(6208K) NonClass: 5629K(5696K)->5629K(5696K) Class: 481K(512K)->481K(512K)
[245.690s][info][gc          ] GC(1031) Pause Young (Allocation Failure) 423M->318M(421M) 2.108ms
[245.690s][info][gc,cpu      ] GC(1031) User=0.00s Sys=0.00s Real=0.00s
[245.915s][info][gc,start    ] GC(1032) Pause Young (Allocation Failure)
[245.916s][info][gc,heap     ] GC(1032) PSYoungGen: 105440K(105472K)->800K(102912K) Eden: 104960K(104960K)->0K(101888K) From: 480K(512K)->800K(1024K)
[245.916s][info][gc,heap     ] GC(1032) ParOldGen: 325248K(325632K)->325336K(325632K)
[245.916s][info][gc,metaspace] GC(1032) Metaspace: 6110K(6208K)->6110K(6208K) NonClass: 5629K(5696K)->5629K(5696K) Class: 481K(512K)->481K(512K)
[245.916s][info][gc          ] GC(1032) Pause Young (Allocation Failure) 420M->318M(418M) 1.769ms
[245.916s][info][gc,cpu      ] GC(1032) User=0.00s Sys=0.00s Real=0.00s
[246.131s][info][gc,start    ] GC(1033) Pause Young (Allocation Failure)
[246.133s][info][gc,heap     ] GC(1033) PSYoungGen: 102688K(102912K)->672K(99840K) Eden: 101888K(101888K)->0K(98816K) From: 800K(1024K)->672K(1024K)
[246.133s][info][gc,heap     ] GC(1033) ParOldGen: 325336K(325632K)->325392K(325632K)
[246.133s][info][gc,metaspace] GC(1033) Metaspace: 6110K(6208K)->6110K(6208K) NonClass: 5629K(5696K)->5629K(5696K) Class: 481K(512K)->481K(512K)
[246.133s][info][gc          ] GC(1033) Pause Young (Allocation Failure) 417M->318M(415M) 1.566ms
[246.133s][info][gc,cpu      ] GC(1033) User=0.00s Sys=0.00s Real=0.00s
[246.328s][info][gc,start    ] GC(1034) Pause Young (Allocation Failure)
[246.330s][info][gc,heap     ] GC(1034) PSYoungGen: 99488K(99840K)->768K(97280K) Eden: 98816K(98816K)->0K(96256K) From: 672K(1024K)->768K(1024K)
[246.330s][info][gc,heap     ] GC(1034) ParOldGen: 325392K(325632K)->325392K(325632K)
[246.330s][info][gc,metaspace] GC(1034) Metaspace: 6110K(6208K)->6110K(6208K) NonClass: 5629K(5696K)->5629K(5696K) Class: 481K(512K)->481K(512K)
[246.330s][info][gc          ] GC(1034) Pause Young (Allocation Failure) 414M->318M(413M) 1.675ms
[246.330s][info][gc,cpu      ] GC(1034) User=0.01s Sys=0.00s Real=0.00s
[246.480s][info][gc,start    ] GC(1035) Pause Young (Allocation Failure)
[246.482s][info][gc,heap     ] GC(1035) PSYoungGen: 97024K(97280K)->512K(94208K) Eden: 96256K(96256K)->0K(93696K) From: 768K(1024K)->512K(512K)
[246.482s][info][gc,heap     ] GC(1035) ParOldGen: 325392K(325632K)->325592K(325632K)
[246.482s][info][gc,metaspace] GC(1035) Metaspace: 6110K(6208K)->6110K(6208K) NonClass: 5629K(5696K)->5629K(5696K) Class: 481K(512K)->481K(512K)
[246.482s][info][gc          ] GC(1035) Pause Young (Allocation Failure) 412M->318M(410M) 1.577ms
[246.482s][info][gc,cpu      ] GC(1035) User=0.00s Sys=0.00s Real=0.00s
[246.640s][info][gc,start    ] GC(1036) Pause Young (Allocation Failure)
[246.641s][info][gc,heap     ] GC(1036) PSYoungGen: 94208K(94208K)->736K(92160K) Eden: 93696K(93696K)->0K(91136K) From: 512K(512K)->736K(1024K)
[246.641s][info][gc,heap     ] GC(1036) ParOldGen: 325592K(325632K)->325592K(325632K)
[246.641s][info][gc,metaspace] GC(1036) Metaspace: 6110K(6208K)->6110K(6208K) NonClass: 5629K(5696K)->5629K(5696K) Class: 481K(512K)->481K(512K)
[246.641s][info][gc          ] GC(1036) Pause Young (Allocation Failure) 409M->318M(408M) 1.499ms
[246.641s][info][gc,cpu      ] GC(1036) User=0.01s Sys=0.00s Real=0.01s
[246.844s][info][gc,start    ] GC(1037) Pause Young (Allocation Failure)
[246.845s][info][gc,heap     ] GC(1037) PSYoungGen: 91872K(92160K)->800K(89600K) Eden: 91136K(91136K)->0K(88576K) From: 736K(1024K)->800K(1024K)
[246.845s][info][gc,heap     ] GC(1037) ParOldGen: 325592K(325632K)->325608K(325632K)
[246.845s][info][gc,metaspace] GC(1037) Metaspace: 6110K(6208K)->6110K(6208K) NonClass: 5629K(5696K)->5629K(5696K) Class: 481K(512K)->481K(512K)
[246.845s][info][gc          ] GC(1037) Pause Young (Allocation Failure) 407M->318M(405M) 1.760ms
[246.845s][info][gc,cpu      ] GC(1037) User=0.00s Sys=0.00s Real=0.00s
[247.034s][info][gc,start    ] GC(1038) Pause Young (Allocation Failure)
[247.036s][info][gc,heap     ] GC(1038) PSYoungGen: 89376K(89600K)->672K(87552K) Eden: 88576K(88576K)->0K(86528K) From: 800K(1024K)->672K(1024K)
[247.036s][info][gc,heap     ] GC(1038) ParOldGen: 325608K(325632K)->325608K(325632K)
[247.036s][info][gc,metaspace] GC(1038) Metaspace: 6110K(6208K)->6110K(6208K) NonClass: 5629K(5696K)->5629K(5696K) Class: 481K(512K)->481K(512K)
[247.036s][info][gc          ] GC(1038) Pause Young (Allocation Failure) 405M->318M(403M) 1.521ms
[247.036s][info][gc,cpu      ] GC(1038) User=0.00s Sys=0.00s Real=0.00s
[247.205s][info][gc,start    ] GC(1039) Pause Young (Allocation Failure)
[247.207s][info][gc,heap     ] GC(1039) PSYoungGen: 87200K(87552K)->512K(174080K) Eden: 86528K(86528K)->0K(173568K) From: 672K(1024K)->512K(512K)
[247.207s][info][gc,heap     ] GC(1039) ParOldGen: 325608K(325632K)->325880K(326144K)
[247.207s][info][gc,metaspace] GC(1039) Metaspace: 6110K(6208K)->6110K(6208K) NonClass: 5629K(5696K)->5629K(5696K) Class: 481K(512K)->481K(512K)
[247.207s][info][gc          ] GC(1039) Pause Young (Allocation Failure) 403M->318M(488M) 1.851ms
[247.207s][info][gc,cpu      ] GC(1039) User=0.00s Sys=0.00s Real=0.00s
[247.588s][info][gc,start    ] GC(1040) Pause Young (Allocation Failure)
[247.589s][info][gc,heap     ] GC(1040) PSYoungGen: 174080K(174080K)->704K(168448K) Eden: 173568K(173568K)->0K(167424K) From: 512K(512K)->704K(1024K)
[247.589s][info][gc,heap     ] GC(1040) ParOldGen: 325880K(326144K)->325880K(326144K)
[247.589s][info][gc,metaspace] GC(1040) Metaspace: 6110K(6208K)->6110K(6208K) NonClass: 5629K(5696K)->5629K(5696K) Class: 481K(512K)->481K(512K)
[247.589s][info][gc          ] GC(1040) Pause Young (Allocation Failure) 488M->318M(483M) 1.397ms
[247.589s][info][gc,cpu      ] GC(1040) User=0.00s Sys=0.00s Real=0.00s
[247.936s][info][gc,start    ] GC(1041) Pause Young (Allocation Failure)
[247.938s][info][gc,heap     ] GC(1041) PSYoungGen: 168128K(168448K)->736K(162816K) Eden: 167424K(167424K)->0K(161792K) From: 704K(1024K)->736K(1024K)
[247.938s][info][gc,heap     ] GC(1041) ParOldGen: 325880K(326144K)->325896K(326144K)
[247.938s][info][gc,metaspace] GC(1041) Metaspace: 6110K(6208K)->6110K(6208K) NonClass: 5629K(5696K)->5629K(5696K) Class: 481K(512K)->481K(512K)
[247.938s][info][gc          ] GC(1041) Pause Young (Allocation Failure) 482M->318M(477M) 1.856ms
[247.938s][info][gc,cpu      ] GC(1041) User=0.01s Sys=0.00s Real=0.00s
[248.277s][info][gc,start    ] GC(1042) Pause Young (Allocation Failure)
[248.279s][info][gc,heap     ] GC(1042) PSYoungGen: 162528K(162816K)->736K(157184K) Eden: 161792K(161792K)->0K(156160K) From: 736K(1024K)->736K(1024K)
[248.279s][info][gc,heap     ] GC(1042) ParOldGen: 325896K(326144K)->325896K(326144K)
[248.279s][info][gc,metaspace] GC(1042) Metaspace: 6110K(6208K)->6110K(6208K) NonClass: 5629K(5696K)->5629K(5696K) Class: 481K(512K)->481K(512K)
[248.279s][info][gc          ] GC(1042) Pause Young (Allocation Failure) 476M->318M(472M) 1.998ms
[248.279s][info][gc,cpu      ] GC(1042) User=0.00s Sys=0.00s Real=0.00s
[248.627s][info][gc,start    ] GC(1043) Pause Young (Allocation Failure)
[248.628s][info][gc,heap     ] GC(1043) PSYoungGen: 156896K(157184K)->512K(151552K) Eden: 156160K(156160K)->0K(151040K) From: 736K(1024K)->512K(512K)
[248.628s][info][gc,heap     ] GC(1043) ParOldGen: 325896K(326144K)->325912K(326144K)
[248.628s][info][gc,metaspace] GC(1043) Metaspace: 6110K(6208K)->6110K(6208K) NonClass: 5629K(5696K)->5629K(5696K) Class: 481K(512K)->481K(512K)
[248.628s][info][gc          ] GC(1043) Pause Young (Allocation Failure) 471M->318M(466M) 1.421ms
[248.628s][info][gc,cpu      ] GC(1043) User=0.01s Sys=0.00s Real=0.00s
[248.921s][info][gc,start    ] GC(1044) Pause Young (Allocation Failure)
[248.922s][info][gc,heap     ] GC(1044) PSYoungGen: 151552K(151552K)->736K(146944K) Eden: 151040K(151040K)->0K(145920K) From: 512K(512K)->736K(1024K)
[248.923s][info][gc,heap     ] GC(1044) ParOldGen: 325912K(326144K)->325912K(326144K)
[248.923s][info][gc,metaspace] GC(1044) Metaspace: 6110K(6208K)->6110K(6208K) NonClass: 5629K(5696K)->5629K(5696K) Class: 481K(512K)->481K(512K)
[248.923s][info][gc          ] GC(1044) Pause Young (Allocation Failure) 466M->318M(462M) 1.400ms
[248.923s][info][gc,cpu      ] GC(1044) User=0.00s Sys=0.00s Real=0.00s
[249.178s][info][gc,start    ] GC(1045) Pause Young (Allocation Failure)
[249.179s][info][gc,heap     ] GC(1045) PSYoungGen: 146656K(146944K)->640K(142336K) Eden: 145920K(145920K)->0K(141312K) From: 736K(1024K)->640K(1024K)
[249.179s][info][gc,heap     ] GC(1045) ParOldGen: 325912K(326144K)->325920K(326144K)
[249.179s][info][gc,metaspace] GC(1045) Metaspace: 6110K(6208K)->6110K(6208K) NonClass: 5629K(5696K)->5629K(5696K) Class: 481K(512K)->481K(512K)
[249.179s][info][gc          ] GC(1045) Pause Young (Allocation Failure) 461M->318M(457M) 1.186ms
[249.179s][info][gc,cpu      ] GC(1045) User=0.00s Sys=0.00s Real=0.00s
[249.387s][info][gc,start    ] GC(1046) Pause Young (Allocation Failure)
[249.389s][info][gc,heap     ] GC(1046) PSYoungGen: 141952K(142336K)->754K(137728K) Eden: 141312K(141312K)->0K(136704K) From: 640K(1024K)->754K(1024K)
[249.389s][info][gc,heap     ] GC(1046) ParOldGen: 325920K(326144K)->325920K(326144K)
[249.389s][info][gc,metaspace] GC(1046) Metaspace: 6110K(6208K)->6110K(6208K) NonClass: 5629K(5696K)->5629K(5696K) Class: 481K(512K)->481K(512K)
[249.389s][info][gc          ] GC(1046) Pause Young (Allocation Failure) 456M->319M(453M) 2.724ms
[249.389s][info][gc,cpu      ] GC(1046) User=0.00s Sys=0.00s Real=0.00s
[249.588s][info][gc,start    ] GC(1047) Pause Young (Allocation Failure)
[249.589s][info][gc,heap     ] GC(1047) PSYoungGen: 137458K(137728K)->512K(132608K) Eden: 136704K(136704K)->0K(132096K) From: 754K(1024K)->512K(512K)
[249.589s][info][gc,heap     ] GC(1047) ParOldGen: 325920K(326144K)->326104K(326144K)
[249.589s][info][gc,metaspace] GC(1047) Metaspace: 6110K(6208K)->6110K(6208K) NonClass: 5629K(5696K)->5629K(5696K) Class: 481K(512K)->481K(512K)
[249.589s][info][gc          ] GC(1047) Pause Young (Allocation Failure) 452M->318M(448M) 1.380ms
[249.589s][info][gc,cpu      ] GC(1047) User=0.00s Sys=0.00s Real=0.00s
[249.762s][info][gc,start    ] GC(1048) Pause Young (Allocation Failure)
[249.764s][info][gc,heap     ] GC(1048) PSYoungGen: 132608K(132608K)->736K(129024K) Eden: 132096K(132096K)->0K(128000K) From: 512K(512K)->736K(1024K)
[249.764s][info][gc,heap     ] GC(1048) ParOldGen: 326104K(326144K)->326104K(326144K)
[249.764s][info][gc,metaspace] GC(1048) Metaspace: 6110K(6208K)->6110K(6208K) NonClass: 5629K(5696K)->5629K(5696K) Class: 481K(512K)->481K(512K)
[249.764s][info][gc          ] GC(1048) Pause Young (Allocation Failure) 447M->319M(444M) 1.449ms
[249.764s][info][gc,cpu      ] GC(1048) User=0.00s Sys=0.00s Real=0.00s
[249.935s][info][gc,start    ] GC(1049) Pause Young (Allocation Failure)
[249.936s][info][gc,heap     ] GC(1049) PSYoungGen: 128736K(129024K)->672K(124928K) Eden: 128000K(128000K)->0K(123904K) From: 736K(1024K)->672K(1024K)
[249.936s][info][gc,heap     ] GC(1049) ParOldGen: 326104K(326144K)->326136K(326144K)
[249.936s][info][gc,metaspace] GC(1049) Metaspace: 6110K(6208K)->6110K(6208K) NonClass: 5629K(5696K)->5629K(5696K) Class: 481K(512K)->481K(512K)
[249.936s][info][gc          ] GC(1049) Pause Young (Allocation Failure) 444M->319M(440M) 1.340ms
[249.936s][info][gc,cpu      ] GC(1049) User=0.00s Sys=0.00s Real=0.00s
[250.109s][info][gc,start    ] GC(1050) Pause Young (Allocation Failure)
[250.110s][info][gc,heap     ] GC(1050) PSYoungGen: 124576K(124928K)->704K(121344K) Eden: 123904K(123904K)->0K(120320K) From: 672K(1024K)->704K(1024K)
[250.110s][info][gc,heap     ] GC(1050) ParOldGen: 326136K(326144K)->326136K(326144K)
[250.110s][info][gc,metaspace] GC(1050) Metaspace: 6110K(6208K)->6110K(6208K) NonClass: 5629K(5696K)->5629K(5696K) Class: 481K(512K)->481K(512K)
[250.110s][info][gc          ] GC(1050) Pause Young (Allocation Failure) 440M->319M(437M) 1.381ms
[250.110s][info][gc,cpu      ] GC(1050) User=0.01s Sys=0.00s Real=0.00s
[250.284s][info][gc,start    ] GC(1051) Pause Young (Allocation Failure)
[250.285s][info][gc,heap     ] GC(1051) PSYoungGen: 121024K(121344K)->512K(117248K) Eden: 120320K(120320K)->0K(116736K) From: 704K(1024K)->512K(512K)
[250.285s][info][gc,heap     ] GC(1051) ParOldGen: 326136K(326144K)->326240K(326656K)
[250.285s][info][gc,metaspace] GC(1051) Metaspace: 6110K(6208K)->6110K(6208K) NonClass: 5629K(5696K)->5629K(5696K) Class: 481K(512K)->481K(512K)
[250.285s][info][gc          ] GC(1051) Pause Young (Allocation Failure) 436M->319M(433M) 1.319ms
[250.285s][info][gc,cpu      ] GC(1051) User=0.00s Sys=0.00s Real=0.00s
[250.443s][info][gc,start    ] GC(1052) Pause Young (Allocation Failure)
[250.444s][info][gc,heap     ] GC(1052) PSYoungGen: 117248K(117248K)->786K(114176K) Eden: 116736K(116736K)->0K(113152K) From: 512K(512K)->786K(1024K)
[250.444s][info][gc,heap     ] GC(1052) ParOldGen: 326240K(326656K)->326240K(326656K)
[250.444s][info][gc,metaspace] GC(1052) Metaspace: 6110K(6208K)->6110K(6208K) NonClass: 5629K(5696K)->5629K(5696K) Class: 481K(512K)->481K(512K)
[250.444s][info][gc          ] GC(1052) Pause Young (Allocation Failure) 433M->319M(430M) 1.455ms
[250.444s][info][gc,cpu      ] GC(1052) User=0.00s Sys=0.00s Real=0.00s
[250.593s][info][gc,start    ] GC(1053) Pause Young (Allocation Failure)
[250.595s][info][gc,heap     ] GC(1053) PSYoungGen: 113938K(114176K)->704K(111104K) Eden: 113152K(113152K)->0K(110080K) From: 786K(1024K)->704K(1024K)
[250.595s][info][gc,heap     ] GC(1053) ParOldGen: 326240K(326656K)->326280K(326656K)
[250.595s][info][gc,metaspace] GC(1053) Metaspace: 6110K(6208K)->6110K(6208K) NonClass: 5629K(5696K)->5629K(5696K) Class: 481K(512K)->481K(512K)
[250.595s][info][gc          ] GC(1053) Pause Young (Allocation Failure) 429M->319M(427M) 1.498ms
[250.595s][info][gc,cpu      ] GC(1053) User=0.00s Sys=0.00s Real=0.00s
[250.743s][info][gc,start    ] GC(1054) Pause Young (Allocation Failure)
[250.744s][info][gc,heap     ] GC(1054) PSYoungGen: 110784K(111104K)->736K(108032K) Eden: 110080K(110080K)->0K(107008K) From: 704K(1024K)->736K(1024K)
[250.744s][info][gc,heap     ] GC(1054) ParOldGen: 326280K(326656K)->326280K(326656K)
[250.744s][info][gc,metaspace] GC(1054) Metaspace: 6110K(6208K)->6110K(6208K) NonClass: 5629K(5696K)->5629K(5696K) Class: 481K(512K)->481K(512K)
[250.744s][info][gc          ] GC(1054) Pause Young (Allocation Failure) 426M->319M(424M) 1.428ms
[250.744s][info][gc,cpu      ] GC(1054) User=0.01s Sys=0.00s Real=0.00s
[250.899s][info][gc,start    ] GC(1055) Pause Young (Allocation Failure)
[250.900s][info][gc,heap     ] GC(1055) PSYoungGen: 107744K(108032K)->512K(104448K) Eden: 107008K(107008K)->0K(103936K) From: 736K(1024K)->512K(512K)
[250.900s][info][gc,heap     ] GC(1055) ParOldGen: 326280K(326656K)->326456K(326656K)
[250.900s][info][gc,metaspace] GC(1055) Metaspace: 6110K(6208K)->6110K(6208K) NonClass: 5629K(5696K)->5629K(5696K) Class: 481K(512K)->481K(512K)
[250.900s][info][gc          ] GC(1055) Pause Young (Allocation Failure) 423M->319M(421M) 1.441ms
[250.900s][info][gc,cpu      ] GC(1055) User=0.00s Sys=0.00s Real=0.00s
[251.050s][info][gc,start    ] GC(1056) Pause Young (Allocation Failure)
[251.051s][info][gc,heap     ] GC(1056) PSYoungGen: 104448K(104448K)->736K(101888K) Eden: 103936K(103936K)->0K(100864K) From: 512K(512K)->736K(1024K)
[251.051s][info][gc,heap     ] GC(1056) ParOldGen: 326456K(326656K)->326456K(326656K)
[251.051s][info][gc,metaspace] GC(1056) Metaspace: 6110K(6208K)->6110K(6208K) NonClass: 5629K(5696K)->5629K(5696K) Class: 481K(512K)->481K(512K)
[251.051s][info][gc          ] GC(1056) Pause Young (Allocation Failure) 420M->319M(418M) 1.344ms
[251.051s][info][gc,cpu      ] GC(1056) User=0.00s Sys=0.00s Real=0.01s
[251.213s][info][gc,start    ] GC(1057) Pause Young (Allocation Failure)
[251.214s][info][gc,heap     ] GC(1057) PSYoungGen: 101600K(101888K)->704K(99328K) Eden: 100864K(100864K)->0K(98304K) From: 736K(1024K)->704K(1024K)
[251.214s][info][gc,heap     ] GC(1057) ParOldGen: 326456K(326656K)->326480K(326656K)
[251.214s][info][gc,metaspace] GC(1057) Metaspace: 6110K(6208K)->6110K(6208K) NonClass: 5629K(5696K)->5629K(5696K) Class: 481K(512K)->481K(512K)
[251.214s][info][gc          ] GC(1057) Pause Young (Allocation Failure) 418M->319M(416M) 1.341ms
[251.214s][info][gc,cpu      ] GC(1057) User=0.00s Sys=0.00s Real=0.00s
[251.380s][info][gc,start    ] GC(1058) Pause Young (Allocation Failure)
[251.381s][info][gc,heap     ] GC(1058) PSYoungGen: 99008K(99328K)->736K(96768K) Eden: 98304K(98304K)->0K(95744K) From: 704K(1024K)->736K(1024K)
[251.381s][info][gc,heap     ] GC(1058) ParOldGen: 326480K(326656K)->326480K(326656K)
[251.381s][info][gc,metaspace] GC(1058) Metaspace: 6110K(6208K)->6110K(6208K) NonClass: 5629K(5696K)->5629K(5696K) Class: 481K(512K)->481K(512K)
[251.382s][info][gc          ] GC(1058) Pause Young (Allocation Failure) 415M->319M(413M) 1.501ms
[251.382s][info][gc,cpu      ] GC(1058) User=0.00s Sys=0.00s Real=0.01s
[251.550s][info][gc,start    ] GC(1059) Pause Young (Allocation Failure)
[251.551s][info][gc,heap     ] GC(1059) PSYoungGen: 96480K(96768K)->512K(93696K) Eden: 95744K(95744K)->0K(93184K) From: 736K(1024K)->512K(512K)
[251.551s][info][gc,heap     ] GC(1059) ParOldGen: 326480K(326656K)->326592K(326656K)
[251.551s][info][gc,metaspace] GC(1059) Metaspace: 6110K(6208K)->6110K(6208K) NonClass: 5629K(5696K)->5629K(5696K) Class: 481K(512K)->481K(512K)
[251.551s][info][gc          ] GC(1059) Pause Young (Allocation Failure) 413M->319M(410M) 1.238ms
[251.551s][info][gc,cpu      ] GC(1059) User=0.00s Sys=0.00s Real=0.01s
[251.713s][info][gc,start    ] GC(1060) Pause Young (Allocation Failure)
[251.714s][info][gc,heap     ] GC(1060) PSYoungGen: 93696K(93696K)->549K(91648K) Eden: 93184K(93184K)->0K(90624K) From: 512K(512K)->549K(1024K)
[251.714s][info][gc,heap     ] GC(1060) ParOldGen: 326592K(326656K)->326592K(326656K)
[251.714s][info][gc,metaspace] GC(1060) Metaspace: 6110K(6208K)->6110K(6208K) NonClass: 5629K(5696K)->5629K(5696K) Class: 481K(512K)->481K(512K)
[251.714s][info][gc          ] GC(1060) Pause Young (Allocation Failure) 410M->319M(408M) 1.205ms
[251.714s][info][gc,cpu      ] GC(1060) User=0.00s Sys=0.00s Real=0.00s
[251.862s][info][gc,start    ] GC(1061) Pause Young (Allocation Failure)
[251.864s][info][gc,heap     ] GC(1061) PSYoungGen: 91173K(91648K)->690K(89088K) Eden: 90624K(90624K)->0K(88064K) From: 549K(1024K)->690K(1024K)
[251.864s][info][gc,heap     ] GC(1061) ParOldGen: 326592K(326656K)->326632K(326656K)
[251.864s][info][gc,metaspace] GC(1061) Metaspace: 6110K(6208K)->6110K(6208K) NonClass: 5629K(5696K)->5629K(5696K) Class: 481K(512K)->481K(512K)
[251.864s][info][gc          ] GC(1061) Pause Young (Allocation Failure) 407M->319M(406M) 2.470ms
[251.865s][info][gc,cpu      ] GC(1061) User=0.00s Sys=0.00s Real=0.00s
[251.990s][info][gc,start    ] GC(1062) Pause Young (Allocation Failure)
[251.992s][info][gc,heap     ] GC(1062) PSYoungGen: 88754K(89088K)->704K(87040K) Eden: 88064K(88064K)->0K(86016K) From: 690K(1024K)->704K(1024K)
[251.992s][info][gc,heap     ] GC(1062) ParOldGen: 326632K(326656K)->326632K(326656K)
[251.992s][info][gc,metaspace] GC(1062) Metaspace: 6110K(6208K)->6110K(6208K) NonClass: 5629K(5696K)->5629K(5696K) Class: 481K(512K)->481K(512K)
[251.992s][info][gc          ] GC(1062) Pause Young (Allocation Failure) 405M->319M(404M) 1.367ms
[251.992s][info][gc,cpu      ] GC(1062) User=0.00s Sys=0.00s Real=0.01s
[252.124s][info][gc,start    ] GC(1063) Pause Young (Allocation Failure)
[252.127s][info][gc,heap     ] GC(1063) PSYoungGen: 86720K(87040K)->498K(103936K) Eden: 86016K(86016K)->0K(103424K) From: 704K(1024K)->498K(512K)
[252.127s][info][gc,heap     ] GC(1063) ParOldGen: 326632K(326656K)->326888K(327168K)
[252.127s][info][gc,metaspace] GC(1063) Metaspace: 6110K(6208K)->6110K(6208K) NonClass: 5629K(5696K)->5629K(5696K) Class: 481K(512K)->481K(512K)
[252.127s][info][gc          ] GC(1063) Pause Young (Allocation Failure) 403M->319M(421M) 2.823ms
[252.127s][info][gc,cpu      ] GC(1063) User=0.00s Sys=0.00s Real=0.00s
[252.270s][info][gc,start    ] GC(1064) Pause Young (Allocation Failure)
[252.273s][info][gc,heap     ] GC(1064) PSYoungGen: 103922K(103936K)->722K(125440K) Eden: 103424K(103424K)->0K(124416K) From: 498K(512K)->722K(1024K)
[252.273s][info][gc,heap     ] GC(1064) ParOldGen: 326888K(327168K)->326888K(327168K)
[252.273s][info][gc,metaspace] GC(1064) Metaspace: 6110K(6208K)->6110K(6208K) NonClass: 5629K(5696K)->5629K(5696K) Class: 481K(512K)->481K(512K)
[252.273s][info][gc          ] GC(1064) Pause Young (Allocation Failure) 420M->319M(442M) 2.361ms
[252.273s][info][gc,cpu      ] GC(1064) User=0.01s Sys=0.00s Real=0.01s
[252.435s][info][gc,start    ] GC(1065) Pause Young (Allocation Failure)
[252.438s][info][gc,heap     ] GC(1065) PSYoungGen: 125138K(125440K)->704K(150528K) Eden: 124416K(124416K)->0K(149504K) From: 722K(1024K)->704K(1024K)
[252.438s][info][gc,heap     ] GC(1065) ParOldGen: 326888K(327168K)->326920K(327168K)
[252.438s][info][gc,metaspace] GC(1065) Metaspace: 6110K(6208K)->6110K(6208K) NonClass: 5629K(5696K)->5629K(5696K) Class: 481K(512K)->481K(512K)
[252.438s][info][gc          ] GC(1065) Pause Young (Allocation Failure) 441M->319M(466M) 2.573ms
[252.438s][info][gc,cpu      ] GC(1065) User=0.00s Sys=0.00s Real=0.00s
[252.633s][info][gc,start    ] GC(1066) Pause Young (Allocation Failure)
[252.635s][info][gc,heap     ] GC(1066) PSYoungGen: 150208K(150528K)->690K(171520K) Eden: 149504K(149504K)->0K(170496K) From: 704K(1024K)->690K(1024K)
[252.635s][info][gc,heap     ] GC(1066) ParOldGen: 326920K(327168K)->326920K(327168K)
[252.635s][info][gc,metaspace] GC(1066) Metaspace: 6110K(6208K)->6110K(6208K) NonClass: 5629K(5696K)->5629K(5696K) Class: 481K(512K)->481K(512K)
[252.635s][info][gc          ] GC(1066) Pause Young (Allocation Failure) 465M->319M(487M) 2.409ms
[252.635s][info][gc,cpu      ] GC(1066) User=0.00s Sys=0.00s Real=0.00s
[252.857s][info][gc,start    ] GC(1067) Pause Young (Allocation Failure)
[252.861s][info][gc,heap     ] GC(1067) PSYoungGen: 171186K(171520K)->818K(180736K) Eden: 170496K(170496K)->0K(179712K) From: 690K(1024K)->818K(1024K)
[252.861s][info][gc,heap     ] GC(1067) ParOldGen: 326920K(327168K)->326920K(327168K)
[252.861s][info][gc,metaspace] GC(1067) Metaspace: 6110K(6208K)->6110K(6208K) NonClass: 5629K(5696K)->5629K(5696K) Class: 481K(512K)->481K(512K)
[252.861s][info][gc          ] GC(1067) Pause Young (Allocation Failure) 486M->320M(496M) 3.366ms
[252.861s][info][gc,cpu      ] GC(1067) User=0.00s Sys=0.00s Real=0.01s
[253.099s][info][gc,start    ] GC(1068) Pause Young (Allocation Failure)
[253.100s][info][gc,heap     ] GC(1068) PSYoungGen: 180530K(180736K)->736K(180736K) Eden: 179712K(179712K)->0K(179712K) From: 818K(1024K)->736K(1024K)
[253.100s][info][gc,heap     ] GC(1068) ParOldGen: 326920K(327168K)->326920K(327168K)
[253.100s][info][gc,metaspace] GC(1068) Metaspace: 6110K(6208K)->6110K(6208K) NonClass: 5629K(5696K)->5629K(5696K) Class: 481K(512K)->481K(512K)
[253.100s][info][gc          ] GC(1068) Pause Young (Allocation Failure) 495M->319M(496M) 1.715ms
[253.100s][info][gc,cpu      ] GC(1068) User=0.01s Sys=0.00s Real=0.00s
[253.326s][info][gc,start    ] GC(1069) Pause Young (Allocation Failure)
[253.327s][info][gc,heap     ] GC(1069) PSYoungGen: 180448K(180736K)->704K(217088K) Eden: 179712K(179712K)->0K(216064K) From: 736K(1024K)->704K(1024K)
[253.327s][info][gc,heap     ] GC(1069) ParOldGen: 326920K(327168K)->326920K(327168K)
[253.327s][info][gc,metaspace] GC(1069) Metaspace: 6110K(6208K)->6110K(6208K) NonClass: 5629K(5696K)->5629K(5696K) Class: 481K(512K)->481K(512K)
[253.327s][info][gc          ] GC(1069) Pause Young (Allocation Failure) 495M->319M(531M) 1.708ms
[253.327s][info][gc,cpu      ] GC(1069) User=0.01s Sys=0.00s Real=0.00s
[253.595s][info][gc,start    ] GC(1070) Pause Young (Allocation Failure)
[253.597s][info][gc,heap     ] GC(1070) PSYoungGen: 216768K(217088K)->672K(208896K) Eden: 216064K(216064K)->0K(207872K) From: 704K(1024K)->672K(1024K)
[253.597s][info][gc,heap     ] GC(1070) ParOldGen: 326920K(327168K)->326920K(327168K)
[253.597s][info][gc,metaspace] GC(1070) Metaspace: 6110K(6208K)->6110K(6208K) NonClass: 5629K(5696K)->5629K(5696K) Class: 481K(512K)->481K(512K)
[253.597s][info][gc          ] GC(1070) Pause Young (Allocation Failure) 530M->319M(523M) 1.849ms
[253.597s][info][gc,cpu      ] GC(1070) User=0.00s Sys=0.00s Real=0.00s
[253.847s][info][gc,start    ] GC(1071) Pause Young (Allocation Failure)
[253.849s][info][gc,heap     ] GC(1071) PSYoungGen: 208544K(208896K)->512K(200704K) Eden: 207872K(207872K)->0K(200192K) From: 672K(1024K)->512K(512K)
[253.849s][info][gc,heap     ] GC(1071) ParOldGen: 326920K(327168K)->327120K(327168K)
[253.849s][info][gc,metaspace] GC(1071) Metaspace: 6110K(6208K)->6110K(6208K) NonClass: 5629K(5696K)->5629K(5696K) Class: 481K(512K)->481K(512K)
[253.849s][info][gc          ] GC(1071) Pause Young (Allocation Failure) 522M->319M(515M) 1.999ms
[253.849s][info][gc,cpu      ] GC(1071) User=0.00s Sys=0.00s Real=0.00s
[254.102s][info][gc,start    ] GC(1072) Pause Young (Allocation Failure)
[254.104s][info][gc,heap     ] GC(1072) PSYoungGen: 200704K(200704K)->704K(194048K) Eden: 200192K(200192K)->0K(193024K) From: 512K(512K)->704K(1024K)
[254.104s][info][gc,heap     ] GC(1072) ParOldGen: 327120K(327168K)->327120K(327168K)
[254.104s][info][gc,metaspace] GC(1072) Metaspace: 6110K(6208K)->6110K(6208K) NonClass: 5629K(5696K)->5629K(5696K) Class: 481K(512K)->481K(512K)
[254.104s][info][gc          ] GC(1072) Pause Young (Allocation Failure) 515M->320M(509M) 1.584ms
[254.104s][info][gc,cpu      ] GC(1072) User=0.01s Sys=0.00s Real=0.00s
[254.350s][info][gc,start    ] GC(1073) Pause Young (Allocation Failure)
[254.351s][info][gc,heap     ] GC(1073) PSYoungGen: 193728K(194048K)->672K(186880K) Eden: 193024K(193024K)->0K(185856K) From: 704K(1024K)->672K(1024K)
[254.351s][info][gc,heap     ] GC(1073) ParOldGen: 327120K(327168K)->327144K(327168K)
[254.351s][info][gc,metaspace] GC(1073) Metaspace: 6110K(6208K)->6110K(6208K) NonClass: 5629K(5696K)->5629K(5696K) Class: 481K(512K)->481K(512K)
[254.351s][info][gc          ] GC(1073) Pause Young (Allocation Failure) 508M->320M(502M) 1.539ms
[254.351s][info][gc,cpu      ] GC(1073) User=0.00s Sys=0.00s Real=0.01s
[254.631s][info][gc,start    ] GC(1074) Pause Young (Allocation Failure)
[254.632s][info][gc,heap     ] GC(1074) PSYoungGen: 186528K(186880K)->704K(180224K) Eden: 185856K(185856K)->0K(179200K) From: 672K(1024K)->704K(1024K)
[254.632s][info][gc,heap     ] GC(1074) ParOldGen: 327144K(327168K)->327144K(327168K)
[254.632s][info][gc,metaspace] GC(1074) Metaspace: 6110K(6208K)->6110K(6208K) NonClass: 5629K(5696K)->5629K(5696K) Class: 481K(512K)->481K(512K)
[254.632s][info][gc          ] GC(1074) Pause Young (Allocation Failure) 501M->320M(495M) 1.614ms
[254.632s][info][gc,cpu      ] GC(1074) User=0.01s Sys=0.00s Real=0.00s
[254.950s][info][gc,start    ] GC(1075) Pause Young (Allocation Failure)
[254.952s][info][gc,heap     ] GC(1075) PSYoungGen: 179904K(180224K)->498K(173568K) Eden: 179200K(179200K)->0K(173056K) From: 704K(1024K)->498K(512K)
[254.952s][info][gc,heap     ] GC(1075) ParOldGen: 327144K(327168K)->327264K(327680K)
[254.952s][info][gc,metaspace] GC(1075) Metaspace: 6110K(6208K)->6110K(6208K) NonClass: 5629K(5696K)->5629K(5696K) Class: 481K(512K)->481K(512K)
[254.952s][info][gc          ] GC(1075) Pause Young (Allocation Failure) 495M->320M(489M) 2.649ms
[254.952s][info][gc,cpu      ] GC(1075) User=0.00s Sys=0.00s Real=0.01s
[255.229s][info][gc,start    ] GC(1076) Pause Young (Allocation Failure)
[255.233s][info][gc,heap     ] GC(1076) PSYoungGen: 173554K(173568K)->754K(167936K) Eden: 173056K(173056K)->0K(166912K) From: 498K(512K)->754K(1024K)
[255.233s][info][gc,heap     ] GC(1076) ParOldGen: 327264K(327680K)->327264K(327680K)
[255.233s][info][gc,metaspace] GC(1076) Metaspace: 6110K(6208K)->6110K(6208K) NonClass: 5629K(5696K)->5629K(5696K) Class: 481K(512K)->481K(512K)
[255.233s][info][gc          ] GC(1076) Pause Young (Allocation Failure) 489M->320M(484M) 3.946ms
[255.233s][info][gc,cpu      ] GC(1076) User=0.00s Sys=0.00s Real=0.01s
[255.491s][info][gc,start    ] GC(1077) Pause Young (Allocation Failure)
[255.493s][info][gc,heap     ] GC(1077) PSYoungGen: 167666K(167936K)->768K(162304K) Eden: 166912K(166912K)->0K(161280K) From: 754K(1024K)->768K(1024K)
[255.493s][info][gc,heap     ] GC(1077) ParOldGen: 327264K(327680K)->327304K(327680K)
[255.493s][info][gc,metaspace] GC(1077) Metaspace: 6110K(6208K)->6110K(6208K) NonClass: 5629K(5696K)->5629K(5696K) Class: 481K(512K)->481K(512K)
[255.494s][info][gc          ] GC(1077) Pause Young (Allocation Failure) 483M->320M(478M) 2.704ms
[255.494s][info][gc,cpu      ] GC(1077) User=0.00s Sys=0.00s Real=0.00s
[255.897s][info][gc,start    ] GC(1078) Pause Young (Allocation Failure)
[255.899s][info][gc,heap     ] GC(1078) PSYoungGen: 162048K(162304K)->754K(156672K) Eden: 161280K(161280K)->0K(155648K) From: 768K(1024K)->754K(1024K)
[255.899s][info][gc,heap     ] GC(1078) ParOldGen: 327304K(327680K)->327304K(327680K)
[255.899s][info][gc,metaspace] GC(1078) Metaspace: 6110K(6208K)->6110K(6208K) NonClass: 5629K(5696K)->5629K(5696K) Class: 481K(512K)->481K(512K)
[255.899s][info][gc          ] GC(1078) Pause Young (Allocation Failure) 477M->320M(473M) 2.656ms
[255.900s][info][gc,cpu      ] GC(1078) User=0.01s Sys=0.00s Real=0.00s
[256.326s][info][gc,start    ] GC(1079) Pause Young (Allocation Failure)
[256.329s][info][gc,heap     ] GC(1079) PSYoungGen: 156402K(156672K)->498K(151040K) Eden: 155648K(155648K)->0K(150528K) From: 754K(1024K)->498K(512K)
[256.329s][info][gc,heap     ] GC(1079) ParOldGen: 327304K(327680K)->327440K(327680K)
[256.329s][info][gc,metaspace] GC(1079) Metaspace: 6110K(6208K)->6110K(6208K) NonClass: 5629K(5696K)->5629K(5696K) Class: 481K(512K)->481K(512K)
[256.329s][info][gc          ] GC(1079) Pause Young (Allocation Failure) 472M->320M(467M) 3.116ms
[256.329s][info][gc,cpu      ] GC(1079) User=0.00s Sys=0.00s Real=0.00s
[256.665s][info][gc,start    ] GC(1080) Pause Young (Allocation Failure)
[256.669s][info][gc,heap     ] GC(1080) PSYoungGen: 151026K(151040K)->672K(146432K) Eden: 150528K(150528K)->0K(145408K) From: 498K(512K)->672K(1024K)
[256.669s][info][gc,heap     ] GC(1080) ParOldGen: 327440K(327680K)->327440K(327680K)
[256.669s][info][gc,metaspace] GC(1080) Metaspace: 6110K(6208K)->6110K(6208K) NonClass: 5629K(5696K)->5629K(5696K) Class: 481K(512K)->481K(512K)
[256.669s][info][gc          ] GC(1080) Pause Young (Allocation Failure) 467M->320M(463M) 3.922ms
[256.669s][info][gc,cpu      ] GC(1080) User=0.00s Sys=0.00s Real=0.00s
[256.906s][info][gc,start    ] GC(1081) Pause Young (Allocation Failure)
[256.907s][info][gc,heap     ] GC(1081) PSYoungGen: 146080K(146432K)->704K(141824K) Eden: 145408K(145408K)->0K(140800K) From: 672K(1024K)->704K(1024K)
[256.907s][info][gc,heap     ] GC(1081) ParOldGen: 327440K(327680K)->327472K(327680K)
[256.907s][info][gc,metaspace] GC(1081) Metaspace: 6110K(6208K)->6110K(6208K) NonClass: 5629K(5696K)->5629K(5696K) Class: 481K(512K)->481K(512K)
[256.907s][info][gc          ] GC(1081) Pause Young (Allocation Failure) 462M->320M(458M) 1.779ms
[256.907s][info][gc,cpu      ] GC(1081) User=0.00s Sys=0.00s Real=0.00s
[257.119s][info][gc,start    ] GC(1082) Pause Young (Allocation Failure)
[257.120s][info][gc,heap     ] GC(1082) PSYoungGen: 141504K(141824K)->672K(137216K) Eden: 140800K(140800K)->0K(136192K) From: 704K(1024K)->672K(1024K)
[257.120s][info][gc,heap     ] GC(1082) ParOldGen: 327472K(327680K)->327472K(327680K)
[257.120s][info][gc,metaspace] GC(1082) Metaspace: 6110K(6208K)->6110K(6208K) NonClass: 5629K(5696K)->5629K(5696K) Class: 481K(512K)->481K(512K)
[257.121s][info][gc          ] GC(1082) Pause Young (Allocation Failure) 457M->320M(454M) 1.395ms
[257.121s][info][gc,cpu      ] GC(1082) User=0.00s Sys=0.00s Real=0.01s
[257.340s][info][gc,start    ] GC(1083) Pause Young (Allocation Failure)
[257.341s][info][gc,heap     ] GC(1083) PSYoungGen: 136864K(137216K)->512K(132608K) Eden: 136192K(136192K)->0K(132096K) From: 672K(1024K)->512K(512K)
[257.341s][info][gc,heap     ] GC(1083) ParOldGen: 327472K(327680K)->327704K(328192K)
[257.341s][info][gc,metaspace] GC(1083) Metaspace: 6110K(6208K)->6110K(6208K) NonClass: 5629K(5696K)->5629K(5696K) Class: 481K(512K)->481K(512K)
[257.341s][info][gc          ] GC(1083) Pause Young (Allocation Failure) 453M->320M(450M) 1.562ms
[257.341s][info][gc,cpu      ] GC(1083) User=0.00s Sys=0.00s Real=0.01s
[257.573s][info][gc,start    ] GC(1084) Pause Young (Allocation Failure)
[257.575s][info][gc,heap     ] GC(1084) PSYoungGen: 132608K(132608K)->736K(129024K) Eden: 132096K(132096K)->0K(128000K) From: 512K(512K)->736K(1024K)
[257.575s][info][gc,heap     ] GC(1084) ParOldGen: 327704K(328192K)->327704K(328192K)
[257.575s][info][gc,metaspace] GC(1084) Metaspace: 6110K(6208K)->6110K(6208K) NonClass: 5629K(5696K)->5629K(5696K) Class: 481K(512K)->481K(512K)
[257.575s][info][gc          ] GC(1084) Pause Young (Allocation Failure) 449M->320M(446M) 1.697ms
[257.575s][info][gc,cpu      ] GC(1084) User=0.00s Sys=0.00s Real=0.00s
[257.789s][info][gc,start    ] GC(1085) Pause Young (Allocation Failure)
[257.790s][info][gc,heap     ] GC(1085) PSYoungGen: 128736K(129024K)->736K(124928K) Eden: 128000K(128000K)->0K(123904K) From: 736K(1024K)->736K(1024K)
[257.790s][info][gc,heap     ] GC(1085) ParOldGen: 327704K(328192K)->327728K(328192K)
[257.791s][info][gc,metaspace] GC(1085) Metaspace: 6110K(6208K)->6110K(6208K) NonClass: 5629K(5696K)->5629K(5696K) Class: 481K(512K)->481K(512K)
[257.791s][info][gc          ] GC(1085) Pause Young (Allocation Failure) 445M->320M(442M) 1.544ms
[257.791s][info][gc,cpu      ] GC(1085) User=0.00s Sys=0.00s Real=0.01s
[258.044s][info][gc,start    ] GC(1086) Pause Young (Allocation Failure)
[258.045s][info][gc,heap     ] GC(1086) PSYoungGen: 124640K(124928K)->704K(121344K) Eden: 123904K(123904K)->0K(120320K) From: 736K(1024K)->704K(1024K)
[258.045s][info][gc,heap     ] GC(1086) ParOldGen: 327728K(328192K)->327728K(328192K)
[258.045s][info][gc,metaspace] GC(1086) Metaspace: 6110K(6208K)->6110K(6208K) NonClass: 5629K(5696K)->5629K(5696K) Class: 481K(512K)->481K(512K)
[258.046s][info][gc          ] GC(1086) Pause Young (Allocation Failure) 441M->320M(439M) 1.484ms
[258.046s][info][gc,cpu      ] GC(1086) User=0.00s Sys=0.00s Real=0.00s
[258.319s][info][gc,start    ] GC(1087) Pause Young (Allocation Failure)
[258.321s][info][gc,heap     ] GC(1087) PSYoungGen: 121024K(121344K)->512K(117248K) Eden: 120320K(120320K)->0K(116736K) From: 704K(1024K)->512K(512K)
[258.321s][info][gc,heap     ] GC(1087) ParOldGen: 327728K(328192K)->327960K(328192K)
[258.321s][info][gc,metaspace] GC(1087) Metaspace: 6110K(6208K)->6110K(6208K) NonClass: 5629K(5696K)->5629K(5696K) Class: 481K(512K)->481K(512K)
[258.321s][info][gc          ] GC(1087) Pause Young (Allocation Failure) 438M->320M(435M) 1.770ms
[258.321s][info][gc,cpu      ] GC(1087) User=0.00s Sys=0.00s Real=0.01s
[258.550s][info][gc,start    ] GC(1088) Pause Young (Allocation Failure)
[258.551s][info][gc,heap     ] GC(1088) PSYoungGen: 117248K(117248K)->800K(114176K) Eden: 116736K(116736K)->0K(113152K) From: 512K(512K)->800K(1024K)
[258.551s][info][gc,heap     ] GC(1088) ParOldGen: 327960K(328192K)->327960K(328192K)
[258.551s][info][gc,metaspace] GC(1088) Metaspace: 6110K(6208K)->6110K(6208K) NonClass: 5629K(5696K)->5629K(5696K) Class: 481K(512K)->481K(512K)
[258.551s][info][gc          ] GC(1088) Pause Young (Allocation Failure) 434M->321M(432M) 1.714ms
[258.551s][info][gc,cpu      ] GC(1088) User=0.00s Sys=0.00s Real=0.01s
[258.799s][info][gc,start    ] GC(1089) Pause Young (Allocation Failure)
[258.801s][info][gc,heap     ] GC(1089) PSYoungGen: 113952K(114176K)->704K(111104K) Eden: 113152K(113152K)->0K(110080K) From: 800K(1024K)->704K(1024K)
[258.801s][info][gc,heap     ] GC(1089) ParOldGen: 327960K(328192K)->327984K(328192K)
[258.801s][info][gc,metaspace] GC(1089) Metaspace: 6110K(6208K)->6110K(6208K) NonClass: 5629K(5696K)->5629K(5696K) Class: 481K(512K)->481K(512K)
[258.801s][info][gc          ] GC(1089) Pause Young (Allocation Failure) 431M->320M(429M) 1.511ms
[258.801s][info][gc,cpu      ] GC(1089) User=0.00s Sys=0.00s Real=0.01s
[259.060s][info][gc,start    ] GC(1090) Pause Young (Allocation Failure)
[259.062s][info][gc,heap     ] GC(1090) PSYoungGen: 110784K(111104K)->672K(108032K) Eden: 110080K(110080K)->0K(107008K) From: 704K(1024K)->672K(1024K)
[259.062s][info][gc,heap     ] GC(1090) ParOldGen: 327984K(328192K)->327984K(328192K)
[259.062s][info][gc,metaspace] GC(1090) Metaspace: 6110K(6208K)->6110K(6208K) NonClass: 5629K(5696K)->5629K(5696K) Class: 481K(512K)->481K(512K)
[259.062s][info][gc          ] GC(1090) Pause Young (Allocation Failure) 428M->320M(426M) 1.421ms
[259.062s][info][gc,cpu      ] GC(1090) User=0.00s Sys=0.00s Real=0.01s
[259.301s][info][gc,start    ] GC(1091) Pause Young (Allocation Failure)
[259.302s][info][gc,heap     ] GC(1091) PSYoungGen: 107680K(108032K)->512K(104448K) Eden: 107008K(107008K)->0K(103936K) From: 672K(1024K)->512K(512K)
[259.302s][info][gc,heap     ] GC(1091) ParOldGen: 327984K(328192K)->328064K(328192K)
[259.302s][info][gc,metaspace] GC(1091) Metaspace: 6110K(6208K)->6110K(6208K) NonClass: 5629K(5696K)->5629K(5696K) Class: 481K(512K)->481K(512K)
[259.302s][info][gc          ] GC(1091) Pause Young (Allocation Failure) 425M->320M(422M) 1.181ms
[259.302s][info][gc,cpu      ] GC(1091) User=0.00s Sys=0.00s Real=0.00s
[259.521s][info][gc,start    ] GC(1092) Pause Young (Allocation Failure)
[259.522s][info][gc,heap     ] GC(1092) PSYoungGen: 104448K(104448K)->690K(101888K) Eden: 103936K(103936K)->0K(100864K) From: 512K(512K)->690K(1024K)
[259.522s][info][gc,heap     ] GC(1092) ParOldGen: 328064K(328192K)->328064K(328192K)
[259.522s][info][gc,metaspace] GC(1092) Metaspace: 6110K(6208K)->6110K(6208K) NonClass: 5629K(5696K)->5629K(5696K) Class: 481K(512K)->481K(512K)
[259.522s][info][gc          ] GC(1092) Pause Young (Allocation Failure) 422M->321M(420M) 1.383ms
[259.522s][info][gc,cpu      ] GC(1092) User=0.01s Sys=0.00s Real=0.00s
[259.757s][info][gc,start    ] GC(1093) Pause Young (Allocation Failure)
[259.758s][info][gc,heap     ] GC(1093) PSYoungGen: 101554K(101888K)->672K(99328K) Eden: 100864K(100864K)->0K(98304K) From: 690K(1024K)->672K(1024K)
[259.758s][info][gc,heap     ] GC(1093) ParOldGen: 328064K(328192K)->328096K(328192K)
[259.758s][info][gc,metaspace] GC(1093) Metaspace: 6110K(6208K)->6110K(6208K) NonClass: 5629K(5696K)->5629K(5696K) Class: 481K(512K)->481K(512K)
[259.758s][info][gc          ] GC(1093) Pause Young (Allocation Failure) 419M->321M(417M) 1.360ms
[259.758s][info][gc,cpu      ] GC(1093) User=0.01s Sys=0.00s Real=0.00s
[259.992s][info][gc,start    ] GC(1094) Pause Young (Allocation Failure)
[259.993s][info][gc,heap     ] GC(1094) PSYoungGen: 98976K(99328K)->704K(96768K) Eden: 98304K(98304K)->0K(95744K) From: 672K(1024K)->704K(1024K)
[259.993s][info][gc,heap     ] GC(1094) ParOldGen: 328096K(328192K)->328096K(328192K)
[259.993s][info][gc,metaspace] GC(1094) Metaspace: 6110K(6208K)->6110K(6208K) NonClass: 5629K(5696K)->5629K(5696K) Class: 481K(512K)->481K(512K)
[259.993s][info][gc          ] GC(1094) Pause Young (Allocation Failure) 417M->321M(415M) 1.505ms
[259.994s][info][gc,cpu      ] GC(1094) User=0.00s Sys=0.00s Real=0.00s
[260.171s][info][gc,start    ] GC(1095) Pause Young (Allocation Failure)
[260.172s][info][gc,heap     ] GC(1095) PSYoungGen: 96448K(96768K)->512K(93696K) Eden: 95744K(95744K)->0K(93184K) From: 704K(1024K)->512K(512K)
[260.172s][info][gc,heap     ] GC(1095) ParOldGen: 328096K(328192K)->328248K(328704K)
[260.172s][info][gc,metaspace] GC(1095) Metaspace: 6110K(6208K)->6110K(6208K) NonClass: 5629K(5696K)->5629K(5696K) Class: 481K(512K)->481K(512K)
[260.172s][info][gc          ] GC(1095) Pause Young (Allocation Failure) 414M->321M(412M) 1.450ms
[260.172s][info][gc,cpu      ] GC(1095) User=0.00s Sys=0.00s Real=0.00s
[260.334s][info][gc,start    ] GC(1096) Pause Young (Allocation Failure)
[260.336s][info][gc,heap     ] GC(1096) PSYoungGen: 93696K(93696K)->736K(91648K) Eden: 93184K(93184K)->0K(90624K) From: 512K(512K)->736K(1024K)
[260.336s][info][gc,heap     ] GC(1096) ParOldGen: 328248K(328704K)->328248K(328704K)
[260.336s][info][gc,metaspace] GC(1096) Metaspace: 6110K(6208K)->6110K(6208K) NonClass: 5629K(5696K)->5629K(5696K) Class: 481K(512K)->481K(512K)
[260.336s][info][gc          ] GC(1096) Pause Young (Allocation Failure) 412M->321M(410M) 1.463ms
[260.336s][info][gc,cpu      ] GC(1096) User=0.00s Sys=0.00s Real=0.00s
[260.467s][info][gc,start    ] GC(1097) Pause Young (Allocation Failure)
[260.468s][info][gc,heap     ] GC(1097) PSYoungGen: 91360K(91648K)->672K(89088K) Eden: 90624K(90624K)->0K(88064K) From: 736K(1024K)->672K(1024K)
[260.468s][info][gc,heap     ] GC(1097) ParOldGen: 328248K(328704K)->328280K(328704K)
[260.468s][info][gc,metaspace] GC(1097) Metaspace: 6110K(6208K)->6110K(6208K) NonClass: 5629K(5696K)->5629K(5696K) Class: 481K(512K)->481K(512K)
[260.468s][info][gc          ] GC(1097) Pause Young (Allocation Failure) 409M->321M(408M) 1.306ms
[260.468s][info][gc,cpu      ] GC(1097) User=0.01s Sys=0.00s Real=0.00s
[260.622s][info][gc,start    ] GC(1098) Pause Young (Allocation Failure)
[260.623s][info][gc,heap     ] GC(1098) PSYoungGen: 88736K(89088K)->672K(87040K) Eden: 88064K(88064K)->0K(86016K) From: 672K(1024K)->672K(1024K)
[260.623s][info][gc,heap     ] GC(1098) ParOldGen: 328280K(328704K)->328280K(328704K)
[260.623s][info][gc,metaspace] GC(1098) Metaspace: 6110K(6208K)->6110K(6208K) NonClass: 5629K(5696K)->5629K(5696K) Class: 481K(512K)->481K(512K)
[260.623s][info][gc          ] GC(1098) Pause Young (Allocation Failure) 407M->321M(406M) 1.378ms
[260.623s][info][gc,cpu      ] GC(1098) User=0.00s Sys=0.00s Real=0.00s
[260.733s][info][gc,start    ] GC(1099) Pause Young (Allocation Failure)
[260.734s][info][gc,heap     ] GC(1099) PSYoungGen: 86688K(87040K)->512K(212480K) Eden: 86016K(86016K)->0K(211968K) From: 672K(1024K)->512K(512K)
[260.734s][info][gc,heap     ] GC(1099) ParOldGen: 328280K(328704K)->328464K(328704K)
[260.734s][info][gc,metaspace] GC(1099) Metaspace: 6110K(6208K)->6110K(6208K) NonClass: 5629K(5696K)->5629K(5696K) Class: 481K(512K)->481K(512K)
[260.734s][info][gc          ] GC(1099) Pause Young (Allocation Failure) 405M->321M(528M) 1.454ms
[260.734s][info][gc,cpu      ] GC(1099) User=0.00s Sys=0.00s Real=0.00s
[261.040s][info][gc,start    ] GC(1100) Pause Young (Allocation Failure)
[261.042s][info][gc,heap     ] GC(1100) PSYoungGen: 212480K(212480K)->672K(205312K) Eden: 211968K(211968K)->0K(204288K) From: 512K(512K)->672K(1024K)
[261.042s][info][gc,heap     ] GC(1100) ParOldGen: 328464K(328704K)->328464K(328704K)
[261.042s][info][gc,metaspace] GC(1100) Metaspace: 6110K(6208K)->6110K(6208K) NonClass: 5629K(5696K)->5629K(5696K) Class: 481K(512K)->481K(512K)
[261.042s][info][gc          ] GC(1100) Pause Young (Allocation Failure) 528M->321M(521M) 1.664ms
[261.042s][info][gc,cpu      ] GC(1100) User=0.00s Sys=0.00s Real=0.01s
[261.402s][info][gc,start    ] GC(1101) Pause Young (Allocation Failure)
[261.403s][info][gc,heap     ] GC(1101) PSYoungGen: 204960K(205312K)->640K(197632K) Eden: 204288K(204288K)->0K(196608K) From: 672K(1024K)->640K(1024K)
[261.403s][info][gc,heap     ] GC(1101) ParOldGen: 328464K(328704K)->328480K(328704K)
[261.403s][info][gc,metaspace] GC(1101) Metaspace: 6110K(6208K)->6110K(6208K) NonClass: 5629K(5696K)->5629K(5696K) Class: 481K(512K)->481K(512K)
[261.403s][info][gc          ] GC(1101) Pause Young (Allocation Failure) 520M->321M(514M) 1.248ms
[261.403s][info][gc,cpu      ] GC(1101) User=0.00s Sys=0.00s Real=0.00s
[261.730s][info][gc,start    ] GC(1102) Pause Young (Allocation Failure)
[261.731s][info][gc,heap     ] GC(1102) PSYoungGen: 197248K(197632K)->768K(190464K) Eden: 196608K(196608K)->0K(189440K) From: 640K(1024K)->768K(1024K)
[261.731s][info][gc,heap     ] GC(1102) ParOldGen: 328480K(328704K)->328480K(328704K)
[261.731s][info][gc,metaspace] GC(1102) Metaspace: 6110K(6208K)->6110K(6208K) NonClass: 5629K(5696K)->5629K(5696K) Class: 481K(512K)->481K(512K)
[261.731s][info][gc          ] GC(1102) Pause Young (Allocation Failure) 513M->321M(507M) 1.534ms
[261.731s][info][gc,cpu      ] GC(1102) User=0.00s Sys=0.00s Real=0.01s
[262.090s][info][gc,start    ] GC(1103) Pause Young (Allocation Failure)
[262.092s][info][gc,heap     ] GC(1103) PSYoungGen: 190208K(190464K)->512K(183296K) Eden: 189440K(189440K)->0K(182784K) From: 768K(1024K)->512K(512K)
[262.092s][info][gc,heap     ] GC(1103) ParOldGen: 328480K(328704K)->328712K(329216K)
[262.092s][info][gc,metaspace] GC(1103) Metaspace: 6110K(6208K)->6110K(6208K) NonClass: 5629K(5696K)->5629K(5696K) Class: 481K(512K)->481K(512K)
[262.092s][info][gc          ] GC(1103) Pause Young (Allocation Failure) 506M->321M(500M) 1.682ms
[262.092s][info][gc,cpu      ] GC(1103) User=0.00s Sys=0.00s Real=0.01s
[262.431s][info][gc,start    ] GC(1104) Pause Young (Allocation Failure)
[262.433s][info][gc,heap     ] GC(1104) PSYoungGen: 183296K(183296K)->722K(177152K) Eden: 182784K(182784K)->0K(176128K) From: 512K(512K)->722K(1024K)
[262.433s][info][gc,heap     ] GC(1104) ParOldGen: 328712K(329216K)->328712K(329216K)
[262.433s][info][gc,metaspace] GC(1104) Metaspace: 6110K(6208K)->6110K(6208K) NonClass: 5629K(5696K)->5629K(5696K) Class: 481K(512K)->481K(512K)
[262.433s][info][gc          ] GC(1104) Pause Young (Allocation Failure) 500M->321M(494M) 2.557ms
[262.433s][info][gc,cpu      ] GC(1104) User=0.01s Sys=0.00s Real=0.00s
[262.696s][info][gc,start    ] GC(1105) Pause Young (Allocation Failure)
[262.698s][info][gc,heap     ] GC(1105) PSYoungGen: 176850K(177152K)->626K(171008K) Eden: 176128K(176128K)->0K(169984K) From: 722K(1024K)->626K(1024K)
[262.698s][info][gc,heap     ] GC(1105) ParOldGen: 328712K(329216K)->328744K(329216K)
[262.698s][info][gc,metaspace] GC(1105) Metaspace: 6110K(6208K)->6110K(6208K) NonClass: 5629K(5696K)->5629K(5696K) Class: 481K(512K)->481K(512K)
[262.698s][info][gc          ] GC(1105) Pause Young (Allocation Failure) 493M->321M(488M) 2.361ms
[262.698s][info][gc,cpu      ] GC(1105) User=0.00s Sys=0.00s Real=0.00s
[262.930s][info][gc,start    ] GC(1106) Pause Young (Allocation Failure)
[262.932s][info][gc,heap     ] GC(1106) PSYoungGen: 170610K(171008K)->722K(165376K) Eden: 169984K(169984K)->0K(164352K) From: 626K(1024K)->722K(1024K)
[262.932s][info][gc,heap     ] GC(1106) ParOldGen: 328744K(329216K)->328744K(329216K)
[262.932s][info][gc,metaspace] GC(1106) Metaspace: 6110K(6208K)->6110K(6208K) NonClass: 5629K(5696K)->5629K(5696K) Class: 481K(512K)->481K(512K)
[262.932s][info][gc          ] GC(1106) Pause Young (Allocation Failure) 487M->321M(483M) 2.502ms
[262.932s][info][gc,cpu      ] GC(1106) User=0.00s Sys=0.00s Real=0.01s
[263.188s][info][gc,start    ] GC(1107) Pause Young (Allocation Failure)
[263.190s][info][gc,heap     ] GC(1107) PSYoungGen: 165074K(165376K)->498K(159232K) Eden: 164352K(164352K)->0K(158720K) From: 722K(1024K)->498K(512K)
[263.190s][info][gc,heap     ] GC(1107) ParOldGen: 328744K(329216K)->328952K(329216K)
[263.190s][info][gc,metaspace] GC(1107) Metaspace: 6110K(6208K)->6110K(6208K) NonClass: 5629K(5696K)->5629K(5696K) Class: 481K(512K)->481K(512K)
[263.190s][info][gc          ] GC(1107) Pause Young (Allocation Failure) 482M->321M(477M) 2.736ms
[263.190s][info][gc,cpu      ] GC(1107) User=0.00s Sys=0.00s Real=0.00s
[263.439s][info][gc,start    ] GC(1108) Pause Young (Allocation Failure)
[263.441s][info][gc,heap     ] GC(1108) PSYoungGen: 159218K(159232K)->677K(154624K) Eden: 158720K(158720K)->0K(153600K) From: 498K(512K)->677K(1024K)
[263.441s][info][gc,heap     ] GC(1108) ParOldGen: 328952K(329216K)->328952K(329216K)
[263.441s][info][gc,metaspace] GC(1108) Metaspace: 6110K(6208K)->6110K(6208K) NonClass: 5629K(5696K)->5629K(5696K) Class: 481K(512K)->481K(512K)
[263.441s][info][gc          ] GC(1108) Pause Young (Allocation Failure) 476M->321M(472M) 2.621ms
[263.441s][info][gc,cpu      ] GC(1108) User=0.00s Sys=0.00s Real=0.01s
[263.727s][info][gc,start    ] GC(1109) Pause Young (Allocation Failure)
[263.729s][info][gc,heap     ] GC(1109) PSYoungGen: 154277K(154624K)->672K(149504K) Eden: 153600K(153600K)->0K(148480K) From: 677K(1024K)->672K(1024K)
[263.729s][info][gc,heap     ] GC(1109) ParOldGen: 328952K(329216K)->328992K(329216K)
[263.729s][info][gc,metaspace] GC(1109) Metaspace: 6110K(6208K)->6110K(6208K) NonClass: 5629K(5696K)->5629K(5696K) Class: 481K(512K)->481K(512K)
[263.729s][info][gc          ] GC(1109) Pause Young (Allocation Failure) 471M->321M(467M) 1.690ms
[263.729s][info][gc,cpu      ] GC(1109) User=0.00s Sys=0.00s Real=0.00s
[264.039s][info][gc,start    ] GC(1110) Pause Young (Allocation Failure)
[264.040s][info][gc,heap     ] GC(1110) PSYoungGen: 149152K(149504K)->736K(144384K) Eden: 148480K(148480K)->0K(143360K) From: 672K(1024K)->736K(1024K)
[264.040s][info][gc,heap     ] GC(1110) ParOldGen: 328992K(329216K)->328992K(329216K)
[264.040s][info][gc,metaspace] GC(1110) Metaspace: 6110K(6208K)->6110K(6208K) NonClass: 5629K(5696K)->5629K(5696K) Class: 481K(512K)->481K(512K)
[264.040s][info][gc          ] GC(1110) Pause Young (Allocation Failure) 466M->322M(462M) 1.702ms
[264.040s][info][gc,cpu      ] GC(1110) User=0.01s Sys=0.00s Real=0.00s
[264.360s][info][gc,start    ] GC(1111) Pause Young (Allocation Failure)
[264.362s][info][gc,heap     ] GC(1111) PSYoungGen: 144096K(144384K)->512K(139264K) Eden: 143360K(143360K)->0K(138752K) From: 736K(1024K)->512K(512K)
[264.362s][info][gc,heap     ] GC(1111) ParOldGen: 328992K(329216K)->329200K(329216K)
[264.362s][info][gc,metaspace] GC(1111) Metaspace: 6110K(6208K)->6110K(6208K) NonClass: 5629K(5696K)->5629K(5696K) Class: 481K(512K)->481K(512K)
[264.362s][info][gc          ] GC(1111) Pause Young (Allocation Failure) 462M->321M(457M) 1.718ms
[264.362s][info][gc,cpu      ] GC(1111) User=0.01s Sys=0.00s Real=0.01s
[264.609s][info][gc,start    ] GC(1112) Pause Young (Allocation Failure)
[264.610s][info][gc,heap     ] GC(1112) PSYoungGen: 139264K(139264K)->736K(135168K) Eden: 138752K(138752K)->0K(134144K) From: 512K(512K)->736K(1024K)
[264.610s][info][gc,heap     ] GC(1112) ParOldGen: 329200K(329216K)->329200K(329216K)
[264.610s][info][gc,metaspace] GC(1112) Metaspace: 6110K(6208K)->6110K(6208K) NonClass: 5629K(5696K)->5629K(5696K) Class: 481K(512K)->481K(512K)
[264.610s][info][gc          ] GC(1112) Pause Young (Allocation Failure) 457M->322M(453M) 1.395ms
[264.610s][info][gc,cpu      ] GC(1112) User=0.01s Sys=0.00s Real=0.00s
[264.884s][info][gc,start    ] GC(1113) Pause Young (Allocation Failure)
[264.886s][info][gc,heap     ] GC(1113) PSYoungGen: 134880K(135168K)->640K(131072K) Eden: 134144K(134144K)->0K(130048K) From: 736K(1024K)->640K(1024K)
[264.886s][info][gc,heap     ] GC(1113) ParOldGen: 329200K(329216K)->329216K(329728K)
[264.886s][info][gc,metaspace] GC(1113) Metaspace: 6110K(6208K)->6110K(6208K) NonClass: 5629K(5696K)->5629K(5696K) Class: 481K(512K)->481K(512K)
[264.886s][info][gc          ] GC(1113) Pause Young (Allocation Failure) 453M->322M(450M) 1.337ms
[264.886s][info][gc,cpu      ] GC(1113) User=0.00s Sys=0.00s Real=0.00s
[265.170s][info][gc,start    ] GC(1114) Pause Young (Allocation Failure)
[265.172s][info][gc,heap     ] GC(1114) PSYoungGen: 130688K(131072K)->704K(126976K) Eden: 130048K(130048K)->0K(125952K) From: 640K(1024K)->704K(1024K)
[265.172s][info][gc,heap     ] GC(1114) ParOldGen: 329216K(329728K)->329216K(329728K)
[265.172s][info][gc,metaspace] GC(1114) Metaspace: 6110K(6208K)->6110K(6208K) NonClass: 5629K(5696K)->5629K(5696K) Class: 481K(512K)->481K(512K)
[265.172s][info][gc          ] GC(1114) Pause Young (Allocation Failure) 449M->322M(446M) 1.601ms
[265.172s][info][gc,cpu      ] GC(1114) User=0.00s Sys=0.00s Real=0.01s
[265.442s][info][gc,start    ] GC(1115) Pause Young (Allocation Failure)
[265.444s][info][gc,heap     ] GC(1115) PSYoungGen: 126656K(126976K)->512K(122368K) Eden: 125952K(125952K)->0K(121856K) From: 704K(1024K)->512K(512K)
[265.444s][info][gc,heap     ] GC(1115) ParOldGen: 329216K(329728K)->329432K(329728K)
[265.444s][info][gc,metaspace] GC(1115) Metaspace: 6110K(6208K)->6110K(6208K) NonClass: 5629K(5696K)->5629K(5696K) Class: 481K(512K)->481K(512K)
[265.444s][info][gc          ] GC(1115) Pause Young (Allocation Failure) 445M->322M(441M) 1.753ms
[265.444s][info][gc,cpu      ] GC(1115) User=0.00s Sys=0.00s Real=0.00s
[265.703s][info][gc,start    ] GC(1116) Pause Young (Allocation Failure)
[265.704s][info][gc,heap     ] GC(1116) PSYoungGen: 122368K(122368K)->768K(119296K) Eden: 121856K(121856K)->0K(118272K) From: 512K(512K)->768K(1024K)
[265.704s][info][gc,heap     ] GC(1116) ParOldGen: 329432K(329728K)->329432K(329728K)
[265.704s][info][gc,metaspace] GC(1116) Metaspace: 6110K(6208K)->6110K(6208K) NonClass: 5629K(5696K)->5629K(5696K) Class: 481K(512K)->481K(512K)
[265.705s][info][gc          ] GC(1116) Pause Young (Allocation Failure) 441M->322M(438M) 1.701ms
[265.705s][info][gc,cpu      ] GC(1116) User=0.00s Sys=0.00s Real=0.00s
[265.954s][info][gc,start    ] GC(1117) Pause Young (Allocation Failure)
[265.956s][info][gc,heap     ] GC(1117) PSYoungGen: 119040K(119296K)->800K(115712K) Eden: 118272K(118272K)->0K(114688K) From: 768K(1024K)->800K(1024K)
[265.956s][info][gc,heap     ] GC(1117) ParOldGen: 329432K(329728K)->329464K(329728K)
[265.956s][info][gc,metaspace] GC(1117) Metaspace: 6110K(6208K)->6110K(6208K) NonClass: 5629K(5696K)->5629K(5696K) Class: 481K(512K)->481K(512K)
[265.956s][info][gc          ] GC(1117) Pause Young (Allocation Failure) 437M->322M(435M) 1.827ms
[265.956s][info][gc,cpu      ] GC(1117) User=0.00s Sys=0.00s Real=0.00s
[266.192s][info][gc,start    ] GC(1118) Pause Young (Allocation Failure)
[266.194s][info][gc,heap     ] GC(1118) PSYoungGen: 115488K(115712K)->768K(112128K) Eden: 114688K(114688K)->0K(111104K) From: 800K(1024K)->768K(1024K)
[266.194s][info][gc,heap     ] GC(1118) ParOldGen: 329464K(329728K)->329464K(329728K)
[266.194s][info][gc,metaspace] GC(1118) Metaspace: 6110K(6208K)->6110K(6208K) NonClass: 5629K(5696K)->5629K(5696K) Class: 481K(512K)->481K(512K)
[266.194s][info][gc          ] GC(1118) Pause Young (Allocation Failure) 434M->322M(431M) 2.034ms
[266.194s][info][gc,cpu      ] GC(1118) User=0.00s Sys=0.00s Real=0.00s
[266.426s][info][gc,start    ] GC(1119) Pause Young (Allocation Failure)
[266.428s][info][gc,heap     ] GC(1119) PSYoungGen: 111872K(112128K)->512K(108544K) Eden: 111104K(111104K)->0K(108032K) From: 768K(1024K)->512K(512K)
[266.428s][info][gc,heap     ] GC(1119) ParOldGen: 329464K(329728K)->329696K(329728K)
[266.428s][info][gc,metaspace] GC(1119) Metaspace: 6110K(6208K)->6110K(6208K) NonClass: 5629K(5696K)->5629K(5696K) Class: 481K(512K)->481K(512K)
[266.428s][info][gc          ] GC(1119) Pause Young (Allocation Failure) 430M->322M(428M) 1.903ms
[266.428s][info][gc,cpu      ] GC(1119) User=0.01s Sys=0.01s Real=0.00s
[266.652s][info][gc,start    ] GC(1120) Pause Young (Allocation Failure)
[266.653s][info][gc,heap     ] GC(1120) PSYoungGen: 108544K(108544K)->672K(105984K) Eden: 108032K(108032K)->0K(104960K) From: 512K(512K)->672K(1024K)
[266.653s][info][gc,heap     ] GC(1120) ParOldGen: 329696K(329728K)->329696K(329728K)
[266.653s][info][gc,metaspace] GC(1120) Metaspace: 6110K(6208K)->6110K(6208K) NonClass: 5629K(5696K)->5629K(5696K) Class: 481K(512K)->481K(512K)
[266.653s][info][gc          ] GC(1120) Pause Young (Allocation Failure) 427M->322M(425M) 1.379ms
[266.653s][info][gc,cpu      ] GC(1120) User=0.00s Sys=0.00s Real=0.00s
[266.881s][info][gc,start    ] GC(1121) Pause Young (Allocation Failure)
[266.883s][info][gc,heap     ] GC(1121) PSYoungGen: 105632K(105984K)->416K(102400K) Eden: 104960K(104960K)->0K(101888K) From: 672K(1024K)->416K(512K)
[266.883s][info][gc,heap     ] GC(1121) ParOldGen: 329696K(329728K)->330031K(330240K)
[266.883s][info][gc,metaspace] GC(1121) Metaspace: 6110K(6208K)->6110K(6208K) NonClass: 5629K(5696K)->5629K(5696K) Class: 481K(512K)->481K(512K)
[266.883s][info][gc          ] GC(1121) Pause Young (Allocation Failure) 425M->322M(422M) 2.104ms
[266.883s][info][gc,cpu      ] GC(1121) User=0.00s Sys=0.00s Real=0.00s
[267.109s][info][gc,start    ] GC(1122) Pause Young (Allocation Failure)
[267.110s][info][gc,heap     ] GC(1122) PSYoungGen: 102304K(102400K)->704K(99840K) Eden: 101888K(101888K)->0K(98816K) From: 416K(512K)->704K(1024K)
[267.110s][info][gc,heap     ] GC(1122) ParOldGen: 330031K(330240K)->330119K(330240K)
[267.110s][info][gc,metaspace] GC(1122) Metaspace: 6110K(6208K)->6110K(6208K) NonClass: 5629K(5696K)->5629K(5696K) Class: 481K(512K)->481K(512K)
[267.110s][info][gc          ] GC(1122) Pause Young (Allocation Failure) 422M->323M(420M) 1.689ms
[267.110s][info][gc,cpu      ] GC(1122) User=0.00s Sys=0.00s Real=0.00s
[267.306s][info][gc,start    ] GC(1123) Pause Young (Allocation Failure)
[267.307s][info][gc,heap     ] GC(1123) PSYoungGen: 99520K(99840K)->704K(97280K) Eden: 98816K(98816K)->0K(96256K) From: 704K(1024K)->704K(1024K)
[267.307s][info][gc,heap     ] GC(1123) ParOldGen: 330119K(330240K)->330167K(330240K)
[267.307s][info][gc,metaspace] GC(1123) Metaspace: 6110K(6208K)->6110K(6208K) NonClass: 5629K(5696K)->5629K(5696K) Class: 481K(512K)->481K(512K)
[267.307s][info][gc          ] GC(1123) Pause Young (Allocation Failure) 419M->323M(417M) 1.451ms
[267.307s][info][gc,cpu      ] GC(1123) User=0.00s Sys=0.00s Real=0.00s
[267.486s][info][gc,start    ] GC(1124) Pause Young (Allocation Failure)
[267.488s][info][gc,heap     ] GC(1124) PSYoungGen: 96960K(97280K)->448K(94208K) Eden: 96256K(96256K)->0K(93696K) From: 704K(1024K)->448K(512K)
[267.488s][info][gc,heap     ] GC(1124) ParOldGen: 330167K(330240K)->330465K(330752K)
[267.488s][info][gc,metaspace] GC(1124) Metaspace: 6110K(6208K)->6110K(6208K) NonClass: 5629K(5696K)->5629K(5696K) Class: 481K(512K)->481K(512K)
[267.488s][info][gc          ] GC(1124) Pause Young (Allocation Failure) 417M->323M(415M) 1.827ms
[267.488s][info][gc,cpu      ] GC(1124) User=0.00s Sys=0.00s Real=0.00s
[267.663s][info][gc,start    ] GC(1125) Pause Young (Allocation Failure)
[267.665s][info][gc,heap     ] GC(1125) PSYoungGen: 94144K(94208K)->754K(92160K) Eden: 93696K(93696K)->0K(91136K) From: 448K(512K)->754K(1024K)
[267.665s][info][gc,heap     ] GC(1125) ParOldGen: 330465K(330752K)->330537K(330752K)
[267.665s][info][gc,metaspace] GC(1125) Metaspace: 6110K(6208K)->6110K(6208K) NonClass: 5629K(5696K)->5629K(5696K) Class: 481K(512K)->481K(512K)
[267.665s][info][gc          ] GC(1125) Pause Young (Allocation Failure) 414M->323M(413M) 1.557ms
[267.665s][info][gc,cpu      ] GC(1125) User=0.00s Sys=0.00s Real=0.00s
[267.858s][info][gc,start    ] GC(1126) Pause Young (Allocation Failure)
[267.859s][info][gc,heap     ] GC(1126) PSYoungGen: 91890K(92160K)->704K(89600K) Eden: 91136K(91136K)->0K(88576K) From: 754K(1024K)->704K(1024K)
[267.859s][info][gc,heap     ] GC(1126) ParOldGen: 330537K(330752K)->330609K(330752K)
[267.859s][info][gc,metaspace] GC(1126) Metaspace: 6110K(6208K)->6110K(6208K) NonClass: 5629K(5696K)->5629K(5696K) Class: 481K(512K)->481K(512K)
[267.859s][info][gc          ] GC(1126) Pause Young (Allocation Failure) 412M->323M(410M) 1.504ms
[267.859s][info][gc,cpu      ] GC(1126) User=0.00s Sys=0.00s Real=0.00s
[268.007s][info][gc,start    ] GC(1127) Pause Young (Allocation Failure)
[268.008s][info][gc,heap     ] GC(1127) PSYoungGen: 89280K(89600K)->416K(87040K) Eden: 88576K(88576K)->0K(86528K) From: 704K(1024K)->416K(512K)
[268.008s][info][gc,heap     ] GC(1127) ParOldGen: 330609K(330752K)->330609K(330752K)
[268.008s][info][gc,metaspace] GC(1127) Metaspace: 6110K(6208K)->6110K(6208K) NonClass: 5629K(5696K)->5629K(5696K) Class: 481K(512K)->481K(512K)
[268.008s][info][gc          ] GC(1127) Pause Young (Allocation Failure) 410M->323M(408M) 1.118ms
[268.008s][info][gc,cpu      ] GC(1127) User=0.00s Sys=0.00s Real=0.00s
[268.174s][info][gc,start    ] GC(1128) Pause Young (Allocation Failure)
[268.175s][info][gc,heap     ] GC(1128) PSYoungGen: 86944K(87040K)->704K(208896K) Eden: 86528K(86528K)->0K(207872K) From: 416K(512K)->704K(1024K)
[268.175s][info][gc,heap     ] GC(1128) ParOldGen: 330609K(330752K)->330609K(330752K)
[268.175s][info][gc,metaspace] GC(1128) Metaspace: 6110K(6208K)->6110K(6208K) NonClass: 5629K(5696K)->5629K(5696K) Class: 481K(512K)->481K(512K)
[268.175s][info][gc          ] GC(1128) Pause Young (Allocation Failure) 407M->323M(527M) 1.485ms
[268.176s][info][gc,cpu      ] GC(1128) User=0.01s Sys=0.00s Real=0.00s
[268.345s][info][gc,start    ] GC(1129) Pause Young (Allocation Failure)
[268.346s][info][gc,heap     ] GC(1129) PSYoungGen: 208576K(208896K)->608K(201216K) Eden: 207872K(207872K)->0K(200192K) From: 704K(1024K)->608K(1024K)
[268.346s][info][gc,heap     ] GC(1129) ParOldGen: 330609K(330752K)->330609K(330752K)
[268.346s][info][gc,metaspace] GC(1129) Metaspace: 6110K(6208K)->6110K(6208K) NonClass: 5629K(5696K)->5629K(5696K) Class: 481K(512K)->481K(512K)
[268.346s][info][gc          ] GC(1129) Pause Young (Allocation Failure) 526M->323M(519M) 1.159ms
[268.346s][info][gc,cpu      ] GC(1129) User=0.00s Sys=0.00s Real=0.00s
[268.628s][info][gc,start    ] GC(1130) Pause Young (Allocation Failure)
[268.629s][info][gc,heap     ] GC(1130) PSYoungGen: 200800K(201216K)->608K(194048K) Eden: 200192K(200192K)->0K(193024K) From: 608K(1024K)->608K(1024K)
[268.629s][info][gc,heap     ] GC(1130) ParOldGen: 330609K(330752K)->330609K(330752K)
[268.629s][info][gc,metaspace] GC(1130) Metaspace: 6110K(6208K)->6110K(6208K) NonClass: 5629K(5696K)->5629K(5696K) Class: 481K(512K)->481K(512K)
[268.629s][info][gc          ] GC(1130) Pause Young (Allocation Failure) 518M->323M(512M) 1.369ms
[268.629s][info][gc,cpu      ] GC(1130) User=0.01s Sys=0.00s Real=0.00s
[268.827s][info][gc,start    ] GC(1131) Pause Young (Allocation Failure)
[268.828s][info][gc,heap     ] GC(1131) PSYoungGen: 193632K(194048K)->512K(186368K) Eden: 193024K(193024K)->0K(185856K) From: 608K(1024K)->512K(512K)
[268.828s][info][gc,heap     ] GC(1131) ParOldGen: 330609K(330752K)->330753K(331264K)
[268.828s][info][gc,metaspace] GC(1131) Metaspace: 6110K(6208K)->6110K(6208K) NonClass: 5629K(5696K)->5629K(5696K) Class: 481K(512K)->481K(512K)
[268.828s][info][gc          ] GC(1131) Pause Young (Allocation Failure) 511M->323M(505M) 1.423ms
[268.828s][info][gc,cpu      ] GC(1131) User=0.00s Sys=0.00s Real=0.00s
[269.052s][info][gc,start    ] GC(1132) Pause Young (Allocation Failure)
[269.054s][info][gc,heap     ] GC(1132) PSYoungGen: 186368K(186368K)->736K(180224K) Eden: 185856K(185856K)->0K(179200K) From: 512K(512K)->736K(1024K)
[269.054s][info][gc,heap     ] GC(1132) ParOldGen: 330753K(331264K)->330753K(331264K)
[269.054s][info][gc,metaspace] GC(1132) Metaspace: 6110K(6208K)->6110K(6208K) NonClass: 5629K(5696K)->5629K(5696K) Class: 481K(512K)->481K(512K)
[269.054s][info][gc          ] GC(1132) Pause Young (Allocation Failure) 505M->323M(499M) 1.486ms
[269.054s][info][gc,cpu      ] GC(1132) User=0.00s Sys=0.00s Real=0.00s
[269.331s][info][gc,start    ] GC(1133) Pause Young (Allocation Failure)
[269.332s][info][gc,heap     ] GC(1133) PSYoungGen: 179936K(180224K)->640K(174080K) Eden: 179200K(179200K)->0K(173056K) From: 736K(1024K)->640K(1024K)
[269.332s][info][gc,heap     ] GC(1133) ParOldGen: 330753K(331264K)->330785K(331264K)
[269.332s][info][gc,metaspace] GC(1133) Metaspace: 6110K(6208K)->6110K(6208K) NonClass: 5629K(5696K)->5629K(5696K) Class: 481K(512K)->481K(512K)
[269.332s][info][gc          ] GC(1133) Pause Young (Allocation Failure) 498M->323M(493M) 1.357ms
[269.333s][info][gc,cpu      ] GC(1133) User=0.00s Sys=0.00s Real=0.00s
[269.619s][info][gc,start    ] GC(1134) Pause Young (Allocation Failure)
[269.620s][info][gc,heap     ] GC(1134) PSYoungGen: 173696K(174080K)->736K(167936K) Eden: 173056K(173056K)->0K(166912K) From: 640K(1024K)->736K(1024K)
[269.620s][info][gc,heap     ] GC(1134) ParOldGen: 330785K(331264K)->330785K(331264K)
[269.620s][info][gc,metaspace] GC(1134) Metaspace: 6110K(6208K)->6110K(6208K) NonClass: 5629K(5696K)->5629K(5696K) Class: 481K(512K)->481K(512K)
[269.620s][info][gc          ] GC(1134) Pause Young (Allocation Failure) 492M->323M(487M) 1.479ms
[269.620s][info][gc,cpu      ] GC(1134) User=0.00s Sys=0.00s Real=0.00s
[269.921s][info][gc,start    ] GC(1135) Pause Young (Allocation Failure)
[269.922s][info][gc,heap     ] GC(1135) PSYoungGen: 167648K(167936K)->512K(161792K) Eden: 166912K(166912K)->0K(161280K) From: 736K(1024K)->512K(512K)
[269.922s][info][gc,heap     ] GC(1135) ParOldGen: 330785K(331264K)->330897K(331264K)
[269.922s][info][gc,metaspace] GC(1135) Metaspace: 6110K(6208K)->6110K(6208K) NonClass: 5629K(5696K)->5629K(5696K) Class: 481K(512K)->481K(512K)
[269.922s][info][gc          ] GC(1135) Pause Young (Allocation Failure) 486M->323M(481M) 1.284ms
[269.922s][info][gc,cpu      ] GC(1135) User=0.00s Sys=0.00s Real=0.00s
[270.188s][info][gc,start    ] GC(1136) Pause Young (Allocation Failure)
[270.189s][info][gc,heap     ] GC(1136) PSYoungGen: 161792K(161792K)->754K(156672K) Eden: 161280K(161280K)->0K(155648K) From: 512K(512K)->754K(1024K)
[270.189s][info][gc,heap     ] GC(1136) ParOldGen: 330897K(331264K)->330897K(331264K)
[270.189s][info][gc,metaspace] GC(1136) Metaspace: 6110K(6208K)->6110K(6208K) NonClass: 5629K(5696K)->5629K(5696K) Class: 481K(512K)->481K(512K)
[270.189s][info][gc          ] GC(1136) Pause Young (Allocation Failure) 481M->323M(476M) 1.440ms
[270.189s][info][gc,cpu      ] GC(1136) User=0.00s Sys=0.00s Real=0.00s
[270.437s][info][gc,start    ] GC(1137) Pause Young (Allocation Failure)
[270.438s][info][gc,heap     ] GC(1137) PSYoungGen: 156402K(156672K)->704K(151552K) Eden: 155648K(155648K)->0K(150528K) From: 754K(1024K)->704K(1024K)
[270.438s][info][gc,heap     ] GC(1137) ParOldGen: 330897K(331264K)->330937K(331264K)
[270.438s][info][gc,metaspace] GC(1137) Metaspace: 6110K(6208K)->6110K(6208K) NonClass: 5629K(5696K)->5629K(5696K) Class: 481K(512K)->481K(512K)
[270.438s][info][gc          ] GC(1137) Pause Young (Allocation Failure) 475M->323M(471M) 1.379ms
[270.438s][info][gc,cpu      ] GC(1137) User=0.00s Sys=0.00s Real=0.00s
[270.677s][info][gc,start    ] GC(1138) Pause Young (Allocation Failure)
[270.678s][info][gc,heap     ] GC(1138) PSYoungGen: 151232K(151552K)->640K(146432K) Eden: 150528K(150528K)->0K(145408K) From: 704K(1024K)->640K(1024K)
[270.678s][info][gc,heap     ] GC(1138) ParOldGen: 330937K(331264K)->330937K(331264K)
[270.678s][info][gc,metaspace] GC(1138) Metaspace: 6110K(6208K)->6110K(6208K) NonClass: 5629K(5696K)->5629K(5696K) Class: 481K(512K)->481K(512K)
[270.678s][info][gc          ] GC(1138) Pause Young (Allocation Failure) 470M->323M(466M) 1.323ms
[270.678s][info][gc,cpu      ] GC(1138) User=0.00s Sys=0.00s Real=0.00s
[270.922s][info][gc,start    ] GC(1139) Pause Young (Allocation Failure)
[270.924s][info][gc,heap     ] GC(1139) PSYoungGen: 146048K(146432K)->498K(141312K) Eden: 145408K(145408K)->0K(140800K) From: 640K(1024K)->498K(512K)
[270.924s][info][gc,heap     ] GC(1139) ParOldGen: 330937K(331264K)->331089K(331264K)
[270.924s][info][gc,metaspace] GC(1139) Metaspace: 6110K(6208K)->6110K(6208K) NonClass: 5629K(5696K)->5629K(5696K) Class: 481K(512K)->481K(512K)
[270.924s][info][gc          ] GC(1139) Pause Young (Allocation Failure) 465M->323M(461M) 2.685ms
[270.924s][info][gc,cpu      ] GC(1139) User=0.01s Sys=0.00s Real=0.00s
[271.149s][info][gc,start    ] GC(1140) Pause Young (Allocation Failure)
[271.152s][info][gc,heap     ] GC(1140) PSYoungGen: 141298K(141312K)->741K(137216K) Eden: 140800K(140800K)->0K(136192K) From: 498K(512K)->741K(1024K)
[271.152s][info][gc,heap     ] GC(1140) ParOldGen: 331089K(331264K)->331089K(331264K)
[271.152s][info][gc,metaspace] GC(1140) Metaspace: 6110K(6208K)->6110K(6208K) NonClass: 5629K(5696K)->5629K(5696K) Class: 481K(512K)->481K(512K)
[271.152s][info][gc          ] GC(1140) Pause Young (Allocation Failure) 461M->324M(457M) 2.784ms
[271.152s][info][gc,cpu      ] GC(1140) User=0.00s Sys=0.00s Real=0.01s
[271.363s][info][gc,start    ] GC(1141) Pause Young (Allocation Failure)
[271.366s][info][gc,heap     ] GC(1141) PSYoungGen: 136933K(137216K)->722K(133120K) Eden: 136192K(136192K)->0K(132096K) From: 741K(1024K)->722K(1024K)
[271.366s][info][gc,heap     ] GC(1141) ParOldGen: 331089K(331264K)->331153K(331264K)
[271.366s][info][gc,metaspace] GC(1141) Metaspace: 6110K(6208K)->6110K(6208K) NonClass: 5629K(5696K)->5629K(5696K) Class: 481K(512K)->481K(512K)
[271.366s][info][gc          ] GC(1141) Pause Young (Allocation Failure) 457M->324M(453M) 2.711ms
[271.366s][info][gc,cpu      ] GC(1141) User=0.00s Sys=0.00s Real=0.00s
[271.565s][info][gc,start    ] GC(1142) Pause Young (Allocation Failure)
[271.568s][info][gc,heap     ] GC(1142) PSYoungGen: 132818K(133120K)->594K(129024K) Eden: 132096K(132096K)->0K(128000K) From: 722K(1024K)->594K(1024K)
[271.568s][info][gc,heap     ] GC(1142) ParOldGen: 331153K(331264K)->331153K(331264K)
[271.568s][info][gc,metaspace] GC(1142) Metaspace: 6110K(6208K)->6110K(6208K) NonClass: 5629K(5696K)->5629K(5696K) Class: 481K(512K)->481K(512K)
[271.568s][info][gc          ] GC(1142) Pause Young (Allocation Failure) 453M->323M(449M) 2.287ms
[271.568s][info][gc,cpu      ] GC(1142) User=0.00s Sys=0.00s Real=0.00s
[271.750s][info][gc,start    ] GC(1143) Pause Young (Allocation Failure)
[271.752s][info][gc,heap     ] GC(1143) PSYoungGen: 128594K(129024K)->512K(124416K) Eden: 128000K(128000K)->0K(123904K) From: 594K(1024K)->512K(512K)
[271.752s][info][gc,heap     ] GC(1143) ParOldGen: 331153K(331264K)->331297K(331776K)
[271.752s][info][gc,metaspace] GC(1143) Metaspace: 6110K(6208K)->6110K(6208K) NonClass: 5629K(5696K)->5629K(5696K) Class: 481K(512K)->481K(512K)
[271.752s][info][gc          ] GC(1143) Pause Young (Allocation Failure) 448M->324M(445M) 1.538ms
[271.752s][info][gc,cpu      ] GC(1143) User=0.00s Sys=0.00s Real=0.01s
[271.913s][info][gc,start    ] GC(1144) Pause Young (Allocation Failure)
[271.914s][info][gc,heap     ] GC(1144) PSYoungGen: 124416K(124416K)->709K(121344K) Eden: 123904K(123904K)->0K(120320K) From: 512K(512K)->709K(1024K)
[271.914s][info][gc,heap     ] GC(1144) ParOldGen: 331297K(331776K)->331297K(331776K)
[271.914s][info][gc,metaspace] GC(1144) Metaspace: 6110K(6208K)->6110K(6208K) NonClass: 5629K(5696K)->5629K(5696K) Class: 481K(512K)->481K(512K)
[271.914s][info][gc          ] GC(1144) Pause Young (Allocation Failure) 445M->324M(442M) 1.476ms
[271.914s][info][gc,cpu      ] GC(1144) User=0.01s Sys=0.00s Real=0.00s
[272.055s][info][gc,start    ] GC(1145) Pause Young (Allocation Failure)
[272.057s][info][gc,heap     ] GC(1145) PSYoungGen: 121029K(121344K)->704K(117760K) Eden: 120320K(120320K)->0K(116736K) From: 709K(1024K)->704K(1024K)
[272.057s][info][gc,heap     ] GC(1145) ParOldGen: 331297K(331776K)->331345K(331776K)
[272.057s][info][gc,metaspace] GC(1145) Metaspace: 6110K(6208K)->6110K(6208K) NonClass: 5629K(5696K)->5629K(5696K) Class: 481K(512K)->481K(512K)
[272.057s][info][gc          ] GC(1145) Pause Young (Allocation Failure) 441M->324M(439M) 1.635ms
[272.057s][info][gc,cpu      ] GC(1145) User=0.00s Sys=0.00s Real=0.00s
[272.238s][info][gc,start    ] GC(1146) Pause Young (Allocation Failure)
[272.240s][info][gc,heap     ] GC(1146) PSYoungGen: 117440K(117760K)->768K(114176K) Eden: 116736K(116736K)->0K(113152K) From: 704K(1024K)->768K(1024K)
[272.240s][info][gc,heap     ] GC(1146) ParOldGen: 331345K(331776K)->331345K(331776K)
[272.240s][info][gc,metaspace] GC(1146) Metaspace: 6110K(6208K)->6110K(6208K) NonClass: 5629K(5696K)->5629K(5696K) Class: 481K(512K)->481K(512K)
[272.240s][info][gc          ] GC(1146) Pause Young (Allocation Failure) 438M->324M(435M) 1.672ms
[272.240s][info][gc,cpu      ] GC(1146) User=0.00s Sys=0.00s Real=0.00s
[272.416s][info][gc,start    ] GC(1147) Pause Young (Allocation Failure)
[272.417s][info][gc,heap     ] GC(1147) PSYoungGen: 113920K(114176K)->512K(110592K) Eden: 113152K(113152K)->0K(110080K) From: 768K(1024K)->512K(512K)
[272.417s][info][gc,heap     ] GC(1147) ParOldGen: 331345K(331776K)->331537K(331776K)
[272.417s][info][gc,metaspace] GC(1147) Metaspace: 6110K(6208K)->6110K(6208K) NonClass: 5629K(5696K)->5629K(5696K) Class: 481K(512K)->481K(512K)
[272.417s][info][gc          ] GC(1147) Pause Young (Allocation Failure) 434M->324M(432M) 1.679ms
[272.417s][info][gc,cpu      ] GC(1147) User=0.00s Sys=0.00s Real=0.00s
[272.575s][info][gc,start    ] GC(1148) Pause Young (Allocation Failure)
[272.576s][info][gc,heap     ] GC(1148) PSYoungGen: 110592K(110592K)->754K(108032K) Eden: 110080K(110080K)->0K(107008K) From: 512K(512K)->754K(1024K)
[272.576s][info][gc,heap     ] GC(1148) ParOldGen: 331537K(331776K)->331537K(331776K)
[272.576s][info][gc,metaspace] GC(1148) Metaspace: 6110K(6208K)->6110K(6208K) NonClass: 5629K(5696K)->5629K(5696K) Class: 481K(512K)->481K(512K)
[272.576s][info][gc          ] GC(1148) Pause Young (Allocation Failure) 431M->324M(429M) 1.485ms
[272.576s][info][gc,cpu      ] GC(1148) User=0.00s Sys=0.00s Real=0.00s
[272.697s][info][gc,start    ] GC(1149) Pause Young (Allocation Failure)
[272.698s][info][gc,heap     ] GC(1149) PSYoungGen: 107762K(108032K)->672K(104960K) Eden: 107008K(107008K)->0K(103936K) From: 754K(1024K)->672K(1024K)
[272.698s][info][gc,heap     ] GC(1149) ParOldGen: 331537K(331776K)->331569K(331776K)
[272.698s][info][gc,metaspace] GC(1149) Metaspace: 6110K(6208K)->6110K(6208K) NonClass: 5629K(5696K)->5629K(5696K) Class: 481K(512K)->481K(512K)
[272.698s][info][gc          ] GC(1149) Pause Young (Allocation Failure) 429M->324M(426M) 1.424ms
[272.698s][info][gc,cpu      ] GC(1149) User=0.00s Sys=0.00s Real=0.00s
[272.815s][info][gc,start    ] GC(1150) Pause Young (Allocation Failure)
[272.816s][info][gc,heap     ] GC(1150) PSYoungGen: 104608K(104960K)->672K(101888K) Eden: 103936K(103936K)->0K(100864K) From: 672K(1024K)->672K(1024K)
[272.816s][info][gc,heap     ] GC(1150) ParOldGen: 331569K(331776K)->331569K(331776K)
[272.816s][info][gc,metaspace] GC(1150) Metaspace: 6110K(6208K)->6110K(6208K) NonClass: 5629K(5696K)->5629K(5696K) Class: 481K(512K)->481K(512K)
[272.816s][info][gc          ] GC(1150) Pause Young (Allocation Failure) 425M->324M(423M) 1.566ms
[272.816s][info][gc,cpu      ] GC(1150) User=0.01s Sys=0.00s Real=0.00s
[272.929s][info][gc,start    ] GC(1151) Pause Young (Allocation Failure)
[272.930s][info][gc,heap     ] GC(1151) PSYoungGen: 101536K(101888K)->512K(98816K) Eden: 100864K(100864K)->0K(98304K) From: 672K(1024K)->512K(512K)
[272.930s][info][gc,heap     ] GC(1151) ParOldGen: 331569K(331776K)->331673K(331776K)
[272.930s][info][gc,metaspace] GC(1151) Metaspace: 6110K(6208K)->6110K(6208K) NonClass: 5629K(5696K)->5629K(5696K) Class: 481K(512K)->481K(512K)
[272.930s][info][gc          ] GC(1151) Pause Young (Allocation Failure) 422M->324M(420M) 1.282ms
[272.930s][info][gc,cpu      ] GC(1151) User=0.00s Sys=0.00s Real=0.00s
[273.041s][info][gc,start    ] GC(1152) Pause Young (Allocation Failure)
[273.043s][info][gc,heap     ] GC(1152) PSYoungGen: 98816K(98816K)->416K(119296K) Eden: 98304K(98304K)->0K(118272K) From: 512K(512K)->416K(1024K)
[273.043s][info][gc,heap     ] GC(1152) ParOldGen: 331673K(331776K)->331944K(332288K)
[273.043s][info][gc,metaspace] GC(1152) Metaspace: 6110K(6208K)->6110K(6208K) NonClass: 5629K(5696K)->5629K(5696K) Class: 481K(512K)->481K(512K)
[273.043s][info][gc          ] GC(1152) Pause Young (Allocation Failure) 420M->324M(441M) 1.996ms
[273.043s][info][gc,cpu      ] GC(1152) User=0.00s Sys=0.00s Real=0.00s
[273.180s][info][gc,start    ] GC(1153) Pause Young (Allocation Failure)
[273.182s][info][gc,heap     ] GC(1153) PSYoungGen: 118688K(119296K)->832K(143360K) Eden: 118272K(118272K)->0K(142336K) From: 416K(1024K)->832K(1024K)
[273.182s][info][gc,heap     ] GC(1153) ParOldGen: 331944K(332288K)->332040K(332288K)
[273.182s][info][gc,metaspace] GC(1153) Metaspace: 6110K(6208K)->6110K(6208K) NonClass: 5629K(5696K)->5629K(5696K) Class: 481K(512K)->481K(512K)
[273.182s][info][gc          ] GC(1153) Pause Young (Allocation Failure) 440M->325M(464M) 1.936ms
[273.182s][info][gc,cpu      ] GC(1153) User=0.01s Sys=0.00s Real=0.01s
[273.341s][info][gc,start    ] GC(1154) Pause Young (Allocation Failure)
[273.342s][info][gc,heap     ] GC(1154) PSYoungGen: 143168K(143360K)->672K(172032K) Eden: 142336K(142336K)->0K(171008K) From: 832K(1024K)->672K(1024K)
[273.342s][info][gc,heap     ] GC(1154) ParOldGen: 332040K(332288K)->332088K(332288K)
[273.342s][info][gc,metaspace] GC(1154) Metaspace: 6110K(6208K)->6110K(6208K) NonClass: 5629K(5696K)->5629K(5696K) Class: 481K(512K)->481K(512K)
[273.342s][info][gc          ] GC(1154) Pause Young (Allocation Failure) 464M->324M(492M) 1.610ms
[273.342s][info][gc,cpu      ] GC(1154) User=0.00s Sys=0.00s Real=0.00s
[273.532s][info][gc,start    ] GC(1155) Pause Young (Allocation Failure)
[273.535s][info][gc,heap     ] GC(1155) PSYoungGen: 171680K(172032K)->498K(205312K) Eden: 171008K(171008K)->0K(204800K) From: 672K(1024K)->498K(512K)
[273.535s][info][gc,heap     ] GC(1155) ParOldGen: 332088K(332288K)->332296K(332800K)
[273.535s][info][gc,metaspace] GC(1155) Metaspace: 6110K(6208K)->6110K(6208K) NonClass: 5629K(5696K)->5629K(5696K) Class: 481K(512K)->481K(512K)
[273.535s][info][gc          ] GC(1155) Pause Young (Allocation Failure) 491M->324M(525M) 3.139ms
[273.535s][info][gc,cpu      ] GC(1155) User=0.00s Sys=0.00s Real=0.00s
[273.765s][info][gc,start    ] GC(1156) Pause Young (Allocation Failure)
[273.768s][info][gc,heap     ] GC(1156) PSYoungGen: 205298K(205312K)->786K(205824K) Eden: 204800K(204800K)->0K(204800K) From: 498K(512K)->786K(1024K)
[273.769s][info][gc,heap     ] GC(1156) ParOldGen: 332296K(332800K)->332296K(332800K)
[273.769s][info][gc,metaspace] GC(1156) Metaspace: 6110K(6208K)->6110K(6208K) NonClass: 5629K(5696K)->5629K(5696K) Class: 481K(512K)->481K(512K)
[273.769s][info][gc          ] GC(1156) Pause Young (Allocation Failure) 524M->325M(526M) 3.625ms
[273.769s][info][gc,cpu      ] GC(1156) User=0.00s Sys=0.00s Real=0.00s
[273.998s][info][gc,start    ] GC(1157) Pause Young (Allocation Failure)
[274.002s][info][gc,heap     ] GC(1157) PSYoungGen: 205586K(205824K)->704K(246784K) Eden: 204800K(204800K)->0K(245760K) From: 786K(1024K)->704K(1024K)
[274.002s][info][gc,heap     ] GC(1157) ParOldGen: 332296K(332800K)->332336K(332800K)
[274.002s][info][gc,metaspace] GC(1157) Metaspace: 6110K(6208K)->6110K(6208K) NonClass: 5629K(5696K)->5629K(5696K) Class: 481K(512K)->481K(512K)
[274.002s][info][gc          ] GC(1157) Pause Young (Allocation Failure) 525M->325M(566M) 4.135ms
[274.002s][info][gc,cpu      ] GC(1157) User=0.01s Sys=0.00s Real=0.01s
[274.297s][info][gc,start    ] GC(1158) Pause Young (Allocation Failure)
[274.300s][info][gc,heap     ] GC(1158) PSYoungGen: 246464K(246784K)->658K(246784K) Eden: 245760K(245760K)->0K(245760K) From: 704K(1024K)->658K(1024K)
[274.300s][info][gc,heap     ] GC(1158) ParOldGen: 332336K(332800K)->332336K(332800K)
[274.300s][info][gc,metaspace] GC(1158) Metaspace: 6110K(6208K)->6110K(6208K) NonClass: 5629K(5696K)->5629K(5696K) Class: 481K(512K)->481K(512K)
[274.300s][info][gc          ] GC(1158) Pause Young (Allocation Failure) 565M->325M(566M) 2.930ms
[274.300s][info][gc,cpu      ] GC(1158) User=0.00s Sys=0.00s Real=0.00s
[274.552s][info][gc,start    ] GC(1159) Pause Young (Allocation Failure)
[274.555s][info][gc,heap     ] GC(1159) PSYoungGen: 246418K(246784K)->722K(295936K) Eden: 245760K(245760K)->0K(294912K) From: 658K(1024K)->722K(1024K)
[274.555s][info][gc,heap     ] GC(1159) ParOldGen: 332336K(332800K)->332336K(332800K)
[274.555s][info][gc,metaspace] GC(1159) Metaspace: 6110K(6208K)->6110K(6208K) NonClass: 5629K(5696K)->5629K(5696K) Class: 481K(512K)->481K(512K)
[274.555s][info][gc          ] GC(1159) Pause Young (Allocation Failure) 565M->325M(614M) 3.278ms
[274.555s][info][gc,cpu      ] GC(1159) User=0.00s Sys=0.00s Real=0.00s
[274.907s][info][gc,start    ] GC(1160) Pause Young (Allocation Failure)
[274.910s][info][gc,heap     ] GC(1160) PSYoungGen: 295634K(295936K)->786K(295936K) Eden: 294912K(294912K)->0K(294912K) From: 722K(1024K)->786K(1024K)
[274.910s][info][gc,heap     ] GC(1160) ParOldGen: 332336K(332800K)->332336K(332800K)
[274.910s][info][gc,metaspace] GC(1160) Metaspace: 6110K(6208K)->6110K(6208K) NonClass: 5629K(5696K)->5629K(5696K) Class: 481K(512K)->481K(512K)
[274.910s][info][gc          ] GC(1160) Pause Young (Allocation Failure) 613M->325M(614M) 3.491ms
[274.910s][info][gc,cpu      ] GC(1160) User=0.00s Sys=0.00s Real=0.00s
[275.218s][info][gc,start    ] GC(1161) Pause Young (Allocation Failure)
[275.223s][info][gc,heap     ] GC(1161) PSYoungGen: 295698K(295936K)->786K(332800K) Eden: 294912K(294912K)->0K(331776K) From: 786K(1024K)->786K(1024K)
[275.223s][info][gc,heap     ] GC(1161) ParOldGen: 332336K(332800K)->332336K(332800K)
[275.223s][info][gc,metaspace] GC(1161) Metaspace: 6110K(6208K)->6110K(6208K) NonClass: 5629K(5696K)->5629K(5696K) Class: 481K(512K)->481K(512K)
[275.223s][info][gc          ] GC(1161) Pause Young (Allocation Failure) 613M->325M(650M) 5.022ms
[275.223s][info][gc,cpu      ] GC(1161) User=0.00s Sys=0.00s Real=0.01s
[275.611s][info][gc,start    ] GC(1162) Pause Young (Allocation Failure)
[275.612s][info][gc,heap     ] GC(1162) PSYoungGen: 332562K(332800K)->704K(332800K) Eden: 331776K(331776K)->0K(331776K) From: 786K(1024K)->704K(1024K)
[275.612s][info][gc,heap     ] GC(1162) ParOldGen: 332336K(332800K)->332336K(332800K)
[275.612s][info][gc,metaspace] GC(1162) Metaspace: 6110K(6208K)->6110K(6208K) NonClass: 5629K(5696K)->5629K(5696K) Class: 481K(512K)->481K(512K)
[275.612s][info][gc          ] GC(1162) Pause Young (Allocation Failure) 649M->325M(650M) 1.734ms
[275.613s][info][gc,cpu      ] GC(1162) User=0.00s Sys=0.00s Real=0.00s
[276.071s][info][gc,start    ] GC(1163) Pause Young (Allocation Failure)
[276.073s][info][gc,heap     ] GC(1163) PSYoungGen: 332480K(332800K)->704K(318976K) Eden: 331776K(331776K)->0K(317952K) From: 704K(1024K)->704K(1024K)
[276.073s][info][gc,heap     ] GC(1163) ParOldGen: 332336K(332800K)->332336K(332800K)
[276.073s][info][gc,metaspace] GC(1163) Metaspace: 6110K(6208K)->6110K(6208K) NonClass: 5629K(5696K)->5629K(5696K) Class: 481K(512K)->481K(512K)
[276.073s][info][gc          ] GC(1163) Pause Young (Allocation Failure) 649M->325M(636M) 1.500ms
[276.073s][info][gc,cpu      ] GC(1163) User=0.01s Sys=0.00s Real=0.00s
[276.489s][info][gc,start    ] GC(1164) Pause Young (Allocation Failure)
[276.490s][info][gc,heap     ] GC(1164) PSYoungGen: 318656K(318976K)->768K(306176K) Eden: 317952K(317952K)->0K(305152K) From: 704K(1024K)->768K(1024K)
[276.491s][info][gc,heap     ] GC(1164) ParOldGen: 332336K(332800K)->332336K(332800K)
[276.491s][info][gc,metaspace] GC(1164) Metaspace: 6110K(6208K)->6110K(6208K) NonClass: 5629K(5696K)->5629K(5696K) Class: 481K(512K)->481K(512K)
[276.491s][info][gc          ] GC(1164) Pause Young (Allocation Failure) 635M->325M(624M) 1.737ms
[276.491s][info][gc,cpu      ] GC(1164) User=0.00s Sys=0.00s Real=0.01s
[276.889s][info][gc,start    ] GC(1165) Pause Young (Allocation Failure)
[276.890s][info][gc,heap     ] GC(1165) PSYoungGen: 305920K(306176K)->512K(293376K) Eden: 305152K(305152K)->0K(292864K) From: 768K(1024K)->512K(512K)
[276.890s][info][gc,heap     ] GC(1165) ParOldGen: 332336K(332800K)->332480K(332800K)
[276.890s][info][gc,metaspace] GC(1165) Metaspace: 6110K(6208K)->6110K(6208K) NonClass: 5629K(5696K)->5629K(5696K) Class: 481K(512K)->481K(512K)
[276.890s][info][gc          ] GC(1165) Pause Young (Allocation Failure) 623M->325M(611M) 1.354ms
[276.890s][info][gc,cpu      ] GC(1165) User=0.00s Sys=0.00s Real=0.00s
[277.292s][info][gc,start    ] GC(1166) Pause Young (Allocation Failure)
[277.293s][info][gc,heap     ] GC(1166) PSYoungGen: 293376K(293376K)->709K(282112K) Eden: 292864K(292864K)->0K(281088K) From: 512K(512K)->709K(1024K)
[277.294s][info][gc,heap     ] GC(1166) ParOldGen: 332480K(332800K)->332480K(332800K)
[277.294s][info][gc,metaspace] GC(1166) Metaspace: 6110K(6208K)->6110K(6208K) NonClass: 5629K(5696K)->5629K(5696K) Class: 481K(512K)->481K(512K)
[277.294s][info][gc          ] GC(1166) Pause Young (Allocation Failure) 611M->325M(600M) 1.494ms
[277.294s][info][gc,cpu      ] GC(1166) User=0.00s Sys=0.00s Real=0.00s
[277.663s][info][gc,start    ] GC(1167) Pause Young (Allocation Failure)
[277.664s][info][gc,heap     ] GC(1167) PSYoungGen: 281797K(282112K)->768K(270848K) Eden: 281088K(281088K)->0K(269824K) From: 709K(1024K)->768K(1024K)
[277.664s][info][gc,heap     ] GC(1167) ParOldGen: 332480K(332800K)->332520K(332800K)
[277.664s][info][gc,metaspace] GC(1167) Metaspace: 6110K(6208K)->6110K(6208K) NonClass: 5629K(5696K)->5629K(5696K) Class: 481K(512K)->481K(512K)
[277.664s][info][gc          ] GC(1167) Pause Young (Allocation Failure) 599M->325M(589M) 1.683ms
[277.664s][info][gc,cpu      ] GC(1167) User=0.01s Sys=0.00s Real=0.00s
[278.088s][info][gc,start    ] GC(1168) Pause Young (Allocation Failure)
[278.091s][info][gc,heap     ] GC(1168) PSYoungGen: 270592K(270848K)->690K(260096K) Eden: 269824K(269824K)->0K(259072K) From: 768K(1024K)->690K(1024K)
[278.091s][info][gc,heap     ] GC(1168) ParOldGen: 332520K(332800K)->332520K(332800K)
[278.091s][info][gc,metaspace] GC(1168) Metaspace: 6110K(6208K)->6110K(6208K) NonClass: 5629K(5696K)->5629K(5696K) Class: 481K(512K)->481K(512K)
[278.091s][info][gc          ] GC(1168) Pause Young (Allocation Failure) 588M->325M(579M) 2.717ms
[278.091s][info][gc,cpu      ] GC(1168) User=0.00s Sys=0.00s Real=0.01s
[278.529s][info][gc,start    ] GC(1169) Pause Young (Allocation Failure)
[278.532s][info][gc,heap     ] GC(1169) PSYoungGen: 258324K(260096K)->498K(249344K) Eden: 257633K(259072K)->0K(248832K) From: 690K(1024K)->498K(512K)
[278.532s][info][gc,heap     ] GC(1169) ParOldGen: 332520K(332800K)->332704K(332800K)
[278.532s][info][gc,metaspace] GC(1169) Metaspace: 6110K(6208K)->6110K(6208K) NonClass: 5629K(5696K)->5629K(5696K) Class: 481K(512K)->481K(512K)
[278.532s][info][gc          ] GC(1169) Pause Young (Allocation Failure) 576M->325M(568M) 2.902ms
[278.532s][info][gc,cpu      ] GC(1169) User=0.00s Sys=0.00s Real=0.01s
[278.944s][info][gc,start    ] GC(1170) Pause Young (Allocation Failure)
[278.948s][info][gc,heap     ] GC(1170) PSYoungGen: 249330K(249344K)->786K(240128K) Eden: 248832K(248832K)->0K(239104K) From: 498K(512K)->786K(1024K)
[278.948s][info][gc,heap     ] GC(1170) ParOldGen: 332704K(332800K)->332704K(332800K)
[278.948s][info][gc,metaspace] GC(1170) Metaspace: 6110K(6208K)->6110K(6208K) NonClass: 5629K(5696K)->5629K(5696K) Class: 481K(512K)->481K(512K)
[278.948s][info][gc          ] GC(1170) Pause Young (Allocation Failure) 568M->325M(559M) 3.346ms
[278.948s][info][gc,cpu      ] GC(1170) User=0.00s Sys=0.00s Real=0.00s
[279.331s][info][gc,start    ] GC(1171) Pause Young (Allocation Failure)
[279.332s][info][gc,heap     ] GC(1171) PSYoungGen: 239890K(240128K)->672K(230912K) Eden: 239104K(239104K)->0K(229888K) From: 786K(1024K)->672K(1024K)
[279.332s][info][gc,heap     ] GC(1171) ParOldGen: 332704K(332800K)->332792K(332800K)
[279.332s][info][gc,metaspace] GC(1171) Metaspace: 6110K(6208K)->6110K(6208K) NonClass: 5629K(5696K)->5629K(5696K) Class: 481K(512K)->481K(512K)
[279.332s][info][gc          ] GC(1171) Pause Young (Allocation Failure) 559M->325M(550M) 1.551ms
[279.332s][info][gc,cpu      ] GC(1171) User=0.00s Sys=0.00s Real=0.00s
[279.655s][info][gc,start    ] GC(1172) Pause Young (Allocation Failure)
[279.657s][info][gc,heap     ] GC(1172) PSYoungGen: 230560K(230912K)->640K(222208K) Eden: 229888K(229888K)->0K(221184K) From: 672K(1024K)->640K(1024K)
[279.657s][info][gc,heap     ] GC(1172) ParOldGen: 332792K(332800K)->332792K(332800K)
[279.657s][info][gc,metaspace] GC(1172) Metaspace: 6110K(6208K)->6110K(6208K) NonClass: 5629K(5696K)->5629K(5696K) Class: 481K(512K)->481K(512K)
[279.657s][info][gc          ] GC(1172) Pause Young (Allocation Failure) 550M->325M(542M) 1.319ms
[279.657s][info][gc,cpu      ] GC(1172) User=0.01s Sys=0.00s Real=0.00s
[279.937s][info][gc,start    ] GC(1173) Pause Young (Allocation Failure)
[279.939s][info][gc,heap     ] GC(1173) PSYoungGen: 221824K(222208K)->512K(213504K) Eden: 221184K(221184K)->0K(212992K) From: 640K(1024K)->512K(512K)
[279.939s][info][gc,heap     ] GC(1173) ParOldGen: 332792K(332800K)->333016K(333312K)
[279.939s][info][gc,metaspace] GC(1173) Metaspace: 6110K(6208K)->6110K(6208K) NonClass: 5629K(5696K)->5629K(5696K) Class: 481K(512K)->481K(512K)
[279.939s][info][gc          ] GC(1173) Pause Young (Allocation Failure) 541M->325M(534M) 1.651ms
[279.939s][info][gc,cpu      ] GC(1173) User=0.00s Sys=0.00s Real=0.00s
[280.240s][info][gc,start    ] GC(1174) Pause Young (Allocation Failure)
[280.241s][info][gc,heap     ] GC(1174) PSYoungGen: 213504K(213504K)->704K(206336K) Eden: 212992K(212992K)->0K(205312K) From: 512K(512K)->704K(1024K)
[280.241s][info][gc,heap     ] GC(1174) ParOldGen: 333016K(333312K)->333016K(333312K)
[280.241s][info][gc,metaspace] GC(1174) Metaspace: 6110K(6208K)->6110K(6208K) NonClass: 5629K(5696K)->5629K(5696K) Class: 481K(512K)->481K(512K)
[280.242s][info][gc          ] GC(1174) Pause Young (Allocation Failure) 533M->325M(527M) 1.605ms
[280.242s][info][gc,cpu      ] GC(1174) User=0.00s Sys=0.00s Real=0.01s
[280.453s][info][gc,start    ] GC(1175) Pause Young (Allocation Failure)
[280.454s][info][gc,heap     ] GC(1175) PSYoungGen: 206016K(206336K)->672K(198656K) Eden: 205312K(205312K)->0K(197632K) From: 704K(1024K)->672K(1024K)
[280.454s][info][gc,heap     ] GC(1175) ParOldGen: 333016K(333312K)->333048K(333312K)
[280.454s][info][gc,metaspace] GC(1175) Metaspace: 6110K(6208K)->6110K(6208K) NonClass: 5629K(5696K)->5629K(5696K) Class: 481K(512K)->481K(512K)
[280.454s][info][gc          ] GC(1175) Pause Young (Allocation Failure) 526M->325M(519M) 1.339ms
[280.454s][info][gc,cpu      ] GC(1175) User=0.00s Sys=0.00s Real=0.00s
[280.651s][info][gc,start    ] GC(1176) Pause Young (Allocation Failure)
[280.652s][info][gc,heap     ] GC(1176) PSYoungGen: 198304K(198656K)->800K(191488K) Eden: 197632K(197632K)->0K(190464K) From: 672K(1024K)->800K(1024K)
[280.652s][info][gc,heap     ] GC(1176) ParOldGen: 333048K(333312K)->333048K(333312K)
[280.652s][info][gc,metaspace] GC(1176) Metaspace: 6110K(6208K)->6110K(6208K) NonClass: 5629K(5696K)->5629K(5696K) Class: 481K(512K)->481K(512K)
[280.652s][info][gc          ] GC(1176) Pause Young (Allocation Failure) 518M->326M(512M) 1.630ms
[280.652s][info][gc,cpu      ] GC(1176) User=0.01s Sys=0.00s Real=0.00s
[280.846s][info][gc,start    ] GC(1177) Pause Young (Allocation Failure)
[280.847s][info][gc,heap     ] GC(1177) PSYoungGen: 191264K(191488K)->512K(184320K) Eden: 190464K(190464K)->0K(183808K) From: 800K(1024K)->512K(512K)
[280.847s][info][gc,heap     ] GC(1177) ParOldGen: 333048K(333312K)->333152K(333312K)
[280.847s][info][gc,metaspace] GC(1177) Metaspace: 6110K(6208K)->6110K(6208K) NonClass: 5629K(5696K)->5629K(5696K) Class: 481K(512K)->481K(512K)
[280.847s][info][gc          ] GC(1177) Pause Young (Allocation Failure) 512M->325M(505M) 1.281ms
[280.847s][info][gc,cpu      ] GC(1177) User=0.00s Sys=0.00s Real=0.00s
[281.050s][info][gc,start    ] GC(1178) Pause Young (Allocation Failure)
[281.052s][info][gc,heap     ] GC(1178) PSYoungGen: 184320K(184320K)->448K(178176K) Eden: 183808K(183808K)->0K(177152K) From: 512K(512K)->448K(1024K)
[281.052s][info][gc,heap     ] GC(1178) ParOldGen: 333152K(333312K)->333152K(333312K)
[281.052s][info][gc,metaspace] GC(1178) Metaspace: 6110K(6208K)->6110K(6208K) NonClass: 5629K(5696K)->5629K(5696K) Class: 481K(512K)->481K(512K)
[281.052s][info][gc          ] GC(1178) Pause Young (Allocation Failure) 505M->325M(499M) 1.305ms
[281.052s][info][gc,cpu      ] GC(1178) User=0.01s Sys=0.00s Real=0.00s
[281.247s][info][gc,start    ] GC(1179) Pause Young (Allocation Failure)
[281.248s][info][gc,heap     ] GC(1179) PSYoungGen: 177600K(178176K)->800K(172032K) Eden: 177152K(177152K)->0K(171008K) From: 448K(1024K)->800K(1024K)
[281.248s][info][gc,heap     ] GC(1179) ParOldGen: 333152K(333312K)->333192K(333312K)
[281.248s][info][gc,metaspace] GC(1179) Metaspace: 6110K(6208K)->6110K(6208K) NonClass: 5629K(5696K)->5629K(5696K) Class: 481K(512K)->481K(512K)
[281.248s][info][gc          ] GC(1179) Pause Young (Allocation Failure) 498M->326M(493M) 1.565ms
[281.248s][info][gc,cpu      ] GC(1179) User=0.00s Sys=0.00s Real=0.00s
[281.437s][info][gc,start    ] GC(1180) Pause Young (Allocation Failure)
[281.439s][info][gc,heap     ] GC(1180) PSYoungGen: 171808K(172032K)->736K(165888K) Eden: 171008K(171008K)->0K(164864K) From: 800K(1024K)->736K(1024K)
[281.439s][info][gc,heap     ] GC(1180) ParOldGen: 333192K(333312K)->333192K(333312K)
[281.439s][info][gc,metaspace] GC(1180) Metaspace: 6110K(6208K)->6110K(6208K) NonClass: 5629K(5696K)->5629K(5696K) Class: 481K(512K)->481K(512K)
[281.439s][info][gc          ] GC(1180) Pause Young (Allocation Failure) 493M->326M(487M) 1.493ms
[281.439s][info][gc,cpu      ] GC(1180) User=0.00s Sys=0.00s Real=0.00s
[281.651s][info][gc,start    ] GC(1181) Pause Young (Allocation Failure)
[281.653s][info][gc,heap     ] GC(1181) PSYoungGen: 165600K(165888K)->512K(159744K) Eden: 164864K(164864K)->0K(159232K) From: 736K(1024K)->512K(512K)
[281.653s][info][gc,heap     ] GC(1181) ParOldGen: 333192K(333312K)->333416K(333824K)
[281.653s][info][gc,metaspace] GC(1181) Metaspace: 6110K(6208K)->6110K(6208K) NonClass: 5629K(5696K)->5629K(5696K) Class: 481K(512K)->481K(512K)
[281.653s][info][gc          ] GC(1181) Pause Young (Allocation Failure) 487M->326M(482M) 1.886ms
[281.653s][info][gc,cpu      ] GC(1181) User=0.01s Sys=0.00s Real=0.00s
[281.871s][info][gc,start    ] GC(1182) Pause Young (Allocation Failure)
[281.872s][info][gc,heap     ] GC(1182) PSYoungGen: 159744K(159744K)->672K(154624K) Eden: 159232K(159232K)->0K(153600K) From: 512K(512K)->672K(1024K)
[281.872s][info][gc,heap     ] GC(1182) ParOldGen: 333416K(333824K)->333416K(333824K)
[281.872s][info][gc,metaspace] GC(1182) Metaspace: 6110K(6208K)->6110K(6208K) NonClass: 5629K(5696K)->5629K(5696K) Class: 481K(512K)->481K(512K)
[281.872s][info][gc          ] GC(1182) Pause Young (Allocation Failure) 481M->326M(477M) 1.337ms
[281.872s][info][gc,cpu      ] GC(1182) User=0.00s Sys=0.00s Real=0.00s
[282.073s][info][gc,start    ] GC(1183) Pause Young (Allocation Failure)
[282.074s][info][gc,heap     ] GC(1183) PSYoungGen: 154272K(154624K)->736K(149504K) Eden: 153600K(153600K)->0K(148480K) From: 672K(1024K)->736K(1024K)
[282.074s][info][gc,heap     ] GC(1183) ParOldGen: 333416K(333824K)->333440K(333824K)
[282.074s][info][gc,metaspace] GC(1183) Metaspace: 6110K(6208K)->6110K(6208K) NonClass: 5629K(5696K)->5629K(5696K) Class: 481K(512K)->481K(512K)
[282.074s][info][gc          ] GC(1183) Pause Young (Allocation Failure) 476M->326M(472M) 1.405ms
[282.074s][info][gc,cpu      ] GC(1183) User=0.00s Sys=0.00s Real=0.00s
[282.288s][info][gc,start    ] GC(1184) Pause Young (Allocation Failure)
[282.290s][info][gc,heap     ] GC(1184) PSYoungGen: 149216K(149504K)->832K(144384K) Eden: 148480K(148480K)->0K(143360K) From: 736K(1024K)->832K(1024K)
[282.290s][info][gc,heap     ] GC(1184) ParOldGen: 333440K(333824K)->333440K(333824K)
[282.290s][info][gc,metaspace] GC(1184) Metaspace: 6110K(6208K)->6110K(6208K) NonClass: 5629K(5696K)->5629K(5696K) Class: 481K(512K)->481K(512K)
[282.290s][info][gc          ] GC(1184) Pause Young (Allocation Failure) 471M->326M(467M) 1.856ms
[282.290s][info][gc,cpu      ] GC(1184) User=0.00s Sys=0.00s Real=0.00s
[282.489s][info][gc,start    ] GC(1185) Pause Young (Allocation Failure)
[282.490s][info][gc,heap     ] GC(1185) PSYoungGen: 144192K(144384K)->512K(139264K) Eden: 143360K(143360K)->0K(138752K) From: 832K(1024K)->512K(512K)
[282.490s][info][gc,heap     ] GC(1185) ParOldGen: 333440K(333824K)->333640K(333824K)
[282.490s][info][gc,metaspace] GC(1185) Metaspace: 6110K(6208K)->6110K(6208K) NonClass: 5629K(5696K)->5629K(5696K) Class: 481K(512K)->481K(512K)
[282.490s][info][gc          ] GC(1185) Pause Young (Allocation Failure) 466M->326M(462M) 1.622ms
[282.490s][info][gc,cpu      ] GC(1185) User=0.00s Sys=0.00s Real=0.00s
[282.681s][info][gc,start    ] GC(1186) Pause Young (Allocation Failure)
[282.682s][info][gc,heap     ] GC(1186) PSYoungGen: 139264K(139264K)->768K(135168K) Eden: 138752K(138752K)->0K(134144K) From: 512K(512K)->768K(1024K)
[282.682s][info][gc,heap     ] GC(1186) ParOldGen: 333640K(333824K)->333640K(333824K)
[282.682s][info][gc,metaspace] GC(1186) Metaspace: 6110K(6208K)->6110K(6208K) NonClass: 5629K(5696K)->5629K(5696K) Class: 481K(512K)->481K(512K)
[282.682s][info][gc          ] GC(1186) Pause Young (Allocation Failure) 461M->326M(458M) 1.411ms
[282.682s][info][gc,cpu      ] GC(1186) User=0.00s Sys=0.00s Real=0.00s
[282.862s][info][gc,start    ] GC(1187) Pause Young (Allocation Failure)
[282.863s][info][gc,heap     ] GC(1187) PSYoungGen: 134912K(135168K)->704K(131072K) Eden: 134144K(134144K)->0K(130048K) From: 768K(1024K)->704K(1024K)
[282.863s][info][gc,heap     ] GC(1187) ParOldGen: 333640K(333824K)->333656K(333824K)
[282.863s][info][gc,metaspace] GC(1187) Metaspace: 6110K(6208K)->6110K(6208K) NonClass: 5629K(5696K)->5629K(5696K) Class: 481K(512K)->481K(512K)
[282.863s][info][gc          ] GC(1187) Pause Young (Allocation Failure) 457M->326M(454M) 1.291ms
[282.863s][info][gc,cpu      ] GC(1187) User=0.00s Sys=0.00s Real=0.00s
[283.024s][info][gc,start    ] GC(1188) Pause Young (Allocation Failure)
[283.026s][info][gc,heap     ] GC(1188) PSYoungGen: 130752K(131072K)->786K(126976K) Eden: 130048K(130048K)->0K(125952K) From: 704K(1024K)->786K(1024K)
[283.026s][info][gc,heap     ] GC(1188) ParOldGen: 333656K(333824K)->333656K(333824K)
[283.026s][info][gc,metaspace] GC(1188) Metaspace: 6110K(6208K)->6110K(6208K) NonClass: 5629K(5696K)->5629K(5696K) Class: 481K(512K)->481K(512K)
[283.026s][info][gc          ] GC(1188) Pause Young (Allocation Failure) 453M->326M(450M) 2.390ms
[283.026s][info][gc,cpu      ] GC(1188) User=0.00s Sys=0.00s Real=0.00s
[283.232s][info][gc,start    ] GC(1189) Pause Young (Allocation Failure)
[283.234s][info][gc,heap     ] GC(1189) PSYoungGen: 126738K(126976K)->512K(122368K) Eden: 125952K(125952K)->0K(121856K) From: 786K(1024K)->512K(512K)
[283.234s][info][gc,heap     ] GC(1189) ParOldGen: 333656K(333824K)->333904K(334336K)
[283.234s][info][gc,metaspace] GC(1189) Metaspace: 6110K(6208K)->6110K(6208K) NonClass: 5629K(5696K)->5629K(5696K) Class: 481K(512K)->481K(512K)
[283.234s][info][gc          ] GC(1189) Pause Young (Allocation Failure) 449M->326M(446M) 1.813ms
[283.234s][info][gc,cpu      ] GC(1189) User=0.00s Sys=0.00s Real=0.00s
[283.461s][info][gc,start    ] GC(1190) Pause Young (Allocation Failure)
[283.462s][info][gc,heap     ] GC(1190) PSYoungGen: 122368K(122368K)->864K(119296K) Eden: 121856K(121856K)->0K(118272K) From: 512K(512K)->864K(1024K)
[283.462s][info][gc,heap     ] GC(1190) ParOldGen: 333904K(334336K)->333904K(334336K)
[283.462s][info][gc,metaspace] GC(1190) Metaspace: 6110K(6208K)->6110K(6208K) NonClass: 5629K(5696K)->5629K(5696K) Class: 481K(512K)->481K(512K)
[283.462s][info][gc          ] GC(1190) Pause Young (Allocation Failure) 445M->326M(443M) 1.667ms
[283.462s][info][gc,cpu      ] GC(1190) User=0.00s Sys=0.00s Real=0.00s
[283.656s][info][gc,start    ] GC(1191) Pause Young (Allocation Failure)
[283.659s][info][gc,heap     ] GC(1191) PSYoungGen: 119136K(119296K)->704K(115712K) Eden: 118272K(118272K)->0K(114688K) From: 864K(1024K)->704K(1024K)
[283.659s][info][gc,heap     ] GC(1191) ParOldGen: 333904K(334336K)->333928K(334336K)
[283.659s][info][gc,metaspace] GC(1191) Metaspace: 6110K(6208K)->6110K(6208K) NonClass: 5629K(5696K)->5629K(5696K) Class: 481K(512K)->481K(512K)
[283.659s][info][gc          ] GC(1191) Pause Young (Allocation Failure) 442M->326M(439M) 2.815ms
[283.659s][info][gc,cpu      ] GC(1191) User=0.00s Sys=0.00s Real=0.00s
[283.863s][info][gc,start    ] GC(1192) Pause Young (Allocation Failure)
[283.865s][info][gc,heap     ] GC(1192) PSYoungGen: 115392K(115712K)->658K(112128K) Eden: 114688K(114688K)->0K(111104K) From: 704K(1024K)->658K(1024K)
[283.865s][info][gc,heap     ] GC(1192) ParOldGen: 333928K(334336K)->333928K(334336K)
[283.865s][info][gc,metaspace] GC(1192) Metaspace: 6110K(6208K)->6110K(6208K) NonClass: 5629K(5696K)->5629K(5696K) Class: 481K(512K)->481K(512K)
[283.865s][info][gc          ] GC(1192) Pause Young (Allocation Failure) 438M->326M(436M) 2.497ms
[283.865s][info][gc,cpu      ] GC(1192) User=0.00s Sys=0.00s Real=0.00s
[284.049s][info][gc,start    ] GC(1193) Pause Young (Allocation Failure)
[284.052s][info][gc,heap     ] GC(1193) PSYoungGen: 111762K(112128K)->498K(134144K) Eden: 111104K(111104K)->0K(133632K) From: 658K(1024K)->498K(512K)
[284.052s][info][gc,heap     ] GC(1193) ParOldGen: 333928K(334336K)->334112K(334336K)
[284.052s][info][gc,metaspace] GC(1193) Metaspace: 6110K(6208K)->6110K(6208K) NonClass: 5629K(5696K)->5629K(5696K) Class: 481K(512K)->481K(512K)
[284.052s][info][gc          ] GC(1193) Pause Young (Allocation Failure) 435M->326M(457M) 2.602ms
[284.052s][info][gc,cpu      ] GC(1193) User=0.01s Sys=0.00s Real=0.01s
[284.289s][info][gc,start    ] GC(1194) Pause Young (Allocation Failure)
[284.291s][info][gc,heap     ] GC(1194) PSYoungGen: 134130K(134144K)->466K(161792K) Eden: 133632K(133632K)->0K(160768K) From: 498K(512K)->466K(1024K)
[284.291s][info][gc,heap     ] GC(1194) ParOldGen: 334112K(334336K)->334112K(334336K)
[284.291s][info][gc,metaspace] GC(1194) Metaspace: 6110K(6208K)->6110K(6208K) NonClass: 5629K(5696K)->5629K(5696K) Class: 481K(512K)->481K(512K)
[284.291s][info][gc          ] GC(1194) Pause Young (Allocation Failure) 457M->326M(484M) 2.095ms
[284.291s][info][gc,cpu      ] GC(1194) User=0.00s Sys=0.00s Real=0.01s
[284.549s][info][gc,start    ] GC(1195) Pause Young (Allocation Failure)
[284.552s][info][gc,heap     ] GC(1195) PSYoungGen: 161234K(161792K)->722K(194048K) Eden: 160768K(160768K)->0K(193024K) From: 466K(1024K)->722K(1024K)
[284.552s][info][gc,heap     ] GC(1195) ParOldGen: 334112K(334336K)->334128K(334336K)
[284.552s][info][gc,metaspace] GC(1195) Metaspace: 6110K(6208K)->6110K(6208K) NonClass: 5629K(5696K)->5629K(5696K) Class: 481K(512K)->481K(512K)
[284.552s][info][gc          ] GC(1195) Pause Young (Allocation Failure) 483M->327M(516M) 2.763ms
[284.552s][info][gc,cpu      ] GC(1195) User=0.00s Sys=0.01s Real=0.01s
[284.805s][info][gc,start    ] GC(1196) Pause Young (Allocation Failure)
[284.807s][info][gc,heap     ] GC(1196) PSYoungGen: 193746K(194048K)->626K(186880K) Eden: 193024K(193024K)->0K(185856K) From: 722K(1024K)->626K(1024K)
[284.807s][info][gc,heap     ] GC(1196) ParOldGen: 334128K(334336K)->334128K(334336K)
[284.807s][info][gc,metaspace] GC(1196) Metaspace: 6110K(6208K)->6110K(6208K) NonClass: 5629K(5696K)->5629K(5696K) Class: 481K(512K)->481K(512K)
[284.807s][info][gc          ] GC(1196) Pause Young (Allocation Failure) 515M->326M(509M) 2.255ms
[284.807s][info][gc,cpu      ] GC(1196) User=0.00s Sys=0.00s Real=0.00s
[285.017s][info][gc,start    ] GC(1197) Pause Young (Allocation Failure)
[285.019s][info][gc,heap     ] GC(1197) PSYoungGen: 186482K(186880K)->498K(223744K) Eden: 185856K(185856K)->0K(223232K) From: 626K(1024K)->498K(512K)
[285.019s][info][gc,heap     ] GC(1197) ParOldGen: 334128K(334336K)->334408K(334848K)
[285.019s][info][gc,metaspace] GC(1197) Metaspace: 6110K(6208K)->6110K(6208K) NonClass: 5629K(5696K)->5629K(5696K) Class: 481K(512K)->481K(512K)
[285.019s][info][gc          ] GC(1197) Pause Young (Allocation Failure) 508M->327M(545M) 2.628ms
[285.019s][info][gc,cpu      ] GC(1197) User=0.00s Sys=0.00s Real=0.00s
[285.290s][info][gc,start    ] GC(1198) Pause Young (Allocation Failure)
[285.292s][info][gc,heap     ] GC(1198) PSYoungGen: 223730K(223744K)->704K(216064K) Eden: 223232K(223232K)->0K(215040K) From: 498K(512K)->704K(1024K)
[285.292s][info][gc,heap     ] GC(1198) ParOldGen: 334408K(334848K)->334408K(334848K)
[285.292s][info][gc,metaspace] GC(1198) Metaspace: 6110K(6208K)->6110K(6208K) NonClass: 5629K(5696K)->5629K(5696K) Class: 481K(512K)->481K(512K)
[285.292s][info][gc          ] GC(1198) Pause Young (Allocation Failure) 545M->327M(538M) 1.417ms
[285.292s][info][gc,cpu      ] GC(1198) User=0.01s Sys=0.00s Real=0.01s
[285.510s][info][gc,start    ] GC(1199) Pause Young (Allocation Failure)
[285.512s][info][gc,heap     ] GC(1199) PSYoungGen: 215744K(216064K)->672K(207872K) Eden: 215040K(215040K)->0K(206848K) From: 704K(1024K)->672K(1024K)
[285.512s][info][gc,heap     ] GC(1199) ParOldGen: 334408K(334848K)->334424K(334848K)
[285.512s][info][gc,metaspace] GC(1199) Metaspace: 6110K(6208K)->6110K(6208K) NonClass: 5629K(5696K)->5629K(5696K) Class: 481K(512K)->481K(512K)
[285.512s][info][gc          ] GC(1199) Pause Young (Allocation Failure) 537M->327M(530M) 1.279ms
[285.512s][info][gc,cpu      ] GC(1199) User=0.00s Sys=0.00s Real=0.01s
[285.764s][info][gc,start    ] GC(1200) Pause Young (Allocation Failure)
[285.766s][info][gc,heap     ] GC(1200) PSYoungGen: 207520K(207872K)->768K(200192K) Eden: 206848K(206848K)->0K(199168K) From: 672K(1024K)->768K(1024K)
[285.766s][info][gc,heap     ] GC(1200) ParOldGen: 334424K(334848K)->334424K(334848K)
[285.766s][info][gc,metaspace] GC(1200) Metaspace: 6110K(6208K)->6110K(6208K) NonClass: 5629K(5696K)->5629K(5696K) Class: 481K(512K)->481K(512K)
[285.766s][info][gc          ] GC(1200) Pause Young (Allocation Failure) 529M->327M(522M) 1.579ms
[285.766s][info][gc,cpu      ] GC(1200) User=0.01s Sys=0.00s Real=0.00s
[286.087s][info][gc,start    ] GC(1201) Pause Young (Allocation Failure)
[286.088s][info][gc,heap     ] GC(1201) PSYoungGen: 199936K(200192K)->512K(192512K) Eden: 199168K(199168K)->0K(192000K) From: 768K(1024K)->512K(512K)
[286.088s][info][gc,heap     ] GC(1201) ParOldGen: 334424K(334848K)->334600K(334848K)
[286.088s][info][gc,metaspace] GC(1201) Metaspace: 6110K(6208K)->6110K(6208K) NonClass: 5629K(5696K)->5629K(5696K) Class: 481K(512K)->481K(512K)
[286.088s][info][gc          ] GC(1201) Pause Young (Allocation Failure) 521M->327M(515M) 1.619ms
[286.088s][info][gc,cpu      ] GC(1201) User=0.01s Sys=0.00s Real=0.00s
[286.547s][info][gc,start    ] GC(1202) Pause Young (Allocation Failure)
[286.549s][info][gc,heap     ] GC(1202) PSYoungGen: 192512K(192512K)->736K(186368K) Eden: 192000K(192000K)->0K(185344K) From: 512K(512K)->736K(1024K)
[286.549s][info][gc,heap     ] GC(1202) ParOldGen: 334600K(334848K)->334600K(334848K)
[286.549s][info][gc,metaspace] GC(1202) Metaspace: 6110K(6208K)->6110K(6208K) NonClass: 5629K(5696K)->5629K(5696K) Class: 481K(512K)->481K(512K)
[286.549s][info][gc          ] GC(1202) Pause Young (Allocation Failure) 514M->327M(509M) 1.687ms
[286.549s][info][gc,cpu      ] GC(1202) User=0.00s Sys=0.01s Real=0.00s
[286.838s][info][gc,start    ] GC(1203) Pause Young (Allocation Failure)
[286.839s][info][gc,heap     ] GC(1203) PSYoungGen: 186080K(186368K)->672K(179712K) Eden: 185344K(185344K)->0K(178688K) From: 736K(1024K)->672K(1024K)
[286.839s][info][gc,heap     ] GC(1203) ParOldGen: 334600K(334848K)->334632K(334848K)
[286.839s][info][gc,metaspace] GC(1203) Metaspace: 6110K(6208K)->6110K(6208K) NonClass: 5629K(5696K)->5629K(5696K) Class: 481K(512K)->481K(512K)
[286.839s][info][gc          ] GC(1203) Pause Young (Allocation Failure) 508M->327M(502M) 1.437ms
[286.839s][info][gc,cpu      ] GC(1203) User=0.00s Sys=0.00s Real=0.00s
[287.129s][info][gc,start    ] GC(1204) Pause Young (Allocation Failure)
[287.130s][info][gc,heap     ] GC(1204) PSYoungGen: 179360K(179712K)->704K(173568K) Eden: 178688K(178688K)->0K(172544K) From: 672K(1024K)->704K(1024K)
[287.130s][info][gc,heap     ] GC(1204) ParOldGen: 334632K(334848K)->334632K(334848K)
[287.130s][info][gc,metaspace] GC(1204) Metaspace: 6110K(6208K)->6110K(6208K) NonClass: 5629K(5696K)->5629K(5696K) Class: 481K(512K)->481K(512K)
[287.130s][info][gc          ] GC(1204) Pause Young (Allocation Failure) 501M->327M(496M) 1.572ms
[287.130s][info][gc,cpu      ] GC(1204) User=0.01s Sys=0.00s Real=0.00s
[287.419s][info][gc,start    ] GC(1205) Pause Young (Allocation Failure)
[287.420s][info][gc,heap     ] GC(1205) PSYoungGen: 173248K(173568K)->512K(166912K) Eden: 172544K(172544K)->0K(166400K) From: 704K(1024K)->512K(512K)
[287.420s][info][gc,heap     ] GC(1205) ParOldGen: 334632K(334848K)->334864K(335360K)
[287.420s][info][gc,metaspace] GC(1205) Metaspace: 6110K(6208K)->6110K(6208K) NonClass: 5629K(5696K)->5629K(5696K) Class: 481K(512K)->481K(512K)
[287.420s][info][gc          ] GC(1205) Pause Young (Allocation Failure) 495M->327M(490M) 1.615ms
[287.420s][info][gc,cpu      ] GC(1205) User=0.00s Sys=0.00s Real=0.00s
[287.628s][info][gc,start    ] GC(1206) Pause Young (Allocation Failure)
[287.629s][info][gc,heap     ] GC(1206) PSYoungGen: 166912K(166912K)->704K(161792K) Eden: 166400K(166400K)->0K(160768K) From: 512K(512K)->704K(1024K)
[287.629s][info][gc,heap     ] GC(1206) ParOldGen: 334864K(335360K)->334864K(335360K)
[287.629s][info][gc,metaspace] GC(1206) Metaspace: 6110K(6208K)->6110K(6208K) NonClass: 5629K(5696K)->5629K(5696K) Class: 481K(512K)->481K(512K)
[287.629s][info][gc          ] GC(1206) Pause Young (Allocation Failure) 490M->327M(485M) 1.371ms
[287.629s][info][gc,cpu      ] GC(1206) User=0.01s Sys=0.00s Real=0.00s
[287.851s][info][gc,start    ] GC(1207) Pause Young (Allocation Failure)
[287.852s][info][gc,heap     ] GC(1207) PSYoungGen: 161472K(161792K)->640K(156160K) Eden: 160768K(160768K)->0K(155136K) From: 704K(1024K)->640K(1024K)
[287.852s][info][gc,heap     ] GC(1207) ParOldGen: 334864K(335360K)->334896K(335360K)
[287.852s][info][gc,metaspace] GC(1207) Metaspace: 6110K(6208K)->6110K(6208K) NonClass: 5629K(5696K)->5629K(5696K) Class: 481K(512K)->481K(512K)
[287.852s][info][gc          ] GC(1207) Pause Young (Allocation Failure) 484M->327M(480M) 1.375ms
[287.852s][info][gc,cpu      ] GC(1207) User=0.01s Sys=0.00s Real=0.00s
[288.129s][info][gc,start    ] GC(1208) Pause Young (Allocation Failure)
[288.131s][info][gc,heap     ] GC(1208) PSYoungGen: 155776K(156160K)->416K(150528K) Eden: 155136K(155136K)->0K(150016K) From: 640K(1024K)->416K(512K)
[288.131s][info][gc,heap     ] GC(1208) ParOldGen: 334896K(335360K)->335195K(335360K)
[288.131s][info][gc,metaspace] GC(1208) Metaspace: 6110K(6208K)->6110K(6208K) NonClass: 5629K(5696K)->5629K(5696K) Class: 481K(512K)->481K(512K)
[288.131s][info][gc          ] GC(1208) Pause Young (Allocation Failure) 479M->327M(474M) 1.790ms
[288.131s][info][gc,cpu      ] GC(1208) User=0.00s Sys=0.00s Real=0.01s
[288.435s][info][gc,start    ] GC(1209) Pause Young (Allocation Failure)
[288.437s][info][gc,heap     ] GC(1209) PSYoungGen: 150432K(150528K)->818K(145920K) Eden: 150016K(150016K)->0K(144896K) From: 416K(512K)->818K(1024K)
[288.437s][info][gc,heap     ] GC(1209) ParOldGen: 335195K(335360K)->335291K(335360K)
[288.437s][info][gc,metaspace] GC(1209) Metaspace: 6110K(6208K)->6110K(6208K) NonClass: 5629K(5696K)->5629K(5696K) Class: 481K(512K)->481K(512K)
[288.437s][info][gc          ] GC(1209) Pause Young (Allocation Failure) 474M->328M(470M) 1.907ms
[288.437s][info][gc,cpu      ] GC(1209) User=0.00s Sys=0.00s Real=0.00s
[288.715s][info][gc,start    ] GC(1210) Pause Young (Allocation Failure)
[288.717s][info][gc,heap     ] GC(1210) PSYoungGen: 145714K(145920K)->736K(141312K) Eden: 144896K(144896K)->0K(140288K) From: 818K(1024K)->736K(1024K)
[288.717s][info][gc,heap     ] GC(1210) ParOldGen: 335291K(335360K)->335339K(335360K)
[288.717s][info][gc,metaspace] GC(1210) Metaspace: 6110K(6208K)->6110K(6208K) NonClass: 5629K(5696K)->5629K(5696K) Class: 481K(512K)->481K(512K)
[288.717s][info][gc          ] GC(1210) Pause Young (Allocation Failure) 469M->328M(465M) 1.751ms
[288.717s][info][gc,cpu      ] GC(1210) User=0.00s Sys=0.00s Real=0.00s
[288.928s][info][gc,start    ] GC(1211) Pause Young (Allocation Failure)
[288.930s][info][gc,heap     ] GC(1211) PSYoungGen: 141024K(141312K)->512K(136192K) Eden: 140288K(140288K)->0K(135680K) From: 736K(1024K)->512K(512K)
[288.930s][info][gc,heap     ] GC(1211) ParOldGen: 335339K(335360K)->335595K(335872K)
[288.930s][info][gc,metaspace] GC(1211) Metaspace: 6110K(6208K)->6110K(6208K) NonClass: 5629K(5696K)->5629K(5696K) Class: 481K(512K)->481K(512K)
[288.930s][info][gc          ] GC(1211) Pause Young (Allocation Failure) 465M->328M(461M) 1.708ms
[288.930s][info][gc,cpu      ] GC(1211) User=0.01s Sys=0.00s Real=0.00s
[289.098s][info][gc,start    ] GC(1212) Pause Young (Allocation Failure)
[289.101s][info][gc,heap     ] GC(1212) PSYoungGen: 136192K(136192K)->736K(132608K) Eden: 135680K(135680K)->0K(131584K) From: 512K(512K)->736K(1024K)
[289.101s][info][gc,heap     ] GC(1212) ParOldGen: 335595K(335872K)->335595K(335872K)
[289.101s][info][gc,metaspace] GC(1212) Metaspace: 6110K(6208K)->6110K(6208K) NonClass: 5629K(5696K)->5629K(5696K) Class: 481K(512K)->481K(512K)
[289.101s][info][gc          ] GC(1212) Pause Young (Allocation Failure) 460M->328M(457M) 2.433ms
[289.101s][info][gc,cpu      ] GC(1212) User=0.00s Sys=0.00s Real=0.01s
[289.272s][info][gc,start    ] GC(1213) Pause Young (Allocation Failure)
[289.275s][info][gc,heap     ] GC(1213) PSYoungGen: 132320K(132608K)->640K(128512K) Eden: 131584K(131584K)->0K(127488K) From: 736K(1024K)->640K(1024K)
[289.275s][info][gc,heap     ] GC(1213) ParOldGen: 335595K(335872K)->335611K(335872K)
[289.275s][info][gc,metaspace] GC(1213) Metaspace: 6110K(6208K)->6110K(6208K) NonClass: 5629K(5696K)->5629K(5696K) Class: 481K(512K)->481K(512K)
[289.275s][info][gc          ] GC(1213) Pause Young (Allocation Failure) 456M->328M(453M) 2.461ms
[289.275s][info][gc,cpu      ] GC(1213) User=0.00s Sys=0.00s Real=0.00s
[289.448s][info][gc,start    ] GC(1214) Pause Young (Allocation Failure)
[289.450s][info][gc,heap     ] GC(1214) PSYoungGen: 128128K(128512K)->626K(124416K) Eden: 127488K(127488K)->0K(123392K) From: 640K(1024K)->626K(1024K)
[289.450s][info][gc,heap     ] GC(1214) ParOldGen: 335611K(335872K)->335611K(335872K)
[289.450s][info][gc,metaspace] GC(1214) Metaspace: 6110K(6208K)->6110K(6208K) NonClass: 5629K(5696K)->5629K(5696K) Class: 481K(512K)->481K(512K)
[289.450s][info][gc          ] GC(1214) Pause Young (Allocation Failure) 452M->328M(449M) 2.204ms
[289.450s][info][gc,cpu      ] GC(1214) User=0.00s Sys=0.00s Real=0.00s
[289.610s][info][gc,start    ] GC(1215) Pause Young (Allocation Failure)
[289.613s][info][gc,heap     ] GC(1215) PSYoungGen: 124018K(124416K)->498K(148992K) Eden: 123392K(123392K)->0K(148480K) From: 626K(1024K)->498K(512K)
[289.613s][info][gc,heap     ] GC(1215) ParOldGen: 335611K(335872K)->335819K(335872K)
[289.613s][info][gc,metaspace] GC(1215) Metaspace: 6110K(6208K)->6110K(6208K) NonClass: 5629K(5696K)->5629K(5696K) Class: 481K(512K)->481K(512K)
[289.613s][info][gc          ] GC(1215) Pause Young (Allocation Failure) 448M->328M(473M) 2.817ms
[289.613s][info][gc,cpu      ] GC(1215) User=0.00s Sys=0.00s Real=0.01s
[289.832s][info][gc,start    ] GC(1216) Pause Young (Allocation Failure)
[289.835s][info][gc,heap     ] GC(1216) PSYoungGen: 148978K(148992K)->736K(179200K) Eden: 148480K(148480K)->0K(178176K) From: 498K(512K)->736K(1024K)
[289.835s][info][gc,heap     ] GC(1216) ParOldGen: 335819K(335872K)->335819K(335872K)
[289.835s][info][gc,metaspace] GC(1216) Metaspace: 6110K(6208K)->6110K(6208K) NonClass: 5629K(5696K)->5629K(5696K) Class: 481K(512K)->481K(512K)
[289.835s][info][gc          ] GC(1216) Pause Young (Allocation Failure) 473M->328M(503M) 2.683ms
[289.835s][info][gc,cpu      ] GC(1216) User=0.00s Sys=0.00s Real=0.00s
[290.244s][info][gc,start    ] GC(1217) Pause Young (Allocation Failure)
[290.246s][info][gc,heap     ] GC(1217) PSYoungGen: 178912K(179200K)->722K(215040K) Eden: 178176K(178176K)->0K(214016K) From: 736K(1024K)->722K(1024K)
[290.246s][info][gc,heap     ] GC(1217) ParOldGen: 335819K(335872K)->335835K(335872K)
[290.246s][info][gc,metaspace] GC(1217) Metaspace: 6110K(6208K)->6110K(6208K) NonClass: 5629K(5696K)->5629K(5696K) Class: 481K(512K)->481K(512K)
[290.247s][info][gc          ] GC(1217) Pause Young (Allocation Failure) 502M->328M(538M) 2.725ms
[290.247s][info][gc,cpu      ] GC(1217) User=0.00s Sys=0.00s Real=0.00s
[290.766s][info][gc,start    ] GC(1218) Pause Young (Allocation Failure)
[290.769s][info][gc,heap     ] GC(1218) PSYoungGen: 214738K(215040K)->690K(206848K) Eden: 214016K(214016K)->0K(205824K) From: 722K(1024K)->690K(1024K)
[290.769s][info][gc,heap     ] GC(1218) ParOldGen: 335835K(335872K)->335835K(335872K)
[290.769s][info][gc,metaspace] GC(1218) Metaspace: 6110K(6208K)->6110K(6208K) NonClass: 5629K(5696K)->5629K(5696K) Class: 481K(512K)->481K(512K)
[290.769s][info][gc          ] GC(1218) Pause Young (Allocation Failure) 537M->328M(530M) 2.616ms
[290.769s][info][gc,cpu      ] GC(1218) User=0.00s Sys=0.00s Real=0.00s
[291.171s][info][gc,start    ] GC(1219) Pause Young (Allocation Failure)
[291.174s][info][gc,heap     ] GC(1219) PSYoungGen: 206514K(206848K)->498K(198656K) Eden: 205824K(205824K)->0K(198144K) From: 690K(1024K)->498K(512K)
[291.174s][info][gc,heap     ] GC(1219) ParOldGen: 335835K(335872K)->336035K(336384K)
[291.174s][info][gc,metaspace] GC(1219) Metaspace: 6110K(6208K)->6110K(6208K) NonClass: 5629K(5696K)->5629K(5696K) Class: 481K(512K)->481K(512K)
[291.174s][info][gc          ] GC(1219) Pause Young (Allocation Failure) 529M->328M(522M) 2.664ms
[291.174s][info][gc,cpu      ] GC(1219) User=0.00s Sys=0.00s Real=0.00s
[291.547s][info][gc,start    ] GC(1220) Pause Young (Allocation Failure)
[291.549s][info][gc,heap     ] GC(1220) PSYoungGen: 198642K(198656K)->722K(192000K) Eden: 198144K(198144K)->0K(190976K) From: 498K(512K)->722K(1024K)
[291.549s][info][gc,heap     ] GC(1220) ParOldGen: 336035K(336384K)->336035K(336384K)
[291.549s][info][gc,metaspace] GC(1220) Metaspace: 6110K(6208K)->6110K(6208K) NonClass: 5629K(5696K)->5629K(5696K) Class: 481K(512K)->481K(512K)
[291.549s][info][gc          ] GC(1220) Pause Young (Allocation Failure) 522M->328M(516M) 1.705ms
[291.549s][info][gc,cpu      ] GC(1220) User=0.01s Sys=0.00s Real=0.00s
[291.885s][info][gc,start    ] GC(1221) Pause Young (Allocation Failure)
[291.886s][info][gc,heap     ] GC(1221) PSYoungGen: 191698K(192000K)->640K(185344K) Eden: 190976K(190976K)->0K(184320K) From: 722K(1024K)->640K(1024K)
[291.886s][info][gc,heap     ] GC(1221) ParOldGen: 336035K(336384K)->336075K(336384K)
[291.886s][info][gc,metaspace] GC(1221) Metaspace: 6110K(6208K)->6110K(6208K) NonClass: 5629K(5696K)->5629K(5696K) Class: 481K(512K)->481K(512K)
[291.886s][info][gc          ] GC(1221) Pause Young (Allocation Failure) 515M->328M(509M) 1.473ms
[291.886s][info][gc,cpu      ] GC(1221) User=0.00s Sys=0.00s Real=0.00s
[292.212s][info][gc,start    ] GC(1222) Pause Young (Allocation Failure)
[292.214s][info][gc,heap     ] GC(1222) PSYoungGen: 184960K(185344K)->448K(178176K) Eden: 184320K(184320K)->0K(177664K) From: 640K(1024K)->448K(512K)
[292.214s][info][gc,heap     ] GC(1222) ParOldGen: 336075K(336384K)->336381K(336384K)
[292.214s][info][gc,metaspace] GC(1222) Metaspace: 6110K(6208K)->6110K(6208K) NonClass: 5629K(5696K)->5629K(5696K) Class: 481K(512K)->481K(512K)
[292.214s][info][gc          ] GC(1222) Pause Young (Allocation Failure) 508M->328M(502M) 1.908ms
[292.214s][info][gc,cpu      ] GC(1222) User=0.01s Sys=0.00s Real=0.00s
[292.551s][info][gc,start    ] GC(1223) Pause Young (Allocation Failure)
[292.553s][info][gc,heap     ] GC(1223) PSYoungGen: 178112K(178176K)->736K(172544K) Eden: 177664K(177664K)->0K(171520K) From: 448K(512K)->736K(1024K)
[292.553s][info][gc,heap     ] GC(1223) ParOldGen: 336381K(336384K)->336469K(336896K)
[292.553s][info][gc,metaspace] GC(1223) Metaspace: 6110K(6208K)->6110K(6208K) NonClass: 5629K(5696K)->5629K(5696K) Class: 481K(512K)->481K(512K)
[292.553s][info][gc          ] GC(1223) Pause Young (Allocation Failure) 502M->329M(497M) 1.958ms
[292.553s][info][gc,cpu      ] GC(1223) User=0.00s Sys=0.00s Real=0.00s
[292.881s][info][gc,start    ] GC(1224) Pause Young (Allocation Failure)
[292.883s][info][gc,heap     ] GC(1224) PSYoungGen: 172256K(172544K)->768K(166400K) Eden: 171520K(171520K)->0K(165376K) From: 736K(1024K)->768K(1024K)
[292.883s][info][gc,heap     ] GC(1224) ParOldGen: 336469K(336896K)->336525K(336896K)
[292.883s][info][gc,metaspace] GC(1224) Metaspace: 6110K(6208K)->6110K(6208K) NonClass: 5629K(5696K)->5629K(5696K) Class: 481K(512K)->481K(512K)
[292.883s][info][gc          ] GC(1224) Pause Young (Allocation Failure) 496M->329M(491M) 1.669ms
[292.883s][info][gc,cpu      ] GC(1224) User=0.01s Sys=0.00s Real=0.00s
[293.206s][info][gc,start    ] GC(1225) Pause Young (Allocation Failure)
[293.207s][info][gc,heap     ] GC(1225) PSYoungGen: 166144K(166400K)->512K(160256K) Eden: 165376K(165376K)->0K(159744K) From: 768K(1024K)->512K(512K)
[293.207s][info][gc,heap     ] GC(1225) ParOldGen: 336525K(336896K)->336741K(336896K)
[293.207s][info][gc,metaspace] GC(1225) Metaspace: 6110K(6208K)->6110K(6208K) NonClass: 5629K(5696K)->5629K(5696K) Class: 481K(512K)->481K(512K)
[293.207s][info][gc          ] GC(1225) Pause Young (Allocation Failure) 490M->329M(485M) 1.591ms
[293.207s][info][gc,cpu      ] GC(1225) User=0.00s Sys=0.00s Real=0.00s
[293.540s][info][gc,start    ] GC(1226) Pause Young (Allocation Failure)
[293.542s][info][gc,heap     ] GC(1226) PSYoungGen: 160256K(160256K)->800K(155136K) Eden: 159744K(159744K)->0K(154112K) From: 512K(512K)->800K(1024K)
[293.542s][info][gc,heap     ] GC(1226) ParOldGen: 336741K(336896K)->336741K(336896K)
[293.542s][info][gc,metaspace] GC(1226) Metaspace: 6110K(6208K)->6110K(6208K) NonClass: 5629K(5696K)->5629K(5696K) Class: 481K(512K)->481K(512K)
[293.542s][info][gc          ] GC(1226) Pause Young (Allocation Failure) 485M->329M(480M) 1.978ms
[293.542s][info][gc,cpu      ] GC(1226) User=0.00s Sys=0.00s Real=0.01s
[293.849s][info][gc,start    ] GC(1227) Pause Young (Allocation Failure)
[293.850s][info][gc,heap     ] GC(1227) PSYoungGen: 154912K(155136K)->704K(150016K) Eden: 154112K(154112K)->0K(148992K) From: 800K(1024K)->704K(1024K)
[293.850s][info][gc,heap     ] GC(1227) ParOldGen: 336741K(336896K)->336773K(336896K)
[293.850s][info][gc,metaspace] GC(1227) Metaspace: 6110K(6208K)->6110K(6208K) NonClass: 5629K(5696K)->5629K(5696K) Class: 481K(512K)->481K(512K)
[293.850s][info][gc          ] GC(1227) Pause Young (Allocation Failure) 480M->329M(475M) 1.611ms
[293.850s][info][gc,cpu      ] GC(1227) User=0.00s Sys=0.00s Real=0.01s
[294.134s][info][gc,start    ] GC(1228) Pause Young (Allocation Failure)
[294.136s][info][gc,heap     ] GC(1228) PSYoungGen: 149696K(150016K)->704K(144896K) Eden: 148992K(148992K)->0K(143872K) From: 704K(1024K)->704K(1024K)
[294.136s][info][gc,heap     ] GC(1228) ParOldGen: 336773K(336896K)->336773K(336896K)
[294.136s][info][gc,metaspace] GC(1228) Metaspace: 6110K(6208K)->6110K(6208K) NonClass: 5629K(5696K)->5629K(5696K) Class: 481K(512K)->481K(512K)
[294.136s][info][gc          ] GC(1228) Pause Young (Allocation Failure) 475M->329M(470M) 1.484ms
[294.136s][info][gc,cpu      ] GC(1228) User=0.00s Sys=0.00s Real=0.00s
[294.410s][info][gc,start    ] GC(1229) Pause Young (Allocation Failure)
[294.411s][info][gc,heap     ] GC(1229) PSYoungGen: 144576K(144896K)->512K(139776K) Eden: 143872K(143872K)->0K(139264K) From: 704K(1024K)->512K(512K)
[294.411s][info][gc,heap     ] GC(1229) ParOldGen: 336773K(336896K)->336965K(337408K)
[294.411s][info][gc,metaspace] GC(1229) Metaspace: 6110K(6208K)->6110K(6208K) NonClass: 5629K(5696K)->5629K(5696K) Class: 481K(512K)->481K(512K)
[294.411s][info][gc          ] GC(1229) Pause Young (Allocation Failure) 470M->329M(466M) 1.719ms
[294.411s][info][gc,cpu      ] GC(1229) User=0.00s Sys=0.00s Real=0.01s
[294.693s][info][gc,start    ] GC(1230) Pause Young (Allocation Failure)
[294.694s][info][gc,heap     ] GC(1230) PSYoungGen: 139776K(139776K)->818K(135680K) Eden: 139264K(139264K)->0K(134656K) From: 512K(512K)->818K(1024K)
[294.694s][info][gc,heap     ] GC(1230) ParOldGen: 336965K(337408K)->336965K(337408K)
[294.694s][info][gc,metaspace] GC(1230) Metaspace: 6110K(6208K)->6110K(6208K) NonClass: 5629K(5696K)->5629K(5696K) Class: 481K(512K)->481K(512K)
[294.694s][info][gc          ] GC(1230) Pause Young (Allocation Failure) 465M->329M(462M) 1.731ms
[294.694s][info][gc,cpu      ] GC(1230) User=0.00s Sys=0.00s Real=0.00s
[294.906s][info][gc,start    ] GC(1231) Pause Young (Allocation Failure)
[294.908s][info][gc,heap     ] GC(1231) PSYoungGen: 135474K(135680K)->704K(131584K) Eden: 134656K(134656K)->0K(130560K) From: 818K(1024K)->704K(1024K)
[294.908s][info][gc,heap     ] GC(1231) ParOldGen: 336965K(337408K)->336997K(337408K)
[294.908s][info][gc,metaspace] GC(1231) Metaspace: 6110K(6208K)->6110K(6208K) NonClass: 5629K(5696K)->5629K(5696K) Class: 481K(512K)->481K(512K)
[294.908s][info][gc          ] GC(1231) Pause Young (Allocation Failure) 461M->329M(458M) 1.566ms
[294.908s][info][gc,cpu      ] GC(1231) User=0.00s Sys=0.00s Real=0.00s
[295.096s][info][gc,start    ] GC(1232) Pause Young (Allocation Failure)
[295.097s][info][gc,heap     ] GC(1232) PSYoungGen: 131264K(131584K)->608K(127488K) Eden: 130560K(130560K)->0K(126464K) From: 704K(1024K)->608K(1024K)
[295.097s][info][gc,heap     ] GC(1232) ParOldGen: 336997K(337408K)->336997K(337408K)
[295.097s][info][gc,metaspace] GC(1232) Metaspace: 6110K(6208K)->6110K(6208K) NonClass: 5629K(5696K)->5629K(5696K) Class: 481K(512K)->481K(512K)
[295.097s][info][gc          ] GC(1232) Pause Young (Allocation Failure) 457M->329M(454M) 1.237ms
[295.097s][info][gc,cpu      ] GC(1232) User=0.00s Sys=0.00s Real=0.00s
[295.309s][info][gc,start    ] GC(1233) Pause Young (Allocation Failure)
[295.311s][info][gc,heap     ] GC(1233) PSYoungGen: 127072K(127488K)->512K(122880K) Eden: 126464K(126464K)->0K(122368K) From: 608K(1024K)->512K(512K)
[295.311s][info][gc,heap     ] GC(1233) ParOldGen: 336997K(337408K)->337237K(337408K)
[295.311s][info][gc,metaspace] GC(1233) Metaspace: 6110K(6208K)->6110K(6208K) NonClass: 5629K(5696K)->5629K(5696K) Class: 481K(512K)->481K(512K)
[295.311s][info][gc          ] GC(1233) Pause Young (Allocation Failure) 453M->329M(449M) 1.659ms
[295.311s][info][gc,cpu      ] GC(1233) User=0.00s Sys=0.00s Real=0.01s
[295.511s][info][gc,start    ] GC(1234) Pause Young (Allocation Failure)
[295.512s][info][gc,heap     ] GC(1234) PSYoungGen: 122880K(122880K)->704K(119808K) Eden: 122368K(122368K)->0K(118784K) From: 512K(512K)->704K(1024K)
[295.512s][info][gc,heap     ] GC(1234) ParOldGen: 337237K(337408K)->337237K(337408K)
[295.512s][info][gc,metaspace] GC(1234) Metaspace: 6110K(6208K)->6110K(6208K) NonClass: 5629K(5696K)->5629K(5696K) Class: 481K(512K)->481K(512K)
[295.512s][info][gc          ] GC(1234) Pause Young (Allocation Failure) 449M->330M(446M) 1.470ms
[295.512s][info][gc,cpu      ] GC(1234) User=0.00s Sys=0.00s Real=0.00s
[295.652s][info][gc,start    ] GC(1235) Pause Young (Allocation Failure)
[295.654s][info][gc,heap     ] GC(1235) PSYoungGen: 119488K(119808K)->704K(116224K) Eden: 118784K(118784K)->0K(115200K) From: 704K(1024K)->704K(1024K)
[295.654s][info][gc,heap     ] GC(1235) ParOldGen: 337237K(337408K)->337261K(337408K)
[295.654s][info][gc,metaspace] GC(1235) Metaspace: 6110K(6208K)->6110K(6208K) NonClass: 5629K(5696K)->5629K(5696K) Class: 481K(512K)->481K(512K)
[295.654s][info][gc          ] GC(1235) Pause Young (Allocation Failure) 446M->330M(443M) 1.537ms
[295.654s][info][gc,cpu      ] GC(1235) User=0.00s Sys=0.00s Real=0.00s
[295.844s][info][gc,start    ] GC(1236) Pause Young (Allocation Failure)
[295.846s][info][gc,heap     ] GC(1236) PSYoungGen: 115904K(116224K)->704K(112640K) Eden: 115200K(115200K)->0K(111616K) From: 704K(1024K)->704K(1024K)
[295.846s][info][gc,heap     ] GC(1236) ParOldGen: 337261K(337408K)->337261K(337408K)
[295.846s][info][gc,metaspace] GC(1236) Metaspace: 6110K(6208K)->6110K(6208K) NonClass: 5629K(5696K)->5629K(5696K) Class: 481K(512K)->481K(512K)
[295.846s][info][gc          ] GC(1236) Pause Young (Allocation Failure) 442M->330M(439M) 1.563ms
[295.846s][info][gc,cpu      ] GC(1236) User=0.01s Sys=0.00s Real=0.00s
[296.034s][info][gc,start    ] GC(1237) Pause Young (Allocation Failure)
[296.035s][info][gc,heap     ] GC(1237) PSYoungGen: 112320K(112640K)->512K(109056K) Eden: 111616K(111616K)->0K(108544K) From: 704K(1024K)->512K(512K)
[296.035s][info][gc,heap     ] GC(1237) ParOldGen: 337261K(337408K)->337397K(337408K)
[296.036s][info][gc,metaspace] GC(1237) Metaspace: 6110K(6208K)->6110K(6208K) NonClass: 5629K(5696K)->5629K(5696K) Class: 481K(512K)->481K(512K)
[296.036s][info][gc          ] GC(1237) Pause Young (Allocation Failure) 439M->329M(436M) 1.457ms
[296.036s][info][gc,cpu      ] GC(1237) User=0.00s Sys=0.01s Real=0.00s
[296.217s][info][gc,start    ] GC(1238) Pause Young (Allocation Failure)
[296.218s][info][gc,heap     ] GC(1238) PSYoungGen: 109056K(109056K)->658K(106496K) Eden: 108544K(108544K)->0K(105472K) From: 512K(512K)->658K(1024K)
[296.218s][info][gc,heap     ] GC(1238) ParOldGen: 337397K(337408K)->337397K(337408K)
[296.218s][info][gc,metaspace] GC(1238) Metaspace: 6110K(6208K)->6110K(6208K) NonClass: 5629K(5696K)->5629K(5696K) Class: 481K(512K)->481K(512K)
[296.218s][info][gc          ] GC(1238) Pause Young (Allocation Failure) 435M->330M(433M) 1.495ms
[296.218s][info][gc,cpu      ] GC(1238) User=0.00s Sys=0.00s Real=0.00s
[296.390s][info][gc,start    ] GC(1239) Pause Young (Allocation Failure)
[296.392s][info][gc,heap     ] GC(1239) PSYoungGen: 106130K(106496K)->128K(102912K) Eden: 105472K(105472K)->0K(102400K) From: 658K(1024K)->128K(512K)
[296.392s][info][gc,heap     ] GC(1239) ParOldGen: 337397K(337408K)->338055K(338432K)
[296.392s][info][gc,metaspace] GC(1239) Metaspace: 6110K(6208K)->6110K(6208K) NonClass: 5629K(5696K)->5629K(5696K) Class: 481K(512K)->481K(512K)
[296.393s][info][gc          ] GC(1239) Pause Young (Allocation Failure) 433M->330M(431M) 2.255ms
[296.393s][info][gc,cpu      ] GC(1239) User=0.00s Sys=0.00s Real=0.01s
[296.559s][info][gc,start    ] GC(1240) Pause Young (Allocation Failure)
[296.561s][info][gc,heap     ] GC(1240) PSYoungGen: 102528K(102912K)->754K(100352K) Eden: 102400K(102400K)->0K(99328K) From: 128K(512K)->754K(1024K)
[296.561s][info][gc,heap     ] GC(1240) ParOldGen: 338055K(338432K)->338167K(338432K)
[296.561s][info][gc,metaspace] GC(1240) Metaspace: 6110K(6208K)->6110K(6208K) NonClass: 5629K(5696K)->5629K(5696K) Class: 481K(512K)->481K(512K)
[296.561s][info][gc          ] GC(1240) Pause Young (Allocation Failure) 430M->330M(428M) 1.785ms
[296.561s][info][gc,cpu      ] GC(1240) User=0.01s Sys=0.00s Real=0.01s
[296.743s][info][gc,start    ] GC(1241) Pause Young (Allocation Failure)
[296.745s][info][gc,heap     ] GC(1241) PSYoungGen: 100082K(100352K)->480K(97280K) Eden: 99328K(99328K)->0K(96768K) From: 754K(1024K)->480K(512K)
[296.745s][info][gc,heap     ] GC(1241) ParOldGen: 338167K(338432K)->338605K(338944K)
[296.745s][info][gc,metaspace] GC(1241) Metaspace: 6110K(6208K)->6110K(6208K) NonClass: 5629K(5696K)->5629K(5696K) Class: 481K(512K)->481K(512K)
[296.745s][info][gc          ] GC(1241) Pause Young (Allocation Failure) 427M->331M(426M) 1.970ms
[296.745s][info][gc,cpu      ] GC(1241) User=0.00s Sys=0.00s Real=0.00s
[296.920s][info][gc,start    ] GC(1242) Pause Young (Allocation Failure)
[296.922s][info][gc,heap     ] GC(1242) PSYoungGen: 97248K(97280K)->722K(95232K) Eden: 96768K(96768K)->0K(94208K) From: 480K(512K)->722K(1024K)
[296.922s][info][gc,heap     ] GC(1242) ParOldGen: 338605K(338944K)->338661K(338944K)
[296.922s][info][gc,metaspace] GC(1242) Metaspace: 6110K(6208K)->6110K(6208K) NonClass: 5629K(5696K)->5629K(5696K) Class: 481K(512K)->481K(512K)
[296.922s][info][gc          ] GC(1242) Pause Young (Allocation Failure) 425M->331M(424M) 1.530ms
[296.922s][info][gc,cpu      ] GC(1242) User=0.00s Sys=0.00s Real=0.00s
[297.084s][info][gc,start    ] GC(1243) Pause Young (Allocation Failure)
[297.086s][info][gc,heap     ] GC(1243) PSYoungGen: 94930K(95232K)->128K(92160K) Eden: 94208K(94208K)->0K(91648K) From: 722K(1024K)->128K(512K)
[297.086s][info][gc,heap     ] GC(1243) ParOldGen: 338661K(338944K)->339350K(339456K)
[297.086s][info][gc,metaspace] GC(1243) Metaspace: 6110K(6208K)->6110K(6208K) NonClass: 5629K(5696K)->5629K(5696K) Class: 481K(512K)->481K(512K)
[297.086s][info][gc          ] GC(1243) Pause Young (Allocation Failure) 423M->331M(421M) 2.088ms
[297.086s][info][gc,cpu      ] GC(1243) User=0.00s Sys=0.00s Real=0.00s
[297.245s][info][gc,start    ] GC(1244) Pause Young (Allocation Failure)
[297.246s][info][gc,heap     ] GC(1244) PSYoungGen: 91776K(92160K)->448K(90112K) Eden: 91648K(91648K)->0K(89088K) From: 128K(512K)->448K(1024K)
[297.246s][info][gc,heap     ] GC(1244) ParOldGen: 339350K(339456K)->339454K(339456K)
[297.246s][info][gc,metaspace] GC(1244) Metaspace: 6110K(6208K)->6110K(6208K) NonClass: 5629K(5696K)->5629K(5696K) Class: 481K(512K)->481K(512K)
[297.246s][info][gc          ] GC(1244) Pause Young (Allocation Failure) 421M->331M(419M) 1.561ms
[297.246s][info][gc,cpu      ] GC(1244) User=0.00s Sys=0.00s Real=0.00s
[297.404s][info][gc,start    ] GC(1245) Pause Young (Allocation Failure)
[297.406s][info][gc,heap     ] GC(1245) PSYoungGen: 89536K(90112K)->658K(87552K) Eden: 89088K(89088K)->0K(86528K) From: 448K(1024K)->658K(1024K)
[297.406s][info][gc,heap     ] GC(1245) ParOldGen: 339454K(339456K)->339558K(339968K)
[297.406s][info][gc,metaspace] GC(1245) Metaspace: 6110K(6208K)->6110K(6208K) NonClass: 5629K(5696K)->5629K(5696K) Class: 481K(512K)->481K(512K)
[297.406s][info][gc          ] GC(1245) Pause Young (Allocation Failure) 418M->332M(417M) 1.515ms
[297.406s][info][gc,cpu      ] GC(1245) User=0.00s Sys=0.00s Real=0.00s
[297.542s][info][gc,start    ] GC(1246) Pause Young (Allocation Failure)
[297.544s][info][gc,heap     ] GC(1246) PSYoungGen: 87186K(87552K)->128K(104448K) Eden: 86528K(86528K)->0K(103936K) From: 658K(1024K)->128K(512K)
[297.544s][info][gc,heap     ] GC(1246) ParOldGen: 339558K(339968K)->340200K(340480K)
[297.544s][info][gc,metaspace] GC(1246) Metaspace: 6110K(6208K)->6110K(6208K) NonClass: 5629K(5696K)->5629K(5696K) Class: 481K(512K)->481K(512K)
[297.544s][info][gc          ] GC(1246) Pause Young (Allocation Failure) 416M->332M(434M) 1.999ms
[297.544s][info][gc,cpu      ] GC(1246) User=0.01s Sys=0.00s Real=0.00s
[297.705s][info][gc,start    ] GC(1247) Pause Young (Allocation Failure)
[297.707s][info][gc,heap     ] GC(1247) PSYoungGen: 104064K(104448K)->722K(125952K) Eden: 103936K(103936K)->0K(124928K) From: 128K(512K)->722K(1024K)
[297.707s][info][gc,heap     ] GC(1247) ParOldGen: 340200K(340480K)->340320K(340480K)
[297.707s][info][gc,metaspace] GC(1247) Metaspace: 6110K(6208K)->6110K(6208K) NonClass: 5629K(5696K)->5629K(5696K) Class: 481K(512K)->481K(512K)
[297.707s][info][gc          ] GC(1247) Pause Young (Allocation Failure) 433M->333M(455M) 1.673ms
[297.707s][info][gc,cpu      ] GC(1247) User=0.00s Sys=0.00s Real=0.00s
[297.890s][info][gc,start    ] GC(1248) Pause Young (Allocation Failure)
[297.892s][info][gc,heap     ] GC(1248) PSYoungGen: 125650K(125952K)->480K(150528K) Eden: 124928K(124928K)->0K(150016K) From: 722K(1024K)->480K(512K)
[297.892s][info][gc,heap     ] GC(1248) ParOldGen: 340320K(340480K)->340754K(340992K)
[297.892s][info][gc,metaspace] GC(1248) Metaspace: 6110K(6208K)->6110K(6208K) NonClass: 5629K(5696K)->5629K(5696K) Class: 481K(512K)->481K(512K)
[297.892s][info][gc          ] GC(1248) Pause Young (Allocation Failure) 455M->333M(480M) 2.173ms
[297.892s][info][gc,cpu      ] GC(1248) User=0.00s Sys=0.00s Real=0.01s
[298.128s][info][gc,start    ] GC(1249) Pause Young (Allocation Failure)
[298.130s][info][gc,heap     ] GC(1249) PSYoungGen: 150496K(150528K)->786K(145920K) Eden: 150016K(150016K)->0K(144896K) From: 480K(512K)->786K(1024K)
[298.130s][info][gc,heap     ] GC(1249) ParOldGen: 340754K(340992K)->340810K(340992K)
[298.130s][info][gc,metaspace] GC(1249) Metaspace: 6110K(6208K)->6110K(6208K) NonClass: 5629K(5696K)->5629K(5696K) Class: 481K(512K)->481K(512K)
[298.130s][info][gc          ] GC(1249) Pause Young (Allocation Failure) 479M->333M(475M) 1.990ms
[298.130s][info][gc,cpu      ] GC(1249) User=0.00s Sys=0.00s Real=0.00s
[298.380s][info][gc,start    ] GC(1250) Pause Young (Allocation Failure)
[298.382s][info][gc,heap     ] GC(1250) PSYoungGen: 145682K(145920K)->768K(141312K) Eden: 144896K(144896K)->0K(140288K) From: 786K(1024K)->768K(1024K)
[298.382s][info][gc,heap     ] GC(1250) ParOldGen: 340810K(340992K)->340882K(340992K)
[298.382s][info][gc,metaspace] GC(1250) Metaspace: 6110K(6208K)->6110K(6208K) NonClass: 5629K(5696K)->5629K(5696K) Class: 481K(512K)->481K(512K)
[298.382s][info][gc          ] GC(1250) Pause Young (Allocation Failure) 475M->333M(471M) 1.815ms
[298.382s][info][gc,cpu      ] GC(1250) User=0.00s Sys=0.00s Real=0.01s
[298.638s][info][gc,start    ] GC(1251) Pause Young (Allocation Failure)
[298.639s][info][gc,heap     ] GC(1251) PSYoungGen: 141056K(141312K)->768K(136704K) Eden: 140288K(140288K)->0K(135680K) From: 768K(1024K)->768K(1024K)
[298.639s][info][gc,heap     ] GC(1251) ParOldGen: 340882K(340992K)->340882K(340992K)
[298.639s][info][gc,metaspace] GC(1251) Metaspace: 6110K(6208K)->6110K(6208K) NonClass: 5629K(5696K)->5629K(5696K) Class: 481K(512K)->481K(512K)
[298.639s][info][gc          ] GC(1251) Pause Young (Allocation Failure) 470M->333M(466M) 1.657ms
[298.639s][info][gc,cpu      ] GC(1251) User=0.00s Sys=0.00s Real=0.00s
[298.884s][info][gc,start    ] GC(1252) Pause Young (Allocation Failure)
[298.887s][info][gc,heap     ] GC(1252) PSYoungGen: 136448K(136704K)->658K(132608K) Eden: 135680K(135680K)->0K(131584K) From: 768K(1024K)->658K(1024K)
[298.887s][info][gc,heap     ] GC(1252) ParOldGen: 340882K(340992K)->340882K(340992K)
[298.887s][info][gc,metaspace] GC(1252) Metaspace: 6110K(6208K)->6110K(6208K) NonClass: 5629K(5696K)->5629K(5696K) Class: 481K(512K)->481K(512K)
[298.887s][info][gc          ] GC(1252) Pause Young (Allocation Failure) 466M->333M(462M) 2.670ms
[298.887s][info][gc,cpu      ] GC(1252) User=0.00s Sys=0.00s Real=0.00s
[299.091s][info][gc,start    ] GC(1253) Pause Young (Allocation Failure)
[299.094s][info][gc,heap     ] GC(1253) PSYoungGen: 132242K(132608K)->658K(159232K) Eden: 131584K(131584K)->0K(158208K) From: 658K(1024K)->658K(1024K)
[299.094s][info][gc,heap     ] GC(1253) ParOldGen: 340882K(340992K)->340882K(340992K)
[299.094s][info][gc,metaspace] GC(1253) Metaspace: 6110K(6208K)->6110K(6208K) NonClass: 5629K(5696K)->5629K(5696K) Class: 481K(512K)->481K(512K)
[299.094s][info][gc          ] GC(1253) Pause Young (Allocation Failure) 462M->333M(488M) 3.285ms
[299.094s][info][gc,cpu      ] GC(1253) User=0.00s Sys=0.00s Real=0.00s
[299.332s][info][gc,start    ] GC(1254) Pause Young (Allocation Failure)
[299.334s][info][gc,heap     ] GC(1254) PSYoungGen: 158866K(159232K)->704K(154112K) Eden: 158208K(158208K)->0K(153088K) From: 658K(1024K)->704K(1024K)
[299.334s][info][gc,heap     ] GC(1254) ParOldGen: 340882K(340992K)->340882K(340992K)
[299.334s][info][gc,metaspace] GC(1254) Metaspace: 6110K(6208K)->6110K(6208K) NonClass: 5629K(5696K)->5629K(5696K) Class: 481K(512K)->481K(512K)
[299.334s][info][gc          ] GC(1254) Pause Young (Allocation Failure) 488M->333M(483M) 1.402ms
[299.334s][info][gc,cpu      ] GC(1254) User=0.01s Sys=0.00s Real=0.00s
[299.603s][info][gc,start    ] GC(1255) Pause Young (Allocation Failure)
[299.604s][info][gc,heap     ] GC(1255) PSYoungGen: 153792K(154112K)->512K(148480K) Eden: 153088K(153088K)->0K(147968K) From: 704K(1024K)->512K(512K)
[299.604s][info][gc,heap     ] GC(1255) ParOldGen: 340882K(340992K)->340962K(340992K)
[299.604s][info][gc,metaspace] GC(1255) Metaspace: 6110K(6208K)->6110K(6208K) NonClass: 5629K(5696K)->5629K(5696K) Class: 481K(512K)->481K(512K)
[299.604s][info][gc          ] GC(1255) Pause Young (Allocation Failure) 483M->333M(478M) 1.223ms
[299.604s][info][gc,cpu      ] GC(1255) User=0.00s Sys=0.00s Real=0.00s
[299.848s][info][gc,start    ] GC(1256) Pause Young (Allocation Failure)
[299.850s][info][gc,heap     ] GC(1256) PSYoungGen: 148480K(148480K)->786K(143872K) Eden: 147968K(147968K)->0K(142848K) From: 512K(512K)->786K(1024K)
[299.850s][info][gc,heap     ] GC(1256) ParOldGen: 340962K(340992K)->340962K(340992K)
[299.850s][info][gc,metaspace] GC(1256) Metaspace: 6110K(6208K)->6110K(6208K) NonClass: 5629K(5696K)->5629K(5696K) Class: 481K(512K)->481K(512K)
[299.850s][info][gc          ] GC(1256) Pause Young (Allocation Failure) 477M->333M(473M) 1.879ms
[299.850s][info][gc,cpu      ] GC(1256) User=0.01s Sys=0.00s Real=0.00s
[300.108s][info][gc,start    ] GC(1257) Pause Young (Allocation Failure)
[300.111s][info][gc,heap     ] GC(1257) PSYoungGen: 143634K(143872K)->736K(139264K) Eden: 142848K(142848K)->0K(138240K) From: 786K(1024K)->736K(1024K)
[300.111s][info][gc,heap     ] GC(1257) ParOldGen: 340962K(340992K)->341002K(341504K)
[300.111s][info][gc,metaspace] GC(1257) Metaspace: 6110K(6208K)->6110K(6208K) NonClass: 5629K(5696K)->5629K(5696K) Class: 481K(512K)->481K(512K)
[300.111s][info][gc          ] GC(1257) Pause Young (Allocation Failure) 473M->333M(469M) 3.677ms
[300.111s][info][gc,cpu      ] GC(1257) User=0.00s Sys=0.00s Real=0.01s
[300.454s][info][gc,start    ] GC(1258) Pause Young (Allocation Failure)
[300.457s][info][gc,heap     ] GC(1258) PSYoungGen: 138976K(139264K)->754K(134656K) Eden: 138240K(138240K)->0K(133632K) From: 736K(1024K)->754K(1024K)
[300.457s][info][gc,heap     ] GC(1258) ParOldGen: 341002K(341504K)->341002K(341504K)
[300.457s][info][gc,metaspace] GC(1258) Metaspace: 6110K(6208K)->6110K(6208K) NonClass: 5629K(5696K)->5629K(5696K) Class: 481K(512K)->481K(512K)
[300.457s][info][gc          ] GC(1258) Pause Young (Allocation Failure) 468M->333M(465M) 3.230ms
[300.457s][info][gc,cpu      ] GC(1258) User=0.00s Sys=0.00s Real=0.00s
[300.850s][info][gc,start    ] GC(1259) Pause Young (Allocation Failure)
[300.854s][info][gc,heap     ] GC(1259) PSYoungGen: 134386K(134656K)->498K(130048K) Eden: 133632K(133632K)->0K(129536K) From: 754K(1024K)->498K(512K)
[300.854s][info][gc,heap     ] GC(1259) ParOldGen: 341002K(341504K)->341258K(341504K)
[300.854s][info][gc,metaspace] GC(1259) Metaspace: 6110K(6208K)->6110K(6208K) NonClass: 5629K(5696K)->5629K(5696K) Class: 481K(512K)->481K(512K)
[300.854s][info][gc          ] GC(1259) Pause Young (Allocation Failure) 464M->333M(460M) 4.044ms
[300.854s][info][gc,cpu      ] GC(1259) User=0.00s Sys=0.00s Real=0.01s
[301.313s][info][gc,start    ] GC(1260) Pause Young (Allocation Failure)
[301.316s][info][gc,heap     ] GC(1260) PSYoungGen: 130034K(130048K)->722K(126464K) Eden: 129536K(129536K)->0K(125440K) From: 498K(512K)->722K(1024K)
[301.316s][info][gc,heap     ] GC(1260) ParOldGen: 341258K(341504K)->341258K(341504K)
[301.316s][info][gc,metaspace] GC(1260) Metaspace: 6110K(6208K)->6110K(6208K) NonClass: 5629K(5696K)->5629K(5696K) Class: 481K(512K)->481K(512K)
[301.316s][info][gc          ] GC(1260) Pause Young (Allocation Failure) 460M->333M(457M) 3.295ms
[301.316s][info][gc,cpu      ] GC(1260) User=0.00s Sys=0.00s Real=0.00s
[301.730s][info][gc,start    ] GC(1261) Pause Young (Allocation Failure)
[301.734s][info][gc,heap     ] GC(1261) PSYoungGen: 126162K(126464K)->690K(122368K) Eden: 125440K(125440K)->0K(121344K) From: 722K(1024K)->690K(1024K)
[301.734s][info][gc,heap     ] GC(1261) ParOldGen: 341258K(341504K)->341274K(341504K)
[301.734s][info][gc,metaspace] GC(1261) Metaspace: 6110K(6208K)->6110K(6208K) NonClass: 5629K(5696K)->5629K(5696K) Class: 481K(512K)->481K(512K)
[301.734s][info][gc          ] GC(1261) Pause Young (Allocation Failure) 456M->333M(453M) 3.162ms
[301.734s][info][gc,cpu      ] GC(1261) User=0.00s Sys=0.00s Real=0.00s
[302.152s][info][gc,start    ] GC(1262) Pause Young (Allocation Failure)
[302.154s][info][gc,heap     ] GC(1262) PSYoungGen: 122034K(122368K)->690K(118784K) Eden: 121344K(121344K)->0K(117760K) From: 690K(1024K)->690K(1024K)
[302.154s][info][gc,heap     ] GC(1262) ParOldGen: 341274K(341504K)->341274K(341504K)
[302.154s][info][gc,metaspace] GC(1262) Metaspace: 6110K(6208K)->6110K(6208K) NonClass: 5629K(5696K)->5629K(5696K) Class: 481K(512K)->481K(512K)
[302.154s][info][gc          ] GC(1262) Pause Young (Allocation Failure) 452M->333M(449M) 2.652ms
[302.154s][info][gc,cpu      ] GC(1262) User=0.00s Sys=0.00s Real=0.00s
[302.522s][info][gc,start    ] GC(1263) Pause Young (Allocation Failure)
[302.525s][info][gc,heap     ] GC(1263) PSYoungGen: 118450K(118784K)->498K(114688K) Eden: 117760K(117760K)->0K(114176K) From: 690K(1024K)->498K(512K)
[302.525s][info][gc,heap     ] GC(1263) ParOldGen: 341274K(341504K)->341410K(341504K)
[302.525s][info][gc,metaspace] GC(1263) Metaspace: 6110K(6208K)->6110K(6208K) NonClass: 5629K(5696K)->5629K(5696K) Class: 481K(512K)->481K(512K)
[302.525s][info][gc          ] GC(1263) Pause Young (Allocation Failure) 448M->333M(445M) 3.019ms
[302.525s][info][gc,cpu      ] GC(1263) User=0.00s Sys=0.00s Real=0.00s
[302.840s][info][gc,start    ] GC(1264) Pause Young (Allocation Failure)
[302.843s][info][gc,heap     ] GC(1264) PSYoungGen: 114674K(114688K)->786K(111616K) Eden: 114176K(114176K)->0K(110592K) From: 498K(512K)->786K(1024K)
[302.843s][info][gc,heap     ] GC(1264) ParOldGen: 341410K(341504K)->341410K(341504K)
[302.843s][info][gc,metaspace] GC(1264) Metaspace: 6110K(6208K)->6110K(6208K) NonClass: 5629K(5696K)->5629K(5696K) Class: 481K(512K)->481K(512K)
[302.843s][info][gc          ] GC(1264) Pause Young (Allocation Failure) 445M->334M(442M) 3.052ms
[302.843s][info][gc,cpu      ] GC(1264) User=0.00s Sys=0.00s Real=0.01s
[303.171s][info][gc,start    ] GC(1265) Pause Young (Allocation Failure)
[303.175s][info][gc,heap     ] GC(1265) PSYoungGen: 111378K(111616K)->800K(108544K) Eden: 110592K(110592K)->0K(107520K) From: 786K(1024K)->800K(1024K)
[303.175s][info][gc,heap     ] GC(1265) ParOldGen: 341410K(341504K)->341474K(341504K)
[303.175s][info][gc,metaspace] GC(1265) Metaspace: 6110K(6208K)->6110K(6208K) NonClass: 5629K(5696K)->5629K(5696K) Class: 481K(512K)->481K(512K)
[303.175s][info][gc          ] GC(1265) Pause Young (Allocation Failure) 442M->334M(439M) 3.653ms
[303.175s][info][gc,cpu      ] GC(1265) User=0.00s Sys=0.00s Real=0.00s
[303.555s][info][gc,start    ] GC(1266) Pause Young (Allocation Failure)
[303.556s][info][gc,heap     ] GC(1266) PSYoungGen: 108320K(108544K)->736K(105472K) Eden: 107520K(107520K)->0K(104448K) From: 800K(1024K)->736K(1024K)
[303.556s][info][gc,heap     ] GC(1266) ParOldGen: 341474K(341504K)->341474K(341504K)
[303.556s][info][gc,metaspace] GC(1266) Metaspace: 6110K(6208K)->6110K(6208K) NonClass: 5629K(5696K)->5629K(5696K) Class: 481K(512K)->481K(512K)
[303.556s][info][gc          ] GC(1266) Pause Young (Allocation Failure) 439M->334M(436M) 1.544ms
[303.556s][info][gc,cpu      ] GC(1266) User=0.01s Sys=0.00s Real=0.00s
[303.788s][info][gc,start    ] GC(1267) Pause Young (Allocation Failure)
[303.790s][info][gc,heap     ] GC(1267) PSYoungGen: 105184K(105472K)->512K(101888K) Eden: 104448K(104448K)->0K(101376K) From: 736K(1024K)->512K(512K)
[303.790s][info][gc,heap     ] GC(1267) ParOldGen: 341474K(341504K)->341714K(342016K)
[303.790s][info][gc,metaspace] GC(1267) Metaspace: 6110K(6208K)->6110K(6208K) NonClass: 5629K(5696K)->5629K(5696K) Class: 481K(512K)->481K(512K)
[303.790s][info][gc          ] GC(1267) Pause Young (Allocation Failure) 436M->334M(433M) 1.874ms
[303.790s][info][gc,cpu      ] GC(1267) User=0.00s Sys=0.00s Real=0.00s
[303.968s][info][gc,start    ] GC(1268) Pause Young (Allocation Failure)
[303.970s][info][gc,heap     ] GC(1268) PSYoungGen: 101888K(101888K)->736K(99328K) Eden: 101376K(101376K)->0K(98304K) From: 512K(512K)->736K(1024K)
[303.970s][info][gc,heap     ] GC(1268) ParOldGen: 341714K(342016K)->341722K(342016K)
[303.970s][info][gc,metaspace] GC(1268) Metaspace: 6110K(6208K)->6110K(6208K) NonClass: 5629K(5696K)->5629K(5696K) Class: 481K(512K)->481K(512K)
[303.970s][info][gc          ] GC(1268) Pause Young (Allocation Failure) 433M->334M(431M) 1.908ms
[303.970s][info][gc,cpu      ] GC(1268) User=0.00s Sys=0.00s Real=0.00s
[304.133s][info][gc,start    ] GC(1269) Pause Young (Allocation Failure)
[304.134s][info][gc,heap     ] GC(1269) PSYoungGen: 99040K(99328K)->672K(96768K) Eden: 98304K(98304K)->0K(95744K) From: 736K(1024K)->672K(1024K)
[304.134s][info][gc,heap     ] GC(1269) ParOldGen: 341722K(342016K)->341746K(342016K)
[304.134s][info][gc,metaspace] GC(1269) Metaspace: 6110K(6208K)->6110K(6208K) NonClass: 5629K(5696K)->5629K(5696K) Class: 481K(512K)->481K(512K)
[304.134s][info][gc          ] GC(1269) Pause Young (Allocation Failure) 430M->334M(428M) 1.420ms
[304.134s][info][gc,cpu      ] GC(1269) User=0.00s Sys=0.00s Real=0.00s
[304.293s][info][gc,start    ] GC(1270) Pause Young (Allocation Failure)
[304.295s][info][gc,heap     ] GC(1270) PSYoungGen: 96416K(96768K)->704K(94208K) Eden: 95744K(95744K)->0K(93184K) From: 672K(1024K)->704K(1024K)
[304.295s][info][gc,heap     ] GC(1270) ParOldGen: 341746K(342016K)->341746K(342016K)
[304.295s][info][gc,metaspace] GC(1270) Metaspace: 6110K(6208K)->6110K(6208K) NonClass: 5629K(5696K)->5629K(5696K) Class: 481K(512K)->481K(512K)
[304.295s][info][gc          ] GC(1270) Pause Young (Allocation Failure) 427M->334M(426M) 1.410ms
[304.295s][info][gc,cpu      ] GC(1270) User=0.00s Sys=0.00s Real=0.00s
[304.461s][info][gc,start    ] GC(1271) Pause Young (Allocation Failure)
[304.463s][info][gc,heap     ] GC(1271) PSYoungGen: 93888K(94208K)->512K(91136K) Eden: 93184K(93184K)->0K(90624K) From: 704K(1024K)->512K(512K)
[304.463s][info][gc,heap     ] GC(1271) ParOldGen: 341746K(342016K)->341986K(342016K)
[304.463s][info][gc,metaspace] GC(1271) Metaspace: 6110K(6208K)->6110K(6208K) NonClass: 5629K(5696K)->5629K(5696K) Class: 481K(512K)->481K(512K)
[304.463s][info][gc          ] GC(1271) Pause Young (Allocation Failure) 425M->334M(423M) 1.576ms
[304.463s][info][gc,cpu      ] GC(1271) User=0.00s Sys=0.00s Real=0.00s
[304.634s][info][gc,start    ] GC(1272) Pause Young (Allocation Failure)
[304.635s][info][gc,heap     ] GC(1272) PSYoungGen: 91136K(91136K)->800K(89088K) Eden: 90624K(90624K)->0K(88064K) From: 512K(512K)->800K(1024K)
[304.635s][info][gc,heap     ] GC(1272) ParOldGen: 341986K(342016K)->341986K(342016K)
[304.635s][info][gc,metaspace] GC(1272) Metaspace: 6110K(6208K)->6110K(6208K) NonClass: 5629K(5696K)->5629K(5696K) Class: 481K(512K)->481K(512K)
[304.635s][info][gc          ] GC(1272) Pause Young (Allocation Failure) 422M->334M(421M) 1.486ms
[304.635s][info][gc,cpu      ] GC(1272) User=0.00s Sys=0.00s Real=0.00s
[304.792s][info][gc,start    ] GC(1273) Pause Young (Allocation Failure)
[304.794s][info][gc,heap     ] GC(1273) PSYoungGen: 88864K(89088K)->704K(87040K) Eden: 88064K(88064K)->0K(86016K) From: 800K(1024K)->704K(1024K)
[304.794s][info][gc,heap     ] GC(1273) ParOldGen: 341986K(342016K)->342010K(342016K)
[304.794s][info][gc,metaspace] GC(1273) Metaspace: 6110K(6208K)->6110K(6208K) NonClass: 5629K(5696K)->5629K(5696K) Class: 481K(512K)->481K(512K)
[304.794s][info][gc          ] GC(1273) Pause Young (Allocation Failure) 420M->334M(419M) 1.355ms
[304.794s][info][gc,cpu      ] GC(1273) User=0.00s Sys=0.00s Real=0.00s
[304.940s][info][gc,start    ] GC(1274) Pause Young (Allocation Failure)
[304.942s][info][gc,heap     ] GC(1274) PSYoungGen: 86720K(87040K)->736K(315392K) Eden: 86016K(86016K)->0K(314368K) From: 704K(1024K)->736K(1024K)
[304.942s][info][gc,heap     ] GC(1274) ParOldGen: 342010K(342016K)->342010K(342016K)
[304.942s][info][gc,metaspace] GC(1274) Metaspace: 6110K(6208K)->6110K(6208K) NonClass: 5629K(5696K)->5629K(5696K) Class: 481K(512K)->481K(512K)
[304.942s][info][gc          ] GC(1274) Pause Young (Allocation Failure) 418M->334M(642M) 1.430ms
[304.942s][info][gc,cpu      ] GC(1274) User=0.00s Sys=0.00s Real=0.01s
[305.536s][info][gc,start    ] GC(1275) Pause Young (Allocation Failure)
[305.538s][info][gc,heap     ] GC(1275) PSYoungGen: 315104K(315392K)->512K(302080K) Eden: 314368K(314368K)->0K(301568K) From: 736K(1024K)->512K(512K)
[305.538s][info][gc,heap     ] GC(1275) ParOldGen: 342010K(342016K)->342074K(342528K)
[305.538s][info][gc,metaspace] GC(1275) Metaspace: 6110K(6208K)->6110K(6208K) NonClass: 5629K(5696K)->5629K(5696K) Class: 481K(512K)->481K(512K)
[305.538s][info][gc          ] GC(1275) Pause Young (Allocation Failure) 641M->334M(629M) 1.401ms
[305.538s][info][gc,cpu      ] GC(1275) User=0.00s Sys=0.01s Real=0.00s
[306.057s][info][gc,start    ] GC(1276) Pause Young (Allocation Failure)
[306.058s][info][gc,heap     ] GC(1276) PSYoungGen: 302080K(302080K)->832K(290304K) Eden: 301568K(301568K)->0K(289280K) From: 512K(512K)->832K(1024K)
[306.059s][info][gc,heap     ] GC(1276) ParOldGen: 342074K(342528K)->342074K(342528K)
[306.059s][info][gc,metaspace] GC(1276) Metaspace: 6110K(6208K)->6110K(6208K) NonClass: 5629K(5696K)->5629K(5696K) Class: 481K(512K)->481K(512K)
[306.059s][info][gc          ] GC(1276) Pause Young (Allocation Failure) 629M->334M(618M) 1.670ms
[306.059s][info][gc,cpu      ] GC(1276) User=0.00s Sys=0.00s Real=0.00s
[306.599s][info][gc,start    ] GC(1277) Pause Young (Allocation Failure)
[306.601s][info][gc,heap     ] GC(1277) PSYoungGen: 290112K(290304K)->672K(278528K) Eden: 289280K(289280K)->0K(277504K) From: 832K(1024K)->672K(1024K)
[306.601s][info][gc,heap     ] GC(1277) ParOldGen: 342074K(342528K)->342090K(342528K)
[306.601s][info][gc,metaspace] GC(1277) Metaspace: 6110K(6208K)->6110K(6208K) NonClass: 5629K(5696K)->5629K(5696K) Class: 481K(512K)->481K(512K)
[306.601s][info][gc          ] GC(1277) Pause Young (Allocation Failure) 617M->334M(606M) 1.379ms
[306.601s][info][gc,cpu      ] GC(1277) User=0.01s Sys=0.00s Real=0.01s
[307.124s][info][gc,start    ] GC(1278) Pause Young (Allocation Failure)
[307.126s][info][gc,heap     ] GC(1278) PSYoungGen: 278176K(278528K)->704K(267776K) Eden: 277504K(277504K)->0K(266752K) From: 672K(1024K)->704K(1024K)
[307.126s][info][gc,heap     ] GC(1278) ParOldGen: 342090K(342528K)->342090K(342528K)
[307.126s][info][gc,metaspace] GC(1278) Metaspace: 6110K(6208K)->6110K(6208K) NonClass: 5629K(5696K)->5629K(5696K) Class: 481K(512K)->481K(512K)
[307.126s][info][gc          ] GC(1278) Pause Young (Allocation Failure) 605M->334M(596M) 1.476ms
[307.126s][info][gc,cpu      ] GC(1278) User=0.00s Sys=0.00s Real=0.00s
[307.644s][info][gc,start    ] GC(1279) Pause Young (Allocation Failure)
[307.646s][info][gc,heap     ] GC(1279) PSYoungGen: 267456K(267776K)->512K(257024K) Eden: 266752K(266752K)->0K(256512K) From: 704K(1024K)->512K(512K)
[307.646s][info][gc,heap     ] GC(1279) ParOldGen: 342090K(342528K)->342290K(342528K)
[307.646s][info][gc,metaspace] GC(1279) Metaspace: 6110K(6208K)->6110K(6208K) NonClass: 5629K(5696K)->5629K(5696K) Class: 481K(512K)->481K(512K)
[307.646s][info][gc          ] GC(1279) Pause Young (Allocation Failure) 595M->334M(585M) 1.580ms
[307.646s][info][gc,cpu      ] GC(1279) User=0.00s Sys=0.00s Real=0.00s
[308.090s][info][gc,start    ] GC(1280) Pause Young (Allocation Failure)
[308.091s][info][gc,heap     ] GC(1280) PSYoungGen: 257024K(257024K)->672K(247808K) Eden: 256512K(256512K)->0K(246784K) From: 512K(512K)->672K(1024K)
[308.091s][info][gc,heap     ] GC(1280) ParOldGen: 342290K(342528K)->342290K(342528K)
[308.091s][info][gc,metaspace] GC(1280) Metaspace: 6110K(6208K)->6110K(6208K) NonClass: 5629K(5696K)->5629K(5696K) Class: 481K(512K)->481K(512K)
[308.091s][info][gc          ] GC(1280) Pause Young (Allocation Failure) 585M->334M(576M) 1.383ms
[308.091s][info][gc,cpu      ] GC(1280) User=0.00s Sys=0.00s Real=0.01s
[308.800s][info][gc,start    ] GC(1281) Pause Young (Allocation Failure)
[308.803s][info][gc,heap     ] GC(1281) PSYoungGen: 247456K(247808K)->754K(238080K) Eden: 246784K(246784K)->0K(237056K) From: 672K(1024K)->754K(1024K)
[308.803s][info][gc,heap     ] GC(1281) ParOldGen: 342290K(342528K)->342314K(342528K)
[308.803s][info][gc,metaspace] GC(1281) Metaspace: 6110K(6208K)->6110K(6208K) NonClass: 5629K(5696K)->5629K(5696K) Class: 481K(512K)->481K(512K)
[308.803s][info][gc          ] GC(1281) Pause Young (Allocation Failure) 575M->335M(567M) 3.248ms
[308.803s][info][gc,cpu      ] GC(1281) User=0.00s Sys=0.00s Real=0.01s
[309.192s][info][gc,start    ] GC(1282) Pause Young (Allocation Failure)
[309.193s][info][gc,heap     ] GC(1282) PSYoungGen: 237810K(238080K)->608K(228864K) Eden: 237056K(237056K)->0K(227840K) From: 754K(1024K)->608K(1024K)
[309.193s][info][gc,heap     ] GC(1282) ParOldGen: 342314K(342528K)->342314K(342528K)
[309.193s][info][gc,metaspace] GC(1282) Metaspace: 6110K(6208K)->6110K(6208K) NonClass: 5629K(5696K)->5629K(5696K) Class: 481K(512K)->481K(512K)
[309.193s][info][gc          ] GC(1282) Pause Young (Allocation Failure) 566M->334M(558M) 1.651ms
[309.193s][info][gc,cpu      ] GC(1282) User=0.01s Sys=0.00s Real=0.00s
[309.676s][info][gc,start    ] GC(1283) Pause Young (Allocation Failure)
[309.678s][info][gc,heap     ] GC(1283) PSYoungGen: 228448K(228864K)->498K(219648K) Eden: 227840K(227840K)->0K(219136K) From: 608K(1024K)->498K(512K)
[309.678s][info][gc,heap     ] GC(1283) ParOldGen: 342314K(342528K)->342474K(342528K)
[309.678s][info][gc,metaspace] GC(1283) Metaspace: 6110K(6208K)->6110K(6208K) NonClass: 5629K(5696K)->5629K(5696K) Class: 481K(512K)->481K(512K)
[309.678s][info][gc          ] GC(1283) Pause Young (Allocation Failure) 557M->334M(549M) 2.509ms
[309.678s][info][gc,cpu      ] GC(1283) User=0.00s Sys=0.00s Real=0.00s
[310.026s][info][gc,start    ] GC(1284) Pause Young (Allocation Failure)
[310.029s][info][gc,heap     ] GC(1284) PSYoungGen: 219634K(219648K)->741K(211968K) Eden: 219136K(219136K)->0K(210944K) From: 498K(512K)->741K(1024K)
[310.029s][info][gc,heap     ] GC(1284) ParOldGen: 342474K(342528K)->342474K(342528K)
[310.029s][info][gc,metaspace] GC(1284) Metaspace: 6110K(6208K)->6110K(6208K) NonClass: 5629K(5696K)->5629K(5696K) Class: 481K(512K)->481K(512K)
[310.029s][info][gc          ] GC(1284) Pause Young (Allocation Failure) 548M->335M(541M) 2.599ms
[310.029s][info][gc,cpu      ] GC(1284) User=0.00s Sys=0.00s Real=0.00s
[310.395s][info][gc,start    ] GC(1285) Pause Young (Allocation Failure)
[310.397s][info][gc,heap     ] GC(1285) PSYoungGen: 211685K(211968K)->658K(204288K) Eden: 210944K(210944K)->0K(203264K) From: 741K(1024K)->658K(1024K)
[310.397s][info][gc,heap     ] GC(1285) ParOldGen: 342474K(342528K)->342546K(343040K)
[310.397s][info][gc,metaspace] GC(1285) Metaspace: 6110K(6208K)->6110K(6208K) NonClass: 5629K(5696K)->5629K(5696K) Class: 481K(512K)->481K(512K)
[310.397s][info][gc          ] GC(1285) Pause Young (Allocation Failure) 541M->335M(534M) 2.565ms
[310.397s][info][gc,cpu      ] GC(1285) User=0.00s Sys=0.00s Real=0.00s
[310.741s][info][gc,start    ] GC(1286) Pause Young (Allocation Failure)
[310.744s][info][gc,heap     ] GC(1286) PSYoungGen: 203922K(204288K)->626K(196608K) Eden: 203264K(203264K)->0K(195584K) From: 658K(1024K)->626K(1024K)
[310.744s][info][gc,heap     ] GC(1286) ParOldGen: 342546K(343040K)->342546K(343040K)
[310.744s][info][gc,metaspace] GC(1286) Metaspace: 6110K(6208K)->6110K(6208K) NonClass: 5629K(5696K)->5629K(5696K) Class: 481K(512K)->481K(512K)
[310.744s][info][gc          ] GC(1286) Pause Young (Allocation Failure) 533M->335M(527M) 2.495ms
[310.744s][info][gc,cpu      ] GC(1286) User=0.00s Sys=0.01s Real=0.00s
[311.057s][info][gc,start    ] GC(1287) Pause Young (Allocation Failure)
[311.058s][info][gc,heap     ] GC(1287) PSYoungGen: 196210K(196608K)->512K(188928K) Eden: 195584K(195584K)->0K(188416K) From: 626K(1024K)->512K(512K)
[311.059s][info][gc,heap     ] GC(1287) ParOldGen: 342546K(343040K)->342730K(343040K)
[311.059s][info][gc,metaspace] GC(1287) Metaspace: 6110K(6208K)->6110K(6208K) NonClass: 5629K(5696K)->5629K(5696K) Class: 481K(512K)->481K(512K)
[311.059s][info][gc          ] GC(1287) Pause Young (Allocation Failure) 526M->335M(519M) 1.496ms
[311.059s][info][gc,cpu      ] GC(1287) User=0.00s Sys=0.00s Real=0.00s
[311.359s][info][gc,start    ] GC(1288) Pause Young (Allocation Failure)
[311.362s][info][gc,heap     ] GC(1288) PSYoungGen: 188928K(188928K)->736K(182784K) Eden: 188416K(188416K)->0K(181760K) From: 512K(512K)->736K(1024K)
[311.362s][info][gc,heap     ] GC(1288) ParOldGen: 342730K(343040K)->342730K(343040K)
[311.362s][info][gc,metaspace] GC(1288) Metaspace: 6110K(6208K)->6110K(6208K) NonClass: 5629K(5696K)->5629K(5696K) Class: 481K(512K)->481K(512K)
[311.362s][info][gc          ] GC(1288) Pause Young (Allocation Failure) 519M->335M(513M) 2.551ms
[311.362s][info][gc,cpu      ] GC(1288) User=0.01s Sys=0.00s Real=0.01s
[311.630s][info][gc,start    ] GC(1289) Pause Young (Allocation Failure)
[311.631s][info][gc,heap     ] GC(1289) PSYoungGen: 182496K(182784K)->640K(176128K) Eden: 181760K(181760K)->0K(175104K) From: 736K(1024K)->640K(1024K)
[311.631s][info][gc,heap     ] GC(1289) ParOldGen: 342730K(343040K)->342762K(343040K)
[311.631s][info][gc,metaspace] GC(1289) Metaspace: 6110K(6208K)->6110K(6208K) NonClass: 5629K(5696K)->5629K(5696K) Class: 481K(512K)->481K(512K)
[311.631s][info][gc          ] GC(1289) Pause Young (Allocation Failure) 512M->335M(507M) 1.375ms
[311.631s][info][gc,cpu      ] GC(1289) User=0.00s Sys=0.00s Real=0.01s
[311.886s][info][gc,start    ] GC(1290) Pause Young (Allocation Failure)
[311.887s][info][gc,heap     ] GC(1290) PSYoungGen: 175744K(176128K)->672K(169984K) Eden: 175104K(175104K)->0K(168960K) From: 640K(1024K)->672K(1024K)
[311.887s][info][gc,heap     ] GC(1290) ParOldGen: 342762K(343040K)->342762K(343040K)
[311.887s][info][gc,metaspace] GC(1290) Metaspace: 6110K(6208K)->6110K(6208K) NonClass: 5629K(5696K)->5629K(5696K) Class: 481K(512K)->481K(512K)
[311.887s][info][gc          ] GC(1290) Pause Young (Allocation Failure) 506M->335M(501M) 1.461ms
[311.887s][info][gc,cpu      ] GC(1290) User=0.00s Sys=0.00s Real=0.00s
[312.129s][info][gc,start    ] GC(1291) Pause Young (Allocation Failure)
[312.132s][info][gc,heap     ] GC(1291) PSYoungGen: 169632K(169984K)->498K(163840K) Eden: 168960K(168960K)->0K(163328K) From: 672K(1024K)->498K(512K)
[312.132s][info][gc,heap     ] GC(1291) ParOldGen: 342762K(343040K)->342906K(343040K)
[312.132s][info][gc,metaspace] GC(1291) Metaspace: 6110K(6208K)->6110K(6208K) NonClass: 5629K(5696K)->5629K(5696K) Class: 481K(512K)->481K(512K)
[312.132s][info][gc          ] GC(1291) Pause Young (Allocation Failure) 500M->335M(495M) 2.486ms
[312.132s][info][gc,cpu      ] GC(1291) User=0.00s Sys=0.00s Real=0.01s
[312.369s][info][gc,start    ] GC(1292) Pause Young (Allocation Failure)
[312.372s][info][gc,heap     ] GC(1292) PSYoungGen: 163826K(163840K)->837K(158720K) Eden: 163328K(163328K)->0K(157696K) From: 498K(512K)->837K(1024K)
[312.372s][info][gc,heap     ] GC(1292) ParOldGen: 342906K(343040K)->342906K(343040K)
[312.372s][info][gc,metaspace] GC(1292) Metaspace: 6110K(6208K)->6110K(6208K) NonClass: 5629K(5696K)->5629K(5696K) Class: 481K(512K)->481K(512K)
[312.372s][info][gc          ] GC(1292) Pause Young (Allocation Failure) 494M->335M(490M) 2.813ms
[312.372s][info][gc,cpu      ] GC(1292) User=0.01s Sys=0.00s Real=0.01s
[312.584s][info][gc,start    ] GC(1293) Pause Young (Allocation Failure)
[312.586s][info][gc,heap     ] GC(1293) PSYoungGen: 158533K(158720K)->690K(153600K) Eden: 157696K(157696K)->0K(152576K) From: 837K(1024K)->690K(1024K)
[312.586s][info][gc,heap     ] GC(1293) ParOldGen: 342906K(343040K)->342978K(343040K)
[312.586s][info][gc,metaspace] GC(1293) Metaspace: 6110K(6208K)->6110K(6208K) NonClass: 5629K(5696K)->5629K(5696K) Class: 481K(512K)->481K(512K)
[312.587s][info][gc          ] GC(1293) Pause Young (Allocation Failure) 489M->335M(485M) 2.755ms
[312.587s][info][gc,cpu      ] GC(1293) User=0.00s Sys=0.00s Real=0.00s
[312.787s][info][gc,start    ] GC(1294) Pause Young (Allocation Failure)
[312.789s][info][gc,heap     ] GC(1294) PSYoungGen: 153266K(153600K)->626K(148480K) Eden: 152576K(152576K)->0K(147456K) From: 690K(1024K)->626K(1024K)
[312.790s][info][gc,heap     ] GC(1294) ParOldGen: 342978K(343040K)->342978K(343040K)
[312.790s][info][gc,metaspace] GC(1294) Metaspace: 6110K(6208K)->6110K(6208K) NonClass: 5629K(5696K)->5629K(5696K) Class: 481K(512K)->481K(512K)
[312.790s][info][gc          ] GC(1294) Pause Young (Allocation Failure) 484M->335M(480M) 2.485ms
[312.790s][info][gc,cpu      ] GC(1294) User=0.00s Sys=0.00s Real=0.00s
[312.984s][info][gc,start    ] GC(1295) Pause Young (Allocation Failure)
[312.987s][info][gc,heap     ] GC(1295) PSYoungGen: 148082K(148480K)->498K(177664K) Eden: 147456K(147456K)->0K(177152K) From: 626K(1024K)->498K(512K)
[312.987s][info][gc,heap     ] GC(1295) ParOldGen: 342978K(343040K)->343186K(343552K)
[312.987s][info][gc,metaspace] GC(1295) Metaspace: 6110K(6208K)->6110K(6208K) NonClass: 5629K(5696K)->5629K(5696K) Class: 481K(512K)->481K(512K)
[312.987s][info][gc          ] GC(1295) Pause Young (Allocation Failure) 479M->335M(509M) 2.785ms
[312.987s][info][gc,cpu      ] GC(1295) User=0.00s Sys=0.00s Real=0.00s
[313.218s][info][gc,start    ] GC(1296) Pause Young (Allocation Failure)
[313.221s][info][gc,heap     ] GC(1296) PSYoungGen: 177650K(177664K)->805K(214016K) Eden: 177152K(177152K)->0K(212992K) From: 498K(512K)->805K(1024K)
[313.221s][info][gc,heap     ] GC(1296) ParOldGen: 343186K(343552K)->343186K(343552K)
[313.221s][info][gc,metaspace] GC(1296) Metaspace: 6110K(6208K)->6110K(6208K) NonClass: 5629K(5696K)->5629K(5696K) Class: 481K(512K)->481K(512K)
[313.221s][info][gc          ] GC(1296) Pause Young (Allocation Failure) 508M->335M(544M) 2.813ms
[313.221s][info][gc,cpu      ] GC(1296) User=0.00s Sys=0.00s Real=0.01s
[313.519s][info][gc,start    ] GC(1297) Pause Young (Allocation Failure)
[313.522s][info][gc,heap     ] GC(1297) PSYoungGen: 213797K(214016K)->672K(257024K) Eden: 212992K(212992K)->0K(256000K) From: 805K(1024K)->672K(1024K)
[313.522s][info][gc,heap     ] GC(1297) ParOldGen: 343186K(343552K)->343250K(343552K)
[313.522s][info][gc,metaspace] GC(1297) Metaspace: 6110K(6208K)->6110K(6208K) NonClass: 5629K(5696K)->5629K(5696K) Class: 481K(512K)->481K(512K)
[313.522s][info][gc          ] GC(1297) Pause Young (Allocation Failure) 543M->335M(586M) 2.677ms
[313.522s][info][gc,cpu      ] GC(1297) User=0.01s Sys=0.00s Real=0.01s
[313.884s][info][gc,start    ] GC(1298) Pause Young (Allocation Failure)
[313.886s][info][gc,heap     ] GC(1298) PSYoungGen: 256672K(257024K)->690K(247296K) Eden: 256000K(256000K)->0K(246272K) From: 672K(1024K)->690K(1024K)
[313.886s][info][gc,heap     ] GC(1298) ParOldGen: 343250K(343552K)->343250K(343552K)
[313.886s][info][gc,metaspace] GC(1298) Metaspace: 6110K(6208K)->6110K(6208K) NonClass: 5629K(5696K)->5629K(5696K) Class: 481K(512K)->481K(512K)
[313.886s][info][gc          ] GC(1298) Pause Young (Allocation Failure) 585M->335M(577M) 2.511ms
[313.886s][info][gc,cpu      ] GC(1298) User=0.00s Sys=0.00s Real=0.00s
[314.246s][info][gc,start    ] GC(1299) Pause Young (Allocation Failure)
[314.248s][info][gc,heap     ] GC(1299) PSYoungGen: 246962K(247296K)->498K(237568K) Eden: 246272K(246272K)->0K(237056K) From: 690K(1024K)->498K(512K)
[314.249s][info][gc,heap     ] GC(1299) ParOldGen: 343250K(343552K)->343466K(343552K)
[314.249s][info][gc,metaspace] GC(1299) Metaspace: 6110K(6208K)->6110K(6208K) NonClass: 5629K(5696K)->5629K(5696K) Class: 481K(512K)->481K(512K)
[314.249s][info][gc          ] GC(1299) Pause Young (Allocation Failure) 576M->335M(567M) 2.937ms
[314.249s][info][gc,cpu      ] GC(1299) User=0.00s Sys=0.00s Real=0.00s
[314.594s][info][gc,start    ] GC(1300) Pause Young (Allocation Failure)
[314.597s][info][gc,heap     ] GC(1300) PSYoungGen: 237554K(237568K)->722K(228864K) Eden: 237056K(237056K)->0K(227840K) From: 498K(512K)->722K(1024K)
[314.597s][info][gc,heap     ] GC(1300) ParOldGen: 343466K(343552K)->343466K(343552K)
[314.597s][info][gc,metaspace] GC(1300) Metaspace: 6110K(6208K)->6110K(6208K) NonClass: 5629K(5696K)->5629K(5696K) Class: 481K(512K)->481K(512K)
[314.597s][info][gc          ] GC(1300) Pause Young (Allocation Failure) 567M->336M(559M) 2.559ms
[314.597s][info][gc,cpu      ] GC(1300) User=0.00s Sys=0.00s Real=0.00s
[314.922s][info][gc,start    ] GC(1301) Pause Young (Allocation Failure)
[314.925s][info][gc,heap     ] GC(1301) PSYoungGen: 228562K(228864K)->690K(220160K) Eden: 227840K(227840K)->0K(219136K) From: 722K(1024K)->690K(1024K)
[314.925s][info][gc,heap     ] GC(1301) ParOldGen: 343466K(343552K)->343530K(343552K)
[314.925s][info][gc,metaspace] GC(1301) Metaspace: 6110K(6208K)->6110K(6208K) NonClass: 5629K(5696K)->5629K(5696K) Class: 481K(512K)->481K(512K)
[314.925s][info][gc          ] GC(1301) Pause Young (Allocation Failure) 558M->336M(550M) 2.728ms
[314.925s][info][gc,cpu      ] GC(1301) User=0.00s Sys=0.00s Real=0.00s
[315.227s][info][gc,start    ] GC(1302) Pause Young (Allocation Failure)
[315.229s][info][gc,heap     ] GC(1302) PSYoungGen: 219826K(220160K)->704K(211968K) Eden: 219136K(219136K)->0K(210944K) From: 690K(1024K)->704K(1024K)
[315.229s][info][gc,heap     ] GC(1302) ParOldGen: 343530K(343552K)->343530K(343552K)
[315.229s][info][gc,metaspace] GC(1302) Metaspace: 6110K(6208K)->6110K(6208K) NonClass: 5629K(5696K)->5629K(5696K) Class: 481K(512K)->481K(512K)
[315.229s][info][gc          ] GC(1302) Pause Young (Allocation Failure) 550M->336M(542M) 1.626ms
[315.229s][info][gc,cpu      ] GC(1302) User=0.00s Sys=0.00s Real=0.00s
[315.662s][info][gc,start    ] GC(1303) Pause Young (Allocation Failure)
[315.665s][info][gc,heap     ] GC(1303) PSYoungGen: 211648K(211968K)->512K(203776K) Eden: 210944K(210944K)->0K(203264K) From: 704K(1024K)->512K(512K)
[315.665s][info][gc,heap     ] GC(1303) ParOldGen: 343530K(343552K)->343650K(344064K)
[315.665s][info][gc,metaspace] GC(1303) Metaspace: 6110K(6208K)->6110K(6208K) NonClass: 5629K(5696K)->5629K(5696K) Class: 481K(512K)->481K(512K)
[315.665s][info][gc          ] GC(1303) Pause Young (Allocation Failure) 542M->336M(535M) 3.090ms
[315.665s][info][gc,cpu      ] GC(1303) User=0.01s Sys=0.00s Real=0.00s
[316.062s][info][gc,start    ] GC(1304) Pause Young (Allocation Failure)
[316.066s][info][gc,heap     ] GC(1304) PSYoungGen: 203776K(203776K)->754K(196608K) Eden: 203264K(203264K)->0K(195584K) From: 512K(512K)->754K(1024K)
[316.066s][info][gc,heap     ] GC(1304) ParOldGen: 343650K(344064K)->343650K(344064K)
[316.066s][info][gc,metaspace] GC(1304) Metaspace: 6110K(6208K)->6110K(6208K) NonClass: 5629K(5696K)->5629K(5696K) Class: 481K(512K)->481K(512K)
[316.066s][info][gc          ] GC(1304) Pause Young (Allocation Failure) 534M->336M(528M) 3.426ms
[316.066s][info][gc,cpu      ] GC(1304) User=0.00s Sys=0.00s Real=0.00s
[316.532s][info][gc,start    ] GC(1305) Pause Young (Allocation Failure)
[316.534s][info][gc,heap     ] GC(1305) PSYoungGen: 196338K(196608K)->768K(189440K) Eden: 195584K(195584K)->0K(188416K) From: 754K(1024K)->768K(1024K)
[316.534s][info][gc,heap     ] GC(1305) ParOldGen: 343650K(344064K)->343690K(344064K)
[316.535s][info][gc,metaspace] GC(1305) Metaspace: 6110K(6208K)->6110K(6208K) NonClass: 5629K(5696K)->5629K(5696K) Class: 481K(512K)->481K(512K)
[316.535s][info][gc          ] GC(1305) Pause Young (Allocation Failure) 527M->336M(521M) 2.929ms
[316.535s][info][gc,cpu      ] GC(1305) User=0.00s Sys=0.00s Real=0.00s
[317.065s][info][gc,start    ] GC(1306) Pause Young (Allocation Failure)
[317.068s][info][gc,heap     ] GC(1306) PSYoungGen: 189184K(189440K)->626K(182784K) Eden: 188416K(188416K)->0K(181760K) From: 768K(1024K)->626K(1024K)
[317.068s][info][gc,heap     ] GC(1306) ParOldGen: 343690K(344064K)->343690K(344064K)
[317.068s][info][gc,metaspace] GC(1306) Metaspace: 6110K(6208K)->6110K(6208K) NonClass: 5629K(5696K)->5629K(5696K) Class: 481K(512K)->481K(512K)
[317.068s][info][gc          ] GC(1306) Pause Young (Allocation Failure) 520M->336M(514M) 3.707ms
[317.068s][info][gc,cpu      ] GC(1306) User=0.00s Sys=0.00s Real=0.00s
[317.559s][info][gc,start    ] GC(1307) Pause Young (Allocation Failure)
[317.564s][info][gc,heap     ] GC(1307) PSYoungGen: 182386K(182784K)->498K(175616K) Eden: 181760K(181760K)->0K(175104K) From: 626K(1024K)->498K(512K)
[317.564s][info][gc,heap     ] GC(1307) ParOldGen: 343690K(344064K)->343818K(344064K)
[317.564s][info][gc,metaspace] GC(1307) Metaspace: 6110K(6208K)->6110K(6208K) NonClass: 5629K(5696K)->5629K(5696K) Class: 481K(512K)->481K(512K)
[317.564s][info][gc          ] GC(1307) Pause Young (Allocation Failure) 513M->336M(507M) 5.073ms
[317.564s][info][gc,cpu      ] GC(1307) User=0.00s Sys=0.00s Real=0.01s
[318.131s][info][gc,start    ] GC(1308) Pause Young (Allocation Failure)
[318.135s][info][gc,heap     ] GC(1308) PSYoungGen: 175602K(175616K)->805K(169984K) Eden: 175104K(175104K)->0K(168960K) From: 498K(512K)->805K(1024K)
[318.135s][info][gc,heap     ] GC(1308) ParOldGen: 343818K(344064K)->343818K(344064K)
[318.135s][info][gc,metaspace] GC(1308) Metaspace: 6110K(6208K)->6110K(6208K) NonClass: 5629K(5696K)->5629K(5696K) Class: 481K(512K)->481K(512K)
[318.135s][info][gc          ] GC(1308) Pause Young (Allocation Failure) 507M->336M(502M) 3.675ms
[318.135s][info][gc,cpu      ] GC(1308) User=0.00s Sys=0.01s Real=0.00s
[318.538s][info][gc,start    ] GC(1309) Pause Young (Allocation Failure)
[318.540s][info][gc,heap     ] GC(1309) PSYoungGen: 169765K(169984K)->640K(164352K) Eden: 168960K(168960K)->0K(163328K) From: 805K(1024K)->640K(1024K)
[318.540s][info][gc,heap     ] GC(1309) ParOldGen: 343818K(344064K)->343866K(344064K)
[318.540s][info][gc,metaspace] GC(1309) Metaspace: 6110K(6208K)->6110K(6208K) NonClass: 5629K(5696K)->5629K(5696K) Class: 481K(512K)->481K(512K)
[318.540s][info][gc          ] GC(1309) Pause Young (Allocation Failure) 501M->336M(496M) 2.407ms
[318.540s][info][gc,cpu      ] GC(1309) User=0.00s Sys=0.00s Real=0.00s
[319.015s][info][gc,start    ] GC(1310) Pause Young (Allocation Failure)
[319.018s][info][gc,heap     ] GC(1310) PSYoungGen: 163968K(164352K)->754K(158720K) Eden: 163328K(163328K)->0K(157696K) From: 640K(1024K)->754K(1024K)
[319.018s][info][gc,heap     ] GC(1310) ParOldGen: 343866K(344064K)->343866K(344064K)
[319.018s][info][gc,metaspace] GC(1310) Metaspace: 6110K(6208K)->6110K(6208K) NonClass: 5629K(5696K)->5629K(5696K) Class: 481K(512K)->481K(512K)
[319.018s][info][gc          ] GC(1310) Pause Young (Allocation Failure) 495M->336M(491M) 3.830ms
[319.018s][info][gc,cpu      ] GC(1310) User=0.01s Sys=0.00s Real=0.00s
[319.409s][info][gc,start    ] GC(1311) Pause Young (Allocation Failure)
[319.411s][info][gc,heap     ] GC(1311) PSYoungGen: 158450K(158720K)->498K(153088K) Eden: 157696K(157696K)->0K(152576K) From: 754K(1024K)->498K(512K)
[319.411s][info][gc,heap     ] GC(1311) ParOldGen: 343866K(344064K)->344018K(344064K)
[319.411s][info][gc,metaspace] GC(1311) Metaspace: 6110K(6208K)->6110K(6208K) NonClass: 5629K(5696K)->5629K(5696K) Class: 481K(512K)->481K(512K)
[319.411s][info][gc          ] GC(1311) Pause Young (Allocation Failure) 490M->336M(485M) 2.483ms
[319.411s][info][gc,cpu      ] GC(1311) User=0.00s Sys=0.00s Real=0.01s
[319.748s][info][gc,start    ] GC(1312) Pause Young (Allocation Failure)
[319.751s][info][gc,heap     ] GC(1312) PSYoungGen: 153074K(153088K)->704K(148480K) Eden: 152576K(152576K)->0K(147456K) From: 498K(512K)->704K(1024K)
[319.751s][info][gc,heap     ] GC(1312) ParOldGen: 344018K(344064K)->344018K(344064K)
[319.751s][info][gc,metaspace] GC(1312) Metaspace: 6110K(6208K)->6110K(6208K) NonClass: 5629K(5696K)->5629K(5696K) Class: 481K(512K)->481K(512K)
[319.751s][info][gc          ] GC(1312) Pause Young (Allocation Failure) 485M->336M(481M) 2.742ms
[319.751s][info][gc,cpu      ] GC(1312) User=0.00s Sys=0.00s Real=0.01s
[320.024s][info][gc,start    ] GC(1313) Pause Young (Allocation Failure)
[320.026s][info][gc,heap     ] GC(1313) PSYoungGen: 148160K(148480K)->690K(143872K) Eden: 147456K(147456K)->0K(142848K) From: 704K(1024K)->690K(1024K)
[320.026s][info][gc,heap     ] GC(1313) ParOldGen: 344018K(344064K)->344050K(344064K)
[320.026s][info][gc,metaspace] GC(1313) Metaspace: 6110K(6208K)->6110K(6208K) NonClass: 5629K(5696K)->5629K(5696K) Class: 481K(512K)->481K(512K)
[320.026s][info][gc          ] GC(1313) Pause Young (Allocation Failure) 480M->336M(476M) 2.184ms
[320.026s][info][gc,cpu      ] GC(1313) User=0.00s Sys=0.00s Real=0.00s
[320.355s][info][gc,start    ] GC(1314) Pause Young (Allocation Failure)
[320.356s][info][gc,heap     ] GC(1314) PSYoungGen: 143538K(143872K)->672K(139264K) Eden: 142848K(142848K)->0K(138240K) From: 690K(1024K)->672K(1024K)
[320.356s][info][gc,heap     ] GC(1314) ParOldGen: 344050K(344064K)->344050K(344064K)
[320.356s][info][gc,metaspace] GC(1314) Metaspace: 6110K(6208K)->6110K(6208K) NonClass: 5629K(5696K)->5629K(5696K) Class: 481K(512K)->481K(512K)
[320.356s][info][gc          ] GC(1314) Pause Young (Allocation Failure) 476M->336M(472M) 1.383ms
[320.356s][info][gc,cpu      ] GC(1314) User=0.00s Sys=0.00s Real=0.00s
[320.679s][info][gc,start    ] GC(1315) Pause Young (Allocation Failure)
[320.681s][info][gc,heap     ] GC(1315) PSYoungGen: 138912K(139264K)->512K(134144K) Eden: 138240K(138240K)->0K(133632K) From: 672K(1024K)->512K(512K)
[320.681s][info][gc,heap     ] GC(1315) ParOldGen: 344050K(344064K)->344242K(344576K)
[320.681s][info][gc,metaspace] GC(1315) Metaspace: 6110K(6208K)->6110K(6208K) NonClass: 5629K(5696K)->5629K(5696K) Class: 481K(512K)->481K(512K)
[320.681s][info][gc          ] GC(1315) Pause Young (Allocation Failure) 471M->336M(467M) 1.532ms
[320.681s][info][gc,cpu      ] GC(1315) User=0.00s Sys=0.00s Real=0.01s
[321.019s][info][gc,start    ] GC(1316) Pause Young (Allocation Failure)
[321.021s][info][gc,heap     ] GC(1316) PSYoungGen: 134144K(134144K)->672K(130560K) Eden: 133632K(133632K)->0K(129536K) From: 512K(512K)->672K(1024K)
[321.021s][info][gc,heap     ] GC(1316) ParOldGen: 344242K(344576K)->344242K(344576K)
[321.021s][info][gc,metaspace] GC(1316) Metaspace: 6110K(6208K)->6110K(6208K) NonClass: 5629K(5696K)->5629K(5696K) Class: 481K(512K)->481K(512K)
[321.021s][info][gc          ] GC(1316) Pause Young (Allocation Failure) 467M->336M(464M) 2.884ms
[321.021s][info][gc,cpu      ] GC(1316) User=0.01s Sys=0.00s Real=0.01s
[321.373s][info][gc,start    ] GC(1317) Pause Young (Allocation Failure)
[321.403s][info][gc,heap     ] GC(1317) PSYoungGen: 130208K(130560K)->640K(156672K) Eden: 129536K(129536K)->0K(155648K) From: 672K(1024K)->640K(1024K)
[321.403s][info][gc,heap     ] GC(1317) ParOldGen: 344242K(344576K)->344250K(344576K)
[321.403s][info][gc,metaspace] GC(1317) Metaspace: 6110K(6208K)->6110K(6208K) NonClass: 5629K(5696K)->5629K(5696K) Class: 481K(512K)->481K(512K)
[321.403s][info][gc          ] GC(1317) Pause Young (Allocation Failure) 463M->336M(489M) 30.154ms
[321.403s][info][gc,cpu      ] GC(1317) User=0.01s Sys=0.00s Real=0.03s
[321.781s][info][gc,start    ] GC(1318) Pause Young (Allocation Failure)
[321.783s][info][gc,heap     ] GC(1318) PSYoungGen: 156288K(156672K)->800K(187904K) Eden: 155648K(155648K)->0K(186880K) From: 640K(1024K)->800K(1024K)
[321.783s][info][gc,heap     ] GC(1318) ParOldGen: 344250K(344576K)->344250K(344576K)
[321.783s][info][gc,metaspace] GC(1318) Metaspace: 6110K(6208K)->6110K(6208K) NonClass: 5629K(5696K)->5629K(5696K) Class: 481K(512K)->481K(512K)
[321.783s][info][gc          ] GC(1318) Pause Young (Allocation Failure) 488M->336M(520M) 1.531ms
[321.783s][info][gc,cpu      ] GC(1318) User=0.00s Sys=0.00s Real=0.00s
[322.203s][info][gc,start    ] GC(1319) Pause Young (Allocation Failure)
[322.206s][info][gc,heap     ] GC(1319) PSYoungGen: 187680K(187904K)->498K(224768K) Eden: 186880K(186880K)->0K(224256K) From: 800K(1024K)->498K(512K)
[322.206s][info][gc,heap     ] GC(1319) ParOldGen: 344250K(344576K)->344410K(344576K)
[322.206s][info][gc,metaspace] GC(1319) Metaspace: 6110K(6208K)->6110K(6208K) NonClass: 5629K(5696K)->5629K(5696K) Class: 481K(512K)->481K(512K)
[322.206s][info][gc          ] GC(1319) Pause Young (Allocation Failure) 519M->336M(556M) 2.627ms
[322.206s][info][gc,cpu      ] GC(1319) User=0.00s Sys=0.00s Real=0.00s
[323.448s][info][gc,start    ] GC(1320) Pause Young (Allocation Failure)
[323.450s][info][gc,heap     ] GC(1320) PSYoungGen: 224754K(224768K)->722K(270336K) Eden: 224256K(224256K)->0K(269312K) From: 498K(512K)->722K(1024K)
[323.450s][info][gc,heap     ] GC(1320) ParOldGen: 344410K(344576K)->344410K(344576K)
[323.450s][info][gc,metaspace] GC(1320) Metaspace: 6110K(6208K)->6110K(6208K) NonClass: 5629K(5696K)->5629K(5696K) Class: 481K(512K)->481K(512K)
[323.450s][info][gc          ] GC(1320) Pause Young (Allocation Failure) 555M->337M(600M) 1.858ms
[323.450s][info][gc,cpu      ] GC(1320) User=0.00s Sys=0.00s Real=0.00s
[324.162s][info][gc,start    ] GC(1321) Pause Young (Allocation Failure)
[324.164s][info][gc,heap     ] GC(1321) PSYoungGen: 270034K(270336K)->768K(259584K) Eden: 269312K(269312K)->0K(258560K) From: 722K(1024K)->768K(1024K)
[324.164s][info][gc,heap     ] GC(1321) ParOldGen: 344410K(344576K)->344450K(344576K)
[324.164s][info][gc,metaspace] GC(1321) Metaspace: 6110K(6208K)->6110K(6208K) NonClass: 5629K(5696K)->5629K(5696K) Class: 481K(512K)->481K(512K)
[324.164s][info][gc          ] GC(1321) Pause Young (Allocation Failure) 600M->337M(590M) 1.882ms
[324.164s][info][gc,cpu      ] GC(1321) User=0.00s Sys=0.01s Real=0.00s
[324.855s][info][gc,start    ] GC(1322) Pause Young (Allocation Failure)
[324.874s][info][gc,heap     ] GC(1322) PSYoungGen: 259328K(259584K)->800K(309248K) Eden: 258560K(258560K)->0K(308224K) From: 768K(1024K)->800K(1024K)
[324.874s][info][gc,heap     ] GC(1322) ParOldGen: 344450K(344576K)->344450K(344576K)
[324.874s][info][gc,metaspace] GC(1322) Metaspace: 6110K(6208K)->6110K(6208K) NonClass: 5629K(5696K)->5629K(5696K) Class: 481K(512K)->481K(512K)
[324.874s][info][gc          ] GC(1322) Pause Young (Allocation Failure) 589M->337M(638M) 18.645ms
[324.874s][info][gc,cpu      ] GC(1322) User=0.01s Sys=0.00s Real=0.02s
[326.010s][info][gc,start    ] GC(1323) Pause Young (Allocation Failure)
[326.015s][info][gc,heap     ] GC(1323) PSYoungGen: 309024K(309248K)->736K(311296K) Eden: 308224K(308224K)->0K(310272K) From: 800K(1024K)->736K(1024K)
[326.015s][info][gc,heap     ] GC(1323) ParOldGen: 344450K(344576K)->344450K(344576K)
[326.015s][info][gc,metaspace] GC(1323) Metaspace: 6110K(6208K)->6110K(6208K) NonClass: 5629K(5696K)->5629K(5696K) Class: 481K(512K)->481K(512K)
[326.015s][info][gc          ] GC(1323) Pause Young (Allocation Failure) 638M->337M(640M) 4.842ms
[326.015s][info][gc,cpu      ] GC(1323) User=0.01s Sys=0.00s Real=0.01s
[326.903s][info][gc,start    ] GC(1324) Pause Young (Allocation Failure)
[326.904s][info][gc,heap     ] GC(1324) PSYoungGen: 311008K(311296K)->736K(298496K) Eden: 310272K(310272K)->0K(297472K) From: 736K(1024K)->736K(1024K)
[326.904s][info][gc,heap     ] GC(1324) ParOldGen: 344450K(344576K)->344450K(344576K)
[326.904s][info][gc,metaspace] GC(1324) Metaspace: 6110K(6208K)->6110K(6208K) NonClass: 5629K(5696K)->5629K(5696K) Class: 481K(512K)->481K(512K)
[326.904s][info][gc          ] GC(1324) Pause Young (Allocation Failure) 640M->337M(628M) 1.859ms
[326.904s][info][gc,cpu      ] GC(1324) User=0.01s Sys=0.00s Real=0.00s
[327.356s][info][gc,start    ] GC(1325) Pause Young (Allocation Failure)
[327.357s][info][gc,heap     ] GC(1325) PSYoungGen: 298208K(298496K)->512K(286208K) Eden: 297472K(297472K)->0K(285696K) From: 736K(1024K)->512K(512K)
[327.357s][info][gc,heap     ] GC(1325) ParOldGen: 344450K(344576K)->344634K(345088K)
[327.357s][info][gc,metaspace] GC(1325) Metaspace: 6110K(6208K)->6110K(6208K) NonClass: 5629K(5696K)->5629K(5696K) Class: 481K(512K)->481K(512K)
[327.357s][info][gc          ] GC(1325) Pause Young (Allocation Failure) 627M->337M(616M) 1.605ms
[327.357s][info][gc,cpu      ] GC(1325) User=0.00s Sys=0.00s Real=0.00s
[327.764s][info][gc,start    ] GC(1326) Pause Young (Allocation Failure)
[327.765s][info][gc,heap     ] GC(1326) PSYoungGen: 286208K(286208K)->736K(275456K) Eden: 285696K(285696K)->0K(274432K) From: 512K(512K)->736K(1024K)
[327.766s][info][gc,heap     ] GC(1326) ParOldGen: 344634K(345088K)->344634K(345088K)
[327.766s][info][gc,metaspace] GC(1326) Metaspace: 6110K(6208K)->6110K(6208K) NonClass: 5629K(5696K)->5629K(5696K) Class: 481K(512K)->481K(512K)
[327.766s][info][gc          ] GC(1326) Pause Young (Allocation Failure) 616M->337M(606M) 1.504ms
[327.766s][info][gc,cpu      ] GC(1326) User=0.01s Sys=0.00s Real=0.00s
[328.166s][info][gc,start    ] GC(1327) Pause Young (Allocation Failure)
[328.167s][info][gc,heap     ] GC(1327) PSYoungGen: 275168K(275456K)->800K(264704K) Eden: 274432K(274432K)->0K(263680K) From: 736K(1024K)->800K(1024K)
[328.167s][info][gc,heap     ] GC(1327) ParOldGen: 344634K(345088K)->344658K(345088K)
[328.167s][info][gc,metaspace] GC(1327) Metaspace: 6110K(6208K)->6110K(6208K) NonClass: 5629K(5696K)->5629K(5696K) Class: 481K(512K)->481K(512K)
[328.167s][info][gc          ] GC(1327) Pause Young (Allocation Failure) 605M->337M(595M) 1.702ms
[328.168s][info][gc,cpu      ] GC(1327) User=0.00s Sys=0.00s Real=0.00s
[328.559s][info][gc,start    ] GC(1328) Pause Young (Allocation Failure)
[328.560s][info][gc,heap     ] GC(1328) PSYoungGen: 264480K(264704K)->672K(254464K) Eden: 263680K(263680K)->0K(253440K) From: 800K(1024K)->672K(1024K)
[328.560s][info][gc,heap     ] GC(1328) ParOldGen: 344658K(345088K)->344658K(345088K)
[328.560s][info][gc,metaspace] GC(1328) Metaspace: 6110K(6208K)->6110K(6208K) NonClass: 5629K(5696K)->5629K(5696K) Class: 481K(512K)->481K(512K)
[328.560s][info][gc          ] GC(1328) Pause Young (Allocation Failure) 594M->337M(585M) 1.367ms
[328.560s][info][gc,cpu      ] GC(1328) User=0.01s Sys=0.00s Real=0.00s
[328.938s][info][gc,start    ] GC(1329) Pause Young (Allocation Failure)
[328.939s][info][gc,heap     ] GC(1329) PSYoungGen: 254112K(254464K)->384K(244224K) Eden: 253440K(253440K)->0K(243712K) From: 672K(1024K)->384K(512K)
[328.939s][info][gc,heap     ] GC(1329) ParOldGen: 344658K(345088K)->344658K(345088K)
[328.939s][info][gc,metaspace] GC(1329) Metaspace: 6110K(6208K)->6110K(6208K) NonClass: 5629K(5696K)->5629K(5696K) Class: 481K(512K)->481K(512K)
[328.940s][info][gc          ] GC(1329) Pause Young (Allocation Failure) 584M->336M(575M) 1.135ms
[328.940s][info][gc,cpu      ] GC(1329) User=0.00s Sys=0.00s Real=0.00s
[329.302s][info][gc,start    ] GC(1330) Pause Young (Allocation Failure)
[329.303s][info][gc,heap     ] GC(1330) PSYoungGen: 244096K(244224K)->736K(235520K) Eden: 243712K(243712K)->0K(234496K) From: 384K(512K)->736K(1024K)
[329.303s][info][gc,heap     ] GC(1330) ParOldGen: 344658K(345088K)->344658K(345088K)
[329.303s][info][gc,metaspace] GC(1330) Metaspace: 6110K(6208K)->6110K(6208K) NonClass: 5629K(5696K)->5629K(5696K) Class: 481K(512K)->481K(512K)
[329.303s][info][gc          ] GC(1330) Pause Young (Allocation Failure) 574M->337M(567M) 1.335ms
[329.303s][info][gc,cpu      ] GC(1330) User=0.00s Sys=0.00s Real=0.00s
[329.660s][info][gc,start    ] GC(1331) Pause Young (Allocation Failure)
[329.661s][info][gc,heap     ] GC(1331) PSYoungGen: 235232K(235520K)->640K(226816K) Eden: 234496K(234496K)->0K(225792K) From: 736K(1024K)->640K(1024K)
[329.661s][info][gc,heap     ] GC(1331) ParOldGen: 344658K(345088K)->344658K(345088K)
[329.661s][info][gc,metaspace] GC(1331) Metaspace: 6110K(6208K)->6110K(6208K) NonClass: 5629K(5696K)->5629K(5696K) Class: 481K(512K)->481K(512K)
[329.661s][info][gc          ] GC(1331) Pause Young (Allocation Failure) 566M->337M(558M) 1.217ms
[329.661s][info][gc,cpu      ] GC(1331) User=0.00s Sys=0.00s Real=0.01s
[330.239s][info][gc,start    ] GC(1332) Pause Young (Allocation Failure)
[330.240s][info][gc,heap     ] GC(1332) PSYoungGen: 226432K(226816K)->800K(218112K) Eden: 225792K(225792K)->0K(217088K) From: 640K(1024K)->800K(1024K)
[330.240s][info][gc,heap     ] GC(1332) ParOldGen: 344658K(345088K)->344658K(345088K)
[330.240s][info][gc,metaspace] GC(1332) Metaspace: 6110K(6208K)->6110K(6208K) NonClass: 5629K(5696K)->5629K(5696K) Class: 481K(512K)->481K(512K)
[330.240s][info][gc          ] GC(1332) Pause Young (Allocation Failure) 557M->337M(550M) 1.553ms
[330.240s][info][gc,cpu      ] GC(1332) User=0.00s Sys=0.00s Real=0.00s
[330.872s][info][gc,start    ] GC(1333) Pause Young (Allocation Failure)
[330.881s][info][gc,heap     ] GC(1333) PSYoungGen: 217888K(218112K)->498K(209408K) Eden: 217088K(217088K)->0K(208896K) From: 800K(1024K)->498K(512K)
[330.881s][info][gc,heap     ] GC(1333) ParOldGen: 344658K(345088K)->344922K(345088K)
[330.881s][info][gc,metaspace] GC(1333) Metaspace: 6110K(6208K)->6110K(6208K) NonClass: 5629K(5696K)->5629K(5696K) Class: 481K(512K)->481K(512K)
[330.881s][info][gc          ] GC(1333) Pause Young (Allocation Failure) 549M->337M(541M) 9.127ms
[330.881s][info][gc,cpu      ] GC(1333) User=0.00s Sys=0.00s Real=0.01s
[331.497s][info][gc,start    ] GC(1334) Pause Young (Allocation Failure)
[331.500s][info][gc,heap     ] GC(1334) PSYoungGen: 209394K(209408K)->672K(202240K) Eden: 208896K(208896K)->0K(201216K) From: 498K(512K)->672K(1024K)
[331.500s][info][gc,heap     ] GC(1334) ParOldGen: 344922K(345088K)->344922K(345088K)
[331.500s][info][gc,metaspace] GC(1334) Metaspace: 6110K(6208K)->6110K(6208K) NonClass: 5629K(5696K)->5629K(5696K) Class: 481K(512K)->481K(512K)
[331.500s][info][gc          ] GC(1334) Pause Young (Allocation Failure) 541M->337M(534M) 3.635ms
[331.500s][info][gc,cpu      ] GC(1334) User=0.00s Sys=0.00s Real=0.00s
[332.107s][info][gc,start    ] GC(1335) Pause Young (Allocation Failure)
[332.109s][info][gc,heap     ] GC(1335) PSYoungGen: 201888K(202240K)->626K(195072K) Eden: 201216K(201216K)->0K(194048K) From: 672K(1024K)->626K(1024K)
[332.109s][info][gc,heap     ] GC(1335) ParOldGen: 344922K(345088K)->344938K(345088K)
[332.109s][info][gc,metaspace] GC(1335) Metaspace: 6110K(6208K)->6110K(6208K) NonClass: 5629K(5696K)->5629K(5696K) Class: 481K(512K)->481K(512K)
[332.109s][info][gc          ] GC(1335) Pause Young (Allocation Failure) 533M->337M(527M) 2.241ms
[332.109s][info][gc,cpu      ] GC(1335) User=0.00s Sys=0.00s Real=0.00s
[332.651s][info][gc,start    ] GC(1336) Pause Young (Allocation Failure)
[332.654s][info][gc,heap     ] GC(1336) PSYoungGen: 194674K(195072K)->722K(187904K) Eden: 194048K(194048K)->0K(186880K) From: 626K(1024K)->722K(1024K)
[332.654s][info][gc,heap     ] GC(1336) ParOldGen: 344938K(345088K)->344938K(345088K)
[332.654s][info][gc,metaspace] GC(1336) Metaspace: 6110K(6208K)->6110K(6208K) NonClass: 5629K(5696K)->5629K(5696K) Class: 481K(512K)->481K(512K)
[332.654s][info][gc          ] GC(1336) Pause Young (Allocation Failure) 526M->337M(520M) 2.583ms
[332.654s][info][gc,cpu      ] GC(1336) User=0.00s Sys=0.00s Real=0.00s
[332.986s][info][gc,start    ] GC(1337) Pause Young (Allocation Failure)
[332.988s][info][gc,heap     ] GC(1337) PSYoungGen: 187602K(187904K)->498K(180736K) Eden: 186880K(186880K)->0K(180224K) From: 722K(1024K)->498K(512K)
[332.988s][info][gc,heap     ] GC(1337) ParOldGen: 344938K(345088K)->345090K(345600K)
[332.988s][info][gc,metaspace] GC(1337) Metaspace: 6110K(6208K)->6110K(6208K) NonClass: 5629K(5696K)->5629K(5696K) Class: 481K(512K)->481K(512K)
[332.988s][info][gc          ] GC(1337) Pause Young (Allocation Failure) 520M->337M(514M) 2.596ms
[332.988s][info][gc,cpu      ] GC(1337) User=0.00s Sys=0.00s Real=0.00s
[333.289s][info][gc,start    ] GC(1338) Pause Young (Allocation Failure)
[333.292s][info][gc,heap     ] GC(1338) PSYoungGen: 180722K(180736K)->466K(175104K) Eden: 180224K(180224K)->0K(174080K) From: 498K(512K)->466K(1024K)
[333.292s][info][gc,heap     ] GC(1338) ParOldGen: 345090K(345600K)->345090K(345600K)
[333.292s][info][gc,metaspace] GC(1338) Metaspace: 6110K(6208K)->6110K(6208K) NonClass: 5629K(5696K)->5629K(5696K) Class: 481K(512K)->481K(512K)
[333.292s][info][gc          ] GC(1338) Pause Young (Allocation Failure) 513M->337M(508M) 2.900ms
[333.292s][info][gc,cpu      ] GC(1338) User=0.00s Sys=0.00s Real=0.01s
[333.593s][info][gc,start    ] GC(1339) Pause Young (Allocation Failure)
[333.595s][info][gc,heap     ] GC(1339) PSYoungGen: 174546K(175104K)->736K(168960K) Eden: 174080K(174080K)->0K(167936K) From: 466K(1024K)->736K(1024K)
[333.595s][info][gc,heap     ] GC(1339) ParOldGen: 345090K(345600K)->345146K(345600K)
[333.595s][info][gc,metaspace] GC(1339) Metaspace: 6110K(6208K)->6110K(6208K) NonClass: 5629K(5696K)->5629K(5696K) Class: 481K(512K)->481K(512K)
[333.595s][info][gc          ] GC(1339) Pause Young (Allocation Failure) 507M->337M(502M) 2.692ms
[333.595s][info][gc,cpu      ] GC(1339) User=0.00s Sys=0.00s Real=0.00s
[333.865s][info][gc,start    ] GC(1340) Pause Young (Allocation Failure)
[333.867s][info][gc,heap     ] GC(1340) PSYoungGen: 168672K(168960K)->658K(163328K) Eden: 167936K(167936K)->0K(162304K) From: 736K(1024K)->658K(1024K)
[333.867s][info][gc,heap     ] GC(1340) ParOldGen: 345146K(345600K)->345146K(345600K)
[333.867s][info][gc,metaspace] GC(1340) Metaspace: 6110K(6208K)->6110K(6208K) NonClass: 5629K(5696K)->5629K(5696K) Class: 481K(512K)->481K(512K)
[333.867s][info][gc          ] GC(1340) Pause Young (Allocation Failure) 501M->337M(497M) 2.541ms
[333.867s][info][gc,cpu      ] GC(1340) User=0.01s Sys=0.00s Real=0.00s
[334.112s][info][gc,start    ] GC(1341) Pause Young (Allocation Failure)
[334.114s][info][gc,heap     ] GC(1341) PSYoungGen: 162962K(163328K)->498K(157184K) Eden: 162304K(162304K)->0K(156672K) From: 658K(1024K)->498K(512K)
[334.114s][info][gc,heap     ] GC(1341) ParOldGen: 345146K(345600K)->345258K(345600K)
[334.114s][info][gc,metaspace] GC(1341) Metaspace: 6110K(6208K)->6110K(6208K) NonClass: 5629K(5696K)->5629K(5696K) Class: 481K(512K)->481K(512K)
[334.114s][info][gc          ] GC(1341) Pause Young (Allocation Failure) 496M->337M(491M) 2.405ms
[334.114s][info][gc,cpu      ] GC(1341) User=0.00s Sys=0.00s Real=0.00s
[334.342s][info][gc,start    ] GC(1342) Pause Young (Allocation Failure)
[334.345s][info][gc,heap     ] GC(1342) PSYoungGen: 157170K(157184K)->754K(152576K) Eden: 156672K(156672K)->0K(151552K) From: 498K(512K)->754K(1024K)
[334.345s][info][gc,heap     ] GC(1342) ParOldGen: 345258K(345600K)->345258K(345600K)
[334.345s][info][gc,metaspace] GC(1342) Metaspace: 6110K(6208K)->6110K(6208K) NonClass: 5629K(5696K)->5629K(5696K) Class: 481K(512K)->481K(512K)
[334.345s][info][gc          ] GC(1342) Pause Young (Allocation Failure) 490M->337M(486M) 2.713ms
[334.345s][info][gc,cpu      ] GC(1342) User=0.00s Sys=0.00s Real=0.00s
[334.573s][info][gc,start    ] GC(1343) Pause Young (Allocation Failure)
[334.575s][info][gc,heap     ] GC(1343) PSYoungGen: 152306K(152576K)->768K(147456K) Eden: 151552K(151552K)->0K(146432K) From: 754K(1024K)->768K(1024K)
[334.575s][info][gc,heap     ] GC(1343) ParOldGen: 345258K(345600K)->345298K(345600K)
[334.575s][info][gc,metaspace] GC(1343) Metaspace: 6110K(6208K)->6110K(6208K) NonClass: 5629K(5696K)->5629K(5696K) Class: 481K(512K)->481K(512K)
[334.575s][info][gc          ] GC(1343) Pause Young (Allocation Failure) 485M->337M(481M) 1.925ms
[334.575s][info][gc,cpu      ] GC(1343) User=0.01s Sys=0.00s Real=0.00s
[334.798s][info][gc,start    ] GC(1344) Pause Young (Allocation Failure)
[334.799s][info][gc,heap     ] GC(1344) PSYoungGen: 147200K(147456K)->704K(142848K) Eden: 146432K(146432K)->0K(141824K) From: 768K(1024K)->704K(1024K)
[334.799s][info][gc,heap     ] GC(1344) ParOldGen: 345298K(345600K)->345298K(345600K)
[334.799s][info][gc,metaspace] GC(1344) Metaspace: 6110K(6208K)->6110K(6208K) NonClass: 5629K(5696K)->5629K(5696K) Class: 481K(512K)->481K(512K)
[334.799s][info][gc          ] GC(1344) Pause Young (Allocation Failure) 480M->337M(477M) 1.445ms
[334.799s][info][gc,cpu      ] GC(1344) User=0.01s Sys=0.00s Real=0.00s
[335.012s][info][gc,start    ] GC(1345) Pause Young (Allocation Failure)
[335.015s][info][gc,heap     ] GC(1345) PSYoungGen: 142528K(142848K)->498K(137728K) Eden: 141824K(141824K)->0K(137216K) From: 704K(1024K)->498K(512K)
[335.015s][info][gc,heap     ] GC(1345) ParOldGen: 345298K(345600K)->345530K(345600K)
[335.015s][info][gc,metaspace] GC(1345) Metaspace: 6110K(6208K)->6110K(6208K) NonClass: 5629K(5696K)->5629K(5696K) Class: 481K(512K)->481K(512K)
[335.015s][info][gc          ] GC(1345) Pause Young (Allocation Failure) 476M->337M(472M) 2.828ms
[335.015s][info][gc,cpu      ] GC(1345) User=0.00s Sys=0.00s Real=0.00s
[335.226s][info][gc,start    ] GC(1346) Pause Young (Allocation Failure)
[335.227s][info][gc,heap     ] GC(1346) PSYoungGen: 137714K(137728K)->768K(133632K) Eden: 137216K(137216K)->0K(132608K) From: 498K(512K)->768K(1024K)
[335.227s][info][gc,heap     ] GC(1346) ParOldGen: 345530K(345600K)->345530K(345600K)
[335.227s][info][gc,metaspace] GC(1346) Metaspace: 6110K(6208K)->6110K(6208K) NonClass: 5629K(5696K)->5629K(5696K) Class: 481K(512K)->481K(512K)
[335.227s][info][gc          ] GC(1346) Pause Young (Allocation Failure) 471M->338M(468M) 1.758ms
[335.227s][info][gc,cpu      ] GC(1346) User=0.01s Sys=0.00s Real=0.00s
[335.443s][info][gc,start    ] GC(1347) Pause Young (Allocation Failure)
[335.445s][info][gc,heap     ] GC(1347) PSYoungGen: 133376K(133632K)->690K(129536K) Eden: 132608K(132608K)->0K(128512K) From: 768K(1024K)->690K(1024K)
[335.445s][info][gc,heap     ] GC(1347) ParOldGen: 345530K(345600K)->345562K(345600K)
[335.445s][info][gc,metaspace] GC(1347) Metaspace: 6110K(6208K)->6110K(6208K) NonClass: 5629K(5696K)->5629K(5696K) Class: 481K(512K)->481K(512K)
[335.446s][info][gc          ] GC(1347) Pause Young (Allocation Failure) 467M->338M(464M) 2.496ms
[335.446s][info][gc,cpu      ] GC(1347) User=0.01s Sys=0.00s Real=0.00s
[335.674s][info][gc,start    ] GC(1348) Pause Young (Allocation Failure)
[335.676s][info][gc,heap     ] GC(1348) PSYoungGen: 129202K(129536K)->722K(125440K) Eden: 128512K(128512K)->0K(124416K) From: 690K(1024K)->722K(1024K)
[335.676s][info][gc,heap     ] GC(1348) ParOldGen: 345562K(345600K)->345562K(345600K)
[335.676s][info][gc,metaspace] GC(1348) Metaspace: 6110K(6208K)->6110K(6208K) NonClass: 5629K(5696K)->5629K(5696K) Class: 481K(512K)->481K(512K)
[335.676s][info][gc          ] GC(1348) Pause Young (Allocation Failure) 463M->338M(460M) 2.789ms
[335.676s][info][gc,cpu      ] GC(1348) User=0.00s Sys=0.00s Real=0.00s
[335.894s][info][gc,start    ] GC(1349) Pause Young (Allocation Failure)
[335.896s][info][gc,heap     ] GC(1349) PSYoungGen: 125138K(125440K)->498K(121344K) Eden: 124416K(124416K)->0K(120832K) From: 722K(1024K)->498K(512K)
[335.896s][info][gc,heap     ] GC(1349) ParOldGen: 345562K(345600K)->345682K(346112K)
[335.896s][info][gc,metaspace] GC(1349) Metaspace: 6110K(6208K)->6110K(6208K) NonClass: 5629K(5696K)->5629K(5696K) Class: 481K(512K)->481K(512K)
[335.896s][info][gc          ] GC(1349) Pause Young (Allocation Failure) 459M->338M(456M) 2.572ms
[335.896s][info][gc,cpu      ] GC(1349) User=0.01s Sys=0.00s Real=0.00s
[336.102s][info][gc,start    ] GC(1350) Pause Young (Allocation Failure)
[336.105s][info][gc,heap     ] GC(1350) PSYoungGen: 121330K(121344K)->754K(146432K) Eden: 120832K(120832K)->0K(145408K) From: 498K(512K)->754K(1024K)
[336.105s][info][gc,heap     ] GC(1350) ParOldGen: 345682K(346112K)->345682K(346112K)
[336.105s][info][gc,metaspace] GC(1350) Metaspace: 6110K(6208K)->6110K(6208K) NonClass: 5629K(5696K)->5629K(5696K) Class: 481K(512K)->481K(512K)
[336.105s][info][gc          ] GC(1350) Pause Young (Allocation Failure) 456M->338M(481M) 2.744ms
[336.105s][info][gc,cpu      ] GC(1350) User=0.01s Sys=0.00s Real=0.00s
[336.356s][info][gc,start    ] GC(1351) Pause Young (Allocation Failure)
[336.359s][info][gc,heap     ] GC(1351) PSYoungGen: 146162K(146432K)->690K(175616K) Eden: 145408K(145408K)->0K(174592K) From: 754K(1024K)->690K(1024K)
[336.359s][info][gc,heap     ] GC(1351) ParOldGen: 345682K(346112K)->345738K(346112K)
[336.359s][info][gc,metaspace] GC(1351) Metaspace: 6110K(6208K)->6110K(6208K) NonClass: 5629K(5696K)->5629K(5696K) Class: 481K(512K)->481K(512K)
[336.359s][info][gc          ] GC(1351) Pause Young (Allocation Failure) 480M->338M(509M) 2.604ms
[336.359s][info][gc,cpu      ] GC(1351) User=0.00s Sys=0.00s Real=0.00s
[336.643s][info][gc,start    ] GC(1352) Pause Young (Allocation Failure)
[336.645s][info][gc,heap     ] GC(1352) PSYoungGen: 175282K(175616K)->498K(168960K) Eden: 174592K(174592K)->0K(168448K) From: 690K(1024K)->498K(512K)
[336.645s][info][gc,heap     ] GC(1352) ParOldGen: 345738K(346112K)->345738K(346112K)
[336.645s][info][gc,metaspace] GC(1352) Metaspace: 6110K(6208K)->6110K(6208K) NonClass: 5629K(5696K)->5629K(5696K) Class: 481K(512K)->481K(512K)
[336.645s][info][gc          ] GC(1352) Pause Young (Allocation Failure) 508M->338M(503M) 2.314ms
[336.645s][info][gc,cpu      ] GC(1352) User=0.01s Sys=0.00s Real=0.00s
[336.940s][info][gc,start    ] GC(1353) Pause Young (Allocation Failure)
[336.942s][info][gc,heap     ] GC(1353) PSYoungGen: 168946K(168960K)->722K(163840K) Eden: 168448K(168448K)->0K(162816K) From: 498K(512K)->722K(1024K)
[336.942s][info][gc,heap     ] GC(1353) ParOldGen: 345738K(346112K)->345738K(346112K)
[336.942s][info][gc,metaspace] GC(1353) Metaspace: 6110K(6208K)->6110K(6208K) NonClass: 5629K(5696K)->5629K(5696K) Class: 481K(512K)->481K(512K)
[336.942s][info][gc          ] GC(1353) Pause Young (Allocation Failure) 502M->338M(498M) 2.809ms
[336.942s][info][gc,cpu      ] GC(1353) User=0.01s Sys=0.00s Real=0.01s
[337.241s][info][gc,start    ] GC(1354) Pause Young (Allocation Failure)
[337.243s][info][gc,heap     ] GC(1354) PSYoungGen: 163538K(163840K)->722K(158208K) Eden: 162816K(162816K)->0K(157184K) From: 722K(1024K)->722K(1024K)
[337.243s][info][gc,heap     ] GC(1354) ParOldGen: 345738K(346112K)->345738K(346112K)
[337.243s][info][gc,metaspace] GC(1354) Metaspace: 6110K(6208K)->6110K(6208K) NonClass: 5629K(5696K)->5629K(5696K) Class: 481K(512K)->481K(512K)
[337.243s][info][gc          ] GC(1354) Pause Young (Allocation Failure) 497M->338M(492M) 2.593ms
[337.243s][info][gc,cpu      ] GC(1354) User=0.00s Sys=0.00s Real=0.00s
[337.536s][info][gc,start    ] GC(1355) Pause Young (Allocation Failure)
[337.540s][info][gc,heap     ] GC(1355) PSYoungGen: 157906K(158208K)->498K(152576K) Eden: 157184K(157184K)->0K(152064K) From: 722K(1024K)->498K(512K)
[337.540s][info][gc,heap     ] GC(1355) ParOldGen: 345738K(346112K)->345946K(346112K)
[337.540s][info][gc,metaspace] GC(1355) Metaspace: 6110K(6208K)->6110K(6208K) NonClass: 5629K(5696K)->5629K(5696K) Class: 481K(512K)->481K(512K)
[337.540s][info][gc          ] GC(1355) Pause Young (Allocation Failure) 491M->338M(487M) 3.690ms
[337.540s][info][gc,cpu      ] GC(1355) User=0.01s Sys=0.00s Real=0.00s
[337.816s][info][gc,start    ] GC(1356) Pause Young (Allocation Failure)
[337.818s][info][gc,heap     ] GC(1356) PSYoungGen: 152562K(152576K)->704K(147968K) Eden: 152064K(152064K)->0K(146944K) From: 498K(512K)->704K(1024K)
[337.818s][info][gc,heap     ] GC(1356) ParOldGen: 345946K(346112K)->345946K(346112K)
[337.818s][info][gc,metaspace] GC(1356) Metaspace: 6110K(6208K)->6110K(6208K) NonClass: 5629K(5696K)->5629K(5696K) Class: 481K(512K)->481K(512K)
[337.818s][info][gc          ] GC(1356) Pause Young (Allocation Failure) 486M->338M(482M) 1.838ms
[337.818s][info][gc,cpu      ] GC(1356) User=0.00s Sys=0.00s Real=0.00s
[338.092s][info][gc,start    ] GC(1357) Pause Young (Allocation Failure)
[338.094s][info][gc,heap     ] GC(1357) PSYoungGen: 147648K(147968K)->672K(143360K) Eden: 146944K(146944K)->0K(142336K) From: 704K(1024K)->672K(1024K)
[338.094s][info][gc,heap     ] GC(1357) ParOldGen: 345946K(346112K)->345962K(346112K)
[338.094s][info][gc,metaspace] GC(1357) Metaspace: 6110K(6208K)->6110K(6208K) NonClass: 5629K(5696K)->5629K(5696K) Class: 481K(512K)->481K(512K)
[338.094s][info][gc          ] GC(1357) Pause Young (Allocation Failure) 482M->338M(478M) 1.707ms
[338.094s][info][gc,cpu      ] GC(1357) User=0.00s Sys=0.00s Real=0.00s
[338.371s][info][gc,start    ] GC(1358) Pause Young (Allocation Failure)
[338.372s][info][gc,heap     ] GC(1358) PSYoungGen: 143008K(143360K)->448K(138240K) Eden: 142336K(142336K)->0K(137728K) From: 672K(1024K)->448K(512K)
[338.372s][info][gc,heap     ] GC(1358) ParOldGen: 345962K(346112K)->345962K(346112K)
[338.372s][info][gc,metaspace] GC(1358) Metaspace: 6110K(6208K)->6110K(6208K) NonClass: 5629K(5696K)->5629K(5696K) Class: 481K(512K)->481K(512K)
[338.372s][info][gc          ] GC(1358) Pause Young (Allocation Failure) 477M->338M(473M) 1.244ms
[338.372s][info][gc,cpu      ] GC(1358) User=0.00s Sys=0.00s Real=0.00s
[338.655s][info][gc,start    ] GC(1359) Pause Young (Allocation Failure)
[338.656s][info][gc,heap     ] GC(1359) PSYoungGen: 138176K(138240K)->704K(134144K) Eden: 137728K(137728K)->0K(133120K) From: 448K(512K)->704K(1024K)
[338.656s][info][gc,heap     ] GC(1359) ParOldGen: 345962K(346112K)->345962K(346112K)
[338.656s][info][gc,metaspace] GC(1359) Metaspace: 6110K(6208K)->6110K(6208K) NonClass: 5629K(5696K)->5629K(5696K) Class: 481K(512K)->481K(512K)
[338.656s][info][gc          ] GC(1359) Pause Young (Allocation Failure) 472M->338M(469M) 1.471ms
[338.656s][info][gc,cpu      ] GC(1359) User=0.00s Sys=0.00s Real=0.00s
[338.917s][info][gc,start    ] GC(1360) Pause Young (Allocation Failure)
[338.919s][info][gc,heap     ] GC(1360) PSYoungGen: 133824K(134144K)->768K(130048K) Eden: 133120K(133120K)->0K(129024K) From: 704K(1024K)->768K(1024K)
[338.919s][info][gc,heap     ] GC(1360) ParOldGen: 345962K(346112K)->345962K(346112K)
[338.919s][info][gc,metaspace] GC(1360) Metaspace: 6110K(6208K)->6110K(6208K) NonClass: 5629K(5696K)->5629K(5696K) Class: 481K(512K)->481K(512K)
[338.919s][info][gc          ] GC(1360) Pause Young (Allocation Failure) 468M->338M(465M) 1.518ms
[338.919s][info][gc,cpu      ] GC(1360) User=0.01s Sys=0.00s Real=0.00s
[339.263s][info][gc,start    ] GC(1361) Pause Young (Allocation Failure)
[339.265s][info][gc,heap     ] GC(1361) PSYoungGen: 129792K(130048K)->512K(125440K) Eden: 129024K(129024K)->0K(124928K) From: 768K(1024K)->512K(512K)
[339.265s][info][gc,heap     ] GC(1361) ParOldGen: 345962K(346112K)->346178K(346624K)
[339.265s][info][gc,metaspace] GC(1361) Metaspace: 6110K(6208K)->6110K(6208K) NonClass: 5629K(5696K)->5629K(5696K) Class: 481K(512K)->481K(512K)
[339.265s][info][gc          ] GC(1361) Pause Young (Allocation Failure) 464M->338M(461M) 1.920ms
[339.265s][info][gc,cpu      ] GC(1361) User=0.00s Sys=0.00s Real=0.00s
[339.624s][info][gc,start    ] GC(1362) Pause Young (Allocation Failure)
[339.625s][info][gc,heap     ] GC(1362) PSYoungGen: 125440K(125440K)->754K(121856K) Eden: 124928K(124928K)->0K(120832K) From: 512K(512K)->754K(1024K)
[339.625s][info][gc,heap     ] GC(1362) ParOldGen: 346178K(346624K)->346178K(346624K)
[339.625s][info][gc,metaspace] GC(1362) Metaspace: 6110K(6208K)->6110K(6208K) NonClass: 5629K(5696K)->5629K(5696K) Class: 481K(512K)->481K(512K)
[339.625s][info][gc          ] GC(1362) Pause Young (Allocation Failure) 460M->338M(457M) 1.762ms
[339.625s][info][gc,cpu      ] GC(1362) User=0.01s Sys=0.00s Real=0.00s
[339.950s][info][gc,start    ] GC(1363) Pause Young (Allocation Failure)
[339.951s][info][gc,heap     ] GC(1363) PSYoungGen: 121586K(121856K)->672K(118272K) Eden: 120832K(120832K)->0K(117248K) From: 754K(1024K)->672K(1024K)
[339.952s][info][gc,heap     ] GC(1363) ParOldGen: 346178K(346624K)->346210K(346624K)
[339.952s][info][gc,metaspace] GC(1363) Metaspace: 6110K(6208K)->6110K(6208K) NonClass: 5629K(5696K)->5629K(5696K) Class: 481K(512K)->481K(512K)
[339.952s][info][gc          ] GC(1363) Pause Young (Allocation Failure) 456M->338M(454M) 1.599ms
[339.952s][info][gc,cpu      ] GC(1363) User=0.01s Sys=0.00s Real=0.01s
[340.186s][info][gc,start    ] GC(1364) Pause Young (Allocation Failure)
[340.188s][info][gc,heap     ] GC(1364) PSYoungGen: 117920K(118272K)->736K(114688K) Eden: 117248K(117248K)->0K(113664K) From: 672K(1024K)->736K(1024K)
[340.188s][info][gc,heap     ] GC(1364) ParOldGen: 346210K(346624K)->346210K(346624K)
[340.188s][info][gc,metaspace] GC(1364) Metaspace: 6110K(6208K)->6110K(6208K) NonClass: 5629K(5696K)->5629K(5696K) Class: 481K(512K)->481K(512K)
[340.188s][info][gc          ] GC(1364) Pause Young (Allocation Failure) 453M->338M(450M) 1.487ms
[340.188s][info][gc,cpu      ] GC(1364) User=0.01s Sys=0.00s Real=0.00s
[340.389s][info][gc,start    ] GC(1365) Pause Young (Allocation Failure)
[340.390s][info][gc,heap     ] GC(1365) PSYoungGen: 114400K(114688K)->512K(110592K) Eden: 113664K(113664K)->0K(110080K) From: 736K(1024K)->512K(512K)
[340.390s][info][gc,heap     ] GC(1365) ParOldGen: 346210K(346624K)->346442K(346624K)
[340.391s][info][gc,metaspace] GC(1365) Metaspace: 6110K(6208K)->6110K(6208K) NonClass: 5629K(5696K)->5629K(5696K) Class: 481K(512K)->481K(512K)
[340.391s][info][gc          ] GC(1365) Pause Young (Allocation Failure) 449M->338M(446M) 1.528ms
[340.391s][info][gc,cpu      ] GC(1365) User=0.00s Sys=0.00s Real=0.01s
[340.581s][info][gc,start    ] GC(1366) Pause Young (Allocation Failure)
[340.582s][info][gc,heap     ] GC(1366) PSYoungGen: 110592K(110592K)->640K(108032K) Eden: 110080K(110080K)->0K(107008K) From: 512K(512K)->640K(1024K)
[340.582s][info][gc,heap     ] GC(1366) ParOldGen: 346442K(346624K)->346442K(346624K)
[340.582s][info][gc,metaspace] GC(1366) Metaspace: 6110K(6208K)->6110K(6208K) NonClass: 5629K(5696K)->5629K(5696K) Class: 481K(512K)->481K(512K)
[340.582s][info][gc          ] GC(1366) Pause Young (Allocation Failure) 446M->338M(444M) 1.341ms
[340.582s][info][gc,cpu      ] GC(1366) User=0.00s Sys=0.00s Real=0.00s
[340.797s][info][gc,start    ] GC(1367) Pause Young (Allocation Failure)
[340.799s][info][gc,heap     ] GC(1367) PSYoungGen: 107648K(108032K)->672K(104960K) Eden: 107008K(107008K)->0K(103936K) From: 640K(1024K)->672K(1024K)
[340.799s][info][gc,heap     ] GC(1367) ParOldGen: 346442K(346624K)->346466K(346624K)
[340.799s][info][gc,metaspace] GC(1367) Metaspace: 6110K(6208K)->6110K(6208K) NonClass: 5629K(5696K)->5629K(5696K) Class: 481K(512K)->481K(512K)
[340.799s][info][gc          ] GC(1367) Pause Young (Allocation Failure) 443M->339M(441M) 1.470ms
[340.799s][info][gc,cpu      ] GC(1367) User=0.00s Sys=0.00s Real=0.00s
[341.054s][info][gc,start    ] GC(1368) Pause Young (Allocation Failure)
[341.056s][info][gc,heap     ] GC(1368) PSYoungGen: 104608K(104960K)->640K(101888K) Eden: 103936K(103936K)->0K(100864K) From: 672K(1024K)->640K(1024K)
[341.056s][info][gc,heap     ] GC(1368) ParOldGen: 346466K(346624K)->346466K(346624K)
[341.056s][info][gc,metaspace] GC(1368) Metaspace: 6110K(6208K)->6110K(6208K) NonClass: 5629K(5696K)->5629K(5696K) Class: 481K(512K)->481K(512K)
[341.056s][info][gc          ] GC(1368) Pause Young (Allocation Failure) 440M->338M(438M) 1.504ms
[341.056s][info][gc,cpu      ] GC(1368) User=0.00s Sys=0.00s Real=0.00s
[341.297s][info][gc,start    ] GC(1369) Pause Young (Allocation Failure)
[341.299s][info][gc,heap     ] GC(1369) PSYoungGen: 101504K(101888K)->160K(98816K) Eden: 100864K(100864K)->0K(98304K) From: 640K(1024K)->160K(512K)
[341.299s][info][gc,heap     ] GC(1369) ParOldGen: 346466K(346624K)->347103K(347136K)
[341.299s][info][gc,metaspace] GC(1369) Metaspace: 6110K(6208K)->6110K(6208K) NonClass: 5629K(5696K)->5629K(5696K) Class: 481K(512K)->481K(512K)
[341.299s][info][gc          ] GC(1369) Pause Young (Allocation Failure) 437M->339M(435M) 2.153ms
[341.299s][info][gc,cpu      ] GC(1369) User=0.01s Sys=0.00s Real=0.00s
[341.552s][info][gc,start    ] GC(1370) Pause Young (Allocation Failure)
[341.554s][info][gc,heap     ] GC(1370) PSYoungGen: 98464K(98816K)->818K(96768K) Eden: 98304K(98304K)->0K(95744K) From: 160K(512K)->818K(1024K)
[341.554s][info][gc,heap     ] GC(1370) ParOldGen: 347103K(347136K)->347231K(347648K)
[341.554s][info][gc,metaspace] GC(1370) Metaspace: 6110K(6208K)->6110K(6208K) NonClass: 5629K(5696K)->5629K(5696K) Class: 481K(512K)->481K(512K)
[341.554s][info][gc          ] GC(1370) Pause Young (Allocation Failure) 435M->339M(434M) 2.098ms
[341.554s][info][gc,cpu      ] GC(1370) User=0.00s Sys=0.00s Real=0.00s
[341.775s][info][gc,start    ] GC(1371) Pause Young (Allocation Failure)
[341.777s][info][gc,heap     ] GC(1371) PSYoungGen: 96562K(96768K)->768K(94208K) Eden: 95744K(95744K)->0K(93184K) From: 818K(1024K)->768K(1024K)
[341.777s][info][gc,heap     ] GC(1371) ParOldGen: 347231K(347648K)->347327K(347648K)
[341.777s][info][gc,metaspace] GC(1371) Metaspace: 6110K(6208K)->6110K(6208K) NonClass: 5629K(5696K)->5629K(5696K) Class: 481K(512K)->481K(512K)
[341.777s][info][gc          ] GC(1371) Pause Young (Allocation Failure) 433M->339M(431M) 1.844ms
[341.777s][info][gc,cpu      ] GC(1371) User=0.00s Sys=0.00s Real=0.00s
[341.983s][info][gc,start    ] GC(1372) Pause Young (Allocation Failure)
[341.984s][info][gc,heap     ] GC(1372) PSYoungGen: 93952K(94208K)->672K(91648K) Eden: 93184K(93184K)->0K(90624K) From: 768K(1024K)->672K(1024K)
[341.984s][info][gc,heap     ] GC(1372) ParOldGen: 347327K(347648K)->347327K(347648K)
[341.984s][info][gc,metaspace] GC(1372) Metaspace: 6110K(6208K)->6110K(6208K) NonClass: 5629K(5696K)->5629K(5696K) Class: 481K(512K)->481K(512K)
[341.984s][info][gc          ] GC(1372) Pause Young (Allocation Failure) 430M->339M(429M) 1.354ms
[341.984s][info][gc,cpu      ] GC(1372) User=0.01s Sys=0.00s Real=0.00s
[342.223s][info][gc,start    ] GC(1373) Pause Young (Allocation Failure)
[342.225s][info][gc,heap     ] GC(1373) PSYoungGen: 91296K(91648K)->512K(88576K) Eden: 90624K(90624K)->0K(88064K) From: 672K(1024K)->512K(512K)
[342.225s][info][gc,heap     ] GC(1373) ParOldGen: 347327K(347648K)->347527K(347648K)
[342.225s][info][gc,metaspace] GC(1373) Metaspace: 6110K(6208K)->6110K(6208K) NonClass: 5629K(5696K)->5629K(5696K) Class: 481K(512K)->481K(512K)
[342.225s][info][gc          ] GC(1373) Pause Young (Allocation Failure) 428M->339M(426M) 1.738ms
[342.225s][info][gc,cpu      ] GC(1373) User=0.00s Sys=0.00s Real=0.00s
[342.450s][info][gc,start    ] GC(1374) Pause Young (Allocation Failure)
[342.452s][info][gc,heap     ] GC(1374) PSYoungGen: 88576K(88576K)->768K(87040K) Eden: 88064K(88064K)->0K(86016K) From: 512K(512K)->768K(1024K)
[342.452s][info][gc,heap     ] GC(1374) ParOldGen: 347527K(347648K)->347527K(347648K)
[342.452s][info][gc,metaspace] GC(1374) Metaspace: 6110K(6208K)->6110K(6208K) NonClass: 5629K(5696K)->5629K(5696K) Class: 481K(512K)->481K(512K)
[342.452s][info][gc          ] GC(1374) Pause Young (Allocation Failure) 425M->340M(424M) 1.545ms
[342.452s][info][gc,cpu      ] GC(1374) User=0.01s Sys=0.00s Real=0.01s
[342.674s][info][gc,start    ] GC(1375) Pause Young (Allocation Failure)
[342.676s][info][gc,heap     ] GC(1375) PSYoungGen: 86784K(87040K)->384K(303104K) Eden: 86016K(86016K)->0K(302592K) From: 768K(1024K)->384K(512K)
[342.676s][info][gc,heap     ] GC(1375) ParOldGen: 347527K(347648K)->347894K(348160K)
[342.676s][info][gc,metaspace] GC(1375) Metaspace: 6110K(6208K)->6110K(6208K) NonClass: 5629K(5696K)->5629K(5696K) Class: 481K(512K)->481K(512K)
[342.676s][info][gc          ] GC(1375) Pause Young (Allocation Failure) 424M->340M(636M) 1.803ms
[342.676s][info][gc,cpu      ] GC(1375) User=0.00s Sys=0.01s Real=0.00s
[343.322s][info][gc,start    ] GC(1376) Pause Young (Allocation Failure)
[343.324s][info][gc,heap     ] GC(1376) PSYoungGen: 302976K(303104K)->722K(291328K) Eden: 302592K(302592K)->0K(290304K) From: 384K(512K)->722K(1024K)
[343.324s][info][gc,heap     ] GC(1376) ParOldGen: 347894K(348160K)->347966K(348160K)
[343.324s][info][gc,metaspace] GC(1376) Metaspace: 6110K(6208K)->6110K(6208K) NonClass: 5629K(5696K)->5629K(5696K) Class: 481K(512K)->481K(512K)
[343.324s][info][gc          ] GC(1376) Pause Young (Allocation Failure) 635M->340M(624M) 1.840ms
[343.324s][info][gc,cpu      ] GC(1376) User=0.00s Sys=0.00s Real=0.00s
[343.828s][info][gc,start    ] GC(1377) Pause Young (Allocation Failure)
[343.829s][info][gc,heap     ] GC(1377) PSYoungGen: 291026K(291328K)->416K(279040K) Eden: 290304K(290304K)->0K(278528K) From: 722K(1024K)->416K(512K)
[343.829s][info][gc,heap     ] GC(1377) ParOldGen: 347966K(348160K)->347998K(348160K)
[343.829s][info][gc,metaspace] GC(1377) Metaspace: 6110K(6208K)->6110K(6208K) NonClass: 5629K(5696K)->5629K(5696K) Class: 481K(512K)->481K(512K)
[343.829s][info][gc          ] GC(1377) Pause Young (Allocation Failure) 624M->340M(612M) 1.463ms
[343.829s][info][gc,cpu      ] GC(1377) User=0.00s Sys=0.00s Real=0.00s
[344.281s][info][gc,start    ] GC(1378) Pause Young (Allocation Failure)
[344.283s][info][gc,heap     ] GC(1378) PSYoungGen: 278944K(279040K)->704K(268288K) Eden: 278528K(278528K)->0K(267264K) From: 416K(512K)->704K(1024K)
[344.283s][info][gc,heap     ] GC(1378) ParOldGen: 347998K(348160K)->347998K(348160K)
[344.283s][info][gc,metaspace] GC(1378) Metaspace: 6110K(6208K)->6110K(6208K) NonClass: 5629K(5696K)->5629K(5696K) Class: 481K(512K)->481K(512K)
[344.283s][info][gc          ] GC(1378) Pause Young (Allocation Failure) 612M->340M(602M) 1.461ms
[344.283s][info][gc,cpu      ] GC(1378) User=0.01s Sys=0.00s Real=0.00s
[344.691s][info][gc,start    ] GC(1379) Pause Young (Allocation Failure)
[344.693s][info][gc,heap     ] GC(1379) PSYoungGen: 267968K(268288K)->672K(258048K) Eden: 267264K(267264K)->0K(257024K) From: 704K(1024K)->672K(1024K)
[344.693s][info][gc,heap     ] GC(1379) ParOldGen: 347998K(348160K)->347998K(348160K)
[344.693s][info][gc,metaspace] GC(1379) Metaspace: 6110K(6208K)->6110K(6208K) NonClass: 5629K(5696K)->5629K(5696K) Class: 481K(512K)->481K(512K)
[344.693s][info][gc          ] GC(1379) Pause Young (Allocation Failure) 601M->340M(592M) 1.362ms
[344.693s][info][gc,cpu      ] GC(1379) User=0.00s Sys=0.00s Real=0.00s
[345.091s][info][gc,start    ] GC(1380) Pause Young (Allocation Failure)
[345.093s][info][gc,heap     ] GC(1380) PSYoungGen: 257696K(258048K)->672K(247808K) Eden: 257024K(257024K)->0K(246784K) From: 672K(1024K)->672K(1024K)
[345.093s][info][gc,heap     ] GC(1380) ParOldGen: 347998K(348160K)->347998K(348160K)
[345.093s][info][gc,metaspace] GC(1380) Metaspace: 6110K(6208K)->6110K(6208K) NonClass: 5629K(5696K)->5629K(5696K) Class: 481K(512K)->481K(512K)
[345.093s][info][gc          ] GC(1380) Pause Young (Allocation Failure) 591M->340M(582M) 1.420ms
[345.093s][info][gc,cpu      ] GC(1380) User=0.00s Sys=0.00s Real=0.00s
[345.500s][info][gc,start    ] GC(1381) Pause Young (Allocation Failure)
[345.502s][info][gc,heap     ] GC(1381) PSYoungGen: 247456K(247808K)->512K(237568K) Eden: 246784K(246784K)->0K(237056K) From: 672K(1024K)->512K(512K)
[345.502s][info][gc,heap     ] GC(1381) ParOldGen: 347998K(348160K)->348126K(348160K)
[345.502s][info][gc,metaspace] GC(1381) Metaspace: 6110K(6208K)->6110K(6208K) NonClass: 5629K(5696K)->5629K(5696K) Class: 481K(512K)->481K(512K)
[345.502s][info][gc          ] GC(1381) Pause Young (Allocation Failure) 581M->340M(572M) 1.378ms
[345.502s][info][gc,cpu      ] GC(1381) User=0.00s Sys=0.00s Real=0.01s
[345.883s][info][gc,start    ] GC(1382) Pause Young (Allocation Failure)
[345.886s][info][gc,heap     ] GC(1382) PSYoungGen: 237568K(237568K)->800K(228864K) Eden: 237056K(237056K)->0K(227840K) From: 512K(512K)->800K(1024K)
[345.886s][info][gc,heap     ] GC(1382) ParOldGen: 348126K(348160K)->348126K(348160K)
[345.886s][info][gc,metaspace] GC(1382) Metaspace: 6110K(6208K)->6110K(6208K) NonClass: 5629K(5696K)->5629K(5696K) Class: 481K(512K)->481K(512K)
[345.886s][info][gc          ] GC(1382) Pause Young (Allocation Failure) 571M->340M(563M) 2.848ms
[345.886s][info][gc,cpu      ] GC(1382) User=0.00s Sys=0.00s Real=0.00s
[346.252s][info][gc,start    ] GC(1383) Pause Young (Allocation Failure)
[346.255s][info][gc,heap     ] GC(1383) PSYoungGen: 228640K(228864K)->594K(220160K) Eden: 227840K(227840K)->0K(219136K) From: 800K(1024K)->594K(1024K)
[346.255s][info][gc,heap     ] GC(1383) ParOldGen: 348126K(348160K)->348158K(348160K)
[346.255s][info][gc,metaspace] GC(1383) Metaspace: 6110K(6208K)->6110K(6208K) NonClass: 5629K(5696K)->5629K(5696K) Class: 481K(512K)->481K(512K)
[346.255s][info][gc          ] GC(1383) Pause Young (Allocation Failure) 563M->340M(555M) 2.634ms
[346.255s][info][gc,cpu      ] GC(1383) User=0.00s Sys=0.00s Real=0.00s
[346.590s][info][gc,start    ] GC(1384) Pause Young (Allocation Failure)
[346.592s][info][gc,heap     ] GC(1384) PSYoungGen: 219730K(220160K)->768K(211968K) Eden: 219136K(219136K)->0K(210944K) From: 594K(1024K)->768K(1024K)
[346.592s][info][gc,heap     ] GC(1384) ParOldGen: 348158K(348160K)->348158K(348160K)
[346.592s][info][gc,metaspace] GC(1384) Metaspace: 6110K(6208K)->6110K(6208K) NonClass: 5629K(5696K)->5629K(5696K) Class: 481K(512K)->481K(512K)
[346.592s][info][gc          ] GC(1384) Pause Young (Allocation Failure) 554M->340M(547M) 1.608ms
[346.592s][info][gc,cpu      ] GC(1384) User=0.00s Sys=0.00s Real=0.01s
[346.929s][info][gc,start    ] GC(1385) Pause Young (Allocation Failure)
[346.931s][info][gc,heap     ] GC(1385) PSYoungGen: 211712K(211968K)->498K(203776K) Eden: 210944K(210944K)->0K(203264K) From: 768K(1024K)->498K(512K)
[346.931s][info][gc,heap     ] GC(1385) ParOldGen: 348158K(348160K)->348262K(348672K)
[346.931s][info][gc,metaspace] GC(1385) Metaspace: 6110K(6208K)->6110K(6208K) NonClass: 5629K(5696K)->5629K(5696K) Class: 481K(512K)->481K(512K)
[346.931s][info][gc          ] GC(1385) Pause Young (Allocation Failure) 546M->340M(539M) 2.349ms
[346.931s][info][gc,cpu      ] GC(1385) User=0.00s Sys=0.00s Real=0.01s
[347.268s][info][gc,start    ] GC(1386) Pause Young (Allocation Failure)
[347.270s][info][gc,heap     ] GC(1386) PSYoungGen: 203762K(203776K)->690K(196608K) Eden: 203264K(203264K)->0K(195584K) From: 498K(512K)->690K(1024K)
[347.270s][info][gc,heap     ] GC(1386) ParOldGen: 348262K(348672K)->348262K(348672K)
[347.270s][info][gc,metaspace] GC(1386) Metaspace: 6110K(6208K)->6110K(6208K) NonClass: 5629K(5696K)->5629K(5696K) Class: 481K(512K)->481K(512K)
[347.270s][info][gc          ] GC(1386) Pause Young (Allocation Failure) 539M->340M(532M) 2.397ms
[347.270s][info][gc,cpu      ] GC(1386) User=0.00s Sys=0.00s Real=0.00s
[347.556s][info][gc,start    ] GC(1387) Pause Young (Allocation Failure)
[347.558s][info][gc,heap     ] GC(1387) PSYoungGen: 196274K(196608K)->800K(189440K) Eden: 195584K(195584K)->0K(188416K) From: 690K(1024K)->800K(1024K)
[347.558s][info][gc,heap     ] GC(1387) ParOldGen: 348262K(348672K)->348302K(348672K)
[347.558s][info][gc,metaspace] GC(1387) Metaspace: 6110K(6208K)->6110K(6208K) NonClass: 5629K(5696K)->5629K(5696K) Class: 481K(512K)->481K(512K)
[347.558s][info][gc          ] GC(1387) Pause Young (Allocation Failure) 531M->340M(525M) 1.613ms
[347.558s][info][gc,cpu      ] GC(1387) User=0.00s Sys=0.00s Real=0.00s
[347.828s][info][gc,start    ] GC(1388) Pause Young (Allocation Failure)
[347.830s][info][gc,heap     ] GC(1388) PSYoungGen: 189216K(189440K)->402K(182272K) Eden: 188416K(188416K)->0K(181760K) From: 800K(1024K)->402K(512K)
[347.830s][info][gc,heap     ] GC(1388) ParOldGen: 348302K(348672K)->348302K(348672K)
[347.830s][info][gc,metaspace] GC(1388) Metaspace: 6110K(6208K)->6110K(6208K) NonClass: 5629K(5696K)->5629K(5696K) Class: 481K(512K)->481K(512K)
[347.830s][info][gc          ] GC(1388) Pause Young (Allocation Failure) 524M->340M(518M) 2.008ms
[347.830s][info][gc,cpu      ] GC(1388) User=0.00s Sys=0.00s Real=0.00s
[348.083s][info][gc,start    ] GC(1389) Pause Young (Allocation Failure)
[348.085s][info][gc,heap     ] GC(1389) PSYoungGen: 182162K(182272K)->704K(176128K) Eden: 181760K(181760K)->0K(175104K) From: 402K(512K)->704K(1024K)
[348.085s][info][gc,heap     ] GC(1389) ParOldGen: 348302K(348672K)->348302K(348672K)
[348.085s][info][gc,metaspace] GC(1389) Metaspace: 6110K(6208K)->6110K(6208K) NonClass: 5629K(5696K)->5629K(5696K) Class: 481K(512K)->481K(512K)
[348.085s][info][gc          ] GC(1389) Pause Young (Allocation Failure) 518M->340M(512M) 1.843ms
[348.085s][info][gc,cpu      ] GC(1389) User=0.00s Sys=0.00s Real=0.00s
[348.329s][info][gc,start    ] GC(1390) Pause Young (Allocation Failure)
[348.331s][info][gc,heap     ] GC(1390) PSYoungGen: 175808K(176128K)->704K(169984K) Eden: 175104K(175104K)->0K(168960K) From: 704K(1024K)->704K(1024K)
[348.331s][info][gc,heap     ] GC(1390) ParOldGen: 348302K(348672K)->348302K(348672K)
[348.331s][info][gc,metaspace] GC(1390) Metaspace: 6110K(6208K)->6110K(6208K) NonClass: 5629K(5696K)->5629K(5696K) Class: 481K(512K)->481K(512K)
[348.331s][info][gc          ] GC(1390) Pause Young (Allocation Failure) 511M->340M(506M) 1.485ms
[348.331s][info][gc,cpu      ] GC(1390) User=0.00s Sys=0.00s Real=0.01s
[348.577s][info][gc,start    ] GC(1391) Pause Young (Allocation Failure)
[348.579s][info][gc,heap     ] GC(1391) PSYoungGen: 169664K(169984K)->512K(163840K) Eden: 168960K(168960K)->0K(163328K) From: 704K(1024K)->512K(512K)
[348.579s][info][gc,heap     ] GC(1391) ParOldGen: 348302K(348672K)->348446K(348672K)
[348.579s][info][gc,metaspace] GC(1391) Metaspace: 6110K(6208K)->6110K(6208K) NonClass: 5629K(5696K)->5629K(5696K) Class: 481K(512K)->481K(512K)
[348.579s][info][gc          ] GC(1391) Pause Young (Allocation Failure) 505M->340M(500M) 1.458ms
[348.579s][info][gc,cpu      ] GC(1391) User=0.00s Sys=0.00s Real=0.00s
[348.822s][info][gc,start    ] GC(1392) Pause Young (Allocation Failure)
[348.824s][info][gc,heap     ] GC(1392) PSYoungGen: 163840K(163840K)->754K(158720K) Eden: 163328K(163328K)->0K(157696K) From: 512K(512K)->754K(1024K)
[348.824s][info][gc,heap     ] GC(1392) ParOldGen: 348446K(348672K)->348446K(348672K)
[348.824s][info][gc,metaspace] GC(1392) Metaspace: 6110K(6208K)->6110K(6208K) NonClass: 5629K(5696K)->5629K(5696K) Class: 481K(512K)->481K(512K)
[348.824s][info][gc          ] GC(1392) Pause Young (Allocation Failure) 500M->341M(495M) 2.573ms
[348.824s][info][gc,cpu      ] GC(1392) User=0.01s Sys=0.00s Real=0.00s
[349.064s][info][gc,start    ] GC(1393) Pause Young (Allocation Failure)
[349.065s][info][gc,heap     ] GC(1393) PSYoungGen: 158450K(158720K)->736K(153600K) Eden: 157696K(157696K)->0K(152576K) From: 754K(1024K)->736K(1024K)
[349.065s][info][gc,heap     ] GC(1393) ParOldGen: 348446K(348672K)->348470K(348672K)
[349.065s][info][gc,metaspace] GC(1393) Metaspace: 6110K(6208K)->6110K(6208K) NonClass: 5629K(5696K)->5629K(5696K) Class: 481K(512K)->481K(512K)
[349.065s][info][gc          ] GC(1393) Pause Young (Allocation Failure) 495M->341M(490M) 1.506ms
[349.065s][info][gc,cpu      ] GC(1393) User=0.01s Sys=0.00s Real=0.00s
[349.296s][info][gc,start    ] GC(1394) Pause Young (Allocation Failure)
[349.298s][info][gc,heap     ] GC(1394) PSYoungGen: 153312K(153600K)->722K(148480K) Eden: 152576K(152576K)->0K(147456K) From: 736K(1024K)->722K(1024K)
[349.298s][info][gc,heap     ] GC(1394) ParOldGen: 348470K(348672K)->348470K(348672K)
[349.298s][info][gc,metaspace] GC(1394) Metaspace: 6110K(6208K)->6110K(6208K) NonClass: 5629K(5696K)->5629K(5696K) Class: 481K(512K)->481K(512K)
[349.298s][info][gc          ] GC(1394) Pause Young (Allocation Failure) 490M->341M(485M) 2.579ms
[349.298s][info][gc,cpu      ] GC(1394) User=0.00s Sys=0.00s Real=0.00s
[349.514s][info][gc,start    ] GC(1395) Pause Young (Allocation Failure)
[349.517s][info][gc,heap     ] GC(1395) PSYoungGen: 148178K(148480K)->498K(143360K) Eden: 147456K(147456K)->0K(142848K) From: 722K(1024K)->498K(512K)
[349.517s][info][gc,heap     ] GC(1395) ParOldGen: 348470K(348672K)->348718K(349184K)
[349.517s][info][gc,metaspace] GC(1395) Metaspace: 6110K(6208K)->6110K(6208K) NonClass: 5629K(5696K)->5629K(5696K) Class: 481K(512K)->481K(512K)
[349.517s][info][gc          ] GC(1395) Pause Young (Allocation Failure) 485M->341M(481M) 2.667ms
[349.517s][info][gc,cpu      ] GC(1395) User=0.00s Sys=0.00s Real=0.00s
[349.734s][info][gc,start    ] GC(1396) Pause Young (Allocation Failure)
[349.735s][info][gc,heap     ] GC(1396) PSYoungGen: 143346K(143360K)->800K(139264K) Eden: 142848K(142848K)->0K(138240K) From: 498K(512K)->800K(1024K)
[349.735s][info][gc,heap     ] GC(1396) ParOldGen: 348718K(349184K)->348718K(349184K)
[349.735s][info][gc,metaspace] GC(1396) Metaspace: 6110K(6208K)->6110K(6208K) NonClass: 5629K(5696K)->5629K(5696K) Class: 481K(512K)->481K(512K)
[349.735s][info][gc          ] GC(1396) Pause Young (Allocation Failure) 480M->341M(477M) 1.471ms
[349.735s][info][gc,cpu      ] GC(1396) User=0.00s Sys=0.00s Real=0.00s
[349.940s][info][gc,start    ] GC(1397) Pause Young (Allocation Failure)
[349.941s][info][gc,heap     ] GC(1397) PSYoungGen: 139040K(139264K)->736K(134656K) Eden: 138240K(138240K)->0K(133632K) From: 800K(1024K)->736K(1024K)
[349.941s][info][gc,heap     ] GC(1397) ParOldGen: 348718K(349184K)->348734K(349184K)
[349.941s][info][gc,metaspace] GC(1397) Metaspace: 6110K(6208K)->6110K(6208K) NonClass: 5629K(5696K)->5629K(5696K) Class: 481K(512K)->481K(512K)
[349.941s][info][gc          ] GC(1397) Pause Young (Allocation Failure) 476M->341M(472M) 1.429ms
[349.941s][info][gc,cpu      ] GC(1397) User=0.00s Sys=0.00s Real=0.01s
[350.137s][info][gc,start    ] GC(1398) Pause Young (Allocation Failure)
[350.139s][info][gc,heap     ] GC(1398) PSYoungGen: 134368K(134656K)->832K(130560K) Eden: 133632K(133632K)->0K(129536K) From: 736K(1024K)->832K(1024K)
[350.139s][info][gc,heap     ] GC(1398) ParOldGen: 348734K(349184K)->348734K(349184K)
[350.139s][info][gc,metaspace] GC(1398) Metaspace: 6110K(6208K)->6110K(6208K) NonClass: 5629K(5696K)->5629K(5696K) Class: 481K(512K)->481K(512K)
[350.139s][info][gc          ] GC(1398) Pause Young (Allocation Failure) 471M->341M(468M) 1.634ms
[350.139s][info][gc,cpu      ] GC(1398) User=0.00s Sys=0.00s Real=0.00s
[350.327s][info][gc,start    ] GC(1399) Pause Young (Allocation Failure)
[350.329s][info][gc,heap     ] GC(1399) PSYoungGen: 130368K(130560K)->512K(125952K) Eden: 129536K(129536K)->0K(125440K) From: 832K(1024K)->512K(512K)
[350.329s][info][gc,heap     ] GC(1399) ParOldGen: 348734K(349184K)->348990K(349184K)
[350.329s][info][gc,metaspace] GC(1399) Metaspace: 6110K(6208K)->6110K(6208K) NonClass: 5629K(5696K)->5629K(5696K) Class: 481K(512K)->481K(512K)
[350.329s][info][gc          ] GC(1399) Pause Young (Allocation Failure) 467M->341M(464M) 1.619ms
[350.329s][info][gc,cpu      ] GC(1399) User=0.00s Sys=0.00s Real=0.00s
[350.511s][info][gc,start    ] GC(1400) Pause Young (Allocation Failure)
[350.512s][info][gc,heap     ] GC(1400) PSYoungGen: 125952K(125952K)->704K(122368K) Eden: 125440K(125440K)->0K(121344K) From: 512K(512K)->704K(1024K)
[350.512s][info][gc,heap     ] GC(1400) ParOldGen: 348990K(349184K)->348990K(349184K)
[350.512s][info][gc,metaspace] GC(1400) Metaspace: 6110K(6208K)->6110K(6208K) NonClass: 5629K(5696K)->5629K(5696K) Class: 481K(512K)->481K(512K)
[350.512s][info][gc          ] GC(1400) Pause Young (Allocation Failure) 463M->341M(460M) 1.390ms
[350.512s][info][gc,cpu      ] GC(1400) User=0.00s Sys=0.00s Real=0.00s
[350.682s][info][gc,start    ] GC(1401) Pause Young (Allocation Failure)
[350.683s][info][gc,heap     ] GC(1401) PSYoungGen: 122048K(122368K)->768K(118784K) Eden: 121344K(121344K)->0K(117760K) From: 704K(1024K)->768K(1024K)
[350.683s][info][gc,heap     ] GC(1401) ParOldGen: 348990K(349184K)->349014K(349184K)
[350.683s][info][gc,metaspace] GC(1401) Metaspace: 6110K(6208K)->6110K(6208K) NonClass: 5629K(5696K)->5629K(5696K) Class: 481K(512K)->481K(512K)
[350.683s][info][gc          ] GC(1401) Pause Young (Allocation Failure) 459M->341M(457M) 1.474ms
[350.683s][info][gc,cpu      ] GC(1401) User=0.00s Sys=0.00s Real=0.00s
[350.850s][info][gc,start    ] GC(1402) Pause Young (Allocation Failure)
[350.852s][info][gc,heap     ] GC(1402) PSYoungGen: 118528K(118784K)->800K(115200K) Eden: 117760K(117760K)->0K(114176K) From: 768K(1024K)->800K(1024K)
[350.852s][info][gc,heap     ] GC(1402) ParOldGen: 349014K(349184K)->349014K(349184K)
[350.852s][info][gc,metaspace] GC(1402) Metaspace: 6110K(6208K)->6110K(6208K) NonClass: 5629K(5696K)->5629K(5696K) Class: 481K(512K)->481K(512K)
[350.852s][info][gc          ] GC(1402) Pause Young (Allocation Failure) 456M->341M(453M) 1.566ms
[350.852s][info][gc,cpu      ] GC(1402) User=0.00s Sys=0.00s Real=0.01s
[351.012s][info][gc,start    ] GC(1403) Pause Young (Allocation Failure)
[351.014s][info][gc,heap     ] GC(1403) PSYoungGen: 114976K(115200K)->512K(111104K) Eden: 114176K(114176K)->0K(110592K) From: 800K(1024K)->512K(512K)
[351.014s][info][gc,heap     ] GC(1403) ParOldGen: 349014K(349184K)->349238K(349696K)
[351.014s][info][gc,metaspace] GC(1403) Metaspace: 6110K(6208K)->6110K(6208K) NonClass: 5629K(5696K)->5629K(5696K) Class: 481K(512K)->481K(512K)
[351.014s][info][gc          ] GC(1403) Pause Young (Allocation Failure) 453M->341M(450M) 1.590ms
[351.014s][info][gc,cpu      ] GC(1403) User=0.01s Sys=0.00s Real=0.00s
[351.172s][info][gc,start    ] GC(1404) Pause Young (Allocation Failure)
[351.173s][info][gc,heap     ] GC(1404) PSYoungGen: 111104K(111104K)->704K(108544K) Eden: 110592K(110592K)->0K(107520K) From: 512K(512K)->704K(1024K)
[351.173s][info][gc,heap     ] GC(1404) ParOldGen: 349238K(349696K)->349238K(349696K)
[351.173s][info][gc,metaspace] GC(1404) Metaspace: 6110K(6208K)->6110K(6208K) NonClass: 5629K(5696K)->5629K(5696K) Class: 481K(512K)->481K(512K)
[351.173s][info][gc          ] GC(1404) Pause Young (Allocation Failure) 449M->341M(447M) 1.442ms
[351.173s][info][gc,cpu      ] GC(1404) User=0.00s Sys=0.00s Real=0.00s
[351.323s][info][gc,start    ] GC(1405) Pause Young (Allocation Failure)
[351.325s][info][gc,heap     ] GC(1405) PSYoungGen: 108224K(108544K)->768K(105472K) Eden: 107520K(107520K)->0K(104448K) From: 704K(1024K)->768K(1024K)
[351.325s][info][gc,heap     ] GC(1405) ParOldGen: 349238K(349696K)->349270K(349696K)
[351.325s][info][gc,metaspace] GC(1405) Metaspace: 6110K(6208K)->6110K(6208K) NonClass: 5629K(5696K)->5629K(5696K) Class: 481K(512K)->481K(512K)
[351.325s][info][gc          ] GC(1405) Pause Young (Allocation Failure) 446M->341M(444M) 1.550ms
[351.325s][info][gc,cpu      ] GC(1405) User=0.00s Sys=0.00s Real=0.00s
[351.474s][info][gc,start    ] GC(1406) Pause Young (Allocation Failure)
[351.476s][info][gc,heap     ] GC(1406) PSYoungGen: 105216K(105472K)->672K(102400K) Eden: 104448K(104448K)->0K(101376K) From: 768K(1024K)->672K(1024K)
[351.476s][info][gc,heap     ] GC(1406) ParOldGen: 349270K(349696K)->349270K(349696K)
[351.476s][info][gc,metaspace] GC(1406) Metaspace: 6110K(6208K)->6110K(6208K) NonClass: 5629K(5696K)->5629K(5696K) Class: 481K(512K)->481K(512K)
[351.476s][info][gc          ] GC(1406) Pause Young (Allocation Failure) 443M->341M(441M) 1.440ms
[351.476s][info][gc,cpu      ] GC(1406) User=0.00s Sys=0.00s Real=0.00s
[351.618s][info][gc,start    ] GC(1407) Pause Young (Allocation Failure)
[351.619s][info][gc,heap     ] GC(1407) PSYoungGen: 102048K(102400K)->512K(98816K) Eden: 101376K(101376K)->0K(98304K) From: 672K(1024K)->512K(512K)
[351.619s][info][gc,heap     ] GC(1407) ParOldGen: 349270K(349696K)->349406K(349696K)
[351.619s][info][gc,metaspace] GC(1407) Metaspace: 6110K(6208K)->6110K(6208K) NonClass: 5629K(5696K)->5629K(5696K) Class: 481K(512K)->481K(512K)
[351.619s][info][gc          ] GC(1407) Pause Young (Allocation Failure) 440M->341M(438M) 1.351ms
[351.619s][info][gc,cpu      ] GC(1407) User=0.00s Sys=0.00s Real=0.00s
[351.760s][info][gc,start    ] GC(1408) Pause Young (Allocation Failure)
[351.761s][info][gc,heap     ] GC(1408) PSYoungGen: 98816K(98816K)->768K(96768K) Eden: 98304K(98304K)->0K(95744K) From: 512K(512K)->768K(1024K)
[351.761s][info][gc,heap     ] GC(1408) ParOldGen: 349406K(349696K)->349406K(349696K)
[351.761s][info][gc,metaspace] GC(1408) Metaspace: 6110K(6208K)->6110K(6208K) NonClass: 5629K(5696K)->5629K(5696K) Class: 481K(512K)->481K(512K)
[351.762s][info][gc          ] GC(1408) Pause Young (Allocation Failure) 437M->341M(436M) 1.457ms
[351.762s][info][gc,cpu      ] GC(1408) User=0.00s Sys=0.00s Real=0.01s
[351.897s][info][gc,start    ] GC(1409) Pause Young (Allocation Failure)
[351.899s][info][gc,heap     ] GC(1409) PSYoungGen: 96512K(96768K)->736K(94208K) Eden: 95744K(95744K)->0K(93184K) From: 768K(1024K)->736K(1024K)
[351.899s][info][gc,heap     ] GC(1409) ParOldGen: 349406K(349696K)->349430K(349696K)
[351.899s][info][gc,metaspace] GC(1409) Metaspace: 6110K(6208K)->6110K(6208K) NonClass: 5629K(5696K)->5629K(5696K) Class: 481K(512K)->481K(512K)
[351.899s][info][gc          ] GC(1409) Pause Young (Allocation Failure) 435M->341M(433M) 1.430ms
[351.899s][info][gc,cpu      ] GC(1409) User=0.00s Sys=0.00s Real=0.00s
[352.035s][info][gc,start    ] GC(1410) Pause Young (Allocation Failure)
[352.037s][info][gc,heap     ] GC(1410) PSYoungGen: 93920K(94208K)->736K(91648K) Eden: 93184K(93184K)->0K(90624K) From: 736K(1024K)->736K(1024K)
[352.037s][info][gc,heap     ] GC(1410) ParOldGen: 349430K(349696K)->349430K(349696K)
[352.037s][info][gc,metaspace] GC(1410) Metaspace: 6110K(6208K)->6110K(6208K) NonClass: 5629K(5696K)->5629K(5696K) Class: 481K(512K)->481K(512K)
[352.037s][info][gc          ] GC(1410) Pause Young (Allocation Failure) 432M->341M(431M) 1.464ms
[352.037s][info][gc,cpu      ] GC(1410) User=0.01s Sys=0.00s Real=0.00s
[352.169s][info][gc,start    ] GC(1411) Pause Young (Allocation Failure)
[352.171s][info][gc,heap     ] GC(1411) PSYoungGen: 91360K(91648K)->512K(88576K) Eden: 90624K(90624K)->0K(88064K) From: 736K(1024K)->512K(512K)
[352.171s][info][gc,heap     ] GC(1411) ParOldGen: 349430K(349696K)->349590K(349696K)
[352.171s][info][gc,metaspace] GC(1411) Metaspace: 6110K(6208K)->6110K(6208K) NonClass: 5629K(5696K)->5629K(5696K) Class: 481K(512K)->481K(512K)
[352.171s][info][gc          ] GC(1411) Pause Young (Allocation Failure) 430M->341M(428M) 1.462ms
[352.171s][info][gc,cpu      ] GC(1411) User=0.00s Sys=0.00s Real=0.01s
[352.296s][info][gc,start    ] GC(1412) Pause Young (Allocation Failure)
[352.298s][info][gc,heap     ] GC(1412) PSYoungGen: 88317K(88576K)->736K(87040K) Eden: 87805K(88064K)->0K(86016K) From: 512K(512K)->736K(1024K)
[352.298s][info][gc,heap     ] GC(1412) ParOldGen: 349590K(349696K)->349590K(349696K)
[352.298s][info][gc,metaspace] GC(1412) Metaspace: 6110K(6208K)->6110K(6208K) NonClass: 5629K(5696K)->5629K(5696K) Class: 481K(512K)->481K(512K)
[352.298s][info][gc          ] GC(1412) Pause Young (Allocation Failure) 427M->342M(426M) 1.446ms
[352.298s][info][gc,cpu      ] GC(1412) User=0.00s Sys=0.00s Real=0.00s
[352.418s][info][gc,start    ] GC(1413) Pause Young (Allocation Failure)
[352.420s][info][gc,heap     ] GC(1413) PSYoungGen: 86752K(87040K)->736K(298496K) Eden: 86016K(86016K)->0K(297472K) From: 736K(1024K)->736K(1024K)
[352.420s][info][gc,heap     ] GC(1413) ParOldGen: 349590K(349696K)->349622K(349696K)
[352.420s][info][gc,metaspace] GC(1413) Metaspace: 6110K(6208K)->6110K(6208K) NonClass: 5629K(5696K)->5629K(5696K) Class: 481K(512K)->481K(512K)
[352.420s][info][gc          ] GC(1413) Pause Young (Allocation Failure) 426M->342M(633M) 1.481ms
[352.420s][info][gc,cpu      ] GC(1413) User=0.00s Sys=0.00s Real=0.00s
[352.837s][info][gc,start    ] GC(1414) Pause Young (Allocation Failure)
[352.838s][info][gc,heap     ] GC(1414) PSYoungGen: 298208K(298496K)->704K(286720K) Eden: 297472K(297472K)->0K(285696K) From: 736K(1024K)->704K(1024K)
[352.838s][info][gc,heap     ] GC(1414) ParOldGen: 349622K(349696K)->349622K(349696K)
[352.838s][info][gc,metaspace] GC(1414) Metaspace: 6110K(6208K)->6110K(6208K) NonClass: 5629K(5696K)->5629K(5696K) Class: 481K(512K)->481K(512K)
[352.838s][info][gc          ] GC(1414) Pause Young (Allocation Failure) 632M->342M(621M) 1.435ms
[352.838s][info][gc,cpu      ] GC(1414) User=0.01s Sys=0.00s Real=0.00s
[353.256s][info][gc,start    ] GC(1415) Pause Young (Allocation Failure)
[353.257s][info][gc,heap     ] GC(1415) PSYoungGen: 286400K(286720K)->512K(274944K) Eden: 285696K(285696K)->0K(274432K) From: 704K(1024K)->512K(512K)
[353.257s][info][gc,heap     ] GC(1415) ParOldGen: 349622K(349696K)->349782K(350208K)
[353.257s][info][gc,metaspace] GC(1415) Metaspace: 6110K(6208K)->6110K(6208K) NonClass: 5629K(5696K)->5629K(5696K) Class: 481K(512K)->481K(512K)
[353.257s][info][gc          ] GC(1415) Pause Young (Allocation Failure) 621M->342M(610M) 1.532ms
[353.257s][info][gc,cpu      ] GC(1415) User=0.00s Sys=0.00s Real=0.00s
[353.657s][info][gc,start    ] GC(1416) Pause Young (Allocation Failure)
[353.658s][info][gc,heap     ] GC(1416) PSYoungGen: 274944K(274944K)->736K(264704K) Eden: 274432K(274432K)->0K(263680K) From: 512K(512K)->736K(1024K)
[353.658s][info][gc,heap     ] GC(1416) ParOldGen: 349782K(350208K)->349782K(350208K)
[353.658s][info][gc,metaspace] GC(1416) Metaspace: 6110K(6208K)->6110K(6208K) NonClass: 5629K(5696K)->5629K(5696K) Class: 481K(512K)->481K(512K)
[353.658s][info][gc          ] GC(1416) Pause Young (Allocation Failure) 610M->342M(600M) 1.509ms
[353.658s][info][gc,cpu      ] GC(1416) User=0.00s Sys=0.00s Real=0.00s
[354.036s][info][gc,start    ] GC(1417) Pause Young (Allocation Failure)
[354.037s][info][gc,heap     ] GC(1417) PSYoungGen: 264416K(264704K)->640K(254464K) Eden: 263680K(263680K)->0K(253440K) From: 736K(1024K)->640K(1024K)
[354.037s][info][gc,heap     ] GC(1417) ParOldGen: 349782K(350208K)->349798K(350208K)
[354.037s][info][gc,metaspace] GC(1417) Metaspace: 6110K(6208K)->6110K(6208K) NonClass: 5629K(5696K)->5629K(5696K) Class: 481K(512K)->481K(512K)
[354.037s][info][gc          ] GC(1417) Pause Young (Allocation Failure) 599M->342M(590M) 1.479ms
[354.037s][info][gc,cpu      ] GC(1417) User=0.01s Sys=0.00s Real=0.00s
[354.413s][info][gc,start    ] GC(1418) Pause Young (Allocation Failure)
[354.415s][info][gc,heap     ] GC(1418) PSYoungGen: 254080K(254464K)->672K(244736K) Eden: 253440K(253440K)->0K(243712K) From: 640K(1024K)->672K(1024K)
[354.415s][info][gc,heap     ] GC(1418) ParOldGen: 349798K(350208K)->349798K(350208K)
[354.415s][info][gc,metaspace] GC(1418) Metaspace: 6110K(6208K)->6110K(6208K) NonClass: 5629K(5696K)->5629K(5696K) Class: 481K(512K)->481K(512K)
[354.415s][info][gc          ] GC(1418) Pause Young (Allocation Failure) 589M->342M(581M) 1.438ms
[354.415s][info][gc,cpu      ] GC(1418) User=0.00s Sys=0.00s Real=0.00s
[354.786s][info][gc,start    ] GC(1419) Pause Young (Allocation Failure)
[354.787s][info][gc,heap     ] GC(1419) PSYoungGen: 244384K(244736K)->512K(235008K) Eden: 243712K(243712K)->0K(234496K) From: 672K(1024K)->512K(512K)
[354.787s][info][gc,heap     ] GC(1419) ParOldGen: 349798K(350208K)->350006K(350208K)
[354.787s][info][gc,metaspace] GC(1419) Metaspace: 6110K(6208K)->6110K(6208K) NonClass: 5629K(5696K)->5629K(5696K) Class: 481K(512K)->481K(512K)
[354.787s][info][gc          ] GC(1419) Pause Young (Allocation Failure) 580M->342M(571M) 1.550ms
[354.787s][info][gc,cpu      ] GC(1419) User=0.00s Sys=0.00s Real=0.00s
[355.155s][info][gc,start    ] GC(1420) Pause Young (Allocation Failure)
[355.156s][info][gc,heap     ] GC(1420) PSYoungGen: 235008K(235008K)->736K(226816K) Eden: 234496K(234496K)->0K(225792K) From: 512K(512K)->736K(1024K)
[355.156s][info][gc,heap     ] GC(1420) ParOldGen: 350006K(350208K)->350006K(350208K)
[355.156s][info][gc,metaspace] GC(1420) Metaspace: 6110K(6208K)->6110K(6208K) NonClass: 5629K(5696K)->5629K(5696K) Class: 481K(512K)->481K(512K)
[355.156s][info][gc          ] GC(1420) Pause Young (Allocation Failure) 571M->342M(563M) 1.477ms
[355.156s][info][gc,cpu      ] GC(1420) User=0.01s Sys=0.00s Real=0.00s
[355.532s][info][gc,start    ] GC(1421) Pause Young (Allocation Failure)
[355.533s][info][gc,heap     ] GC(1421) PSYoungGen: 226528K(226816K)->704K(218112K) Eden: 225792K(225792K)->0K(217088K) From: 736K(1024K)->704K(1024K)
[355.533s][info][gc,heap     ] GC(1421) ParOldGen: 350006K(350208K)->350030K(350208K)
[355.533s][info][gc,metaspace] GC(1421) Metaspace: 6110K(6208K)->6110K(6208K) NonClass: 5629K(5696K)->5629K(5696K) Class: 481K(512K)->481K(512K)
[355.533s][info][gc          ] GC(1421) Pause Young (Allocation Failure) 563M->342M(555M) 1.470ms
[355.533s][info][gc,cpu      ] GC(1421) User=0.01s Sys=0.00s Real=0.00s
[356.022s][info][gc,start    ] GC(1422) Pause Young (Allocation Failure)
[356.024s][info][gc,heap     ] GC(1422) PSYoungGen: 217792K(218112K)->736K(209920K) Eden: 217088K(217088K)->0K(208896K) From: 704K(1024K)->736K(1024K)
[356.024s][info][gc,heap     ] GC(1422) ParOldGen: 350030K(350208K)->350030K(350208K)
[356.024s][info][gc,metaspace] GC(1422) Metaspace: 6110K(6208K)->6110K(6208K) NonClass: 5629K(5696K)->5629K(5696K) Class: 481K(512K)->481K(512K)
[356.024s][info][gc          ] GC(1422) Pause Young (Allocation Failure) 554M->342M(547M) 2.124ms
[356.024s][info][gc,cpu      ] GC(1422) User=0.00s Sys=0.00s Real=0.00s
[356.487s][info][gc,start    ] GC(1423) Pause Young (Allocation Failure)
[356.490s][info][gc,heap     ] GC(1423) PSYoungGen: 209632K(209920K)->512K(201728K) Eden: 208896K(208896K)->0K(201216K) From: 736K(1024K)->512K(512K)
[356.490s][info][gc,heap     ] GC(1423) ParOldGen: 350030K(350208K)->350286K(350720K)
[356.490s][info][gc,metaspace] GC(1423) Metaspace: 6110K(6208K)->6110K(6208K) NonClass: 5629K(5696K)->5629K(5696K) Class: 481K(512K)->481K(512K)
[356.490s][info][gc          ] GC(1423) Pause Young (Allocation Failure) 546M->342M(539M) 2.352ms
[356.490s][info][gc,cpu      ] GC(1423) User=0.00s Sys=0.00s Real=0.00s
[356.815s][info][gc,start    ] GC(1424) Pause Young (Allocation Failure)
[356.818s][info][gc,heap     ] GC(1424) PSYoungGen: 201728K(201728K)->786K(195072K) Eden: 201216K(201216K)->0K(194048K) From: 512K(512K)->786K(1024K)
[356.818s][info][gc,heap     ] GC(1424) ParOldGen: 350286K(350720K)->350286K(350720K)
[356.818s][info][gc,metaspace] GC(1424) Metaspace: 6110K(6208K)->6110K(6208K) NonClass: 5629K(5696K)->5629K(5696K) Class: 481K(512K)->481K(512K)
[356.818s][info][gc          ] GC(1424) Pause Young (Allocation Failure) 539M->342M(533M) 2.945ms
[356.818s][info][gc,cpu      ] GC(1424) User=0.00s Sys=0.00s Real=0.00s
[357.128s][info][gc,start    ] GC(1425) Pause Young (Allocation Failure)
[357.131s][info][gc,heap     ] GC(1425) PSYoungGen: 194834K(195072K)->320K(187392K) Eden: 194048K(194048K)->0K(186880K) From: 786K(1024K)->320K(512K)
[357.131s][info][gc,heap     ] GC(1425) ParOldGen: 350286K(350720K)->350310K(350720K)
[357.131s][info][gc,metaspace] GC(1425) Metaspace: 6110K(6208K)->6110K(6208K) NonClass: 5629K(5696K)->5629K(5696K) Class: 481K(512K)->481K(512K)
[357.131s][info][gc          ] GC(1425) Pause Young (Allocation Failure) 532M->342M(525M) 2.401ms
[357.131s][info][gc,cpu      ] GC(1425) User=0.00s Sys=0.00s Real=0.01s
[357.445s][info][gc,start    ] GC(1426) Pause Young (Allocation Failure)
[357.447s][info][gc,heap     ] GC(1426) PSYoungGen: 187200K(187392K)->690K(181248K) Eden: 186880K(186880K)->0K(180224K) From: 320K(512K)->690K(1024K)
[357.447s][info][gc,heap     ] GC(1426) ParOldGen: 350310K(350720K)->350310K(350720K)
[357.447s][info][gc,metaspace] GC(1426) Metaspace: 6110K(6208K)->6110K(6208K) NonClass: 5629K(5696K)->5629K(5696K) Class: 481K(512K)->481K(512K)
[357.447s][info][gc          ] GC(1426) Pause Young (Allocation Failure) 524M->342M(519M) 2.427ms
[357.447s][info][gc,cpu      ] GC(1426) User=0.00s Sys=0.00s Real=0.00s
[357.724s][info][gc,start    ] GC(1427) Pause Young (Allocation Failure)
[357.727s][info][gc,heap     ] GC(1427) PSYoungGen: 180914K(181248K)->498K(174592K) Eden: 180224K(180224K)->0K(174080K) From: 690K(1024K)->498K(512K)
[357.727s][info][gc,heap     ] GC(1427) ParOldGen: 350310K(350720K)->350310K(350720K)
[357.727s][info][gc,metaspace] GC(1427) Metaspace: 6110K(6208K)->6110K(6208K) NonClass: 5629K(5696K)->5629K(5696K) Class: 481K(512K)->481K(512K)
[357.727s][info][gc          ] GC(1427) Pause Young (Allocation Failure) 518M->342M(513M) 2.333ms
[357.727s][info][gc,cpu      ] GC(1427) User=0.01s Sys=0.00s Real=0.00s
[357.978s][info][gc,start    ] GC(1428) Pause Young (Allocation Failure)
[357.980s][info][gc,heap     ] GC(1428) PSYoungGen: 174578K(174592K)->640K(168960K) Eden: 174080K(174080K)->0K(167936K) From: 498K(512K)->640K(1024K)
[357.980s][info][gc,heap     ] GC(1428) ParOldGen: 350310K(350720K)->350310K(350720K)
[357.980s][info][gc,metaspace] GC(1428) Metaspace: 6110K(6208K)->6110K(6208K) NonClass: 5629K(5696K)->5629K(5696K) Class: 481K(512K)->481K(512K)
[357.980s][info][gc          ] GC(1428) Pause Young (Allocation Failure) 512M->342M(507M) 1.543ms
[357.980s][info][gc,cpu      ] GC(1428) User=0.01s Sys=0.00s Real=0.00s
[358.239s][info][gc,start    ] GC(1429) Pause Young (Allocation Failure)
[358.240s][info][gc,heap     ] GC(1429) PSYoungGen: 168576K(168960K)->736K(163328K) Eden: 167936K(167936K)->0K(162304K) From: 640K(1024K)->736K(1024K)
[358.241s][info][gc,heap     ] GC(1429) ParOldGen: 350310K(350720K)->350310K(350720K)
[358.241s][info][gc,metaspace] GC(1429) Metaspace: 6110K(6208K)->6110K(6208K) NonClass: 5629K(5696K)->5629K(5696K) Class: 481K(512K)->481K(512K)
[358.241s][info][gc          ] GC(1429) Pause Young (Allocation Failure) 506M->342M(502M) 1.455ms
[358.241s][info][gc,cpu      ] GC(1429) User=0.00s Sys=0.00s Real=0.01s
[358.490s][info][gc,start    ] GC(1430) Pause Young (Allocation Failure)
[358.491s][info][gc,heap     ] GC(1430) PSYoungGen: 163040K(163328K)->704K(157696K) Eden: 162304K(162304K)->0K(156672K) From: 736K(1024K)->704K(1024K)
[358.491s][info][gc,heap     ] GC(1430) ParOldGen: 350310K(350720K)->350310K(350720K)
[358.491s][info][gc,metaspace] GC(1430) Metaspace: 6110K(6208K)->6110K(6208K) NonClass: 5629K(5696K)->5629K(5696K) Class: 481K(512K)->481K(512K)
[358.491s][info][gc          ] GC(1430) Pause Young (Allocation Failure) 501M->342M(496M) 1.415ms
[358.491s][info][gc,cpu      ] GC(1430) User=0.00s Sys=0.00s Real=0.01s
[358.730s][info][gc,start    ] GC(1431) Pause Young (Allocation Failure)
[358.732s][info][gc,heap     ] GC(1431) PSYoungGen: 157376K(157696K)->512K(152064K) Eden: 156672K(156672K)->0K(151552K) From: 704K(1024K)->512K(512K)
[358.732s][info][gc,heap     ] GC(1431) ParOldGen: 350310K(350720K)->350478K(350720K)
[358.732s][info][gc,metaspace] GC(1431) Metaspace: 6110K(6208K)->6110K(6208K) NonClass: 5629K(5696K)->5629K(5696K) Class: 481K(512K)->481K(512K)
[358.732s][info][gc          ] GC(1431) Pause Young (Allocation Failure) 495M->342M(491M) 1.495ms
[358.732s][info][gc,cpu      ] GC(1431) User=0.01s Sys=0.00s Real=0.01s
[358.966s][info][gc,start    ] GC(1432) Pause Young (Allocation Failure)
[358.967s][info][gc,heap     ] GC(1432) PSYoungGen: 152064K(152064K)->640K(147456K) Eden: 151552K(151552K)->0K(146432K) From: 512K(512K)->640K(1024K)
[358.967s][info][gc,heap     ] GC(1432) ParOldGen: 350478K(350720K)->350478K(350720K)
[358.967s][info][gc,metaspace] GC(1432) Metaspace: 6110K(6208K)->6110K(6208K) NonClass: 5629K(5696K)->5629K(5696K) Class: 481K(512K)->481K(512K)
[358.967s][info][gc          ] GC(1432) Pause Young (Allocation Failure) 490M->342M(486M) 1.258ms
[358.967s][info][gc,cpu      ] GC(1432) User=0.00s Sys=0.00s Real=0.00s
[359.192s][info][gc,start    ] GC(1433) Pause Young (Allocation Failure)
[359.193s][info][gc,heap     ] GC(1433) PSYoungGen: 147072K(147456K)->672K(142848K) Eden: 146432K(146432K)->0K(141824K) From: 640K(1024K)->672K(1024K)
[359.193s][info][gc,heap     ] GC(1433) ParOldGen: 350478K(350720K)->350494K(350720K)
[359.193s][info][gc,metaspace] GC(1433) Metaspace: 6110K(6208K)->6110K(6208K) NonClass: 5629K(5696K)->5629K(5696K) Class: 481K(512K)->481K(512K)
[359.193s][info][gc          ] GC(1433) Pause Young (Allocation Failure) 485M->342M(482M) 1.396ms
[359.193s][info][gc,cpu      ] GC(1433) User=0.00s Sys=0.00s Real=0.00s
[359.415s][info][gc,start    ] GC(1434) Pause Young (Allocation Failure)
[359.416s][info][gc,heap     ] GC(1434) PSYoungGen: 142496K(142848K)->320K(137728K) Eden: 141824K(141824K)->0K(137216K) From: 672K(1024K)->320K(512K)
[359.416s][info][gc,heap     ] GC(1434) ParOldGen: 350494K(350720K)->350494K(350720K)
[359.416s][info][gc,metaspace] GC(1434) Metaspace: 6110K(6208K)->6110K(6208K) NonClass: 5629K(5696K)->5629K(5696K) Class: 481K(512K)->481K(512K)
[359.416s][info][gc          ] GC(1434) Pause Young (Allocation Failure) 481M->342M(477M) 1.232ms
[359.416s][info][gc,cpu      ] GC(1434) User=0.00s Sys=0.00s Real=0.00s
[359.611s][info][gc,start    ] GC(1435) Pause Young (Allocation Failure)
[359.612s][info][gc,heap     ] GC(1435) PSYoungGen: 137536K(137728K)->704K(133632K) Eden: 137216K(137216K)->0K(132608K) From: 320K(512K)->704K(1024K)
[359.612s][info][gc,heap     ] GC(1435) ParOldGen: 350494K(350720K)->350494K(350720K)
[359.612s][info][gc,metaspace] GC(1435) Metaspace: 6110K(6208K)->6110K(6208K) NonClass: 5629K(5696K)->5629K(5696K) Class: 481K(512K)->481K(512K)
[359.612s][info][gc          ] GC(1435) Pause Young (Allocation Failure) 476M->342M(473M) 1.335ms
[359.612s][info][gc,cpu      ] GC(1435) User=0.00s Sys=0.00s Real=0.00s
[359.849s][info][gc,start    ] GC(1436) Pause Young (Allocation Failure)
[359.852s][info][gc,heap     ] GC(1436) PSYoungGen: 133312K(133632K)->786K(129536K) Eden: 132608K(132608K)->0K(128512K) From: 704K(1024K)->786K(1024K)
[359.852s][info][gc,heap     ] GC(1436) ParOldGen: 350494K(350720K)->350494K(350720K)
[359.852s][info][gc,metaspace] GC(1436) Metaspace: 6110K(6208K)->6110K(6208K) NonClass: 5629K(5696K)->5629K(5696K) Class: 481K(512K)->481K(512K)
[359.852s][info][gc          ] GC(1436) Pause Young (Allocation Failure) 472M->343M(469M) 3.699ms
[359.852s][info][gc,cpu      ] GC(1436) User=0.00s Sys=0.00s Real=0.01s
[360.115s][info][gc,start    ] GC(1437) Pause Young (Allocation Failure)
[360.117s][info][gc,heap     ] GC(1437) PSYoungGen: 129298K(129536K)->498K(124928K) Eden: 128512K(128512K)->0K(124416K) From: 786K(1024K)->498K(512K)
[360.117s][info][gc,heap     ] GC(1437) ParOldGen: 350494K(350720K)->350606K(350720K)
[360.117s][info][gc,metaspace] GC(1437) Metaspace: 6110K(6208K)->6110K(6208K) NonClass: 5629K(5696K)->5629K(5696K) Class: 481K(512K)->481K(512K)
[360.117s][info][gc          ] GC(1437) Pause Young (Allocation Failure) 468M->342M(464M) 2.393ms
[360.117s][info][gc,cpu      ] GC(1437) User=0.01s Sys=0.00s Real=0.00s
[360.432s][info][gc,start    ] GC(1438) Pause Young (Allocation Failure)
[360.435s][info][gc,heap     ] GC(1438) PSYoungGen: 124914K(124928K)->818K(121856K) Eden: 124416K(124416K)->0K(120832K) From: 498K(512K)->818K(1024K)
[360.435s][info][gc,heap     ] GC(1438) ParOldGen: 350606K(350720K)->350606K(350720K)
[360.435s][info][gc,metaspace] GC(1438) Metaspace: 6110K(6208K)->6110K(6208K) NonClass: 5629K(5696K)->5629K(5696K) Class: 481K(512K)->481K(512K)
[360.435s][info][gc          ] GC(1438) Pause Young (Allocation Failure) 464M->343M(461M) 2.911ms
[360.435s][info][gc,cpu      ] GC(1438) User=0.01s Sys=0.00s Real=0.00s
[360.785s][info][gc,start    ] GC(1439) Pause Young (Allocation Failure)
[360.788s][info][gc,heap     ] GC(1439) PSYoungGen: 121650K(121856K)->658K(118272K) Eden: 120832K(120832K)->0K(117248K) From: 818K(1024K)->658K(1024K)
[360.788s][info][gc,heap     ] GC(1439) ParOldGen: 350606K(350720K)->350622K(350720K)
[360.788s][info][gc,metaspace] GC(1439) Metaspace: 6110K(6208K)->6110K(6208K) NonClass: 5629K(5696K)->5629K(5696K) Class: 481K(512K)->481K(512K)
[360.788s][info][gc          ] GC(1439) Pause Young (Allocation Failure) 461M->343M(458M) 2.309ms
[360.788s][info][gc,cpu      ] GC(1439) User=0.00s Sys=0.00s Real=0.00s
[361.100s][info][gc,start    ] GC(1440) Pause Young (Allocation Failure)
[361.102s][info][gc,heap     ] GC(1440) PSYoungGen: 117906K(118272K)->786K(114688K) Eden: 117248K(117248K)->0K(113664K) From: 658K(1024K)->786K(1024K)
[361.102s][info][gc,heap     ] GC(1440) ParOldGen: 350622K(350720K)->350622K(350720K)
[361.102s][info][gc,metaspace] GC(1440) Metaspace: 6110K(6208K)->6110K(6208K) NonClass: 5629K(5696K)->5629K(5696K) Class: 481K(512K)->481K(512K)
[361.103s][info][gc          ] GC(1440) Pause Young (Allocation Failure) 457M->343M(454M) 2.868ms
[361.103s][info][gc,cpu      ] GC(1440) User=0.00s Sys=0.00s Real=0.01s
[361.445s][info][gc,start    ] GC(1441) Pause Young (Allocation Failure)
[361.447s][info][gc,heap     ] GC(1441) PSYoungGen: 114450K(114688K)->498K(110592K) Eden: 113664K(113664K)->0K(110080K) From: 786K(1024K)->498K(512K)
[361.447s][info][gc,heap     ] GC(1441) ParOldGen: 350622K(350720K)->350774K(351232K)
[361.447s][info][gc,metaspace] GC(1441) Metaspace: 6110K(6208K)->6110K(6208K) NonClass: 5629K(5696K)->5629K(5696K) Class: 481K(512K)->481K(512K)
[361.448s][info][gc          ] GC(1441) Pause Young (Allocation Failure) 454M->343M(451M) 2.570ms
[361.448s][info][gc,cpu      ] GC(1441) User=0.00s Sys=0.00s Real=0.00s
[361.774s][info][gc,start    ] GC(1442) Pause Young (Allocation Failure)
[361.776s][info][gc,heap     ] GC(1442) PSYoungGen: 110578K(110592K)->768K(108032K) Eden: 110080K(110080K)->0K(107008K) From: 498K(512K)->768K(1024K)
[361.776s][info][gc,heap     ] GC(1442) ParOldGen: 350774K(351232K)->350774K(351232K)
[361.776s][info][gc,metaspace] GC(1442) Metaspace: 6110K(6208K)->6110K(6208K) NonClass: 5629K(5696K)->5629K(5696K) Class: 481K(512K)->481K(512K)
[361.776s][info][gc          ] GC(1442) Pause Young (Allocation Failure) 450M->343M(448M) 2.666ms
[361.776s][info][gc,cpu      ] GC(1442) User=0.01s Sys=0.00s Real=0.00s
[362.099s][info][gc,start    ] GC(1443) Pause Young (Allocation Failure)
[362.102s][info][gc,heap     ] GC(1443) PSYoungGen: 107776K(108032K)->736K(104960K) Eden: 107008K(107008K)->0K(103936K) From: 768K(1024K)->736K(1024K)
[362.102s][info][gc,heap     ] GC(1443) ParOldGen: 350774K(351232K)->350798K(351232K)
[362.102s][info][gc,metaspace] GC(1443) Metaspace: 6110K(6208K)->6110K(6208K) NonClass: 5629K(5696K)->5629K(5696K) Class: 481K(512K)->481K(512K)
[362.102s][info][gc          ] GC(1443) Pause Young (Allocation Failure) 447M->343M(445M) 2.644ms
[362.102s][info][gc,cpu      ] GC(1443) User=0.00s Sys=0.00s Real=0.01s
[362.405s][info][gc,start    ] GC(1444) Pause Young (Allocation Failure)
[362.407s][info][gc,heap     ] GC(1444) PSYoungGen: 104672K(104960K)->690K(101888K) Eden: 103936K(103936K)->0K(100864K) From: 736K(1024K)->690K(1024K)
[362.407s][info][gc,heap     ] GC(1444) ParOldGen: 350798K(351232K)->350798K(351232K)
[362.407s][info][gc,metaspace] GC(1444) Metaspace: 6110K(6208K)->6110K(6208K) NonClass: 5629K(5696K)->5629K(5696K) Class: 481K(512K)->481K(512K)
[362.407s][info][gc          ] GC(1444) Pause Young (Allocation Failure) 444M->343M(442M) 2.495ms
[362.407s][info][gc,cpu      ] GC(1444) User=0.00s Sys=0.00s Real=0.00s
[362.617s][info][gc,start    ] GC(1445) Pause Young (Allocation Failure)
[362.620s][info][gc,heap     ] GC(1445) PSYoungGen: 101554K(101888K)->498K(98816K) Eden: 100864K(100864K)->0K(98304K) From: 690K(1024K)->498K(512K)
[362.620s][info][gc,heap     ] GC(1445) ParOldGen: 350798K(351232K)->351022K(351232K)
[362.620s][info][gc,metaspace] GC(1445) Metaspace: 6110K(6208K)->6110K(6208K) NonClass: 5629K(5696K)->5629K(5696K) Class: 481K(512K)->481K(512K)
[362.620s][info][gc          ] GC(1445) Pause Young (Allocation Failure) 441M->343M(439M) 2.750ms
[362.620s][info][gc,cpu      ] GC(1445) User=0.00s Sys=0.00s Real=0.00s
[362.772s][info][gc,start    ] GC(1446) Pause Young (Allocation Failure)
[362.774s][info][gc,heap     ] GC(1446) PSYoungGen: 98802K(98816K)->773K(119296K) Eden: 98304K(98304K)->0K(118272K) From: 498K(512K)->773K(1024K)
[362.774s][info][gc,heap     ] GC(1446) ParOldGen: 351022K(351232K)->351022K(351232K)
[362.774s][info][gc,metaspace] GC(1446) Metaspace: 6110K(6208K)->6110K(6208K) NonClass: 5629K(5696K)->5629K(5696K) Class: 481K(512K)->481K(512K)
[362.774s][info][gc          ] GC(1446) Pause Young (Allocation Failure) 439M->343M(459M) 2.683ms
[362.774s][info][gc,cpu      ] GC(1446) User=0.00s Sys=0.00s Real=0.00s
[362.949s][info][gc,start    ] GC(1447) Pause Young (Allocation Failure)
[362.952s][info][gc,heap     ] GC(1447) PSYoungGen: 119045K(119296K)->690K(143360K) Eden: 118272K(118272K)->0K(142336K) From: 773K(1024K)->690K(1024K)
[362.952s][info][gc,heap     ] GC(1447) ParOldGen: 351022K(351232K)->351070K(351232K)
[362.952s][info][gc,metaspace] GC(1447) Metaspace: 6110K(6208K)->6110K(6208K) NonClass: 5629K(5696K)->5629K(5696K) Class: 481K(512K)->481K(512K)
[362.952s][info][gc          ] GC(1447) Pause Young (Allocation Failure) 459M->343M(483M) 2.760ms
[362.952s][info][gc,cpu      ] GC(1447) User=0.00s Sys=0.00s Real=0.01s
[363.158s][info][gc,start    ] GC(1448) Pause Young (Allocation Failure)
[363.160s][info][gc,heap     ] GC(1448) PSYoungGen: 143026K(143360K)->658K(172032K) Eden: 142336K(142336K)->0K(171008K) From: 690K(1024K)->658K(1024K)
[363.160s][info][gc,heap     ] GC(1448) ParOldGen: 351070K(351232K)->351070K(351232K)
[363.160s][info][gc,metaspace] GC(1448) Metaspace: 6110K(6208K)->6110K(6208K) NonClass: 5629K(5696K)->5629K(5696K) Class: 481K(512K)->481K(512K)
[363.160s][info][gc          ] GC(1448) Pause Young (Allocation Failure) 482M->343M(511M) 2.346ms
[363.160s][info][gc,cpu      ] GC(1448) User=0.01s Sys=0.00s Real=0.00s
[363.424s][info][gc,start    ] GC(1449) Pause Young (Allocation Failure)
[363.426s][info][gc,heap     ] GC(1449) PSYoungGen: 171666K(172032K)->352K(205824K) Eden: 171008K(171008K)->0K(205312K) From: 658K(1024K)->352K(512K)
[363.426s][info][gc,heap     ] GC(1449) ParOldGen: 351070K(351232K)->351070K(351232K)
[363.426s][info][gc,metaspace] GC(1449) Metaspace: 6110K(6208K)->6110K(6208K) NonClass: 5629K(5696K)->5629K(5696K) Class: 481K(512K)->481K(512K)
[363.426s][info][gc          ] GC(1449) Pause Young (Allocation Failure) 510M->343M(544M) 2.135ms
[363.426s][info][gc,cpu      ] GC(1449) User=0.00s Sys=0.00s Real=0.00s
[363.724s][info][gc,start    ] GC(1450) Pause Young (Allocation Failure)
[363.727s][info][gc,heap     ] GC(1450) PSYoungGen: 205664K(205824K)->722K(198656K) Eden: 205312K(205312K)->0K(197632K) From: 352K(512K)->722K(1024K)
[363.727s][info][gc,heap     ] GC(1450) ParOldGen: 351070K(351232K)->351070K(351232K)
[363.727s][info][gc,metaspace] GC(1450) Metaspace: 6110K(6208K)->6110K(6208K) NonClass: 5629K(5696K)->5629K(5696K) Class: 481K(512K)->481K(512K)
[363.727s][info][gc          ] GC(1450) Pause Young (Allocation Failure) 543M->343M(537M) 2.750ms
[363.727s][info][gc,cpu      ] GC(1450) User=0.00s Sys=0.00s Real=0.00s
[364.011s][info][gc,start    ] GC(1451) Pause Young (Allocation Failure)
[364.013s][info][gc,heap     ] GC(1451) PSYoungGen: 198354K(198656K)->594K(191488K) Eden: 197632K(197632K)->0K(190464K) From: 722K(1024K)->594K(1024K)
[364.013s][info][gc,heap     ] GC(1451) ParOldGen: 351070K(351232K)->351078K(351232K)
[364.013s][info][gc,metaspace] GC(1451) Metaspace: 6110K(6208K)->6110K(6208K) NonClass: 5629K(5696K)->5629K(5696K) Class: 481K(512K)->481K(512K)
[364.013s][info][gc          ] GC(1451) Pause Young (Allocation Failure) 536M->343M(530M) 2.208ms
[364.013s][info][gc,cpu      ] GC(1451) User=0.00s Sys=0.00s Real=0.00s
[364.306s][info][gc,start    ] GC(1452) Pause Young (Allocation Failure)
[364.309s][info][gc,heap     ] GC(1452) PSYoungGen: 191058K(191488K)->754K(184832K) Eden: 190464K(190464K)->0K(183808K) From: 594K(1024K)->754K(1024K)
[364.309s][info][gc,heap     ] GC(1452) ParOldGen: 351078K(351232K)->351078K(351232K)
[364.309s][info][gc,metaspace] GC(1452) Metaspace: 6110K(6208K)->6110K(6208K) NonClass: 5629K(5696K)->5629K(5696K) Class: 481K(512K)->481K(512K)
[364.309s][info][gc          ] GC(1452) Pause Young (Allocation Failure) 529M->343M(523M) 2.959ms
[364.309s][info][gc,cpu      ] GC(1452) User=0.01s Sys=0.00s Real=0.00s
[364.588s][info][gc,start    ] GC(1453) Pause Young (Allocation Failure)
[364.589s][info][gc,heap     ] GC(1453) PSYoungGen: 184562K(184832K)->512K(177664K) Eden: 183808K(183808K)->0K(177152K) From: 754K(1024K)->512K(512K)
[364.590s][info][gc,heap     ] GC(1453) ParOldGen: 351078K(351232K)->351270K(351744K)
[364.590s][info][gc,metaspace] GC(1453) Metaspace: 6110K(6208K)->6110K(6208K) NonClass: 5629K(5696K)->5629K(5696K) Class: 481K(512K)->481K(512K)
[364.590s][info][gc          ] GC(1453) Pause Young (Allocation Failure) 523M->343M(517M) 1.554ms
[364.590s][info][gc,cpu      ] GC(1453) User=0.00s Sys=0.00s Real=0.00s
[364.857s][info][gc,start    ] GC(1454) Pause Young (Allocation Failure)
[364.858s][info][gc,heap     ] GC(1454) PSYoungGen: 177664K(177664K)->736K(172032K) Eden: 177152K(177152K)->0K(171008K) From: 512K(512K)->736K(1024K)
[364.858s][info][gc,heap     ] GC(1454) ParOldGen: 351270K(351744K)->351270K(351744K)
[364.858s][info][gc,metaspace] GC(1454) Metaspace: 6110K(6208K)->6110K(6208K) NonClass: 5629K(5696K)->5629K(5696K) Class: 481K(512K)->481K(512K)
[364.858s][info][gc          ] GC(1454) Pause Young (Allocation Failure) 516M->343M(511M) 1.371ms
[364.858s][info][gc,cpu      ] GC(1454) User=0.00s Sys=0.00s Real=0.00s
[365.120s][info][gc,start    ] GC(1455) Pause Young (Allocation Failure)
[365.121s][info][gc,heap     ] GC(1455) PSYoungGen: 171744K(172032K)->448K(165376K) Eden: 171008K(171008K)->0K(164864K) From: 736K(1024K)->448K(512K)
[365.121s][info][gc,heap     ] GC(1455) ParOldGen: 351270K(351744K)->351286K(351744K)
[365.121s][info][gc,metaspace] GC(1455) Metaspace: 6110K(6208K)->6110K(6208K) NonClass: 5629K(5696K)->5629K(5696K) Class: 481K(512K)->481K(512K)
[365.121s][info][gc          ] GC(1455) Pause Young (Allocation Failure) 510M->343M(505M) 1.256ms
[365.121s][info][gc,cpu      ] GC(1455) User=0.01s Sys=0.00s Real=0.01s
[365.372s][info][gc,start    ] GC(1456) Pause Young (Allocation Failure)
[365.373s][info][gc,heap     ] GC(1456) PSYoungGen: 165312K(165376K)->640K(160256K) Eden: 164864K(164864K)->0K(159232K) From: 448K(512K)->640K(1024K)
[365.373s][info][gc,heap     ] GC(1456) ParOldGen: 351286K(351744K)->351286K(351744K)
[365.373s][info][gc,metaspace] GC(1456) Metaspace: 6110K(6208K)->6110K(6208K) NonClass: 5629K(5696K)->5629K(5696K) Class: 481K(512K)->481K(512K)
[365.373s][info][gc          ] GC(1456) Pause Young (Allocation Failure) 504M->343M(500M) 1.236ms
[365.373s][info][gc,cpu      ] GC(1456) User=0.00s Sys=0.00s Real=0.00s
[365.616s][info][gc,start    ] GC(1457) Pause Young (Allocation Failure)
[365.617s][info][gc,heap     ] GC(1457) PSYoungGen: 159872K(160256K)->640K(154624K) Eden: 159232K(159232K)->0K(153600K) From: 640K(1024K)->640K(1024K)
[365.617s][info][gc,heap     ] GC(1457) ParOldGen: 351286K(351744K)->351286K(351744K)
[365.617s][info][gc,metaspace] GC(1457) Metaspace: 6110K(6208K)->6110K(6208K) NonClass: 5629K(5696K)->5629K(5696K) Class: 481K(512K)->481K(512K)
[365.617s][info][gc          ] GC(1457) Pause Young (Allocation Failure) 499M->343M(494M) 1.241ms
[365.617s][info][gc,cpu      ] GC(1457) User=0.00s Sys=0.00s Real=0.00s
[365.876s][info][gc,start    ] GC(1458) Pause Young (Allocation Failure)
[365.877s][info][gc,heap     ] GC(1458) PSYoungGen: 154240K(154624K)->800K(149504K) Eden: 153600K(153600K)->0K(148480K) From: 640K(1024K)->800K(1024K)
[365.877s][info][gc,heap     ] GC(1458) ParOldGen: 351286K(351744K)->351286K(351744K)
[365.877s][info][gc,metaspace] GC(1458) Metaspace: 6110K(6208K)->6110K(6208K) NonClass: 5629K(5696K)->5629K(5696K) Class: 481K(512K)->481K(512K)
[365.877s][info][gc          ] GC(1458) Pause Young (Allocation Failure) 493M->343M(489M) 1.587ms
[365.877s][info][gc,cpu      ] GC(1458) User=0.00s Sys=0.00s Real=0.00s
[366.104s][info][gc,start    ] GC(1459) Pause Young (Allocation Failure)
[366.105s][info][gc,heap     ] GC(1459) PSYoungGen: 149280K(149504K)->512K(143872K) Eden: 148480K(148480K)->0K(143360K) From: 800K(1024K)->512K(512K)
[366.105s][info][gc,heap     ] GC(1459) ParOldGen: 351286K(351744K)->351390K(351744K)
[366.105s][info][gc,metaspace] GC(1459) Metaspace: 6110K(6208K)->6110K(6208K) NonClass: 5629K(5696K)->5629K(5696K) Class: 481K(512K)->481K(512K)
[366.105s][info][gc          ] GC(1459) Pause Young (Allocation Failure) 488M->343M(484M) 1.316ms
[366.105s][info][gc,cpu      ] GC(1459) User=0.00s Sys=0.00s Real=0.00s
[366.321s][info][gc,start    ] GC(1460) Pause Young (Allocation Failure)
[366.323s][info][gc,heap     ] GC(1460) PSYoungGen: 143872K(143872K)->690K(139776K) Eden: 143360K(143360K)->0K(138752K) From: 512K(512K)->690K(1024K)
[366.323s][info][gc,heap     ] GC(1460) ParOldGen: 351390K(351744K)->351390K(351744K)
[366.323s][info][gc,metaspace] GC(1460) Metaspace: 6110K(6208K)->6110K(6208K) NonClass: 5629K(5696K)->5629K(5696K) Class: 481K(512K)->481K(512K)
[366.323s][info][gc          ] GC(1460) Pause Young (Allocation Failure) 483M->343M(480M) 1.412ms
[366.323s][info][gc,cpu      ] GC(1460) User=0.00s Sys=0.00s Real=0.00s
[366.531s][info][gc,start    ] GC(1461) Pause Young (Allocation Failure)
[366.532s][info][gc,heap     ] GC(1461) PSYoungGen: 139442K(139776K)->640K(135168K) Eden: 138752K(138752K)->0K(134144K) From: 690K(1024K)->640K(1024K)
[366.532s][info][gc,heap     ] GC(1461) ParOldGen: 351390K(351744K)->351422K(351744K)
[366.532s][info][gc,metaspace] GC(1461) Metaspace: 6110K(6208K)->6110K(6208K) NonClass: 5629K(5696K)->5629K(5696K) Class: 481K(512K)->481K(512K)
[366.532s][info][gc          ] GC(1461) Pause Young (Allocation Failure) 479M->343M(475M) 1.330ms
[366.532s][info][gc,cpu      ] GC(1461) User=0.00s Sys=0.00s Real=0.00s
[366.726s][info][gc,start    ] GC(1462) Pause Young (Allocation Failure)
[366.727s][info][gc,heap     ] GC(1462) PSYoungGen: 134784K(135168K)->768K(131072K) Eden: 134144K(134144K)->0K(130048K) From: 640K(1024K)->768K(1024K)
[366.727s][info][gc,heap     ] GC(1462) ParOldGen: 351422K(351744K)->351422K(351744K)
[366.727s][info][gc,metaspace] GC(1462) Metaspace: 6110K(6208K)->6110K(6208K) NonClass: 5629K(5696K)->5629K(5696K) Class: 481K(512K)->481K(512K)
[366.727s][info][gc          ] GC(1462) Pause Young (Allocation Failure) 474M->343M(471M) 1.489ms
[366.727s][info][gc,cpu      ] GC(1462) User=0.00s Sys=0.00s Real=0.00s
[366.909s][info][gc,start    ] GC(1463) Pause Young (Allocation Failure)
[366.910s][info][gc,heap     ] GC(1463) PSYoungGen: 130816K(131072K)->512K(126464K) Eden: 130048K(130048K)->0K(125952K) From: 768K(1024K)->512K(512K)
[366.910s][info][gc,heap     ] GC(1463) ParOldGen: 351422K(351744K)->351558K(351744K)
[366.910s][info][gc,metaspace] GC(1463) Metaspace: 6110K(6208K)->6110K(6208K) NonClass: 5629K(5696K)->5629K(5696K) Class: 481K(512K)->481K(512K)
[366.910s][info][gc          ] GC(1463) Pause Young (Allocation Failure) 470M->343M(467M) 1.377ms
[366.910s][info][gc,cpu      ] GC(1463) User=0.00s Sys=0.00s Real=0.00s
[367.080s][info][gc,start    ] GC(1464) Pause Young (Allocation Failure)
[367.081s][info][gc,heap     ] GC(1464) PSYoungGen: 126464K(126464K)->741K(122880K) Eden: 125952K(125952K)->0K(121856K) From: 512K(512K)->741K(1024K)
[367.081s][info][gc,heap     ] GC(1464) ParOldGen: 351558K(351744K)->351558K(351744K)
[367.081s][info][gc,metaspace] GC(1464) Metaspace: 6110K(6208K)->6110K(6208K) NonClass: 5629K(5696K)->5629K(5696K) Class: 481K(512K)->481K(512K)
[367.081s][info][gc          ] GC(1464) Pause Young (Allocation Failure) 466M->344M(463M) 1.810ms
[367.081s][info][gc,cpu      ] GC(1464) User=0.00s Sys=0.00s Real=0.01s
[367.245s][info][gc,start    ] GC(1465) Pause Young (Allocation Failure)
[367.246s][info][gc,heap     ] GC(1465) PSYoungGen: 122597K(122880K)->800K(119296K) Eden: 121856K(121856K)->0K(118272K) From: 741K(1024K)->800K(1024K)
[367.246s][info][gc,heap     ] GC(1465) ParOldGen: 351558K(351744K)->351598K(351744K)
[367.246s][info][gc,metaspace] GC(1465) Metaspace: 6110K(6208K)->6110K(6208K) NonClass: 5629K(5696K)->5629K(5696K) Class: 481K(512K)->481K(512K)
[367.246s][info][gc          ] GC(1465) Pause Young (Allocation Failure) 463M->344M(460M) 1.584ms
[367.246s][info][gc,cpu      ] GC(1465) User=0.00s Sys=0.01s Real=0.00s
[367.413s][info][gc,start    ] GC(1466) Pause Young (Allocation Failure)
[367.414s][info][gc,heap     ] GC(1466) PSYoungGen: 119072K(119296K)->768K(115712K) Eden: 118272K(118272K)->0K(114688K) From: 800K(1024K)->768K(1024K)
[367.414s][info][gc,heap     ] GC(1466) ParOldGen: 351598K(351744K)->351598K(351744K)
[367.414s][info][gc,metaspace] GC(1466) Metaspace: 6110K(6208K)->6110K(6208K) NonClass: 5629K(5696K)->5629K(5696K) Class: 481K(512K)->481K(512K)
[367.414s][info][gc          ] GC(1466) Pause Young (Allocation Failure) 459M->344M(456M) 1.455ms
[367.414s][info][gc,cpu      ] GC(1466) User=0.00s Sys=0.00s Real=0.00s
[367.576s][info][gc,start    ] GC(1467) Pause Young (Allocation Failure)
[367.578s][info][gc,heap     ] GC(1467) PSYoungGen: 115456K(115712K)->512K(111616K) Eden: 114688K(114688K)->0K(111104K) From: 768K(1024K)->512K(512K)
[367.578s][info][gc,heap     ] GC(1467) ParOldGen: 351598K(351744K)->351774K(352256K)
[367.578s][info][gc,metaspace] GC(1467) Metaspace: 6110K(6208K)->6110K(6208K) NonClass: 5629K(5696K)->5629K(5696K) Class: 481K(512K)->481K(512K)
[367.578s][info][gc          ] GC(1467) Pause Young (Allocation Failure) 456M->344M(453M) 1.781ms
[367.578s][info][gc,cpu      ] GC(1467) User=0.01s Sys=0.00s Real=0.00s
[367.737s][info][gc,start    ] GC(1468) Pause Young (Allocation Failure)
[367.738s][info][gc,heap     ] GC(1468) PSYoungGen: 111616K(111616K)->736K(109056K) Eden: 111104K(111104K)->0K(108032K) From: 512K(512K)->736K(1024K)
[367.738s][info][gc,heap     ] GC(1468) ParOldGen: 351774K(352256K)->351774K(352256K)
[367.738s][info][gc,metaspace] GC(1468) Metaspace: 6110K(6208K)->6110K(6208K) NonClass: 5629K(5696K)->5629K(5696K) Class: 481K(512K)->481K(512K)
[367.738s][info][gc          ] GC(1468) Pause Young (Allocation Failure) 452M->344M(450M) 1.459ms
[367.738s][info][gc,cpu      ] GC(1468) User=0.01s Sys=0.00s Real=0.00s
[367.897s][info][gc,start    ] GC(1469) Pause Young (Allocation Failure)
[367.898s][info][gc,heap     ] GC(1469) PSYoungGen: 108768K(109056K)->672K(105984K) Eden: 108032K(108032K)->0K(104960K) From: 736K(1024K)->672K(1024K)
[367.898s][info][gc,heap     ] GC(1469) ParOldGen: 351774K(352256K)->351790K(352256K)
[367.898s][info][gc,metaspace] GC(1469) Metaspace: 6110K(6208K)->6110K(6208K) NonClass: 5629K(5696K)->5629K(5696K) Class: 481K(512K)->481K(512K)
[367.898s][info][gc          ] GC(1469) Pause Young (Allocation Failure) 449M->344M(447M) 1.405ms
[367.898s][info][gc,cpu      ] GC(1469) User=0.00s Sys=0.00s Real=0.00s
[368.051s][info][gc,start    ] GC(1470) Pause Young (Allocation Failure)
[368.053s][info][gc,heap     ] GC(1470) PSYoungGen: 105632K(105984K)->736K(102912K) Eden: 104960K(104960K)->0K(101888K) From: 672K(1024K)->736K(1024K)
[368.053s][info][gc,heap     ] GC(1470) ParOldGen: 351790K(352256K)->351790K(352256K)
[368.053s][info][gc,metaspace] GC(1470) Metaspace: 6110K(6208K)->6110K(6208K) NonClass: 5629K(5696K)->5629K(5696K) Class: 481K(512K)->481K(512K)
[368.053s][info][gc          ] GC(1470) Pause Young (Allocation Failure) 446M->344M(444M) 1.616ms
[368.053s][info][gc,cpu      ] GC(1470) User=0.00s Sys=0.00s Real=0.00s
[368.206s][info][gc,start    ] GC(1471) Pause Young (Allocation Failure)
[368.208s][info][gc,heap     ] GC(1471) PSYoungGen: 102624K(102912K)->512K(99328K) Eden: 101888K(101888K)->0K(98816K) From: 736K(1024K)->512K(512K)
[368.208s][info][gc,heap     ] GC(1471) ParOldGen: 351790K(352256K)->351998K(352256K)
[368.208s][info][gc,metaspace] GC(1471) Metaspace: 6110K(6208K)->6110K(6208K) NonClass: 5629K(5696K)->5629K(5696K) Class: 481K(512K)->481K(512K)
[368.208s][info][gc          ] GC(1471) Pause Young (Allocation Failure) 443M->344M(441M) 1.592ms
[368.208s][info][gc,cpu      ] GC(1471) User=0.00s Sys=0.00s Real=0.00s
[368.350s][info][gc,start    ] GC(1472) Pause Young (Allocation Failure)
[368.352s][info][gc,heap     ] GC(1472) PSYoungGen: 99328K(99328K)->768K(97280K) Eden: 98816K(98816K)->0K(96256K) From: 512K(512K)->768K(1024K)
[368.352s][info][gc,heap     ] GC(1472) ParOldGen: 351998K(352256K)->351998K(352256K)
[368.352s][info][gc,metaspace] GC(1472) Metaspace: 6110K(6208K)->6110K(6208K) NonClass: 5629K(5696K)->5629K(5696K) Class: 481K(512K)->481K(512K)
[368.352s][info][gc          ] GC(1472) Pause Young (Allocation Failure) 440M->344M(439M) 1.488ms
[368.352s][info][gc,cpu      ] GC(1472) User=0.00s Sys=0.00s Real=0.01s
[368.488s][info][gc,start    ] GC(1473) Pause Young (Allocation Failure)
[368.489s][info][gc,heap     ] GC(1473) PSYoungGen: 97024K(97280K)->704K(94720K) Eden: 96256K(96256K)->0K(93696K) From: 768K(1024K)->704K(1024K)
[368.489s][info][gc,heap     ] GC(1473) ParOldGen: 351998K(352256K)->352022K(352256K)
[368.489s][info][gc,metaspace] GC(1473) Metaspace: 6110K(6208K)->6110K(6208K) NonClass: 5629K(5696K)->5629K(5696K) Class: 481K(512K)->481K(512K)
[368.489s][info][gc          ] GC(1473) Pause Young (Allocation Failure) 438M->344M(436M) 1.513ms
[368.489s][info][gc,cpu      ] GC(1473) User=0.01s Sys=0.00s Real=0.00s
[368.623s][info][gc,start    ] GC(1474) Pause Young (Allocation Failure)
[368.624s][info][gc,heap     ] GC(1474) PSYoungGen: 94400K(94720K)->832K(92160K) Eden: 93696K(93696K)->0K(91136K) From: 704K(1024K)->832K(1024K)
[368.624s][info][gc,heap     ] GC(1474) ParOldGen: 352022K(352256K)->352022K(352256K)
[368.624s][info][gc,metaspace] GC(1474) Metaspace: 6110K(6208K)->6110K(6208K) NonClass: 5629K(5696K)->5629K(5696K) Class: 481K(512K)->481K(512K)
[368.624s][info][gc          ] GC(1474) Pause Young (Allocation Failure) 435M->344M(434M) 1.793ms
[368.624s][info][gc,cpu      ] GC(1474) User=0.01s Sys=0.00s Real=0.00s
[368.750s][info][gc,start    ] GC(1475) Pause Young (Allocation Failure)
[368.751s][info][gc,heap     ] GC(1475) PSYoungGen: 91968K(92160K)->512K(110080K) Eden: 91136K(91136K)->0K(109568K) From: 832K(1024K)->512K(512K)
[368.751s][info][gc,heap     ] GC(1475) ParOldGen: 352022K(352256K)->352270K(352768K)
[368.751s][info][gc,metaspace] GC(1475) Metaspace: 6110K(6208K)->6110K(6208K) NonClass: 5629K(5696K)->5629K(5696K) Class: 481K(512K)->481K(512K)
[368.751s][info][gc          ] GC(1475) Pause Young (Allocation Failure) 433M->344M(452M) 1.649ms
[368.751s][info][gc,cpu      ] GC(1475) User=0.01s Sys=0.00s Real=0.01s
[368.906s][info][gc,start    ] GC(1476) Pause Young (Allocation Failure)
[368.907s][info][gc,heap     ] GC(1476) PSYoungGen: 110080K(110080K)->672K(107520K) Eden: 109568K(109568K)->0K(106496K) From: 512K(512K)->672K(1024K)
[368.907s][info][gc,heap     ] GC(1476) ParOldGen: 352270K(352768K)->352270K(352768K)
[368.907s][info][gc,metaspace] GC(1476) Metaspace: 6110K(6208K)->6110K(6208K) NonClass: 5629K(5696K)->5629K(5696K) Class: 481K(512K)->481K(512K)
[368.907s][info][gc          ] GC(1476) Pause Young (Allocation Failure) 451M->344M(449M) 1.318ms
[368.907s][info][gc,cpu      ] GC(1476) User=0.01s Sys=0.00s Real=0.00s
[369.064s][info][gc,start    ] GC(1477) Pause Young (Allocation Failure)
[369.066s][info][gc,heap     ] GC(1477) PSYoungGen: 107168K(107520K)->672K(104448K) Eden: 106496K(106496K)->0K(103424K) From: 672K(1024K)->672K(1024K)
[369.066s][info][gc,heap     ] GC(1477) ParOldGen: 352270K(352768K)->352286K(352768K)
[369.066s][info][gc,metaspace] GC(1477) Metaspace: 6110K(6208K)->6110K(6208K) NonClass: 5629K(5696K)->5629K(5696K) Class: 481K(512K)->481K(512K)
[369.066s][info][gc          ] GC(1477) Pause Young (Allocation Failure) 448M->344M(446M) 1.391ms
[369.066s][info][gc,cpu      ] GC(1477) User=0.00s Sys=0.00s Real=0.00s
[369.214s][info][gc,start    ] GC(1478) Pause Young (Allocation Failure)
[369.216s][info][gc,heap     ] GC(1478) PSYoungGen: 104096K(104448K)->704K(101376K) Eden: 103424K(103424K)->0K(100352K) From: 672K(1024K)->704K(1024K)
[369.216s][info][gc,heap     ] GC(1478) ParOldGen: 352286K(352768K)->352286K(352768K)
[369.216s][info][gc,metaspace] GC(1478) Metaspace: 6110K(6208K)->6110K(6208K) NonClass: 5629K(5696K)->5629K(5696K) Class: 481K(512K)->481K(512K)
[369.216s][info][gc          ] GC(1478) Pause Young (Allocation Failure) 445M->344M(443M) 1.551ms
[369.216s][info][gc,cpu      ] GC(1478) User=0.00s Sys=0.00s Real=0.00s
[369.358s][info][gc,start    ] GC(1479) Pause Young (Allocation Failure)
[369.359s][info][gc,heap     ] GC(1479) PSYoungGen: 101056K(101376K)->512K(98304K) Eden: 100352K(100352K)->0K(97792K) From: 704K(1024K)->512K(512K)
[369.359s][info][gc,heap     ] GC(1479) ParOldGen: 352286K(352768K)->352470K(352768K)
[369.359s][info][gc,metaspace] GC(1479) Metaspace: 6110K(6208K)->6110K(6208K) NonClass: 5629K(5696K)->5629K(5696K) Class: 481K(512K)->481K(512K)
[369.359s][info][gc          ] GC(1479) Pause Young (Allocation Failure) 442M->344M(440M) 1.455ms
[369.359s][info][gc,cpu      ] GC(1479) User=0.00s Sys=0.00s Real=0.00s
[369.493s][info][gc,start    ] GC(1480) Pause Young (Allocation Failure)
[369.495s][info][gc,heap     ] GC(1480) PSYoungGen: 98304K(98304K)->800K(96256K) Eden: 97792K(97792K)->0K(95232K) From: 512K(512K)->800K(1024K)
[369.495s][info][gc,heap     ] GC(1480) ParOldGen: 352470K(352768K)->352470K(352768K)
[369.495s][info][gc,metaspace] GC(1480) Metaspace: 6110K(6208K)->6110K(6208K) NonClass: 5629K(5696K)->5629K(5696K) Class: 481K(512K)->481K(512K)
[369.495s][info][gc          ] GC(1480) Pause Young (Allocation Failure) 440M->344M(438M) 1.810ms
[369.495s][info][gc,cpu      ] GC(1480) User=0.00s Sys=0.00s Real=0.00s
[369.627s][info][gc,start    ] GC(1481) Pause Young (Allocation Failure)
[369.628s][info][gc,heap     ] GC(1481) PSYoungGen: 96032K(96256K)->352K(93184K) Eden: 95232K(95232K)->0K(92672K) From: 800K(1024K)->352K(512K)
[369.628s][info][gc,heap     ] GC(1481) ParOldGen: 352470K(352768K)->352502K(352768K)
[369.628s][info][gc,metaspace] GC(1481) Metaspace: 6110K(6208K)->6110K(6208K) NonClass: 5629K(5696K)->5629K(5696K) Class: 481K(512K)->481K(512K)
[369.628s][info][gc          ] GC(1481) Pause Young (Allocation Failure) 437M->344M(435M) 1.360ms
[369.628s][info][gc,cpu      ] GC(1481) User=0.00s Sys=0.00s Real=0.00s
[369.761s][info][gc,start    ] GC(1482) Pause Young (Allocation Failure)
[369.763s][info][gc,heap     ] GC(1482) PSYoungGen: 93024K(93184K)->736K(91136K) Eden: 92672K(92672K)->0K(90112K) From: 352K(512K)->736K(1024K)
[369.763s][info][gc,heap     ] GC(1482) ParOldGen: 352502K(352768K)->352502K(352768K)
[369.763s][info][gc,metaspace] GC(1482) Metaspace: 6110K(6208K)->6110K(6208K) NonClass: 5629K(5696K)->5629K(5696K) Class: 481K(512K)->481K(512K)
[369.763s][info][gc          ] GC(1482) Pause Young (Allocation Failure) 435M->344M(433M) 1.475ms
[369.763s][info][gc,cpu      ] GC(1482) User=0.00s Sys=0.00s Real=0.00s
[369.887s][info][gc,start    ] GC(1483) Pause Young (Allocation Failure)
[369.888s][info][gc,heap     ] GC(1483) PSYoungGen: 90848K(91136K)->672K(88576K) Eden: 90112K(90112K)->0K(87552K) From: 736K(1024K)->672K(1024K)
[369.888s][info][gc,heap     ] GC(1483) ParOldGen: 352502K(352768K)->352502K(352768K)
[369.888s][info][gc,metaspace] GC(1483) Metaspace: 6110K(6208K)->6110K(6208K) NonClass: 5629K(5696K)->5629K(5696K) Class: 481K(512K)->481K(512K)
[369.888s][info][gc          ] GC(1483) Pause Young (Allocation Failure) 432M->344M(431M) 1.299ms
[369.888s][info][gc,cpu      ] GC(1483) User=0.01s Sys=0.00s Real=0.00s
[370.007s][info][gc,start    ] GC(1484) Pause Young (Allocation Failure)
[370.010s][info][gc,heap     ] GC(1484) PSYoungGen: 88224K(88576K)->690K(106496K) Eden: 87552K(87552K)->0K(105472K) From: 672K(1024K)->690K(1024K)
[370.010s][info][gc,heap     ] GC(1484) ParOldGen: 352502K(352768K)->352502K(352768K)
[370.010s][info][gc,metaspace] GC(1484) Metaspace: 6110K(6208K)->6110K(6208K) NonClass: 5629K(5696K)->5629K(5696K) Class: 481K(512K)->481K(512K)
[370.010s][info][gc          ] GC(1484) Pause Young (Allocation Failure) 430M->344M(448M) 2.602ms
[370.010s][info][gc,cpu      ] GC(1484) User=0.00s Sys=0.00s Real=0.00s
[370.155s][info][gc,start    ] GC(1485) Pause Young (Allocation Failure)
[370.157s][info][gc,heap     ] GC(1485) PSYoungGen: 106162K(106496K)->498K(127488K) Eden: 105472K(105472K)->0K(126976K) From: 690K(1024K)->498K(512K)
[370.157s][info][gc,heap     ] GC(1485) ParOldGen: 352502K(352768K)->352646K(352768K)
[370.157s][info][gc,metaspace] GC(1485) Metaspace: 6110K(6208K)->6110K(6208K) NonClass: 5629K(5696K)->5629K(5696K) Class: 481K(512K)->481K(512K)
[370.157s][info][gc          ] GC(1485) Pause Young (Allocation Failure) 447M->344M(469M) 2.027ms
[370.157s][info][gc,cpu      ] GC(1485) User=0.01s Sys=0.00s Real=0.00s
[370.335s][info][gc,start    ] GC(1486) Pause Young (Allocation Failure)
[370.336s][info][gc,heap     ] GC(1486) PSYoungGen: 127474K(127488K)->773K(153600K) Eden: 126976K(126976K)->0K(152576K) From: 498K(512K)->773K(1024K)
[370.336s][info][gc,heap     ] GC(1486) ParOldGen: 352646K(352768K)->352646K(352768K)
[370.336s][info][gc,metaspace] GC(1486) Metaspace: 6110K(6208K)->6110K(6208K) NonClass: 5629K(5696K)->5629K(5696K) Class: 481K(512K)->481K(512K)
[370.336s][info][gc          ] GC(1486) Pause Young (Allocation Failure) 468M->345M(494M) 1.565ms
[370.336s][info][gc,cpu      ] GC(1486) User=0.00s Sys=0.00s Real=0.00s
[370.551s][info][gc,start    ] GC(1487) Pause Young (Allocation Failure)
[370.552s][info][gc,heap     ] GC(1487) PSYoungGen: 153349K(153600K)->640K(148480K) Eden: 152576K(152576K)->0K(147456K) From: 773K(1024K)->640K(1024K)
[370.552s][info][gc,heap     ] GC(1487) ParOldGen: 352646K(352768K)->352710K(352768K)
[370.552s][info][gc,metaspace] GC(1487) Metaspace: 6110K(6208K)->6110K(6208K) NonClass: 5629K(5696K)->5629K(5696K) Class: 481K(512K)->481K(512K)
[370.552s][info][gc          ] GC(1487) Pause Young (Allocation Failure) 494M->345M(489M) 1.425ms
[370.552s][info][gc,cpu      ] GC(1487) User=0.00s Sys=0.00s Real=0.00s
[370.754s][info][gc,start    ] GC(1488) Pause Young (Allocation Failure)
[370.755s][info][gc,heap     ] GC(1488) PSYoungGen: 148096K(148480K)->768K(143872K) Eden: 147456K(147456K)->0K(142848K) From: 640K(1024K)->768K(1024K)
[370.755s][info][gc,heap     ] GC(1488) ParOldGen: 352710K(352768K)->352710K(352768K)
[370.755s][info][gc,metaspace] GC(1488) Metaspace: 6110K(6208K)->6110K(6208K) NonClass: 5629K(5696K)->5629K(5696K) Class: 481K(512K)->481K(512K)
[370.755s][info][gc          ] GC(1488) Pause Young (Allocation Failure) 489M->345M(485M) 1.550ms
[370.755s][info][gc,cpu      ] GC(1488) User=0.01s Sys=0.00s Real=0.00s
[370.949s][info][gc,start    ] GC(1489) Pause Young (Allocation Failure)
[370.951s][info][gc,heap     ] GC(1489) PSYoungGen: 143616K(143872K)->512K(138752K) Eden: 142848K(142848K)->0K(138240K) From: 768K(1024K)->512K(512K)
[370.951s][info][gc,heap     ] GC(1489) ParOldGen: 352710K(352768K)->352918K(353280K)
[370.951s][info][gc,metaspace] GC(1489) Metaspace: 6110K(6208K)->6110K(6208K) NonClass: 5629K(5696K)->5629K(5696K) Class: 481K(512K)->481K(512K)
[370.951s][info][gc          ] GC(1489) Pause Young (Allocation Failure) 484M->345M(480M) 1.585ms
[370.951s][info][gc,cpu      ] GC(1489) User=0.00s Sys=0.00s Real=0.01s
[371.136s][info][gc,start    ] GC(1490) Pause Young (Allocation Failure)
[371.137s][info][gc,heap     ] GC(1490) PSYoungGen: 138752K(138752K)->704K(134656K) Eden: 138240K(138240K)->0K(133632K) From: 512K(512K)->704K(1024K)
[371.137s][info][gc,heap     ] GC(1490) ParOldGen: 352918K(353280K)->352918K(353280K)
[371.137s][info][gc,metaspace] GC(1490) Metaspace: 6110K(6208K)->6110K(6208K) NonClass: 5629K(5696K)->5629K(5696K) Class: 481K(512K)->481K(512K)
[371.137s][info][gc          ] GC(1490) Pause Young (Allocation Failure) 480M->345M(476M) 1.377ms
[371.137s][info][gc,cpu      ] GC(1490) User=0.00s Sys=0.00s Real=0.00s
[371.320s][info][gc,start    ] GC(1491) Pause Young (Allocation Failure)
[371.321s][info][gc,heap     ] GC(1491) PSYoungGen: 134336K(134656K)->672K(130560K) Eden: 133632K(133632K)->0K(129536K) From: 704K(1024K)->672K(1024K)
[371.321s][info][gc,heap     ] GC(1491) ParOldGen: 352918K(353280K)->352942K(353280K)
[371.321s][info][gc,metaspace] GC(1491) Metaspace: 6110K(6208K)->6110K(6208K) NonClass: 5629K(5696K)->5629K(5696K) Class: 481K(512K)->481K(512K)
[371.321s][info][gc          ] GC(1491) Pause Young (Allocation Failure) 475M->345M(472M) 1.372ms
[371.321s][info][gc,cpu      ] GC(1491) User=0.00s Sys=0.00s Real=0.01s
[371.504s][info][gc,start    ] GC(1492) Pause Young (Allocation Failure)
[371.506s][info][gc,heap     ] GC(1492) PSYoungGen: 130208K(130560K)->768K(126464K) Eden: 129536K(129536K)->0K(125440K) From: 672K(1024K)->768K(1024K)
[371.506s][info][gc,heap     ] GC(1492) ParOldGen: 352942K(353280K)->352942K(353280K)
[371.506s][info][gc,metaspace] GC(1492) Metaspace: 6110K(6208K)->6110K(6208K) NonClass: 5629K(5696K)->5629K(5696K) Class: 481K(512K)->481K(512K)
[371.506s][info][gc          ] GC(1492) Pause Young (Allocation Failure) 471M->345M(468M) 1.570ms
[371.506s][info][gc,cpu      ] GC(1492) User=0.01s Sys=0.00s Real=0.00s
[371.687s][info][gc,start    ] GC(1493) Pause Young (Allocation Failure)
[371.689s][info][gc,heap     ] GC(1493) PSYoungGen: 126208K(126464K)->512K(121856K) Eden: 125440K(125440K)->0K(121344K) From: 768K(1024K)->512K(512K)
[371.689s][info][gc,heap     ] GC(1493) ParOldGen: 352942K(353280K)->353054K(353280K)
[371.689s][info][gc,metaspace] GC(1493) Metaspace: 6110K(6208K)->6110K(6208K) NonClass: 5629K(5696K)->5629K(5696K) Class: 481K(512K)->481K(512K)
[371.689s][info][gc          ] GC(1493) Pause Young (Allocation Failure) 467M->345M(464M) 1.374ms
[371.689s][info][gc,cpu      ] GC(1493) User=0.00s Sys=0.01s Real=0.00s
[371.866s][info][gc,start    ] GC(1494) Pause Young (Allocation Failure)
[371.867s][info][gc,heap     ] GC(1494) PSYoungGen: 121856K(121856K)->768K(118784K) Eden: 121344K(121344K)->0K(117760K) From: 512K(512K)->768K(1024K)
[371.867s][info][gc,heap     ] GC(1494) ParOldGen: 353054K(353280K)->353054K(353280K)
[371.867s][info][gc,metaspace] GC(1494) Metaspace: 6110K(6208K)->6110K(6208K) NonClass: 5629K(5696K)->5629K(5696K) Class: 481K(512K)->481K(512K)
[371.867s][info][gc          ] GC(1494) Pause Young (Allocation Failure) 463M->345M(461M) 1.489ms
[371.867s][info][gc,cpu      ] GC(1494) User=0.00s Sys=0.00s Real=0.00s
[372.032s][info][gc,start    ] GC(1495) Pause Young (Allocation Failure)
[372.034s][info][gc,heap     ] GC(1495) PSYoungGen: 118528K(118784K)->768K(115200K) Eden: 117760K(117760K)->0K(114176K) From: 768K(1024K)->768K(1024K)
[372.034s][info][gc,heap     ] GC(1495) ParOldGen: 353054K(353280K)->353078K(353280K)
[372.034s][info][gc,metaspace] GC(1495) Metaspace: 6110K(6208K)->6110K(6208K) NonClass: 5629K(5696K)->5629K(5696K) Class: 481K(512K)->481K(512K)
[372.034s][info][gc          ] GC(1495) Pause Young (Allocation Failure) 460M->345M(457M) 1.548ms
[372.034s][info][gc,cpu      ] GC(1495) User=0.00s Sys=0.00s Real=0.00s
[372.196s][info][gc,start    ] GC(1496) Pause Young (Allocation Failure)
[372.197s][info][gc,heap     ] GC(1496) PSYoungGen: 114944K(115200K)->768K(111616K) Eden: 114176K(114176K)->0K(110592K) From: 768K(1024K)->768K(1024K)
[372.197s][info][gc,heap     ] GC(1496) ParOldGen: 353078K(353280K)->353078K(353280K)
[372.197s][info][gc,metaspace] GC(1496) Metaspace: 6110K(6208K)->6110K(6208K) NonClass: 5629K(5696K)->5629K(5696K) Class: 481K(512K)->481K(512K)
[372.197s][info][gc          ] GC(1496) Pause Young (Allocation Failure) 457M->345M(454M) 1.526ms
[372.197s][info][gc,cpu      ] GC(1496) User=0.01s Sys=0.00s Real=0.00s
[372.353s][info][gc,start    ] GC(1497) Pause Young (Allocation Failure)
[372.355s][info][gc,heap     ] GC(1497) PSYoungGen: 111360K(111616K)->512K(108032K) Eden: 110592K(110592K)->0K(107520K) From: 768K(1024K)->512K(512K)
[372.355s][info][gc,heap     ] GC(1497) ParOldGen: 353078K(353280K)->353230K(353280K)
[372.355s][info][gc,metaspace] GC(1497) Metaspace: 6110K(6208K)->6110K(6208K) NonClass: 5629K(5696K)->5629K(5696K) Class: 481K(512K)->481K(512K)
[372.355s][info][gc          ] GC(1497) Pause Young (Allocation Failure) 453M->345M(450M) 1.480ms
[372.355s][info][gc,cpu      ] GC(1497) User=0.00s Sys=0.00s Real=0.00s
[372.510s][info][gc,start    ] GC(1498) Pause Young (Allocation Failure)
[372.512s][info][gc,heap     ] GC(1498) PSYoungGen: 108032K(108032K)->704K(105472K) Eden: 107520K(107520K)->0K(104448K) From: 512K(512K)->704K(1024K)
[372.512s][info][gc,heap     ] GC(1498) ParOldGen: 353230K(353280K)->353230K(353280K)
[372.512s][info][gc,metaspace] GC(1498) Metaspace: 6110K(6208K)->6110K(6208K) NonClass: 5629K(5696K)->5629K(5696K) Class: 481K(512K)->481K(512K)
[372.512s][info][gc          ] GC(1498) Pause Young (Allocation Failure) 450M->345M(448M) 1.404ms
[372.512s][info][gc,cpu      ] GC(1498) User=0.00s Sys=0.00s Real=0.01s
[372.666s][info][gc,start    ] GC(1499) Pause Young (Allocation Failure)
[372.668s][info][gc,heap     ] GC(1499) PSYoungGen: 105152K(105472K)->640K(102400K) Eden: 104448K(104448K)->0K(101376K) From: 704K(1024K)->640K(1024K)
[372.668s][info][gc,heap     ] GC(1499) ParOldGen: 353230K(353280K)->353262K(353280K)
[372.668s][info][gc,metaspace] GC(1499) Metaspace: 6110K(6208K)->6110K(6208K) NonClass: 5629K(5696K)->5629K(5696K) Class: 481K(512K)->481K(512K)
[372.668s][info][gc          ] GC(1499) Pause Young (Allocation Failure) 447M->345M(445M) 1.335ms
[372.668s][info][gc,cpu      ] GC(1499) User=0.00s Sys=0.00s Real=0.00s
[372.815s][info][gc,start    ] GC(1500) Pause Young (Allocation Failure)
[372.816s][info][gc,heap     ] GC(1500) PSYoungGen: 102016K(102400K)->704K(99328K) Eden: 101376K(101376K)->0K(98304K) From: 640K(1024K)->704K(1024K)
[372.816s][info][gc,heap     ] GC(1500) ParOldGen: 353262K(353280K)->353262K(353280K)
[372.816s][info][gc,metaspace] GC(1500) Metaspace: 6110K(6208K)->6110K(6208K) NonClass: 5629K(5696K)->5629K(5696K) Class: 481K(512K)->481K(512K)
[372.817s][info][gc          ] GC(1500) Pause Young (Allocation Failure) 444M->345M(442M) 1.430ms
[372.817s][info][gc,cpu      ] GC(1500) User=0.00s Sys=0.00s Real=0.00s
[372.958s][info][gc,start    ] GC(1501) Pause Young (Allocation Failure)
[372.960s][info][gc,heap     ] GC(1501) PSYoungGen: 99008K(99328K)->512K(96256K) Eden: 98304K(98304K)->0K(95744K) From: 704K(1024K)->512K(512K)
[372.960s][info][gc,heap     ] GC(1501) ParOldGen: 353262K(353280K)->353462K(353792K)
[372.960s][info][gc,metaspace] GC(1501) Metaspace: 6110K(6208K)->6110K(6208K) NonClass: 5629K(5696K)->5629K(5696K) Class: 481K(512K)->481K(512K)
[372.960s][info][gc          ] GC(1501) Pause Young (Allocation Failure) 441M->345M(439M) 1.575ms
[372.960s][info][gc,cpu      ] GC(1501) User=0.00s Sys=0.00s Real=0.00s
[373.097s][info][gc,start    ] GC(1502) Pause Young (Allocation Failure)
[373.098s][info][gc,heap     ] GC(1502) PSYoungGen: 96256K(96256K)->768K(94208K) Eden: 95744K(95744K)->0K(93184K) From: 512K(512K)->768K(1024K)
[373.098s][info][gc,heap     ] GC(1502) ParOldGen: 353462K(353792K)->353462K(353792K)
[373.098s][info][gc,metaspace] GC(1502) Metaspace: 6110K(6208K)->6110K(6208K) NonClass: 5629K(5696K)->5629K(5696K) Class: 481K(512K)->481K(512K)
[373.098s][info][gc          ] GC(1502) Pause Young (Allocation Failure) 439M->345M(437M) 1.455ms
[373.098s][info][gc,cpu      ] GC(1502) User=0.00s Sys=0.00s Real=0.00s
[373.230s][info][gc,start    ] GC(1503) Pause Young (Allocation Failure)
[373.232s][info][gc,heap     ] GC(1503) PSYoungGen: 93952K(94208K)->736K(91648K) Eden: 93184K(93184K)->0K(90624K) From: 768K(1024K)->736K(1024K)
[373.232s][info][gc,heap     ] GC(1503) ParOldGen: 353462K(353792K)->353486K(353792K)
[373.232s][info][gc,metaspace] GC(1503) Metaspace: 6110K(6208K)->6110K(6208K) NonClass: 5629K(5696K)->5629K(5696K) Class: 481K(512K)->481K(512K)
[373.232s][info][gc          ] GC(1503) Pause Young (Allocation Failure) 436M->345M(435M) 1.456ms
[373.232s][info][gc,cpu      ] GC(1503) User=0.01s Sys=0.00s Real=0.01s
[373.360s][info][gc,start    ] GC(1504) Pause Young (Allocation Failure)
[373.361s][info][gc,heap     ] GC(1504) PSYoungGen: 91360K(91648K)->704K(89088K) Eden: 90624K(90624K)->0K(88064K) From: 736K(1024K)->704K(1024K)
[373.361s][info][gc,heap     ] GC(1504) ParOldGen: 353486K(353792K)->353486K(353792K)
[373.361s][info][gc,metaspace] GC(1504) Metaspace: 6110K(6208K)->6110K(6208K) NonClass: 5629K(5696K)->5629K(5696K) Class: 481K(512K)->481K(512K)
[373.361s][info][gc          ] GC(1504) Pause Young (Allocation Failure) 434M->345M(432M) 1.406ms
[373.361s][info][gc,cpu      ] GC(1504) User=0.00s Sys=0.00s Real=0.01s
[373.487s][info][gc,start    ] GC(1505) Pause Young (Allocation Failure)
[373.488s][info][gc,heap     ] GC(1505) PSYoungGen: 88768K(89088K)->512K(86528K) Eden: 88064K(88064K)->0K(86016K) From: 704K(1024K)->512K(512K)
[373.488s][info][gc,heap     ] GC(1505) ParOldGen: 353486K(353792K)->353606K(353792K)
[373.488s][info][gc,metaspace] GC(1505) Metaspace: 6110K(6208K)->6110K(6208K) NonClass: 5629K(5696K)->5629K(5696K) Class: 481K(512K)->481K(512K)
[373.488s][info][gc          ] GC(1505) Pause Young (Allocation Failure) 431M->345M(430M) 1.316ms
[373.488s][info][gc,cpu      ] GC(1505) User=0.00s Sys=0.00s Real=0.00s
[373.611s][info][gc,start    ] GC(1506) Pause Young (Allocation Failure)
[373.612s][info][gc,heap     ] GC(1506) PSYoungGen: 86528K(86528K)->466K(285184K) Eden: 86016K(86016K)->0K(284160K) From: 512K(512K)->466K(1024K)
[373.612s][info][gc,heap     ] GC(1506) ParOldGen: 353606K(353792K)->353606K(353792K)
[373.612s][info][gc,metaspace] GC(1506) Metaspace: 6110K(6208K)->6110K(6208K) NonClass: 5629K(5696K)->5629K(5696K) Class: 481K(512K)->481K(512K)
[373.612s][info][gc          ] GC(1506) Pause Young (Allocation Failure) 429M->345M(624M) 1.317ms
[373.612s][info][gc,cpu      ] GC(1506) User=0.00s Sys=0.00s Real=0.00s
[374.024s][info][gc,start    ] GC(1507) Pause Young (Allocation Failure)
[374.025s][info][gc,heap     ] GC(1507) PSYoungGen: 284626K(285184K)->768K(273920K) Eden: 284160K(284160K)->0K(272896K) From: 466K(1024K)->768K(1024K)
[374.026s][info][gc,heap     ] GC(1507) ParOldGen: 353606K(353792K)->353646K(353792K)
[374.026s][info][gc,metaspace] GC(1507) Metaspace: 6110K(6208K)->6110K(6208K) NonClass: 5629K(5696K)->5629K(5696K) Class: 481K(512K)->481K(512K)
[374.026s][info][gc          ] GC(1507) Pause Young (Allocation Failure) 623M->346M(613M) 1.517ms
[374.026s][info][gc,cpu      ] GC(1507) User=0.00s Sys=0.00s Real=0.00s
[374.418s][info][gc,start    ] GC(1508) Pause Young (Allocation Failure)
[374.420s][info][gc,heap     ] GC(1508) PSYoungGen: 273664K(273920K)->640K(263168K) Eden: 272896K(272896K)->0K(262144K) From: 768K(1024K)->640K(1024K)
[374.420s][info][gc,heap     ] GC(1508) ParOldGen: 353646K(353792K)->353646K(353792K)
[374.420s][info][gc,metaspace] GC(1508) Metaspace: 6110K(6208K)->6110K(6208K) NonClass: 5629K(5696K)->5629K(5696K) Class: 481K(512K)->481K(512K)
[374.420s][info][gc          ] GC(1508) Pause Young (Allocation Failure) 612M->345M(602M) 1.361ms
[374.420s][info][gc,cpu      ] GC(1508) User=0.00s Sys=0.00s Real=0.00s
[374.798s][info][gc,start    ] GC(1509) Pause Young (Allocation Failure)
[374.800s][info][gc,heap     ] GC(1509) PSYoungGen: 262784K(263168K)->512K(252416K) Eden: 262144K(262144K)->0K(251904K) From: 640K(1024K)->512K(512K)
[374.800s][info][gc,heap     ] GC(1509) ParOldGen: 353646K(353792K)->353862K(354304K)
[374.800s][info][gc,metaspace] GC(1509) Metaspace: 6110K(6208K)->6110K(6208K) NonClass: 5629K(5696K)->5629K(5696K) Class: 481K(512K)->481K(512K)
[374.800s][info][gc          ] GC(1509) Pause Young (Allocation Failure) 601M->346M(592M) 1.629ms
[374.800s][info][gc,cpu      ] GC(1509) User=0.00s Sys=0.01s Real=0.00s
[375.164s][info][gc,start    ] GC(1510) Pause Young (Allocation Failure)
[375.167s][info][gc,heap     ] GC(1510) PSYoungGen: 252416K(252416K)->754K(243200K) Eden: 251904K(251904K)->0K(242176K) From: 512K(512K)->754K(1024K)
[375.167s][info][gc,heap     ] GC(1510) ParOldGen: 353862K(354304K)->353862K(354304K)
[375.167s][info][gc,metaspace] GC(1510) Metaspace: 6110K(6208K)->6110K(6208K) NonClass: 5629K(5696K)->5629K(5696K) Class: 481K(512K)->481K(512K)
[375.167s][info][gc          ] GC(1510) Pause Young (Allocation Failure) 592M->346M(583M) 3.138ms
[375.167s][info][gc,cpu      ] GC(1510) User=0.00s Sys=0.00s Real=0.00s
[375.503s][info][gc,start    ] GC(1511) Pause Young (Allocation Failure)
[375.506s][info][gc,heap     ] GC(1511) PSYoungGen: 242930K(243200K)->754K(233984K) Eden: 242176K(242176K)->0K(232960K) From: 754K(1024K)->754K(1024K)
[375.506s][info][gc,heap     ] GC(1511) ParOldGen: 353862K(354304K)->353894K(354304K)
[375.506s][info][gc,metaspace] GC(1511) Metaspace: 6110K(6208K)->6110K(6208K) NonClass: 5629K(5696K)->5629K(5696K) Class: 481K(512K)->481K(512K)
[375.506s][info][gc          ] GC(1511) Pause Young (Allocation Failure) 582M->346M(574M) 2.822ms
[375.506s][info][gc,cpu      ] GC(1511) User=0.01s Sys=0.00s Real=0.00s
[375.843s][info][gc,start    ] GC(1512) Pause Young (Allocation Failure)
[375.847s][info][gc,heap     ] GC(1512) PSYoungGen: 233714K(233984K)->754K(225280K) Eden: 232960K(232960K)->0K(224256K) From: 754K(1024K)->754K(1024K)
[375.847s][info][gc,heap     ] GC(1512) ParOldGen: 353894K(354304K)->353894K(354304K)
[375.847s][info][gc,metaspace] GC(1512) Metaspace: 6110K(6208K)->6110K(6208K) NonClass: 5629K(5696K)->5629K(5696K) Class: 481K(512K)->481K(512K)
[375.847s][info][gc          ] GC(1512) Pause Young (Allocation Failure) 573M->346M(566M) 3.112ms
[375.847s][info][gc,cpu      ] GC(1512) User=0.00s Sys=0.00s Real=0.00s
[376.168s][info][gc,start    ] GC(1513) Pause Young (Allocation Failure)
[376.171s][info][gc,heap     ] GC(1513) PSYoungGen: 225010K(225280K)->498K(216576K) Eden: 224256K(224256K)->0K(216064K) From: 754K(1024K)->498K(512K)
[376.171s][info][gc,heap     ] GC(1513) ParOldGen: 353894K(354304K)->353998K(354304K)
[376.171s][info][gc,metaspace] GC(1513) Metaspace: 6110K(6208K)->6110K(6208K) NonClass: 5629K(5696K)->5629K(5696K) Class: 481K(512K)->481K(512K)
[376.171s][info][gc          ] GC(1513) Pause Young (Allocation Failure) 565M->346M(557M) 2.536ms
[376.171s][info][gc,cpu      ] GC(1513) User=0.00s Sys=0.00s Real=0.01s
[376.490s][info][gc,start    ] GC(1514) Pause Young (Allocation Failure)
[376.493s][info][gc,heap     ] GC(1514) PSYoungGen: 216562K(216576K)->645K(208896K) Eden: 216064K(216064K)->0K(207872K) From: 498K(512K)->645K(1024K)
[376.493s][info][gc,heap     ] GC(1514) ParOldGen: 353998K(354304K)->353998K(354304K)
[376.493s][info][gc,metaspace] GC(1514) Metaspace: 6110K(6208K)->6110K(6208K) NonClass: 5629K(5696K)->5629K(5696K) Class: 481K(512K)->481K(512K)
[376.493s][info][gc          ] GC(1514) Pause Young (Allocation Failure) 557M->346M(550M) 2.509ms
[376.493s][info][gc,cpu      ] GC(1514) User=0.00s Sys=0.00s Real=0.01s
[376.795s][info][gc,start    ] GC(1515) Pause Young (Allocation Failure)
[376.797s][info][gc,heap     ] GC(1515) PSYoungGen: 208517K(208896K)->768K(201216K) Eden: 207872K(207872K)->0K(200192K) From: 645K(1024K)->768K(1024K)
[376.797s][info][gc,heap     ] GC(1515) ParOldGen: 353998K(354304K)->354038K(354304K)
[376.797s][info][gc,metaspace] GC(1515) Metaspace: 6110K(6208K)->6110K(6208K) NonClass: 5629K(5696K)->5629K(5696K) Class: 481K(512K)->481K(512K)
[376.797s][info][gc          ] GC(1515) Pause Young (Allocation Failure) 549M->346M(542M) 1.836ms
[376.797s][info][gc,cpu      ] GC(1515) User=0.00s Sys=0.00s Real=0.00s
[377.084s][info][gc,start    ] GC(1516) Pause Young (Allocation Failure)
[377.086s][info][gc,heap     ] GC(1516) PSYoungGen: 200960K(201216K)->736K(194048K) Eden: 200192K(200192K)->0K(193024K) From: 768K(1024K)->736K(1024K)
[377.086s][info][gc,heap     ] GC(1516) ParOldGen: 354038K(354304K)->354038K(354304K)
[377.086s][info][gc,metaspace] GC(1516) Metaspace: 6110K(6208K)->6110K(6208K) NonClass: 5629K(5696K)->5629K(5696K) Class: 481K(512K)->481K(512K)
[377.086s][info][gc          ] GC(1516) Pause Young (Allocation Failure) 541M->346M(535M) 1.668ms
[377.086s][info][gc,cpu      ] GC(1516) User=0.01s Sys=0.00s Real=0.00s
[377.626s][info][gc,start    ] GC(1517) Pause Young (Allocation Failure)
[377.628s][info][gc,heap     ] GC(1517) PSYoungGen: 189616K(194048K)->64K(186368K) Eden: 188880K(193024K)->0K(185856K) From: 736K(1024K)->64K(512K)
[377.628s][info][gc,heap     ] GC(1517) ParOldGen: 354038K(354304K)->354038K(354304K)
[377.628s][info][gc,metaspace] GC(1517) Metaspace: 6126K(6208K)->6126K(6208K) NonClass: 5643K(5696K)->5643K(5696K) Class: 483K(512K)->483K(512K)
[377.628s][info][gc          ] GC(1517) Pause Young (Allocation Failure) 530M->345M(528M) 1.299ms
[377.628s][info][gc,cpu      ] GC(1517) User=0.01s Sys=0.00s Real=0.00s
[377.986s][info][gc,start    ] GC(1518) Pause Young (Allocation Failure)
[378.107s][info][gc,heap     ] GC(1518) PSYoungGen: 185920K(186368K)->64K(223744K) Eden: 185856K(185856K)->0K(223232K) From: 64K(512K)->64K(512K)
[378.107s][info][gc,heap     ] GC(1518) ParOldGen: 354038K(354304K)->583430K(585728K)
[378.107s][info][gc,metaspace] GC(1518) Metaspace: 6129K(6208K)->6129K(6208K) NonClass: 5646K(5696K)->5646K(5696K) Class: 483K(512K)->483K(512K)
[378.107s][info][gc          ] GC(1518) Pause Young (Allocation Failure) 527M->569M(790M) 120.795ms
[378.107s][info][gc,cpu      ] GC(1518) User=0.08s Sys=0.16s Real=0.12s
[378.380s][info][gc,start    ] GC(1519) Pause Full (Allocation Failure)
[378.380s][info][gc,phases,start] GC(1519) Marking Phase
[378.386s][info][gc,phases      ] GC(1519) Marking Phase 6.604ms
[378.386s][info][gc,phases,start] GC(1519) Summary Phase
[378.387s][info][gc,phases      ] GC(1519) Summary Phase 0.049ms
[378.387s][info][gc,phases,start] GC(1519) Forward
[378.389s][info][gc,phases      ] GC(1519) Forward 2.847ms
[378.389s][info][gc,phases,start] GC(1519) Adjust Pointers
[378.393s][info][gc,phases      ] GC(1519) Adjust Pointers 3.357ms
[378.393s][info][gc,phases,start] GC(1519) Compaction Phase
[378.428s][info][gc,phases      ] GC(1519) Compaction Phase 35.665ms
[378.429s][info][gc,phases,start] GC(1519) Post Compact
[378.445s][info][gc,phases      ] GC(1519) Post Compact 16.832ms
[378.461s][info][gc,heap        ] GC(1519) PSYoungGen: 223296K(223744K)->0K(268800K) Eden: 223232K(223232K)->0K(268288K) From: 64K(512K)->0K(512K)
[378.461s][info][gc,heap        ] GC(1519) ParOldGen: 583430K(585728K)->278713K(430080K)
[378.461s][info][gc,metaspace   ] GC(1519) Metaspace: 6129K(6208K)->6129K(6208K) NonClass: 5646K(5696K)->5646K(5696K) Class: 483K(512K)->483K(512K)
[378.461s][info][gc             ] GC(1519) Pause Full (Allocation Failure) 787M->272M(682M) 80.933ms
[378.461s][info][gc,cpu         ] GC(1519) User=0.08s Sys=0.03s Real=0.09s
[378.850s][info][gc,start       ] GC(1520) Pause Young (Allocation Failure)
[378.873s][info][gc,heap        ] GC(1520) PSYoungGen: 268288K(268800K)->1439K(282112K) Eden: 268288K(268288K)->0K(280576K) From: 0K(512K)->1439K(1536K)
[378.873s][info][gc,heap        ] GC(1520) ParOldGen: 278713K(430080K)->344257K(430080K)
[378.873s][info][gc,metaspace   ] GC(1520) Metaspace: 6132K(6208K)->6132K(6208K) NonClass: 5649K(5696K)->5649K(5696K) Class: 483K(512K)->483K(512K)
[378.873s][info][gc             ] GC(1520) Pause Young (Allocation Failure) 534M->337M(695M) 22.693ms
[378.873s][info][gc,cpu         ] GC(1520) User=0.04s Sys=0.01s Real=0.03s
[379.360s][info][gc,start       ] GC(1521) Pause Young (Allocation Failure)
[379.362s][info][gc,heap        ] GC(1521) PSYoungGen: 282015K(282112K)->672K(323584K) Eden: 280576K(280576K)->0K(322048K) From: 1439K(1536K)->672K(1536K)
[379.362s][info][gc,heap        ] GC(1521) ParOldGen: 344257K(430080K)->344997K(430080K)
[379.362s][info][gc,metaspace   ] GC(1521) Metaspace: 6132K(6208K)->6132K(6208K) NonClass: 5649K(5696K)->5649K(5696K) Class: 483K(512K)->483K(512K)
[379.362s][info][gc             ] GC(1521) Pause Young (Allocation Failure) 611M->337M(736M) 1.901ms
[379.362s][info][gc,cpu         ] GC(1521) User=0.00s Sys=0.00s Real=0.01s
[379.870s][info][gc,start       ] GC(1522) Pause Young (Allocation Failure)
[379.871s][info][gc,heap        ] GC(1522) PSYoungGen: 322720K(323584K)->736K(323584K) Eden: 322048K(322048K)->0K(322048K) From: 672K(1536K)->736K(1536K)
[379.871s][info][gc,heap        ] GC(1522) ParOldGen: 344997K(430080K)->344997K(430080K)
[379.871s][info][gc,metaspace   ] GC(1522) Metaspace: 6132K(6208K)->6132K(6208K) NonClass: 5649K(5696K)->5649K(5696K) Class: 483K(512K)->483K(512K)
[379.871s][info][gc             ] GC(1522) Pause Young (Allocation Failure) 652M->337M(736M) 1.512ms
[379.871s][info][gc,cpu         ] GC(1522) User=0.00s Sys=0.00s Real=0.01s
[380.373s][info][gc,start       ] GC(1523) Pause Young (Allocation Failure)
[380.374s][info][gc,heap        ] GC(1523) PSYoungGen: 322784K(323584K)->768K(332288K) Eden: 322048K(322048K)->0K(330752K) From: 736K(1536K)->768K(1536K)
[380.374s][info][gc,heap        ] GC(1523) ParOldGen: 344997K(430080K)->344997K(430080K)
[380.374s][info][gc,metaspace   ] GC(1523) Metaspace: 6132K(6208K)->6132K(6208K) NonClass: 5649K(5696K)->5649K(5696K) Class: 483K(512K)->483K(512K)
[380.374s][info][gc             ] GC(1523) Pause Young (Allocation Failure) 652M->337M(744M) 1.628ms
[380.374s][info][gc,cpu         ] GC(1523) User=0.00s Sys=0.00s Real=0.00s
[380.888s][info][gc,start       ] GC(1524) Pause Young (Allocation Failure)
[380.890s][info][gc,heap        ] GC(1524) PSYoungGen: 331520K(332288K)->800K(332288K) Eden: 330752K(330752K)->0K(330752K) From: 768K(1536K)->800K(1536K)
[380.890s][info][gc,heap        ] GC(1524) ParOldGen: 344997K(430080K)->344997K(430080K)
[380.890s][info][gc,metaspace   ] GC(1524) Metaspace: 6132K(6208K)->6132K(6208K) NonClass: 5649K(5696K)->5649K(5696K) Class: 483K(512K)->483K(512K)
[380.890s][info][gc             ] GC(1524) Pause Young (Allocation Failure) 660M->337M(744M) 1.611ms
[380.890s][info][gc,cpu         ] GC(1524) User=0.00s Sys=0.01s Real=0.00s
[381.411s][info][gc,start       ] GC(1525) Pause Young (Allocation Failure)
[381.412s][info][gc,heap        ] GC(1525) PSYoungGen: 331552K(332288K)->736K(332288K) Eden: 330752K(330752K)->0K(330752K) From: 800K(1536K)->736K(1536K)
[381.412s][info][gc,heap        ] GC(1525) ParOldGen: 344997K(430080K)->344997K(430080K)
[381.412s][info][gc,metaspace   ] GC(1525) Metaspace: 6132K(6208K)->6132K(6208K) NonClass: 5649K(5696K)->5649K(5696K) Class: 483K(512K)->483K(512K)
[381.412s][info][gc             ] GC(1525) Pause Young (Allocation Failure) 660M->337M(744M) 1.272ms
[381.412s][info][gc,cpu         ] GC(1525) User=0.00s Sys=0.00s Real=0.00s
[381.941s][info][gc,start       ] GC(1526) Pause Young (Allocation Failure)
[381.942s][info][gc,heap        ] GC(1526) PSYoungGen: 331488K(332288K)->672K(332288K) Eden: 330752K(330752K)->0K(330752K) From: 736K(1536K)->672K(1536K)
[381.942s][info][gc,heap        ] GC(1526) ParOldGen: 344997K(430080K)->344997K(430080K)
[381.942s][info][gc,metaspace   ] GC(1526) Metaspace: 6132K(6208K)->6132K(6208K) NonClass: 5649K(5696K)->5649K(5696K) Class: 483K(512K)->483K(512K)
[381.942s][info][gc             ] GC(1526) Pause Young (Allocation Failure) 660M->337M(744M) 1.191ms
[381.942s][info][gc,cpu         ] GC(1526) User=0.00s Sys=0.00s Real=0.00s
[382.442s][info][gc,start       ] GC(1527) Pause Young (Allocation Failure)
[382.443s][info][gc,heap        ] GC(1527) PSYoungGen: 331424K(332288K)->768K(318464K) Eden: 330752K(330752K)->0K(317440K) From: 672K(1536K)->768K(1024K)
[382.443s][info][gc,heap        ] GC(1527) ParOldGen: 344997K(430080K)->344997K(430080K)
[382.443s][info][gc,metaspace   ] GC(1527) Metaspace: 6132K(6208K)->6132K(6208K) NonClass: 5649K(5696K)->5649K(5696K) Class: 483K(512K)->483K(512K)
[382.443s][info][gc             ] GC(1527) Pause Young (Allocation Failure) 660M->337M(731M) 1.278ms
[382.443s][info][gc,cpu         ] GC(1527) User=0.00s Sys=0.00s Real=0.00s
[382.919s][info][gc,start       ] GC(1528) Pause Young (Allocation Failure)
[382.920s][info][gc,heap        ] GC(1528) PSYoungGen: 318208K(318464K)->704K(305664K) Eden: 317440K(317440K)->0K(304640K) From: 768K(1024K)->704K(1024K)
[382.920s][info][gc,heap        ] GC(1528) ParOldGen: 344997K(430080K)->344997K(430080K)
[382.920s][info][gc,metaspace   ] GC(1528) Metaspace: 6132K(6208K)->6132K(6208K) NonClass: 5649K(5696K)->5649K(5696K) Class: 483K(512K)->483K(512K)
[382.920s][info][gc             ] GC(1528) Pause Young (Allocation Failure) 647M->337M(718M) 1.273ms
[382.920s][info][gc,cpu         ] GC(1528) User=0.00s Sys=0.00s Real=0.00s
[383.445s][info][gc,start       ] GC(1529) Pause Young (Allocation Failure)
[383.446s][info][gc,heap        ] GC(1529) PSYoungGen: 305344K(305664K)->704K(293376K) Eden: 304640K(304640K)->0K(292352K) From: 704K(1024K)->704K(1024K)
[383.446s][info][gc,heap        ] GC(1529) ParOldGen: 344997K(430080K)->344997K(430080K)
[383.446s][info][gc,metaspace   ] GC(1529) Metaspace: 6132K(6208K)->6132K(6208K) NonClass: 5649K(5696K)->5649K(5696K) Class: 483K(512K)->483K(512K)
[383.446s][info][gc             ] GC(1529) Pause Young (Allocation Failure) 635M->337M(706M) 1.570ms
[383.446s][info][gc,cpu         ] GC(1529) User=0.00s Sys=0.00s Real=0.00s
[383.904s][info][gc,start       ] GC(1530) Pause Young (Allocation Failure)
[383.906s][info][gc,heap        ] GC(1530) PSYoungGen: 293056K(293376K)->672K(281600K) Eden: 292352K(292352K)->0K(280576K) From: 704K(1024K)->672K(1024K)
[383.906s][info][gc,heap        ] GC(1530) ParOldGen: 344997K(430080K)->344997K(430080K)
[383.906s][info][gc,metaspace   ] GC(1530) Metaspace: 6132K(6208K)->6132K(6208K) NonClass: 5649K(5696K)->5649K(5696K) Class: 483K(512K)->483K(512K)
[383.906s][info][gc             ] GC(1530) Pause Young (Allocation Failure) 623M->337M(695M) 1.236ms
[383.906s][info][gc,cpu         ] GC(1530) User=0.00s Sys=0.01s Real=0.00s
[384.351s][info][gc,start       ] GC(1531) Pause Young (Allocation Failure)
[384.353s][info][gc,heap        ] GC(1531) PSYoungGen: 281248K(281600K)->498K(269824K) Eden: 280576K(280576K)->0K(269312K) From: 672K(1024K)->498K(512K)
[384.353s][info][gc,heap        ] GC(1531) ParOldGen: 344997K(430080K)->345141K(430080K)
[384.353s][info][gc,metaspace   ] GC(1531) Metaspace: 6132K(6208K)->6132K(6208K) NonClass: 5649K(5696K)->5649K(5696K) Class: 483K(512K)->483K(512K)
[384.353s][info][gc             ] GC(1531) Pause Young (Allocation Failure) 611M->337M(683M) 2.050ms
[384.353s][info][gc,cpu         ] GC(1531) User=0.00s Sys=0.00s Real=0.00s
[384.776s][info][gc,start       ] GC(1532) Pause Young (Allocation Failure)
[384.778s][info][gc,heap        ] GC(1532) PSYoungGen: 269810K(269824K)->466K(259584K) Eden: 269312K(269312K)->0K(258560K) From: 498K(512K)->466K(1024K)
[384.778s][info][gc,heap        ] GC(1532) ParOldGen: 345141K(430080K)->345141K(430080K)
[384.778s][info][gc,metaspace   ] GC(1532) Metaspace: 6132K(6208K)->6132K(6208K) NonClass: 5649K(5696K)->5649K(5696K) Class: 483K(512K)->483K(512K)
[384.778s][info][gc             ] GC(1532) Pause Young (Allocation Failure) 600M->337M(673M) 2.272ms
[384.778s][info][gc,cpu         ] GC(1532) User=0.00s Sys=0.00s Real=0.00s
[385.216s][info][gc,start       ] GC(1533) Pause Young (Allocation Failure)
[385.219s][info][gc,heap        ] GC(1533) PSYoungGen: 259026K(259584K)->736K(249344K) Eden: 258560K(258560K)->0K(248320K) From: 466K(1024K)->736K(1024K)
[385.219s][info][gc,heap        ] GC(1533) ParOldGen: 345141K(430080K)->345205K(430080K)
[385.219s][info][gc,metaspace   ] GC(1533) Metaspace: 6132K(6208K)->6132K(6208K) NonClass: 5649K(5696K)->5649K(5696K) Class: 483K(512K)->483K(512K)
[385.219s][info][gc             ] GC(1533) Pause Young (Allocation Failure) 590M->337M(663M) 2.689ms
[385.219s][info][gc,cpu         ] GC(1533) User=0.00s Sys=0.00s Real=0.00s
[385.631s][info][gc,start       ] GC(1534) Pause Young (Allocation Failure)
[385.633s][info][gc,heap        ] GC(1534) PSYoungGen: 249056K(249344K)->658K(239616K) Eden: 248320K(248320K)->0K(238592K) From: 736K(1024K)->658K(1024K)
[385.633s][info][gc,heap        ] GC(1534) ParOldGen: 345205K(430080K)->345205K(430080K)
[385.633s][info][gc,metaspace   ] GC(1534) Metaspace: 6132K(6208K)->6132K(6208K) NonClass: 5649K(5696K)->5649K(5696K) Class: 483K(512K)->483K(512K)
[385.633s][info][gc             ] GC(1534) Pause Young (Allocation Failure) 580M->337M(654M) 2.087ms
[385.633s][info][gc,cpu         ] GC(1534) User=0.00s Sys=0.00s Real=0.00s
[386.034s][info][gc,start       ] GC(1535) Pause Young (Allocation Failure)
[386.037s][info][gc,heap        ] GC(1535) PSYoungGen: 239250K(239616K)->498K(229888K) Eden: 238592K(238592K)->0K(229376K) From: 658K(1024K)->498K(512K)
[386.037s][info][gc,heap        ] GC(1535) ParOldGen: 345205K(430080K)->345429K(430080K)
[386.037s][info][gc,metaspace   ] GC(1535) Metaspace: 6132K(6208K)->6132K(6208K) NonClass: 5649K(5696K)->5649K(5696K) Class: 483K(512K)->483K(512K)
[386.037s][info][gc             ] GC(1535) Pause Young (Allocation Failure) 570M->337M(644M) 2.533ms
[386.037s][info][gc,cpu         ] GC(1535) User=0.00s Sys=0.00s Real=0.00s
[386.406s][info][gc,start       ] GC(1536) Pause Young (Allocation Failure)
[386.408s][info][gc,heap        ] GC(1536) PSYoungGen: 229874K(229888K)->754K(221696K) Eden: 229376K(229376K)->0K(220672K) From: 498K(512K)->754K(1024K)
[386.408s][info][gc,heap        ] GC(1536) ParOldGen: 345429K(430080K)->345429K(430080K)
[386.408s][info][gc,metaspace   ] GC(1536) Metaspace: 6132K(6208K)->6132K(6208K) NonClass: 5649K(5696K)->5649K(5696K) Class: 483K(512K)->483K(512K)
[386.408s][info][gc             ] GC(1536) Pause Young (Allocation Failure) 561M->338M(636M) 2.362ms
[386.408s][info][gc,cpu         ] GC(1536) User=0.00s Sys=0.00s Real=0.00s
[386.750s][info][gc,start       ] GC(1537) Pause Young (Allocation Failure)
[386.752s][info][gc,heap        ] GC(1537) PSYoungGen: 221426K(221696K)->626K(213504K) Eden: 220672K(220672K)->0K(212480K) From: 754K(1024K)->626K(1024K)
[386.752s][info][gc,heap        ] GC(1537) ParOldGen: 345429K(430080K)->345445K(430080K)
[386.752s][info][gc,metaspace   ] GC(1537) Metaspace: 6132K(6208K)->6132K(6208K) NonClass: 5649K(5696K)->5649K(5696K) Class: 483K(512K)->483K(512K)
[386.752s][info][gc             ] GC(1537) Pause Young (Allocation Failure) 553M->337M(628M) 2.233ms
[386.752s][info][gc,cpu         ] GC(1537) User=0.00s Sys=0.00s Real=0.01s
[387.109s][info][gc,start       ] GC(1538) Pause Young (Allocation Failure)
[387.112s][info][gc,heap        ] GC(1538) PSYoungGen: 213106K(213504K)->594K(205824K) Eden: 212480K(212480K)->0K(204800K) From: 626K(1024K)->594K(1024K)
[387.112s][info][gc,heap        ] GC(1538) ParOldGen: 345445K(430080K)->345445K(430080K)
[387.112s][info][gc,metaspace   ] GC(1538) Metaspace: 6132K(6208K)->6132K(6208K) NonClass: 5649K(5696K)->5649K(5696K) Class: 483K(512K)->483K(512K)
[387.112s][info][gc             ] GC(1538) Pause Young (Allocation Failure) 545M->337M(621M) 2.157ms
[387.112s][info][gc,cpu         ] GC(1538) User=0.00s Sys=0.00s Real=0.01s
[387.476s][info][gc,start       ] GC(1539) Pause Young (Allocation Failure)
[387.478s][info][gc,heap        ] GC(1539) PSYoungGen: 205394K(205824K)->512K(197632K) Eden: 204800K(204800K)->0K(197120K) From: 594K(1024K)->512K(512K)
[387.478s][info][gc,heap        ] GC(1539) ParOldGen: 345445K(430080K)->345637K(430080K)
[387.478s][info][gc,metaspace   ] GC(1539) Metaspace: 6132K(6208K)->6132K(6208K) NonClass: 5649K(5696K)->5649K(5696K) Class: 483K(512K)->483K(512K)
[387.478s][info][gc             ] GC(1539) Pause Young (Allocation Failure) 537M->338M(613M) 1.379ms
[387.478s][info][gc,cpu         ] GC(1539) User=0.01s Sys=0.00s Real=0.00s
[387.801s][info][gc,start       ] GC(1540) Pause Young (Allocation Failure)
[387.802s][info][gc,heap        ] GC(1540) PSYoungGen: 197632K(197632K)->800K(190976K) Eden: 197120K(197120K)->0K(189952K) From: 512K(512K)->800K(1024K)
[387.802s][info][gc,heap        ] GC(1540) ParOldGen: 345637K(430080K)->345637K(430080K)
[387.802s][info][gc,metaspace   ] GC(1540) Metaspace: 6132K(6208K)->6132K(6208K) NonClass: 5649K(5696K)->5649K(5696K) Class: 483K(512K)->483K(512K)
[387.802s][info][gc             ] GC(1540) Pause Young (Allocation Failure) 530M->338M(606M) 1.445ms
[387.802s][info][gc,cpu         ] GC(1540) User=0.00s Sys=0.00s Real=0.00s
[388.167s][info][gc,start       ] GC(1541) Pause Young (Allocation Failure)
[388.169s][info][gc,heap        ] GC(1541) PSYoungGen: 190752K(190976K)->626K(184320K) Eden: 189952K(189952K)->0K(183296K) From: 800K(1024K)->626K(1024K)
[388.169s][info][gc,heap        ] GC(1541) ParOldGen: 345637K(430080K)->345669K(430080K)
[388.169s][info][gc,metaspace   ] GC(1541) Metaspace: 6132K(6208K)->6132K(6208K) NonClass: 5649K(5696K)->5649K(5696K) Class: 483K(512K)->483K(512K)
[388.169s][info][gc             ] GC(1541) Pause Young (Allocation Failure) 523M->338M(600M) 1.960ms
[388.169s][info][gc,cpu         ] GC(1541) User=0.01s Sys=0.00s Real=0.00s
[388.571s][info][gc,start       ] GC(1542) Pause Young (Allocation Failure)
[388.574s][info][gc,heap        ] GC(1542) PSYoungGen: 183922K(184320K)->626K(177664K) Eden: 183296K(183296K)->0K(176640K) From: 626K(1024K)->626K(1024K)
[388.574s][info][gc,heap        ] GC(1542) ParOldGen: 345669K(430080K)->345669K(430080K)
[388.574s][info][gc,metaspace   ] GC(1542) Metaspace: 6132K(6208K)->6132K(6208K) NonClass: 5649K(5696K)->5649K(5696K) Class: 483K(512K)->483K(512K)
[388.574s][info][gc             ] GC(1542) Pause Young (Allocation Failure) 517M->338M(593M) 2.209ms
[388.574s][info][gc,cpu         ] GC(1542) User=0.00s Sys=0.00s Real=0.00s
[388.872s][info][gc,start       ] GC(1543) Pause Young (Allocation Failure)
[388.874s][info][gc,heap        ] GC(1543) PSYoungGen: 177266K(177664K)->498K(171008K) Eden: 176640K(176640K)->0K(170496K) From: 626K(1024K)->498K(512K)
[388.874s][info][gc,heap        ] GC(1543) ParOldGen: 345669K(430080K)->345845K(430080K)
[388.874s][info][gc,metaspace   ] GC(1543) Metaspace: 6132K(6208K)->6132K(6208K) NonClass: 5649K(5696K)->5649K(5696K) Class: 483K(512K)->483K(512K)
[388.874s][info][gc             ] GC(1543) Pause Young (Allocation Failure) 510M->338M(587M) 2.228ms
[388.874s][info][gc,cpu         ] GC(1543) User=0.00s Sys=0.00s Real=0.00s
[389.151s][info][gc,start       ] GC(1544) Pause Young (Allocation Failure)
[389.154s][info][gc,heap        ] GC(1544) PSYoungGen: 170994K(171008K)->741K(165376K) Eden: 170496K(170496K)->0K(164352K) From: 498K(512K)->741K(1024K)
[389.154s][info][gc,heap        ] GC(1544) ParOldGen: 345845K(430080K)->345845K(430080K)
[389.154s][info][gc,metaspace   ] GC(1544) Metaspace: 6132K(6208K)->6132K(6208K) NonClass: 5649K(5696K)->5649K(5696K) Class: 483K(512K)->483K(512K)
[389.154s][info][gc             ] GC(1544) Pause Young (Allocation Failure) 504M->338M(581M) 2.427ms
[389.154s][info][gc,cpu         ] GC(1544) User=0.00s Sys=0.00s Real=0.00s
[389.427s][info][gc,start       ] GC(1545) Pause Young (Allocation Failure)
[389.428s][info][gc,heap        ] GC(1545) PSYoungGen: 165093K(165376K)->704K(159744K) Eden: 164352K(164352K)->0K(158720K) From: 741K(1024K)->704K(1024K)
[389.428s][info][gc,heap        ] GC(1545) ParOldGen: 345845K(430080K)->345885K(430080K)
[389.428s][info][gc,metaspace   ] GC(1545) Metaspace: 6132K(6208K)->6132K(6208K) NonClass: 5649K(5696K)->5649K(5696K) Class: 483K(512K)->483K(512K)
[389.428s][info][gc             ] GC(1545) Pause Young (Allocation Failure) 498M->338M(576M) 1.343ms
[389.428s][info][gc,cpu         ] GC(1545) User=0.00s Sys=0.00s Real=0.00s
[389.687s][info][gc,start       ] GC(1546) Pause Young (Allocation Failure)
[389.689s][info][gc,heap        ] GC(1546) PSYoungGen: 159424K(159744K)->704K(154624K) Eden: 158720K(158720K)->0K(153600K) From: 704K(1024K)->704K(1024K)
[389.689s][info][gc,heap        ] GC(1546) ParOldGen: 345885K(430080K)->345885K(430080K)
[389.689s][info][gc,metaspace   ] GC(1546) Metaspace: 6132K(6208K)->6132K(6208K) NonClass: 5649K(5696K)->5649K(5696K) Class: 483K(512K)->483K(512K)
[389.689s][info][gc             ] GC(1546) Pause Young (Allocation Failure) 493M->338M(571M) 1.335ms
[389.689s][info][gc,cpu         ] GC(1546) User=0.01s Sys=0.00s Real=0.00s
[389.926s][info][gc,start       ] GC(1547) Pause Young (Allocation Failure)
[389.928s][info][gc,heap        ] GC(1547) PSYoungGen: 154304K(154624K)->512K(148992K) Eden: 153600K(153600K)->0K(148480K) From: 704K(1024K)->512K(512K)
[389.928s][info][gc,heap        ] GC(1547) ParOldGen: 345885K(430080K)->346085K(430080K)
[389.928s][info][gc,metaspace   ] GC(1547) Metaspace: 6132K(6208K)->6132K(6208K) NonClass: 5649K(5696K)->5649K(5696K) Class: 483K(512K)->483K(512K)
[389.928s][info][gc             ] GC(1547) Pause Young (Allocation Failure) 488M->338M(565M) 1.294ms
[389.928s][info][gc,cpu         ] GC(1547) User=0.00s Sys=0.00s Real=0.00s
[390.163s][info][gc,start       ] GC(1548) Pause Young (Allocation Failure)
[390.164s][info][gc,heap        ] GC(1548) PSYoungGen: 148992K(148992K)->672K(144384K) Eden: 148480K(148480K)->0K(143360K) From: 512K(512K)->672K(1024K)
[390.164s][info][gc,heap        ] GC(1548) ParOldGen: 346085K(430080K)->346085K(430080K)
[390.164s][info][gc,metaspace   ] GC(1548) Metaspace: 6132K(6208K)->6132K(6208K) NonClass: 5649K(5696K)->5649K(5696K) Class: 483K(512K)->483K(512K)
[390.164s][info][gc             ] GC(1548) Pause Young (Allocation Failure) 483M->338M(561M) 1.135ms
[390.164s][info][gc,cpu         ] GC(1548) User=0.00s Sys=0.00s Real=0.00s
[390.398s][info][gc,start       ] GC(1549) Pause Young (Allocation Failure)
[390.399s][info][gc,heap        ] GC(1549) PSYoungGen: 144032K(144384K)->448K(139264K) Eden: 143360K(143360K)->0K(138752K) From: 672K(1024K)->448K(512K)
[390.399s][info][gc,heap        ] GC(1549) ParOldGen: 346085K(430080K)->346109K(430080K)
[390.399s][info][gc,metaspace   ] GC(1549) Metaspace: 6132K(6208K)->6132K(6208K) NonClass: 5649K(5696K)->5649K(5696K) Class: 483K(512K)->483K(512K)
[390.399s][info][gc             ] GC(1549) Pause Young (Allocation Failure) 478M->338M(556M) 1.275ms
[390.399s][info][gc,cpu         ] GC(1549) User=0.01s Sys=0.00s Real=0.00s
[390.633s][info][gc,start       ] GC(1550) Pause Young (Allocation Failure)
[390.634s][info][gc,heap        ] GC(1550) PSYoungGen: 139200K(139264K)->640K(135168K) Eden: 138752K(138752K)->0K(134144K) From: 448K(512K)->640K(1024K)
[390.634s][info][gc,heap        ] GC(1550) ParOldGen: 346109K(430080K)->346109K(430080K)
[390.634s][info][gc,metaspace   ] GC(1550) Metaspace: 6132K(6208K)->6132K(6208K) NonClass: 5649K(5696K)->5649K(5696K) Class: 483K(512K)->483K(512K)
[390.634s][info][gc             ] GC(1550) Pause Young (Allocation Failure) 473M->338M(552M) 1.175ms
[390.634s][info][gc,cpu         ] GC(1550) User=0.00s Sys=0.00s Real=0.00s
[390.853s][info][gc,start       ] GC(1551) Pause Young (Allocation Failure)
[390.854s][info][gc,heap        ] GC(1551) PSYoungGen: 134784K(135168K)->672K(131072K) Eden: 134144K(134144K)->0K(130048K) From: 640K(1024K)->672K(1024K)
[390.854s][info][gc,heap        ] GC(1551) ParOldGen: 346109K(430080K)->346109K(430080K)
[390.854s][info][gc,metaspace   ] GC(1551) Metaspace: 6132K(6208K)->6132K(6208K) NonClass: 5649K(5696K)->5649K(5696K) Class: 483K(512K)->483K(512K)
[390.854s][info][gc             ] GC(1551) Pause Young (Allocation Failure) 469M->338M(548M) 1.408ms
[390.854s][info][gc,cpu         ] GC(1551) User=0.00s Sys=0.00s Real=0.00s
[391.070s][info][gc,start       ] GC(1552) Pause Young (Allocation Failure)
[391.071s][info][gc,heap        ] GC(1552) PSYoungGen: 130720K(131072K)->640K(126976K) Eden: 130048K(130048K)->0K(125952K) From: 672K(1024K)->640K(1024K)
[391.071s][info][gc,heap        ] GC(1552) ParOldGen: 346109K(430080K)->346109K(430080K)
[391.071s][info][gc,metaspace   ] GC(1552) Metaspace: 6132K(6208K)->6132K(6208K) NonClass: 5649K(5696K)->5649K(5696K) Class: 483K(512K)->483K(512K)
[391.071s][info][gc             ] GC(1552) Pause Young (Allocation Failure) 465M->338M(544M) 1.196ms
[391.071s][info][gc,cpu         ] GC(1552) User=0.00s Sys=0.00s Real=0.01s
[391.284s][info][gc,start       ] GC(1553) Pause Young (Allocation Failure)
[391.286s][info][gc,heap        ] GC(1553) PSYoungGen: 126592K(126976K)->512K(122368K) Eden: 125952K(125952K)->0K(121856K) From: 640K(1024K)->512K(512K)
[391.286s][info][gc,heap        ] GC(1553) ParOldGen: 346109K(430080K)->346261K(430080K)
[391.286s][info][gc,metaspace   ] GC(1553) Metaspace: 6132K(6208K)->6132K(6208K) NonClass: 5649K(5696K)->5649K(5696K) Class: 483K(512K)->483K(512K)
[391.286s][info][gc             ] GC(1553) Pause Young (Allocation Failure) 461M->338M(539M) 1.375ms
[391.286s][info][gc,cpu         ] GC(1553) User=0.00s Sys=0.01s Real=0.00s
[391.498s][info][gc,start       ] GC(1554) Pause Young (Allocation Failure)
[391.500s][info][gc,heap        ] GC(1554) PSYoungGen: 122368K(122368K)->736K(119296K) Eden: 121856K(121856K)->0K(118272K) From: 512K(512K)->736K(1024K)
[391.500s][info][gc,heap        ] GC(1554) ParOldGen: 346261K(430080K)->346261K(430080K)
[391.500s][info][gc,metaspace   ] GC(1554) Metaspace: 6132K(6208K)->6132K(6208K) NonClass: 5649K(5696K)->5649K(5696K) Class: 483K(512K)->483K(512K)
[391.500s][info][gc             ] GC(1554) Pause Young (Allocation Failure) 457M->338M(536M) 1.323ms
[391.500s][info][gc,cpu         ] GC(1554) User=0.00s Sys=0.00s Real=0.00s
[391.697s][info][gc,start       ] GC(1555) Pause Young (Allocation Failure)
[391.698s][info][gc,heap        ] GC(1555) PSYoungGen: 119008K(119296K)->640K(115712K) Eden: 118272K(118272K)->0K(114688K) From: 736K(1024K)->640K(1024K)
[391.698s][info][gc,heap        ] GC(1555) ParOldGen: 346261K(430080K)->346277K(430080K)
[391.698s][info][gc,metaspace   ] GC(1555) Metaspace: 6132K(6208K)->6132K(6208K) NonClass: 5649K(5696K)->5649K(5696K) Class: 483K(512K)->483K(512K)
[391.698s][info][gc             ] GC(1555) Pause Young (Allocation Failure) 454M->338M(533M) 1.091ms
[391.698s][info][gc,cpu         ] GC(1555) User=0.00s Sys=0.00s Real=0.00s
[391.893s][info][gc,start       ] GC(1556) Pause Young (Allocation Failure)
[391.894s][info][gc,heap        ] GC(1556) PSYoungGen: 115328K(115712K)->640K(112128K) Eden: 114688K(114688K)->0K(111104K) From: 640K(1024K)->640K(1024K)
[391.894s][info][gc,heap        ] GC(1556) ParOldGen: 346277K(430080K)->346277K(430080K)
[391.894s][info][gc,metaspace   ] GC(1556) Metaspace: 6132K(6208K)->6132K(6208K) NonClass: 5649K(5696K)->5649K(5696K) Class: 483K(512K)->483K(512K)
[391.894s][info][gc             ] GC(1556) Pause Young (Allocation Failure) 450M->338M(529M) 1.175ms
[391.894s][info][gc,cpu         ] GC(1556) User=0.01s Sys=0.00s Real=0.00s
[392.071s][info][gc,start       ] GC(1557) Pause Young (Allocation Failure)
[392.073s][info][gc,heap        ] GC(1557) PSYoungGen: 111744K(112128K)->498K(108544K) Eden: 111104K(111104K)->0K(108032K) From: 640K(1024K)->498K(512K)
[392.073s][info][gc,heap        ] GC(1557) ParOldGen: 346277K(430080K)->346469K(430080K)
[392.073s][info][gc,metaspace   ] GC(1557) Metaspace: 6132K(6208K)->6132K(6208K) NonClass: 5649K(5696K)->5649K(5696K) Class: 483K(512K)->483K(512K)
[392.073s][info][gc             ] GC(1557) Pause Young (Allocation Failure) 447M->338M(526M) 1.927ms
[392.073s][info][gc,cpu         ] GC(1557) User=0.01s Sys=0.00s Real=0.00s
[392.250s][info][gc,start       ] GC(1558) Pause Young (Allocation Failure)
[392.251s][info][gc,heap        ] GC(1558) PSYoungGen: 108530K(108544K)->677K(105984K) Eden: 108032K(108032K)->0K(104960K) From: 498K(512K)->677K(1024K)
[392.251s][info][gc,heap        ] GC(1558) ParOldGen: 346469K(430080K)->346469K(430080K)
[392.251s][info][gc,metaspace   ] GC(1558) Metaspace: 6132K(6208K)->6132K(6208K) NonClass: 5649K(5696K)->5649K(5696K) Class: 483K(512K)->483K(512K)
[392.251s][info][gc             ] GC(1558) Pause Young (Allocation Failure) 444M->339M(523M) 1.173ms
[392.251s][info][gc,cpu         ] GC(1558) User=0.00s Sys=0.00s Real=0.01s
[392.422s][info][gc,start       ] GC(1559) Pause Young (Allocation Failure)
[392.423s][info][gc,heap        ] GC(1559) PSYoungGen: 105637K(105984K)->640K(102912K) Eden: 104960K(104960K)->0K(101888K) From: 677K(1024K)->640K(1024K)
[392.423s][info][gc,heap        ] GC(1559) ParOldGen: 346469K(430080K)->346525K(430080K)
[392.423s][info][gc,metaspace   ] GC(1559) Metaspace: 6132K(6208K)->6132K(6208K) NonClass: 5649K(5696K)->5649K(5696K) Class: 483K(512K)->483K(512K)
[392.423s][info][gc             ] GC(1559) Pause Young (Allocation Failure) 441M->339M(520M) 1.245ms
[392.423s][info][gc,cpu         ] GC(1559) User=0.00s Sys=0.00s Real=0.00s
[392.599s][info][gc,start       ] GC(1560) Pause Young (Allocation Failure)
[392.600s][info][gc,heap        ] GC(1560) PSYoungGen: 102528K(102912K)->768K(99840K) Eden: 101888K(101888K)->0K(98816K) From: 640K(1024K)->768K(1024K)
[392.600s][info][gc,heap        ] GC(1560) ParOldGen: 346525K(430080K)->346525K(430080K)
[392.600s][info][gc,metaspace   ] GC(1560) Metaspace: 6132K(6208K)->6132K(6208K) NonClass: 5649K(5696K)->5649K(5696K) Class: 483K(512K)->483K(512K)
[392.600s][info][gc             ] GC(1560) Pause Young (Allocation Failure) 438M->339M(517M) 1.306ms
[392.600s][info][gc,cpu         ] GC(1560) User=0.00s Sys=0.00s Real=0.00s
[392.764s][info][gc,start       ] GC(1561) Pause Young (Allocation Failure)
[392.765s][info][gc,heap        ] GC(1561) PSYoungGen: 99584K(99840K)->512K(96768K) Eden: 98816K(98816K)->0K(96256K) From: 768K(1024K)->512K(512K)
[392.765s][info][gc,heap        ] GC(1561) ParOldGen: 346525K(430080K)->346645K(430080K)
[392.765s][info][gc,metaspace   ] GC(1561) Metaspace: 6132K(6208K)->6132K(6208K) NonClass: 5649K(5696K)->5649K(5696K) Class: 483K(512K)->483K(512K)
[392.765s][info][gc             ] GC(1561) Pause Young (Allocation Failure) 435M->339M(514M) 1.104ms
[392.765s][info][gc,cpu         ] GC(1561) User=0.00s Sys=0.00s Real=0.00s
[393.015s][info][gc,start       ] GC(1562) Pause Young (Allocation Failure)
[393.016s][info][gc,heap        ] GC(1562) PSYoungGen: 96768K(96768K)->768K(94720K) Eden: 96256K(96256K)->0K(93696K) From: 512K(512K)->768K(1024K)
[393.016s][info][gc,heap        ] GC(1562) ParOldGen: 346645K(430080K)->346645K(430080K)
[393.016s][info][gc,metaspace   ] GC(1562) Metaspace: 6132K(6208K)->6132K(6208K) NonClass: 5649K(5696K)->5649K(5696K) Class: 483K(512K)->483K(512K)
[393.016s][info][gc             ] GC(1562) Pause Young (Allocation Failure) 433M->339M(512M) 1.384ms
[393.016s][info][gc,cpu         ] GC(1562) User=0.00s Sys=0.00s Real=0.00s
[393.248s][info][gc,start       ] GC(1563) Pause Young (Allocation Failure)
[393.249s][info][gc,heap        ] GC(1563) PSYoungGen: 94464K(94720K)->672K(92160K) Eden: 93696K(93696K)->0K(91136K) From: 768K(1024K)->672K(1024K)
[393.249s][info][gc,heap        ] GC(1563) ParOldGen: 346645K(430080K)->346677K(430080K)
[393.249s][info][gc,metaspace   ] GC(1563) Metaspace: 6132K(6208K)->6132K(6208K) NonClass: 5649K(5696K)->5649K(5696K) Class: 483K(512K)->483K(512K)
[393.249s][info][gc             ] GC(1563) Pause Young (Allocation Failure) 430M->339M(510M) 1.316ms
[393.249s][info][gc,cpu         ] GC(1563) User=0.00s Sys=0.00s Real=0.00s
[393.505s][info][gc,start       ] GC(1564) Pause Young (Allocation Failure)
[393.506s][info][gc,heap        ] GC(1564) PSYoungGen: 91808K(92160K)->402K(89088K) Eden: 91136K(91136K)->0K(88576K) From: 672K(1024K)->402K(512K)
[393.506s][info][gc,heap        ] GC(1564) ParOldGen: 346677K(430080K)->346677K(430080K)
[393.506s][info][gc,metaspace   ] GC(1564) Metaspace: 6132K(6208K)->6132K(6208K) NonClass: 5649K(5696K)->5649K(5696K) Class: 483K(512K)->483K(512K)
[393.506s][info][gc             ] GC(1564) Pause Young (Allocation Failure) 428M->338M(507M) 1.828ms
[393.506s][info][gc,cpu         ] GC(1564) User=0.01s Sys=0.00s Real=0.00s
[393.766s][info][gc,start       ] GC(1565) Pause Young (Allocation Failure)
[393.767s][info][gc,heap        ] GC(1565) PSYoungGen: 88978K(89088K)->704K(87552K) Eden: 88576K(88576K)->0K(86528K) From: 402K(512K)->704K(1024K)
[393.767s][info][gc,heap        ] GC(1565) ParOldGen: 346677K(430080K)->346677K(430080K)
[393.767s][info][gc,metaspace   ] GC(1565) Metaspace: 6132K(6208K)->6132K(6208K) NonClass: 5649K(5696K)->5649K(5696K) Class: 483K(512K)->483K(512K)
[393.767s][info][gc             ] GC(1565) Pause Young (Allocation Failure) 425M->339M(505M) 1.276ms
[393.767s][info][gc,cpu         ] GC(1565) User=0.00s Sys=0.00s Real=0.00s
[394.027s][info][gc,start       ] GC(1566) Pause Young (Allocation Failure)
[394.029s][info][gc,heap        ] GC(1566) PSYoungGen: 87232K(87552K)->626K(326144K) Eden: 86528K(86528K)->0K(325120K) From: 704K(1024K)->626K(1024K)
[394.029s][info][gc,heap        ] GC(1566) ParOldGen: 346677K(430080K)->346677K(430080K)
[394.029s][info][gc,metaspace   ] GC(1566) Metaspace: 6132K(6208K)->6132K(6208K) NonClass: 5649K(5696K)->5649K(5696K) Class: 483K(512K)->483K(512K)
[394.029s][info][gc             ] GC(1566) Pause Young (Allocation Failure) 423M->339M(738M) 2.167ms
[394.029s][info][gc,cpu         ] GC(1566) User=0.00s Sys=0.00s Real=0.00s
[395.093s][info][gc,start       ] GC(1567) Pause Young (Allocation Failure)
[395.094s][info][gc,heap        ] GC(1567) PSYoungGen: 325746K(326144K)->498K(312320K) Eden: 325120K(325120K)->0K(311808K) From: 626K(1024K)->498K(512K)
[395.094s][info][gc,heap        ] GC(1567) ParOldGen: 346677K(430080K)->346813K(430080K)
[395.094s][info][gc,metaspace   ] GC(1567) Metaspace: 6132K(6208K)->6132K(6208K) NonClass: 5649K(5696K)->5649K(5696K) Class: 483K(512K)->483K(512K)
[395.094s][info][gc             ] GC(1567) Pause Young (Allocation Failure) 656M->339M(725M) 1.510ms
[395.094s][info][gc,cpu         ] GC(1567) User=0.00s Sys=0.00s Real=0.00s
[395.589s][info][gc,start       ] GC(1568) Pause Young (Allocation Failure)
[395.591s][info][gc,heap        ] GC(1568) PSYoungGen: 312306K(312320K)->837K(300032K) Eden: 311808K(311808K)->0K(299008K) From: 498K(512K)->837K(1024K)
[395.591s][info][gc,heap        ] GC(1568) ParOldGen: 346813K(430080K)->346813K(430080K)
[395.591s][info][gc,metaspace   ] GC(1568) Metaspace: 6132K(6208K)->6132K(6208K) NonClass: 5649K(5696K)->5649K(5696K) Class: 483K(512K)->483K(512K)
[395.591s][info][gc             ] GC(1568) Pause Young (Allocation Failure) 643M->339M(713M) 1.750ms
[395.591s][info][gc,cpu         ] GC(1568) User=0.00s Sys=0.00s Real=0.01s
[396.073s][info][gc,start       ] GC(1569) Pause Young (Allocation Failure)
[396.075s][info][gc,heap        ] GC(1569) PSYoungGen: 299845K(300032K)->658K(288256K) Eden: 299008K(299008K)->0K(287232K) From: 837K(1024K)->658K(1024K)
[396.075s][info][gc,heap        ] GC(1569) ParOldGen: 346813K(430080K)->346869K(430080K)
[396.075s][info][gc,metaspace   ] GC(1569) Metaspace: 6132K(6208K)->6132K(6208K) NonClass: 5649K(5696K)->5649K(5696K) Class: 483K(512K)->483K(512K)
[396.075s][info][gc             ] GC(1569) Pause Young (Allocation Failure) 631M->339M(701M) 2.417ms
[396.075s][info][gc,cpu         ] GC(1569) User=0.00s Sys=0.00s Real=0.00s
[396.547s][info][gc,start       ] GC(1570) Pause Young (Allocation Failure)
[396.549s][info][gc,heap        ] GC(1570) PSYoungGen: 287890K(288256K)->658K(276992K) Eden: 287232K(287232K)->0K(275968K) From: 658K(1024K)->658K(1024K)
[396.549s][info][gc,heap        ] GC(1570) ParOldGen: 346869K(430080K)->346869K(430080K)
[396.549s][info][gc,metaspace   ] GC(1570) Metaspace: 6132K(6208K)->6132K(6208K) NonClass: 5649K(5696K)->5649K(5696K) Class: 483K(512K)->483K(512K)
[396.549s][info][gc             ] GC(1570) Pause Young (Allocation Failure) 619M->339M(690M) 2.053ms
[396.549s][info][gc,cpu         ] GC(1570) User=0.00s Sys=0.00s Real=0.00s
[396.975s][info][gc,start       ] GC(1571) Pause Young (Allocation Failure)
[396.977s][info][gc,heap        ] GC(1571) PSYoungGen: 276626K(276992K)->498K(265728K) Eden: 275968K(275968K)->0K(265216K) From: 658K(1024K)->498K(512K)
[396.977s][info][gc,heap        ] GC(1571) ParOldGen: 346869K(430080K)->346869K(430080K)
[396.977s][info][gc,metaspace   ] GC(1571) Metaspace: 6132K(6208K)->6132K(6208K) NonClass: 5649K(5696K)->5649K(5696K) Class: 483K(512K)->483K(512K)
[396.977s][info][gc             ] GC(1571) Pause Young (Allocation Failure) 608M->339M(679M) 1.924ms
[396.977s][info][gc,cpu         ] GC(1571) User=0.00s Sys=0.00s Real=0.00s
[397.376s][info][gc,start       ] GC(1572) Pause Young (Allocation Failure)
[397.377s][info][gc,heap        ] GC(1572) PSYoungGen: 265714K(265728K)->704K(256000K) Eden: 265216K(265216K)->0K(254976K) From: 498K(512K)->704K(1024K)
[397.377s][info][gc,heap        ] GC(1572) ParOldGen: 346869K(430080K)->346869K(430080K)
[397.377s][info][gc,metaspace   ] GC(1572) Metaspace: 6132K(6208K)->6132K(6208K) NonClass: 5649K(5696K)->5649K(5696K) Class: 483K(512K)->483K(512K)
[397.378s][info][gc             ] GC(1572) Pause Young (Allocation Failure) 598M->339M(670M) 1.212ms
[397.378s][info][gc,cpu         ] GC(1572) User=0.00s Sys=0.00s Real=0.00s
[397.772s][info][gc,start       ] GC(1573) Pause Young (Allocation Failure)
[397.773s][info][gc,heap        ] GC(1573) PSYoungGen: 255680K(256000K)->640K(246272K) Eden: 254976K(254976K)->0K(245248K) From: 704K(1024K)->640K(1024K)
[397.773s][info][gc,heap        ] GC(1573) ParOldGen: 346869K(430080K)->346869K(430080K)
[397.773s][info][gc,metaspace   ] GC(1573) Metaspace: 6132K(6208K)->6132K(6208K) NonClass: 5649K(5696K)->5649K(5696K) Class: 483K(512K)->483K(512K)
[397.773s][info][gc             ] GC(1573) Pause Young (Allocation Failure) 588M->339M(660M) 1.066ms
[397.773s][info][gc,cpu         ] GC(1573) User=0.00s Sys=0.00s Real=0.00s
[398.169s][info][gc,start       ] GC(1574) Pause Young (Allocation Failure)
[398.170s][info][gc,heap        ] GC(1574) PSYoungGen: 245888K(246272K)->736K(237056K) Eden: 245248K(245248K)->0K(236032K) From: 640K(1024K)->736K(1024K)
[398.170s][info][gc,heap        ] GC(1574) ParOldGen: 346869K(430080K)->346869K(430080K)
[398.170s][info][gc,metaspace   ] GC(1574) Metaspace: 6132K(6208K)->6132K(6208K) NonClass: 5649K(5696K)->5649K(5696K) Class: 483K(512K)->483K(512K)
[398.170s][info][gc             ] GC(1574) Pause Young (Allocation Failure) 578M->339M(651M) 1.407ms
[398.170s][info][gc,cpu         ] GC(1574) User=0.00s Sys=0.00s Real=0.00s
[398.576s][info][gc,start       ] GC(1575) Pause Young (Allocation Failure)
[398.578s][info][gc,heap        ] GC(1575) PSYoungGen: 236768K(237056K)->498K(227328K) Eden: 236032K(236032K)->0K(226816K) From: 736K(1024K)->498K(512K)
[398.578s][info][gc,heap        ] GC(1575) ParOldGen: 346869K(430080K)->347053K(430080K)
[398.578s][info][gc,metaspace   ] GC(1575) Metaspace: 6132K(6208K)->6132K(6208K) NonClass: 5649K(5696K)->5649K(5696K) Class: 483K(512K)->483K(512K)
[398.578s][info][gc             ] GC(1575) Pause Young (Allocation Failure) 569M->339M(642M) 2.397ms
[398.578s][info][gc,cpu         ] GC(1575) User=0.00s Sys=0.00s Real=0.00s
[398.960s][info][gc,start       ] GC(1576) Pause Young (Allocation Failure)
[398.962s][info][gc,heap        ] GC(1576) PSYoungGen: 227314K(227328K)->672K(219136K) Eden: 226816K(226816K)->0K(218112K) From: 498K(512K)->672K(1024K)
[398.962s][info][gc,heap        ] GC(1576) ParOldGen: 347053K(430080K)->347053K(430080K)
[398.962s][info][gc,metaspace   ] GC(1576) Metaspace: 6132K(6208K)->6132K(6208K) NonClass: 5649K(5696K)->5649K(5696K) Class: 483K(512K)->483K(512K)
[398.962s][info][gc             ] GC(1576) Pause Young (Allocation Failure) 560M->339M(634M) 2.191ms
[398.962s][info][gc,cpu         ] GC(1576) User=0.01s Sys=0.00s Real=0.01s
[399.329s][info][gc,start       ] GC(1577) Pause Young (Allocation Failure)
[399.332s][info][gc,heap        ] GC(1577) PSYoungGen: 218784K(219136K)->722K(210944K) Eden: 218112K(218112K)->0K(209920K) From: 672K(1024K)->722K(1024K)
[399.332s][info][gc,heap        ] GC(1577) ParOldGen: 347053K(430080K)->347069K(430080K)
[399.332s][info][gc,metaspace   ] GC(1577) Metaspace: 6132K(6208K)->6132K(6208K) NonClass: 5649K(5696K)->5649K(5696K) Class: 483K(512K)->483K(512K)
[399.332s][info][gc             ] GC(1577) Pause Young (Allocation Failure) 552M->339M(626M) 2.616ms
[399.332s][info][gc,cpu         ] GC(1577) User=0.00s Sys=0.00s Real=0.01s
[399.683s][info][gc,start       ] GC(1578) Pause Young (Allocation Failure)
[399.684s][info][gc,heap        ] GC(1578) PSYoungGen: 210642K(210944K)->704K(203264K) Eden: 209920K(209920K)->0K(202240K) From: 722K(1024K)->704K(1024K)
[399.684s][info][gc,heap        ] GC(1578) ParOldGen: 347069K(430080K)->347069K(430080K)
[399.684s][info][gc,metaspace   ] GC(1578) Metaspace: 6132K(6208K)->6132K(6208K) NonClass: 5649K(5696K)->5649K(5696K) Class: 483K(512K)->483K(512K)
[399.684s][info][gc             ] GC(1578) Pause Young (Allocation Failure) 544M->339M(618M) 1.345ms
[399.684s][info][gc,cpu         ] GC(1578) User=0.00s Sys=0.00s Real=0.00s
[400.017s][info][gc,start       ] GC(1579) Pause Young (Allocation Failure)
[400.018s][info][gc,heap        ] GC(1579) PSYoungGen: 202944K(203264K)->512K(195584K) Eden: 202240K(202240K)->0K(195072K) From: 704K(1024K)->512K(512K)
[400.018s][info][gc,heap        ] GC(1579) ParOldGen: 347069K(430080K)->347237K(430080K)
[400.018s][info][gc,metaspace   ] GC(1579) Metaspace: 6132K(6208K)->6132K(6208K) NonClass: 5649K(5696K)->5649K(5696K) Class: 483K(512K)->483K(512K)
[400.018s][info][gc             ] GC(1579) Pause Young (Allocation Failure) 537M->339M(611M) 1.263ms
[400.018s][info][gc,cpu         ] GC(1579) User=0.00s Sys=0.00s Real=0.00s
[400.327s][info][gc,start       ] GC(1580) Pause Young (Allocation Failure)
[400.329s][info][gc,heap        ] GC(1580) PSYoungGen: 195584K(195584K)->640K(188928K) Eden: 195072K(195072K)->0K(187904K) From: 512K(512K)->640K(1024K)
[400.329s][info][gc,heap        ] GC(1580) ParOldGen: 347237K(430080K)->347237K(430080K)
[400.329s][info][gc,metaspace   ] GC(1580) Metaspace: 6132K(6208K)->6132K(6208K) NonClass: 5649K(5696K)->5649K(5696K) Class: 483K(512K)->483K(512K)
[400.329s][info][gc             ] GC(1580) Pause Young (Allocation Failure) 530M->339M(604M) 1.118ms
[400.329s][info][gc,cpu         ] GC(1580) User=0.00s Sys=0.00s Real=0.00s
[400.936s][info][gc,start       ] GC(1581) Pause Young (Allocation Failure)
[400.937s][info][gc,heap        ] GC(1581) PSYoungGen: 188544K(188928K)->672K(182272K) Eden: 187904K(187904K)->0K(181248K) From: 640K(1024K)->672K(1024K)
[400.937s][info][gc,heap        ] GC(1581) ParOldGen: 347237K(430080K)->347269K(430080K)
[400.937s][info][gc,metaspace   ] GC(1581) Metaspace: 6132K(6208K)->6132K(6208K) NonClass: 5649K(5696K)->5649K(5696K) Class: 483K(512K)->483K(512K)
[400.937s][info][gc             ] GC(1581) Pause Young (Allocation Failure) 523M->339M(598M) 1.292ms
[400.937s][info][gc,cpu         ] GC(1581) User=0.00s Sys=0.00s Real=0.00s
[401.204s][info][gc,start       ] GC(1582) Pause Young (Allocation Failure)
[401.206s][info][gc,heap        ] GC(1582) PSYoungGen: 181920K(182272K)->754K(176128K) Eden: 181248K(181248K)->0K(175104K) From: 672K(1024K)->754K(1024K)
[401.206s][info][gc,heap        ] GC(1582) ParOldGen: 347269K(430080K)->347269K(430080K)
[401.207s][info][gc,metaspace   ] GC(1582) Metaspace: 6132K(6208K)->6132K(6208K) NonClass: 5649K(5696K)->5649K(5696K) Class: 483K(512K)->483K(512K)
[401.207s][info][gc             ] GC(1582) Pause Young (Allocation Failure) 516M->339M(592M) 2.573ms
[401.207s][info][gc,cpu         ] GC(1582) User=0.01s Sys=0.01s Real=0.00s
[401.461s][info][gc,start       ] GC(1583) Pause Young (Allocation Failure)
[401.463s][info][gc,heap        ] GC(1583) PSYoungGen: 175858K(176128K)->498K(169472K) Eden: 175104K(175104K)->0K(168960K) From: 754K(1024K)->498K(512K)
[401.463s][info][gc,heap        ] GC(1583) ParOldGen: 347269K(430080K)->347445K(430080K)
[401.463s][info][gc,metaspace   ] GC(1583) Metaspace: 6132K(6208K)->6132K(6208K) NonClass: 5649K(5696K)->5649K(5696K) Class: 483K(512K)->483K(512K)
[401.463s][info][gc             ] GC(1583) Pause Young (Allocation Failure) 510M->339M(585M) 2.242ms
[401.463s][info][gc,cpu         ] GC(1583) User=0.00s Sys=0.00s Real=0.00s
[401.723s][info][gc,start       ] GC(1584) Pause Young (Allocation Failure)
[401.724s][info][gc,heap        ] GC(1584) PSYoungGen: 169458K(169472K)->709K(164352K) Eden: 168960K(168960K)->0K(163328K) From: 498K(512K)->709K(1024K)
[401.724s][info][gc,heap        ] GC(1584) ParOldGen: 347445K(430080K)->347445K(430080K)
[401.724s][info][gc,metaspace   ] GC(1584) Metaspace: 6132K(6208K)->6132K(6208K) NonClass: 5649K(5696K)->5649K(5696K) Class: 483K(512K)->483K(512K)
[401.724s][info][gc             ] GC(1584) Pause Young (Allocation Failure) 504M->339M(580M) 1.291ms
[401.724s][info][gc,cpu         ] GC(1584) User=0.00s Sys=0.00s Real=0.00s
[401.935s][info][gc,start       ] GC(1585) Pause Young (Allocation Failure)
[401.937s][info][gc,heap        ] GC(1585) PSYoungGen: 164037K(164352K)->704K(158720K) Eden: 163328K(163328K)->0K(157696K) From: 709K(1024K)->704K(1024K)
[401.937s][info][gc,heap        ] GC(1585) ParOldGen: 347445K(430080K)->347501K(430080K)
[401.937s][info][gc,metaspace   ] GC(1585) Metaspace: 6132K(6208K)->6132K(6208K) NonClass: 5649K(5696K)->5649K(5696K) Class: 483K(512K)->483K(512K)
[401.937s][info][gc             ] GC(1585) Pause Young (Allocation Failure) 499M->340M(575M) 1.291ms
[401.937s][info][gc,cpu         ] GC(1585) User=0.00s Sys=0.00s Real=0.00s
[402.209s][info][gc,start       ] GC(1586) Pause Young (Allocation Failure)
[402.211s][info][gc,heap        ] GC(1586) PSYoungGen: 158400K(158720K)->736K(153600K) Eden: 157696K(157696K)->0K(152576K) From: 704K(1024K)->736K(1024K)
[402.211s][info][gc,heap        ] GC(1586) ParOldGen: 347501K(430080K)->347501K(430080K)
[402.211s][info][gc,metaspace   ] GC(1586) Metaspace: 6132K(6208K)->6132K(6208K) NonClass: 5649K(5696K)->5649K(5696K) Class: 483K(512K)->483K(512K)
[402.211s][info][gc             ] GC(1586) Pause Young (Allocation Failure) 494M->340M(570M) 1.287ms
[402.211s][info][gc,cpu         ] GC(1586) User=0.00s Sys=0.00s Real=0.01s
[402.471s][info][gc,start       ] GC(1587) Pause Young (Allocation Failure)
[402.472s][info][gc,heap        ] GC(1587) PSYoungGen: 153312K(153600K)->512K(147968K) Eden: 152576K(152576K)->0K(147456K) From: 736K(1024K)->512K(512K)
[402.472s][info][gc,heap        ] GC(1587) ParOldGen: 347501K(430080K)->347621K(430080K)
[402.472s][info][gc,metaspace   ] GC(1587) Metaspace: 6132K(6208K)->6132K(6208K) NonClass: 5649K(5696K)->5649K(5696K) Class: 483K(512K)->483K(512K)
[402.472s][info][gc             ] GC(1587) Pause Young (Allocation Failure) 489M->339M(564M) 1.126ms
[402.472s][info][gc,cpu         ] GC(1587) User=0.00s Sys=0.00s Real=0.00s
[402.740s][info][gc,start       ] GC(1588) Pause Young (Allocation Failure)
[402.742s][info][gc,heap        ] GC(1588) PSYoungGen: 147968K(147968K)->805K(143872K) Eden: 147456K(147456K)->0K(142848K) From: 512K(512K)->805K(1024K)
[402.742s][info][gc,heap        ] GC(1588) ParOldGen: 347621K(430080K)->347621K(430080K)
[402.742s][info][gc,metaspace   ] GC(1588) Metaspace: 6132K(6208K)->6132K(6208K) NonClass: 5649K(5696K)->5649K(5696K) Class: 483K(512K)->483K(512K)
[402.742s][info][gc             ] GC(1588) Pause Young (Allocation Failure) 483M->340M(560M) 2.560ms
[402.742s][info][gc,cpu         ] GC(1588) User=0.01s Sys=0.00s Real=0.01s
[403.003s][info][gc,start       ] GC(1589) Pause Young (Allocation Failure)
[403.005s][info][gc,heap        ] GC(1589) PSYoungGen: 143653K(143872K)->704K(139264K) Eden: 142848K(142848K)->0K(138240K) From: 805K(1024K)->704K(1024K)
[403.005s][info][gc,heap        ] GC(1589) ParOldGen: 347621K(430080K)->347661K(430080K)
[403.005s][info][gc,metaspace   ] GC(1589) Metaspace: 6132K(6208K)->6132K(6208K) NonClass: 5649K(5696K)->5649K(5696K) Class: 483K(512K)->483K(512K)
[403.005s][info][gc             ] GC(1589) Pause Young (Allocation Failure) 479M->340M(556M) 2.517ms
[403.006s][info][gc,cpu         ] GC(1589) User=0.01s Sys=0.00s Real=0.00s
[403.249s][info][gc,start       ] GC(1590) Pause Young (Allocation Failure)
[403.251s][info][gc,heap        ] GC(1590) PSYoungGen: 138944K(139264K)->658K(134656K) Eden: 138240K(138240K)->0K(133632K) From: 704K(1024K)->658K(1024K)
[403.251s][info][gc,heap        ] GC(1590) ParOldGen: 347661K(430080K)->347661K(430080K)
[403.251s][info][gc,metaspace   ] GC(1590) Metaspace: 6132K(6208K)->6132K(6208K) NonClass: 5649K(5696K)->5649K(5696K) Class: 483K(512K)->483K(512K)
[403.251s][info][gc             ] GC(1590) Pause Young (Allocation Failure) 475M->340M(551M) 2.209ms
[403.251s][info][gc,cpu         ] GC(1590) User=0.00s Sys=0.00s Real=0.01s
[403.482s][info][gc,start       ] GC(1591) Pause Young (Allocation Failure)
[403.484s][info][gc,heap        ] GC(1591) PSYoungGen: 134290K(134656K)->498K(130048K) Eden: 133632K(133632K)->0K(129536K) From: 658K(1024K)->498K(512K)
[403.484s][info][gc,heap        ] GC(1591) ParOldGen: 347661K(430080K)->347877K(430080K)
[403.484s][info][gc,metaspace   ] GC(1591) Metaspace: 6132K(6208K)->6132K(6208K) NonClass: 5649K(5696K)->5649K(5696K) Class: 483K(512K)->483K(512K)
[403.484s][info][gc             ] GC(1591) Pause Young (Allocation Failure) 470M->340M(547M) 2.237ms
[403.484s][info][gc,cpu         ] GC(1591) User=0.00s Sys=0.00s Real=0.00s
[403.696s][info][gc,start       ] GC(1592) Pause Young (Allocation Failure)
[403.698s][info][gc,heap        ] GC(1592) PSYoungGen: 130034K(130048K)->690K(126464K) Eden: 129536K(129536K)->0K(125440K) From: 498K(512K)->690K(1024K)
[403.698s][info][gc,heap        ] GC(1592) ParOldGen: 347877K(430080K)->347877K(430080K)
[403.698s][info][gc,metaspace   ] GC(1592) Metaspace: 6132K(6208K)->6132K(6208K) NonClass: 5649K(5696K)->5649K(5696K) Class: 483K(512K)->483K(512K)
[403.698s][info][gc             ] GC(1592) Pause Young (Allocation Failure) 466M->340M(543M) 2.232ms
[403.698s][info][gc,cpu         ] GC(1592) User=0.01s Sys=0.00s Real=0.00s
[403.913s][info][gc,start       ] GC(1593) Pause Young (Allocation Failure)
[403.915s][info][gc,heap        ] GC(1593) PSYoungGen: 126130K(126464K)->626K(122368K) Eden: 125440K(125440K)->0K(121344K) From: 690K(1024K)->626K(1024K)
[403.916s][info][gc,heap        ] GC(1593) ParOldGen: 347877K(430080K)->347909K(430080K)
[403.916s][info][gc,metaspace   ] GC(1593) Metaspace: 6132K(6208K)->6132K(6208K) NonClass: 5649K(5696K)->5649K(5696K) Class: 483K(512K)->483K(512K)
[403.916s][info][gc             ] GC(1593) Pause Young (Allocation Failure) 462M->340M(539M) 2.116ms
[403.916s][info][gc,cpu         ] GC(1593) User=0.01s Sys=0.00s Real=0.00s
[404.127s][info][gc,start       ] GC(1594) Pause Young (Allocation Failure)
[404.128s][info][gc,heap        ] GC(1594) PSYoungGen: 121970K(122368K)->704K(118784K) Eden: 121344K(121344K)->0K(117760K) From: 626K(1024K)->704K(1024K)
[404.128s][info][gc,heap        ] GC(1594) ParOldGen: 347909K(430080K)->347909K(430080K)
[404.128s][info][gc,metaspace   ] GC(1594) Metaspace: 6132K(6208K)->6132K(6208K) NonClass: 5649K(5696K)->5649K(5696K) Class: 483K(512K)->483K(512K)
[404.128s][info][gc             ] GC(1594) Pause Young (Allocation Failure) 458M->340M(536M) 1.353ms
[404.128s][info][gc,cpu         ] GC(1594) User=0.01s Sys=0.00s Real=0.00s
[404.325s][info][gc,start       ] GC(1595) Pause Young (Allocation Failure)
[404.326s][info][gc,heap        ] GC(1595) PSYoungGen: 118464K(118784K)->480K(114688K) Eden: 117760K(117760K)->0K(114176K) From: 704K(1024K)->480K(512K)
[404.326s][info][gc,heap        ] GC(1595) ParOldGen: 347909K(430080K)->347909K(430080K)
[404.326s][info][gc,metaspace   ] GC(1595) Metaspace: 6132K(6208K)->6132K(6208K) NonClass: 5649K(5696K)->5649K(5696K) Class: 483K(512K)->483K(512K)
[404.326s][info][gc             ] GC(1595) Pause Young (Allocation Failure) 455M->340M(532M) 1.181ms
[404.326s][info][gc,cpu         ] GC(1595) User=0.00s Sys=0.00s Real=0.00s
[404.519s][info][gc,start       ] GC(1596) Pause Young (Allocation Failure)
[404.520s][info][gc,heap        ] GC(1596) PSYoungGen: 114656K(114688K)->704K(111616K) Eden: 114176K(114176K)->0K(110592K) From: 480K(512K)->704K(1024K)
[404.520s][info][gc,heap        ] GC(1596) ParOldGen: 347909K(430080K)->347909K(430080K)
[404.520s][info][gc,metaspace   ] GC(1596) Metaspace: 6132K(6208K)->6132K(6208K) NonClass: 5649K(5696K)->5649K(5696K) Class: 483K(512K)->483K(512K)
[404.520s][info][gc             ] GC(1596) Pause Young (Allocation Failure) 451M->340M(529M) 1.156ms
[404.520s][info][gc,cpu         ] GC(1596) User=0.01s Sys=0.00s Real=0.00s
[404.703s][info][gc,start       ] GC(1597) Pause Young (Allocation Failure)
[404.704s][info][gc,heap        ] GC(1597) PSYoungGen: 111296K(111616K)->672K(108544K) Eden: 110592K(110592K)->0K(107520K) From: 704K(1024K)->672K(1024K)
[404.704s][info][gc,heap        ] GC(1597) ParOldGen: 347909K(430080K)->347909K(430080K)
[404.704s][info][gc,metaspace   ] GC(1597) Metaspace: 6132K(6208K)->6132K(6208K) NonClass: 5649K(5696K)->5649K(5696K) Class: 483K(512K)->483K(512K)
[404.704s][info][gc             ] GC(1597) Pause Young (Allocation Failure) 448M->340M(526M) 1.216ms
[404.704s][info][gc,cpu         ] GC(1597) User=0.00s Sys=0.00s Real=0.00s
[404.889s][info][gc,start       ] GC(1598) Pause Young (Allocation Failure)
[404.890s][info][gc,heap        ] GC(1598) PSYoungGen: 108192K(108544K)->768K(105472K) Eden: 107520K(107520K)->0K(104448K) From: 672K(1024K)->768K(1024K)
[404.890s][info][gc,heap        ] GC(1598) ParOldGen: 347909K(430080K)->347909K(430080K)
[404.890s][info][gc,metaspace   ] GC(1598) Metaspace: 6132K(6208K)->6132K(6208K) NonClass: 5649K(5696K)->5649K(5696K) Class: 483K(512K)->483K(512K)
[404.890s][info][gc             ] GC(1598) Pause Young (Allocation Failure) 445M->340M(523M) 1.451ms
[404.890s][info][gc,cpu         ] GC(1598) User=0.00s Sys=0.00s Real=0.00s
[405.066s][info][gc,start       ] GC(1599) Pause Young (Allocation Failure)
[405.067s][info][gc,heap        ] GC(1599) PSYoungGen: 105216K(105472K)->512K(101888K) Eden: 104448K(104448K)->0K(101376K) From: 768K(1024K)->512K(512K)
[405.067s][info][gc,heap        ] GC(1599) ParOldGen: 347909K(430080K)->348093K(430080K)
[405.067s][info][gc,metaspace   ] GC(1599) Metaspace: 6132K(6208K)->6132K(6208K) NonClass: 5649K(5696K)->5649K(5696K) Class: 483K(512K)->483K(512K)
[405.067s][info][gc             ] GC(1599) Pause Young (Allocation Failure) 442M->340M(519M) 1.332ms
[405.067s][info][gc,cpu         ] GC(1599) User=0.00s Sys=0.00s Real=0.00s
[405.256s][info][gc,start       ] GC(1600) Pause Young (Allocation Failure)
[405.257s][info][gc,heap        ] GC(1600) PSYoungGen: 101888K(101888K)->768K(99840K) Eden: 101376K(101376K)->0K(98816K) From: 512K(512K)->768K(1024K)
[405.257s][info][gc,heap        ] GC(1600) ParOldGen: 348093K(430080K)->348093K(430080K)
[405.257s][info][gc,metaspace   ] GC(1600) Metaspace: 6132K(6208K)->6132K(6208K) NonClass: 5649K(5696K)->5649K(5696K) Class: 483K(512K)->483K(512K)
[405.257s][info][gc             ] GC(1600) Pause Young (Allocation Failure) 439M->340M(517M) 1.292ms
[405.257s][info][gc,cpu         ] GC(1600) User=0.00s Sys=0.00s Real=0.00s
[405.437s][info][gc,start       ] GC(1601) Pause Young (Allocation Failure)
[405.438s][info][gc,heap        ] GC(1601) PSYoungGen: 99584K(99840K)->672K(97280K) Eden: 98816K(98816K)->0K(96256K) From: 768K(1024K)->672K(1024K)
[405.438s][info][gc,heap        ] GC(1601) ParOldGen: 348093K(430080K)->348109K(430080K)
[405.438s][info][gc,metaspace   ] GC(1601) Metaspace: 6132K(6208K)->6132K(6208K) NonClass: 5649K(5696K)->5649K(5696K) Class: 483K(512K)->483K(512K)
[405.438s][info][gc             ] GC(1601) Pause Young (Allocation Failure) 437M->340M(515M) 1.212ms
[405.438s][info][gc,cpu         ] GC(1601) User=0.00s Sys=0.00s Real=0.00s
[405.622s][info][gc,start       ] GC(1602) Pause Young (Allocation Failure)
[405.623s][info][gc,heap        ] GC(1602) PSYoungGen: 96928K(97280K)->640K(94720K) Eden: 96256K(96256K)->0K(93696K) From: 672K(1024K)->640K(1024K)
[405.623s][info][gc,heap        ] GC(1602) ParOldGen: 348109K(430080K)->348109K(430080K)
[405.623s][info][gc,metaspace   ] GC(1602) Metaspace: 6132K(6208K)->6132K(6208K) NonClass: 5649K(5696K)->5649K(5696K) Class: 483K(512K)->483K(512K)
[405.623s][info][gc             ] GC(1602) Pause Young (Allocation Failure) 434M->340M(512M) 1.193ms
[405.623s][info][gc,cpu         ] GC(1602) User=0.00s Sys=0.00s Real=0.00s
[405.795s][info][gc,start       ] GC(1603) Pause Young (Allocation Failure)
[405.797s][info][gc,heap        ] GC(1603) PSYoungGen: 94336K(94720K)->512K(91648K) Eden: 93696K(93696K)->0K(91136K) From: 640K(1024K)->512K(512K)
[405.797s][info][gc,heap        ] GC(1603) ParOldGen: 348109K(430080K)->348301K(430080K)
[405.797s][info][gc,metaspace   ] GC(1603) Metaspace: 6132K(6208K)->6132K(6208K) NonClass: 5649K(5696K)->5649K(5696K) Class: 483K(512K)->483K(512K)
[405.797s][info][gc             ] GC(1603) Pause Young (Allocation Failure) 432M->340M(509M) 1.380ms
[405.797s][info][gc,cpu         ] GC(1603) User=0.00s Sys=0.00s Real=0.00s
[406.095s][info][gc,start       ] GC(1604) Pause Young (Allocation Failure)
[406.098s][info][gc,heap        ] GC(1604) PSYoungGen: 91648K(91648K)->658K(89600K) Eden: 91136K(91136K)->0K(88576K) From: 512K(512K)->658K(1024K)
[406.098s][info][gc,heap        ] GC(1604) ParOldGen: 348301K(430080K)->348301K(430080K)
[406.098s][info][gc,metaspace   ] GC(1604) Metaspace: 6132K(6208K)->6132K(6208K) NonClass: 5649K(5696K)->5649K(5696K) Class: 483K(512K)->483K(512K)
[406.098s][info][gc             ] GC(1604) Pause Young (Allocation Failure) 429M->340M(507M) 3.032ms
[406.098s][info][gc,cpu         ] GC(1604) User=0.00s Sys=0.00s Real=0.00s
[406.385s][info][gc,start       ] GC(1605) Pause Young (Allocation Failure)
[406.388s][info][gc,heap        ] GC(1605) PSYoungGen: 89234K(89600K)->672K(87552K) Eden: 88576K(88576K)->0K(86528K) From: 658K(1024K)->672K(1024K)
[406.388s][info][gc,heap        ] GC(1605) ParOldGen: 348301K(430080K)->348325K(430080K)
[406.388s][info][gc,metaspace   ] GC(1605) Metaspace: 6132K(6208K)->6132K(6208K) NonClass: 5649K(5696K)->5649K(5696K) Class: 483K(512K)->483K(512K)
[406.388s][info][gc             ] GC(1605) Pause Young (Allocation Failure) 427M->340M(505M) 2.194ms
[406.388s][info][gc,cpu         ] GC(1605) User=0.00s Sys=0.00s Real=0.00s
[406.609s][info][gc,start       ] GC(1606) Pause Young (Allocation Failure)
[406.611s][info][gc,heap        ] GC(1606) PSYoungGen: 87200K(87552K)->658K(321024K) Eden: 86528K(86528K)->0K(320000K) From: 672K(1024K)->658K(1024K)
[406.611s][info][gc,heap        ] GC(1606) ParOldGen: 348325K(430080K)->348325K(430080K)
[406.611s][info][gc,metaspace   ] GC(1606) Metaspace: 6132K(6208K)->6132K(6208K) NonClass: 5649K(5696K)->5649K(5696K) Class: 483K(512K)->483K(512K)
[406.611s][info][gc             ] GC(1606) Pause Young (Allocation Failure) 425M->340M(733M) 2.225ms
[406.611s][info][gc,cpu         ] GC(1606) User=0.01s Sys=0.00s Real=0.01s
[407.188s][info][gc,start       ] GC(1607) Pause Young (Allocation Failure)
[407.190s][info][gc,heap        ] GC(1607) PSYoungGen: 320658K(321024K)->498K(307712K) Eden: 320000K(320000K)->0K(307200K) From: 658K(1024K)->498K(512K)
[407.190s][info][gc,heap        ] GC(1607) ParOldGen: 348325K(430080K)->348501K(430080K)
[407.190s][info][gc,metaspace   ] GC(1607) Metaspace: 6132K(6208K)->6132K(6208K) NonClass: 5649K(5696K)->5649K(5696K) Class: 483K(512K)->483K(512K)
[407.190s][info][gc             ] GC(1607) Pause Young (Allocation Failure) 653M->340M(720M) 2.154ms
[407.190s][info][gc,cpu         ] GC(1607) User=0.00s Sys=0.00s Real=0.00s
[407.721s][info][gc,start       ] GC(1608) Pause Young (Allocation Failure)
[407.723s][info][gc,heap        ] GC(1608) PSYoungGen: 307698K(307712K)->677K(295936K) Eden: 307200K(307200K)->0K(294912K) From: 498K(512K)->677K(1024K)
[407.723s][info][gc,heap        ] GC(1608) ParOldGen: 348501K(430080K)->348501K(430080K)
[407.723s][info][gc,metaspace   ] GC(1608) Metaspace: 6132K(6208K)->6132K(6208K) NonClass: 5649K(5696K)->5649K(5696K) Class: 483K(512K)->483K(512K)
[407.723s][info][gc             ] GC(1608) Pause Young (Allocation Failure) 640M->340M(709M) 2.225ms
[407.723s][info][gc,cpu         ] GC(1608) User=0.00s Sys=0.00s Real=0.00s
[408.213s][info][gc,start       ] GC(1609) Pause Young (Allocation Failure)
[408.216s][info][gc,heap        ] GC(1609) PSYoungGen: 295589K(295936K)->658K(284160K) Eden: 294912K(294912K)->0K(283136K) From: 677K(1024K)->658K(1024K)
[408.216s][info][gc,heap        ] GC(1609) ParOldGen: 348501K(430080K)->348549K(430080K)
[408.216s][info][gc,metaspace   ] GC(1609) Metaspace: 6132K(6208K)->6132K(6208K) NonClass: 5649K(5696K)->5649K(5696K) Class: 483K(512K)->483K(512K)
[408.216s][info][gc             ] GC(1609) Pause Young (Allocation Failure) 628M->341M(697M) 2.380ms
[408.216s][info][gc,cpu         ] GC(1609) User=0.00s Sys=0.00s Real=0.00s
[408.665s][info][gc,start       ] GC(1610) Pause Young (Allocation Failure)
[408.667s][info][gc,heap        ] GC(1610) PSYoungGen: 283794K(284160K)->658K(272896K) Eden: 283136K(283136K)->0K(271872K) From: 658K(1024K)->658K(1024K)
[408.667s][info][gc,heap        ] GC(1610) ParOldGen: 348549K(430080K)->348549K(430080K)
[408.667s][info][gc,metaspace   ] GC(1610) Metaspace: 6132K(6208K)->6132K(6208K) NonClass: 5649K(5696K)->5649K(5696K) Class: 483K(512K)->483K(512K)
[408.667s][info][gc             ] GC(1610) Pause Young (Allocation Failure) 617M->341M(686M) 2.215ms
[408.667s][info][gc,cpu         ] GC(1610) User=0.00s Sys=0.00s Real=0.00s
[409.097s][info][gc,start       ] GC(1611) Pause Young (Allocation Failure)
[409.099s][info][gc,heap        ] GC(1611) PSYoungGen: 272530K(272896K)->498K(261632K) Eden: 271872K(271872K)->0K(261120K) From: 658K(1024K)->498K(512K)
[409.099s][info][gc,heap        ] GC(1611) ParOldGen: 348549K(430080K)->348741K(430080K)
[409.099s][info][gc,metaspace   ] GC(1611) Metaspace: 6132K(6208K)->6132K(6208K) NonClass: 5649K(5696K)->5649K(5696K) Class: 483K(512K)->483K(512K)
[409.099s][info][gc             ] GC(1611) Pause Young (Allocation Failure) 606M->341M(675M) 2.431ms
[409.099s][info][gc,cpu         ] GC(1611) User=0.00s Sys=0.00s Real=0.00s
[409.508s][info][gc,start       ] GC(1612) Pause Young (Allocation Failure)
[409.510s][info][gc,heap        ] GC(1612) PSYoungGen: 261618K(261632K)->690K(251904K) Eden: 261120K(261120K)->0K(250880K) From: 498K(512K)->690K(1024K)
[409.510s][info][gc,heap        ] GC(1612) ParOldGen: 348741K(430080K)->348741K(430080K)
[409.510s][info][gc,metaspace   ] GC(1612) Metaspace: 6132K(6208K)->6132K(6208K) NonClass: 5649K(5696K)->5649K(5696K) Class: 483K(512K)->483K(512K)
[409.510s][info][gc             ] GC(1612) Pause Young (Allocation Failure) 596M->341M(666M) 2.283ms
[409.510s][info][gc,cpu         ] GC(1612) User=0.00s Sys=0.00s Real=0.00s
[409.917s][info][gc,start       ] GC(1613) Pause Young (Allocation Failure)
[409.918s][info][gc,heap        ] GC(1613) PSYoungGen: 251570K(251904K)->672K(242176K) Eden: 250880K(250880K)->0K(241152K) From: 690K(1024K)->672K(1024K)
[409.918s][info][gc,heap        ] GC(1613) ParOldGen: 348741K(430080K)->348773K(430080K)
[409.918s][info][gc,metaspace   ] GC(1613) Metaspace: 6132K(6208K)->6132K(6208K) NonClass: 5649K(5696K)->5649K(5696K) Class: 483K(512K)->483K(512K)
[409.918s][info][gc             ] GC(1613) Pause Young (Allocation Failure) 586M->341M(656M) 1.665ms
[409.918s][info][gc,cpu         ] GC(1613) User=0.01s Sys=0.00s Real=0.00s
[410.314s][info][gc,start       ] GC(1614) Pause Young (Allocation Failure)
[410.315s][info][gc,heap        ] GC(1614) PSYoungGen: 241824K(242176K)->704K(232960K) Eden: 241152K(241152K)->0K(231936K) From: 672K(1024K)->704K(1024K)
[410.315s][info][gc,heap        ] GC(1614) ParOldGen: 348773K(430080K)->348773K(430080K)
[410.315s][info][gc,metaspace   ] GC(1614) Metaspace: 6132K(6208K)->6132K(6208K) NonClass: 5649K(5696K)->5649K(5696K) Class: 483K(512K)->483K(512K)
[410.315s][info][gc             ] GC(1614) Pause Young (Allocation Failure) 576M->341M(647M) 1.376ms
[410.315s][info][gc,cpu         ] GC(1614) User=0.00s Sys=0.00s Real=0.00s
[410.705s][info][gc,start       ] GC(1615) Pause Young (Allocation Failure)
[410.706s][info][gc,heap        ] GC(1615) PSYoungGen: 232640K(232960K)->512K(223744K) Eden: 231936K(231936K)->0K(223232K) From: 704K(1024K)->512K(512K)
[410.706s][info][gc,heap        ] GC(1615) ParOldGen: 348773K(430080K)->348917K(430080K)
[410.706s][info][gc,metaspace   ] GC(1615) Metaspace: 6132K(6208K)->6132K(6208K) NonClass: 5649K(5696K)->5649K(5696K) Class: 483K(512K)->483K(512K)
[410.706s][info][gc             ] GC(1615) Pause Young (Allocation Failure) 567M->341M(638M) 1.255ms
[410.706s][info][gc,cpu         ] GC(1615) User=0.00s Sys=0.00s Real=0.00s
[411.065s][info][gc,start       ] GC(1616) Pause Young (Allocation Failure)
[411.066s][info][gc,heap        ] GC(1616) PSYoungGen: 223744K(223744K)->722K(216064K) Eden: 223232K(223232K)->0K(215040K) From: 512K(512K)->722K(1024K)
[411.067s][info][gc,heap        ] GC(1616) ParOldGen: 348917K(430080K)->348917K(430080K)
[411.067s][info][gc,metaspace   ] GC(1616) Metaspace: 6132K(6208K)->6132K(6208K) NonClass: 5649K(5696K)->5649K(5696K) Class: 483K(512K)->483K(512K)
[411.067s][info][gc             ] GC(1616) Pause Young (Allocation Failure) 559M->341M(631M) 1.386ms
[411.067s][info][gc,cpu         ] GC(1616) User=0.00s Sys=0.00s Real=0.00s
[411.424s][info][gc,start       ] GC(1617) Pause Young (Allocation Failure)
[411.426s][info][gc,heap        ] GC(1617) PSYoungGen: 215762K(216064K)->800K(207872K) Eden: 215040K(215040K)->0K(206848K) From: 722K(1024K)->800K(1024K)
[411.426s][info][gc,heap        ] GC(1617) ParOldGen: 348917K(430080K)->348949K(430080K)
[411.426s][info][gc,metaspace   ] GC(1617) Metaspace: 6132K(6208K)->6132K(6208K) NonClass: 5649K(5696K)->5649K(5696K) Class: 483K(512K)->483K(512K)
[411.426s][info][gc             ] GC(1617) Pause Young (Allocation Failure) 551M->341M(623M) 1.531ms
[411.426s][info][gc,cpu         ] GC(1617) User=0.00s Sys=0.00s Real=0.00s
[411.765s][info][gc,start       ] GC(1618) Pause Young (Allocation Failure)
[411.768s][info][gc,heap        ] GC(1618) PSYoungGen: 207648K(207872K)->722K(200192K) Eden: 206848K(206848K)->0K(199168K) From: 800K(1024K)->722K(1024K)
[411.768s][info][gc,heap        ] GC(1618) ParOldGen: 348949K(430080K)->348949K(430080K)
[411.768s][info][gc,metaspace   ] GC(1618) Metaspace: 6132K(6208K)->6132K(6208K) NonClass: 5649K(5696K)->5649K(5696K) Class: 483K(512K)->483K(512K)
[411.768s][info][gc             ] GC(1618) Pause Young (Allocation Failure) 543M->341M(615M) 2.519ms
[411.768s][info][gc,cpu         ] GC(1618) User=0.00s Sys=0.00s Real=0.00s
[412.099s][info][gc,start       ] GC(1619) Pause Young (Allocation Failure)
[412.100s][info][gc,heap        ] GC(1619) PSYoungGen: 199890K(200192K)->512K(192512K) Eden: 199168K(199168K)->0K(192000K) From: 722K(1024K)->512K(512K)
[412.100s][info][gc,heap        ] GC(1619) ParOldGen: 348949K(430080K)->349109K(430080K)
[412.100s][info][gc,metaspace   ] GC(1619) Metaspace: 6132K(6208K)->6132K(6208K) NonClass: 5649K(5696K)->5649K(5696K) Class: 483K(512K)->483K(512K)
[412.100s][info][gc             ] GC(1619) Pause Young (Allocation Failure) 535M->341M(608M) 1.246ms
[412.100s][info][gc,cpu         ] GC(1619) User=0.00s Sys=0.00s Real=0.00s
[412.409s][info][gc,start       ] GC(1620) Pause Young (Allocation Failure)
[412.410s][info][gc,heap        ] GC(1620) PSYoungGen: 192512K(192512K)->736K(186368K) Eden: 192000K(192000K)->0K(185344K) From: 512K(512K)->736K(1024K)
[412.410s][info][gc,heap        ] GC(1620) ParOldGen: 349109K(430080K)->349109K(430080K)
[412.410s][info][gc,metaspace   ] GC(1620) Metaspace: 6132K(6208K)->6132K(6208K) NonClass: 5649K(5696K)->5649K(5696K) Class: 483K(512K)->483K(512K)
[412.410s][info][gc             ] GC(1620) Pause Young (Allocation Failure) 528M->341M(602M) 1.537ms
[412.411s][info][gc,cpu         ] GC(1620) User=0.00s Sys=0.00s Real=0.01s
[412.706s][info][gc,start       ] GC(1621) Pause Young (Allocation Failure)
[412.709s][info][gc,heap        ] GC(1621) PSYoungGen: 186080K(186368K)->672K(179712K) Eden: 185344K(185344K)->0K(178688K) From: 736K(1024K)->672K(1024K)
[412.709s][info][gc,heap        ] GC(1621) ParOldGen: 349109K(430080K)->349125K(430080K)
[412.709s][info][gc,metaspace   ] GC(1621) Metaspace: 6132K(6208K)->6132K(6208K) NonClass: 5649K(5696K)->5649K(5696K) Class: 483K(512K)->483K(512K)
[412.709s][info][gc             ] GC(1621) Pause Young (Allocation Failure) 522M->341M(595M) 2.250ms
[412.709s][info][gc,cpu         ] GC(1621) User=0.00s Sys=0.00s Real=0.00s
[412.985s][info][gc,start       ] GC(1622) Pause Young (Allocation Failure)
[412.987s][info][gc,heap        ] GC(1622) PSYoungGen: 179360K(179712K)->722K(173568K) Eden: 178688K(178688K)->0K(172544K) From: 672K(1024K)->722K(1024K)
[412.987s][info][gc,heap        ] GC(1622) ParOldGen: 349125K(430080K)->349125K(430080K)
[412.987s][info][gc,metaspace   ] GC(1622) Metaspace: 6132K(6208K)->6132K(6208K) NonClass: 5649K(5696K)->5649K(5696K) Class: 483K(512K)->483K(512K)
[412.987s][info][gc             ] GC(1622) Pause Young (Allocation Failure) 516M->341M(589M) 2.679ms
[412.987s][info][gc,cpu         ] GC(1622) User=0.00s Sys=0.00s Real=0.00s
[413.264s][info][gc,start       ] GC(1623) Pause Young (Allocation Failure)
[413.266s][info][gc,heap        ] GC(1623) PSYoungGen: 173266K(173568K)->498K(166912K) Eden: 172544K(172544K)->0K(166400K) From: 722K(1024K)->498K(512K)
[413.266s][info][gc,heap        ] GC(1623) ParOldGen: 349125K(430080K)->349325K(430080K)
[413.266s][info][gc,metaspace   ] GC(1623) Metaspace: 6132K(6208K)->6132K(6208K) NonClass: 5649K(5696K)->5649K(5696K) Class: 483K(512K)->483K(512K)
[413.266s][info][gc             ] GC(1623) Pause Young (Allocation Failure) 510M->341M(583M) 2.268ms
[413.266s][info][gc,cpu         ] GC(1623) User=0.01s Sys=0.00s Real=0.00s
[413.524s][info][gc,start       ] GC(1624) Pause Young (Allocation Failure)
[413.526s][info][gc,heap        ] GC(1624) PSYoungGen: 166898K(166912K)->800K(161792K) Eden: 166400K(166400K)->0K(160768K) From: 498K(512K)->800K(1024K)
[413.526s][info][gc,heap        ] GC(1624) ParOldGen: 349325K(430080K)->349325K(430080K)
[413.526s][info][gc,metaspace   ] GC(1624) Metaspace: 6132K(6208K)->6132K(6208K) NonClass: 5649K(5696K)->5649K(5696K) Class: 483K(512K)->483K(512K)
[413.526s][info][gc             ] GC(1624) Pause Young (Allocation Failure) 504M->341M(578M) 2.861ms
[413.526s][info][gc,cpu         ] GC(1624) User=0.00s Sys=0.00s Real=0.00s
[413.812s][info][gc,start       ] GC(1625) Pause Young (Allocation Failure)
[413.814s][info][gc,heap        ] GC(1625) PSYoungGen: 161568K(161792K)->320K(155648K) Eden: 160768K(160768K)->0K(155136K) From: 800K(1024K)->320K(512K)
[413.814s][info][gc,heap        ] GC(1625) ParOldGen: 349325K(430080K)->349365K(430080K)
[413.814s][info][gc,metaspace   ] GC(1625) Metaspace: 6132K(6208K)->6132K(6208K) NonClass: 5649K(5696K)->5649K(5696K) Class: 483K(512K)->483K(512K)
[413.814s][info][gc             ] GC(1625) Pause Young (Allocation Failure) 498M->341M(572M) 1.889ms
[413.814s][info][gc,cpu         ] GC(1625) User=0.00s Sys=0.00s Real=0.00s
[414.060s][info][gc,start       ] GC(1626) Pause Young (Allocation Failure)
[414.063s][info][gc,heap        ] GC(1626) PSYoungGen: 155456K(155648K)->754K(151040K) Eden: 155136K(155136K)->0K(150016K) From: 320K(512K)->754K(1024K)
[414.063s][info][gc,heap        ] GC(1626) ParOldGen: 349365K(430080K)->349365K(430080K)
[414.063s][info][gc,metaspace   ] GC(1626) Metaspace: 6132K(6208K)->6132K(6208K) NonClass: 5649K(5696K)->5649K(5696K) Class: 483K(512K)->483K(512K)
[414.063s][info][gc             ] GC(1626) Pause Young (Allocation Failure) 492M->341M(567M) 2.730ms
[414.063s][info][gc,cpu         ] GC(1626) User=0.00s Sys=0.00s Real=0.01s
[414.289s][info][gc,start       ] GC(1627) Pause Young (Allocation Failure)
[414.292s][info][gc,heap        ] GC(1627) PSYoungGen: 150770K(151040K)->786K(145920K) Eden: 150016K(150016K)->0K(144896K) From: 754K(1024K)->786K(1024K)
[414.292s][info][gc,heap        ] GC(1627) ParOldGen: 349365K(430080K)->349365K(430080K)
[414.292s][info][gc,metaspace   ] GC(1627) Metaspace: 6132K(6208K)->6132K(6208K) NonClass: 5649K(5696K)->5649K(5696K) Class: 483K(512K)->483K(512K)
[414.292s][info][gc             ] GC(1627) Pause Young (Allocation Failure) 488M->341M(562M) 2.824ms
[414.292s][info][gc,cpu         ] GC(1627) User=0.00s Sys=0.00s Real=0.01s
[414.527s][info][gc,start       ] GC(1628) Pause Young (Allocation Failure)
[414.529s][info][gc,heap        ] GC(1628) PSYoungGen: 145682K(145920K)->800K(141312K) Eden: 144896K(144896K)->0K(140288K) From: 786K(1024K)->800K(1024K)
[414.529s][info][gc,heap        ] GC(1628) ParOldGen: 349365K(430080K)->349365K(430080K)
[414.529s][info][gc,metaspace   ] GC(1628) Metaspace: 6132K(6208K)->6132K(6208K) NonClass: 5649K(5696K)->5649K(5696K) Class: 483K(512K)->483K(512K)
[414.529s][info][gc             ] GC(1628) Pause Young (Allocation Failure) 483M->341M(558M) 1.544ms
[414.529s][info][gc,cpu         ] GC(1628) User=0.00s Sys=0.01s Real=0.00s
[414.770s][info][gc,start       ] GC(1629) Pause Young (Allocation Failure)
[414.771s][info][gc,heap        ] GC(1629) PSYoungGen: 141088K(141312K)->512K(136192K) Eden: 140288K(140288K)->0K(135680K) From: 800K(1024K)->512K(512K)
[414.771s][info][gc,heap        ] GC(1629) ParOldGen: 349365K(430080K)->349573K(430080K)
[414.771s][info][gc,metaspace   ] GC(1629) Metaspace: 6132K(6208K)->6132K(6208K) NonClass: 5649K(5696K)->5649K(5696K) Class: 483K(512K)->483K(512K)
[414.771s][info][gc             ] GC(1629) Pause Young (Allocation Failure) 478M->341M(553M) 1.438ms
[414.771s][info][gc,cpu         ] GC(1629) User=0.01s Sys=0.00s Real=0.01s
[415.069s][info][gc,start       ] GC(1630) Pause Young (Allocation Failure)
[415.070s][info][gc,heap        ] GC(1630) PSYoungGen: 136192K(136192K)->722K(132608K) Eden: 135680K(135680K)->0K(131584K) From: 512K(512K)->722K(1024K)
[415.070s][info][gc,heap        ] GC(1630) ParOldGen: 349573K(430080K)->349573K(430080K)
[415.070s][info][gc,metaspace   ] GC(1630) Metaspace: 6132K(6208K)->6132K(6208K) NonClass: 5649K(5696K)->5649K(5696K) Class: 483K(512K)->483K(512K)
[415.070s][info][gc             ] GC(1630) Pause Young (Allocation Failure) 474M->342M(549M) 1.488ms
[415.070s][info][gc,cpu         ] GC(1630) User=0.00s Sys=0.00s Real=0.00s
[415.359s][info][gc,start       ] GC(1631) Pause Young (Allocation Failure)
[415.361s][info][gc,heap        ] GC(1631) PSYoungGen: 132306K(132608K)->416K(128000K) Eden: 131584K(131584K)->0K(127488K) From: 722K(1024K)->416K(512K)
[415.361s][info][gc,heap        ] GC(1631) ParOldGen: 349573K(430080K)->349916K(430080K)
[415.361s][info][gc,metaspace   ] GC(1631) Metaspace: 6132K(6208K)->6132K(6208K) NonClass: 5649K(5696K)->5649K(5696K) Class: 483K(512K)->483K(512K)
[415.361s][info][gc             ] GC(1631) Pause Young (Allocation Failure) 470M->342M(545M) 1.698ms
[415.361s][info][gc,cpu         ] GC(1631) User=0.00s Sys=0.00s Real=0.01s
[415.554s][info][gc,start       ] GC(1632) Pause Young (Allocation Failure)
[415.555s][info][gc,heap        ] GC(1632) PSYoungGen: 127904K(128000K)->722K(124416K) Eden: 127488K(127488K)->0K(123392K) From: 416K(512K)->722K(1024K)
[415.555s][info][gc,heap        ] GC(1632) ParOldGen: 349916K(430080K)->350012K(430080K)
[415.555s][info][gc,metaspace   ] GC(1632) Metaspace: 6132K(6208K)->6132K(6208K) NonClass: 5649K(5696K)->5649K(5696K) Class: 483K(512K)->483K(512K)
[415.555s][info][gc             ] GC(1632) Pause Young (Allocation Failure) 466M->342M(541M) 1.394ms
[415.555s][info][gc,cpu         ] GC(1632) User=0.00s Sys=0.00s Real=0.00s
[415.742s][info][gc,start       ] GC(1633) Pause Young (Allocation Failure)
[415.743s][info][gc,heap        ] GC(1633) PSYoungGen: 124114K(124416K)->672K(120832K) Eden: 123392K(123392K)->0K(119808K) From: 722K(1024K)->672K(1024K)
[415.743s][info][gc,heap        ] GC(1633) ParOldGen: 350012K(430080K)->350044K(430080K)
[415.743s][info][gc,metaspace   ] GC(1633) Metaspace: 6132K(6208K)->6132K(6208K) NonClass: 5649K(5696K)->5649K(5696K) Class: 483K(512K)->483K(512K)
[415.743s][info][gc             ] GC(1633) Pause Young (Allocation Failure) 463M->342M(538M) 1.309ms
[415.743s][info][gc,cpu         ] GC(1633) User=0.01s Sys=0.00s Real=0.00s
[415.928s][info][gc,start       ] GC(1634) Pause Young (Allocation Failure)
[415.931s][info][gc,heap        ] GC(1634) PSYoungGen: 120480K(120832K)->658K(117248K) Eden: 119808K(119808K)->0K(116224K) From: 672K(1024K)->658K(1024K)
[415.931s][info][gc,heap        ] GC(1634) ParOldGen: 350044K(430080K)->350044K(430080K)
[415.931s][info][gc,metaspace   ] GC(1634) Metaspace: 6132K(6208K)->6132K(6208K) NonClass: 5649K(5696K)->5649K(5696K) Class: 483K(512K)->483K(512K)
[415.931s][info][gc             ] GC(1634) Pause Young (Allocation Failure) 459M->342M(534M) 2.911ms
[415.931s][info][gc,cpu         ] GC(1634) User=0.00s Sys=0.00s Real=0.01s
[416.115s][info][gc,start       ] GC(1635) Pause Young (Allocation Failure)
[416.117s][info][gc,heap        ] GC(1635) PSYoungGen: 116882K(117248K)->498K(113152K) Eden: 116224K(116224K)->0K(112640K) From: 658K(1024K)->498K(512K)
[416.117s][info][gc,heap        ] GC(1635) ParOldGen: 350044K(430080K)->350268K(430080K)
[416.117s][info][gc,metaspace   ] GC(1635) Metaspace: 6132K(6208K)->6132K(6208K) NonClass: 5649K(5696K)->5649K(5696K) Class: 483K(512K)->483K(512K)
[416.117s][info][gc             ] GC(1635) Pause Young (Allocation Failure) 455M->342M(530M) 2.495ms
[416.117s][info][gc,cpu         ] GC(1635) User=0.00s Sys=0.00s Real=0.00s
[416.295s][info][gc,start       ] GC(1636) Pause Young (Allocation Failure)
[416.298s][info][gc,heap        ] GC(1636) PSYoungGen: 113138K(113152K)->741K(136192K) Eden: 112640K(112640K)->0K(135168K) From: 498K(512K)->741K(1024K)
[416.298s][info][gc,heap        ] GC(1636) ParOldGen: 350268K(430080K)->350268K(430080K)
[416.298s][info][gc,metaspace   ] GC(1636) Metaspace: 6132K(6208K)->6132K(6208K) NonClass: 5649K(5696K)->5649K(5696K) Class: 483K(512K)->483K(512K)
[416.298s][info][gc             ] GC(1636) Pause Young (Allocation Failure) 452M->342M(553M) 2.543ms
[416.298s][info][gc,cpu         ] GC(1636) User=0.00s Sys=0.00s Real=0.00s
[416.550s][info][gc,start       ] GC(1637) Pause Young (Allocation Failure)
[416.553s][info][gc,heap        ] GC(1637) PSYoungGen: 135909K(136192K)->704K(163328K) Eden: 135168K(135168K)->0K(162304K) From: 741K(1024K)->704K(1024K)
[416.553s][info][gc,heap        ] GC(1637) ParOldGen: 350268K(430080K)->350308K(430080K)
[416.553s][info][gc,metaspace   ] GC(1637) Metaspace: 6132K(6208K)->6132K(6208K) NonClass: 5649K(5696K)->5649K(5696K) Class: 483K(512K)->483K(512K)
[416.553s][info][gc             ] GC(1637) Pause Young (Allocation Failure) 474M->342M(579M) 2.967ms
[416.553s][info][gc,cpu         ] GC(1637) User=0.00s Sys=0.00s Real=0.01s
[416.814s][info][gc,start       ] GC(1638) Pause Young (Allocation Failure)
[416.815s][info][gc,heap        ] GC(1638) PSYoungGen: 163008K(163328K)->704K(157696K) Eden: 162304K(162304K)->0K(156672K) From: 704K(1024K)->704K(1024K)
[416.815s][info][gc,heap        ] GC(1638) ParOldGen: 350308K(430080K)->350308K(430080K)
[416.815s][info][gc,metaspace   ] GC(1638) Metaspace: 6132K(6208K)->6132K(6208K) NonClass: 5649K(5696K)->5649K(5696K) Class: 483K(512K)->483K(512K)
[416.815s][info][gc             ] GC(1638) Pause Young (Allocation Failure) 501M->342M(574M) 1.349ms
[416.815s][info][gc,cpu         ] GC(1638) User=0.00s Sys=0.00s Real=0.00s
[417.062s][info][gc,start       ] GC(1639) Pause Young (Allocation Failure)
[417.063s][info][gc,heap        ] GC(1639) PSYoungGen: 157376K(157696K)->512K(152064K) Eden: 156672K(156672K)->0K(151552K) From: 704K(1024K)->512K(512K)
[417.063s][info][gc,heap        ] GC(1639) ParOldGen: 350308K(430080K)->350468K(430080K)
[417.063s][info][gc,metaspace   ] GC(1639) Metaspace: 6132K(6208K)->6132K(6208K) NonClass: 5649K(5696K)->5649K(5696K) Class: 483K(512K)->483K(512K)
[417.063s][info][gc             ] GC(1639) Pause Young (Allocation Failure) 495M->342M(568M) 1.211ms
[417.063s][info][gc,cpu         ] GC(1639) User=0.00s Sys=0.00s Real=0.00s
[417.296s][info][gc,start       ] GC(1640) Pause Young (Allocation Failure)
[417.297s][info][gc,heap        ] GC(1640) PSYoungGen: 152064K(152064K)->818K(147456K) Eden: 151552K(151552K)->0K(146432K) From: 512K(512K)->818K(1024K)
[417.297s][info][gc,heap        ] GC(1640) ParOldGen: 350468K(430080K)->350468K(430080K)
[417.297s][info][gc,metaspace   ] GC(1640) Metaspace: 6132K(6208K)->6132K(6208K) NonClass: 5649K(5696K)->5649K(5696K) Class: 483K(512K)->483K(512K)
[417.297s][info][gc             ] GC(1640) Pause Young (Allocation Failure) 490M->343M(564M) 1.357ms
[417.297s][info][gc,cpu         ] GC(1640) User=0.00s Sys=0.00s Real=0.00s
[417.521s][info][gc,start       ] GC(1641) Pause Young (Allocation Failure)
[417.522s][info][gc,heap        ] GC(1641) PSYoungGen: 147250K(147456K)->512K(142336K) Eden: 146432K(146432K)->0K(141824K) From: 818K(1024K)->512K(512K)
[417.523s][info][gc,heap        ] GC(1641) ParOldGen: 350468K(430080K)->350508K(430080K)
[417.523s][info][gc,metaspace   ] GC(1641) Metaspace: 6132K(6208K)->6132K(6208K) NonClass: 5649K(5696K)->5649K(5696K) Class: 483K(512K)->483K(512K)
[417.523s][info][gc             ] GC(1641) Pause Young (Allocation Failure) 486M->342M(559M) 1.277ms
[417.523s][info][gc,cpu         ] GC(1641) User=0.01s Sys=0.00s Real=0.00s
[417.738s][info][gc,start       ] GC(1642) Pause Young (Allocation Failure)
[417.739s][info][gc,heap        ] GC(1642) PSYoungGen: 142336K(142336K)->448K(138240K) Eden: 141824K(141824K)->0K(137216K) From: 512K(512K)->448K(1024K)
[417.739s][info][gc,heap        ] GC(1642) ParOldGen: 350508K(430080K)->350508K(430080K)
[417.739s][info][gc,metaspace   ] GC(1642) Metaspace: 6132K(6208K)->6132K(6208K) NonClass: 5649K(5696K)->5649K(5696K) Class: 483K(512K)->483K(512K)
[417.739s][info][gc             ] GC(1642) Pause Young (Allocation Failure) 481M->342M(555M) 0.968ms
[417.739s][info][gc,cpu         ] GC(1642) User=0.00s Sys=0.00s Real=0.00s
[417.946s][info][gc,start       ] GC(1643) Pause Young (Allocation Failure)
[417.947s][info][gc,heap        ] GC(1643) PSYoungGen: 137664K(138240K)->704K(133632K) Eden: 137216K(137216K)->0K(132608K) From: 448K(1024K)->704K(1024K)
[417.947s][info][gc,heap        ] GC(1643) ParOldGen: 350508K(430080K)->350508K(430080K)
[417.947s][info][gc,metaspace   ] GC(1643) Metaspace: 6132K(6208K)->6132K(6208K) NonClass: 5649K(5696K)->5649K(5696K) Class: 483K(512K)->483K(512K)
[417.947s][info][gc             ] GC(1643) Pause Young (Allocation Failure) 476M->342M(550M) 1.189ms
[417.947s][info][gc,cpu         ] GC(1643) User=0.00s Sys=0.00s Real=0.00s
[418.154s][info][gc,start       ] GC(1644) Pause Young (Allocation Failure)
[418.155s][info][gc,heap        ] GC(1644) PSYoungGen: 133312K(133632K)->736K(129536K) Eden: 132608K(132608K)->0K(128512K) From: 704K(1024K)->736K(1024K)
[418.155s][info][gc,heap        ] GC(1644) ParOldGen: 350508K(430080K)->350508K(430080K)
[418.155s][info][gc,metaspace   ] GC(1644) Metaspace: 6132K(6208K)->6132K(6208K) NonClass: 5649K(5696K)->5649K(5696K) Class: 483K(512K)->483K(512K)
[418.155s][info][gc             ] GC(1644) Pause Young (Allocation Failure) 472M->343M(546M) 1.417ms
[418.155s][info][gc,cpu         ] GC(1644) User=0.00s Sys=0.00s Real=0.00s
[418.362s][info][gc,start       ] GC(1645) Pause Young (Allocation Failure)
[418.363s][info][gc,heap        ] GC(1645) PSYoungGen: 129248K(129536K)->512K(124928K) Eden: 128512K(128512K)->0K(124416K) From: 736K(1024K)->512K(512K)
[418.363s][info][gc,heap        ] GC(1645) ParOldGen: 350508K(430080K)->350596K(430080K)
[418.363s][info][gc,metaspace   ] GC(1645) Metaspace: 6132K(6208K)->6132K(6208K) NonClass: 5649K(5696K)->5649K(5696K) Class: 483K(512K)->483K(512K)
[418.363s][info][gc             ] GC(1645) Pause Young (Allocation Failure) 468M->342M(542M) 1.081ms
[418.363s][info][gc,cpu         ] GC(1645) User=0.01s Sys=0.00s Real=0.00s
[418.571s][info][gc,start       ] GC(1646) Pause Young (Allocation Failure)
[418.572s][info][gc,heap        ] GC(1646) PSYoungGen: 124928K(124928K)->754K(121856K) Eden: 124416K(124416K)->0K(120832K) From: 512K(512K)->754K(1024K)
[418.572s][info][gc,heap        ] GC(1646) ParOldGen: 350596K(430080K)->350596K(430080K)
[418.572s][info][gc,metaspace   ] GC(1646) Metaspace: 6132K(6208K)->6132K(6208K) NonClass: 5649K(5696K)->5649K(5696K) Class: 483K(512K)->483K(512K)
[418.572s][info][gc             ] GC(1646) Pause Young (Allocation Failure) 464M->343M(539M) 1.338ms
[418.572s][info][gc,cpu         ] GC(1646) User=0.00s Sys=0.00s Real=0.00s
[418.765s][info][gc,start       ] GC(1647) Pause Young (Allocation Failure)
[418.766s][info][gc,heap        ] GC(1647) PSYoungGen: 121586K(121856K)->672K(118272K) Eden: 120832K(120832K)->0K(117248K) From: 754K(1024K)->672K(1024K)
[418.766s][info][gc,heap        ] GC(1647) ParOldGen: 350596K(430080K)->350628K(430080K)
[418.766s][info][gc,metaspace   ] GC(1647) Metaspace: 6132K(6208K)->6132K(6208K) NonClass: 5649K(5696K)->5649K(5696K) Class: 483K(512K)->483K(512K)
[418.766s][info][gc             ] GC(1647) Pause Young (Allocation Failure) 461M->343M(535M) 1.288ms
[418.766s][info][gc,cpu         ] GC(1647) User=0.00s Sys=0.00s Real=0.00s
[418.969s][info][gc,start       ] GC(1648) Pause Young (Allocation Failure)
[418.970s][info][gc,heap        ] GC(1648) PSYoungGen: 117920K(118272K)->608K(114688K) Eden: 117248K(117248K)->0K(113664K) From: 672K(1024K)->608K(1024K)
[418.970s][info][gc,heap        ] GC(1648) ParOldGen: 350628K(430080K)->350628K(430080K)
[418.970s][info][gc,metaspace   ] GC(1648) Metaspace: 6132K(6208K)->6132K(6208K) NonClass: 5649K(5696K)->5649K(5696K) Class: 483K(512K)->483K(512K)
[418.970s][info][gc             ] GC(1648) Pause Young (Allocation Failure) 457M->343M(532M) 1.152ms
[418.970s][info][gc,cpu         ] GC(1648) User=0.00s Sys=0.00s Real=0.00s
[419.171s][info][gc,start       ] GC(1649) Pause Young (Allocation Failure)
[419.172s][info][gc,heap        ] GC(1649) PSYoungGen: 114272K(114688K)->512K(110592K) Eden: 113664K(113664K)->0K(110080K) From: 608K(1024K)->512K(512K)
[419.172s][info][gc,heap        ] GC(1649) ParOldGen: 350628K(430080K)->350740K(430080K)
[419.172s][info][gc,metaspace   ] GC(1649) Metaspace: 6132K(6208K)->6132K(6208K) NonClass: 5649K(5696K)->5649K(5696K) Class: 483K(512K)->483K(512K)
[419.172s][info][gc             ] GC(1649) Pause Young (Allocation Failure) 454M->343M(528M) 1.139ms
[419.172s][info][gc,cpu         ] GC(1649) User=0.00s Sys=0.00s Real=0.00s
[419.365s][info][gc,start       ] GC(1650) Pause Young (Allocation Failure)
[419.367s][info][gc,heap        ] GC(1650) PSYoungGen: 110592K(110592K)->786K(108032K) Eden: 110080K(110080K)->0K(107008K) From: 512K(512K)->786K(1024K)
[419.367s][info][gc,heap        ] GC(1650) ParOldGen: 350740K(430080K)->350740K(430080K)
[419.367s][info][gc,metaspace   ] GC(1650) Metaspace: 6132K(6208K)->6132K(6208K) NonClass: 5649K(5696K)->5649K(5696K) Class: 483K(512K)->483K(512K)
[419.367s][info][gc             ] GC(1650) Pause Young (Allocation Failure) 450M->343M(525M) 1.524ms
[419.367s][info][gc,cpu         ] GC(1650) User=0.01s Sys=0.00s Real=0.00s
[419.573s][info][gc,start       ] GC(1651) Pause Young (Allocation Failure)
[419.574s][info][gc,heap        ] GC(1651) PSYoungGen: 107794K(108032K)->704K(104960K) Eden: 107008K(107008K)->0K(103936K) From: 786K(1024K)->704K(1024K)
[419.574s][info][gc,heap        ] GC(1651) ParOldGen: 350740K(430080K)->350780K(430080K)
[419.574s][info][gc,metaspace   ] GC(1651) Metaspace: 6132K(6208K)->6132K(6208K) NonClass: 5649K(5696K)->5649K(5696K) Class: 483K(512K)->483K(512K)
[419.574s][info][gc             ] GC(1651) Pause Young (Allocation Failure) 447M->343M(522M) 1.374ms
[419.574s][info][gc,cpu         ] GC(1651) User=0.01s Sys=0.00s Real=0.00s
[419.761s][info][gc,start       ] GC(1652) Pause Young (Allocation Failure)
[419.763s][info][gc,heap        ] GC(1652) PSYoungGen: 104640K(104960K)->704K(101888K) Eden: 103936K(103936K)->0K(100864K) From: 704K(1024K)->704K(1024K)
[419.763s][info][gc,heap        ] GC(1652) ParOldGen: 350780K(430080K)->350780K(430080K)
[419.763s][info][gc,metaspace   ] GC(1652) Metaspace: 6132K(6208K)->6132K(6208K) NonClass: 5649K(5696K)->5649K(5696K) Class: 483K(512K)->483K(512K)
[419.763s][info][gc             ] GC(1652) Pause Young (Allocation Failure) 444M->343M(519M) 1.320ms
[419.763s][info][gc,cpu         ] GC(1652) User=0.01s Sys=0.00s Real=0.00s
[419.938s][info][gc,start       ] GC(1653) Pause Young (Allocation Failure)
[419.939s][info][gc,heap        ] GC(1653) PSYoungGen: 101568K(101888K)->512K(98816K) Eden: 100864K(100864K)->0K(98304K) From: 704K(1024K)->512K(512K)
[419.939s][info][gc,heap        ] GC(1653) ParOldGen: 350780K(430080K)->350956K(430080K)
[419.939s][info][gc,metaspace   ] GC(1653) Metaspace: 6132K(6208K)->6132K(6208K) NonClass: 5649K(5696K)->5649K(5696K) Class: 483K(512K)->483K(512K)
[419.939s][info][gc             ] GC(1653) Pause Young (Allocation Failure) 441M->343M(516M) 1.266ms
[419.939s][info][gc,cpu         ] GC(1653) User=0.01s Sys=0.00s Real=0.00s
[420.115s][info][gc,start       ] GC(1654) Pause Young (Allocation Failure)
[420.116s][info][gc,heap        ] GC(1654) PSYoungGen: 98816K(98816K)->512K(96768K) Eden: 98304K(98304K)->0K(95744K) From: 512K(512K)->512K(1024K)
[420.116s][info][gc,heap        ] GC(1654) ParOldGen: 350956K(430080K)->350956K(430080K)
[420.116s][info][gc,metaspace   ] GC(1654) Metaspace: 6132K(6208K)->6132K(6208K) NonClass: 5649K(5696K)->5649K(5696K) Class: 483K(512K)->483K(512K)
[420.116s][info][gc             ] GC(1654) Pause Young (Allocation Failure) 439M->343M(514M) 1.253ms
[420.116s][info][gc,cpu         ] GC(1654) User=0.00s Sys=0.00s Real=0.00s
[420.288s][info][gc,start       ] GC(1655) Pause Young (Allocation Failure)
[420.289s][info][gc,heap        ] GC(1655) PSYoungGen: 96256K(96768K)->768K(94208K) Eden: 95744K(95744K)->0K(93184K) From: 512K(1024K)->768K(1024K)
[420.289s][info][gc,heap        ] GC(1655) ParOldGen: 350956K(430080K)->350980K(430080K)
[420.289s][info][gc,metaspace   ] GC(1655) Metaspace: 6132K(6208K)->6132K(6208K) NonClass: 5649K(5696K)->5649K(5696K) Class: 483K(512K)->483K(512K)
[420.289s][info][gc             ] GC(1655) Pause Young (Allocation Failure) 436M->343M(512M) 1.385ms
[420.289s][info][gc,cpu         ] GC(1655) User=0.00s Sys=0.00s Real=0.00s
[420.455s][info][gc,start       ] GC(1656) Pause Young (Allocation Failure)
[420.456s][info][gc,heap        ] GC(1656) PSYoungGen: 93952K(94208K)->800K(91648K) Eden: 93184K(93184K)->0K(90624K) From: 768K(1024K)->800K(1024K)
[420.456s][info][gc,heap        ] GC(1656) ParOldGen: 350980K(430080K)->350980K(430080K)
[420.456s][info][gc,metaspace   ] GC(1656) Metaspace: 6132K(6208K)->6132K(6208K) NonClass: 5649K(5696K)->5649K(5696K) Class: 483K(512K)->483K(512K)
[420.456s][info][gc             ] GC(1656) Pause Young (Allocation Failure) 434M->343M(509M) 1.447ms
[420.456s][info][gc,cpu         ] GC(1656) User=0.00s Sys=0.00s Real=0.00s
[420.622s][info][gc,start       ] GC(1657) Pause Young (Allocation Failure)
[420.624s][info][gc,heap        ] GC(1657) PSYoungGen: 91424K(91648K)->498K(88576K) Eden: 90624K(90624K)->0K(88064K) From: 800K(1024K)->498K(512K)
[420.624s][info][gc,heap        ] GC(1657) ParOldGen: 350980K(430080K)->351116K(430080K)
[420.624s][info][gc,metaspace   ] GC(1657) Metaspace: 6132K(6208K)->6132K(6208K) NonClass: 5649K(5696K)->5649K(5696K) Class: 483K(512K)->483K(512K)
[420.624s][info][gc             ] GC(1657) Pause Young (Allocation Failure) 432M->343M(506M) 2.271ms
[420.624s][info][gc,cpu         ] GC(1657) User=0.00s Sys=0.00s Real=0.00s
[420.797s][info][gc,start       ] GC(1658) Pause Young (Allocation Failure)
[420.798s][info][gc,heap        ] GC(1658) PSYoungGen: 88562K(88576K)->773K(87040K) Eden: 88064K(88064K)->0K(86016K) From: 498K(512K)->773K(1024K)
[420.798s][info][gc,heap        ] GC(1658) ParOldGen: 351116K(430080K)->351116K(430080K)
[420.798s][info][gc,metaspace   ] GC(1658) Metaspace: 6132K(6208K)->6132K(6208K) NonClass: 5649K(5696K)->5649K(5696K) Class: 483K(512K)->483K(512K)
[420.798s][info][gc             ] GC(1658) Pause Young (Allocation Failure) 429M->343M(505M) 1.346ms
[420.798s][info][gc,cpu         ] GC(1658) User=0.01s Sys=0.00s Real=0.00s
[420.962s][info][gc,start       ] GC(1659) Pause Young (Allocation Failure)
[420.964s][info][gc,heap        ] GC(1659) PSYoungGen: 86789K(87040K)->768K(313344K) Eden: 86016K(86016K)->0K(312320K) From: 773K(1024K)->768K(1024K)
[420.965s][info][gc,heap        ] GC(1659) ParOldGen: 351116K(430080K)->351164K(430080K)
[420.965s][info][gc,metaspace   ] GC(1659) Metaspace: 6132K(6208K)->6132K(6208K) NonClass: 5649K(5696K)->5649K(5696K) Class: 483K(512K)->483K(512K)
[420.965s][info][gc             ] GC(1659) Pause Young (Allocation Failure) 427M->343M(726M) 2.567ms
[420.965s][info][gc,cpu         ] GC(1659) User=0.00s Sys=0.00s Real=0.00s
[421.846s][info][gc,start       ] GC(1660) Pause Young (Allocation Failure)
[421.850s][info][gc,heap        ] GC(1660) PSYoungGen: 313088K(313344K)->818K(300544K) Eden: 312320K(312320K)->0K(299520K) From: 768K(1024K)->818K(1024K)
[421.850s][info][gc,heap        ] GC(1660) ParOldGen: 351164K(430080K)->351164K(430080K)
[421.850s][info][gc,metaspace   ] GC(1660) Metaspace: 6132K(6208K)->6132K(6208K) NonClass: 5649K(5696K)->5649K(5696K) Class: 483K(512K)->483K(512K)
[421.850s][info][gc             ] GC(1660) Pause Young (Allocation Failure) 648M->343M(713M) 3.865ms
[421.850s][info][gc,cpu         ] GC(1660) User=0.01s Sys=0.00s Real=0.00s
[422.620s][info][gc,start       ] GC(1661) Pause Young (Allocation Failure)
[422.622s][info][gc,heap        ] GC(1661) PSYoungGen: 300338K(300544K)->498K(288256K) Eden: 299520K(299520K)->0K(287744K) From: 818K(1024K)->498K(512K)
[422.622s][info][gc,heap        ] GC(1661) ParOldGen: 351164K(430080K)->351260K(430080K)
[422.622s][info][gc,metaspace   ] GC(1661) Metaspace: 6132K(6208K)->6132K(6208K) NonClass: 5649K(5696K)->5649K(5696K) Class: 483K(512K)->483K(512K)
[422.622s][info][gc             ] GC(1661) Pause Young (Allocation Failure) 636M->343M(701M) 2.111ms
[422.622s][info][gc,cpu         ] GC(1661) User=0.00s Sys=0.00s Real=0.01s
[423.165s][info][gc,start       ] GC(1662) Pause Young (Allocation Failure)
[423.168s][info][gc,heap        ] GC(1662) PSYoungGen: 288242K(288256K)->818K(277504K) Eden: 287744K(287744K)->0K(276480K) From: 498K(512K)->818K(1024K)
[423.168s][info][gc,heap        ] GC(1662) ParOldGen: 351260K(430080K)->351260K(430080K)
[423.168s][info][gc,metaspace   ] GC(1662) Metaspace: 6132K(6208K)->6132K(6208K) NonClass: 5649K(5696K)->5649K(5696K) Class: 483K(512K)->483K(512K)
[423.168s][info][gc             ] GC(1662) Pause Young (Allocation Failure) 624M->343M(691M) 3.622ms
[423.168s][info][gc,cpu         ] GC(1662) User=0.00s Sys=0.00s Real=0.00s
[423.786s][info][gc,start       ] GC(1663) Pause Young (Allocation Failure)
[423.789s][info][gc,heap        ] GC(1663) PSYoungGen: 277298K(277504K)->786K(266752K) Eden: 276480K(276480K)->0K(265728K) From: 818K(1024K)->786K(1024K)
[423.789s][info][gc,heap        ] GC(1663) ParOldGen: 351260K(430080K)->351308K(430080K)
[423.789s][info][gc,metaspace   ] GC(1663) Metaspace: 6132K(6208K)->6132K(6208K) NonClass: 5649K(5696K)->5649K(5696K) Class: 483K(512K)->483K(512K)
[423.789s][info][gc             ] GC(1663) Pause Young (Allocation Failure) 613M->343M(680M) 3.124ms
[423.789s][info][gc,cpu         ] GC(1663) User=0.00s Sys=0.00s Real=0.00s
[424.306s][info][gc,start       ] GC(1664) Pause Young (Allocation Failure)
[424.309s][info][gc,heap        ] GC(1664) PSYoungGen: 266514K(266752K)->626K(256512K) Eden: 265728K(265728K)->0K(255488K) From: 786K(1024K)->626K(1024K)
[424.309s][info][gc,heap        ] GC(1664) ParOldGen: 351308K(430080K)->351316K(430080K)
[424.309s][info][gc,metaspace   ] GC(1664) Metaspace: 6132K(6208K)->6132K(6208K) NonClass: 5649K(5696K)->5649K(5696K) Class: 483K(512K)->483K(512K)
[424.309s][info][gc             ] GC(1664) Pause Young (Allocation Failure) 603M->343M(670M) 2.339ms
[424.309s][info][gc,cpu         ] GC(1664) User=0.00s Sys=0.00s Real=0.00s
[424.816s][info][gc,start       ] GC(1665) Pause Young (Allocation Failure)
[424.821s][info][gc,heap        ] GC(1665) PSYoungGen: 256114K(256512K)->498K(246272K) Eden: 255488K(255488K)->0K(245760K) From: 626K(1024K)->498K(512K)
[424.821s][info][gc,heap        ] GC(1665) ParOldGen: 351316K(430080K)->351596K(430080K)
[424.821s][info][gc,metaspace   ] GC(1665) Metaspace: 6132K(6208K)->6132K(6208K) NonClass: 5649K(5696K)->5649K(5696K) Class: 483K(512K)->483K(512K)
[424.821s][info][gc             ] GC(1665) Pause Young (Allocation Failure) 593M->343M(660M) 4.559ms
[424.821s][info][gc,cpu         ] GC(1665) User=0.01s Sys=0.00s Real=0.01s
[425.301s][info][gc,start       ] GC(1666) Pause Young (Allocation Failure)
[425.302s][info][gc,heap        ] GC(1666) PSYoungGen: 246258K(246272K)->800K(237568K) Eden: 245760K(245760K)->0K(236544K) From: 498K(512K)->800K(1024K)
[425.302s][info][gc,heap        ] GC(1666) ParOldGen: 351596K(430080K)->351596K(430080K)
[425.302s][info][gc,metaspace   ] GC(1666) Metaspace: 6132K(6208K)->6132K(6208K) NonClass: 5649K(5696K)->5649K(5696K) Class: 483K(512K)->483K(512K)
[425.302s][info][gc             ] GC(1666) Pause Young (Allocation Failure) 583M->344M(652M) 1.710ms
[425.302s][info][gc,cpu         ] GC(1666) User=0.01s Sys=0.00s Real=0.00s
[425.792s][info][gc,start       ] GC(1667) Pause Young (Allocation Failure)
[425.794s][info][gc,heap        ] GC(1667) PSYoungGen: 237344K(237568K)->704K(228352K) Eden: 236544K(236544K)->0K(227328K) From: 800K(1024K)->704K(1024K)
[425.794s][info][gc,heap        ] GC(1667) ParOldGen: 351596K(430080K)->351628K(430080K)
[425.794s][info][gc,metaspace   ] GC(1667) Metaspace: 6132K(6208K)->6132K(6208K) NonClass: 5649K(5696K)->5649K(5696K) Class: 483K(512K)->483K(512K)
[425.794s][info][gc             ] GC(1667) Pause Young (Allocation Failure) 575M->344M(643M) 1.448ms
[425.794s][info][gc,cpu         ] GC(1667) User=0.00s Sys=0.00s Real=0.00s
[426.302s][info][gc,start       ] GC(1668) Pause Young (Allocation Failure)
[426.303s][info][gc,heap        ] GC(1668) PSYoungGen: 228032K(228352K)->768K(219648K) Eden: 227328K(227328K)->0K(218624K) From: 704K(1024K)->768K(1024K)
[426.304s][info][gc,heap        ] GC(1668) ParOldGen: 351628K(430080K)->351628K(430080K)
[426.304s][info][gc,metaspace   ] GC(1668) Metaspace: 6132K(6208K)->6132K(6208K) NonClass: 5649K(5696K)->5649K(5696K) Class: 483K(512K)->483K(512K)
[426.304s][info][gc             ] GC(1668) Pause Young (Allocation Failure) 566M->344M(634M) 1.981ms
[426.304s][info][gc,cpu         ] GC(1668) User=0.00s Sys=0.00s Real=0.00s
[427.013s][info][gc,start       ] GC(1669) Pause Young (Allocation Failure)
[427.014s][info][gc,heap        ] GC(1669) PSYoungGen: 219392K(219648K)->498K(210944K) Eden: 218624K(218624K)->0K(210432K) From: 768K(1024K)->498K(512K)
[427.014s][info][gc,heap        ] GC(1669) ParOldGen: 351628K(430080K)->351732K(430080K)
[427.014s][info][gc,metaspace   ] GC(1669) Metaspace: 6132K(6208K)->6132K(6208K) NonClass: 5649K(5696K)->5649K(5696K) Class: 483K(512K)->483K(512K)
[427.014s][info][gc             ] GC(1669) Pause Young (Allocation Failure) 557M->343M(626M) 1.697ms
[427.014s][info][gc,cpu         ] GC(1669) User=0.00s Sys=0.00s Real=0.00s
[427.464s][info][gc,start       ] GC(1670) Pause Young (Allocation Failure)
[427.466s][info][gc,heap        ] GC(1670) PSYoungGen: 210930K(210944K)->805K(203776K) Eden: 210432K(210432K)->0K(202752K) From: 498K(512K)->805K(1024K)
[427.467s][info][gc,heap        ] GC(1670) ParOldGen: 351732K(430080K)->351732K(430080K)
[427.467s][info][gc,metaspace   ] GC(1670) Metaspace: 6132K(6208K)->6132K(6208K) NonClass: 5649K(5696K)->5649K(5696K) Class: 483K(512K)->483K(512K)
[427.467s][info][gc             ] GC(1670) Pause Young (Allocation Failure) 549M->344M(619M) 2.796ms
[427.467s][info][gc,cpu         ] GC(1670) User=0.00s Sys=0.01s Real=0.00s
[427.921s][info][gc,start       ] GC(1671) Pause Young (Allocation Failure)
[427.923s][info][gc,heap        ] GC(1671) PSYoungGen: 203557K(203776K)->320K(196096K) Eden: 202752K(202752K)->0K(195584K) From: 805K(1024K)->320K(512K)
[427.923s][info][gc,heap        ] GC(1671) ParOldGen: 351732K(430080K)->351780K(430080K)
[427.923s][info][gc,metaspace   ] GC(1671) Metaspace: 6132K(6208K)->6132K(6208K) NonClass: 5649K(5696K)->5649K(5696K) Class: 483K(512K)->483K(512K)
[427.923s][info][gc             ] GC(1671) Pause Young (Allocation Failure) 542M->343M(611M) 2.004ms
[427.923s][info][gc,cpu         ] GC(1671) User=0.00s Sys=0.00s Real=0.00s
[428.382s][info][gc,start       ] GC(1672) Pause Young (Allocation Failure)
[428.384s][info][gc,heap        ] GC(1672) PSYoungGen: 195904K(196096K)->690K(189440K) Eden: 195584K(195584K)->0K(188416K) From: 320K(512K)->690K(1024K)
[428.384s][info][gc,heap        ] GC(1672) ParOldGen: 351780K(430080K)->351780K(430080K)
[428.384s][info][gc,metaspace   ] GC(1672) Metaspace: 6132K(6208K)->6132K(6208K) NonClass: 5649K(5696K)->5649K(5696K) Class: 483K(512K)->483K(512K)
[428.384s][info][gc             ] GC(1672) Pause Young (Allocation Failure) 534M->344M(605M) 2.310ms
[428.384s][info][gc,cpu         ] GC(1672) User=0.00s Sys=0.00s Real=0.00s
[428.802s][info][gc,start       ] GC(1673) Pause Young (Allocation Failure)
[428.805s][info][gc,heap        ] GC(1673) PSYoungGen: 189106K(189440K)->658K(182784K) Eden: 188416K(188416K)->0K(181760K) From: 690K(1024K)->658K(1024K)
[428.805s][info][gc,heap        ] GC(1673) ParOldGen: 351780K(430080K)->351780K(430080K)
[428.805s][info][gc,metaspace   ] GC(1673) Metaspace: 6132K(6208K)->6132K(6208K) NonClass: 5649K(5696K)->5649K(5696K) Class: 483K(512K)->483K(512K)
[428.805s][info][gc             ] GC(1673) Pause Young (Allocation Failure) 528M->344M(598M) 2.525ms
[428.805s][info][gc,cpu         ] GC(1673) User=0.00s Sys=0.00s Real=0.00s
[429.187s][info][gc,start       ] GC(1674) Pause Young (Allocation Failure)
[429.189s][info][gc,heap        ] GC(1674) PSYoungGen: 182418K(182784K)->672K(176128K) Eden: 181760K(181760K)->0K(175104K) From: 658K(1024K)->672K(1024K)
[429.189s][info][gc,heap        ] GC(1674) ParOldGen: 351780K(430080K)->351780K(430080K)
[429.189s][info][gc,metaspace   ] GC(1674) Metaspace: 6132K(6208K)->6132K(6208K) NonClass: 5649K(5696K)->5649K(5696K) Class: 483K(512K)->483K(512K)
[429.189s][info][gc             ] GC(1674) Pause Young (Allocation Failure) 521M->344M(592M) 1.396ms
[429.189s][info][gc,cpu         ] GC(1674) User=0.00s Sys=0.00s Real=0.00s
[429.512s][info][gc,start       ] GC(1675) Pause Young (Allocation Failure)
[429.514s][info][gc,heap        ] GC(1675) PSYoungGen: 175776K(176128K)->512K(169472K) Eden: 175104K(175104K)->0K(168960K) From: 672K(1024K)->512K(512K)
[429.514s][info][gc,heap        ] GC(1675) ParOldGen: 351780K(430080K)->351924K(430080K)
[429.514s][info][gc,metaspace   ] GC(1675) Metaspace: 6132K(6208K)->6132K(6208K) NonClass: 5649K(5696K)->5649K(5696K) Class: 483K(512K)->483K(512K)
[429.514s][info][gc             ] GC(1675) Pause Young (Allocation Failure) 515M->344M(585M) 1.501ms
[429.514s][info][gc,cpu         ] GC(1675) User=0.00s Sys=0.00s Real=0.00s
[429.852s][info][gc,start       ] GC(1676) Pause Young (Allocation Failure)
[429.854s][info][gc,heap        ] GC(1676) PSYoungGen: 169472K(169472K)->736K(164352K) Eden: 168960K(168960K)->0K(163328K) From: 512K(512K)->736K(1024K)
[429.854s][info][gc,heap        ] GC(1676) ParOldGen: 351924K(430080K)->351924K(430080K)
[429.854s][info][gc,metaspace   ] GC(1676) Metaspace: 6132K(6208K)->6132K(6208K) NonClass: 5649K(5696K)->5649K(5696K) Class: 483K(512K)->483K(512K)
[429.854s][info][gc             ] GC(1676) Pause Young (Allocation Failure) 509M->344M(580M) 2.519ms
[429.854s][info][gc,cpu         ] GC(1676) User=0.00s Sys=0.00s Real=0.00s
[430.162s][info][gc,start       ] GC(1677) Pause Young (Allocation Failure)
[430.165s][info][gc,heap        ] GC(1677) PSYoungGen: 164064K(164352K)->640K(158720K) Eden: 163328K(163328K)->0K(157696K) From: 736K(1024K)->640K(1024K)
[430.165s][info][gc,heap        ] GC(1677) ParOldGen: 351924K(430080K)->351964K(430080K)
[430.165s][info][gc,metaspace   ] GC(1677) Metaspace: 6132K(6208K)->6132K(6208K) NonClass: 5649K(5696K)->5649K(5696K) Class: 483K(512K)->483K(512K)
[430.165s][info][gc             ] GC(1677) Pause Young (Allocation Failure) 503M->344M(575M) 2.426ms
[430.165s][info][gc,cpu         ] GC(1677) User=0.00s Sys=0.00s Real=0.00s
[430.465s][info][gc,start       ] GC(1678) Pause Young (Allocation Failure)
[430.467s][info][gc,heap        ] GC(1678) PSYoungGen: 158336K(158720K)->800K(153600K) Eden: 157696K(157696K)->0K(152576K) From: 640K(1024K)->800K(1024K)
[430.467s][info][gc,heap        ] GC(1678) ParOldGen: 351964K(430080K)->351964K(430080K)
[430.467s][info][gc,metaspace   ] GC(1678) Metaspace: 6132K(6208K)->6132K(6208K) NonClass: 5649K(5696K)->5649K(5696K) Class: 483K(512K)->483K(512K)
[430.467s][info][gc             ] GC(1678) Pause Young (Allocation Failure) 498M->344M(570M) 1.694ms
[430.467s][info][gc,cpu         ] GC(1678) User=0.00s Sys=0.00s Real=0.00s
[430.758s][info][gc,start       ] GC(1679) Pause Young (Allocation Failure)
[430.759s][info][gc,heap        ] GC(1679) PSYoungGen: 153376K(153600K)->384K(147968K) Eden: 152576K(152576K)->0K(147456K) From: 800K(1024K)->384K(512K)
[430.759s][info][gc,heap        ] GC(1679) ParOldGen: 351964K(430080K)->351964K(430080K)
[430.759s][info][gc,metaspace   ] GC(1679) Metaspace: 6132K(6208K)->6132K(6208K) NonClass: 5649K(5696K)->5649K(5696K) Class: 483K(512K)->483K(512K)
[430.759s][info][gc             ] GC(1679) Pause Young (Allocation Failure) 493M->344M(564M) 1.155ms
[430.759s][info][gc,cpu         ] GC(1679) User=0.00s Sys=0.00s Real=0.00s
[431.041s][info][gc,start       ] GC(1680) Pause Young (Allocation Failure)
[431.042s][info][gc,heap        ] GC(1680) PSYoungGen: 147840K(147968K)->640K(143872K) Eden: 147456K(147456K)->0K(142848K) From: 384K(512K)->640K(1024K)
[431.042s][info][gc,heap        ] GC(1680) ParOldGen: 351964K(430080K)->351964K(430080K)
[431.042s][info][gc,metaspace   ] GC(1680) Metaspace: 6132K(6208K)->6132K(6208K) NonClass: 5649K(5696K)->5649K(5696K) Class: 483K(512K)->483K(512K)
[431.042s][info][gc             ] GC(1680) Pause Young (Allocation Failure) 488M->344M(560M) 1.191ms
[431.042s][info][gc,cpu         ] GC(1680) User=0.00s Sys=0.00s Real=0.00s
[431.343s][info][gc,start       ] GC(1681) Pause Young (Allocation Failure)
[431.344s][info][gc,heap        ] GC(1681) PSYoungGen: 143488K(143872K)->672K(139264K) Eden: 142848K(142848K)->0K(138240K) From: 640K(1024K)->672K(1024K)
[431.344s][info][gc,heap        ] GC(1681) ParOldGen: 351964K(430080K)->351964K(430080K)
[431.344s][info][gc,metaspace   ] GC(1681) Metaspace: 6132K(6208K)->6132K(6208K) NonClass: 5649K(5696K)->5649K(5696K) Class: 483K(512K)->483K(512K)
[431.344s][info][gc             ] GC(1681) Pause Young (Allocation Failure) 483M->344M(556M) 1.229ms
[431.344s][info][gc,cpu         ] GC(1681) User=0.00s Sys=0.00s Real=0.00s
[431.586s][info][gc,start       ] GC(1682) Pause Young (Allocation Failure)
[431.587s][info][gc,heap        ] GC(1682) PSYoungGen: 138912K(139264K)->640K(134656K) Eden: 138240K(138240K)->0K(133632K) From: 672K(1024K)->640K(1024K)
[431.587s][info][gc,heap        ] GC(1682) ParOldGen: 351964K(430080K)->351964K(430080K)
[431.587s][info][gc,metaspace   ] GC(1682) Metaspace: 6132K(6208K)->6132K(6208K) NonClass: 5649K(5696K)->5649K(5696K) Class: 483K(512K)->483K(512K)
[431.587s][info][gc             ] GC(1682) Pause Young (Allocation Failure) 479M->344M(551M) 1.194ms
[431.587s][info][gc,cpu         ] GC(1682) User=0.00s Sys=0.00s Real=0.00s
[431.824s][info][gc,start       ] GC(1683) Pause Young (Allocation Failure)
[431.826s][info][gc,heap        ] GC(1683) PSYoungGen: 134272K(134656K)->512K(130048K) Eden: 133632K(133632K)->0K(129536K) From: 640K(1024K)->512K(512K)
[431.826s][info][gc,heap        ] GC(1683) ParOldGen: 351964K(430080K)->352140K(430080K)
[431.826s][info][gc,metaspace   ] GC(1683) Metaspace: 6132K(6208K)->6132K(6208K) NonClass: 5649K(5696K)->5649K(5696K) Class: 483K(512K)->483K(512K)
[431.826s][info][gc             ] GC(1683) Pause Young (Allocation Failure) 474M->344M(547M) 1.365ms
[431.826s][info][gc,cpu         ] GC(1683) User=0.00s Sys=0.00s Real=0.00s
[432.078s][info][gc,start       ] GC(1684) Pause Young (Allocation Failure)
[432.080s][info][gc,heap        ] GC(1684) PSYoungGen: 130048K(130048K)->754K(126464K) Eden: 129536K(129536K)->0K(125440K) From: 512K(512K)->754K(1024K)
[432.080s][info][gc,heap        ] GC(1684) ParOldGen: 352140K(430080K)->352140K(430080K)
[432.080s][info][gc,metaspace   ] GC(1684) Metaspace: 6132K(6208K)->6132K(6208K) NonClass: 5649K(5696K)->5649K(5696K) Class: 483K(512K)->483K(512K)
[432.080s][info][gc             ] GC(1684) Pause Young (Allocation Failure) 470M->344M(543M) 1.599ms
[432.080s][info][gc,cpu         ] GC(1684) User=0.01s Sys=0.00s Real=0.00s
[432.345s][info][gc,start       ] GC(1685) Pause Young (Allocation Failure)
[432.346s][info][gc,heap        ] GC(1685) PSYoungGen: 126194K(126464K)->704K(122368K) Eden: 125440K(125440K)->0K(121344K) From: 754K(1024K)->704K(1024K)
[432.346s][info][gc,heap        ] GC(1685) ParOldGen: 352140K(430080K)->352180K(430080K)
[432.346s][info][gc,metaspace   ] GC(1685) Metaspace: 6132K(6208K)->6132K(6208K) NonClass: 5649K(5696K)->5649K(5696K) Class: 483K(512K)->483K(512K)
[432.346s][info][gc             ] GC(1685) Pause Young (Allocation Failure) 467M->344M(539M) 1.652ms
[432.346s][info][gc,cpu         ] GC(1685) User=0.01s Sys=0.00s Real=0.00s
[432.595s][info][gc,start       ] GC(1686) Pause Young (Allocation Failure)
[432.597s][info][gc,heap        ] GC(1686) PSYoungGen: 122048K(122368K)->640K(118784K) Eden: 121344K(121344K)->0K(117760K) From: 704K(1024K)->640K(1024K)
[432.597s][info][gc,heap        ] GC(1686) ParOldGen: 352180K(430080K)->352180K(430080K)
[432.597s][info][gc,metaspace   ] GC(1686) Metaspace: 6132K(6208K)->6132K(6208K) NonClass: 5649K(5696K)->5649K(5696K) Class: 483K(512K)->483K(512K)
[432.597s][info][gc             ] GC(1686) Pause Young (Allocation Failure) 463M->344M(536M) 1.380ms
[432.597s][info][gc,cpu         ] GC(1686) User=0.00s Sys=0.00s Real=0.00s
[432.886s][info][gc,start       ] GC(1687) Pause Young (Allocation Failure)
[432.888s][info][gc,heap        ] GC(1687) PSYoungGen: 118400K(118784K)->512K(114688K) Eden: 117760K(117760K)->0K(114176K) From: 640K(1024K)->512K(512K)
[432.891s][info][gc,heap        ] GC(1687) ParOldGen: 352180K(430080K)->352348K(430080K)
[432.891s][info][gc,metaspace   ] GC(1687) Metaspace: 6132K(6208K)->6132K(6208K) NonClass: 5649K(5696K)->5649K(5696K) Class: 483K(512K)->483K(512K)
[432.891s][info][gc             ] GC(1687) Pause Young (Allocation Failure) 459M->344M(532M) 4.142ms
[432.891s][info][gc,cpu         ] GC(1687) User=0.00s Sys=0.00s Real=0.01s
[433.164s][info][gc,start       ] GC(1688) Pause Young (Allocation Failure)
[433.166s][info][gc,heap        ] GC(1688) PSYoungGen: 114688K(114688K)->722K(111616K) Eden: 114176K(114176K)->0K(110592K) From: 512K(512K)->722K(1024K)
[433.166s][info][gc,heap        ] GC(1688) ParOldGen: 352348K(430080K)->352348K(430080K)
[433.166s][info][gc,metaspace   ] GC(1688) Metaspace: 6132K(6208K)->6132K(6208K) NonClass: 5649K(5696K)->5649K(5696K) Class: 483K(512K)->483K(512K)
[433.166s][info][gc             ] GC(1688) Pause Young (Allocation Failure) 456M->344M(529M) 2.543ms
[433.166s][info][gc,cpu         ] GC(1688) User=0.00s Sys=0.00s Real=0.00s
[433.419s][info][gc,start       ] GC(1689) Pause Young (Allocation Failure)
[433.421s][info][gc,heap        ] GC(1689) PSYoungGen: 111314K(111616K)->672K(108544K) Eden: 110592K(110592K)->0K(107520K) From: 722K(1024K)->672K(1024K)
[433.421s][info][gc,heap        ] GC(1689) ParOldGen: 352348K(430080K)->352388K(430080K)
[433.421s][info][gc,metaspace   ] GC(1689) Metaspace: 6132K(6208K)->6132K(6208K) NonClass: 5649K(5696K)->5649K(5696K) Class: 483K(512K)->483K(512K)
[433.421s][info][gc             ] GC(1689) Pause Young (Allocation Failure) 452M->344M(526M) 2.418ms
[433.421s][info][gc,cpu         ] GC(1689) User=0.00s Sys=0.00s Real=0.01s
[433.669s][info][gc,start       ] GC(1690) Pause Young (Allocation Failure)
[433.671s][info][gc,heap        ] GC(1690) PSYoungGen: 108192K(108544K)->690K(105472K) Eden: 107520K(107520K)->0K(104448K) From: 672K(1024K)->690K(1024K)
[433.671s][info][gc,heap        ] GC(1690) ParOldGen: 352388K(430080K)->352388K(430080K)
[433.671s][info][gc,metaspace   ] GC(1690) Metaspace: 6132K(6208K)->6132K(6208K) NonClass: 5649K(5696K)->5649K(5696K) Class: 483K(512K)->483K(512K)
[433.671s][info][gc             ] GC(1690) Pause Young (Allocation Failure) 449M->344M(523M) 2.552ms
[433.671s][info][gc,cpu         ] GC(1690) User=0.00s Sys=0.00s Real=0.01s
[433.898s][info][gc,start       ] GC(1691) Pause Young (Allocation Failure)
[433.900s][info][gc,heap        ] GC(1691) PSYoungGen: 105138K(105472K)->498K(101888K) Eden: 104448K(104448K)->0K(101376K) From: 690K(1024K)->498K(512K)
[433.900s][info][gc,heap        ] GC(1691) ParOldGen: 352388K(430080K)->352572K(430080K)
[433.900s][info][gc,metaspace   ] GC(1691) Metaspace: 6132K(6208K)->6132K(6208K) NonClass: 5649K(5696K)->5649K(5696K) Class: 483K(512K)->483K(512K)
[433.900s][info][gc             ] GC(1691) Pause Young (Allocation Failure) 446M->344M(519M) 2.456ms
[433.900s][info][gc,cpu         ] GC(1691) User=0.01s Sys=0.00s Real=0.00s
[434.103s][info][gc,start       ] GC(1692) Pause Young (Allocation Failure)
[434.106s][info][gc,heap        ] GC(1692) PSYoungGen: 101874K(101888K)->736K(99840K) Eden: 101376K(101376K)->0K(98816K) From: 498K(512K)->736K(1024K)
[434.106s][info][gc,heap        ] GC(1692) ParOldGen: 352572K(430080K)->352572K(430080K)
[434.106s][info][gc,metaspace   ] GC(1692) Metaspace: 6132K(6208K)->6132K(6208K) NonClass: 5649K(5696K)->5649K(5696K) Class: 483K(512K)->483K(512K)
[434.106s][info][gc             ] GC(1692) Pause Young (Allocation Failure) 443M->345M(517M) 2.855ms
[434.106s][info][gc,cpu         ] GC(1692) User=0.01s Sys=0.01s Real=0.00s
[434.280s][info][gc,start       ] GC(1693) Pause Young (Allocation Failure)
[434.282s][info][gc,heap        ] GC(1693) PSYoungGen: 99552K(99840K)->690K(119808K) Eden: 98816K(98816K)->0K(118784K) From: 736K(1024K)->690K(1024K)
[434.282s][info][gc,heap        ] GC(1693) ParOldGen: 352572K(430080K)->352596K(430080K)
[434.282s][info][gc,metaspace   ] GC(1693) Metaspace: 6132K(6208K)->6132K(6208K) NonClass: 5649K(5696K)->5649K(5696K) Class: 483K(512K)->483K(512K)
[434.282s][info][gc             ] GC(1693) Pause Young (Allocation Failure) 441M->345M(537M) 2.577ms
[434.282s][info][gc,cpu         ] GC(1693) User=0.00s Sys=0.00s Real=0.01s
[434.496s][info][gc,start       ] GC(1694) Pause Young (Allocation Failure)
[434.500s][info][gc,heap        ] GC(1694) PSYoungGen: 119474K(119808K)->722K(143872K) Eden: 118784K(118784K)->0K(142848K) From: 690K(1024K)->722K(1024K)
[434.500s][info][gc,heap        ] GC(1694) ParOldGen: 352596K(430080K)->352596K(430080K)
[434.500s][info][gc,metaspace   ] GC(1694) Metaspace: 6132K(6208K)->6132K(6208K) NonClass: 5649K(5696K)->5649K(5696K) Class: 483K(512K)->483K(512K)
[434.500s][info][gc             ] GC(1694) Pause Young (Allocation Failure) 461M->345M(560M) 3.476ms
[434.500s][info][gc,cpu         ] GC(1694) User=0.00s Sys=0.00s Real=0.00s
[434.762s][info][gc,start       ] GC(1695) Pause Young (Allocation Failure)
[434.764s][info][gc,heap        ] GC(1695) PSYoungGen: 143570K(143872K)->498K(172032K) Eden: 142848K(142848K)->0K(171520K) From: 722K(1024K)->498K(512K)
[434.764s][info][gc,heap        ] GC(1695) ParOldGen: 352596K(430080K)->352772K(430080K)
[434.764s][info][gc,metaspace   ] GC(1695) Metaspace: 6132K(6208K)->6132K(6208K) NonClass: 5649K(5696K)->5649K(5696K) Class: 483K(512K)->483K(512K)
[434.764s][info][gc             ] GC(1695) Pause Young (Allocation Failure) 484M->344M(588M) 2.253ms
[434.764s][info][gc,cpu         ] GC(1695) User=0.00s Sys=0.00s Real=0.00s
[435.067s][info][gc,start       ] GC(1696) Pause Young (Allocation Failure)
[435.068s][info][gc,heap        ] GC(1696) PSYoungGen: 172018K(172032K)->608K(166400K) Eden: 171520K(171520K)->0K(165376K) From: 498K(512K)->608K(1024K)
[435.068s][info][gc,heap        ] GC(1696) ParOldGen: 352772K(430080K)->352772K(430080K)
[435.068s][info][gc,metaspace   ] GC(1696) Metaspace: 6132K(6208K)->6132K(6208K) NonClass: 5649K(5696K)->5649K(5696K) Class: 483K(512K)->483K(512K)
[435.068s][info][gc             ] GC(1696) Pause Young (Allocation Failure) 512M->345M(582M) 1.511ms
[435.068s][info][gc,cpu         ] GC(1696) User=0.00s Sys=0.00s Real=0.00s
[435.356s][info][gc,start       ] GC(1697) Pause Young (Allocation Failure)
[435.358s][info][gc,heap        ] GC(1697) PSYoungGen: 165984K(166400K)->736K(160768K) Eden: 165376K(165376K)->0K(159744K) From: 608K(1024K)->736K(1024K)
[435.358s][info][gc,heap        ] GC(1697) ParOldGen: 352772K(430080K)->352796K(430080K)
[435.358s][info][gc,metaspace   ] GC(1697) Metaspace: 6132K(6208K)->6132K(6208K) NonClass: 5649K(5696K)->5649K(5696K) Class: 483K(512K)->483K(512K)
[435.358s][info][gc             ] GC(1697) Pause Young (Allocation Failure) 506M->345M(577M) 1.728ms
[435.358s][info][gc,cpu         ] GC(1697) User=0.00s Sys=0.00s Real=0.00s
[435.664s][info][gc,start       ] GC(1698) Pause Young (Allocation Failure)
[435.667s][info][gc,heap        ] GC(1698) PSYoungGen: 160480K(160768K)->690K(155136K) Eden: 159744K(159744K)->0K(154112K) From: 736K(1024K)->690K(1024K)
[435.667s][info][gc,heap        ] GC(1698) ParOldGen: 352796K(430080K)->352796K(430080K)
[435.667s][info][gc,metaspace   ] GC(1698) Metaspace: 6132K(6208K)->6132K(6208K) NonClass: 5649K(5696K)->5649K(5696K) Class: 483K(512K)->483K(512K)
[435.667s][info][gc             ] GC(1698) Pause Young (Allocation Failure) 501M->345M(571M) 3.128ms
[435.667s][info][gc,cpu         ] GC(1698) User=0.00s Sys=0.00s Real=0.00s
[435.944s][info][gc,start       ] GC(1699) Pause Young (Allocation Failure)
[435.946s][info][gc,heap        ] GC(1699) PSYoungGen: 154802K(155136K)->512K(149504K) Eden: 154112K(154112K)->0K(148992K) From: 690K(1024K)->512K(512K)
[435.946s][info][gc,heap        ] GC(1699) ParOldGen: 352796K(430080K)->353020K(430080K)
[435.946s][info][gc,metaspace   ] GC(1699) Metaspace: 6132K(6208K)->6132K(6208K) NonClass: 5649K(5696K)->5649K(5696K) Class: 483K(512K)->483K(512K)
[435.946s][info][gc             ] GC(1699) Pause Young (Allocation Failure) 495M->345M(566M) 1.997ms
[435.946s][info][gc,cpu         ] GC(1699) User=0.01s Sys=0.00s Real=0.00s
[436.229s][info][gc,start       ] GC(1700) Pause Young (Allocation Failure)
[436.232s][info][gc,heap        ] GC(1700) PSYoungGen: 149504K(149504K)->754K(144896K) Eden: 148992K(148992K)->0K(143872K) From: 512K(512K)->754K(1024K)
[436.232s][info][gc,heap        ] GC(1700) ParOldGen: 353020K(430080K)->353020K(430080K)
[436.232s][info][gc,metaspace   ] GC(1700) Metaspace: 6132K(6208K)->6132K(6208K) NonClass: 5649K(5696K)->5649K(5696K) Class: 483K(512K)->483K(512K)
[436.232s][info][gc             ] GC(1700) Pause Young (Allocation Failure) 490M->345M(561M) 2.607ms
[436.232s][info][gc,cpu         ] GC(1700) User=0.00s Sys=0.00s Real=0.01s
[436.513s][info][gc,start       ] GC(1701) Pause Young (Allocation Failure)
[436.516s][info][gc,heap        ] GC(1701) PSYoungGen: 144626K(144896K)->800K(140288K) Eden: 143872K(143872K)->0K(139264K) From: 754K(1024K)->800K(1024K)
[436.516s][info][gc,heap        ] GC(1701) ParOldGen: 353020K(430080K)->353036K(430080K)
[436.516s][info][gc,metaspace   ] GC(1701) Metaspace: 6132K(6208K)->6132K(6208K) NonClass: 5649K(5696K)->5649K(5696K) Class: 483K(512K)->483K(512K)
[436.516s][info][gc             ] GC(1701) Pause Young (Allocation Failure) 485M->345M(557M) 2.989ms
[436.516s][info][gc,cpu         ] GC(1701) User=0.00s Sys=0.00s Real=0.00s
[436.806s][info][gc,start       ] GC(1702) Pause Young (Allocation Failure)
[436.810s][info][gc,heap        ] GC(1702) PSYoungGen: 140064K(140288K)->818K(135680K) Eden: 139264K(139264K)->0K(134656K) From: 800K(1024K)->818K(1024K)
[436.810s][info][gc,heap        ] GC(1702) ParOldGen: 353036K(430080K)->353036K(430080K)
[436.810s][info][gc,metaspace   ] GC(1702) Metaspace: 6132K(6208K)->6132K(6208K) NonClass: 5649K(5696K)->5649K(5696K) Class: 483K(512K)->483K(512K)
[436.810s][info][gc             ] GC(1702) Pause Young (Allocation Failure) 481M->345M(552M) 3.820ms
[436.810s][info][gc,cpu         ] GC(1702) User=0.00s Sys=0.00s Real=0.00s
[437.081s][info][gc,start       ] GC(1703) Pause Young (Allocation Failure)
[437.084s][info][gc,heap        ] GC(1703) PSYoungGen: 135474K(135680K)->498K(131072K) Eden: 134656K(134656K)->0K(130560K) From: 818K(1024K)->498K(512K)
[437.084s][info][gc,heap        ] GC(1703) ParOldGen: 353036K(430080K)->353220K(430080K)
[437.084s][info][gc,metaspace   ] GC(1703) Metaspace: 6132K(6208K)->6132K(6208K) NonClass: 5649K(5696K)->5649K(5696K) Class: 483K(512K)->483K(512K)
[437.084s][info][gc             ] GC(1703) Pause Young (Allocation Failure) 477M->345M(548M) 2.329ms
[437.084s][info][gc,cpu         ] GC(1703) User=0.01s Sys=0.00s Real=0.00s
[437.336s][info][gc,start       ] GC(1704) Pause Young (Allocation Failure)
[437.339s][info][gc,heap        ] GC(1704) PSYoungGen: 131058K(131072K)->754K(127488K) Eden: 130560K(130560K)->0K(126464K) From: 498K(512K)->754K(1024K)
[437.339s][info][gc,heap        ] GC(1704) ParOldGen: 353220K(430080K)->353220K(430080K)
[437.339s][info][gc,metaspace   ] GC(1704) Metaspace: 6132K(6208K)->6132K(6208K) NonClass: 5649K(5696K)->5649K(5696K) Class: 483K(512K)->483K(512K)
[437.339s][info][gc             ] GC(1704) Pause Young (Allocation Failure) 472M->345M(544M) 2.564ms
[437.339s][info][gc,cpu         ] GC(1704) User=0.00s Sys=0.00s Real=0.00s
[437.532s][info][gc,start       ] GC(1705) Pause Young (Allocation Failure)
[437.534s][info][gc,heap        ] GC(1705) PSYoungGen: 127218K(127488K)->640K(123392K) Eden: 126464K(126464K)->0K(122368K) From: 754K(1024K)->640K(1024K)
[437.534s][info][gc,heap        ] GC(1705) ParOldGen: 353220K(430080K)->353244K(430080K)
[437.534s][info][gc,metaspace   ] GC(1705) Metaspace: 6132K(6208K)->6132K(6208K) NonClass: 5649K(5696K)->5649K(5696K) Class: 483K(512K)->483K(512K)
[437.534s][info][gc             ] GC(1705) Pause Young (Allocation Failure) 469M->345M(540M) 2.411ms
[437.534s][info][gc,cpu         ] GC(1705) User=0.01s Sys=0.00s Real=0.00s
[437.714s][info][gc,start       ] GC(1706) Pause Young (Allocation Failure)
[437.717s][info][gc,heap        ] GC(1706) PSYoungGen: 123008K(123392K)->722K(147968K) Eden: 122368K(122368K)->0K(146944K) From: 640K(1024K)->722K(1024K)
[437.717s][info][gc,heap        ] GC(1706) ParOldGen: 353244K(430080K)->353244K(430080K)
[437.717s][info][gc,metaspace   ] GC(1706) Metaspace: 6132K(6208K)->6132K(6208K) NonClass: 5649K(5696K)->5649K(5696K) Class: 483K(512K)->483K(512K)
[437.717s][info][gc             ] GC(1706) Pause Young (Allocation Failure) 465M->345M(564M) 3.802ms
[437.717s][info][gc,cpu         ] GC(1706) User=0.01s Sys=0.00s Real=0.00s
[437.945s][info][gc,start       ] GC(1707) Pause Young (Allocation Failure)
[437.947s][info][gc,heap        ] GC(1707) PSYoungGen: 147666K(147968K)->498K(177152K) Eden: 146944K(146944K)->0K(176640K) From: 722K(1024K)->498K(512K)
[437.947s][info][gc,heap        ] GC(1707) ParOldGen: 353244K(430080K)->353420K(430080K)
[437.947s][info][gc,metaspace   ] GC(1707) Metaspace: 6132K(6208K)->6132K(6208K) NonClass: 5649K(5696K)->5649K(5696K) Class: 483K(512K)->483K(512K)
[437.947s][info][gc             ] GC(1707) Pause Young (Allocation Failure) 489M->345M(593M) 2.288ms
[437.947s][info][gc,cpu         ] GC(1707) User=0.00s Sys=0.00s Real=0.00s
[438.253s][info][gc,start       ] GC(1708) Pause Young (Allocation Failure)
[438.255s][info][gc,heap        ] GC(1708) PSYoungGen: 177138K(177152K)->722K(212480K) Eden: 176640K(176640K)->0K(211456K) From: 498K(512K)->722K(1024K)
[438.255s][info][gc,heap        ] GC(1708) ParOldGen: 353420K(430080K)->353420K(430080K)
[438.255s][info][gc,metaspace   ] GC(1708) Metaspace: 6132K(6208K)->6132K(6208K) NonClass: 5649K(5696K)->5649K(5696K) Class: 483K(512K)->483K(512K)
[438.255s][info][gc             ] GC(1708) Pause Young (Allocation Failure) 518M->345M(627M) 2.428ms
[438.255s][info][gc,cpu         ] GC(1708) User=0.00s Sys=0.00s Real=0.00s
[438.590s][info][gc,start       ] GC(1709) Pause Young (Allocation Failure)
[438.592s][info][gc,heap        ] GC(1709) PSYoungGen: 212178K(212480K)->690K(204800K) Eden: 211456K(211456K)->0K(203776K) From: 722K(1024K)->690K(1024K)
[438.592s][info][gc,heap        ] GC(1709) ParOldGen: 353420K(430080K)->353444K(430080K)
[438.592s][info][gc,metaspace   ] GC(1709) Metaspace: 6132K(6208K)->6132K(6208K) NonClass: 5649K(5696K)->5649K(5696K) Class: 483K(512K)->483K(512K)
[438.592s][info][gc             ] GC(1709) Pause Young (Allocation Failure) 552M->345M(620M) 2.376ms
[438.592s][info][gc,cpu         ] GC(1709) User=0.01s Sys=0.00s Real=0.01s
[438.855s][info][gc,start       ] GC(1710) Pause Young (Allocation Failure)
[438.857s][info][gc,heap        ] GC(1710) PSYoungGen: 204466K(204800K)->658K(197120K) Eden: 203776K(203776K)->0K(196096K) From: 690K(1024K)->658K(1024K)
[438.857s][info][gc,heap        ] GC(1710) ParOldGen: 353444K(430080K)->353444K(430080K)
[438.858s][info][gc,metaspace   ] GC(1710) Metaspace: 6132K(6208K)->6132K(6208K) NonClass: 5649K(5696K)->5649K(5696K) Class: 483K(512K)->483K(512K)
[438.858s][info][gc             ] GC(1710) Pause Young (Allocation Failure) 544M->345M(612M) 2.568ms
[438.858s][info][gc,cpu         ] GC(1710) User=0.00s Sys=0.00s Real=0.00s
[439.134s][info][gc,start       ] GC(1711) Pause Young (Allocation Failure)
[439.136s][info][gc,heap        ] GC(1711) PSYoungGen: 196754K(197120K)->498K(189440K) Eden: 196096K(196096K)->0K(188928K) From: 658K(1024K)->498K(512K)
[439.136s][info][gc,heap        ] GC(1711) ParOldGen: 353444K(430080K)->353660K(430080K)
[439.136s][info][gc,metaspace   ] GC(1711) Metaspace: 6132K(6208K)->6132K(6208K) NonClass: 5649K(5696K)->5649K(5696K) Class: 483K(512K)->483K(512K)
[439.136s][info][gc             ] GC(1711) Pause Young (Allocation Failure) 537M->345M(605M) 2.542ms
[439.136s][info][gc,cpu         ] GC(1711) User=0.00s Sys=0.00s Real=0.00s
[439.413s][info][gc,start       ] GC(1712) Pause Young (Allocation Failure)
[439.415s][info][gc,heap        ] GC(1712) PSYoungGen: 189426K(189440K)->818K(183296K) Eden: 188928K(188928K)->0K(182272K) From: 498K(512K)->818K(1024K)
[439.415s][info][gc,heap        ] GC(1712) ParOldGen: 353660K(430080K)->353660K(430080K)
[439.416s][info][gc,metaspace   ] GC(1712) Metaspace: 6132K(6208K)->6132K(6208K) NonClass: 5649K(5696K)->5649K(5696K) Class: 483K(512K)->483K(512K)
[439.416s][info][gc             ] GC(1712) Pause Young (Allocation Failure) 530M->346M(599M) 2.707ms
[439.416s][info][gc,cpu         ] GC(1712) User=0.00s Sys=0.00s Real=0.00s
[439.733s][info][gc,start       ] GC(1713) Pause Young (Allocation Failure)
[439.736s][info][gc,heap        ] GC(1713) PSYoungGen: 183090K(183296K)->768K(176640K) Eden: 182272K(182272K)->0K(175616K) From: 818K(1024K)->768K(1024K)
[439.736s][info][gc,heap        ] GC(1713) ParOldGen: 353660K(430080K)->353684K(430080K)
[439.736s][info][gc,metaspace   ] GC(1713) Metaspace: 6132K(6208K)->6132K(6208K) NonClass: 5649K(5696K)->5649K(5696K) Class: 483K(512K)->483K(512K)
[439.736s][info][gc             ] GC(1713) Pause Young (Allocation Failure) 524M->346M(592M) 3.288ms
[439.736s][info][gc,cpu         ] GC(1713) User=0.00s Sys=0.00s Real=0.00s
[440.064s][info][gc,start       ] GC(1714) Pause Young (Allocation Failure)
[440.066s][info][gc,heap        ] GC(1714) PSYoungGen: 176384K(176640K)->690K(170496K) Eden: 175616K(175616K)->0K(169472K) From: 768K(1024K)->690K(1024K)
[440.066s][info][gc,heap        ] GC(1714) ParOldGen: 353684K(430080K)->353684K(430080K)
[440.066s][info][gc,metaspace   ] GC(1714) Metaspace: 6132K(6208K)->6132K(6208K) NonClass: 5649K(5696K)->5649K(5696K) Class: 483K(512K)->483K(512K)
[440.066s][info][gc             ] GC(1714) Pause Young (Allocation Failure) 517M->346M(586M) 2.287ms
[440.066s][info][gc,cpu         ] GC(1714) User=0.00s Sys=0.00s Real=0.00s
[440.354s][info][gc,start       ] GC(1715) Pause Young (Allocation Failure)
[440.356s][info][gc,heap        ] GC(1715) PSYoungGen: 170162K(170496K)->498K(164352K) Eden: 169472K(169472K)->0K(163840K) From: 690K(1024K)->498K(512K)
[440.356s][info][gc,heap        ] GC(1715) ParOldGen: 353684K(430080K)->353924K(430080K)
[440.356s][info][gc,metaspace   ] GC(1715) Metaspace: 6132K(6208K)->6132K(6208K) NonClass: 5649K(5696K)->5649K(5696K) Class: 483K(512K)->483K(512K)
[440.356s][info][gc             ] GC(1715) Pause Young (Allocation Failure) 511M->346M(580M) 2.606ms
[440.356s][info][gc,cpu         ] GC(1715) User=0.01s Sys=0.00s Real=0.00s
[440.614s][info][gc,start       ] GC(1716) Pause Young (Allocation Failure)
[440.616s][info][gc,heap        ] GC(1716) PSYoungGen: 164338K(164352K)->786K(159232K) Eden: 163840K(163840K)->0K(158208K) From: 498K(512K)->786K(1024K)
[440.616s][info][gc,heap        ] GC(1716) ParOldGen: 353924K(430080K)->353924K(430080K)
[440.616s][info][gc,metaspace   ] GC(1716) Metaspace: 6132K(6208K)->6132K(6208K) NonClass: 5649K(5696K)->5649K(5696K) Class: 483K(512K)->483K(512K)
[440.616s][info][gc             ] GC(1716) Pause Young (Allocation Failure) 506M->346M(575M) 2.345ms
[440.616s][info][gc,cpu         ] GC(1716) User=0.00s Sys=0.00s Real=0.00s
[440.875s][info][gc,start       ] GC(1717) Pause Young (Allocation Failure)
[440.878s][info][gc,heap        ] GC(1717) PSYoungGen: 158994K(159232K)->754K(154112K) Eden: 158208K(158208K)->0K(153088K) From: 786K(1024K)->754K(1024K)
[440.878s][info][gc,heap        ] GC(1717) ParOldGen: 353924K(430080K)->353940K(430080K)
[440.878s][info][gc,metaspace   ] GC(1717) Metaspace: 6132K(6208K)->6132K(6208K) NonClass: 5649K(5696K)->5649K(5696K) Class: 483K(512K)->483K(512K)
[440.878s][info][gc             ] GC(1717) Pause Young (Allocation Failure) 500M->346M(570M) 2.713ms
[440.878s][info][gc,cpu         ] GC(1717) User=0.00s Sys=0.00s Real=0.00s
[441.131s][info][gc,start       ] GC(1718) Pause Young (Allocation Failure)
[441.132s][info][gc,heap        ] GC(1718) PSYoungGen: 153842K(154112K)->672K(148992K) Eden: 153088K(153088K)->0K(147968K) From: 754K(1024K)->672K(1024K)
[441.132s][info][gc,heap        ] GC(1718) ParOldGen: 353940K(430080K)->353940K(430080K)
[441.132s][info][gc,metaspace   ] GC(1718) Metaspace: 6132K(6208K)->6132K(6208K) NonClass: 5649K(5696K)->5649K(5696K) Class: 483K(512K)->483K(512K)
[441.132s][info][gc             ] GC(1718) Pause Young (Allocation Failure) 495M->346M(565M) 1.287ms
[441.132s][info][gc,cpu         ] GC(1718) User=0.00s Sys=0.00s Real=0.00s
[441.369s][info][gc,start       ] GC(1719) Pause Young (Allocation Failure)
[441.370s][info][gc,heap        ] GC(1719) PSYoungGen: 148640K(148992K)->512K(143872K) Eden: 147968K(147968K)->0K(143360K) From: 672K(1024K)->512K(512K)
[441.370s][info][gc,heap        ] GC(1719) ParOldGen: 353940K(430080K)->354052K(430080K)
[441.370s][info][gc,metaspace   ] GC(1719) Metaspace: 6132K(6208K)->6132K(6208K) NonClass: 5649K(5696K)->5649K(5696K) Class: 483K(512K)->483K(512K)
[441.370s][info][gc             ] GC(1719) Pause Young (Allocation Failure) 490M->346M(560M) 1.185ms
[441.370s][info][gc,cpu         ] GC(1719) User=0.00s Sys=0.00s Real=0.00s
[441.591s][info][gc,start       ] GC(1720) Pause Young (Allocation Failure)
[441.592s][info][gc,heap        ] GC(1720) PSYoungGen: 143872K(143872K)->658K(139776K) Eden: 143360K(143360K)->0K(138752K) From: 512K(512K)->658K(1024K)
[441.592s][info][gc,heap        ] GC(1720) ParOldGen: 354052K(430080K)->354052K(430080K)
[441.592s][info][gc,metaspace   ] GC(1720) Metaspace: 6132K(6208K)->6132K(6208K) NonClass: 5649K(5696K)->5649K(5696K) Class: 483K(512K)->483K(512K)
[441.592s][info][gc             ] GC(1720) Pause Young (Allocation Failure) 486M->346M(556M) 1.184ms
[441.592s][info][gc,cpu         ] GC(1720) User=0.00s Sys=0.00s Real=0.00s
[441.814s][info][gc,start       ] GC(1721) Pause Young (Allocation Failure)
[441.815s][info][gc,heap        ] GC(1721) PSYoungGen: 139410K(139776K)->736K(135168K) Eden: 138752K(138752K)->0K(134144K) From: 658K(1024K)->736K(1024K)
[441.815s][info][gc,heap        ] GC(1721) ParOldGen: 354052K(430080K)->354092K(430080K)
[441.815s][info][gc,metaspace   ] GC(1721) Metaspace: 6132K(6208K)->6132K(6208K) NonClass: 5649K(5696K)->5649K(5696K) Class: 483K(512K)->483K(512K)
[441.815s][info][gc             ] GC(1721) Pause Young (Allocation Failure) 481M->346M(552M) 1.450ms
[441.815s][info][gc,cpu         ] GC(1721) User=0.00s Sys=0.00s Real=0.00s
[442.033s][info][gc,start       ] GC(1722) Pause Young (Allocation Failure)
[442.034s][info][gc,heap        ] GC(1722) PSYoungGen: 134880K(135168K)->672K(131072K) Eden: 134144K(134144K)->0K(130048K) From: 736K(1024K)->672K(1024K)
[442.034s][info][gc,heap        ] GC(1722) ParOldGen: 354092K(430080K)->354092K(430080K)
[442.034s][info][gc,metaspace   ] GC(1722) Metaspace: 6132K(6208K)->6132K(6208K) NonClass: 5649K(5696K)->5649K(5696K) Class: 483K(512K)->483K(512K)
[442.034s][info][gc             ] GC(1722) Pause Young (Allocation Failure) 477M->346M(548M) 1.417ms
[442.034s][info][gc,cpu         ] GC(1722) User=0.00s Sys=0.00s Real=0.00s
[442.314s][info][gc,start       ] GC(1723) Pause Young (Allocation Failure)
[442.315s][info][gc,heap        ] GC(1723) PSYoungGen: 130720K(131072K)->512K(126464K) Eden: 130048K(130048K)->0K(125952K) From: 672K(1024K)->512K(512K)
[442.315s][info][gc,heap        ] GC(1723) ParOldGen: 354092K(430080K)->354252K(430080K)
[442.315s][info][gc,metaspace   ] GC(1723) Metaspace: 6132K(6208K)->6132K(6208K) NonClass: 5649K(5696K)->5649K(5696K) Class: 483K(512K)->483K(512K)
[442.315s][info][gc             ] GC(1723) Pause Young (Allocation Failure) 473M->346M(543M) 1.373ms
[442.315s][info][gc,cpu         ] GC(1723) User=0.01s Sys=0.00s Real=0.00s
[442.515s][info][gc,start       ] GC(1724) Pause Young (Allocation Failure)
[442.517s][info][gc,heap        ] GC(1724) PSYoungGen: 126464K(126464K)->768K(122880K) Eden: 125952K(125952K)->0K(121856K) From: 512K(512K)->768K(1024K)
[442.517s][info][gc,heap        ] GC(1724) ParOldGen: 354252K(430080K)->354252K(430080K)
[442.517s][info][gc,metaspace   ] GC(1724) Metaspace: 6132K(6208K)->6132K(6208K) NonClass: 5649K(5696K)->5649K(5696K) Class: 483K(512K)->483K(512K)
[442.517s][info][gc             ] GC(1724) Pause Young (Allocation Failure) 469M->346M(540M) 1.523ms
[442.517s][info][gc,cpu         ] GC(1724) User=0.01s Sys=0.00s Real=0.00s
[442.778s][info][gc,start       ] GC(1725) Pause Young (Allocation Failure)
[442.779s][info][gc,heap        ] GC(1725) PSYoungGen: 122624K(122880K)->672K(119296K) Eden: 121856K(121856K)->0K(118272K) From: 768K(1024K)->672K(1024K)
[442.779s][info][gc,heap        ] GC(1725) ParOldGen: 354252K(430080K)->354276K(430080K)
[442.779s][info][gc,metaspace   ] GC(1725) Metaspace: 6132K(6208K)->6132K(6208K) NonClass: 5649K(5696K)->5649K(5696K) Class: 483K(512K)->483K(512K)
[442.779s][info][gc             ] GC(1725) Pause Young (Allocation Failure) 465M->346M(536M) 1.327ms
[442.779s][info][gc,cpu         ] GC(1725) User=0.01s Sys=0.00s Real=0.00s
[442.999s][info][gc,start       ] GC(1726) Pause Young (Allocation Failure)
[443.001s][info][gc,heap        ] GC(1726) PSYoungGen: 118944K(119296K)->736K(115712K) Eden: 118272K(118272K)->0K(114688K) From: 672K(1024K)->736K(1024K)
[443.001s][info][gc,heap        ] GC(1726) ParOldGen: 354276K(430080K)->354276K(430080K)
[443.001s][info][gc,metaspace   ] GC(1726) Metaspace: 6132K(6208K)->6132K(6208K) NonClass: 5649K(5696K)->5649K(5696K) Class: 483K(512K)->483K(512K)
[443.001s][info][gc             ] GC(1726) Pause Young (Allocation Failure) 462M->346M(533M) 1.382ms
[443.001s][info][gc,cpu         ] GC(1726) User=0.00s Sys=0.00s Real=0.01s
[443.204s][info][gc,start       ] GC(1727) Pause Young (Allocation Failure)
[443.205s][info][gc,heap        ] GC(1727) PSYoungGen: 115424K(115712K)->512K(111616K) Eden: 114688K(114688K)->0K(111104K) From: 736K(1024K)->512K(512K)
[443.205s][info][gc,heap        ] GC(1727) ParOldGen: 354276K(430080K)->354396K(430080K)
[443.205s][info][gc,metaspace   ] GC(1727) Metaspace: 6132K(6208K)->6132K(6208K) NonClass: 5649K(5696K)->5649K(5696K) Class: 483K(512K)->483K(512K)
[443.205s][info][gc             ] GC(1727) Pause Young (Allocation Failure) 458M->346M(529M) 1.253ms
[443.205s][info][gc,cpu         ] GC(1727) User=0.01s Sys=0.00s Real=0.00s
[443.375s][info][gc,start       ] GC(1728) Pause Young (Allocation Failure)
[443.376s][info][gc,heap        ] GC(1728) PSYoungGen: 111616K(111616K)->704K(109056K) Eden: 111104K(111104K)->0K(108032K) From: 512K(512K)->704K(1024K)
[443.376s][info][gc,heap        ] GC(1728) ParOldGen: 354396K(430080K)->354396K(430080K)
[443.376s][info][gc,metaspace   ] GC(1728) Metaspace: 6132K(6208K)->6132K(6208K) NonClass: 5649K(5696K)->5649K(5696K) Class: 483K(512K)->483K(512K)
[443.376s][info][gc             ] GC(1728) Pause Young (Allocation Failure) 455M->346M(526M) 1.660ms
[443.376s][info][gc,cpu         ] GC(1728) User=0.00s Sys=0.00s Real=0.00s
[443.542s][info][gc,start       ] GC(1729) Pause Young (Allocation Failure)
[443.544s][info][gc,heap        ] GC(1729) PSYoungGen: 108736K(109056K)->658K(105984K) Eden: 108032K(108032K)->0K(104960K) From: 704K(1024K)->658K(1024K)
[443.544s][info][gc,heap        ] GC(1729) ParOldGen: 354396K(430080K)->354428K(430080K)
[443.544s][info][gc,metaspace   ] GC(1729) Metaspace: 6132K(6208K)->6132K(6208K) NonClass: 5649K(5696K)->5649K(5696K) Class: 483K(512K)->483K(512K)
[443.544s][info][gc             ] GC(1729) Pause Young (Allocation Failure) 452M->346M(523M) 2.389ms
[443.544s][info][gc,cpu         ] GC(1729) User=0.00s Sys=0.00s Real=0.00s
[443.700s][info][gc,start       ] GC(1730) Pause Young (Allocation Failure)
[443.702s][info][gc,heap        ] GC(1730) PSYoungGen: 105618K(105984K)->722K(102912K) Eden: 104960K(104960K)->0K(101888K) From: 658K(1024K)->722K(1024K)
[443.702s][info][gc,heap        ] GC(1730) ParOldGen: 354428K(430080K)->354428K(430080K)
[443.702s][info][gc,metaspace   ] GC(1730) Metaspace: 6132K(6208K)->6132K(6208K) NonClass: 5649K(5696K)->5649K(5696K) Class: 483K(512K)->483K(512K)
[443.702s][info][gc             ] GC(1730) Pause Young (Allocation Failure) 449M->346M(520M) 2.364ms
[443.702s][info][gc,cpu         ] GC(1730) User=0.01s Sys=0.00s Real=0.01s
[443.851s][info][gc,start       ] GC(1731) Pause Young (Allocation Failure)
[443.853s][info][gc,heap        ] GC(1731) PSYoungGen: 102610K(102912K)->498K(122880K) Eden: 101888K(101888K)->0K(122368K) From: 722K(1024K)->498K(512K)
[443.853s][info][gc,heap        ] GC(1731) ParOldGen: 354428K(430080K)->354476K(430080K)
[443.853s][info][gc,metaspace   ] GC(1731) Metaspace: 6132K(6208K)->6132K(6208K) NonClass: 5649K(5696K)->5649K(5696K) Class: 483K(512K)->483K(512K)
[443.853s][info][gc             ] GC(1731) Pause Young (Allocation Failure) 446M->346M(540M) 2.031ms
[443.853s][info][gc,cpu         ] GC(1731) User=0.00s Sys=0.00s Real=0.00s
[444.087s][info][gc,start       ] GC(1732) Pause Young (Allocation Failure)
[444.090s][info][gc,heap        ] GC(1732) PSYoungGen: 122866K(122880K)->800K(147968K) Eden: 122368K(122368K)->0K(146944K) From: 498K(512K)->800K(1024K)
[444.090s][info][gc,heap        ] GC(1732) ParOldGen: 354476K(430080K)->354476K(430080K)
[444.090s][info][gc,metaspace   ] GC(1732) Metaspace: 6132K(6208K)->6132K(6208K) NonClass: 5649K(5696K)->5649K(5696K) Class: 483K(512K)->483K(512K)
[444.090s][info][gc             ] GC(1732) Pause Young (Allocation Failure) 466M->346M(564M) 2.360ms
[444.090s][info][gc,cpu         ] GC(1732) User=0.00s Sys=0.00s Real=0.00s
[444.317s][info][gc,start       ] GC(1733) Pause Young (Allocation Failure)
[444.319s][info][gc,heap        ] GC(1733) PSYoungGen: 147744K(147968K)->736K(143360K) Eden: 146944K(146944K)->0K(142336K) From: 800K(1024K)->736K(1024K)
[444.319s][info][gc,heap        ] GC(1733) ParOldGen: 354476K(430080K)->354508K(430080K)
[444.319s][info][gc,metaspace   ] GC(1733) Metaspace: 6132K(6208K)->6132K(6208K) NonClass: 5649K(5696K)->5649K(5696K) Class: 483K(512K)->483K(512K)
[444.319s][info][gc             ] GC(1733) Pause Young (Allocation Failure) 490M->346M(560M) 1.318ms
[444.319s][info][gc,cpu         ] GC(1733) User=0.00s Sys=0.00s Real=0.00s
[444.531s][info][gc,start       ] GC(1734) Pause Young (Allocation Failure)
[444.532s][info][gc,heap        ] GC(1734) PSYoungGen: 143072K(143360K)->704K(138752K) Eden: 142336K(142336K)->0K(137728K) From: 736K(1024K)->704K(1024K)
[444.532s][info][gc,heap        ] GC(1734) ParOldGen: 354508K(430080K)->354508K(430080K)
[444.532s][info][gc,metaspace   ] GC(1734) Metaspace: 6132K(6208K)->6132K(6208K) NonClass: 5649K(5696K)->5649K(5696K) Class: 483K(512K)->483K(512K)
[444.532s][info][gc             ] GC(1734) Pause Young (Allocation Failure) 485M->346M(555M) 1.329ms
[444.532s][info][gc,cpu         ] GC(1734) User=0.01s Sys=0.00s Real=0.00s
[444.734s][info][gc,start       ] GC(1735) Pause Young (Allocation Failure)
[444.735s][info][gc,heap        ] GC(1735) PSYoungGen: 138432K(138752K)->512K(133632K) Eden: 137728K(137728K)->0K(133120K) From: 704K(1024K)->512K(512K)
[444.735s][info][gc,heap        ] GC(1735) ParOldGen: 354508K(430080K)->354660K(430080K)
[444.735s][info][gc,metaspace   ] GC(1735) Metaspace: 6132K(6208K)->6132K(6208K) NonClass: 5649K(5696K)->5649K(5696K) Class: 483K(512K)->483K(512K)
[444.735s][info][gc             ] GC(1735) Pause Young (Allocation Failure) 481M->346M(550M) 1.264ms
[444.735s][info][gc,cpu         ] GC(1735) User=0.01s Sys=0.00s Real=0.00s
[444.930s][info][gc,start       ] GC(1736) Pause Young (Allocation Failure)
[444.931s][info][gc,heap        ] GC(1736) PSYoungGen: 133632K(133632K)->722K(130048K) Eden: 133120K(133120K)->0K(129024K) From: 512K(512K)->722K(1024K)
[444.932s][info][gc,heap        ] GC(1736) ParOldGen: 354660K(430080K)->354660K(430080K)
[444.932s][info][gc,metaspace   ] GC(1736) Metaspace: 6132K(6208K)->6132K(6208K) NonClass: 5649K(5696K)->5649K(5696K) Class: 483K(512K)->483K(512K)
[444.932s][info][gc             ] GC(1736) Pause Young (Allocation Failure) 476M->347M(547M) 1.344ms
[444.932s][info][gc,cpu         ] GC(1736) User=0.01s Sys=0.00s Real=0.01s
[445.122s][info][gc,start       ] GC(1737) Pause Young (Allocation Failure)
[445.123s][info][gc,heap        ] GC(1737) PSYoungGen: 129746K(130048K)->704K(125952K) Eden: 129024K(129024K)->0K(124928K) From: 722K(1024K)->704K(1024K)
[445.123s][info][gc,heap        ] GC(1737) ParOldGen: 354660K(430080K)->354700K(430080K)
[445.123s][info][gc,metaspace   ] GC(1737) Metaspace: 6132K(6208K)->6132K(6208K) NonClass: 5649K(5696K)->5649K(5696K) Class: 483K(512K)->483K(512K)
[445.123s][info][gc             ] GC(1737) Pause Young (Allocation Failure) 473M->347M(543M) 1.389ms
[445.123s][info][gc,cpu         ] GC(1737) User=0.01s Sys=0.00s Real=0.00s
[445.322s][info][gc,start       ] GC(1738) Pause Young (Allocation Failure)
[445.323s][info][gc,heap        ] GC(1738) PSYoungGen: 125632K(125952K)->608K(122368K) Eden: 124928K(124928K)->0K(121344K) From: 704K(1024K)->608K(1024K)
[445.323s][info][gc,heap        ] GC(1738) ParOldGen: 354700K(430080K)->354700K(430080K)
[445.323s][info][gc,metaspace   ] GC(1738) Metaspace: 6132K(6208K)->6132K(6208K) NonClass: 5649K(5696K)->5649K(5696K) Class: 483K(512K)->483K(512K)
[445.323s][info][gc             ] GC(1738) Pause Young (Allocation Failure) 469M->346M(539M) 1.134ms
[445.323s][info][gc,cpu         ] GC(1738) User=0.00s Sys=0.00s Real=0.00s
[445.509s][info][gc,start       ] GC(1739) Pause Young (Allocation Failure)
[445.511s][info][gc,heap        ] GC(1739) PSYoungGen: 121952K(122368K)->512K(118272K) Eden: 121344K(121344K)->0K(117760K) From: 608K(1024K)->512K(512K)
[445.511s][info][gc,heap        ] GC(1739) ParOldGen: 354700K(430080K)->354956K(430080K)
[445.511s][info][gc,metaspace   ] GC(1739) Metaspace: 6132K(6208K)->6132K(6208K) NonClass: 5649K(5696K)->5649K(5696K) Class: 483K(512K)->483K(512K)
[445.511s][info][gc             ] GC(1739) Pause Young (Allocation Failure) 465M->347M(535M) 1.383ms
[445.511s][info][gc,cpu         ] GC(1739) User=0.00s Sys=0.00s Real=0.01s
[445.709s][info][gc,start       ] GC(1740) Pause Young (Allocation Failure)
[445.711s][info][gc,heap        ] GC(1740) PSYoungGen: 118272K(118272K)->672K(115200K) Eden: 117760K(117760K)->0K(114176K) From: 512K(512K)->672K(1024K)
[445.711s][info][gc,heap        ] GC(1740) ParOldGen: 354956K(430080K)->354956K(430080K)
[445.711s][info][gc,metaspace   ] GC(1740) Metaspace: 6132K(6208K)->6132K(6208K) NonClass: 5649K(5696K)->5649K(5696K) Class: 483K(512K)->483K(512K)
[445.711s][info][gc             ] GC(1740) Pause Young (Allocation Failure) 462M->347M(532M) 1.276ms
[445.711s][info][gc,cpu         ] GC(1740) User=0.00s Sys=0.00s Real=0.01s
[445.908s][info][gc,start       ] GC(1741) Pause Young (Allocation Failure)
[445.909s][info][gc,heap        ] GC(1741) PSYoungGen: 114848K(115200K)->640K(111616K) Eden: 114176K(114176K)->0K(110592K) From: 672K(1024K)->640K(1024K)
[445.909s][info][gc,heap        ] GC(1741) ParOldGen: 354956K(430080K)->354980K(430080K)
[445.909s][info][gc,metaspace   ] GC(1741) Metaspace: 6132K(6208K)->6132K(6208K) NonClass: 5649K(5696K)->5649K(5696K) Class: 483K(512K)->483K(512K)
[445.909s][info][gc             ] GC(1741) Pause Young (Allocation Failure) 458M->347M(529M) 1.169ms
[445.909s][info][gc,cpu         ] GC(1741) User=0.00s Sys=0.00s Real=0.00s
[446.101s][info][gc,start       ] GC(1742) Pause Young (Allocation Failure)
[446.102s][info][gc,heap        ] GC(1742) PSYoungGen: 111232K(111616K)->672K(108544K) Eden: 110592K(110592K)->0K(107520K) From: 640K(1024K)->672K(1024K)
[446.102s][info][gc,heap        ] GC(1742) ParOldGen: 354980K(430080K)->354980K(430080K)
[446.102s][info][gc,metaspace   ] GC(1742) Metaspace: 6132K(6208K)->6132K(6208K) NonClass: 5649K(5696K)->5649K(5696K) Class: 483K(512K)->483K(512K)
[446.102s][info][gc             ] GC(1742) Pause Young (Allocation Failure) 455M->347M(526M) 1.278ms
[446.102s][info][gc,cpu         ] GC(1742) User=0.01s Sys=0.00s Real=0.00s
[446.291s][info][gc,start       ] GC(1743) Pause Young (Allocation Failure)
[446.292s][info][gc,heap        ] GC(1743) PSYoungGen: 108192K(108544K)->512K(104960K) Eden: 107520K(107520K)->0K(104448K) From: 672K(1024K)->512K(512K)
[446.292s][info][gc,heap        ] GC(1743) ParOldGen: 354980K(430080K)->355156K(430080K)
[446.292s][info][gc,metaspace   ] GC(1743) Metaspace: 6132K(6208K)->6132K(6208K) NonClass: 5649K(5696K)->5649K(5696K) Class: 483K(512K)->483K(512K)
[446.292s][info][gc             ] GC(1743) Pause Young (Allocation Failure) 452M->347M(522M) 1.277ms
[446.293s][info][gc,cpu         ] GC(1743) User=0.00s Sys=0.00s Real=0.00s
[446.472s][info][gc,start       ] GC(1744) Pause Young (Allocation Failure)
[446.473s][info][gc,heap        ] GC(1744) PSYoungGen: 104960K(104960K)->352K(102400K) Eden: 104448K(104448K)->0K(101376K) From: 512K(512K)->352K(1024K)
[446.473s][info][gc,heap        ] GC(1744) ParOldGen: 355156K(430080K)->355156K(430080K)
[446.473s][info][gc,metaspace   ] GC(1744) Metaspace: 6132K(6208K)->6132K(6208K) NonClass: 5649K(5696K)->5649K(5696K) Class: 483K(512K)->483K(512K)
[446.473s][info][gc             ] GC(1744) Pause Young (Allocation Failure) 449M->347M(520M) 1.021ms
[446.473s][info][gc,cpu         ] GC(1744) User=0.00s Sys=0.00s Real=0.00s
[446.631s][info][gc,start       ] GC(1745) Pause Young (Allocation Failure)
[446.633s][info][gc,heap        ] GC(1745) PSYoungGen: 101728K(102400K)->704K(99840K) Eden: 101376K(101376K)->0K(98816K) From: 352K(1024K)->704K(1024K)
[446.633s][info][gc,heap        ] GC(1745) ParOldGen: 355156K(430080K)->355172K(430080K)
[446.633s][info][gc,metaspace   ] GC(1745) Metaspace: 6132K(6208K)->6132K(6208K) NonClass: 5649K(5696K)->5649K(5696K) Class: 483K(512K)->483K(512K)
[446.633s][info][gc             ] GC(1745) Pause Young (Allocation Failure) 446M->347M(517M) 1.280ms
[446.633s][info][gc,cpu         ] GC(1745) User=0.00s Sys=0.00s Real=0.00s
[446.788s][info][gc,start       ] GC(1746) Pause Young (Allocation Failure)
[446.789s][info][gc,heap        ] GC(1746) PSYoungGen: 99520K(99840K)->704K(97280K) Eden: 98816K(98816K)->0K(96256K) From: 704K(1024K)->704K(1024K)
[446.789s][info][gc,heap        ] GC(1746) ParOldGen: 355172K(430080K)->355172K(430080K)
[446.789s][info][gc,metaspace   ] GC(1746) Metaspace: 6132K(6208K)->6132K(6208K) NonClass: 5649K(5696K)->5649K(5696K) Class: 483K(512K)->483K(512K)
[446.789s][info][gc             ] GC(1746) Pause Young (Allocation Failure) 444M->347M(515M) 1.296ms
[446.789s][info][gc,cpu         ] GC(1746) User=0.00s Sys=0.00s Real=0.00s
[446.942s][info][gc,start       ] GC(1747) Pause Young (Allocation Failure)
[446.943s][info][gc,heap        ] GC(1747) PSYoungGen: 96960K(97280K)->512K(94208K) Eden: 96256K(96256K)->0K(93696K) From: 704K(1024K)->512K(512K)
[446.943s][info][gc,heap        ] GC(1747) ParOldGen: 355172K(430080K)->355308K(430080K)
[446.943s][info][gc,metaspace   ] GC(1747) Metaspace: 6132K(6208K)->6132K(6208K) NonClass: 5649K(5696K)->5649K(5696K) Class: 483K(512K)->483K(512K)
[446.943s][info][gc             ] GC(1747) Pause Young (Allocation Failure) 441M->347M(512M) 1.143ms
[446.943s][info][gc,cpu         ] GC(1747) User=0.00s Sys=0.00s Real=0.00s
[447.121s][info][gc,start       ] GC(1748) Pause Young (Allocation Failure)
[447.122s][info][gc,heap        ] GC(1748) PSYoungGen: 94208K(94208K)->741K(92160K) Eden: 93696K(93696K)->0K(91136K) From: 512K(512K)->741K(1024K)
[447.122s][info][gc,heap        ] GC(1748) ParOldGen: 355308K(430080K)->355308K(430080K)
[447.122s][info][gc,metaspace   ] GC(1748) Metaspace: 6132K(6208K)->6132K(6208K) NonClass: 5649K(5696K)->5649K(5696K) Class: 483K(512K)->483K(512K)
[447.122s][info][gc             ] GC(1748) Pause Young (Allocation Failure) 438M->347M(510M) 1.361ms
[447.122s][info][gc,cpu         ] GC(1748) User=0.00s Sys=0.00s Real=0.00s
[447.290s][info][gc,start       ] GC(1749) Pause Young (Allocation Failure)
[447.291s][info][gc,heap        ] GC(1749) PSYoungGen: 91877K(92160K)->672K(89600K) Eden: 91136K(91136K)->0K(88576K) From: 741K(1024K)->672K(1024K)
[447.291s][info][gc,heap        ] GC(1749) ParOldGen: 355308K(430080K)->355348K(430080K)
[447.291s][info][gc,metaspace   ] GC(1749) Metaspace: 6132K(6208K)->6132K(6208K) NonClass: 5649K(5696K)->5649K(5696K) Class: 483K(512K)->483K(512K)
[447.291s][info][gc             ] GC(1749) Pause Young (Allocation Failure) 436M->347M(507M) 1.267ms
[447.291s][info][gc,cpu         ] GC(1749) User=0.00s Sys=0.00s Real=0.01s
[447.457s][info][gc,start       ] GC(1750) Pause Young (Allocation Failure)
[447.458s][info][gc,heap        ] GC(1750) PSYoungGen: 89248K(89600K)->704K(87552K) Eden: 88576K(88576K)->0K(86528K) From: 672K(1024K)->704K(1024K)
[447.458s][info][gc,heap        ] GC(1750) ParOldGen: 355348K(430080K)->355348K(430080K)
[447.458s][info][gc,metaspace   ] GC(1750) Metaspace: 6132K(6208K)->6132K(6208K) NonClass: 5649K(5696K)->5649K(5696K) Class: 483K(512K)->483K(512K)
[447.458s][info][gc             ] GC(1750) Pause Young (Allocation Failure) 434M->347M(505M) 1.272ms
[447.458s][info][gc,cpu         ] GC(1750) User=0.00s Sys=0.00s Real=0.00s
[447.609s][info][gc,start       ] GC(1751) Pause Young (Allocation Failure)
[447.611s][info][gc,heap        ] GC(1751) PSYoungGen: 87232K(87552K)->498K(300544K) Eden: 86528K(86528K)->0K(300032K) From: 704K(1024K)->498K(512K)
[447.611s][info][gc,heap        ] GC(1751) ParOldGen: 355348K(430080K)->355556K(430080K)
[447.611s][info][gc,metaspace   ] GC(1751) Metaspace: 6132K(6208K)->6132K(6208K) NonClass: 5649K(5696K)->5649K(5696K) Class: 483K(512K)->483K(512K)
[447.611s][info][gc             ] GC(1751) Pause Young (Allocation Failure) 432M->347M(713M) 2.243ms
[447.611s][info][gc,cpu         ] GC(1751) User=0.00s Sys=0.00s Real=0.01s
[448.117s][info][gc,start       ] GC(1752) Pause Young (Allocation Failure)
[448.120s][info][gc,heap        ] GC(1752) PSYoungGen: 300530K(300544K)->709K(288768K) Eden: 300032K(300032K)->0K(287744K) From: 498K(512K)->709K(1024K)
[448.120s][info][gc,heap        ] GC(1752) ParOldGen: 355556K(430080K)->355556K(430080K)
[448.120s][info][gc,metaspace   ] GC(1752) Metaspace: 6132K(6208K)->6132K(6208K) NonClass: 5649K(5696K)->5649K(5696K) Class: 483K(512K)->483K(512K)
[448.120s][info][gc             ] GC(1752) Pause Young (Allocation Failure) 640M->347M(702M) 2.620ms
[448.120s][info][gc,cpu         ] GC(1752) User=0.00s Sys=0.01s Real=0.00s
[448.603s][info][gc,start       ] GC(1753) Pause Young (Allocation Failure)
[448.605s][info][gc,heap        ] GC(1753) PSYoungGen: 288453K(288768K)->672K(277504K) Eden: 287744K(287744K)->0K(276480K) From: 709K(1024K)->672K(1024K)
[448.605s][info][gc,heap        ] GC(1753) ParOldGen: 355556K(430080K)->355620K(430080K)
[448.605s][info][gc,metaspace   ] GC(1753) Metaspace: 6132K(6208K)->6132K(6208K) NonClass: 5649K(5696K)->5649K(5696K) Class: 483K(512K)->483K(512K)
[448.605s][info][gc             ] GC(1753) Pause Young (Allocation Failure) 628M->347M(691M) 2.532ms
[448.605s][info][gc,cpu         ] GC(1753) User=0.00s Sys=0.00s Real=0.00s
[449.056s][info][gc,start       ] GC(1754) Pause Young (Allocation Failure)
[449.058s][info][gc,heap        ] GC(1754) PSYoungGen: 277152K(277504K)->626K(266752K) Eden: 276480K(276480K)->0K(265728K) From: 672K(1024K)->626K(1024K)
[449.058s][info][gc,heap        ] GC(1754) ParOldGen: 355620K(430080K)->355620K(430080K)
[449.058s][info][gc,metaspace   ] GC(1754) Metaspace: 6132K(6208K)->6132K(6208K) NonClass: 5649K(5696K)->5649K(5696K) Class: 483K(512K)->483K(512K)
[449.058s][info][gc             ] GC(1754) Pause Young (Allocation Failure) 617M->347M(680M) 2.124ms
[449.058s][info][gc,cpu         ] GC(1754) User=0.00s Sys=0.00s Real=0.00s
[449.482s][info][gc,start       ] GC(1755) Pause Young (Allocation Failure)
[449.484s][info][gc,heap        ] GC(1755) PSYoungGen: 266354K(266752K)->498K(256000K) Eden: 265728K(265728K)->0K(255488K) From: 626K(1024K)->498K(512K)
[449.484s][info][gc,heap        ] GC(1755) ParOldGen: 355620K(430080K)->355836K(430080K)
[449.484s][info][gc,metaspace   ] GC(1755) Metaspace: 6132K(6208K)->6132K(6208K) NonClass: 5649K(5696K)->5649K(5696K) Class: 483K(512K)->483K(512K)
[449.484s][info][gc             ] GC(1755) Pause Young (Allocation Failure) 607M->347M(670M) 2.344ms
[449.484s][info][gc,cpu         ] GC(1755) User=0.00s Sys=0.00s Real=0.00s
[449.880s][info][gc,start       ] GC(1756) Pause Young (Allocation Failure)
[449.882s][info][gc,heap        ] GC(1756) PSYoungGen: 255986K(256000K)->786K(246784K) Eden: 255488K(255488K)->0K(245760K) From: 498K(512K)->786K(1024K)
[449.882s][info][gc,heap        ] GC(1756) ParOldGen: 355836K(430080K)->355836K(430080K)
[449.882s][info][gc,metaspace   ] GC(1756) Metaspace: 6132K(6208K)->6132K(6208K) NonClass: 5649K(5696K)->5649K(5696K) Class: 483K(512K)->483K(512K)
[449.883s][info][gc             ] GC(1756) Pause Young (Allocation Failure) 597M->348M(661M) 2.838ms
[449.883s][info][gc,cpu         ] GC(1756) User=0.01s Sys=0.00s Real=0.01s
[450.259s][info][gc,start       ] GC(1757) Pause Young (Allocation Failure)
[450.261s][info][gc,heap        ] GC(1757) PSYoungGen: 246546K(246784K)->736K(237568K) Eden: 245760K(245760K)->0K(236544K) From: 786K(1024K)->736K(1024K)
[450.261s][info][gc,heap        ] GC(1757) ParOldGen: 355836K(430080K)->355876K(430080K)
[450.261s][info][gc,metaspace   ] GC(1757) Metaspace: 6132K(6208K)->6132K(6208K) NonClass: 5649K(5696K)->5649K(5696K) Class: 483K(512K)->483K(512K)
[450.261s][info][gc             ] GC(1757) Pause Young (Allocation Failure) 588M->348M(652M) 2.631ms
[450.261s][info][gc,cpu         ] GC(1757) User=0.00s Sys=0.00s Real=0.01s
[450.636s][info][gc,start       ] GC(1758) Pause Young (Allocation Failure)
[450.638s][info][gc,heap        ] GC(1758) PSYoungGen: 237280K(237568K)->754K(228352K) Eden: 236544K(236544K)->0K(227328K) From: 736K(1024K)->754K(1024K)
[450.638s][info][gc,heap        ] GC(1758) ParOldGen: 355876K(430080K)->355876K(430080K)
[450.638s][info][gc,metaspace   ] GC(1758) Metaspace: 6132K(6208K)->6132K(6208K) NonClass: 5649K(5696K)->5649K(5696K) Class: 483K(512K)->483K(512K)
[450.638s][info][gc             ] GC(1758) Pause Young (Allocation Failure) 579M->348M(643M) 2.674ms
[450.638s][info][gc,cpu         ] GC(1758) User=0.01s Sys=0.00s Real=0.00s
[451.002s][info][gc,start       ] GC(1759) Pause Young (Allocation Failure)
[451.004s][info][gc,heap        ] GC(1759) PSYoungGen: 228082K(228352K)->498K(219136K) Eden: 227328K(227328K)->0K(218624K) From: 754K(1024K)->498K(512K)
[451.004s][info][gc,heap        ] GC(1759) ParOldGen: 355876K(430080K)->356036K(430080K)
[451.004s][info][gc,metaspace   ] GC(1759) Metaspace: 6132K(6208K)->6132K(6208K) NonClass: 5649K(5696K)->5649K(5696K) Class: 483K(512K)->483K(512K)
[451.004s][info][gc             ] GC(1759) Pause Young (Allocation Failure) 570M->348M(634M) 2.210ms
[451.004s][info][gc,cpu         ] GC(1759) User=0.00s Sys=0.00s Real=0.00s
[451.353s][info][gc,start       ] GC(1760) Pause Young (Allocation Failure)
[451.355s][info][gc,heap        ] GC(1760) PSYoungGen: 219122K(219136K)->658K(211456K) Eden: 218624K(218624K)->0K(210432K) From: 498K(512K)->658K(1024K)
[451.355s][info][gc,heap        ] GC(1760) ParOldGen: 356036K(430080K)->356036K(430080K)
[451.355s][info][gc,metaspace   ] GC(1760) Metaspace: 6132K(6208K)->6132K(6208K) NonClass: 5649K(5696K)->5649K(5696K) Class: 483K(512K)->483K(512K)
[451.355s][info][gc             ] GC(1760) Pause Young (Allocation Failure) 561M->348M(626M) 2.335ms
[451.355s][info][gc,cpu         ] GC(1760) User=0.00s Sys=0.00s Real=0.00s
[451.693s][info][gc,start       ] GC(1761) Pause Young (Allocation Failure)
[451.695s][info][gc,heap        ] GC(1761) PSYoungGen: 211090K(211456K)->800K(203776K) Eden: 210432K(210432K)->0K(202752K) From: 658K(1024K)->800K(1024K)
[451.695s][info][gc,heap        ] GC(1761) ParOldGen: 356036K(430080K)->356076K(430080K)
[451.695s][info][gc,metaspace   ] GC(1761) Metaspace: 6132K(6208K)->6132K(6208K) NonClass: 5649K(5696K)->5649K(5696K) Class: 483K(512K)->483K(512K)
[451.695s][info][gc             ] GC(1761) Pause Young (Allocation Failure) 553M->348M(619M) 1.478ms
[451.695s][info][gc,cpu         ] GC(1761) User=0.00s Sys=0.00s Real=0.00s
[452.038s][info][gc,start       ] GC(1762) Pause Young (Allocation Failure)
[452.039s][info][gc,heap        ] GC(1762) PSYoungGen: 203552K(203776K)->448K(196096K) Eden: 202752K(202752K)->0K(195584K) From: 800K(1024K)->448K(512K)
[452.039s][info][gc,heap        ] GC(1762) ParOldGen: 356076K(430080K)->356076K(430080K)
[452.039s][info][gc,metaspace   ] GC(1762) Metaspace: 6132K(6208K)->6132K(6208K) NonClass: 5649K(5696K)->5649K(5696K) Class: 483K(512K)->483K(512K)
[452.039s][info][gc             ] GC(1762) Pause Young (Allocation Failure) 546M->348M(611M) 1.301ms
[452.039s][info][gc,cpu         ] GC(1762) User=0.00s Sys=0.00s Real=0.00s
[452.388s][info][gc,start       ] GC(1763) Pause Young (Allocation Failure)
[452.389s][info][gc,heap        ] GC(1763) PSYoungGen: 196032K(196096K)->736K(189440K) Eden: 195584K(195584K)->0K(188416K) From: 448K(512K)->736K(1024K)
[452.389s][info][gc,heap        ] GC(1763) ParOldGen: 356076K(430080K)->356076K(430080K)
[452.389s][info][gc,metaspace   ] GC(1763) Metaspace: 6132K(6208K)->6132K(6208K) NonClass: 5649K(5696K)->5649K(5696K) Class: 483K(512K)->483K(512K)
[452.389s][info][gc             ] GC(1763) Pause Young (Allocation Failure) 539M->348M(605M) 1.236ms
[452.389s][info][gc,cpu         ] GC(1763) User=0.00s Sys=0.00s Real=0.00s
[452.740s][info][gc,start       ] GC(1764) Pause Young (Allocation Failure)
[452.741s][info][gc,heap        ] GC(1764) PSYoungGen: 189152K(189440K)->672K(182784K) Eden: 188416K(188416K)->0K(181760K) From: 736K(1024K)->672K(1024K)
[452.741s][info][gc,heap        ] GC(1764) ParOldGen: 356076K(430080K)->356076K(430080K)
[452.741s][info][gc,metaspace   ] GC(1764) Metaspace: 6132K(6208K)->6132K(6208K) NonClass: 5649K(5696K)->5649K(5696K) Class: 483K(512K)->483K(512K)
[452.741s][info][gc             ] GC(1764) Pause Young (Allocation Failure) 532M->348M(598M) 1.247ms
[452.741s][info][gc,cpu         ] GC(1764) User=0.00s Sys=0.00s Real=0.01s
[453.223s][info][gc,start       ] GC(1765) Pause Young (Allocation Failure)
[453.225s][info][gc,heap        ] GC(1765) PSYoungGen: 182432K(182784K)->498K(175616K) Eden: 181760K(181760K)->0K(175104K) From: 672K(1024K)->498K(512K)
[453.225s][info][gc,heap        ] GC(1765) ParOldGen: 356076K(430080K)->356212K(430080K)
[453.225s][info][gc,metaspace   ] GC(1765) Metaspace: 6132K(6208K)->6132K(6208K) NonClass: 5649K(5696K)->5649K(5696K) Class: 483K(512K)->483K(512K)
[453.225s][info][gc             ] GC(1765) Pause Young (Allocation Failure) 525M->348M(591M) 1.965ms
[453.225s][info][gc,cpu         ] GC(1765) User=0.00s Sys=0.00s Real=0.00s
[453.811s][info][gc,start       ] GC(1766) Pause Young (Allocation Failure)
[453.816s][info][gc,heap        ] GC(1766) PSYoungGen: 175602K(175616K)->805K(169984K) Eden: 175104K(175104K)->0K(168960K) From: 498K(512K)->805K(1024K)
[453.816s][info][gc,heap        ] GC(1766) ParOldGen: 356212K(430080K)->356212K(430080K)
[453.816s][info][gc,metaspace   ] GC(1766) Metaspace: 6132K(6208K)->6132K(6208K) NonClass: 5649K(5696K)->5649K(5696K) Class: 483K(512K)->483K(512K)
[453.816s][info][gc             ] GC(1766) Pause Young (Allocation Failure) 519M->348M(586M) 5.110ms
[453.816s][info][gc,cpu         ] GC(1766) User=0.00s Sys=0.00s Real=0.00s
[454.308s][info][gc,start       ] GC(1767) Pause Young (Allocation Failure)
[454.311s][info][gc,heap        ] GC(1767) PSYoungGen: 169765K(169984K)->736K(164352K) Eden: 168960K(168960K)->0K(163328K) From: 805K(1024K)->736K(1024K)
[454.311s][info][gc,heap        ] GC(1767) ParOldGen: 356212K(430080K)->356276K(430080K)
[454.311s][info][gc,metaspace   ] GC(1767) Metaspace: 6132K(6208K)->6132K(6208K) NonClass: 5649K(5696K)->5649K(5696K) Class: 483K(512K)->483K(512K)
[454.311s][info][gc             ] GC(1767) Pause Young (Allocation Failure) 513M->348M(580M) 2.684ms
[454.311s][info][gc,cpu         ] GC(1767) User=0.00s Sys=0.00s Real=0.01s
[454.616s][info][gc,start       ] GC(1768) Pause Young (Allocation Failure)
[454.617s][info][gc,heap        ] GC(1768) PSYoungGen: 164064K(164352K)->736K(158720K) Eden: 163328K(163328K)->0K(157696K) From: 736K(1024K)->736K(1024K)
[454.617s][info][gc,heap        ] GC(1768) ParOldGen: 356276K(430080K)->356276K(430080K)
[454.617s][info][gc,metaspace   ] GC(1768) Metaspace: 6132K(6208K)->6132K(6208K) NonClass: 5649K(5696K)->5649K(5696K) Class: 483K(512K)->483K(512K)
[454.617s][info][gc             ] GC(1768) Pause Young (Allocation Failure) 508M->348M(575M) 1.657ms
[454.617s][info][gc,cpu         ] GC(1768) User=0.01s Sys=0.00s Real=0.00s
[454.930s][info][gc,start       ] GC(1769) Pause Young (Allocation Failure)
[454.932s][info][gc,heap        ] GC(1769) PSYoungGen: 158432K(158720K)->498K(153088K) Eden: 157696K(157696K)->0K(152576K) From: 736K(1024K)->498K(512K)
[454.932s][info][gc,heap        ] GC(1769) ParOldGen: 356276K(430080K)->356420K(430080K)
[454.932s][info][gc,metaspace   ] GC(1769) Metaspace: 6132K(6208K)->6132K(6208K) NonClass: 5649K(5696K)->5649K(5696K) Class: 483K(512K)->483K(512K)
[454.932s][info][gc             ] GC(1769) Pause Young (Allocation Failure) 502M->348M(569M) 2.105ms
[454.932s][info][gc,cpu         ] GC(1769) User=0.00s Sys=0.00s Real=0.01s
[455.204s][info][gc,start       ] GC(1770) Pause Young (Allocation Failure)
[455.206s][info][gc,heap        ] GC(1770) PSYoungGen: 153074K(153088K)->658K(148480K) Eden: 152576K(152576K)->0K(147456K) From: 498K(512K)->658K(1024K)
[455.206s][info][gc,heap        ] GC(1770) ParOldGen: 356420K(430080K)->356420K(430080K)
[455.206s][info][gc,metaspace   ] GC(1770) Metaspace: 6132K(6208K)->6132K(6208K) NonClass: 5649K(5696K)->5649K(5696K) Class: 483K(512K)->483K(512K)
[455.206s][info][gc             ] GC(1770) Pause Young (Allocation Failure) 497M->348M(565M) 2.187ms
[455.206s][info][gc,cpu         ] GC(1770) User=0.00s Sys=0.00s Real=0.00s
[455.448s][info][gc,start       ] GC(1771) Pause Young (Allocation Failure)
[455.450s][info][gc,heap        ] GC(1771) PSYoungGen: 148114K(148480K)->736K(143872K) Eden: 147456K(147456K)->0K(142848K) From: 658K(1024K)->736K(1024K)
[455.450s][info][gc,heap        ] GC(1771) ParOldGen: 356420K(430080K)->356460K(430080K)
[455.450s][info][gc,metaspace   ] GC(1771) Metaspace: 6132K(6208K)->6132K(6208K) NonClass: 5649K(5696K)->5649K(5696K) Class: 483K(512K)->483K(512K)
[455.450s][info][gc             ] GC(1771) Pause Young (Allocation Failure) 492M->348M(560M) 2.620ms
[455.450s][info][gc,cpu         ] GC(1771) User=0.00s Sys=0.00s Real=0.00s
[455.680s][info][gc,start       ] GC(1772) Pause Young (Allocation Failure)
[455.682s][info][gc,heap        ] GC(1772) PSYoungGen: 143584K(143872K)->690K(139264K) Eden: 142848K(142848K)->0K(138240K) From: 736K(1024K)->690K(1024K)
[455.682s][info][gc,heap        ] GC(1772) ParOldGen: 356460K(430080K)->356460K(430080K)
[455.682s][info][gc,metaspace   ] GC(1772) Metaspace: 6132K(6208K)->6132K(6208K) NonClass: 5649K(5696K)->5649K(5696K) Class: 483K(512K)->483K(512K)
[455.682s][info][gc             ] GC(1772) Pause Young (Allocation Failure) 488M->348M(556M) 2.454ms
[455.682s][info][gc,cpu         ] GC(1772) User=0.00s Sys=0.00s Real=0.01s
[455.910s][info][gc,start       ] GC(1773) Pause Young (Allocation Failure)
[455.912s][info][gc,heap        ] GC(1773) PSYoungGen: 138930K(139264K)->512K(134144K) Eden: 138240K(138240K)->0K(133632K) From: 690K(1024K)->512K(512K)
[455.912s][info][gc,heap        ] GC(1773) ParOldGen: 356460K(430080K)->356572K(430080K)
[455.912s][info][gc,metaspace   ] GC(1773) Metaspace: 6132K(6208K)->6132K(6208K) NonClass: 5649K(5696K)->5649K(5696K) Class: 483K(512K)->483K(512K)
[455.912s][info][gc             ] GC(1773) Pause Young (Allocation Failure) 483M->348M(551M) 1.331ms
[455.912s][info][gc,cpu         ] GC(1773) User=0.00s Sys=0.00s Real=0.01s
[456.135s][info][gc,start       ] GC(1774) Pause Young (Allocation Failure)
[456.136s][info][gc,heap        ] GC(1774) PSYoungGen: 134144K(134144K)->704K(130560K) Eden: 133632K(133632K)->0K(129536K) From: 512K(512K)->704K(1024K)
[456.136s][info][gc,heap        ] GC(1774) ParOldGen: 356572K(430080K)->356572K(430080K)
[456.136s][info][gc,metaspace   ] GC(1774) Metaspace: 6132K(6208K)->6132K(6208K) NonClass: 5649K(5696K)->5649K(5696K) Class: 483K(512K)->483K(512K)
[456.136s][info][gc             ] GC(1774) Pause Young (Allocation Failure) 479M->348M(547M) 1.260ms
[456.137s][info][gc,cpu         ] GC(1774) User=0.00s Sys=0.00s Real=0.00s
[456.409s][info][gc,start       ] GC(1775) Pause Young (Allocation Failure)
[456.410s][info][gc,heap        ] GC(1775) PSYoungGen: 130240K(130560K)->768K(126464K) Eden: 129536K(129536K)->0K(125440K) From: 704K(1024K)->768K(1024K)
[456.410s][info][gc,heap        ] GC(1775) ParOldGen: 356572K(430080K)->356596K(430080K)
[456.410s][info][gc,metaspace   ] GC(1775) Metaspace: 6132K(6208K)->6132K(6208K) NonClass: 5649K(5696K)->5649K(5696K) Class: 483K(512K)->483K(512K)
[456.410s][info][gc             ] GC(1775) Pause Young (Allocation Failure) 475M->348M(543M) 1.522ms
[456.410s][info][gc,cpu         ] GC(1775) User=0.01s Sys=0.00s Real=0.00s
[456.657s][info][gc,start       ] GC(1776) Pause Young (Allocation Failure)
[456.659s][info][gc,heap        ] GC(1776) PSYoungGen: 126208K(126464K)->640K(122368K) Eden: 125440K(125440K)->0K(121344K) From: 768K(1024K)->640K(1024K)
[456.659s][info][gc,heap        ] GC(1776) ParOldGen: 356596K(430080K)->356596K(430080K)
[456.659s][info][gc,metaspace   ] GC(1776) Metaspace: 6132K(6208K)->6132K(6208K) NonClass: 5649K(5696K)->5649K(5696K) Class: 483K(512K)->483K(512K)
[456.659s][info][gc             ] GC(1776) Pause Young (Allocation Failure) 471M->348M(539M) 1.345ms
[456.659s][info][gc,cpu         ] GC(1776) User=0.00s Sys=0.01s Real=0.00s
[456.899s][info][gc,start       ] GC(1777) Pause Young (Allocation Failure)
[456.900s][info][gc,heap        ] GC(1777) PSYoungGen: 121984K(122368K)->512K(118272K) Eden: 121344K(121344K)->0K(117760K) From: 640K(1024K)->512K(512K)
[456.900s][info][gc,heap        ] GC(1777) ParOldGen: 356596K(430080K)->356740K(430080K)
[456.900s][info][gc,metaspace   ] GC(1777) Metaspace: 6132K(6208K)->6132K(6208K) NonClass: 5649K(5696K)->5649K(5696K) Class: 483K(512K)->483K(512K)
[456.900s][info][gc             ] GC(1777) Pause Young (Allocation Failure) 467M->348M(535M) 1.215ms
[456.900s][info][gc,cpu         ] GC(1777) User=0.01s Sys=0.00s Real=0.00s
[457.104s][info][gc,start       ] GC(1778) Pause Young (Allocation Failure)
[457.105s][info][gc,heap        ] GC(1778) PSYoungGen: 118272K(118272K)->690K(115200K) Eden: 117760K(117760K)->0K(114176K) From: 512K(512K)->690K(1024K)
[457.105s][info][gc,heap        ] GC(1778) ParOldGen: 356740K(430080K)->356740K(430080K)
[457.105s][info][gc,metaspace   ] GC(1778) Metaspace: 6132K(6208K)->6132K(6208K) NonClass: 5649K(5696K)->5649K(5696K) Class: 483K(512K)->483K(512K)
[457.105s][info][gc             ] GC(1778) Pause Young (Allocation Failure) 463M->349M(532M) 1.230ms
[457.105s][info][gc,cpu         ] GC(1778) User=0.00s Sys=0.00s Real=0.00s
[457.288s][info][gc,start       ] GC(1779) Pause Young (Allocation Failure)
[457.289s][info][gc,heap        ] GC(1779) PSYoungGen: 114866K(115200K)->672K(111616K) Eden: 114176K(114176K)->0K(110592K) From: 690K(1024K)->672K(1024K)
[457.289s][info][gc,heap        ] GC(1779) ParOldGen: 356740K(430080K)->356772K(430080K)
[457.289s][info][gc,metaspace   ] GC(1779) Metaspace: 6132K(6208K)->6132K(6208K) NonClass: 5649K(5696K)->5649K(5696K) Class: 483K(512K)->483K(512K)
[457.289s][info][gc             ] GC(1779) Pause Young (Allocation Failure) 460M->349M(529M) 1.310ms
[457.289s][info][gc,cpu         ] GC(1779) User=0.00s Sys=0.00s Real=0.00s
[457.465s][info][gc,start       ] GC(1780) Pause Young (Allocation Failure)
[457.466s][info][gc,heap        ] GC(1780) PSYoungGen: 111264K(111616K)->704K(108544K) Eden: 110592K(110592K)->0K(107520K) From: 672K(1024K)->704K(1024K)
[457.466s][info][gc,heap        ] GC(1780) ParOldGen: 356772K(430080K)->356772K(430080K)
[457.466s][info][gc,metaspace   ] GC(1780) Metaspace: 6132K(6208K)->6132K(6208K) NonClass: 5649K(5696K)->5649K(5696K) Class: 483K(512K)->483K(512K)
[457.466s][info][gc             ] GC(1780) Pause Young (Allocation Failure) 457M->349M(526M) 1.382ms
[457.466s][info][gc,cpu         ] GC(1780) User=0.00s Sys=0.00s Real=0.00s
[457.631s][info][gc,start       ] GC(1781) Pause Young (Allocation Failure)
[457.633s][info][gc,heap        ] GC(1781) PSYoungGen: 108224K(108544K)->498K(104960K) Eden: 107520K(107520K)->0K(104448K) From: 704K(1024K)->498K(512K)
[457.633s][info][gc,heap        ] GC(1781) ParOldGen: 356772K(430080K)->356932K(430080K)
[457.633s][info][gc,metaspace   ] GC(1781) Metaspace: 6132K(6208K)->6132K(6208K) NonClass: 5649K(5696K)->5649K(5696K) Class: 483K(512K)->483K(512K)
[457.633s][info][gc             ] GC(1781) Pause Young (Allocation Failure) 454M->349M(522M) 2.069ms
[457.633s][info][gc,cpu         ] GC(1781) User=0.00s Sys=0.00s Real=0.00s
[457.795s][info][gc,start       ] GC(1782) Pause Young (Allocation Failure)
[457.796s][info][gc,heap        ] GC(1782) PSYoungGen: 104946K(104960K)->640K(102400K) Eden: 104448K(104448K)->0K(101376K) From: 498K(512K)->640K(1024K)
[457.796s][info][gc,heap        ] GC(1782) ParOldGen: 356932K(430080K)->356932K(430080K)
[457.796s][info][gc,metaspace   ] GC(1782) Metaspace: 6132K(6208K)->6132K(6208K) NonClass: 5649K(5696K)->5649K(5696K) Class: 483K(512K)->483K(512K)
[457.796s][info][gc             ] GC(1782) Pause Young (Allocation Failure) 451M->349M(520M) 1.069ms
[457.796s][info][gc,cpu         ] GC(1782) User=0.00s Sys=0.00s Real=0.00s
[457.966s][info][gc,start       ] GC(1783) Pause Young (Allocation Failure)
[457.968s][info][gc,heap        ] GC(1783) PSYoungGen: 102016K(102400K)->704K(99840K) Eden: 101376K(101376K)->0K(98816K) From: 640K(1024K)->704K(1024K)
[457.968s][info][gc,heap        ] GC(1783) ParOldGen: 356932K(430080K)->356964K(430080K)
[457.968s][info][gc,metaspace   ] GC(1783) Metaspace: 6132K(6208K)->6132K(6208K) NonClass: 5649K(5696K)->5649K(5696K) Class: 483K(512K)->483K(512K)
[457.968s][info][gc             ] GC(1783) Pause Young (Allocation Failure) 448M->349M(517M) 1.349ms
[457.968s][info][gc,cpu         ] GC(1783) User=0.00s Sys=0.00s Real=0.00s
[458.148s][info][gc,start       ] GC(1784) Pause Young (Allocation Failure)
[458.151s][info][gc,heap        ] GC(1784) PSYoungGen: 99520K(99840K)->722K(97280K) Eden: 98816K(98816K)->0K(96256K) From: 704K(1024K)->722K(1024K)
[458.151s][info][gc,heap        ] GC(1784) ParOldGen: 356964K(430080K)->356964K(430080K)
[458.151s][info][gc,metaspace   ] GC(1784) Metaspace: 6132K(6208K)->6132K(6208K) NonClass: 5649K(5696K)->5649K(5696K) Class: 483K(512K)->483K(512K)
[458.151s][info][gc             ] GC(1784) Pause Young (Allocation Failure) 445M->349M(515M) 2.779ms
[458.151s][info][gc,cpu         ] GC(1784) User=0.00s Sys=0.00s Real=0.01s
[458.336s][info][gc,start       ] GC(1785) Pause Young (Allocation Failure)
[458.338s][info][gc,heap        ] GC(1785) PSYoungGen: 96978K(97280K)->384K(116224K) Eden: 96256K(96256K)->0K(115712K) From: 722K(1024K)->384K(512K)
[458.339s][info][gc,heap        ] GC(1785) ParOldGen: 356964K(430080K)->357302K(430080K)
[458.339s][info][gc,metaspace   ] GC(1785) Metaspace: 6132K(6208K)->6132K(6208K) NonClass: 5649K(5696K)->5649K(5696K) Class: 483K(512K)->483K(512K)
[458.339s][info][gc             ] GC(1785) Pause Young (Allocation Failure) 443M->349M(533M) 2.819ms
[458.339s][info][gc,cpu         ] GC(1785) User=0.00s Sys=0.00s Real=0.00s
[458.556s][info][gc,start       ] GC(1786) Pause Young (Allocation Failure)
[458.560s][info][gc,heap        ] GC(1786) PSYoungGen: 116096K(116224K)->498K(140288K) Eden: 115712K(115712K)->0K(139264K) From: 384K(512K)->498K(1024K)
[458.560s][info][gc,heap        ] GC(1786) ParOldGen: 357302K(430080K)->357681K(430080K)
[458.560s][info][gc,metaspace   ] GC(1786) Metaspace: 6132K(6208K)->6132K(6208K) NonClass: 5649K(5696K)->5649K(5696K) Class: 483K(512K)->483K(512K)
[458.560s][info][gc             ] GC(1786) Pause Young (Allocation Failure) 462M->349M(557M) 3.822ms
[458.560s][info][gc,cpu         ] GC(1786) User=0.01s Sys=0.00s Real=0.00s
[458.811s][info][gc,start       ] GC(1787) Pause Young (Allocation Failure)
[458.813s][info][gc,heap        ] GC(1787) PSYoungGen: 139762K(140288K)->690K(168448K) Eden: 139264K(139264K)->0K(167424K) From: 498K(1024K)->690K(1024K)
[458.813s][info][gc,heap        ] GC(1787) ParOldGen: 357681K(430080K)->357777K(430080K)
[458.813s][info][gc,metaspace   ] GC(1787) Metaspace: 6132K(6208K)->6132K(6208K) NonClass: 5649K(5696K)->5649K(5696K) Class: 483K(512K)->483K(512K)
[458.813s][info][gc             ] GC(1787) Pause Young (Allocation Failure) 485M->350M(584M) 2.580ms
[458.813s][info][gc,cpu         ] GC(1787) User=0.01s Sys=0.00s Real=0.00s
[459.172s][info][gc,start       ] GC(1788) Pause Young (Allocation Failure)
[459.175s][info][gc,heap        ] GC(1788) PSYoungGen: 168114K(168448K)->640K(201728K) Eden: 167424K(167424K)->0K(200704K) From: 690K(1024K)->640K(1024K)
[459.175s][info][gc,heap        ] GC(1788) ParOldGen: 357777K(430080K)->357833K(430080K)
[459.175s][info][gc,metaspace   ] GC(1788) Metaspace: 6132K(6208K)->6132K(6208K) NonClass: 5649K(5696K)->5649K(5696K) Class: 483K(512K)->483K(512K)
[459.175s][info][gc             ] GC(1788) Pause Young (Allocation Failure) 513M->350M(617M) 2.846ms
[459.175s][info][gc,cpu         ] GC(1788) User=0.00s Sys=0.00s Real=0.00s
[459.607s][info][gc,start       ] GC(1789) Pause Young (Allocation Failure)
[459.608s][info][gc,heap        ] GC(1789) PSYoungGen: 201344K(201728K)->498K(194048K) Eden: 200704K(200704K)->0K(193536K) From: 640K(1024K)->498K(512K)
[459.608s][info][gc,heap        ] GC(1789) ParOldGen: 357833K(430080K)->357985K(430080K)
[459.608s][info][gc,metaspace   ] GC(1789) Metaspace: 6132K(6208K)->6132K(6208K) NonClass: 5649K(5696K)->5649K(5696K) Class: 483K(512K)->483K(512K)
[459.608s][info][gc             ] GC(1789) Pause Young (Allocation Failure) 546M->350M(609M) 1.949ms
[459.608s][info][gc,cpu         ] GC(1789) User=0.00s Sys=0.00s Real=0.00s
[460.020s][info][gc,start       ] GC(1790) Pause Young (Allocation Failure)
[460.025s][info][gc,heap        ] GC(1790) PSYoungGen: 194034K(194048K)->773K(187392K) Eden: 193536K(193536K)->0K(186368K) From: 498K(512K)->773K(1024K)
[460.025s][info][gc,heap        ] GC(1790) ParOldGen: 357985K(430080K)->357985K(430080K)
[460.025s][info][gc,metaspace   ] GC(1790) Metaspace: 6132K(6208K)->6132K(6208K) NonClass: 5649K(5696K)->5649K(5696K) Class: 483K(512K)->483K(512K)
[460.025s][info][gc             ] GC(1790) Pause Young (Allocation Failure) 539M->350M(603M) 4.595ms
[460.025s][info][gc,cpu         ] GC(1790) User=0.00s Sys=0.00s Real=0.01s
[460.411s][info][gc,start       ] GC(1791) Pause Young (Allocation Failure)
[460.416s][info][gc,heap        ] GC(1791) PSYoungGen: 187141K(187392K)->722K(180736K) Eden: 186368K(186368K)->0K(179712K) From: 773K(1024K)->722K(1024K)
[460.416s][info][gc,heap        ] GC(1791) ParOldGen: 357985K(430080K)->358017K(430080K)
[460.416s][info][gc,metaspace   ] GC(1791) Metaspace: 6132K(6208K)->6132K(6208K) NonClass: 5649K(5696K)->5649K(5696K) Class: 483K(512K)->483K(512K)
[460.416s][info][gc             ] GC(1791) Pause Young (Allocation Failure) 532M->350M(596M) 4.454ms
[460.416s][info][gc,cpu         ] GC(1791) User=0.01s Sys=0.00s Real=0.00s
[460.772s][info][gc,start       ] GC(1792) Pause Young (Allocation Failure)
[460.775s][info][gc,heap        ] GC(1792) PSYoungGen: 180434K(180736K)->690K(174592K) Eden: 179712K(179712K)->0K(173568K) From: 722K(1024K)->690K(1024K)
[460.775s][info][gc,heap        ] GC(1792) ParOldGen: 358017K(430080K)->358017K(430080K)
[460.775s][info][gc,metaspace   ] GC(1792) Metaspace: 6132K(6208K)->6132K(6208K) NonClass: 5649K(5696K)->5649K(5696K) Class: 483K(512K)->483K(512K)
[460.775s][info][gc             ] GC(1792) Pause Young (Allocation Failure) 525M->350M(590M) 2.707ms
[460.775s][info][gc,cpu         ] GC(1792) User=0.00s Sys=0.00s Real=0.00s
[461.086s][info][gc,start       ] GC(1793) Pause Young (Allocation Failure)
[461.088s][info][gc,heap        ] GC(1793) PSYoungGen: 174258K(174592K)->498K(167936K) Eden: 173568K(173568K)->0K(167424K) From: 690K(1024K)->498K(512K)
[461.088s][info][gc,heap        ] GC(1793) ParOldGen: 358017K(430080K)->358185K(430080K)
[461.088s][info][gc,metaspace   ] GC(1793) Metaspace: 6132K(6208K)->6132K(6208K) NonClass: 5649K(5696K)->5649K(5696K) Class: 483K(512K)->483K(512K)
[461.088s][info][gc             ] GC(1793) Pause Young (Allocation Failure) 519M->350M(584M) 2.895ms
[461.088s][info][gc,cpu         ] GC(1793) User=0.00s Sys=0.00s Real=0.00s
[461.414s][info][gc,start       ] GC(1794) Pause Young (Allocation Failure)
[461.417s][info][gc,heap        ] GC(1794) PSYoungGen: 167922K(167936K)->786K(162816K) Eden: 167424K(167424K)->0K(161792K) From: 498K(512K)->786K(1024K)
[461.417s][info][gc,heap        ] GC(1794) ParOldGen: 358185K(430080K)->358185K(430080K)
[461.417s][info][gc,metaspace   ] GC(1794) Metaspace: 6132K(6208K)->6132K(6208K) NonClass: 5649K(5696K)->5649K(5696K) Class: 483K(512K)->483K(512K)
[461.417s][info][gc             ] GC(1794) Pause Young (Allocation Failure) 513M->350M(579M) 3.065ms
[461.417s][info][gc,cpu         ] GC(1794) User=0.00s Sys=0.00s Real=0.00s
[461.733s][info][gc,start       ] GC(1795) Pause Young (Allocation Failure)
[461.735s][info][gc,heap        ] GC(1795) PSYoungGen: 162578K(162816K)->480K(156672K) Eden: 161792K(161792K)->0K(156160K) From: 786K(1024K)->480K(512K)
[461.735s][info][gc,heap        ] GC(1795) ParOldGen: 358185K(430080K)->358544K(430080K)
[461.735s][info][gc,metaspace   ] GC(1795) Metaspace: 6132K(6208K)->6132K(6208K) NonClass: 5649K(5696K)->5649K(5696K) Class: 483K(512K)->483K(512K)
[461.735s][info][gc             ] GC(1795) Pause Young (Allocation Failure) 508M->350M(573M) 2.018ms
[461.735s][info][gc,cpu         ] GC(1795) User=0.00s Sys=0.00s Real=0.00s
[462.065s][info][gc,start       ] GC(1796) Pause Young (Allocation Failure)
[462.066s][info][gc,heap        ] GC(1796) PSYoungGen: 156640K(156672K)->498K(152064K) Eden: 156160K(156160K)->0K(151040K) From: 480K(512K)->498K(1024K)
[462.066s][info][gc,heap        ] GC(1796) ParOldGen: 358544K(430080K)->358648K(430080K)
[462.067s][info][gc,metaspace   ] GC(1796) Metaspace: 6132K(6208K)->6132K(6208K) NonClass: 5649K(5696K)->5649K(5696K) Class: 483K(512K)->483K(512K)
[462.067s][info][gc             ] GC(1796) Pause Young (Allocation Failure) 503M->350M(568M) 1.556ms
[462.067s][info][gc,cpu         ] GC(1796) User=0.00s Sys=0.00s Real=0.00s
[462.377s][info][gc,start       ] GC(1797) Pause Young (Allocation Failure)
[462.378s][info][gc,heap        ] GC(1797) PSYoungGen: 151538K(152064K)->704K(146944K) Eden: 151040K(151040K)->0K(145920K) From: 498K(1024K)->704K(1024K)
[462.378s][info][gc,heap        ] GC(1797) ParOldGen: 358648K(430080K)->358746K(430080K)
[462.378s][info][gc,metaspace   ] GC(1797) Metaspace: 6132K(6208K)->6132K(6208K) NonClass: 5649K(5696K)->5649K(5696K) Class: 483K(512K)->483K(512K)
[462.378s][info][gc             ] GC(1797) Pause Young (Allocation Failure) 498M->351M(563M) 1.701ms
[462.378s][info][gc,cpu         ] GC(1797) User=0.00s Sys=0.00s Real=0.00s
[462.682s][info][gc,start       ] GC(1798) Pause Young (Allocation Failure)
[462.684s][info][gc,heap        ] GC(1798) PSYoungGen: 146624K(146944K)->786K(142336K) Eden: 145920K(145920K)->0K(141312K) From: 704K(1024K)->786K(1024K)
[462.684s][info][gc,heap        ] GC(1798) ParOldGen: 358746K(430080K)->359058K(430080K)
[462.684s][info][gc,metaspace   ] GC(1798) Metaspace: 6132K(6208K)->6132K(6208K) NonClass: 5649K(5696K)->5649K(5696K) Class: 483K(512K)->483K(512K)
[462.684s][info][gc             ] GC(1798) Pause Young (Allocation Failure) 493M->351M(559M) 2.034ms
[462.684s][info][gc,cpu         ] GC(1798) User=0.00s Sys=0.00s Real=0.00s
[462.971s][info][gc,start       ] GC(1799) Pause Young (Allocation Failure)
[462.973s][info][gc,heap        ] GC(1799) PSYoungGen: 142098K(142336K)->498K(137216K) Eden: 141312K(141312K)->0K(136704K) From: 786K(1024K)->498K(512K)
[462.973s][info][gc,heap        ] GC(1799) ParOldGen: 359058K(430080K)->359250K(430080K)
[462.973s][info][gc,metaspace   ] GC(1799) Metaspace: 6132K(6208K)->6132K(6208K) NonClass: 5649K(5696K)->5649K(5696K) Class: 483K(512K)->483K(512K)
[462.973s][info][gc             ] GC(1799) Pause Young (Allocation Failure) 489M->351M(554M) 2.369ms
[462.973s][info][gc,cpu         ] GC(1799) User=0.00s Sys=0.00s Real=0.00s
[463.244s][info][gc,start       ] GC(1800) Pause Young (Allocation Failure)
[463.247s][info][gc,heap        ] GC(1800) PSYoungGen: 137202K(137216K)->722K(133120K) Eden: 136704K(136704K)->0K(132096K) From: 498K(512K)->722K(1024K)
[463.247s][info][gc,heap        ] GC(1800) ParOldGen: 359250K(430080K)->359250K(430080K)
[463.247s][info][gc,metaspace   ] GC(1800) Metaspace: 6132K(6208K)->6132K(6208K) NonClass: 5649K(5696K)->5649K(5696K) Class: 483K(512K)->483K(512K)
[463.247s][info][gc             ] GC(1800) Pause Young (Allocation Failure) 484M->351M(550M) 2.611ms
[463.247s][info][gc,cpu         ] GC(1800) User=0.00s Sys=0.00s Real=0.00s
[463.509s][info][gc,start       ] GC(1801) Pause Young (Allocation Failure)
[463.511s][info][gc,heap        ] GC(1801) PSYoungGen: 132818K(133120K)->626K(129024K) Eden: 132096K(132096K)->0K(128000K) From: 722K(1024K)->626K(1024K)
[463.511s][info][gc,heap        ] GC(1801) ParOldGen: 359250K(430080K)->359298K(430080K)
[463.511s][info][gc,metaspace   ] GC(1801) Metaspace: 6132K(6208K)->6132K(6208K) NonClass: 5649K(5696K)->5649K(5696K) Class: 483K(512K)->483K(512K)
[463.511s][info][gc             ] GC(1801) Pause Young (Allocation Failure) 480M->351M(546M) 2.209ms
[463.511s][info][gc,cpu         ] GC(1801) User=0.01s Sys=0.00s Real=0.01s
[463.770s][info][gc,start       ] GC(1802) Pause Young (Allocation Failure)
[463.774s][info][gc,heap        ] GC(1802) PSYoungGen: 128626K(129024K)->512K(124416K) Eden: 128000K(128000K)->0K(123904K) From: 626K(1024K)->512K(512K)
[463.774s][info][gc,heap        ] GC(1802) ParOldGen: 359298K(430080K)->359621K(430080K)
[463.774s][info][gc,metaspace   ] GC(1802) Metaspace: 6132K(6208K)->6132K(6208K) NonClass: 5649K(5696K)->5649K(5696K) Class: 483K(512K)->483K(512K)
[463.774s][info][gc             ] GC(1802) Pause Young (Allocation Failure) 476M->351M(541M) 3.501ms
[463.774s][info][gc,cpu         ] GC(1802) User=0.01s Sys=0.00s Real=0.01s
[464.032s][info][gc,start       ] GC(1803) Pause Young (Allocation Failure)
[464.034s][info][gc,heap        ] GC(1803) PSYoungGen: 124416K(124416K)->818K(121344K) Eden: 123904K(123904K)->0K(120320K) From: 512K(512K)->818K(1024K)
[464.034s][info][gc,heap        ] GC(1803) ParOldGen: 359621K(430080K)->359709K(430080K)
[464.034s][info][gc,metaspace   ] GC(1803) Metaspace: 6132K(6208K)->6132K(6208K) NonClass: 5649K(5696K)->5649K(5696K) Class: 483K(512K)->483K(512K)
[464.034s][info][gc             ] GC(1803) Pause Young (Allocation Failure) 472M->352M(538M) 1.792ms
[464.034s][info][gc,cpu         ] GC(1803) User=0.00s Sys=0.00s Real=0.00s
[464.281s][info][gc,start       ] GC(1804) Pause Young (Allocation Failure)
[464.283s][info][gc,heap        ] GC(1804) PSYoungGen: 121138K(121344K)->768K(117760K) Eden: 120320K(120320K)->0K(116736K) From: 818K(1024K)->768K(1024K)
[464.283s][info][gc,heap        ] GC(1804) ParOldGen: 359709K(430080K)->359741K(430080K)
[464.283s][info][gc,metaspace   ] GC(1804) Metaspace: 6132K(6208K)->6132K(6208K) NonClass: 5649K(5696K)->5649K(5696K) Class: 483K(512K)->483K(512K)
[464.283s][info][gc             ] GC(1804) Pause Young (Allocation Failure) 469M->352M(535M) 1.605ms
[464.283s][info][gc,cpu         ] GC(1804) User=0.00s Sys=0.00s Real=0.00s
[464.513s][info][gc,start       ] GC(1805) Pause Young (Allocation Failure)
[464.514s][info][gc,heap        ] GC(1805) PSYoungGen: 117504K(117760K)->512K(113664K) Eden: 116736K(116736K)->0K(113152K) From: 768K(1024K)->512K(512K)
[464.514s][info][gc,heap        ] GC(1805) ParOldGen: 359741K(430080K)->359965K(430080K)
[464.514s][info][gc,metaspace   ] GC(1805) Metaspace: 6132K(6208K)->6132K(6208K) NonClass: 5649K(5696K)->5649K(5696K) Class: 483K(512K)->483K(512K)
[464.514s][info][gc             ] GC(1805) Pause Young (Allocation Failure) 466M->352M(531M) 1.308ms
[464.514s][info][gc,cpu         ] GC(1805) User=0.00s Sys=0.00s Real=0.00s
[464.752s][info][gc,start       ] GC(1806) Pause Young (Allocation Failure)
[464.753s][info][gc,heap        ] GC(1806) PSYoungGen: 113664K(113664K)->768K(111104K) Eden: 113152K(113152K)->0K(110080K) From: 512K(512K)->768K(1024K)
[464.753s][info][gc,heap        ] GC(1806) ParOldGen: 359965K(430080K)->359965K(430080K)
[464.753s][info][gc,metaspace   ] GC(1806) Metaspace: 6132K(6208K)->6132K(6208K) NonClass: 5649K(5696K)->5649K(5696K) Class: 483K(512K)->483K(512K)
[464.753s][info][gc             ] GC(1806) Pause Young (Allocation Failure) 462M->352M(528M) 1.516ms
[464.753s][info][gc,cpu         ] GC(1806) User=0.00s Sys=0.00s Real=0.00s
[464.967s][info][gc,start       ] GC(1807) Pause Young (Allocation Failure)
[464.968s][info][gc,heap        ] GC(1807) PSYoungGen: 110848K(111104K)->448K(107520K) Eden: 110080K(110080K)->0K(107008K) From: 768K(1024K)->448K(512K)
[464.969s][info][gc,heap        ] GC(1807) ParOldGen: 359965K(430080K)->359981K(430080K)
[464.969s][info][gc,metaspace   ] GC(1807) Metaspace: 6132K(6208K)->6132K(6208K) NonClass: 5649K(5696K)->5649K(5696K) Class: 483K(512K)->483K(512K)
[464.969s][info][gc             ] GC(1807) Pause Young (Allocation Failure) 459M->351M(525M) 1.184ms
[464.969s][info][gc,cpu         ] GC(1807) User=0.00s Sys=0.00s Real=0.00s
[465.176s][info][gc,start       ] GC(1808) Pause Young (Allocation Failure)
[465.177s][info][gc,heap        ] GC(1808) PSYoungGen: 107456K(107520K)->736K(104960K) Eden: 107008K(107008K)->0K(103936K) From: 448K(512K)->736K(1024K)
[465.177s][info][gc,heap        ] GC(1808) ParOldGen: 359981K(430080K)->359981K(430080K)
[465.177s][info][gc,metaspace   ] GC(1808) Metaspace: 6132K(6208K)->6132K(6208K) NonClass: 5649K(5696K)->5649K(5696K) Class: 483K(512K)->483K(512K)
[465.177s][info][gc             ] GC(1808) Pause Young (Allocation Failure) 456M->352M(522M) 1.359ms
[465.177s][info][gc,cpu         ] GC(1808) User=0.00s Sys=0.00s Real=0.00s
[465.410s][info][gc,start       ] GC(1809) Pause Young (Allocation Failure)
[465.411s][info][gc,heap        ] GC(1809) PSYoungGen: 104672K(104960K)->736K(101888K) Eden: 103936K(103936K)->0K(100864K) From: 736K(1024K)->736K(1024K)
[465.411s][info][gc,heap        ] GC(1809) ParOldGen: 359981K(430080K)->359981K(430080K)
[465.411s][info][gc,metaspace   ] GC(1809) Metaspace: 6132K(6208K)->6132K(6208K) NonClass: 5649K(5696K)->5649K(5696K) Class: 483K(512K)->483K(512K)
[465.411s][info][gc             ] GC(1809) Pause Young (Allocation Failure) 453M->352M(519M) 1.464ms
[465.411s][info][gc,cpu         ] GC(1809) User=0.01s Sys=0.00s Real=0.01s
[465.649s][info][gc,start       ] GC(1810) Pause Young (Allocation Failure)
[465.650s][info][gc,heap        ] GC(1810) PSYoungGen: 101600K(101888K)->736K(99328K) Eden: 100864K(100864K)->0K(98304K) From: 736K(1024K)->736K(1024K)
[465.650s][info][gc,heap        ] GC(1810) ParOldGen: 359981K(430080K)->359981K(430080K)
[465.650s][info][gc,metaspace   ] GC(1810) Metaspace: 6132K(6208K)->6132K(6208K) NonClass: 5649K(5696K)->5649K(5696K) Class: 483K(512K)->483K(512K)
[465.650s][info][gc             ] GC(1810) Pause Young (Allocation Failure) 450M->352M(517M) 1.731ms
[465.650s][info][gc,cpu         ] GC(1810) User=0.00s Sys=0.00s Real=0.00s
[465.885s][info][gc,start       ] GC(1811) Pause Young (Allocation Failure)
[465.887s][info][gc,heap        ] GC(1811) PSYoungGen: 99040K(99328K)->512K(96256K) Eden: 98304K(98304K)->0K(95744K) From: 736K(1024K)->512K(512K)
[465.887s][info][gc,heap        ] GC(1811) ParOldGen: 359981K(430080K)->360133K(430080K)
[465.887s][info][gc,metaspace   ] GC(1811) Metaspace: 6132K(6208K)->6132K(6208K) NonClass: 5649K(5696K)->5649K(5696K) Class: 483K(512K)->483K(512K)
[465.887s][info][gc             ] GC(1811) Pause Young (Allocation Failure) 448M->352M(514M) 1.455ms
[465.887s][info][gc,cpu         ] GC(1811) User=0.00s Sys=0.00s Real=0.00s
[466.106s][info][gc,start       ] GC(1812) Pause Young (Allocation Failure)
[466.107s][info][gc,heap        ] GC(1812) PSYoungGen: 96256K(96256K)->754K(94208K) Eden: 95744K(95744K)->0K(93184K) From: 512K(512K)->754K(1024K)
[466.107s][info][gc,heap        ] GC(1812) ParOldGen: 360133K(430080K)->360133K(430080K)
[466.107s][info][gc,metaspace   ] GC(1812) Metaspace: 6132K(6208K)->6132K(6208K) NonClass: 5649K(5696K)->5649K(5696K) Class: 483K(512K)->483K(512K)
[466.107s][info][gc             ] GC(1812) Pause Young (Allocation Failure) 445M->352M(512M) 1.418ms
[466.107s][info][gc,cpu         ] GC(1812) User=0.00s Sys=0.00s Real=0.00s
[466.326s][info][gc,start       ] GC(1813) Pause Young (Allocation Failure)
[466.327s][info][gc,heap        ] GC(1813) PSYoungGen: 93938K(94208K)->672K(91648K) Eden: 93184K(93184K)->0K(90624K) From: 754K(1024K)->672K(1024K)
[466.327s][info][gc,heap        ] GC(1813) ParOldGen: 360133K(430080K)->360173K(430080K)
[466.327s][info][gc,metaspace   ] GC(1813) Metaspace: 6132K(6208K)->6132K(6208K) NonClass: 5649K(5696K)->5649K(5696K) Class: 483K(512K)->483K(512K)
[466.327s][info][gc             ] GC(1813) Pause Young (Allocation Failure) 443M->352M(509M) 1.316ms
[466.327s][info][gc,cpu         ] GC(1813) User=0.01s Sys=0.00s Real=0.00s
[466.544s][info][gc,start       ] GC(1814) Pause Young (Allocation Failure)
[466.546s][info][gc,heap        ] GC(1814) PSYoungGen: 91296K(91648K)->704K(89088K) Eden: 90624K(90624K)->0K(88064K) From: 672K(1024K)->704K(1024K)
[466.546s][info][gc,heap        ] GC(1814) ParOldGen: 360173K(430080K)->360173K(430080K)
[466.546s][info][gc,metaspace   ] GC(1814) Metaspace: 6132K(6208K)->6132K(6208K) NonClass: 5649K(5696K)->5649K(5696K) Class: 483K(512K)->483K(512K)
[466.546s][info][gc             ] GC(1814) Pause Young (Allocation Failure) 440M->352M(507M) 1.412ms
[466.546s][info][gc,cpu         ] GC(1814) User=0.00s Sys=0.00s Real=0.00s
[466.738s][info][gc,start       ] GC(1815) Pause Young (Allocation Failure)
[466.739s][info][gc,heap        ] GC(1815) PSYoungGen: 88768K(89088K)->512K(86528K) Eden: 88064K(88064K)->0K(86016K) From: 704K(1024K)->512K(512K)
[466.739s][info][gc,heap        ] GC(1815) ParOldGen: 360173K(430080K)->360405K(430080K)
[466.739s][info][gc,metaspace   ] GC(1815) Metaspace: 6132K(6208K)->6132K(6208K) NonClass: 5649K(5696K)->5649K(5696K) Class: 483K(512K)->483K(512K)
[466.739s][info][gc             ] GC(1815) Pause Young (Allocation Failure) 438M->352M(504M) 1.372ms
[466.739s][info][gc,cpu         ] GC(1815) User=0.01s Sys=0.00s Real=0.00s
[466.940s][info][gc,start       ] GC(1816) Pause Young (Allocation Failure)
[466.942s][info][gc,heap        ] GC(1816) PSYoungGen: 86528K(86528K)->722K(291840K) Eden: 86016K(86016K)->0K(290816K) From: 512K(512K)->722K(1024K)
[466.942s][info][gc,heap        ] GC(1816) ParOldGen: 360405K(430080K)->360405K(430080K)
[466.942s][info][gc,metaspace   ] GC(1816) Metaspace: 6132K(6208K)->6132K(6208K) NonClass: 5649K(5696K)->5649K(5696K) Class: 483K(512K)->483K(512K)
[466.942s][info][gc             ] GC(1816) Pause Young (Allocation Failure) 436M->352M(705M) 2.439ms
[466.942s][info][gc,cpu         ] GC(1816) User=0.01s Sys=0.00s Real=0.01s
[467.662s][info][gc,start       ] GC(1817) Pause Young (Allocation Failure)
[467.663s][info][gc,heap        ] GC(1817) PSYoungGen: 291538K(291840K)->640K(280064K) Eden: 290816K(290816K)->0K(279040K) From: 722K(1024K)->640K(1024K)
[467.663s][info][gc,heap        ] GC(1817) ParOldGen: 360405K(430080K)->360437K(430080K)
[467.663s][info][gc,metaspace   ] GC(1817) Metaspace: 6132K(6208K)->6132K(6208K) NonClass: 5649K(5696K)->5649K(5696K) Class: 483K(512K)->483K(512K)
[467.663s][info][gc             ] GC(1817) Pause Young (Allocation Failure) 636M->352M(693M) 1.131ms
[467.663s][info][gc,cpu         ] GC(1817) User=0.00s Sys=0.00s Real=0.00s
[468.265s][info][gc,start       ] GC(1818) Pause Young (Allocation Failure)
[468.267s][info][gc,heap        ] GC(1818) PSYoungGen: 279680K(280064K)->690K(268800K) Eden: 279040K(279040K)->0K(267776K) From: 640K(1024K)->690K(1024K)
[468.267s][info][gc,heap        ] GC(1818) ParOldGen: 360437K(430080K)->360437K(430080K)
[468.267s][info][gc,metaspace   ] GC(1818) Metaspace: 6132K(6208K)->6132K(6208K) NonClass: 5649K(5696K)->5649K(5696K) Class: 483K(512K)->483K(512K)
[468.267s][info][gc             ] GC(1818) Pause Young (Allocation Failure) 625M->352M(682M) 2.567ms
[468.267s][info][gc,cpu         ] GC(1818) User=0.00s Sys=0.00s Real=0.00s
[468.866s][info][gc,start       ] GC(1819) Pause Young (Allocation Failure)
[468.869s][info][gc,heap        ] GC(1819) PSYoungGen: 268466K(268800K)->498K(258048K) Eden: 267776K(267776K)->0K(257536K) From: 690K(1024K)->498K(512K)
[468.869s][info][gc,heap        ] GC(1819) ParOldGen: 360437K(430080K)->360589K(430080K)
[468.869s][info][gc,metaspace   ] GC(1819) Metaspace: 6132K(6208K)->6132K(6208K) NonClass: 5649K(5696K)->5649K(5696K) Class: 483K(512K)->483K(512K)
[468.869s][info][gc             ] GC(1819) Pause Young (Allocation Failure) 614M->352M(672M) 2.385ms
[468.869s][info][gc,cpu         ] GC(1819) User=0.00s Sys=0.00s Real=0.00s
[469.393s][info][gc,start       ] GC(1820) Pause Young (Allocation Failure)
[469.395s][info][gc,heap        ] GC(1820) PSYoungGen: 258034K(258048K)->722K(248320K) Eden: 257536K(257536K)->0K(247296K) From: 498K(512K)->722K(1024K)
[469.395s][info][gc,heap        ] GC(1820) ParOldGen: 360589K(430080K)->360589K(430080K)
[469.395s][info][gc,metaspace   ] GC(1820) Metaspace: 6132K(6208K)->6132K(6208K) NonClass: 5649K(5696K)->5649K(5696K) Class: 483K(512K)->483K(512K)
[469.395s][info][gc             ] GC(1820) Pause Young (Allocation Failure) 604M->352M(662M) 2.472ms
[469.395s][info][gc,cpu         ] GC(1820) User=0.01s Sys=0.00s Real=0.00s
[469.979s][info][gc,start       ] GC(1821) Pause Young (Allocation Failure)
[469.980s][info][gc,heap        ] GC(1821) PSYoungGen: 248018K(248320K)->736K(238592K) Eden: 247296K(247296K)->0K(237568K) From: 722K(1024K)->736K(1024K)
[469.980s][info][gc,heap        ] GC(1821) ParOldGen: 360589K(430080K)->360613K(430080K)
[469.980s][info][gc,metaspace   ] GC(1821) Metaspace: 6132K(6208K)->6132K(6208K) NonClass: 5649K(5696K)->5649K(5696K) Class: 483K(512K)->483K(512K)
[469.980s][info][gc             ] GC(1821) Pause Young (Allocation Failure) 594M->352M(653M) 1.521ms
[469.980s][info][gc,cpu         ] GC(1821) User=0.00s Sys=0.00s Real=0.00s
[470.454s][info][gc,start       ] GC(1822) Pause Young (Allocation Failure)
[470.456s][info][gc,heap        ] GC(1822) PSYoungGen: 238304K(238592K)->658K(229376K) Eden: 237568K(237568K)->0K(228352K) From: 736K(1024K)->658K(1024K)
[470.456s][info][gc,heap        ] GC(1822) ParOldGen: 360613K(430080K)->360613K(430080K)
[470.456s][info][gc,metaspace   ] GC(1822) Metaspace: 6132K(6208K)->6132K(6208K) NonClass: 5649K(5696K)->5649K(5696K) Class: 483K(512K)->483K(512K)
[470.456s][info][gc             ] GC(1822) Pause Young (Allocation Failure) 584M->352M(644M) 2.380ms
[470.457s][info][gc,cpu         ] GC(1822) User=0.00s Sys=0.00s Real=0.00s
[470.919s][info][gc,start       ] GC(1823) Pause Young (Allocation Failure)
[470.923s][info][gc,heap        ] GC(1823) PSYoungGen: 229010K(229376K)->498K(220160K) Eden: 228352K(228352K)->0K(219648K) From: 658K(1024K)->498K(512K)
[470.923s][info][gc,heap        ] GC(1823) ParOldGen: 360613K(430080K)->360885K(430080K)
[470.923s][info][gc,metaspace   ] GC(1823) Metaspace: 6132K(6208K)->6132K(6208K) NonClass: 5649K(5696K)->5649K(5696K) Class: 483K(512K)->483K(512K)
[470.923s][info][gc             ] GC(1823) Pause Young (Allocation Failure) 575M->352M(635M) 3.294ms
[470.923s][info][gc,cpu         ] GC(1823) User=0.00s Sys=0.00s Real=0.01s
[471.303s][info][gc,start       ] GC(1824) Pause Young (Allocation Failure)
[471.304s][info][gc,heap        ] GC(1824) PSYoungGen: 220146K(220160K)->736K(212480K) Eden: 219648K(219648K)->0K(211456K) From: 498K(512K)->736K(1024K)
[471.304s][info][gc,heap        ] GC(1824) ParOldGen: 360885K(430080K)->360885K(430080K)
[471.304s][info][gc,metaspace   ] GC(1824) Metaspace: 6132K(6208K)->6132K(6208K) NonClass: 5649K(5696K)->5649K(5696K) Class: 483K(512K)->483K(512K)
[471.304s][info][gc             ] GC(1824) Pause Young (Allocation Failure) 567M->353M(627M) 1.300ms
[471.304s][info][gc,cpu         ] GC(1824) User=0.00s Sys=0.00s Real=0.00s
[471.569s][info][gc,start       ] GC(1825) Pause Young (Allocation Failure)
[471.571s][info][gc,heap        ] GC(1825) PSYoungGen: 212192K(212480K)->640K(204800K) Eden: 211456K(211456K)->0K(203776K) From: 736K(1024K)->640K(1024K)
[471.571s][info][gc,heap        ] GC(1825) ParOldGen: 360885K(430080K)->360901K(430080K)
[471.571s][info][gc,metaspace   ] GC(1825) Metaspace: 6132K(6208K)->6132K(6208K) NonClass: 5649K(5696K)->5649K(5696K) Class: 483K(512K)->483K(512K)
[471.571s][info][gc             ] GC(1825) Pause Young (Allocation Failure) 559M->353M(620M) 2.263ms
[471.571s][info][gc,cpu         ] GC(1825) User=0.00s Sys=0.00s Real=0.01s
[471.962s][info][gc,start       ] GC(1826) Pause Young (Allocation Failure)
[471.964s][info][gc,heap        ] GC(1826) PSYoungGen: 204416K(204800K)->704K(197120K) Eden: 203776K(203776K)->0K(196096K) From: 640K(1024K)->704K(1024K)
[471.964s][info][gc,heap        ] GC(1826) ParOldGen: 360901K(430080K)->360901K(430080K)
[471.964s][info][gc,metaspace   ] GC(1826) Metaspace: 6132K(6208K)->6132K(6208K) NonClass: 5649K(5696K)->5649K(5696K) Class: 483K(512K)->483K(512K)
[471.964s][info][gc             ] GC(1826) Pause Young (Allocation Failure) 552M->353M(612M) 1.712ms
[471.964s][info][gc,cpu         ] GC(1826) User=0.00s Sys=0.00s Real=0.00s
[472.457s][info][gc,start       ] GC(1827) Pause Young (Allocation Failure)
[472.459s][info][gc,heap        ] GC(1827) PSYoungGen: 196800K(197120K)->512K(189440K) Eden: 196096K(196096K)->0K(188928K) From: 704K(1024K)->512K(512K)
[472.459s][info][gc,heap        ] GC(1827) ParOldGen: 360901K(430080K)->361109K(430080K)
[472.459s][info][gc,metaspace   ] GC(1827) Metaspace: 6132K(6208K)->6132K(6208K) NonClass: 5649K(5696K)->5649K(5696K) Class: 483K(512K)->483K(512K)
[472.459s][info][gc             ] GC(1827) Pause Young (Allocation Failure) 544M->353M(605M) 1.658ms
[472.459s][info][gc,cpu         ] GC(1827) User=0.00s Sys=0.00s Real=0.00s
[472.953s][info][gc,start       ] GC(1828) Pause Young (Allocation Failure)
[472.955s][info][gc,heap        ] GC(1828) PSYoungGen: 189440K(189440K)->722K(183296K) Eden: 188928K(188928K)->0K(182272K) From: 512K(512K)->722K(1024K)
[472.955s][info][gc,heap        ] GC(1828) ParOldGen: 361109K(430080K)->361109K(430080K)
[472.955s][info][gc,metaspace   ] GC(1828) Metaspace: 6132K(6208K)->6132K(6208K) NonClass: 5649K(5696K)->5649K(5696K) Class: 483K(512K)->483K(512K)
[472.955s][info][gc             ] GC(1828) Pause Young (Allocation Failure) 537M->353M(599M) 1.501ms
[472.955s][info][gc,cpu         ] GC(1828) User=0.00s Sys=0.00s Real=0.00s
[473.465s][info][gc,start       ] GC(1829) Pause Young (Allocation Failure)
[473.466s][info][gc,heap        ] GC(1829) PSYoungGen: 182994K(183296K)->640K(176640K) Eden: 182272K(182272K)->0K(175616K) From: 722K(1024K)->640K(1024K)
[473.466s][info][gc,heap        ] GC(1829) ParOldGen: 361109K(430080K)->361141K(430080K)
[473.467s][info][gc,metaspace   ] GC(1829) Metaspace: 6132K(6208K)->6132K(6208K) NonClass: 5649K(5696K)->5649K(5696K) Class: 483K(512K)->483K(512K)
[473.467s][info][gc             ] GC(1829) Pause Young (Allocation Failure) 531M->353M(592M) 1.365ms
[473.467s][info][gc,cpu         ] GC(1829) User=0.00s Sys=0.01s Real=0.00s
[473.903s][info][gc,start       ] GC(1830) Pause Young (Allocation Failure)
[473.904s][info][gc,heap        ] GC(1830) PSYoungGen: 176256K(176640K)->416K(169984K) Eden: 175616K(175616K)->0K(169472K) From: 640K(1024K)->416K(512K)
[473.904s][info][gc,heap        ] GC(1830) ParOldGen: 361141K(430080K)->361448K(430080K)
[473.904s][info][gc,metaspace   ] GC(1830) Metaspace: 6132K(6208K)->6132K(6208K) NonClass: 5649K(5696K)->5649K(5696K) Class: 483K(512K)->483K(512K)
[473.904s][info][gc             ] GC(1830) Pause Young (Allocation Failure) 524M->353M(586M) 1.684ms
[473.904s][info][gc,cpu         ] GC(1830) User=0.00s Sys=0.00s Real=0.00s
[474.339s][info][gc,start       ] GC(1831) Pause Young (Allocation Failure)
[474.341s][info][gc,heap        ] GC(1831) PSYoungGen: 169888K(169984K)->544K(164864K) Eden: 169472K(169472K)->0K(163840K) From: 416K(512K)->544K(1024K)
[474.341s][info][gc,heap        ] GC(1831) ParOldGen: 361448K(430080K)->361830K(430080K)
[474.341s][info][gc,metaspace   ] GC(1831) Metaspace: 6132K(6208K)->6132K(6208K) NonClass: 5649K(5696K)->5649K(5696K) Class: 483K(512K)->483K(512K)
[474.341s][info][gc             ] GC(1831) Pause Young (Allocation Failure) 518M->353M(581M) 2.121ms
[474.341s][info][gc,cpu         ] GC(1831) User=0.00s Sys=0.00s Real=0.01s
[474.739s][info][gc,start       ] GC(1832) Pause Young (Allocation Failure)
[474.741s][info][gc,heap        ] GC(1832) PSYoungGen: 164384K(164864K)->754K(159232K) Eden: 163840K(163840K)->0K(158208K) From: 544K(1024K)->754K(1024K)
[474.741s][info][gc,heap        ] GC(1832) ParOldGen: 361830K(430080K)->361974K(430080K)
[474.741s][info][gc,metaspace   ] GC(1832) Metaspace: 6132K(6208K)->6132K(6208K) NonClass: 5649K(5696K)->5649K(5696K) Class: 483K(512K)->483K(512K)
[474.741s][info][gc             ] GC(1832) Pause Young (Allocation Failure) 513M->354M(575M) 1.978ms
[474.741s][info][gc,cpu         ] GC(1832) User=0.00s Sys=0.00s Real=0.01s
[475.083s][info][gc,start       ] GC(1833) Pause Young (Allocation Failure)
[475.086s][info][gc,heap        ] GC(1833) PSYoungGen: 158962K(159232K)->498K(153600K) Eden: 158208K(158208K)->0K(153088K) From: 754K(1024K)->498K(512K)
[475.086s][info][gc,heap        ] GC(1833) ParOldGen: 361974K(430080K)->362150K(430080K)
[475.086s][info][gc,metaspace   ] GC(1833) Metaspace: 6132K(6208K)->6132K(6208K) NonClass: 5649K(5696K)->5649K(5696K) Class: 483K(512K)->483K(512K)
[475.086s][info][gc             ] GC(1833) Pause Young (Allocation Failure) 508M->354M(570M) 2.495ms
[475.086s][info][gc,cpu         ] GC(1833) User=0.00s Sys=0.00s Real=0.00s
[475.378s][info][gc,start       ] GC(1834) Pause Young (Allocation Failure)
[475.381s][info][gc,heap        ] GC(1834) PSYoungGen: 153586K(153600K)->677K(148992K) Eden: 153088K(153088K)->0K(147968K) From: 498K(512K)->677K(1024K)
[475.381s][info][gc,heap        ] GC(1834) ParOldGen: 362150K(430080K)->362150K(430080K)
[475.381s][info][gc,metaspace   ] GC(1834) Metaspace: 6132K(6208K)->6132K(6208K) NonClass: 5649K(5696K)->5649K(5696K) Class: 483K(512K)->483K(512K)
[475.381s][info][gc             ] GC(1834) Pause Young (Allocation Failure) 503M->354M(565M) 2.599ms
[475.381s][info][gc,cpu         ] GC(1834) User=0.00s Sys=0.00s Real=0.01s
[475.736s][info][gc,start       ] GC(1835) Pause Young (Allocation Failure)
[475.739s][info][gc,heap        ] GC(1835) PSYoungGen: 148645K(148992K)->672K(144384K) Eden: 147968K(147968K)->0K(143360K) From: 677K(1024K)->672K(1024K)
[475.739s][info][gc,heap        ] GC(1835) ParOldGen: 362150K(430080K)->362198K(430080K)
[475.739s][info][gc,metaspace   ] GC(1835) Metaspace: 6132K(6208K)->6132K(6208K) NonClass: 5649K(5696K)->5649K(5696K) Class: 483K(512K)->483K(512K)
[475.739s][info][gc             ] GC(1835) Pause Young (Allocation Failure) 498M->354M(561M) 3.402ms
[475.739s][info][gc,cpu         ] GC(1835) User=0.01s Sys=0.00s Real=0.00s
[476.099s][info][gc,start       ] GC(1836) Pause Young (Allocation Failure)
[476.100s][info][gc,heap        ] GC(1836) PSYoungGen: 144032K(144384K)->608K(139776K) Eden: 143360K(143360K)->0K(138752K) From: 672K(1024K)->608K(1024K)
[476.100s][info][gc,heap        ] GC(1836) ParOldGen: 362198K(430080K)->362198K(430080K)
[476.100s][info][gc,metaspace   ] GC(1836) Metaspace: 6132K(6208K)->6132K(6208K) NonClass: 5649K(5696K)->5649K(5696K) Class: 483K(512K)->483K(512K)
[476.100s][info][gc             ] GC(1836) Pause Young (Allocation Failure) 494M->354M(556M) 1.251ms
[476.100s][info][gc,cpu         ] GC(1836) User=0.00s Sys=0.00s Real=0.00s
[476.427s][info][gc,start       ] GC(1837) Pause Young (Allocation Failure)
[476.428s][info][gc,heap        ] GC(1837) PSYoungGen: 139360K(139776K)->416K(134656K) Eden: 138752K(138752K)->0K(134144K) From: 608K(1024K)->416K(512K)
[476.428s][info][gc,heap        ] GC(1837) ParOldGen: 362198K(430080K)->362513K(430080K)
[476.428s][info][gc,metaspace   ] GC(1837) Metaspace: 6132K(6208K)->6132K(6208K) NonClass: 5649K(5696K)->5649K(5696K) Class: 483K(512K)->483K(512K)
[476.428s][info][gc             ] GC(1837) Pause Young (Allocation Failure) 489M->354M(551M) 1.706ms
[476.428s][info][gc,cpu         ] GC(1837) User=0.00s Sys=0.00s Real=0.00s
[476.695s][info][gc,start       ] GC(1838) Pause Young (Allocation Failure)
[476.698s][info][gc,heap        ] GC(1838) PSYoungGen: 134560K(134656K)->754K(131072K) Eden: 134144K(134144K)->0K(130048K) From: 416K(512K)->754K(1024K)
[476.698s][info][gc,heap        ] GC(1838) ParOldGen: 362513K(430080K)->362609K(430080K)
[476.698s][info][gc,metaspace   ] GC(1838) Metaspace: 6132K(6208K)->6132K(6208K) NonClass: 5649K(5696K)->5649K(5696K) Class: 483K(512K)->483K(512K)
[476.698s][info][gc             ] GC(1838) Pause Young (Allocation Failure) 485M->354M(548M) 2.758ms
[476.698s][info][gc,cpu         ] GC(1838) User=0.00s Sys=0.00s Real=0.00s
[477.044s][info][gc,start       ] GC(1839) Pause Young (Allocation Failure)
[477.049s][info][gc,heap        ] GC(1839) PSYoungGen: 130802K(131072K)->768K(126976K) Eden: 130048K(130048K)->0K(125952K) From: 754K(1024K)->768K(1024K)
[477.049s][info][gc,heap        ] GC(1839) ParOldGen: 362609K(430080K)->362649K(430080K)
[477.049s][info][gc,metaspace   ] GC(1839) Metaspace: 6132K(6208K)->6132K(6208K) NonClass: 5649K(5696K)->5649K(5696K) Class: 483K(512K)->483K(512K)
[477.049s][info][gc             ] GC(1839) Pause Young (Allocation Failure) 481M->354M(544M) 5.366ms
[477.049s][info][gc,cpu         ] GC(1839) User=0.00s Sys=0.00s Real=0.00s
[477.315s][info][gc,start       ] GC(1840) Pause Young (Allocation Failure)
[477.316s][info][gc,heap        ] GC(1840) PSYoungGen: 126720K(126976K)->640K(122880K) Eden: 125952K(125952K)->0K(121856K) From: 768K(1024K)->640K(1024K)
[477.316s][info][gc,heap        ] GC(1840) ParOldGen: 362649K(430080K)->362649K(430080K)
[477.316s][info][gc,metaspace   ] GC(1840) Metaspace: 6132K(6208K)->6132K(6208K) NonClass: 5649K(5696K)->5649K(5696K) Class: 483K(512K)->483K(512K)
[477.316s][info][gc             ] GC(1840) Pause Young (Allocation Failure) 477M->354M(540M) 1.365ms
[477.316s][info][gc,cpu         ] GC(1840) User=0.00s Sys=0.00s Real=0.00s
[477.603s][info][gc,start       ] GC(1841) Pause Young (Allocation Failure)
[477.608s][info][gc,heap        ] GC(1841) PSYoungGen: 122496K(122880K)->448K(118784K) Eden: 121856K(121856K)->0K(118272K) From: 640K(1024K)->448K(512K)
[477.608s][info][gc,heap        ] GC(1841) ParOldGen: 362649K(430080K)->362947K(430080K)
[477.608s][info][gc,metaspace   ] GC(1841) Metaspace: 6132K(6208K)->6132K(6208K) NonClass: 5649K(5696K)->5649K(5696K) Class: 483K(512K)->483K(512K)
[477.608s][info][gc             ] GC(1841) Pause Young (Allocation Failure) 473M->354M(536M) 4.535ms
[477.608s][info][gc,cpu         ] GC(1841) User=0.01s Sys=0.00s Real=0.00s
[477.872s][info][gc,start       ] GC(1842) Pause Young (Allocation Failure)
[477.874s][info][gc,heap        ] GC(1842) PSYoungGen: 118720K(118784K)->736K(115712K) Eden: 118272K(118272K)->0K(114688K) From: 448K(512K)->736K(1024K)
[477.874s][info][gc,heap        ] GC(1842) ParOldGen: 362947K(430080K)->363035K(430080K)
[477.874s][info][gc,metaspace   ] GC(1842) Metaspace: 6132K(6208K)->6132K(6208K) NonClass: 5649K(5696K)->5649K(5696K) Class: 483K(512K)->483K(512K)
[477.874s][info][gc             ] GC(1842) Pause Young (Allocation Failure) 470M->355M(533M) 1.680ms
[477.874s][info][gc,cpu         ] GC(1842) User=0.01s Sys=0.00s Real=0.00s
[478.073s][info][gc,start       ] GC(1843) Pause Young (Allocation Failure)
[478.075s][info][gc,heap        ] GC(1843) PSYoungGen: 115424K(115712K)->768K(112128K) Eden: 114688K(114688K)->0K(111104K) From: 736K(1024K)->768K(1024K)
[478.075s][info][gc,heap        ] GC(1843) ParOldGen: 363035K(430080K)->363099K(430080K)
[478.075s][info][gc,metaspace   ] GC(1843) Metaspace: 6132K(6208K)->6132K(6208K) NonClass: 5649K(5696K)->5649K(5696K) Class: 483K(512K)->483K(512K)
[478.075s][info][gc             ] GC(1843) Pause Young (Allocation Failure) 467M->355M(529M) 1.763ms
[478.075s][info][gc,cpu         ] GC(1843) User=0.00s Sys=0.00s Real=0.00s
[478.261s][info][gc,start       ] GC(1844) Pause Young (Allocation Failure)
[478.262s][info][gc,heap        ] GC(1844) PSYoungGen: 111872K(112128K)->736K(109056K) Eden: 111104K(111104K)->0K(108032K) From: 768K(1024K)->736K(1024K)
[478.262s][info][gc,heap        ] GC(1844) ParOldGen: 363099K(430080K)->363099K(430080K)
[478.262s][info][gc,metaspace   ] GC(1844) Metaspace: 6132K(6208K)->6132K(6208K) NonClass: 5649K(5696K)->5649K(5696K) Class: 483K(512K)->483K(512K)
[478.262s][info][gc             ] GC(1844) Pause Young (Allocation Failure) 463M->355M(526M) 1.344ms
[478.262s][info][gc,cpu         ] GC(1844) User=0.01s Sys=0.00s Real=0.00s
[478.462s][info][gc,start       ] GC(1845) Pause Young (Allocation Failure)
[478.463s][info][gc,heap        ] GC(1845) PSYoungGen: 108768K(109056K)->512K(105472K) Eden: 108032K(108032K)->0K(104960K) From: 736K(1024K)->512K(512K)
[478.463s][info][gc,heap        ] GC(1845) ParOldGen: 363099K(430080K)->363323K(430080K)
[478.463s][info][gc,metaspace   ] GC(1845) Metaspace: 6132K(6208K)->6132K(6208K) NonClass: 5649K(5696K)->5649K(5696K) Class: 483K(512K)->483K(512K)
[478.463s][info][gc             ] GC(1845) Pause Young (Allocation Failure) 460M->355M(523M) 1.426ms
[478.463s][info][gc,cpu         ] GC(1845) User=0.01s Sys=0.00s Real=0.00s
[478.702s][info][gc,start       ] GC(1846) Pause Young (Allocation Failure)
[478.704s][info][gc,heap        ] GC(1846) PSYoungGen: 105472K(105472K)->517K(102912K) Eden: 104960K(104960K)->0K(101888K) From: 512K(512K)->517K(1024K)
[478.704s][info][gc,heap        ] GC(1846) ParOldGen: 363323K(430080K)->363323K(430080K)
[478.704s][info][gc,metaspace   ] GC(1846) Metaspace: 6132K(6208K)->6132K(6208K) NonClass: 5649K(5696K)->5649K(5696K) Class: 483K(512K)->483K(512K)
[478.704s][info][gc             ] GC(1846) Pause Young (Allocation Failure) 457M->355M(520M) 2.413ms
[478.704s][info][gc,cpu         ] GC(1846) User=0.00s Sys=0.00s Real=0.00s
[478.875s][info][gc,start       ] GC(1847) Pause Young (Allocation Failure)
[478.877s][info][gc,heap        ] GC(1847) PSYoungGen: 102405K(102912K)->658K(99840K) Eden: 101888K(101888K)->0K(98816K) From: 517K(1024K)->658K(1024K)
[478.877s][info][gc,heap        ] GC(1847) ParOldGen: 363323K(430080K)->363355K(430080K)
[478.877s][info][gc,metaspace   ] GC(1847) Metaspace: 6132K(6208K)->6132K(6208K) NonClass: 5649K(5696K)->5649K(5696K) Class: 483K(512K)->483K(512K)
[478.877s][info][gc             ] GC(1847) Pause Young (Allocation Failure) 454M->355M(517M) 2.636ms
[478.877s][info][gc,cpu         ] GC(1847) User=0.00s Sys=0.00s Real=0.00s
[479.040s][info][gc,start       ] GC(1848) Pause Young (Allocation Failure)
[479.042s][info][gc,heap        ] GC(1848) PSYoungGen: 99474K(99840K)->594K(119808K) Eden: 98816K(98816K)->0K(118784K) From: 658K(1024K)->594K(1024K)
[479.042s][info][gc,heap        ] GC(1848) ParOldGen: 363355K(430080K)->363355K(430080K)
[479.043s][info][gc,metaspace   ] GC(1848) Metaspace: 6132K(6208K)->6132K(6208K) NonClass: 5649K(5696K)->5649K(5696K) Class: 483K(512K)->483K(512K)
[479.043s][info][gc             ] GC(1848) Pause Young (Allocation Failure) 451M->355M(537M) 2.204ms
[479.043s][info][gc,cpu         ] GC(1848) User=0.00s Sys=0.01s Real=0.01s
[479.263s][info][gc,start       ] GC(1849) Pause Young (Allocation Failure)
[479.266s][info][gc,heap        ] GC(1849) PSYoungGen: 119378K(119808K)->416K(143360K) Eden: 118784K(118784K)->0K(142848K) From: 594K(1024K)->416K(512K)
[479.266s][info][gc,heap        ] GC(1849) ParOldGen: 363355K(430080K)->363662K(430080K)
[479.266s][info][gc,metaspace   ] GC(1849) Metaspace: 6132K(6208K)->6132K(6208K) NonClass: 5649K(5696K)->5649K(5696K) Class: 483K(512K)->483K(512K)
[479.266s][info][gc             ] GC(1849) Pause Young (Allocation Failure) 471M->355M(560M) 2.914ms
[479.266s][info][gc,cpu         ] GC(1849) User=0.00s Sys=0.00s Real=0.00s
[479.554s][info][gc,start       ] GC(1850) Pause Young (Allocation Failure)
[479.556s][info][gc,heap        ] GC(1850) PSYoungGen: 143264K(143360K)->530K(139264K) Eden: 142848K(142848K)->0K(138240K) From: 416K(512K)->530K(1024K)
[479.556s][info][gc,heap        ] GC(1850) ParOldGen: 363662K(430080K)->364033K(430080K)
[479.556s][info][gc,metaspace   ] GC(1850) Metaspace: 6132K(6208K)->6132K(6208K) NonClass: 5649K(5696K)->5649K(5696K) Class: 483K(512K)->483K(512K)
[479.557s][info][gc             ] GC(1850) Pause Young (Allocation Failure) 495M->356M(556M) 2.054ms
[479.557s][info][gc,cpu         ] GC(1850) User=0.01s Sys=0.00s Real=0.00s
[479.835s][info][gc,start       ] GC(1851) Pause Young (Allocation Failure)
[479.837s][info][gc,heap        ] GC(1851) PSYoungGen: 138770K(139264K)->754K(134656K) Eden: 138240K(138240K)->0K(133632K) From: 530K(1024K)->754K(1024K)
[479.837s][info][gc,heap        ] GC(1851) ParOldGen: 364033K(430080K)->364193K(430080K)
[479.837s][info][gc,metaspace   ] GC(1851) Metaspace: 6132K(6208K)->6132K(6208K) NonClass: 5649K(5696K)->5649K(5696K) Class: 483K(512K)->483K(512K)
[479.837s][info][gc             ] GC(1851) Pause Young (Allocation Failure) 491M->356M(551M) 2.150ms
[479.837s][info][gc,cpu         ] GC(1851) User=0.01s Sys=0.00s Real=0.00s
[480.103s][info][gc,start       ] GC(1852) Pause Young (Allocation Failure)
[480.104s][info][gc,heap        ] GC(1852) PSYoungGen: 134386K(134656K)->640K(130560K) Eden: 133632K(133632K)->0K(129536K) From: 754K(1024K)->640K(1024K)
[480.104s][info][gc,heap        ] GC(1852) ParOldGen: 364193K(430080K)->364233K(430080K)
[480.104s][info][gc,metaspace   ] GC(1852) Metaspace: 6132K(6208K)->6132K(6208K) NonClass: 5649K(5696K)->5649K(5696K) Class: 483K(512K)->483K(512K)
[480.105s][info][gc             ] GC(1852) Pause Young (Allocation Failure) 486M->356M(547M) 1.416ms
[480.105s][info][gc,cpu         ] GC(1852) User=0.00s Sys=0.00s Real=0.00s
[480.361s][info][gc,start       ] GC(1853) Pause Young (Allocation Failure)
[480.363s][info][gc,heap        ] GC(1853) PSYoungGen: 130176K(130560K)->384K(125952K) Eden: 129536K(129536K)->0K(125440K) From: 640K(1024K)->384K(512K)
[480.363s][info][gc,heap        ] GC(1853) ParOldGen: 364233K(430080K)->364531K(430080K)
[480.363s][info][gc,metaspace   ] GC(1853) Metaspace: 6132K(6208K)->6132K(6208K) NonClass: 5649K(5696K)->5649K(5696K) Class: 483K(512K)->483K(512K)
[480.363s][info][gc             ] GC(1853) Pause Young (Allocation Failure) 482M->356M(543M) 1.449ms
[480.363s][info][gc,cpu         ] GC(1853) User=0.00s Sys=0.00s Real=0.00s
[480.616s][info][gc,start       ] GC(1854) Pause Young (Allocation Failure)
[480.618s][info][gc,heap        ] GC(1854) PSYoungGen: 125824K(125952K)->512K(122368K) Eden: 125440K(125440K)->0K(121344K) From: 384K(512K)->512K(1024K)
[480.618s][info][gc,heap        ] GC(1854) ParOldGen: 364531K(430080K)->364898K(430080K)
[480.618s][info][gc,metaspace   ] GC(1854) Metaspace: 6132K(6208K)->6132K(6208K) NonClass: 5649K(5696K)->5649K(5696K) Class: 483K(512K)->483K(512K)
[480.618s][info][gc             ] GC(1854) Pause Young (Allocation Failure) 478M->356M(539M) 1.853ms
[480.618s][info][gc,cpu         ] GC(1854) User=0.00s Sys=0.00s Real=0.00s
[480.861s][info][gc,start       ] GC(1855) Pause Young (Allocation Failure)
[480.863s][info][gc,heap        ] GC(1855) PSYoungGen: 121856K(122368K)->722K(118784K) Eden: 121344K(121344K)->0K(117760K) From: 512K(1024K)->722K(1024K)
[480.863s][info][gc,heap        ] GC(1855) ParOldGen: 364898K(430080K)->365034K(430080K)
[480.863s][info][gc,metaspace   ] GC(1855) Metaspace: 6132K(6208K)->6132K(6208K) NonClass: 5649K(5696K)->5649K(5696K) Class: 483K(512K)->483K(512K)
[480.863s][info][gc             ] GC(1855) Pause Young (Allocation Failure) 475M->357M(536M) 1.678ms
[480.863s][info][gc,cpu         ] GC(1855) User=0.01s Sys=0.00s Real=0.00s
[481.090s][info][gc,start       ] GC(1856) Pause Young (Allocation Failure)
[481.092s][info][gc,heap        ] GC(1856) PSYoungGen: 118482K(118784K)->480K(114688K) Eden: 117760K(117760K)->0K(114176K) From: 722K(1024K)->480K(512K)
[481.092s][info][gc,heap        ] GC(1856) ParOldGen: 365034K(430080K)->365405K(430080K)
[481.092s][info][gc,metaspace   ] GC(1856) Metaspace: 6132K(6208K)->6132K(6208K) NonClass: 5649K(5696K)->5649K(5696K) Class: 483K(512K)->483K(512K)
[481.092s][info][gc             ] GC(1856) Pause Young (Allocation Failure) 472M->357M(532M) 1.738ms
[481.092s][info][gc,cpu         ] GC(1856) User=0.00s Sys=0.00s Real=0.01s
[481.308s][info][gc,start       ] GC(1857) Pause Young (Allocation Failure)
[481.309s][info][gc,heap        ] GC(1857) PSYoungGen: 114656K(114688K)->722K(111616K) Eden: 114176K(114176K)->0K(110592K) From: 480K(512K)->722K(1024K)
[481.309s][info][gc,heap        ] GC(1857) ParOldGen: 365405K(430080K)->365493K(430080K)
[481.309s][info][gc,metaspace   ] GC(1857) Metaspace: 6132K(6208K)->6132K(6208K) NonClass: 5649K(5696K)->5649K(5696K) Class: 483K(512K)->483K(512K)
[481.309s][info][gc             ] GC(1857) Pause Young (Allocation Failure) 468M->357M(529M) 1.668ms
[481.309s][info][gc,cpu         ] GC(1857) User=0.00s Sys=0.00s Real=0.00s
[481.523s][info][gc,start       ] GC(1858) Pause Young (Allocation Failure)
[481.526s][info][gc,heap        ] GC(1858) PSYoungGen: 111314K(111616K)->722K(108544K) Eden: 110592K(110592K)->0K(107520K) From: 722K(1024K)->722K(1024K)
[481.526s][info][gc,heap        ] GC(1858) ParOldGen: 365493K(430080K)->365533K(430080K)
[481.526s][info][gc,metaspace   ] GC(1858) Metaspace: 6132K(6208K)->6132K(6208K) NonClass: 5649K(5696K)->5649K(5696K) Class: 483K(512K)->483K(512K)
[481.526s][info][gc             ] GC(1858) Pause Young (Allocation Failure) 465M->357M(526M) 3.169ms
[481.526s][info][gc,cpu         ] GC(1858) User=0.00s Sys=0.00s Real=0.00s
[481.731s][info][gc,start       ] GC(1859) Pause Young (Allocation Failure)
[481.732s][info][gc,heap        ] GC(1859) PSYoungGen: 108242K(108544K)->448K(104960K) Eden: 107520K(107520K)->0K(104448K) From: 722K(1024K)->448K(512K)
[481.732s][info][gc,heap        ] GC(1859) ParOldGen: 365533K(430080K)->365839K(430080K)
[481.732s][info][gc,metaspace   ] GC(1859) Metaspace: 6132K(6208K)->6132K(6208K) NonClass: 5649K(5696K)->5649K(5696K) Class: 483K(512K)->483K(512K)
[481.732s][info][gc             ] GC(1859) Pause Young (Allocation Failure) 462M->357M(522M) 1.722ms
[481.732s][info][gc,cpu         ] GC(1859) User=0.00s Sys=0.00s Real=0.00s
[481.926s][info][gc,start       ] GC(1860) Pause Young (Allocation Failure)
[481.928s][info][gc,heap        ] GC(1860) PSYoungGen: 104896K(104960K)->736K(102400K) Eden: 104448K(104448K)->0K(101376K) From: 448K(512K)->736K(1024K)
[481.928s][info][gc,heap        ] GC(1860) ParOldGen: 365839K(430080K)->365919K(430080K)
[481.928s][info][gc,metaspace   ] GC(1860) Metaspace: 6132K(6208K)->6132K(6208K) NonClass: 5649K(5696K)->5649K(5696K) Class: 483K(512K)->483K(512K)
[481.928s][info][gc             ] GC(1860) Pause Young (Allocation Failure) 459M->358M(520M) 1.985ms
[481.928s][info][gc,cpu         ] GC(1860) User=0.00s Sys=0.00s Real=0.00s
[482.118s][info][gc,start       ] GC(1861) Pause Young (Allocation Failure)
[482.119s][info][gc,heap        ] GC(1861) PSYoungGen: 102112K(102400K)->640K(99840K) Eden: 101376K(101376K)->0K(98816K) From: 736K(1024K)->640K(1024K)
[482.119s][info][gc,heap        ] GC(1861) ParOldGen: 365919K(430080K)->365967K(430080K)
[482.119s][info][gc,metaspace   ] GC(1861) Metaspace: 6132K(6208K)->6132K(6208K) NonClass: 5649K(5696K)->5649K(5696K) Class: 483K(512K)->483K(512K)
[482.119s][info][gc             ] GC(1861) Pause Young (Allocation Failure) 457M->358M(517M) 1.201ms
[482.119s][info][gc,cpu         ] GC(1861) User=0.00s Sys=0.00s Real=0.00s
[482.294s][info][gc,start       ] GC(1862) Pause Young (Allocation Failure)
[482.295s][info][gc,heap        ] GC(1862) PSYoungGen: 99456K(99840K)->608K(97280K) Eden: 98816K(98816K)->0K(96256K) From: 640K(1024K)->608K(1024K)
[482.295s][info][gc,heap        ] GC(1862) ParOldGen: 365967K(430080K)->365967K(430080K)
[482.295s][info][gc,metaspace   ] GC(1862) Metaspace: 6132K(6208K)->6132K(6208K) NonClass: 5649K(5696K)->5649K(5696K) Class: 483K(512K)->483K(512K)
[482.295s][info][gc             ] GC(1862) Pause Young (Allocation Failure) 454M->357M(515M) 1.171ms
[482.295s][info][gc,cpu         ] GC(1862) User=0.00s Sys=0.00s Real=0.00s
[482.475s][info][gc,start       ] GC(1863) Pause Young (Allocation Failure)
[482.477s][info][gc,heap        ] GC(1863) PSYoungGen: 96864K(97280K)->512K(94208K) Eden: 96256K(96256K)->0K(93696K) From: 608K(1024K)->512K(512K)
[482.477s][info][gc,heap        ] GC(1863) ParOldGen: 365967K(430080K)->366119K(430080K)
[482.477s][info][gc,metaspace   ] GC(1863) Metaspace: 6132K(6208K)->6132K(6208K) NonClass: 5649K(5696K)->5649K(5696K) Class: 483K(512K)->483K(512K)
[482.477s][info][gc             ] GC(1863) Pause Young (Allocation Failure) 451M->358M(512M) 1.444ms
[482.477s][info][gc,cpu         ] GC(1863) User=0.00s Sys=0.00s Real=0.00s
[482.649s][info][gc,start       ] GC(1864) Pause Young (Allocation Failure)
[482.650s][info][gc,heap        ] GC(1864) PSYoungGen: 94208K(94208K)->370K(92160K) Eden: 93696K(93696K)->0K(91136K) From: 512K(512K)->370K(1024K)
[482.650s][info][gc,heap        ] GC(1864) ParOldGen: 366119K(430080K)->366119K(430080K)
[482.650s][info][gc,metaspace   ] GC(1864) Metaspace: 6132K(6208K)->6132K(6208K) NonClass: 5649K(5696K)->5649K(5696K) Class: 483K(512K)->483K(512K)
[482.650s][info][gc             ] GC(1864) Pause Young (Allocation Failure) 449M->357M(510M) 1.117ms
[482.650s][info][gc,cpu         ] GC(1864) User=0.00s Sys=0.00s Real=0.00s
[482.822s][info][gc,start       ] GC(1865) Pause Young (Allocation Failure)
[482.823s][info][gc,heap        ] GC(1865) PSYoungGen: 91506K(92160K)->448K(89088K) Eden: 91136K(91136K)->0K(88576K) From: 370K(1024K)->448K(512K)
[482.823s][info][gc,heap        ] GC(1865) ParOldGen: 366119K(430080K)->366462K(430080K)
[482.823s][info][gc,metaspace   ] GC(1865) Metaspace: 6132K(6208K)->6132K(6208K) NonClass: 5649K(5696K)->5649K(5696K) Class: 483K(512K)->483K(512K)
[482.823s][info][gc             ] GC(1865) Pause Young (Allocation Failure) 446M->358M(507M) 1.634ms
[482.823s][info][gc,cpu         ] GC(1865) User=0.00s Sys=0.00s Real=0.00s
[482.995s][info][gc,start       ] GC(1866) Pause Young (Allocation Failure)
[482.997s][info][gc,heap        ] GC(1866) PSYoungGen: 89024K(89088K)->736K(87552K) Eden: 88576K(88576K)->0K(86528K) From: 448K(512K)->736K(1024K)
[482.997s][info][gc,heap        ] GC(1866) ParOldGen: 366462K(430080K)->366542K(430080K)
[482.997s][info][gc,metaspace   ] GC(1866) Metaspace: 6132K(6208K)->6132K(6208K) NonClass: 5649K(5696K)->5649K(5696K) Class: 483K(512K)->483K(512K)
[482.997s][info][gc             ] GC(1866) Pause Young (Allocation Failure) 444M->358M(505M) 1.627ms
[482.997s][info][gc,cpu         ] GC(1866) User=0.00s Sys=0.00s Real=0.00s
[483.157s][info][gc,start       ] GC(1867) Pause Young (Allocation Failure)
[483.158s][info][gc,heap        ] GC(1867) PSYoungGen: 87264K(87552K)->704K(284672K) Eden: 86528K(86528K)->0K(283648K) From: 736K(1024K)->704K(1024K)
[483.158s][info][gc,heap        ] GC(1867) ParOldGen: 366542K(430080K)->366598K(430080K)
[483.158s][info][gc,metaspace   ] GC(1867) Metaspace: 6132K(6208K)->6132K(6208K) NonClass: 5649K(5696K)->5649K(5696K) Class: 483K(512K)->483K(512K)
[483.158s][info][gc             ] GC(1867) Pause Young (Allocation Failure) 443M->358M(698M) 1.200ms
[483.158s][info][gc,cpu         ] GC(1867) User=0.00s Sys=0.00s Real=0.00s
[483.711s][info][gc,start       ] GC(1868) Pause Young (Allocation Failure)
[483.713s][info][gc,heap        ] GC(1868) PSYoungGen: 284352K(284672K)->704K(273408K) Eden: 283648K(283648K)->0K(272384K) From: 704K(1024K)->704K(1024K)
[483.713s][info][gc,heap        ] GC(1868) ParOldGen: 366598K(430080K)->366598K(430080K)
[483.713s][info][gc,metaspace   ] GC(1868) Metaspace: 6132K(6208K)->6132K(6208K) NonClass: 5649K(5696K)->5649K(5696K) Class: 483K(512K)->483K(512K)
[483.713s][info][gc             ] GC(1868) Pause Young (Allocation Failure) 635M->358M(687M) 1.520ms
[483.713s][info][gc,cpu         ] GC(1868) User=0.01s Sys=0.00s Real=0.00s
[484.261s][info][gc,start       ] GC(1869) Pause Young (Allocation Failure)
[484.263s][info][gc,heap        ] GC(1869) PSYoungGen: 273088K(273408K)->512K(262144K) Eden: 272384K(272384K)->0K(261632K) From: 704K(1024K)->512K(512K)
[484.263s][info][gc,heap        ] GC(1869) ParOldGen: 366598K(430080K)->366782K(430080K)
[484.263s][info][gc,metaspace   ] GC(1869) Metaspace: 6132K(6208K)->6132K(6208K) NonClass: 5649K(5696K)->5649K(5696K) Class: 483K(512K)->483K(512K)
[484.263s][info][gc             ] GC(1869) Pause Young (Allocation Failure) 624M->358M(676M) 1.429ms
[484.263s][info][gc,cpu         ] GC(1869) User=0.00s Sys=0.00s Real=0.00s
[484.730s][info][gc,start       ] GC(1870) Pause Young (Allocation Failure)
[484.731s][info][gc,heap        ] GC(1870) PSYoungGen: 262144K(262144K)->722K(252416K) Eden: 261632K(261632K)->0K(251392K) From: 512K(512K)->722K(1024K)
[484.731s][info][gc,heap        ] GC(1870) ParOldGen: 366782K(430080K)->366782K(430080K)
[484.731s][info][gc,metaspace   ] GC(1870) Metaspace: 6132K(6208K)->6132K(6208K) NonClass: 5649K(5696K)->5649K(5696K) Class: 483K(512K)->483K(512K)
[484.731s][info][gc             ] GC(1870) Pause Young (Allocation Failure) 614M->358M(666M) 1.634ms
[484.731s][info][gc,cpu         ] GC(1870) User=0.00s Sys=0.00s Real=0.01s
[485.189s][info][gc,start       ] GC(1871) Pause Young (Allocation Failure)
[485.191s][info][gc,heap        ] GC(1871) PSYoungGen: 252114K(252416K)->736K(242688K) Eden: 251392K(251392K)->0K(241664K) From: 722K(1024K)->736K(1024K)
[485.191s][info][gc,heap        ] GC(1871) ParOldGen: 366782K(430080K)->366822K(430080K)
[485.191s][info][gc,metaspace   ] GC(1871) Metaspace: 6132K(6208K)->6132K(6208K) NonClass: 5649K(5696K)->5649K(5696K) Class: 483K(512K)->483K(512K)
[485.191s][info][gc             ] GC(1871) Pause Young (Allocation Failure) 604M->358M(657M) 1.560ms
[485.191s][info][gc,cpu         ] GC(1871) User=0.00s Sys=0.00s Real=0.01s
[485.672s][info][gc,start       ] GC(1872) Pause Young (Allocation Failure)
[485.673s][info][gc,heap        ] GC(1872) PSYoungGen: 242400K(242688K)->640K(233472K) Eden: 241664K(241664K)->0K(232448K) From: 736K(1024K)->640K(1024K)
[485.673s][info][gc,heap        ] GC(1872) ParOldGen: 366822K(430080K)->366822K(430080K)
[485.674s][info][gc,metaspace   ] GC(1872) Metaspace: 6132K(6208K)->6132K(6208K) NonClass: 5649K(5696K)->5649K(5696K) Class: 483K(512K)->483K(512K)
[485.674s][info][gc             ] GC(1872) Pause Young (Allocation Failure) 594M->358M(648M) 1.438ms
[485.674s][info][gc,cpu         ] GC(1872) User=0.00s Sys=0.01s Real=0.00s
[486.122s][info][gc,start       ] GC(1873) Pause Young (Allocation Failure)
[486.124s][info][gc,heap        ] GC(1873) PSYoungGen: 233088K(233472K)->512K(224256K) Eden: 232448K(232448K)->0K(223744K) From: 640K(1024K)->512K(512K)
[486.124s][info][gc,heap        ] GC(1873) ParOldGen: 366822K(430080K)->367014K(430080K)
[486.124s][info][gc,metaspace   ] GC(1873) Metaspace: 6132K(6208K)->6132K(6208K) NonClass: 5649K(5696K)->5649K(5696K) Class: 483K(512K)->483K(512K)
[486.124s][info][gc             ] GC(1873) Pause Young (Allocation Failure) 585M->358M(639M) 1.754ms
[486.124s][info][gc,cpu         ] GC(1873) User=0.01s Sys=0.00s Real=0.00s
[486.620s][info][gc,start       ] GC(1874) Pause Young (Allocation Failure)
[486.622s][info][gc,heap        ] GC(1874) PSYoungGen: 224256K(224256K)->768K(216576K) Eden: 223744K(223744K)->0K(215552K) From: 512K(512K)->768K(1024K)
[486.622s][info][gc,heap        ] GC(1874) ParOldGen: 367014K(430080K)->367014K(430080K)
[486.622s][info][gc,metaspace   ] GC(1874) Metaspace: 6132K(6208K)->6132K(6208K) NonClass: 5649K(5696K)->5649K(5696K) Class: 483K(512K)->483K(512K)
[486.622s][info][gc             ] GC(1874) Pause Young (Allocation Failure) 577M->359M(631M) 1.444ms
[486.622s][info][gc,cpu         ] GC(1874) User=0.00s Sys=0.00s Real=0.01s
[487.016s][info][gc,start       ] GC(1875) Pause Young (Allocation Failure)
[487.018s][info][gc,heap        ] GC(1875) PSYoungGen: 216320K(216576K)->704K(208384K) Eden: 215552K(215552K)->0K(207360K) From: 768K(1024K)->704K(1024K)
[487.018s][info][gc,heap        ] GC(1875) ParOldGen: 367014K(430080K)->367030K(430080K)
[487.018s][info][gc,metaspace   ] GC(1875) Metaspace: 6132K(6208K)->6132K(6208K) NonClass: 5649K(5696K)->5649K(5696K) Class: 483K(512K)->483K(512K)
[487.018s][info][gc             ] GC(1875) Pause Young (Allocation Failure) 569M->359M(623M) 2.267ms
[487.018s][info][gc,cpu         ] GC(1875) User=0.00s Sys=0.00s Real=0.00s
[487.449s][info][gc,start       ] GC(1876) Pause Young (Allocation Failure)
[487.452s][info][gc,heap        ] GC(1876) PSYoungGen: 208064K(208384K)->658K(200704K) Eden: 207360K(207360K)->0K(199680K) From: 704K(1024K)->658K(1024K)
[487.452s][info][gc,heap        ] GC(1876) ParOldGen: 367030K(430080K)->367030K(430080K)
[487.452s][info][gc,metaspace   ] GC(1876) Metaspace: 6132K(6208K)->6132K(6208K) NonClass: 5649K(5696K)->5649K(5696K) Class: 483K(512K)->483K(512K)
[487.452s][info][gc             ] GC(1876) Pause Young (Allocation Failure) 561M->359M(616M) 2.813ms
[487.452s][info][gc,cpu         ] GC(1876) User=0.01s Sys=0.00s Real=0.01s
[487.874s][info][gc,start       ] GC(1877) Pause Young (Allocation Failure)
[487.876s][info][gc,heap        ] GC(1877) PSYoungGen: 200338K(200704K)->512K(193024K) Eden: 199680K(199680K)->0K(192512K) From: 658K(1024K)->512K(512K)
[487.876s][info][gc,heap        ] GC(1877) ParOldGen: 367030K(430080K)->367206K(430080K)
[487.876s][info][gc,metaspace   ] GC(1877) Metaspace: 6132K(6208K)->6132K(6208K) NonClass: 5649K(5696K)->5649K(5696K) Class: 483K(512K)->483K(512K)
[487.876s][info][gc             ] GC(1877) Pause Young (Allocation Failure) 554M->359M(608M) 1.555ms
[487.876s][info][gc,cpu         ] GC(1877) User=0.00s Sys=0.00s Real=0.00s
[488.198s][info][gc,start       ] GC(1878) Pause Young (Allocation Failure)
[488.200s][info][gc,heap        ] GC(1878) PSYoungGen: 193024K(193024K)->768K(186880K) Eden: 192512K(192512K)->0K(185856K) From: 512K(512K)->768K(1024K)
[488.200s][info][gc,heap        ] GC(1878) ParOldGen: 367206K(430080K)->367206K(430080K)
[488.200s][info][gc,metaspace   ] GC(1878) Metaspace: 6132K(6208K)->6132K(6208K) NonClass: 5649K(5696K)->5649K(5696K) Class: 483K(512K)->483K(512K)
[488.200s][info][gc             ] GC(1878) Pause Young (Allocation Failure) 547M->359M(602M) 1.666ms
[488.200s][info][gc,cpu         ] GC(1878) User=0.00s Sys=0.00s Real=0.00s
[488.473s][info][gc,start       ] GC(1879) Pause Young (Allocation Failure)
[488.475s][info][gc,heap        ] GC(1879) PSYoungGen: 186624K(186880K)->608K(180224K) Eden: 185856K(185856K)->0K(179200K) From: 768K(1024K)->608K(1024K)
[488.475s][info][gc,heap        ] GC(1879) ParOldGen: 367206K(430080K)->367230K(430080K)
[488.475s][info][gc,metaspace   ] GC(1879) Metaspace: 6132K(6208K)->6132K(6208K) NonClass: 5649K(5696K)->5649K(5696K) Class: 483K(512K)->483K(512K)
[488.475s][info][gc             ] GC(1879) Pause Young (Allocation Failure) 540M->359M(596M) 2.082ms
[488.475s][info][gc,cpu         ] GC(1879) User=0.01s Sys=0.00s Real=0.00s
[488.704s][info][gc,start       ] GC(1880) Pause Young (Allocation Failure)
[488.707s][info][gc,heap        ] GC(1880) PSYoungGen: 179808K(180224K)->626K(174080K) Eden: 179200K(179200K)->0K(173056K) From: 608K(1024K)->626K(1024K)
[488.707s][info][gc,heap        ] GC(1880) ParOldGen: 367230K(430080K)->367230K(430080K)
[488.707s][info][gc,metaspace   ] GC(1880) Metaspace: 6132K(6208K)->6132K(6208K) NonClass: 5649K(5696K)->5649K(5696K) Class: 483K(512K)->483K(512K)
[488.707s][info][gc             ] GC(1880) Pause Young (Allocation Failure) 534M->359M(590M) 2.238ms
[488.707s][info][gc,cpu         ] GC(1880) User=0.00s Sys=0.00s Real=0.00s
[488.970s][info][gc,start       ] GC(1881) Pause Young (Allocation Failure)
[488.972s][info][gc,heap        ] GC(1881) PSYoungGen: 173682K(174080K)->498K(167424K) Eden: 173056K(173056K)->0K(166912K) From: 626K(1024K)->498K(512K)
[488.972s][info][gc,heap        ] GC(1881) ParOldGen: 367230K(430080K)->367454K(430080K)
[488.972s][info][gc,metaspace   ] GC(1881) Metaspace: 6132K(6208K)->6132K(6208K) NonClass: 5649K(5696K)->5649K(5696K) Class: 483K(512K)->483K(512K)
[488.972s][info][gc             ] GC(1881) Pause Young (Allocation Failure) 528M->359M(583M) 2.744ms
[488.972s][info][gc,cpu         ] GC(1881) User=0.01s Sys=0.00s Real=0.01s
[489.308s][info][gc,start       ] GC(1882) Pause Young (Allocation Failure)
[489.309s][info][gc,heap        ] GC(1882) PSYoungGen: 167410K(167424K)->736K(162304K) Eden: 166912K(166912K)->0K(161280K) From: 498K(512K)->736K(1024K)
[489.309s][info][gc,heap        ] GC(1882) ParOldGen: 367454K(430080K)->367454K(430080K)
[489.309s][info][gc,metaspace   ] GC(1882) Metaspace: 6132K(6208K)->6132K(6208K) NonClass: 5649K(5696K)->5649K(5696K) Class: 483K(512K)->483K(512K)
[489.310s][info][gc             ] GC(1882) Pause Young (Allocation Failure) 522M->359M(578M) 1.536ms
[489.310s][info][gc,cpu         ] GC(1882) User=0.00s Sys=0.00s Real=0.00s
[489.576s][info][gc,start       ] GC(1883) Pause Young (Allocation Failure)
[489.578s][info][gc,heap        ] GC(1883) PSYoungGen: 162016K(162304K)->672K(156672K) Eden: 161280K(161280K)->0K(155648K) From: 736K(1024K)->672K(1024K)
[489.578s][info][gc,heap        ] GC(1883) ParOldGen: 367454K(430080K)->367478K(430080K)
[489.578s][info][gc,metaspace   ] GC(1883) Metaspace: 6132K(6208K)->6132K(6208K) NonClass: 5649K(5696K)->5649K(5696K) Class: 483K(512K)->483K(512K)
[489.578s][info][gc             ] GC(1883) Pause Young (Allocation Failure) 517M->359M(573M) 1.364ms
[489.578s][info][gc,cpu         ] GC(1883) User=0.00s Sys=0.00s Real=0.00s
[489.851s][info][gc,start       ] GC(1884) Pause Young (Allocation Failure)
[489.852s][info][gc,heap        ] GC(1884) PSYoungGen: 156320K(156672K)->672K(151552K) Eden: 155648K(155648K)->0K(150528K) From: 672K(1024K)->672K(1024K)
[489.852s][info][gc,heap        ] GC(1884) ParOldGen: 367478K(430080K)->367478K(430080K)
[489.852s][info][gc,metaspace   ] GC(1884) Metaspace: 6132K(6208K)->6132K(6208K) NonClass: 5649K(5696K)->5649K(5696K) Class: 483K(512K)->483K(512K)
[489.852s][info][gc             ] GC(1884) Pause Young (Allocation Failure) 511M->359M(568M) 1.447ms
[489.852s][info][gc,cpu         ] GC(1884) User=0.00s Sys=0.00s Real=0.00s
[490.133s][info][gc,start       ] GC(1885) Pause Young (Allocation Failure)
[490.135s][info][gc,heap        ] GC(1885) PSYoungGen: 151200K(151552K)->512K(145920K) Eden: 150528K(150528K)->0K(145408K) From: 672K(1024K)->512K(512K)
[490.135s][info][gc,heap        ] GC(1885) ParOldGen: 367478K(430080K)->367678K(430080K)
[490.135s][info][gc,metaspace   ] GC(1885) Metaspace: 6132K(6208K)->6132K(6208K) NonClass: 5649K(5696K)->5649K(5696K) Class: 483K(512K)->483K(512K)
[490.135s][info][gc             ] GC(1885) Pause Young (Allocation Failure) 506M->359M(562M) 1.450ms
[490.135s][info][gc,cpu         ] GC(1885) User=0.00s Sys=0.00s Real=0.00s
[490.424s][info][gc,start       ] GC(1886) Pause Young (Allocation Failure)
[490.425s][info][gc,heap        ] GC(1886) PSYoungGen: 145920K(145920K)->640K(141824K) Eden: 145408K(145408K)->0K(140800K) From: 512K(512K)->640K(1024K)
[490.425s][info][gc,heap        ] GC(1886) ParOldGen: 367678K(430080K)->367678K(430080K)
[490.425s][info][gc,metaspace   ] GC(1886) Metaspace: 6132K(6208K)->6132K(6208K) NonClass: 5649K(5696K)->5649K(5696K) Class: 483K(512K)->483K(512K)
[490.425s][info][gc             ] GC(1886) Pause Young (Allocation Failure) 501M->359M(558M) 1.213ms
[490.425s][info][gc,cpu         ] GC(1886) User=0.00s Sys=0.00s Real=0.00s
[490.691s][info][gc,start       ] GC(1887) Pause Young (Allocation Failure)
[490.692s][info][gc,heap        ] GC(1887) PSYoungGen: 141440K(141824K)->736K(137216K) Eden: 140800K(140800K)->0K(136192K) From: 640K(1024K)->736K(1024K)
[490.692s][info][gc,heap        ] GC(1887) ParOldGen: 367678K(430080K)->367686K(430080K)
[490.692s][info][gc,metaspace   ] GC(1887) Metaspace: 6132K(6208K)->6132K(6208K) NonClass: 5649K(5696K)->5649K(5696K) Class: 483K(512K)->483K(512K)
[490.692s][info][gc             ] GC(1887) Pause Young (Allocation Failure) 497M->359M(554M) 1.394ms
[490.692s][info][gc,cpu         ] GC(1887) User=0.00s Sys=0.00s Real=0.00s
[490.970s][info][gc,start       ] GC(1888) Pause Young (Allocation Failure)
[490.972s][info][gc,heap        ] GC(1888) PSYoungGen: 136928K(137216K)->640K(133120K) Eden: 136192K(136192K)->0K(132096K) From: 736K(1024K)->640K(1024K)
[490.972s][info][gc,heap        ] GC(1888) ParOldGen: 367686K(430080K)->367686K(430080K)
[490.972s][info][gc,metaspace   ] GC(1888) Metaspace: 6132K(6208K)->6132K(6208K) NonClass: 5649K(5696K)->5649K(5696K) Class: 483K(512K)->483K(512K)
[490.972s][info][gc             ] GC(1888) Pause Young (Allocation Failure) 492M->359M(550M) 1.257ms
[490.972s][info][gc,cpu         ] GC(1888) User=0.00s Sys=0.00s Real=0.01s
[491.233s][info][gc,start       ] GC(1889) Pause Young (Allocation Failure)
[491.234s][info][gc,heap        ] GC(1889) PSYoungGen: 132736K(133120K)->480K(128512K) Eden: 132096K(132096K)->0K(128000K) From: 640K(1024K)->480K(512K)
[491.234s][info][gc,heap        ] GC(1889) ParOldGen: 367686K(430080K)->367686K(430080K)
[491.234s][info][gc,metaspace   ] GC(1889) Metaspace: 6132K(6208K)->6132K(6208K) NonClass: 5649K(5696K)->5649K(5696K) Class: 483K(512K)->483K(512K)
[491.234s][info][gc             ] GC(1889) Pause Young (Allocation Failure) 488M->359M(545M) 1.037ms
[491.234s][info][gc,cpu         ] GC(1889) User=0.00s Sys=0.00s Real=0.00s
[491.490s][info][gc,start       ] GC(1890) Pause Young (Allocation Failure)
[491.491s][info][gc,heap        ] GC(1890) PSYoungGen: 128480K(128512K)->672K(124928K) Eden: 128000K(128000K)->0K(123904K) From: 480K(512K)->672K(1024K)
[491.491s][info][gc,heap        ] GC(1890) ParOldGen: 367686K(430080K)->367686K(430080K)
[491.491s][info][gc,metaspace   ] GC(1890) Metaspace: 6132K(6208K)->6132K(6208K) NonClass: 5649K(5696K)->5649K(5696K) Class: 483K(512K)->483K(512K)
[491.491s][info][gc             ] GC(1890) Pause Young (Allocation Failure) 484M->359M(542M) 1.157ms
[491.491s][info][gc,cpu         ] GC(1890) User=0.00s Sys=0.00s Real=0.01s
[491.720s][info][gc,start       ] GC(1891) Pause Young (Allocation Failure)
[491.721s][info][gc,heap        ] GC(1891) PSYoungGen: 124576K(124928K)->640K(121344K) Eden: 123904K(123904K)->0K(120320K) From: 672K(1024K)->640K(1024K)
[491.721s][info][gc,heap        ] GC(1891) ParOldGen: 367686K(430080K)->367686K(430080K)
[491.721s][info][gc,metaspace   ] GC(1891) Metaspace: 6132K(6208K)->6132K(6208K) NonClass: 5649K(5696K)->5649K(5696K) Class: 483K(512K)->483K(512K)
[491.721s][info][gc             ] GC(1891) Pause Young (Allocation Failure) 480M->359M(538M) 1.305ms
[491.721s][info][gc,cpu         ] GC(1891) User=0.00s Sys=0.00s Real=0.01s
[491.926s][info][gc,start       ] GC(1892) Pause Young (Allocation Failure)
[491.928s][info][gc,heap        ] GC(1892) PSYoungGen: 120960K(121344K)->192K(117248K) Eden: 120320K(120320K)->0K(116736K) From: 640K(1024K)->192K(512K)
[491.928s][info][gc,heap        ] GC(1892) ParOldGen: 367686K(430080K)->368299K(430080K)
[491.928s][info][gc,metaspace   ] GC(1892) Metaspace: 6132K(6208K)->6132K(6208K) NonClass: 5649K(5696K)->5649K(5696K) Class: 483K(512K)->483K(512K)
[491.928s][info][gc             ] GC(1892) Pause Young (Allocation Failure) 477M->359M(534M) 1.884ms
[491.928s][info][gc,cpu         ] GC(1892) User=0.00s Sys=0.00s Real=0.00s
[492.125s][info][gc,start       ] GC(1893) Pause Young (Allocation Failure)
[492.126s][info][gc,heap        ] GC(1893) PSYoungGen: 116928K(117248K)->850K(114176K) Eden: 116736K(116736K)->0K(113152K) From: 192K(512K)->850K(1024K)
[492.126s][info][gc,heap        ] GC(1893) ParOldGen: 368299K(430080K)->368451K(430080K)
[492.126s][info][gc,metaspace   ] GC(1893) Metaspace: 6132K(6208K)->6132K(6208K) NonClass: 5649K(5696K)->5649K(5696K) Class: 483K(512K)->483K(512K)
[492.127s][info][gc             ] GC(1893) Pause Young (Allocation Failure) 473M->360M(531M) 2.011ms
[492.127s][info][gc,cpu         ] GC(1893) User=0.00s Sys=0.00s Real=0.00s
[492.307s][info][gc,start       ] GC(1894) Pause Young (Allocation Failure)
[492.309s][info][gc,heap        ] GC(1894) PSYoungGen: 114002K(114176K)->768K(111104K) Eden: 113152K(113152K)->0K(110080K) From: 850K(1024K)->768K(1024K)
[492.309s][info][gc,heap        ] GC(1894) ParOldGen: 368451K(430080K)->368547K(430080K)
[492.309s][info][gc,metaspace   ] GC(1894) Metaspace: 6132K(6208K)->6132K(6208K) NonClass: 5649K(5696K)->5649K(5696K) Class: 483K(512K)->483K(512K)
[492.309s][info][gc             ] GC(1894) Pause Young (Allocation Failure) 471M->360M(528M) 2.701ms
[492.309s][info][gc,cpu         ] GC(1894) User=0.00s Sys=0.00s Real=0.00s
[492.483s][info][gc,start       ] GC(1895) Pause Young (Allocation Failure)
[492.484s][info][gc,heap        ] GC(1895) PSYoungGen: 110848K(111104K)->512K(107520K) Eden: 110080K(110080K)->0K(107008K) From: 768K(1024K)->512K(512K)
[492.484s][info][gc,heap        ] GC(1895) ParOldGen: 368547K(430080K)->368779K(430080K)
[492.484s][info][gc,metaspace   ] GC(1895) Metaspace: 6132K(6208K)->6132K(6208K) NonClass: 5649K(5696K)->5649K(5696K) Class: 483K(512K)->483K(512K)
[492.484s][info][gc             ] GC(1895) Pause Young (Allocation Failure) 468M->360M(525M) 1.493ms
[492.484s][info][gc,cpu         ] GC(1895) User=0.00s Sys=0.00s Real=0.00s
[492.661s][info][gc,start       ] GC(1896) Pause Young (Allocation Failure)
[492.663s][info][gc,heap        ] GC(1896) PSYoungGen: 107520K(107520K)->736K(104960K) Eden: 107008K(107008K)->0K(103936K) From: 512K(512K)->736K(1024K)
[492.663s][info][gc,heap        ] GC(1896) ParOldGen: 368779K(430080K)->368779K(430080K)
[492.663s][info][gc,metaspace   ] GC(1896) Metaspace: 6132K(6208K)->6132K(6208K) NonClass: 5649K(5696K)->5649K(5696K) Class: 483K(512K)->483K(512K)
[492.663s][info][gc             ] GC(1896) Pause Young (Allocation Failure) 465M->360M(522M) 1.615ms
[492.663s][info][gc,cpu         ] GC(1896) User=0.00s Sys=0.00s Real=0.00s
[492.828s][info][gc,start       ] GC(1897) Pause Young (Allocation Failure)
[492.830s][info][gc,heap        ] GC(1897) PSYoungGen: 104672K(104960K)->416K(101376K) Eden: 103936K(103936K)->0K(100864K) From: 736K(1024K)->416K(512K)
[492.830s][info][gc,heap        ] GC(1897) ParOldGen: 368779K(430080K)->369118K(430080K)
[492.830s][info][gc,metaspace   ] GC(1897) Metaspace: 6132K(6208K)->6132K(6208K) NonClass: 5649K(5696K)->5649K(5696K) Class: 483K(512K)->483K(512K)
[492.830s][info][gc             ] GC(1897) Pause Young (Allocation Failure) 462M->360M(519M) 1.695ms
[492.830s][info][gc,cpu         ] GC(1897) User=0.00s Sys=0.00s Real=0.00s
[492.989s][info][gc,start       ] GC(1898) Pause Young (Allocation Failure)
[492.991s][info][gc,heap        ] GC(1898) PSYoungGen: 101280K(101376K)->448K(99328K) Eden: 100864K(100864K)->0K(98304K) From: 416K(512K)->448K(1024K)
[492.991s][info][gc,heap        ] GC(1898) ParOldGen: 369118K(430080K)->369524K(430080K)
[492.991s][info][gc,metaspace   ] GC(1898) Metaspace: 6132K(6208K)->6132K(6208K) NonClass: 5649K(5696K)->5649K(5696K) Class: 483K(512K)->483K(512K)
[492.991s][info][gc             ] GC(1898) Pause Young (Allocation Failure) 459M->361M(517M) 1.672ms
[492.991s][info][gc,cpu         ] GC(1898) User=0.00s Sys=0.00s Real=0.01s
[493.159s][info][gc,start       ] GC(1899) Pause Young (Allocation Failure)
[493.161s][info][gc,heap        ] GC(1899) PSYoungGen: 98752K(99328K)->722K(96768K) Eden: 98304K(98304K)->0K(95744K) From: 448K(1024K)->722K(1024K)
[493.161s][info][gc,heap        ] GC(1899) ParOldGen: 369524K(430080K)->369620K(430080K)
[493.161s][info][gc,metaspace   ] GC(1899) Metaspace: 6132K(6208K)->6132K(6208K) NonClass: 5649K(5696K)->5649K(5696K) Class: 483K(512K)->483K(512K)
[493.161s][info][gc             ] GC(1899) Pause Young (Allocation Failure) 457M->361M(514M) 1.610ms
[493.161s][info][gc,cpu         ] GC(1899) User=0.00s Sys=0.00s Real=0.01s
[493.321s][info][gc,start       ] GC(1900) Pause Young (Allocation Failure)
[493.323s][info][gc,heap        ] GC(1900) PSYoungGen: 96466K(96768K)->672K(94208K) Eden: 95744K(95744K)->0K(93184K) From: 722K(1024K)->672K(1024K)
[493.323s][info][gc,heap        ] GC(1900) ParOldGen: 369620K(430080K)->369652K(430080K)
[493.323s][info][gc,metaspace   ] GC(1900) Metaspace: 6132K(6208K)->6132K(6208K) NonClass: 5649K(5696K)->5649K(5696K) Class: 483K(512K)->483K(512K)
[493.323s][info][gc             ] GC(1900) Pause Young (Allocation Failure) 455M->361M(512M) 1.455ms
[493.323s][info][gc,cpu         ] GC(1900) User=0.00s Sys=0.00s Real=0.00s
[493.474s][info][gc,start       ] GC(1901) Pause Young (Allocation Failure)
[493.475s][info][gc,heap        ] GC(1901) PSYoungGen: 93856K(94208K)->128K(91136K) Eden: 93184K(93184K)->0K(90624K) From: 672K(1024K)->128K(512K)
[493.475s][info][gc,heap        ] GC(1901) ParOldGen: 369652K(430080K)->370290K(430080K)
[493.475s][info][gc,metaspace   ] GC(1901) Metaspace: 6132K(6208K)->6132K(6208K) NonClass: 5649K(5696K)->5649K(5696K) Class: 483K(512K)->483K(512K)
[493.475s][info][gc             ] GC(1901) Pause Young (Allocation Failure) 452M->361M(509M) 1.572ms
[493.475s][info][gc,cpu         ] GC(1901) User=0.00s Sys=0.00s Real=0.00s
[493.624s][info][gc,start       ] GC(1902) Pause Young (Allocation Failure)
[493.625s][info][gc,heap        ] GC(1902) PSYoungGen: 90752K(91136K)->805K(89088K) Eden: 90624K(90624K)->0K(88064K) From: 128K(512K)->805K(1024K)
[493.625s][info][gc,heap        ] GC(1902) ParOldGen: 370290K(430080K)->370402K(430080K)
[493.625s][info][gc,metaspace   ] GC(1902) Metaspace: 6132K(6208K)->6132K(6208K) NonClass: 5649K(5696K)->5649K(5696K) Class: 483K(512K)->483K(512K)
[493.625s][info][gc             ] GC(1902) Pause Young (Allocation Failure) 450M->362M(507M) 1.741ms
[493.625s][info][gc,cpu         ] GC(1902) User=0.00s Sys=0.00s Real=0.00s
[493.762s][info][gc,start       ] GC(1903) Pause Young (Allocation Failure)
[493.763s][info][gc,heap        ] GC(1903) PSYoungGen: 88869K(89088K)->736K(87040K) Eden: 88064K(88064K)->0K(86016K) From: 805K(1024K)->736K(1024K)
[493.763s][info][gc,heap        ] GC(1903) ParOldGen: 370402K(430080K)->370514K(430080K)
[493.763s][info][gc,metaspace   ] GC(1903) Metaspace: 6132K(6208K)->6132K(6208K) NonClass: 5649K(5696K)->5649K(5696K) Class: 483K(512K)->483K(512K)
[493.763s][info][gc             ] GC(1903) Pause Young (Allocation Failure) 448M->362M(505M) 1.480ms
[493.763s][info][gc,cpu         ] GC(1903) User=0.00s Sys=0.00s Real=0.00s
[493.898s][info][gc,start       ] GC(1904) Pause Young (Allocation Failure)
[493.899s][info][gc,heap        ] GC(1904) PSYoungGen: 86752K(87040K)->672K(278528K) Eden: 86016K(86016K)->0K(277504K) From: 736K(1024K)->672K(1024K)
[493.899s][info][gc,heap        ] GC(1904) ParOldGen: 370514K(430080K)->370514K(430080K)
[493.899s][info][gc,metaspace   ] GC(1904) Metaspace: 6132K(6208K)->6132K(6208K) NonClass: 5649K(5696K)->5649K(5696K) Class: 483K(512K)->483K(512K)
[493.899s][info][gc             ] GC(1904) Pause Young (Allocation Failure) 446M->362M(692M) 1.360ms
[493.899s][info][gc,cpu         ] GC(1904) User=0.00s Sys=0.00s Real=0.00s
[494.368s][info][gc,start       ] GC(1905) Pause Young (Allocation Failure)
[494.369s][info][gc,heap        ] GC(1905) PSYoungGen: 278176K(278528K)->704K(267776K) Eden: 277504K(277504K)->0K(266752K) From: 672K(1024K)->704K(1024K)
[494.369s][info][gc,heap        ] GC(1905) ParOldGen: 370514K(430080K)->370514K(430080K)
[494.369s][info][gc,metaspace   ] GC(1905) Metaspace: 6132K(6208K)->6132K(6208K) NonClass: 5649K(5696K)->5649K(5696K) Class: 483K(512K)->483K(512K)
[494.369s][info][gc             ] GC(1905) Pause Young (Allocation Failure) 633M->362M(681M) 1.641ms
[494.369s][info][gc,cpu         ] GC(1905) User=0.01s Sys=0.00s Real=0.00s
[494.892s][info][gc,start       ] GC(1906) Pause Young (Allocation Failure)
[494.893s][info][gc,heap        ] GC(1906) PSYoungGen: 267456K(267776K)->704K(257536K) Eden: 266752K(266752K)->0K(256512K) From: 704K(1024K)->704K(1024K)
[494.893s][info][gc,heap        ] GC(1906) ParOldGen: 370514K(430080K)->370514K(430080K)
[494.893s][info][gc,metaspace   ] GC(1906) Metaspace: 6132K(6208K)->6132K(6208K) NonClass: 5649K(5696K)->5649K(5696K) Class: 483K(512K)->483K(512K)
[494.893s][info][gc             ] GC(1906) Pause Young (Allocation Failure) 623M->362M(671M) 1.453ms
[494.893s][info][gc,cpu         ] GC(1906) User=0.00s Sys=0.00s Real=0.00s
[495.428s][info][gc,start       ] GC(1907) Pause Young (Allocation Failure)
[495.430s][info][gc,heap        ] GC(1907) PSYoungGen: 257216K(257536K)->512K(247296K) Eden: 256512K(256512K)->0K(246784K) From: 704K(1024K)->512K(512K)
[495.430s][info][gc,heap        ] GC(1907) ParOldGen: 370514K(430080K)->370650K(430080K)
[495.430s][info][gc,metaspace   ] GC(1907) Metaspace: 6132K(6208K)->6132K(6208K) NonClass: 5649K(5696K)->5649K(5696K) Class: 483K(512K)->483K(512K)
[495.430s][info][gc             ] GC(1907) Pause Young (Allocation Failure) 613M->362M(661M) 1.421ms
[495.430s][info][gc,cpu         ] GC(1907) User=0.00s Sys=0.00s Real=0.00s
[495.944s][info][gc,start       ] GC(1908) Pause Young (Allocation Failure)
[495.945s][info][gc,heap        ] GC(1908) PSYoungGen: 247296K(247296K)->677K(238080K) Eden: 246784K(246784K)->0K(237056K) From: 512K(512K)->677K(1024K)
[495.945s][info][gc,heap        ] GC(1908) ParOldGen: 370650K(430080K)->370650K(430080K)
[495.945s][info][gc,metaspace   ] GC(1908) Metaspace: 6132K(6208K)->6132K(6208K) NonClass: 5649K(5696K)->5649K(5696K) Class: 483K(512K)->483K(512K)
[495.945s][info][gc             ] GC(1908) Pause Young (Allocation Failure) 603M->362M(652M) 1.397ms
[495.946s][info][gc,cpu         ] GC(1908) User=0.00s Sys=0.01s Real=0.00s
[496.446s][info][gc,start       ] GC(1909) Pause Young (Allocation Failure)
[496.448s][info][gc,heap        ] GC(1909) PSYoungGen: 237733K(238080K)->736K(228864K) Eden: 237056K(237056K)->0K(227840K) From: 677K(1024K)->736K(1024K)
[496.448s][info][gc,heap        ] GC(1909) ParOldGen: 370650K(430080K)->370690K(430080K)
[496.448s][info][gc,metaspace   ] GC(1909) Metaspace: 6132K(6208K)->6132K(6208K) NonClass: 5649K(5696K)->5649K(5696K) Class: 483K(512K)->483K(512K)
[496.448s][info][gc             ] GC(1909) Pause Young (Allocation Failure) 594M->362M(643M) 1.940ms
[496.448s][info][gc,cpu         ] GC(1909) User=0.00s Sys=0.00s Real=0.00s
[496.933s][info][gc,start       ] GC(1910) Pause Young (Allocation Failure)
[496.935s][info][gc,heap        ] GC(1910) PSYoungGen: 228576K(228864K)->800K(220160K) Eden: 227840K(227840K)->0K(219136K) From: 736K(1024K)->800K(1024K)
[496.935s][info][gc,heap        ] GC(1910) ParOldGen: 370690K(430080K)->370690K(430080K)
[496.935s][info][gc,metaspace   ] GC(1910) Metaspace: 6132K(6208K)->6132K(6208K) NonClass: 5649K(5696K)->5649K(5696K) Class: 483K(512K)->483K(512K)
[496.935s][info][gc             ] GC(1910) Pause Young (Allocation Failure) 585M->362M(635M) 2.100ms
[496.935s][info][gc,cpu         ] GC(1910) User=0.01s Sys=0.00s Real=0.00s
[497.400s][info][gc,start       ] GC(1911) Pause Young (Allocation Failure)
[497.402s][info][gc,heap        ] GC(1911) PSYoungGen: 219936K(220160K)->512K(211456K) Eden: 219136K(219136K)->0K(210944K) From: 800K(1024K)->512K(512K)
[497.402s][info][gc,heap        ] GC(1911) ParOldGen: 370690K(430080K)->370834K(430080K)
[497.402s][info][gc,metaspace   ] GC(1911) Metaspace: 6132K(6208K)->6132K(6208K) NonClass: 5649K(5696K)->5649K(5696K) Class: 483K(512K)->483K(512K)
[497.402s][info][gc             ] GC(1911) Pause Young (Allocation Failure) 576M->362M(626M) 1.494ms
[497.402s][info][gc,cpu         ] GC(1911) User=0.01s Sys=0.00s Real=0.01s
[497.841s][info][gc,start       ] GC(1912) Pause Young (Allocation Failure)
[497.843s][info][gc,heap        ] GC(1912) PSYoungGen: 211456K(211456K)->805K(204288K) Eden: 210944K(210944K)->0K(203264K) From: 512K(512K)->805K(1024K)
[497.843s][info][gc,heap        ] GC(1912) ParOldGen: 370834K(430080K)->370834K(430080K)
[497.843s][info][gc,metaspace   ] GC(1912) Metaspace: 6132K(6208K)->6132K(6208K) NonClass: 5649K(5696K)->5649K(5696K) Class: 483K(512K)->483K(512K)
[497.843s][info][gc             ] GC(1912) Pause Young (Allocation Failure) 568M->362M(619M) 1.898ms
[497.843s][info][gc,cpu         ] GC(1912) User=0.00s Sys=0.00s Real=0.00s
[498.270s][info][gc,start       ] GC(1913) Pause Young (Allocation Failure)
[498.272s][info][gc,heap        ] GC(1913) PSYoungGen: 204069K(204288K)->640K(197120K) Eden: 203264K(203264K)->0K(196096K) From: 805K(1024K)->640K(1024K)
[498.272s][info][gc,heap        ] GC(1913) ParOldGen: 370834K(430080K)->370874K(430080K)
[498.272s][info][gc,metaspace   ] GC(1913) Metaspace: 6132K(6208K)->6132K(6208K) NonClass: 5649K(5696K)->5649K(5696K) Class: 483K(512K)->483K(512K)
[498.272s][info][gc             ] GC(1913) Pause Young (Allocation Failure) 561M->362M(612M) 2.843ms
[498.272s][info][gc,cpu         ] GC(1913) User=0.00s Sys=0.00s Real=0.01s
[498.708s][info][gc,start       ] GC(1914) Pause Young (Allocation Failure)
[498.711s][info][gc,heap        ] GC(1914) PSYoungGen: 196736K(197120K)->722K(189952K) Eden: 196096K(196096K)->0K(188928K) From: 640K(1024K)->722K(1024K)
[498.711s][info][gc,heap        ] GC(1914) ParOldGen: 370874K(430080K)->370874K(430080K)
[498.711s][info][gc,metaspace   ] GC(1914) Metaspace: 6132K(6208K)->6132K(6208K) NonClass: 5649K(5696K)->5649K(5696K) Class: 483K(512K)->483K(512K)
[498.711s][info][gc             ] GC(1914) Pause Young (Allocation Failure) 554M->362M(605M) 3.135ms
[498.711s][info][gc,cpu         ] GC(1914) User=0.00s Sys=0.00s Real=0.01s
[499.127s][info][gc,start       ] GC(1915) Pause Young (Allocation Failure)
[499.130s][info][gc,heap        ] GC(1915) PSYoungGen: 189650K(189952K)->498K(182784K) Eden: 188928K(188928K)->0K(182272K) From: 722K(1024K)->498K(512K)
[499.130s][info][gc,heap        ] GC(1915) ParOldGen: 370874K(430080K)->371106K(430080K)
[499.130s][info][gc,metaspace   ] GC(1915) Metaspace: 6132K(6208K)->6132K(6208K) NonClass: 5649K(5696K)->5649K(5696K) Class: 483K(512K)->483K(512K)
[499.130s][info][gc             ] GC(1915) Pause Young (Allocation Failure) 547M->362M(598M) 3.692ms
[499.130s][info][gc,cpu         ] GC(1915) User=0.01s Sys=0.00s Real=0.00s
[499.532s][info][gc,start       ] GC(1916) Pause Young (Allocation Failure)
[499.537s][info][gc,heap        ] GC(1916) PSYoungGen: 182770K(182784K)->786K(176640K) Eden: 182272K(182272K)->0K(175616K) From: 498K(512K)->786K(1024K)
[499.537s][info][gc,heap        ] GC(1916) ParOldGen: 371106K(430080K)->371106K(430080K)
[499.537s][info][gc,metaspace   ] GC(1916) Metaspace: 6132K(6208K)->6132K(6208K) NonClass: 5649K(5696K)->5649K(5696K) Class: 483K(512K)->483K(512K)
[499.537s][info][gc             ] GC(1916) Pause Young (Allocation Failure) 540M->363M(592M) 4.989ms
[499.537s][info][gc,cpu         ] GC(1916) User=0.01s Sys=0.00s Real=0.00s
[499.898s][info][gc,start       ] GC(1917) Pause Young (Allocation Failure)
[499.900s][info][gc,heap        ] GC(1917) PSYoungGen: 176402K(176640K)->736K(170496K) Eden: 175616K(175616K)->0K(169472K) From: 786K(1024K)->736K(1024K)
[499.900s][info][gc,heap        ] GC(1917) ParOldGen: 371106K(430080K)->371122K(430080K)
[499.900s][info][gc,metaspace   ] GC(1917) Metaspace: 6132K(6208K)->6132K(6208K) NonClass: 5649K(5696K)->5649K(5696K) Class: 483K(512K)->483K(512K)
[499.900s][info][gc             ] GC(1917) Pause Young (Allocation Failure) 534M->363M(586M) 1.487ms
[499.900s][info][gc,cpu         ] GC(1917) User=0.01s Sys=0.00s Real=0.00s
[500.246s][info][gc,start       ] GC(1918) Pause Young (Allocation Failure)
[500.248s][info][gc,heap        ] GC(1918) PSYoungGen: 170208K(170496K)->800K(164864K) Eden: 169472K(169472K)->0K(163840K) From: 736K(1024K)->800K(1024K)
[500.248s][info][gc,heap        ] GC(1918) ParOldGen: 371122K(430080K)->371122K(430080K)
[500.248s][info][gc,metaspace   ] GC(1918) Metaspace: 6132K(6208K)->6132K(6208K) NonClass: 5649K(5696K)->5649K(5696K) Class: 483K(512K)->483K(512K)
[500.248s][info][gc             ] GC(1918) Pause Young (Allocation Failure) 528M->363M(581M) 1.768ms
[500.248s][info][gc,cpu         ] GC(1918) User=0.01s Sys=0.00s Real=0.00s
[500.565s][info][gc,start       ] GC(1919) Pause Young (Allocation Failure)
[500.567s][info][gc,heap        ] GC(1919) PSYoungGen: 164640K(164864K)->512K(158720K) Eden: 163840K(163840K)->0K(158208K) From: 800K(1024K)->512K(512K)
[500.567s][info][gc,heap        ] GC(1919) ParOldGen: 371122K(430080K)->371346K(430080K)
[500.567s][info][gc,metaspace   ] GC(1919) Metaspace: 6132K(6208K)->6132K(6208K) NonClass: 5649K(5696K)->5649K(5696K) Class: 483K(512K)->483K(512K)
[500.567s][info][gc             ] GC(1919) Pause Young (Allocation Failure) 523M->363M(575M) 1.802ms
[500.567s][info][gc,cpu         ] GC(1919) User=0.00s Sys=0.00s Real=0.00s
[500.861s][info][gc,start       ] GC(1920) Pause Young (Allocation Failure)
[500.863s][info][gc,heap        ] GC(1920) PSYoungGen: 158720K(158720K)->768K(154112K) Eden: 158208K(158208K)->0K(153088K) From: 512K(512K)->768K(1024K)
[500.863s][info][gc,heap        ] GC(1920) ParOldGen: 371346K(430080K)->371346K(430080K)
[500.863s][info][gc,metaspace   ] GC(1920) Metaspace: 6132K(6208K)->6132K(6208K) NonClass: 5649K(5696K)->5649K(5696K) Class: 483K(512K)->483K(512K)
[500.863s][info][gc             ] GC(1920) Pause Young (Allocation Failure) 517M->363M(570M) 1.758ms
[500.863s][info][gc,cpu         ] GC(1920) User=0.01s Sys=0.00s Real=0.00s
[501.135s][info][gc,start       ] GC(1921) Pause Young (Allocation Failure)
[501.136s][info][gc,heap        ] GC(1921) PSYoungGen: 153856K(154112K)->736K(148992K) Eden: 153088K(153088K)->0K(147968K) From: 768K(1024K)->736K(1024K)
[501.136s][info][gc,heap        ] GC(1921) ParOldGen: 371346K(430080K)->371378K(430080K)
[501.136s][info][gc,metaspace   ] GC(1921) Metaspace: 6132K(6208K)->6132K(6208K) NonClass: 5649K(5696K)->5649K(5696K) Class: 483K(512K)->483K(512K)
[501.136s][info][gc             ] GC(1921) Pause Young (Allocation Failure) 512M->363M(565M) 1.797ms
[501.136s][info][gc,cpu         ] GC(1921) User=0.00s Sys=0.00s Real=0.00s
[501.401s][info][gc,start       ] GC(1922) Pause Young (Allocation Failure)
[501.403s][info][gc,heap        ] GC(1922) PSYoungGen: 148704K(148992K)->704K(144384K) Eden: 147968K(147968K)->0K(143360K) From: 736K(1024K)->704K(1024K)
[501.403s][info][gc,heap        ] GC(1922) ParOldGen: 371378K(430080K)->371378K(430080K)
[501.403s][info][gc,metaspace   ] GC(1922) Metaspace: 6132K(6208K)->6132K(6208K) NonClass: 5649K(5696K)->5649K(5696K) Class: 483K(512K)->483K(512K)
[501.403s][info][gc             ] GC(1922) Pause Young (Allocation Failure) 507M->363M(561M) 1.591ms
[501.403s][info][gc,cpu         ] GC(1922) User=0.00s Sys=0.00s Real=0.00s
[501.646s][info][gc,start       ] GC(1923) Pause Young (Allocation Failure)
[501.648s][info][gc,heap        ] GC(1923) PSYoungGen: 144064K(144384K)->512K(139264K) Eden: 143360K(143360K)->0K(138752K) From: 704K(1024K)->512K(512K)
[501.648s][info][gc,heap        ] GC(1923) ParOldGen: 371378K(430080K)->371578K(430080K)
[501.648s][info][gc,metaspace   ] GC(1923) Metaspace: 6132K(6208K)->6132K(6208K) NonClass: 5649K(5696K)->5649K(5696K) Class: 483K(512K)->483K(512K)
[501.648s][info][gc             ] GC(1923) Pause Young (Allocation Failure) 503M->363M(556M) 1.827ms
[501.648s][info][gc,cpu         ] GC(1923) User=0.01s Sys=0.00s Real=0.00s
[501.898s][info][gc,start       ] GC(1924) Pause Young (Allocation Failure)
[501.900s][info][gc,heap        ] GC(1924) PSYoungGen: 139264K(139264K)->722K(135168K) Eden: 138752K(138752K)->0K(134144K) From: 512K(512K)->722K(1024K)
[501.900s][info][gc,heap        ] GC(1924) ParOldGen: 371578K(430080K)->371578K(430080K)
[501.900s][info][gc,metaspace   ] GC(1924) Metaspace: 6132K(6208K)->6132K(6208K) NonClass: 5649K(5696K)->5649K(5696K) Class: 483K(512K)->483K(512K)
[501.900s][info][gc             ] GC(1924) Pause Young (Allocation Failure) 498M->363M(552M) 2.586ms
[501.900s][info][gc,cpu         ] GC(1924) User=0.00s Sys=0.00s Real=0.00s
[502.139s][info][gc,start       ] GC(1925) Pause Young (Allocation Failure)
[502.142s][info][gc,heap        ] GC(1925) PSYoungGen: 134866K(135168K)->736K(131072K) Eden: 134144K(134144K)->0K(130048K) From: 722K(1024K)->736K(1024K)
[502.142s][info][gc,heap        ] GC(1925) ParOldGen: 371578K(430080K)->371602K(430080K)
[502.142s][info][gc,metaspace   ] GC(1925) Metaspace: 6132K(6208K)->6132K(6208K) NonClass: 5649K(5696K)->5649K(5696K) Class: 483K(512K)->483K(512K)
[502.142s][info][gc             ] GC(1925) Pause Young (Allocation Failure) 494M->363M(548M) 3.152ms
[502.142s][info][gc,cpu         ] GC(1925) User=0.01s Sys=0.00s Real=0.01s
[502.378s][info][gc,start       ] GC(1926) Pause Young (Allocation Failure)
[502.381s][info][gc,heap        ] GC(1926) PSYoungGen: 130784K(131072K)->736K(126976K) Eden: 130048K(130048K)->0K(125952K) From: 736K(1024K)->736K(1024K)
[502.381s][info][gc,heap        ] GC(1926) ParOldGen: 371602K(430080K)->371602K(430080K)
[502.381s][info][gc,metaspace   ] GC(1926) Metaspace: 6132K(6208K)->6132K(6208K) NonClass: 5649K(5696K)->5649K(5696K) Class: 483K(512K)->483K(512K)
[502.381s][info][gc             ] GC(1926) Pause Young (Allocation Failure) 490M->363M(544M) 2.274ms
[502.381s][info][gc,cpu         ] GC(1926) User=0.00s Sys=0.01s Real=0.01s
[502.617s][info][gc,start       ] GC(1927) Pause Young (Allocation Failure)
[502.619s][info][gc,heap        ] GC(1927) PSYoungGen: 126688K(126976K)->512K(122368K) Eden: 125952K(125952K)->0K(121856K) From: 736K(1024K)->512K(512K)
[502.619s][info][gc,heap        ] GC(1927) ParOldGen: 371602K(430080K)->371754K(430080K)
[502.619s][info][gc,metaspace   ] GC(1927) Metaspace: 6132K(6208K)->6132K(6208K) NonClass: 5649K(5696K)->5649K(5696K) Class: 483K(512K)->483K(512K)
[502.619s][info][gc             ] GC(1927) Pause Young (Allocation Failure) 486M->363M(539M) 1.594ms
[502.619s][info][gc,cpu         ] GC(1927) User=0.00s Sys=0.00s Real=0.00s
[502.815s][info][gc,start       ] GC(1928) Pause Young (Allocation Failure)
[502.816s][info][gc,heap        ] GC(1928) PSYoungGen: 122368K(122368K)->672K(119296K) Eden: 121856K(121856K)->0K(118272K) From: 512K(512K)->672K(1024K)
[502.816s][info][gc,heap        ] GC(1928) ParOldGen: 371754K(430080K)->371754K(430080K)
[502.816s][info][gc,metaspace   ] GC(1928) Metaspace: 6132K(6208K)->6132K(6208K) NonClass: 5649K(5696K)->5649K(5696K) Class: 483K(512K)->483K(512K)
[502.816s][info][gc             ] GC(1928) Pause Young (Allocation Failure) 482M->363M(536M) 1.404ms
[502.816s][info][gc,cpu         ] GC(1928) User=0.00s Sys=0.00s Real=0.00s
[502.997s][info][gc,start       ] GC(1929) Pause Young (Allocation Failure)
[502.999s][info][gc,heap        ] GC(1929) PSYoungGen: 118944K(119296K)->704K(115712K) Eden: 118272K(118272K)->0K(114688K) From: 672K(1024K)->704K(1024K)
[502.999s][info][gc,heap        ] GC(1929) ParOldGen: 371754K(430080K)->371770K(430080K)
[502.999s][info][gc,metaspace   ] GC(1929) Metaspace: 6132K(6208K)->6132K(6208K) NonClass: 5649K(5696K)->5649K(5696K) Class: 483K(512K)->483K(512K)
[502.999s][info][gc             ] GC(1929) Pause Young (Allocation Failure) 479M->363M(533M) 1.603ms
[502.999s][info][gc,cpu         ] GC(1929) User=0.01s Sys=0.00s Real=0.00s
[503.194s][info][gc,start       ] GC(1930) Pause Young (Allocation Failure)
[503.195s][info][gc,heap        ] GC(1930) PSYoungGen: 115392K(115712K)->672K(112128K) Eden: 114688K(114688K)->0K(111104K) From: 704K(1024K)->672K(1024K)
[503.195s][info][gc,heap        ] GC(1930) ParOldGen: 371770K(430080K)->371770K(430080K)
[503.195s][info][gc,metaspace   ] GC(1930) Metaspace: 6132K(6208K)->6132K(6208K) NonClass: 5649K(5696K)->5649K(5696K) Class: 483K(512K)->483K(512K)
[503.195s][info][gc             ] GC(1930) Pause Young (Allocation Failure) 475M->363M(529M) 1.409ms
[503.195s][info][gc,cpu         ] GC(1930) User=0.00s Sys=0.00s Real=0.00s
[503.362s][info][gc,start       ] GC(1931) Pause Young (Allocation Failure)
[503.363s][info][gc,heap        ] GC(1931) PSYoungGen: 111776K(112128K)->512K(108544K) Eden: 111104K(111104K)->0K(108032K) From: 672K(1024K)->512K(512K)
[503.363s][info][gc,heap        ] GC(1931) ParOldGen: 371770K(430080K)->371986K(430080K)
[503.363s][info][gc,metaspace   ] GC(1931) Metaspace: 6132K(6208K)->6132K(6208K) NonClass: 5649K(5696K)->5649K(5696K) Class: 483K(512K)->483K(512K)
[503.364s][info][gc             ] GC(1931) Pause Young (Allocation Failure) 472M->363M(526M) 1.371ms
[503.364s][info][gc,cpu         ] GC(1931) User=0.00s Sys=0.00s Real=0.00s
[503.521s][info][gc,start       ] GC(1932) Pause Young (Allocation Failure)
[503.522s][info][gc,heap        ] GC(1932) PSYoungGen: 108544K(108544K)->704K(105984K) Eden: 108032K(108032K)->0K(104960K) From: 512K(512K)->704K(1024K)
[503.522s][info][gc,heap        ] GC(1932) ParOldGen: 371986K(430080K)->371986K(430080K)
[503.522s][info][gc,metaspace   ] GC(1932) Metaspace: 6132K(6208K)->6132K(6208K) NonClass: 5649K(5696K)->5649K(5696K) Class: 483K(512K)->483K(512K)
[503.522s][info][gc             ] GC(1932) Pause Young (Allocation Failure) 469M->363M(523M) 1.324ms
[503.522s][info][gc,cpu         ] GC(1932) User=0.00s Sys=0.00s Real=0.00s
[503.671s][info][gc,start       ] GC(1933) Pause Young (Allocation Failure)
[503.672s][info][gc,heap        ] GC(1933) PSYoungGen: 105664K(105984K)->704K(102912K) Eden: 104960K(104960K)->0K(101888K) From: 704K(1024K)->704K(1024K)
[503.672s][info][gc,heap        ] GC(1933) ParOldGen: 371986K(430080K)->372010K(430080K)
[503.672s][info][gc,metaspace   ] GC(1933) Metaspace: 6132K(6208K)->6132K(6208K) NonClass: 5649K(5696K)->5649K(5696K) Class: 483K(512K)->483K(512K)
[503.672s][info][gc             ] GC(1933) Pause Young (Allocation Failure) 466M->363M(520M) 1.396ms
[503.672s][info][gc,cpu         ] GC(1933) User=0.01s Sys=0.00s Real=0.00s
[503.806s][info][gc,start       ] GC(1934) Pause Young (Allocation Failure)
[503.807s][info][gc,heap        ] GC(1934) PSYoungGen: 102592K(102912K)->736K(99840K) Eden: 101888K(101888K)->0K(98816K) From: 704K(1024K)->736K(1024K)
[503.807s][info][gc,heap        ] GC(1934) ParOldGen: 372010K(430080K)->372010K(430080K)
[503.807s][info][gc,metaspace   ] GC(1934) Metaspace: 6132K(6208K)->6132K(6208K) NonClass: 5649K(5696K)->5649K(5696K) Class: 483K(512K)->483K(512K)
[503.807s][info][gc             ] GC(1934) Pause Young (Allocation Failure) 463M->364M(517M) 1.412ms
[503.807s][info][gc,cpu         ] GC(1934) User=0.01s Sys=0.00s Real=0.00s
[503.966s][info][gc,start       ] GC(1935) Pause Young (Allocation Failure)
[503.967s][info][gc,heap        ] GC(1935) PSYoungGen: 99552K(99840K)->512K(96768K) Eden: 98816K(98816K)->0K(96256K) From: 736K(1024K)->512K(512K)
[503.967s][info][gc,heap        ] GC(1935) ParOldGen: 372010K(430080K)->372202K(430080K)
[503.967s][info][gc,metaspace   ] GC(1935) Metaspace: 6132K(6208K)->6132K(6208K) NonClass: 5649K(5696K)->5649K(5696K) Class: 483K(512K)->483K(512K)
[503.967s][info][gc             ] GC(1935) Pause Young (Allocation Failure) 460M->363M(514M) 1.423ms
[503.967s][info][gc,cpu         ] GC(1935) User=0.00s Sys=0.00s Real=0.00s
[504.103s][info][gc,start       ] GC(1936) Pause Young (Allocation Failure)
[504.104s][info][gc,heap        ] GC(1936) PSYoungGen: 96768K(96768K)->672K(94720K) Eden: 96256K(96256K)->0K(93696K) From: 512K(512K)->672K(1024K)
[504.105s][info][gc,heap        ] GC(1936) ParOldGen: 372202K(430080K)->372202K(430080K)
[504.105s][info][gc,metaspace   ] GC(1936) Metaspace: 6132K(6208K)->6132K(6208K) NonClass: 5649K(5696K)->5649K(5696K) Class: 483K(512K)->483K(512K)
[504.105s][info][gc             ] GC(1936) Pause Young (Allocation Failure) 457M->364M(512M) 1.301ms
[504.105s][info][gc,cpu         ] GC(1936) User=0.00s Sys=0.00s Real=0.00s
[504.232s][info][gc,start       ] GC(1937) Pause Young (Allocation Failure)
[504.233s][info][gc,heap        ] GC(1937) PSYoungGen: 94368K(94720K)->704K(92160K) Eden: 93696K(93696K)->0K(91136K) From: 672K(1024K)->704K(1024K)
[504.233s][info][gc,heap        ] GC(1937) ParOldGen: 372202K(430080K)->372218K(430080K)
[504.233s][info][gc,metaspace   ] GC(1937) Metaspace: 6132K(6208K)->6132K(6208K) NonClass: 5649K(5696K)->5649K(5696K) Class: 483K(512K)->483K(512K)
[504.233s][info][gc             ] GC(1937) Pause Young (Allocation Failure) 455M->364M(510M) 1.229ms
[504.233s][info][gc,cpu         ] GC(1937) User=0.00s Sys=0.00s Real=0.00s
[504.350s][info][gc,start       ] GC(1938) Pause Young (Allocation Failure)
[504.351s][info][gc,heap        ] GC(1938) PSYoungGen: 91840K(92160K)->704K(89600K) Eden: 91136K(91136K)->0K(88576K) From: 704K(1024K)->704K(1024K)
[504.351s][info][gc,heap        ] GC(1938) ParOldGen: 372218K(430080K)->372218K(430080K)
[504.351s][info][gc,metaspace   ] GC(1938) Metaspace: 6132K(6208K)->6132K(6208K) NonClass: 5649K(5696K)->5649K(5696K) Class: 483K(512K)->483K(512K)
[504.351s][info][gc             ] GC(1938) Pause Young (Allocation Failure) 453M->364M(507M) 1.359ms
[504.351s][info][gc,cpu         ] GC(1938) User=0.00s Sys=0.00s Real=0.01s
[504.463s][info][gc,start       ] GC(1939) Pause Young (Allocation Failure)
[504.464s][info][gc,heap        ] GC(1939) PSYoungGen: 89280K(89600K)->512K(87040K) Eden: 88576K(88576K)->0K(86528K) From: 704K(1024K)->512K(512K)
[504.464s][info][gc,heap        ] GC(1939) ParOldGen: 372218K(430080K)->372458K(430080K)
[504.464s][info][gc,metaspace   ] GC(1939) Metaspace: 6132K(6208K)->6132K(6208K) NonClass: 5649K(5696K)->5649K(5696K) Class: 483K(512K)->483K(512K)
[504.464s][info][gc             ] GC(1939) Pause Young (Allocation Failure) 450M->364M(505M) 1.360ms
[504.464s][info][gc,cpu         ] GC(1939) User=0.00s Sys=0.00s Real=0.00s
[504.592s][info][gc,start       ] GC(1940) Pause Young (Allocation Failure)
[504.595s][info][gc,heap        ] GC(1940) PSYoungGen: 87040K(87040K)->736K(104960K) Eden: 86528K(86528K)->0K(103936K) From: 512K(512K)->736K(1024K)
[504.595s][info][gc,heap        ] GC(1940) ParOldGen: 372458K(430080K)->372458K(430080K)
[504.595s][info][gc,metaspace   ] GC(1940) Metaspace: 6132K(6208K)->6132K(6208K) NonClass: 5649K(5696K)->5649K(5696K) Class: 483K(512K)->483K(512K)
[504.595s][info][gc             ] GC(1940) Pause Young (Allocation Failure) 448M->364M(522M) 3.018ms
[504.595s][info][gc,cpu         ] GC(1940) User=0.00s Sys=0.00s Real=0.00s
[504.727s][info][gc,start       ] GC(1941) Pause Young (Allocation Failure)
[504.728s][info][gc,heap        ] GC(1941) PSYoungGen: 104672K(104960K)->672K(125952K) Eden: 103936K(103936K)->0K(124928K) From: 736K(1024K)->672K(1024K)
[504.728s][info][gc,heap        ] GC(1941) ParOldGen: 372458K(430080K)->372490K(430080K)
[504.728s][info][gc,metaspace   ] GC(1941) Metaspace: 6132K(6208K)->6132K(6208K) NonClass: 5649K(5696K)->5649K(5696K) Class: 483K(512K)->483K(512K)
[504.728s][info][gc             ] GC(1941) Pause Young (Allocation Failure) 465M->364M(543M) 1.369ms
[504.728s][info][gc,cpu         ] GC(1941) User=0.00s Sys=0.00s Real=0.00s
[504.895s][info][gc,start       ] GC(1942) Pause Young (Allocation Failure)
[504.897s][info][gc,heap        ] GC(1942) PSYoungGen: 125600K(125952K)->626K(151040K) Eden: 124928K(124928K)->0K(150016K) From: 672K(1024K)->626K(1024K)
[504.897s][info][gc,heap        ] GC(1942) ParOldGen: 372490K(430080K)->372490K(430080K)
[504.897s][info][gc,metaspace   ] GC(1942) Metaspace: 6132K(6208K)->6132K(6208K) NonClass: 5649K(5696K)->5649K(5696K) Class: 483K(512K)->483K(512K)
[504.897s][info][gc             ] GC(1942) Pause Young (Allocation Failure) 486M->364M(567M) 2.326ms
[504.897s][info][gc,cpu         ] GC(1942) User=0.00s Sys=0.00s Real=0.00s
[505.102s][info][gc,start       ] GC(1943) Pause Young (Allocation Failure)
[505.105s][info][gc,heap        ] GC(1943) PSYoungGen: 150642K(151040K)->498K(180736K) Eden: 150016K(150016K)->0K(180224K) From: 626K(1024K)->498K(512K)
[505.105s][info][gc,heap        ] GC(1943) ParOldGen: 372490K(430080K)->372674K(430080K)
[505.105s][info][gc,metaspace   ] GC(1943) Metaspace: 6132K(6208K)->6132K(6208K) NonClass: 5649K(5696K)->5649K(5696K) Class: 483K(512K)->483K(512K)
[505.105s][info][gc             ] GC(1943) Pause Young (Allocation Failure) 510M->364M(596M) 2.560ms
[505.105s][info][gc,cpu         ] GC(1943) User=0.00s Sys=0.00s Real=0.00s
[505.386s][info][gc,start       ] GC(1944) Pause Young (Allocation Failure)
[505.390s][info][gc,heap        ] GC(1944) PSYoungGen: 180722K(180736K)->805K(217088K) Eden: 180224K(180224K)->0K(216064K) From: 498K(512K)->805K(1024K)
[505.390s][info][gc,heap        ] GC(1944) ParOldGen: 372674K(430080K)->372674K(430080K)
[505.390s][info][gc,metaspace   ] GC(1944) Metaspace: 6132K(6208K)->6132K(6208K) NonClass: 5649K(5696K)->5649K(5696K) Class: 483K(512K)->483K(512K)
[505.390s][info][gc             ] GC(1944) Pause Young (Allocation Failure) 540M->364M(632M) 3.816ms
[505.390s][info][gc,cpu         ] GC(1944) User=0.00s Sys=0.00s Real=0.00s
[505.771s][info][gc,start       ] GC(1945) Pause Young (Allocation Failure)
[505.774s][info][gc,heap        ] GC(1945) PSYoungGen: 216869K(217088K)->640K(260096K) Eden: 216064K(216064K)->0K(259072K) From: 805K(1024K)->640K(1024K)
[505.774s][info][gc,heap        ] GC(1945) ParOldGen: 372674K(430080K)->372730K(430080K)
[505.774s][info][gc,metaspace   ] GC(1945) Metaspace: 6132K(6208K)->6132K(6208K) NonClass: 5649K(5696K)->5649K(5696K) Class: 483K(512K)->483K(512K)
[505.774s][info][gc             ] GC(1945) Pause Young (Allocation Failure) 575M->364M(674M) 2.682ms
[505.774s][info][gc,cpu         ] GC(1945) User=0.00s Sys=0.00s Real=0.00s
[506.264s][info][gc,start       ] GC(1946) Pause Young (Allocation Failure)
[506.268s][info][gc,heap        ] GC(1946) PSYoungGen: 259712K(260096K)->722K(273408K) Eden: 259072K(259072K)->0K(272384K) From: 640K(1024K)->722K(1024K)
[506.268s][info][gc,heap        ] GC(1946) ParOldGen: 372730K(430080K)->372730K(430080K)
[506.268s][info][gc,metaspace   ] GC(1946) Metaspace: 6132K(6208K)->6132K(6208K) NonClass: 5649K(5696K)->5649K(5696K) Class: 483K(512K)->483K(512K)
[506.268s][info][gc             ] GC(1946) Pause Young (Allocation Failure) 617M->364M(687M) 4.475ms
[506.268s][info][gc,cpu         ] GC(1946) User=0.00s Sys=0.00s Real=0.00s
[506.750s][info][gc,start       ] GC(1947) Pause Young (Allocation Failure)
[506.753s][info][gc,heap        ] GC(1947) PSYoungGen: 273106K(273408K)->722K(262656K) Eden: 272384K(272384K)->0K(261632K) From: 722K(1024K)->722K(1024K)
[506.753s][info][gc,heap        ] GC(1947) ParOldGen: 372730K(430080K)->372730K(430080K)
[506.753s][info][gc,metaspace   ] GC(1947) Metaspace: 6132K(6208K)->6132K(6208K) NonClass: 5649K(5696K)->5649K(5696K) Class: 483K(512K)->483K(512K)
[506.753s][info][gc             ] GC(1947) Pause Young (Allocation Failure) 630M->364M(676M) 3.445ms
[506.753s][info][gc,cpu         ] GC(1947) User=0.00s Sys=0.00s Real=0.01s
[507.263s][info][gc,start       ] GC(1948) Pause Young (Allocation Failure)
[507.265s][info][gc,heap        ] GC(1948) PSYoungGen: 262354K(262656K)->736K(252416K) Eden: 261632K(261632K)->0K(251392K) From: 722K(1024K)->736K(1024K)
[507.265s][info][gc,heap        ] GC(1948) ParOldGen: 372730K(430080K)->372730K(430080K)
[507.265s][info][gc,metaspace   ] GC(1948) Metaspace: 6132K(6208K)->6132K(6208K) NonClass: 5649K(5696K)->5649K(5696K) Class: 483K(512K)->483K(512K)
[507.265s][info][gc             ] GC(1948) Pause Young (Allocation Failure) 620M->364M(666M) 2.243ms
[507.265s][info][gc,cpu         ] GC(1948) User=0.00s Sys=0.00s Real=0.00s
[507.762s][info][gc,start       ] GC(1949) Pause Young (Allocation Failure)
[507.764s][info][gc,heap        ] GC(1949) PSYoungGen: 252128K(252416K)->512K(242176K) Eden: 251392K(251392K)->0K(241664K) From: 736K(1024K)->512K(512K)
[507.764s][info][gc,heap        ] GC(1949) ParOldGen: 372730K(430080K)->373002K(430080K)
[507.764s][info][gc,metaspace   ] GC(1949) Metaspace: 6132K(6208K)->6132K(6208K) NonClass: 5649K(5696K)->5649K(5696K) Class: 483K(512K)->483K(512K)
[507.764s][info][gc             ] GC(1949) Pause Young (Allocation Failure) 610M->364M(656M) 1.894ms
[507.764s][info][gc,cpu         ] GC(1949) User=0.00s Sys=0.00s Real=0.00s
[508.321s][info][gc,start       ] GC(1950) Pause Young (Allocation Failure)
[508.324s][info][gc,heap        ] GC(1950) PSYoungGen: 242176K(242176K)->704K(233472K) Eden: 241664K(241664K)->0K(232448K) From: 512K(512K)->704K(1024K)
[508.324s][info][gc,heap        ] GC(1950) ParOldGen: 373002K(430080K)->373002K(430080K)
[508.324s][info][gc,metaspace   ] GC(1950) Metaspace: 6132K(6208K)->6132K(6208K) NonClass: 5649K(5696K)->5649K(5696K) Class: 483K(512K)->483K(512K)
[508.324s][info][gc             ] GC(1950) Pause Young (Allocation Failure) 600M->364M(648M) 2.396ms
[508.324s][info][gc,cpu         ] GC(1950) User=0.00s Sys=0.00s Real=0.00s
[508.787s][info][gc,start       ] GC(1951) Pause Young (Allocation Failure)
[508.791s][info][gc,heap        ] GC(1951) PSYoungGen: 233152K(233472K)->800K(224768K) Eden: 232448K(232448K)->0K(223744K) From: 704K(1024K)->800K(1024K)
[508.791s][info][gc,heap        ] GC(1951) ParOldGen: 373002K(430080K)->373018K(430080K)
[508.791s][info][gc,metaspace   ] GC(1951) Metaspace: 6132K(6208K)->6132K(6208K) NonClass: 5649K(5696K)->5649K(5696K) Class: 483K(512K)->483K(512K)
[508.791s][info][gc             ] GC(1951) Pause Young (Allocation Failure) 591M->365M(639M) 4.184ms
[508.791s][info][gc,cpu         ] GC(1951) User=0.01s Sys=0.00s Real=0.01s
[509.223s][info][gc,start       ] GC(1952) Pause Young (Allocation Failure)
[509.226s][info][gc,heap        ] GC(1952) PSYoungGen: 224544K(224768K)->786K(216576K) Eden: 223744K(223744K)->0K(215552K) From: 800K(1024K)->786K(1024K)
[509.226s][info][gc,heap        ] GC(1952) ParOldGen: 373018K(430080K)->373018K(430080K)
[509.226s][info][gc,metaspace   ] GC(1952) Metaspace: 6132K(6208K)->6132K(6208K) NonClass: 5649K(5696K)->5649K(5696K) Class: 483K(512K)->483K(512K)
[509.226s][info][gc             ] GC(1952) Pause Young (Allocation Failure) 583M->365M(631M) 3.588ms
[509.226s][info][gc,cpu         ] GC(1952) User=0.01s Sys=0.00s Real=0.00s
[509.647s][info][gc,start       ] GC(1953) Pause Young (Allocation Failure)
[509.652s][info][gc,heap        ] GC(1953) PSYoungGen: 216338K(216576K)->498K(207872K) Eden: 215552K(215552K)->0K(207360K) From: 786K(1024K)->498K(512K)
[509.652s][info][gc,heap        ] GC(1953) ParOldGen: 373018K(430080K)->373226K(430080K)
[509.652s][info][gc,metaspace   ] GC(1953) Metaspace: 6132K(6208K)->6132K(6208K) NonClass: 5649K(5696K)->5649K(5696K) Class: 483K(512K)->483K(512K)
[509.652s][info][gc             ] GC(1953) Pause Young (Allocation Failure) 575M->364M(623M) 4.720ms
[509.652s][info][gc,cpu         ] GC(1953) User=0.00s Sys=0.00s Real=0.01s
[509.998s][info][gc,start       ] GC(1954) Pause Young (Allocation Failure)
[509.999s][info][gc,heap        ] GC(1954) PSYoungGen: 207858K(207872K)->786K(200704K) Eden: 207360K(207360K)->0K(199680K) From: 498K(512K)->786K(1024K)
[509.999s][info][gc,heap        ] GC(1954) ParOldGen: 373226K(430080K)->373226K(430080K)
[509.999s][info][gc,metaspace   ] GC(1954) Metaspace: 6132K(6208K)->6132K(6208K) NonClass: 5649K(5696K)->5649K(5696K) Class: 483K(512K)->483K(512K)
[509.999s][info][gc             ] GC(1954) Pause Young (Allocation Failure) 567M->365M(616M) 1.925ms
[509.999s][info][gc,cpu         ] GC(1954) User=0.00s Sys=0.00s Real=0.00s
[510.309s][info][gc,start       ] GC(1955) Pause Young (Allocation Failure)
[510.311s][info][gc,heap        ] GC(1955) PSYoungGen: 200466K(200704K)->800K(193536K) Eden: 199680K(199680K)->0K(192512K) From: 786K(1024K)->800K(1024K)
[510.311s][info][gc,heap        ] GC(1955) ParOldGen: 373226K(430080K)->373298K(430080K)
[510.311s][info][gc,metaspace   ] GC(1955) Metaspace: 6132K(6208K)->6132K(6208K) NonClass: 5649K(5696K)->5649K(5696K) Class: 483K(512K)->483K(512K)
[510.311s][info][gc             ] GC(1955) Pause Young (Allocation Failure) 560M->365M(609M) 1.859ms
[510.311s][info][gc,cpu         ] GC(1955) User=0.01s Sys=0.00s Real=0.01s
[510.627s][info][gc,start       ] GC(1956) Pause Young (Allocation Failure)
[510.628s][info][gc,heap        ] GC(1956) PSYoungGen: 193312K(193536K)->736K(186880K) Eden: 192512K(192512K)->0K(185856K) From: 800K(1024K)->736K(1024K)
[510.628s][info][gc,heap        ] GC(1956) ParOldGen: 373298K(430080K)->373298K(430080K)
[510.628s][info][gc,metaspace   ] GC(1956) Metaspace: 6132K(6208K)->6132K(6208K) NonClass: 5649K(5696K)->5649K(5696K) Class: 483K(512K)->483K(512K)
[510.628s][info][gc             ] GC(1956) Pause Young (Allocation Failure) 553M->365M(602M) 1.754ms
[510.628s][info][gc,cpu         ] GC(1956) User=0.01s Sys=0.00s Real=0.00s
[510.974s][info][gc,start       ] GC(1957) Pause Young (Allocation Failure)
[510.975s][info][gc,heap        ] GC(1957) PSYoungGen: 186592K(186880K)->512K(179712K) Eden: 185856K(185856K)->0K(179200K) From: 736K(1024K)->512K(512K)
[510.975s][info][gc,heap        ] GC(1957) ParOldGen: 373298K(430080K)->373506K(430080K)
[510.975s][info][gc,metaspace   ] GC(1957) Metaspace: 6132K(6208K)->6132K(6208K) NonClass: 5649K(5696K)->5649K(5696K) Class: 483K(512K)->483K(512K)
[510.975s][info][gc             ] GC(1957) Pause Young (Allocation Failure) 546M->365M(595M) 1.759ms
[510.975s][info][gc,cpu         ] GC(1957) User=0.00s Sys=0.00s Real=0.00s
[511.313s][info][gc,start       ] GC(1958) Pause Young (Allocation Failure)
[511.315s][info][gc,heap        ] GC(1958) PSYoungGen: 179712K(179712K)->736K(174080K) Eden: 179200K(179200K)->0K(173056K) From: 512K(512K)->736K(1024K)
[511.315s][info][gc,heap        ] GC(1958) ParOldGen: 373506K(430080K)->373506K(430080K)
[511.315s][info][gc,metaspace   ] GC(1958) Metaspace: 6132K(6208K)->6132K(6208K) NonClass: 5649K(5696K)->5649K(5696K) Class: 483K(512K)->483K(512K)
[511.315s][info][gc             ] GC(1958) Pause Young (Allocation Failure) 540M->365M(590M) 1.941ms
[511.315s][info][gc,cpu         ] GC(1958) User=0.01s Sys=0.00s Real=0.00s
[511.651s][info][gc,start       ] GC(1959) Pause Young (Allocation Failure)
[511.654s][info][gc,heap        ] GC(1959) PSYoungGen: 173792K(174080K)->690K(167936K) Eden: 173056K(173056K)->0K(166912K) From: 736K(1024K)->690K(1024K)
[511.654s][info][gc,heap        ] GC(1959) ParOldGen: 373506K(430080K)->373530K(430080K)
[511.654s][info][gc,metaspace   ] GC(1959) Metaspace: 6132K(6208K)->6132K(6208K) NonClass: 5649K(5696K)->5649K(5696K) Class: 483K(512K)->483K(512K)
[511.654s][info][gc             ] GC(1959) Pause Young (Allocation Failure) 534M->365M(584M) 3.179ms
[511.654s][info][gc,cpu         ] GC(1959) User=0.00s Sys=0.00s Real=0.00s
[511.991s][info][gc,start       ] GC(1960) Pause Young (Allocation Failure)
[511.993s][info][gc,heap        ] GC(1960) PSYoungGen: 167602K(167936K)->626K(162304K) Eden: 166912K(166912K)->0K(161280K) From: 690K(1024K)->626K(1024K)
[511.993s][info][gc,heap        ] GC(1960) ParOldGen: 373530K(430080K)->373530K(430080K)
[511.993s][info][gc,metaspace   ] GC(1960) Metaspace: 6132K(6208K)->6132K(6208K) NonClass: 5649K(5696K)->5649K(5696K) Class: 483K(512K)->483K(512K)
[511.993s][info][gc             ] GC(1960) Pause Young (Allocation Failure) 528M->365M(578M) 2.373ms
[511.993s][info][gc,cpu         ] GC(1960) User=0.00s Sys=0.00s Real=0.00s
[512.327s][info][gc,start       ] GC(1961) Pause Young (Allocation Failure)
[512.330s][info][gc,heap        ] GC(1961) PSYoungGen: 161906K(162304K)->416K(156160K) Eden: 161280K(161280K)->0K(155648K) From: 626K(1024K)->416K(512K)
[512.330s][info][gc,heap        ] GC(1961) ParOldGen: 373530K(430080K)->373844K(430080K)
[512.330s][info][gc,metaspace   ] GC(1961) Metaspace: 6132K(6208K)->6132K(6208K) NonClass: 5649K(5696K)->5649K(5696K) Class: 483K(512K)->483K(512K)
[512.330s][info][gc             ] GC(1961) Pause Young (Allocation Failure) 522M->365M(572M) 3.389ms
[512.330s][info][gc,cpu         ] GC(1961) User=0.01s Sys=0.00s Real=0.00s
[512.682s][info][gc,start       ] GC(1962) Pause Young (Allocation Failure)
[512.686s][info][gc,heap        ] GC(1962) PSYoungGen: 156064K(156160K)->786K(151552K) Eden: 155648K(155648K)->0K(150528K) From: 416K(512K)->786K(1024K)
[512.686s][info][gc,heap        ] GC(1962) ParOldGen: 373844K(430080K)->373940K(430080K)
[512.686s][info][gc,metaspace   ] GC(1962) Metaspace: 6132K(6208K)->6132K(6208K) NonClass: 5649K(5696K)->5649K(5696K) Class: 483K(512K)->483K(512K)
[512.687s][info][gc             ] GC(1962) Pause Young (Allocation Failure) 517M->365M(568M) 4.203ms
[512.687s][info][gc,cpu         ] GC(1962) User=0.00s Sys=0.00s Real=0.00s
[512.999s][info][gc,start       ] GC(1963) Pause Young (Allocation Failure)
[513.001s][info][gc,heap        ] GC(1963) PSYoungGen: 151314K(151552K)->704K(146432K) Eden: 150528K(150528K)->0K(145408K) From: 786K(1024K)->704K(1024K)
[513.001s][info][gc,heap        ] GC(1963) ParOldGen: 373940K(430080K)->373980K(430080K)
[513.001s][info][gc,metaspace   ] GC(1963) Metaspace: 6132K(6208K)->6132K(6208K) NonClass: 5649K(5696K)->5649K(5696K) Class: 483K(512K)->483K(512K)
[513.001s][info][gc             ] GC(1963) Pause Young (Allocation Failure) 512M->365M(563M) 2.040ms
[513.001s][info][gc,cpu         ] GC(1963) User=0.00s Sys=0.00s Real=0.01s
[513.271s][info][gc,start       ] GC(1964) Pause Young (Allocation Failure)
[513.273s][info][gc,heap        ] GC(1964) PSYoungGen: 146112K(146432K)->672K(141824K) Eden: 145408K(145408K)->0K(140800K) From: 704K(1024K)->672K(1024K)
[513.273s][info][gc,heap        ] GC(1964) ParOldGen: 373980K(430080K)->373980K(430080K)
[513.273s][info][gc,metaspace   ] GC(1964) Metaspace: 6132K(6208K)->6132K(6208K) NonClass: 5649K(5696K)->5649K(5696K) Class: 483K(512K)->483K(512K)
[513.273s][info][gc             ] GC(1964) Pause Young (Allocation Failure) 507M->365M(558M) 1.543ms
[513.273s][info][gc,cpu         ] GC(1964) User=0.00s Sys=0.00s Real=0.00s
[513.513s][info][gc,start       ] GC(1965) Pause Young (Allocation Failure)
[513.514s][info][gc,heap        ] GC(1965) PSYoungGen: 141472K(141824K)->512K(136704K) Eden: 140800K(140800K)->0K(136192K) From: 672K(1024K)->512K(512K)
[513.514s][info][gc,heap        ] GC(1965) ParOldGen: 373980K(430080K)->374108K(430080K)
[513.514s][info][gc,metaspace   ] GC(1965) Metaspace: 6132K(6208K)->6132K(6208K) NonClass: 5649K(5696K)->5649K(5696K) Class: 483K(512K)->483K(512K)
[513.514s][info][gc             ] GC(1965) Pause Young (Allocation Failure) 503M->365M(553M) 1.308ms
[513.514s][info][gc,cpu         ] GC(1965) User=0.00s Sys=0.00s Real=0.00s
[513.784s][info][gc,start       ] GC(1966) Pause Young (Allocation Failure)
[513.787s][info][gc,heap        ] GC(1966) PSYoungGen: 136704K(136704K)->645K(133120K) Eden: 136192K(136192K)->0K(132096K) From: 512K(512K)->645K(1024K)
[513.787s][info][gc,heap        ] GC(1966) ParOldGen: 374108K(430080K)->374108K(430080K)
[513.787s][info][gc,metaspace   ] GC(1966) Metaspace: 6132K(6208K)->6132K(6208K) NonClass: 5649K(5696K)->5649K(5696K) Class: 483K(512K)->483K(512K)
[513.787s][info][gc             ] GC(1966) Pause Young (Allocation Failure) 498M->365M(550M) 3.637ms
[513.787s][info][gc,cpu         ] GC(1966) User=0.00s Sys=0.00s Real=0.00s
[514.079s][info][gc,start       ] GC(1967) Pause Young (Allocation Failure)
[514.081s][info][gc,heap        ] GC(1967) PSYoungGen: 132741K(133120K)->480K(128512K) Eden: 132096K(132096K)->0K(128000K) From: 645K(1024K)->480K(512K)
[514.081s][info][gc,heap        ] GC(1967) ParOldGen: 374108K(430080K)->374435K(430080K)
[514.081s][info][gc,metaspace   ] GC(1967) Metaspace: 6132K(6208K)->6132K(6208K) NonClass: 5649K(5696K)->5649K(5696K) Class: 483K(512K)->483K(512K)
[514.081s][info][gc             ] GC(1967) Pause Young (Allocation Failure) 494M->366M(545M) 2.118ms
[514.081s][info][gc,cpu         ] GC(1967) User=0.00s Sys=0.00s Real=0.01s
[514.273s][info][gc,start       ] GC(1968) Pause Young (Allocation Failure)
[514.274s][info][gc,heap        ] GC(1968) PSYoungGen: 128480K(128512K)->690K(124928K) Eden: 128000K(128000K)->0K(123904K) From: 480K(512K)->690K(1024K)
[514.275s][info][gc,heap        ] GC(1968) ParOldGen: 374435K(430080K)->374555K(430080K)
[514.275s][info][gc,metaspace   ] GC(1968) Metaspace: 6132K(6208K)->6132K(6208K) NonClass: 5649K(5696K)->5649K(5696K) Class: 483K(512K)->483K(512K)
[514.275s][info][gc             ] GC(1968) Pause Young (Allocation Failure) 491M->366M(542M) 1.802ms
[514.275s][info][gc,cpu         ] GC(1968) User=0.00s Sys=0.00s Real=0.00s
[514.436s][info][gc,start       ] GC(1969) Pause Young (Allocation Failure)
[514.437s][info][gc,heap        ] GC(1969) PSYoungGen: 124594K(124928K)->416K(120832K) Eden: 123904K(123904K)->0K(120320K) From: 690K(1024K)->416K(512K)
[514.437s][info][gc,heap        ] GC(1969) ParOldGen: 374555K(430080K)->374885K(430080K)
[514.437s][info][gc,metaspace   ] GC(1969) Metaspace: 6132K(6208K)->6132K(6208K) NonClass: 5649K(5696K)->5649K(5696K) Class: 483K(512K)->483K(512K)
[514.437s][info][gc             ] GC(1969) Pause Young (Allocation Failure) 487M->366M(538M) 1.746ms
[514.437s][info][gc,cpu         ] GC(1969) User=0.00s Sys=0.00s Real=0.00s
[514.611s][info][gc,start       ] GC(1970) Pause Young (Allocation Failure)
[514.613s][info][gc,heap        ] GC(1970) PSYoungGen: 120736K(120832K)->512K(117760K) Eden: 120320K(120320K)->0K(116736K) From: 416K(512K)->512K(1024K)
[514.613s][info][gc,heap        ] GC(1970) ParOldGen: 374885K(430080K)->375296K(430080K)
[514.613s][info][gc,metaspace   ] GC(1970) Metaspace: 6132K(6208K)->6132K(6208K) NonClass: 5649K(5696K)->5649K(5696K) Class: 483K(512K)->483K(512K)
[514.613s][info][gc             ] GC(1970) Pause Young (Allocation Failure) 484M->367M(535M) 2.069ms
[514.613s][info][gc,cpu         ] GC(1970) User=0.00s Sys=0.00s Real=0.00s
[514.785s][info][gc,start       ] GC(1971) Pause Young (Allocation Failure)
[514.787s][info][gc,heap        ] GC(1971) PSYoungGen: 117248K(117760K)->690K(114176K) Eden: 116736K(116736K)->0K(113152K) From: 512K(1024K)->690K(1024K)
[514.787s][info][gc,heap        ] GC(1971) ParOldGen: 375296K(430080K)->375416K(430080K)
[514.787s][info][gc,metaspace   ] GC(1971) Metaspace: 6132K(6208K)->6132K(6208K) NonClass: 5649K(5696K)->5649K(5696K) Class: 483K(512K)->483K(512K)
[514.787s][info][gc             ] GC(1971) Pause Young (Allocation Failure) 481M->367M(531M) 1.667ms
[514.787s][info][gc,cpu         ] GC(1971) User=0.00s Sys=0.00s Real=0.00s
[514.942s][info][gc,start       ] GC(1972) Pause Young (Allocation Failure)
[514.943s][info][gc,heap        ] GC(1972) PSYoungGen: 113842K(114176K)->416K(110592K) Eden: 113152K(113152K)->0K(110080K) From: 690K(1024K)->416K(512K)
[514.943s][info][gc,heap        ] GC(1972) ParOldGen: 375416K(430080K)->375787K(430080K)
[514.943s][info][gc,metaspace   ] GC(1972) Metaspace: 6132K(6208K)->6132K(6208K) NonClass: 5649K(5696K)->5649K(5696K) Class: 483K(512K)->483K(512K)
[514.943s][info][gc             ] GC(1972) Pause Young (Allocation Failure) 477M->367M(528M) 1.581ms
[514.943s][info][gc,cpu         ] GC(1972) User=0.00s Sys=0.00s Real=0.00s
[515.094s][info][gc,start       ] GC(1973) Pause Young (Allocation Failure)
[515.096s][info][gc,heap        ] GC(1973) PSYoungGen: 110496K(110592K)->448K(107520K) Eden: 110080K(110080K)->0K(107008K) From: 416K(512K)->448K(512K)
[515.096s][info][gc,heap        ] GC(1973) ParOldGen: 375787K(430080K)->376157K(430080K)
[515.096s][info][gc,metaspace   ] GC(1973) Metaspace: 6132K(6208K)->6132K(6208K) NonClass: 5649K(5696K)->5649K(5696K) Class: 483K(512K)->483K(512K)
[515.096s][info][gc             ] GC(1973) Pause Young (Allocation Failure) 474M->367M(525M) 1.907ms
[515.096s][info][gc,cpu         ] GC(1973) User=0.00s Sys=0.00s Real=0.00s
[515.233s][info][gc,start       ] GC(1974) Pause Young (Allocation Failure)
[515.234s][info][gc,heap        ] GC(1974) PSYoungGen: 107456K(107520K)->690K(129536K) Eden: 107008K(107008K)->0K(128512K) From: 448K(512K)->690K(1024K)
[515.234s][info][gc,heap        ] GC(1974) ParOldGen: 376157K(430080K)->376253K(430080K)
[515.235s][info][gc,metaspace   ] GC(1974) Metaspace: 6132K(6208K)->6132K(6208K) NonClass: 5649K(5696K)->5649K(5696K) Class: 483K(512K)->483K(512K)
[515.235s][info][gc             ] GC(1974) Pause Young (Allocation Failure) 472M->368M(546M) 1.694ms
[515.235s][info][gc,cpu         ] GC(1974) User=0.01s Sys=0.01s Real=0.00s
[515.396s][info][gc,start       ] GC(1975) Pause Young (Allocation Failure)
[515.398s][info][gc,heap        ] GC(1975) PSYoungGen: 129202K(129536K)->416K(155136K) Eden: 128512K(128512K)->0K(154624K) From: 690K(1024K)->416K(512K)
[515.398s][info][gc,heap        ] GC(1975) ParOldGen: 376253K(430080K)->376608K(430080K)
[515.398s][info][gc,metaspace   ] GC(1975) Metaspace: 6132K(6208K)->6132K(6208K) NonClass: 5649K(5696K)->5649K(5696K) Class: 483K(512K)->483K(512K)
[515.398s][info][gc             ] GC(1975) Pause Young (Allocation Failure) 493M->368M(571M) 1.939ms
[515.398s][info][gc,cpu         ] GC(1975) User=0.00s Sys=0.00s Real=0.00s
[515.596s][info][gc,start       ] GC(1976) Pause Young (Allocation Failure)
[515.599s][info][gc,heap        ] GC(1976) PSYoungGen: 155040K(155136K)->498K(186368K) Eden: 154624K(154624K)->0K(185344K) From: 416K(512K)->498K(1024K)
[515.599s][info][gc,heap        ] GC(1976) ParOldGen: 376608K(430080K)->377007K(430080K)
[515.599s][info][gc,metaspace   ] GC(1976) Metaspace: 6132K(6208K)->6132K(6208K) NonClass: 5649K(5696K)->5649K(5696K) Class: 483K(512K)->483K(512K)
[515.599s][info][gc             ] GC(1976) Pause Young (Allocation Failure) 519M->368M(602M) 2.349ms
[515.599s][info][gc,cpu         ] GC(1976) User=0.00s Sys=0.00s Real=0.00s
[515.848s][info][gc,start       ] GC(1977) Pause Young (Allocation Failure)
[515.851s][info][gc,heap        ] GC(1977) PSYoungGen: 185842K(186368K)->818K(223232K) Eden: 185344K(185344K)->0K(222208K) From: 498K(1024K)->818K(1024K)
[515.851s][info][gc,heap        ] GC(1977) ParOldGen: 377007K(430080K)->377143K(430080K)
[515.851s][info][gc,metaspace   ] GC(1977) Metaspace: 6132K(6208K)->6132K(6208K) NonClass: 5649K(5696K)->5649K(5696K) Class: 483K(512K)->483K(512K)
[515.851s][info][gc             ] GC(1977) Pause Young (Allocation Failure) 549M->369M(638M) 2.834ms
[515.851s][info][gc,cpu         ] GC(1977) User=0.00s Sys=0.00s Real=0.01s
[516.158s][info][gc,start       ] GC(1978) Pause Young (Allocation Failure)
[516.159s][info][gc,heap        ] GC(1978) PSYoungGen: 223026K(223232K)->736K(215040K) Eden: 222208K(222208K)->0K(214016K) From: 818K(1024K)->736K(1024K)
[516.159s][info][gc,heap        ] GC(1978) ParOldGen: 377143K(430080K)->377175K(430080K)
[516.159s][info][gc,metaspace   ] GC(1978) Metaspace: 6132K(6208K)->6132K(6208K) NonClass: 5649K(5696K)->5649K(5696K) Class: 483K(512K)->483K(512K)
[516.159s][info][gc             ] GC(1978) Pause Young (Allocation Failure) 586M->369M(630M) 1.619ms
[516.159s][info][gc,cpu         ] GC(1978) User=0.00s Sys=0.00s Real=0.00s
[516.468s][info][gc,start       ] GC(1979) Pause Young (Allocation Failure)
[516.469s][info][gc,heap        ] GC(1979) PSYoungGen: 214752K(215040K)->512K(206848K) Eden: 214016K(214016K)->0K(206336K) From: 736K(1024K)->512K(512K)
[516.469s][info][gc,heap        ] GC(1979) ParOldGen: 377175K(430080K)->377343K(430080K)
[516.469s][info][gc,metaspace   ] GC(1979) Metaspace: 6132K(6208K)->6132K(6208K) NonClass: 5649K(5696K)->5649K(5696K) Class: 483K(512K)->483K(512K)
[516.469s][info][gc             ] GC(1979) Pause Young (Allocation Failure) 578M->368M(622M) 1.337ms
[516.469s][info][gc,cpu         ] GC(1979) User=0.01s Sys=0.00s Real=0.00s
[516.740s][info][gc,start       ] GC(1980) Pause Young (Allocation Failure)
[516.742s][info][gc,heap        ] GC(1980) PSYoungGen: 206848K(206848K)->722K(199680K) Eden: 206336K(206336K)->0K(198656K) From: 512K(512K)->722K(1024K)
[516.742s][info][gc,heap        ] GC(1980) ParOldGen: 377343K(430080K)->377343K(430080K)
[516.742s][info][gc,metaspace   ] GC(1980) Metaspace: 6132K(6208K)->6132K(6208K) NonClass: 5649K(5696K)->5649K(5696K) Class: 483K(512K)->483K(512K)
[516.742s][info][gc             ] GC(1980) Pause Young (Allocation Failure) 570M->369M(615M) 1.595ms
[516.742s][info][gc,cpu         ] GC(1980) User=0.01s Sys=0.00s Real=0.01s
[517.007s][info][gc,start       ] GC(1981) Pause Young (Allocation Failure)
[517.009s][info][gc,heap        ] GC(1981) PSYoungGen: 199378K(199680K)->704K(192512K) Eden: 198656K(198656K)->0K(191488K) From: 722K(1024K)->704K(1024K)
[517.009s][info][gc,heap        ] GC(1981) ParOldGen: 377343K(430080K)->377383K(430080K)
[517.009s][info][gc,metaspace   ] GC(1981) Metaspace: 6132K(6208K)->6132K(6208K) NonClass: 5649K(5696K)->5649K(5696K) Class: 483K(512K)->483K(512K)
[517.009s][info][gc             ] GC(1981) Pause Young (Allocation Failure) 563M->369M(608M) 1.530ms
[517.009s][info][gc,cpu         ] GC(1981) User=0.01s Sys=0.00s Real=0.00s
[517.252s][info][gc,start       ] GC(1982) Pause Young (Allocation Failure)
[517.254s][info][gc,heap        ] GC(1982) PSYoungGen: 192192K(192512K)->672K(185856K) Eden: 191488K(191488K)->0K(184832K) From: 704K(1024K)->672K(1024K)
[517.254s][info][gc,heap        ] GC(1982) ParOldGen: 377383K(430080K)->377383K(430080K)
[517.254s][info][gc,metaspace   ] GC(1982) Metaspace: 6132K(6208K)->6132K(6208K) NonClass: 5649K(5696K)->5649K(5696K) Class: 483K(512K)->483K(512K)
[517.254s][info][gc             ] GC(1982) Pause Young (Allocation Failure) 556M->369M(601M) 1.302ms
[517.254s][info][gc,cpu         ] GC(1982) User=0.00s Sys=0.01s Real=0.00s
[517.481s][info][gc,start       ] GC(1983) Pause Young (Allocation Failure)
[517.483s][info][gc,heap        ] GC(1983) PSYoungGen: 185504K(185856K)->498K(178688K) Eden: 184832K(184832K)->0K(178176K) From: 672K(1024K)->498K(512K)
[517.483s][info][gc,heap        ] GC(1983) ParOldGen: 377383K(430080K)->377671K(430080K)
[517.483s][info][gc,metaspace   ] GC(1983) Metaspace: 6132K(6208K)->6132K(6208K) NonClass: 5649K(5696K)->5649K(5696K) Class: 483K(512K)->483K(512K)
[517.483s][info][gc             ] GC(1983) Pause Young (Allocation Failure) 549M->369M(594M) 2.877ms
[517.483s][info][gc,cpu         ] GC(1983) User=0.00s Sys=0.00s Real=0.00s
[517.708s][info][gc,start       ] GC(1984) Pause Young (Allocation Failure)
[517.711s][info][gc,heap        ] GC(1984) PSYoungGen: 178674K(178688K)->818K(173056K) Eden: 178176K(178176K)->0K(172032K) From: 498K(512K)->818K(1024K)
[517.711s][info][gc,heap        ] GC(1984) ParOldGen: 377671K(430080K)->377671K(430080K)
[517.711s][info][gc,metaspace   ] GC(1984) Metaspace: 6132K(6208K)->6132K(6208K) NonClass: 5649K(5696K)->5649K(5696K) Class: 483K(512K)->483K(512K)
[517.711s][info][gc             ] GC(1984) Pause Young (Allocation Failure) 543M->369M(589M) 3.229ms
[517.711s][info][gc,cpu         ] GC(1984) User=0.00s Sys=0.00s Real=0.01s
[517.935s][info][gc,start       ] GC(1985) Pause Young (Allocation Failure)
[517.937s][info][gc,heap        ] GC(1985) PSYoungGen: 172850K(173056K)->672K(166912K) Eden: 172032K(172032K)->0K(165888K) From: 818K(1024K)->672K(1024K)
[517.937s][info][gc,heap        ] GC(1985) ParOldGen: 377671K(430080K)->377687K(430080K)
[517.937s][info][gc,metaspace   ] GC(1985) Metaspace: 6132K(6208K)->6132K(6208K) NonClass: 5649K(5696K)->5649K(5696K) Class: 483K(512K)->483K(512K)
[517.937s][info][gc             ] GC(1985) Pause Young (Allocation Failure) 537M->369M(583M) 1.528ms
[517.937s][info][gc,cpu         ] GC(1985) User=0.01s Sys=0.00s Real=0.00s
[518.158s][info][gc,start       ] GC(1986) Pause Young (Allocation Failure)
[518.159s][info][gc,heap        ] GC(1986) PSYoungGen: 166560K(166912K)->704K(161280K) Eden: 165888K(165888K)->0K(160256K) From: 672K(1024K)->704K(1024K)
[518.160s][info][gc,heap        ] GC(1986) ParOldGen: 377687K(430080K)->377687K(430080K)
[518.160s][info][gc,metaspace   ] GC(1986) Metaspace: 6132K(6208K)->6132K(6208K) NonClass: 5649K(5696K)->5649K(5696K) Class: 483K(512K)->483K(512K)
[518.160s][info][gc             ] GC(1986) Pause Young (Allocation Failure) 531M->369M(577M) 1.495ms
[518.160s][info][gc,cpu         ] GC(1986) User=0.00s Sys=0.00s Real=0.00s
[518.403s][info][gc,start       ] GC(1987) Pause Young (Allocation Failure)
[518.404s][info][gc,heap        ] GC(1987) PSYoungGen: 160960K(161280K)->512K(155136K) Eden: 160256K(160256K)->0K(154624K) From: 704K(1024K)->512K(512K)
[518.404s][info][gc,heap        ] GC(1987) ParOldGen: 377687K(430080K)->377887K(430080K)
[518.404s][info][gc,metaspace   ] GC(1987) Metaspace: 6132K(6208K)->6132K(6208K) NonClass: 5649K(5696K)->5649K(5696K) Class: 483K(512K)->483K(512K)
[518.404s][info][gc             ] GC(1987) Pause Young (Allocation Failure) 526M->369M(571M) 1.435ms
[518.404s][info][gc,cpu         ] GC(1987) User=0.00s Sys=0.00s Real=0.00s
[518.623s][info][gc,start       ] GC(1988) Pause Young (Allocation Failure)
[518.625s][info][gc,heap        ] GC(1988) PSYoungGen: 155136K(155136K)->818K(150528K) Eden: 154624K(154624K)->0K(149504K) From: 512K(512K)->818K(1024K)
[518.625s][info][gc,heap        ] GC(1988) ParOldGen: 377887K(430080K)->377887K(430080K)
[518.625s][info][gc,metaspace   ] GC(1988) Metaspace: 6132K(6208K)->6132K(6208K) NonClass: 5649K(5696K)->5649K(5696K) Class: 483K(512K)->483K(512K)
[518.625s][info][gc             ] GC(1988) Pause Young (Allocation Failure) 520M->369M(567M) 1.758ms
[518.625s][info][gc,cpu         ] GC(1988) User=0.00s Sys=0.00s Real=0.00s
[518.827s][info][gc,start       ] GC(1989) Pause Young (Allocation Failure)
[518.829s][info][gc,heap        ] GC(1989) PSYoungGen: 150322K(150528K)->768K(145408K) Eden: 149504K(149504K)->0K(144384K) From: 818K(1024K)->768K(1024K)
[518.829s][info][gc,heap        ] GC(1989) ParOldGen: 377887K(430080K)->377927K(430080K)
[518.829s][info][gc,metaspace   ] GC(1989) Metaspace: 6132K(6208K)->6132K(6208K) NonClass: 5649K(5696K)->5649K(5696K) Class: 483K(512K)->483K(512K)
[518.829s][info][gc             ] GC(1989) Pause Young (Allocation Failure) 515M->369M(562M) 1.603ms
[518.829s][info][gc,cpu         ] GC(1989) User=0.01s Sys=0.00s Real=0.00s
[519.014s][info][gc,start       ] GC(1990) Pause Young (Allocation Failure)
[519.016s][info][gc,heap        ] GC(1990) PSYoungGen: 145152K(145408K)->800K(140800K) Eden: 144384K(144384K)->0K(139776K) From: 768K(1024K)->800K(1024K)
[519.016s][info][gc,heap        ] GC(1990) ParOldGen: 377927K(430080K)->377927K(430080K)
[519.016s][info][gc,metaspace   ] GC(1990) Metaspace: 6132K(6208K)->6132K(6208K) NonClass: 5649K(5696K)->5649K(5696K) Class: 483K(512K)->483K(512K)
[519.016s][info][gc             ] GC(1990) Pause Young (Allocation Failure) 510M->369M(557M) 1.657ms
[519.016s][info][gc,cpu         ] GC(1990) User=0.01s Sys=0.00s Real=0.00s
[519.208s][info][gc,start       ] GC(1991) Pause Young (Allocation Failure)
[519.209s][info][gc,heap        ] GC(1991) PSYoungGen: 140576K(140800K)->512K(135680K) Eden: 139776K(139776K)->0K(135168K) From: 800K(1024K)->512K(512K)
[519.209s][info][gc,heap        ] GC(1991) ParOldGen: 377927K(430080K)->377927K(430080K)
[519.209s][info][gc,metaspace   ] GC(1991) Metaspace: 6132K(6208K)->6132K(6208K) NonClass: 5649K(5696K)->5649K(5696K) Class: 483K(512K)->483K(512K)
[519.209s][info][gc             ] GC(1991) Pause Young (Allocation Failure) 506M->369M(552M) 1.171ms
[519.210s][info][gc,cpu         ] GC(1991) User=0.00s Sys=0.00s Real=0.00s
[519.388s][info][gc,start       ] GC(1992) Pause Young (Allocation Failure)
[519.389s][info][gc,heap        ] GC(1992) PSYoungGen: 135680K(135680K)->704K(132096K) Eden: 135168K(135168K)->0K(131072K) From: 512K(512K)->704K(1024K)
[519.389s][info][gc,heap        ] GC(1992) ParOldGen: 377927K(430080K)->377927K(430080K)
[519.389s][info][gc,metaspace   ] GC(1992) Metaspace: 6132K(6208K)->6132K(6208K) NonClass: 5649K(5696K)->5649K(5696K) Class: 483K(512K)->483K(512K)
[519.389s][info][gc             ] GC(1992) Pause Young (Allocation Failure) 501M->369M(549M) 1.594ms
[519.389s][info][gc,cpu         ] GC(1992) User=0.00s Sys=0.00s Real=0.00s
[519.563s][info][gc,start       ] GC(1993) Pause Young (Allocation Failure)
[519.564s][info][gc,heap        ] GC(1993) PSYoungGen: 131776K(132096K)->672K(128000K) Eden: 131072K(131072K)->0K(126976K) From: 704K(1024K)->672K(1024K)
[519.565s][info][gc,heap        ] GC(1993) ParOldGen: 377927K(430080K)->377927K(430080K)
[519.565s][info][gc,metaspace   ] GC(1993) Metaspace: 6132K(6208K)->6132K(6208K) NonClass: 5649K(5696K)->5649K(5696K) Class: 483K(512K)->483K(512K)
[519.565s][info][gc             ] GC(1993) Pause Young (Allocation Failure) 497M->369M(545M) 1.328ms
[519.565s][info][gc,cpu         ] GC(1993) User=0.00s Sys=0.00s Real=0.00s
[519.726s][info][gc,start       ] GC(1994) Pause Young (Allocation Failure)
[519.728s][info][gc,heap        ] GC(1994) PSYoungGen: 127648K(128000K)->672K(123904K) Eden: 126976K(126976K)->0K(122880K) From: 672K(1024K)->672K(1024K)
[519.728s][info][gc,heap        ] GC(1994) ParOldGen: 377927K(430080K)->377927K(430080K)
[519.728s][info][gc,metaspace   ] GC(1994) Metaspace: 6132K(6208K)->6132K(6208K) NonClass: 5649K(5696K)->5649K(5696K) Class: 483K(512K)->483K(512K)
[519.728s][info][gc             ] GC(1994) Pause Young (Allocation Failure) 493M->369M(541M) 1.468ms
[519.728s][info][gc,cpu         ] GC(1994) User=0.00s Sys=0.00s Real=0.00s
[519.889s][info][gc,start       ] GC(1995) Pause Young (Allocation Failure)
[519.890s][info][gc,heap        ] GC(1995) PSYoungGen: 123552K(123904K)->512K(119808K) Eden: 122880K(122880K)->0K(119296K) From: 672K(1024K)->512K(512K)
[519.890s][info][gc,heap        ] GC(1995) ParOldGen: 377927K(430080K)->378087K(430080K)
[519.890s][info][gc,metaspace   ] GC(1995) Metaspace: 6132K(6208K)->6132K(6208K) NonClass: 5649K(5696K)->5649K(5696K) Class: 483K(512K)->483K(512K)
[519.890s][info][gc             ] GC(1995) Pause Young (Allocation Failure) 489M->369M(537M) 1.397ms
[519.890s][info][gc,cpu         ] GC(1995) User=0.00s Sys=0.00s Real=0.00s
[520.042s][info][gc,start       ] GC(1996) Pause Young (Allocation Failure)
[520.043s][info][gc,heap        ] GC(1996) PSYoungGen: 119808K(119808K)->768K(116736K) Eden: 119296K(119296K)->0K(115712K) From: 512K(512K)->768K(1024K)
[520.043s][info][gc,heap        ] GC(1996) ParOldGen: 378087K(430080K)->378087K(430080K)
[520.043s][info][gc,metaspace   ] GC(1996) Metaspace: 6132K(6208K)->6132K(6208K) NonClass: 5649K(5696K)->5649K(5696K) Class: 483K(512K)->483K(512K)
[520.043s][info][gc             ] GC(1996) Pause Young (Allocation Failure) 486M->369M(534M) 1.781ms
[520.043s][info][gc,cpu         ] GC(1996) User=0.01s Sys=0.00s Real=0.00s
[520.189s][info][gc,start       ] GC(1997) Pause Young (Allocation Failure)
[520.191s][info][gc,heap        ] GC(1997) PSYoungGen: 116480K(116736K)->736K(113152K) Eden: 115712K(115712K)->0K(112128K) From: 768K(1024K)->736K(1024K)
[520.191s][info][gc,heap        ] GC(1997) ParOldGen: 378087K(430080K)->378103K(430080K)
[520.191s][info][gc,metaspace   ] GC(1997) Metaspace: 6132K(6208K)->6132K(6208K) NonClass: 5649K(5696K)->5649K(5696K) Class: 483K(512K)->483K(512K)
[520.191s][info][gc             ] GC(1997) Pause Young (Allocation Failure) 482M->369M(530M) 1.634ms
[520.191s][info][gc,cpu         ] GC(1997) User=0.01s Sys=0.00s Real=0.01s
[520.331s][info][gc,start       ] GC(1998) Pause Young (Allocation Failure)
[520.333s][info][gc,heap        ] GC(1998) PSYoungGen: 112864K(113152K)->480K(109568K) Eden: 112128K(112128K)->0K(109056K) From: 736K(1024K)->480K(512K)
[520.333s][info][gc,heap        ] GC(1998) ParOldGen: 378103K(430080K)->378425K(430080K)
[520.333s][info][gc,metaspace   ] GC(1998) Metaspace: 6132K(6208K)->6132K(6208K) NonClass: 5649K(5696K)->5649K(5696K) Class: 483K(512K)->483K(512K)
[520.333s][info][gc             ] GC(1998) Pause Young (Allocation Failure) 479M->370M(527M) 1.930ms
[520.333s][info][gc,cpu         ] GC(1998) User=0.00s Sys=0.00s Real=0.00s
[520.466s][info][gc,start       ] GC(1999) Pause Young (Allocation Failure)
[520.468s][info][gc,heap        ] GC(1999) PSYoungGen: 109536K(109568K)->786K(132096K) Eden: 109056K(109056K)->0K(131072K) From: 480K(512K)->786K(1024K)
[520.468s][info][gc,heap        ] GC(1999) ParOldGen: 378425K(430080K)->378505K(430080K)
[520.468s][info][gc,metaspace   ] GC(1999) Metaspace: 6132K(6208K)->6132K(6208K) NonClass: 5649K(5696K)->5649K(5696K) Class: 483K(512K)->483K(512K)
[520.468s][info][gc             ] GC(1999) Pause Young (Allocation Failure) 476M->370M(549M) 1.825ms
[520.468s][info][gc,cpu         ] GC(1999) User=0.01s Sys=0.00s Real=0.00s
[520.628s][info][gc,start       ] GC(2000) Pause Young (Allocation Failure)
[520.630s][info][gc,heap        ] GC(2000) PSYoungGen: 131858K(132096K)->736K(158720K) Eden: 131072K(131072K)->0K(157696K) From: 786K(1024K)->736K(1024K)
[520.630s][info][gc,heap        ] GC(2000) ParOldGen: 378505K(430080K)->378545K(430080K)
[520.630s][info][gc,metaspace   ] GC(2000) Metaspace: 6132K(6208K)->6132K(6208K) NonClass: 5649K(5696K)->5649K(5696K) Class: 483K(512K)->483K(512K)
[520.630s][info][gc             ] GC(2000) Pause Young (Allocation Failure) 498M->370M(575M) 1.775ms
[520.630s][info][gc,cpu         ] GC(2000) User=0.00s Sys=0.01s Real=0.00s
[520.820s][info][gc,start       ] GC(2001) Pause Young (Allocation Failure)
[520.823s][info][gc,heap        ] GC(2001) PSYoungGen: 158432K(158720K)->498K(189952K) Eden: 157696K(157696K)->0K(189440K) From: 736K(1024K)->498K(512K)
[520.823s][info][gc,heap        ] GC(2001) ParOldGen: 378545K(430080K)->378737K(430080K)
[520.823s][info][gc,metaspace   ] GC(2001) Metaspace: 6132K(6208K)->6132K(6208K) NonClass: 5649K(5696K)->5649K(5696K) Class: 483K(512K)->483K(512K)
[520.823s][info][gc             ] GC(2001) Pause Young (Allocation Failure) 524M->370M(605M) 2.913ms
[520.823s][info][gc,cpu         ] GC(2001) User=0.01s Sys=0.00s Real=0.01s
[521.047s][info][gc,start       ] GC(2002) Pause Young (Allocation Failure)
[521.051s][info][gc,heap        ] GC(2002) PSYoungGen: 189938K(189952K)->800K(228352K) Eden: 189440K(189440K)->0K(227328K) From: 498K(512K)->800K(1024K)
[521.051s][info][gc,heap        ] GC(2002) ParOldGen: 378737K(430080K)->378737K(430080K)
[521.051s][info][gc,metaspace   ] GC(2002) Metaspace: 6132K(6208K)->6132K(6208K) NonClass: 5649K(5696K)->5649K(5696K) Class: 483K(512K)->483K(512K)
[521.051s][info][gc             ] GC(2002) Pause Young (Allocation Failure) 555M->370M(643M) 4.355ms
[521.051s][info][gc,cpu         ] GC(2002) User=0.00s Sys=0.00s Real=0.01s
[521.315s][info][gc,start       ] GC(2003) Pause Young (Allocation Failure)
[521.318s][info][gc,heap        ] GC(2003) PSYoungGen: 228128K(228352K)->672K(273408K) Eden: 227328K(227328K)->0K(272384K) From: 800K(1024K)->672K(1024K)
[521.318s][info][gc,heap        ] GC(2003) ParOldGen: 378737K(430080K)->378753K(430080K)
[521.318s][info][gc,metaspace   ] GC(2003) Metaspace: 6132K(6208K)->6132K(6208K) NonClass: 5649K(5696K)->5649K(5696K) Class: 483K(512K)->483K(512K)
[521.318s][info][gc             ] GC(2003) Pause Young (Allocation Failure) 592M->370M(687M) 3.053ms
[521.318s][info][gc,cpu         ] GC(2003) User=0.00s Sys=0.00s Real=0.00s
[521.635s][info][gc,start       ] GC(2004) Pause Young (Allocation Failure)
[521.638s][info][gc,heap        ] GC(2004) PSYoungGen: 273056K(273408K)->786K(303104K) Eden: 272384K(272384K)->0K(302080K) From: 672K(1024K)->786K(1024K)
[521.638s][info][gc,heap        ] GC(2004) ParOldGen: 378753K(430080K)->378753K(430080K)
[521.638s][info][gc,metaspace   ] GC(2004) Metaspace: 6132K(6208K)->6132K(6208K) NonClass: 5649K(5696K)->5649K(5696K) Class: 483K(512K)->483K(512K)
[521.638s][info][gc             ] GC(2004) Pause Young (Allocation Failure) 636M->370M(716M) 2.767ms
[521.638s][info][gc,cpu         ] GC(2004) User=0.00s Sys=0.00s Real=0.00s
[521.999s][info][gc,start       ] GC(2005) Pause Young (Allocation Failure)
[522.001s][info][gc,heap        ] GC(2005) PSYoungGen: 302866K(303104K)->704K(290816K) Eden: 302080K(302080K)->0K(289792K) From: 786K(1024K)->704K(1024K)
[522.001s][info][gc,heap        ] GC(2005) ParOldGen: 378753K(430080K)->378753K(430080K)
[522.001s][info][gc,metaspace   ] GC(2005) Metaspace: 6132K(6208K)->6132K(6208K) NonClass: 5649K(5696K)->5649K(5696K) Class: 483K(512K)->483K(512K)
[522.001s][info][gc             ] GC(2005) Pause Young (Allocation Failure) 665M->370M(704M) 1.710ms
[522.001s][info][gc,cpu         ] GC(2005) User=0.01s Sys=0.00s Real=0.01s
[522.334s][info][gc,start       ] GC(2006) Pause Young (Allocation Failure)
[522.336s][info][gc,heap        ] GC(2006) PSYoungGen: 290496K(290816K)->704K(279040K) Eden: 289792K(289792K)->0K(278016K) From: 704K(1024K)->704K(1024K)
[522.336s][info][gc,heap        ] GC(2006) ParOldGen: 378753K(430080K)->378753K(430080K)
[522.336s][info][gc,metaspace   ] GC(2006) Metaspace: 6132K(6208K)->6132K(6208K) NonClass: 5649K(5696K)->5649K(5696K) Class: 483K(512K)->483K(512K)
[522.336s][info][gc             ] GC(2006) Pause Young (Allocation Failure) 653M->370M(692M) 2.028ms
[522.336s][info][gc,cpu         ] GC(2006) User=0.00s Sys=0.00s Real=0.00s
[522.657s][info][gc,start       ] GC(2007) Pause Young (Allocation Failure)
[522.659s][info][gc,heap        ] GC(2007) PSYoungGen: 278720K(279040K)->512K(267776K) Eden: 278016K(278016K)->0K(267264K) From: 704K(1024K)->512K(512K)
[522.659s][info][gc,heap        ] GC(2007) ParOldGen: 378753K(430080K)->378969K(430080K)
[522.659s][info][gc,metaspace   ] GC(2007) Metaspace: 6132K(6208K)->6132K(6208K) NonClass: 5649K(5696K)->5649K(5696K) Class: 483K(512K)->483K(512K)
[522.659s][info][gc             ] GC(2007) Pause Young (Allocation Failure) 642M->370M(681M) 1.675ms
[522.659s][info][gc,cpu         ] GC(2007) User=0.00s Sys=0.00s Real=0.00s
[522.997s][info][gc,start       ] GC(2008) Pause Young (Allocation Failure)
[523.000s][info][gc,heap        ] GC(2008) PSYoungGen: 267776K(267776K)->658K(258048K) Eden: 267264K(267264K)->0K(257024K) From: 512K(512K)->658K(1024K)
[523.000s][info][gc,heap        ] GC(2008) ParOldGen: 378969K(430080K)->378969K(430080K)
[523.000s][info][gc,metaspace   ] GC(2008) Metaspace: 6132K(6208K)->6132K(6208K) NonClass: 5649K(5696K)->5649K(5696K) Class: 483K(512K)->483K(512K)
[523.000s][info][gc             ] GC(2008) Pause Young (Allocation Failure) 631M->370M(672M) 2.517ms
[523.000s][info][gc,cpu         ] GC(2008) User=0.00s Sys=0.00s Real=0.00s
[523.331s][info][gc,start       ] GC(2009) Pause Young (Allocation Failure)
[523.332s][info][gc,heap        ] GC(2009) PSYoungGen: 257682K(258048K)->768K(248320K) Eden: 257024K(257024K)->0K(247296K) From: 658K(1024K)->768K(1024K)
[523.332s][info][gc,heap        ] GC(2009) ParOldGen: 378969K(430080K)->378977K(430080K)
[523.332s][info][gc,metaspace   ] GC(2009) Metaspace: 6132K(6208K)->6132K(6208K) NonClass: 5649K(5696K)->5649K(5696K) Class: 483K(512K)->483K(512K)
[523.332s][info][gc             ] GC(2009) Pause Young (Allocation Failure) 621M->370M(662M) 1.924ms
[523.332s][info][gc,cpu         ] GC(2009) User=0.00s Sys=0.00s Real=0.00s
[523.657s][info][gc,start       ] GC(2010) Pause Young (Allocation Failure)
[523.659s][info][gc,heap        ] GC(2010) PSYoungGen: 248064K(248320K)->640K(238592K) Eden: 247296K(247296K)->0K(237568K) From: 768K(1024K)->640K(1024K)
[523.659s][info][gc,heap        ] GC(2010) ParOldGen: 378977K(430080K)->378977K(430080K)
[523.659s][info][gc,metaspace   ] GC(2010) Metaspace: 6132K(6208K)->6132K(6208K) NonClass: 5649K(5696K)->5649K(5696K) Class: 483K(512K)->483K(512K)
[523.659s][info][gc             ] GC(2010) Pause Young (Allocation Failure) 612M->370M(653M) 1.450ms
[523.659s][info][gc,cpu         ] GC(2010) User=0.00s Sys=0.00s Real=0.00s
[523.968s][info][gc,start       ] GC(2011) Pause Young (Allocation Failure)
[523.969s][info][gc,heap        ] GC(2011) PSYoungGen: 238208K(238592K)->512K(228864K) Eden: 237568K(237568K)->0K(228352K) From: 640K(1024K)->512K(512K)
[523.969s][info][gc,heap        ] GC(2011) ParOldGen: 378977K(430080K)->379161K(430080K)
[523.969s][info][gc,metaspace   ] GC(2011) Metaspace: 6132K(6208K)->6132K(6208K) NonClass: 5649K(5696K)->5649K(5696K) Class: 483K(512K)->483K(512K)
[523.969s][info][gc             ] GC(2011) Pause Young (Allocation Failure) 602M->370M(643M) 1.354ms
[523.969s][info][gc,cpu         ] GC(2011) User=0.01s Sys=0.00s Real=0.00s
[524.271s][info][gc,start       ] GC(2012) Pause Young (Allocation Failure)
[524.272s][info][gc,heap        ] GC(2012) PSYoungGen: 228864K(228864K)->800K(220672K) Eden: 228352K(228352K)->0K(219648K) From: 512K(512K)->800K(1024K)
[524.272s][info][gc,heap        ] GC(2012) ParOldGen: 379161K(430080K)->379161K(430080K)
[524.272s][info][gc,metaspace   ] GC(2012) Metaspace: 6132K(6208K)->6132K(6208K) NonClass: 5649K(5696K)->5649K(5696K) Class: 483K(512K)->483K(512K)
[524.272s][info][gc             ] GC(2012) Pause Young (Allocation Failure) 593M->371M(635M) 1.698ms
[524.272s][info][gc,cpu         ] GC(2012) User=0.01s Sys=0.00s Real=0.00s
[524.555s][info][gc,start       ] GC(2013) Pause Young (Allocation Failure)
[524.556s][info][gc,heap        ] GC(2013) PSYoungGen: 220448K(220672K)->768K(212480K) Eden: 219648K(219648K)->0K(211456K) From: 800K(1024K)->768K(1024K)
[524.556s][info][gc,heap        ] GC(2013) ParOldGen: 379161K(430080K)->379177K(430080K)
[524.556s][info][gc,metaspace   ] GC(2013) Metaspace: 6132K(6208K)->6132K(6208K) NonClass: 5649K(5696K)->5649K(5696K) Class: 483K(512K)->483K(512K)
[524.557s][info][gc             ] GC(2013) Pause Young (Allocation Failure) 585M->371M(627M) 1.436ms
[524.557s][info][gc,cpu         ] GC(2013) User=0.00s Sys=0.00s Real=0.00s
[524.829s][info][gc,start       ] GC(2014) Pause Young (Allocation Failure)
[524.831s][info][gc,heap        ] GC(2014) PSYoungGen: 212224K(212480K)->736K(204800K) Eden: 211456K(211456K)->0K(203776K) From: 768K(1024K)->736K(1024K)
[524.831s][info][gc,heap        ] GC(2014) ParOldGen: 379177K(430080K)->379177K(430080K)
[524.831s][info][gc,metaspace   ] GC(2014) Metaspace: 6132K(6208K)->6132K(6208K) NonClass: 5649K(5696K)->5649K(5696K) Class: 483K(512K)->483K(512K)
[524.831s][info][gc             ] GC(2014) Pause Young (Allocation Failure) 577M->371M(620M) 1.753ms
[524.831s][info][gc,cpu         ] GC(2014) User=0.00s Sys=0.00s Real=0.01s
[525.075s][info][gc,start       ] GC(2015) Pause Young (Allocation Failure)
[525.078s][info][gc,heap        ] GC(2015) PSYoungGen: 204512K(204800K)->498K(196608K) Eden: 203776K(203776K)->0K(196096K) From: 736K(1024K)->498K(512K)
[525.078s][info][gc,heap        ] GC(2015) ParOldGen: 379177K(430080K)->379369K(430080K)
[525.078s][info][gc,metaspace   ] GC(2015) Metaspace: 6132K(6208K)->6132K(6208K) NonClass: 5649K(5696K)->5649K(5696K) Class: 483K(512K)->483K(512K)
[525.078s][info][gc             ] GC(2015) Pause Young (Allocation Failure) 570M->370M(612M) 2.822ms
[525.078s][info][gc,cpu         ] GC(2015) User=0.00s Sys=0.00s Real=0.00s
[525.305s][info][gc,start       ] GC(2016) Pause Young (Allocation Failure)
[525.309s][info][gc,heap        ] GC(2016) PSYoungGen: 196594K(196608K)->722K(189952K) Eden: 196096K(196096K)->0K(188928K) From: 498K(512K)->722K(1024K)
[525.309s][info][gc,heap        ] GC(2016) ParOldGen: 379369K(430080K)->379369K(430080K)
[525.309s][info][gc,metaspace   ] GC(2016) Metaspace: 6132K(6208K)->6132K(6208K) NonClass: 5649K(5696K)->5649K(5696K) Class: 483K(512K)->483K(512K)
[525.309s][info][gc             ] GC(2016) Pause Young (Allocation Failure) 562M->371M(605M) 3.475ms
[525.309s][info][gc,cpu         ] GC(2016) User=0.00s Sys=0.00s Real=0.00s
[525.525s][info][gc,start       ] GC(2017) Pause Young (Allocation Failure)
[525.528s][info][gc,heap        ] GC(2017) PSYoungGen: 189650K(189952K)->722K(227328K) Eden: 188928K(188928K)->0K(226304K) From: 722K(1024K)->722K(1024K)
[525.528s][info][gc,heap        ] GC(2017) ParOldGen: 379369K(430080K)->379385K(430080K)
[525.528s][info][gc,metaspace   ] GC(2017) Metaspace: 6132K(6208K)->6132K(6208K) NonClass: 5649K(5696K)->5649K(5696K) Class: 483K(512K)->483K(512K)
[525.528s][info][gc             ] GC(2017) Pause Young (Allocation Failure) 555M->371M(642M) 3.098ms
[525.528s][info][gc,cpu         ] GC(2017) User=0.01s Sys=0.00s Real=0.00s
[525.818s][info][gc,start       ] GC(2018) Pause Young (Allocation Failure)
[525.821s][info][gc,heap        ] GC(2018) PSYoungGen: 227026K(227328K)->690K(218624K) Eden: 226304K(226304K)->0K(217600K) From: 722K(1024K)->690K(1024K)
[525.821s][info][gc,heap        ] GC(2018) ParOldGen: 379385K(430080K)->379385K(430080K)
[525.821s][info][gc,metaspace   ] GC(2018) Metaspace: 6132K(6208K)->6132K(6208K) NonClass: 5649K(5696K)->5649K(5696K) Class: 483K(512K)->483K(512K)
[525.821s][info][gc             ] GC(2018) Pause Young (Allocation Failure) 592M->371M(633M) 2.964ms
[525.821s][info][gc,cpu         ] GC(2018) User=0.00s Sys=0.00s Real=0.01s
[526.088s][info][gc,start       ] GC(2019) Pause Young (Allocation Failure)
[526.090s][info][gc,heap        ] GC(2019) PSYoungGen: 218290K(218624K)->498K(209920K) Eden: 217600K(217600K)->0K(209408K) From: 690K(1024K)->498K(512K)
[526.090s][info][gc,heap        ] GC(2019) ParOldGen: 379385K(430080K)->379505K(430080K)
[526.090s][info][gc,metaspace   ] GC(2019) Metaspace: 6132K(6208K)->6132K(6208K) NonClass: 5649K(5696K)->5649K(5696K) Class: 483K(512K)->483K(512K)
[526.090s][info][gc             ] GC(2019) Pause Young (Allocation Failure) 583M->371M(625M) 2.282ms
[526.090s][info][gc,cpu         ] GC(2019) User=0.01s Sys=0.00s Real=0.00s
[526.316s][info][gc,start       ] GC(2020) Pause Young (Allocation Failure)
[526.318s][info][gc,heap        ] GC(2020) PSYoungGen: 209906K(209920K)->818K(202752K) Eden: 209408K(209408K)->0K(201728K) From: 498K(512K)->818K(1024K)
[526.318s][info][gc,heap        ] GC(2020) ParOldGen: 379505K(430080K)->379505K(430080K)
[526.318s][info][gc,metaspace   ] GC(2020) Metaspace: 6132K(6208K)->6132K(6208K) NonClass: 5649K(5696K)->5649K(5696K) Class: 483K(512K)->483K(512K)
[526.318s][info][gc             ] GC(2020) Pause Young (Allocation Failure) 575M->371M(618M) 2.424ms
[526.318s][info][gc,cpu         ] GC(2020) User=0.00s Sys=0.00s Real=0.00s
[526.568s][info][gc,start       ] GC(2021) Pause Young (Allocation Failure)
[526.569s][info][gc,heap        ] GC(2021) PSYoungGen: 202546K(202752K)->704K(195584K) Eden: 201728K(201728K)->0K(194560K) From: 818K(1024K)->704K(1024K)
[526.569s][info][gc,heap        ] GC(2021) ParOldGen: 379505K(430080K)->379545K(430080K)
[526.569s][info][gc,metaspace   ] GC(2021) Metaspace: 6132K(6208K)->6132K(6208K) NonClass: 5649K(5696K)->5649K(5696K) Class: 483K(512K)->483K(512K)
[526.569s][info][gc             ] GC(2021) Pause Young (Allocation Failure) 568M->371M(611M) 1.461ms
[526.569s][info][gc,cpu         ] GC(2021) User=0.00s Sys=0.00s Real=0.00s
[526.821s][info][gc,start       ] GC(2022) Pause Young (Allocation Failure)
[526.822s][info][gc,heap        ] GC(2022) PSYoungGen: 195264K(195584K)->608K(188416K) Eden: 194560K(194560K)->0K(187392K) From: 704K(1024K)->608K(1024K)
[526.822s][info][gc,heap        ] GC(2022) ParOldGen: 379545K(430080K)->379545K(430080K)
[526.822s][info][gc,metaspace   ] GC(2022) Metaspace: 6132K(6208K)->6132K(6208K) NonClass: 5649K(5696K)->5649K(5696K) Class: 483K(512K)->483K(512K)
[526.822s][info][gc             ] GC(2022) Pause Young (Allocation Failure) 561M->371M(604M) 1.289ms
[526.822s][info][gc,cpu         ] GC(2022) User=0.00s Sys=0.00s Real=0.00s
[527.125s][info][gc,start       ] GC(2023) Pause Young (Allocation Failure)
[527.126s][info][gc,heap        ] GC(2023) PSYoungGen: 188000K(188416K)->512K(181248K) Eden: 187392K(187392K)->0K(180736K) From: 608K(1024K)->512K(512K)
[527.126s][info][gc,heap        ] GC(2023) ParOldGen: 379545K(430080K)->379633K(430080K)
[527.126s][info][gc,metaspace   ] GC(2023) Metaspace: 6132K(6208K)->6132K(6208K) NonClass: 5649K(5696K)->5649K(5696K) Class: 483K(512K)->483K(512K)
[527.126s][info][gc             ] GC(2023) Pause Young (Allocation Failure) 554M->371M(597M) 1.226ms
[527.126s][info][gc,cpu         ] GC(2023) User=0.01s Sys=0.00s Real=0.00s
[527.546s][info][gc,start       ] GC(2024) Pause Young (Allocation Failure)
[527.548s][info][gc,heap        ] GC(2024) PSYoungGen: 181248K(181248K)->818K(175616K) Eden: 180736K(180736K)->0K(174592K) From: 512K(512K)->818K(1024K)
[527.548s][info][gc,heap        ] GC(2024) ParOldGen: 379633K(430080K)->379633K(430080K)
[527.548s][info][gc,metaspace   ] GC(2024) Metaspace: 6132K(6208K)->6132K(6208K) NonClass: 5649K(5696K)->5649K(5696K) Class: 483K(512K)->483K(512K)
[527.548s][info][gc             ] GC(2024) Pause Young (Allocation Failure) 547M->371M(591M) 2.212ms
[527.548s][info][gc,cpu         ] GC(2024) User=0.00s Sys=0.00s Real=0.00s
[527.968s][info][gc,start       ] GC(2025) Pause Young (Allocation Failure)
[527.970s][info][gc,heap        ] GC(2025) PSYoungGen: 175410K(175616K)->640K(169472K) Eden: 174592K(174592K)->0K(168448K) From: 818K(1024K)->640K(1024K)
[527.970s][info][gc,heap        ] GC(2025) ParOldGen: 379633K(430080K)->379673K(430080K)
[527.970s][info][gc,metaspace   ] GC(2025) Metaspace: 6132K(6208K)->6132K(6208K) NonClass: 5649K(5696K)->5649K(5696K) Class: 483K(512K)->483K(512K)
[527.970s][info][gc             ] GC(2025) Pause Young (Allocation Failure) 542M->371M(585M) 1.344ms
[527.970s][info][gc,cpu         ] GC(2025) User=0.00s Sys=0.00s Real=0.00s
[528.349s][info][gc,start       ] GC(2026) Pause Young (Allocation Failure)
[528.350s][info][gc,heap        ] GC(2026) PSYoungGen: 169088K(169472K)->416K(163328K) Eden: 168448K(168448K)->0K(162816K) From: 640K(1024K)->416K(512K)
[528.350s][info][gc,heap        ] GC(2026) ParOldGen: 379673K(430080K)->379972K(430080K)
[528.350s][info][gc,metaspace   ] GC(2026) Metaspace: 6132K(6208K)->6132K(6208K) NonClass: 5649K(5696K)->5649K(5696K) Class: 483K(512K)->483K(512K)
[528.351s][info][gc             ] GC(2026) Pause Young (Allocation Failure) 535M->371M(579M) 1.981ms
[528.351s][info][gc,cpu         ] GC(2026) User=0.00s Sys=0.00s Real=0.01s
[528.552s][info][gc,start       ] GC(2027) Pause Young (Allocation Failure)
[528.554s][info][gc,heap        ] GC(2027) PSYoungGen: 163232K(163328K)->818K(158208K) Eden: 162816K(162816K)->0K(157184K) From: 416K(512K)->818K(1024K)
[528.554s][info][gc,heap        ] GC(2027) ParOldGen: 379972K(430080K)->380076K(430080K)
[528.554s][info][gc,metaspace   ] GC(2027) Metaspace: 6132K(6208K)->6132K(6208K) NonClass: 5649K(5696K)->5649K(5696K) Class: 483K(512K)->483K(512K)
[528.554s][info][gc             ] GC(2027) Pause Young (Allocation Failure) 530M->371M(574M) 1.776ms
[528.554s][info][gc,cpu         ] GC(2027) User=0.01s Sys=0.00s Real=0.00s
[528.713s][info][gc,start       ] GC(2028) Pause Young (Allocation Failure)
[528.715s][info][gc,heap        ] GC(2028) PSYoungGen: 158002K(158208K)->736K(153088K) Eden: 157184K(157184K)->0K(152064K) From: 818K(1024K)->736K(1024K)
[528.715s][info][gc,heap        ] GC(2028) ParOldGen: 380076K(430080K)->380108K(430080K)
[528.715s][info][gc,metaspace   ] GC(2028) Metaspace: 6132K(6208K)->6132K(6208K) NonClass: 5649K(5696K)->5649K(5696K) Class: 483K(512K)->483K(512K)
[528.715s][info][gc             ] GC(2028) Pause Young (Allocation Failure) 525M->371M(569M) 1.756ms
[528.715s][info][gc,cpu         ] GC(2028) User=0.01s Sys=0.00s Real=0.00s
[528.904s][info][gc,start       ] GC(2029) Pause Young (Allocation Failure)
[528.906s][info][gc,heap        ] GC(2029) PSYoungGen: 152800K(153088K)->512K(147456K) Eden: 152064K(152064K)->0K(146944K) From: 736K(1024K)->512K(512K)
[528.906s][info][gc,heap        ] GC(2029) ParOldGen: 380108K(430080K)->380308K(430080K)
[528.906s][info][gc,metaspace   ] GC(2029) Metaspace: 6132K(6208K)->6132K(6208K) NonClass: 5649K(5696K)->5649K(5696K) Class: 483K(512K)->483K(512K)
[528.906s][info][gc             ] GC(2029) Pause Young (Allocation Failure) 520M->371M(564M) 1.383ms
[528.906s][info][gc,cpu         ] GC(2029) User=0.01s Sys=0.00s Real=0.00s
[529.084s][info][gc,start       ] GC(2030) Pause Young (Allocation Failure)
[529.086s][info][gc,heap        ] GC(2030) PSYoungGen: 147456K(147456K)->704K(143360K) Eden: 146944K(146944K)->0K(142336K) From: 512K(512K)->704K(1024K)
[529.086s][info][gc,heap        ] GC(2030) ParOldGen: 380308K(430080K)->380308K(430080K)
[529.086s][info][gc,metaspace   ] GC(2030) Metaspace: 6132K(6208K)->6132K(6208K) NonClass: 5649K(5696K)->5649K(5696K) Class: 483K(512K)->483K(512K)
[529.086s][info][gc             ] GC(2030) Pause Young (Allocation Failure) 515M->372M(560M) 1.557ms
[529.086s][info][gc,cpu         ] GC(2030) User=0.00s Sys=0.01s Real=0.00s
[529.280s][info][gc,start       ] GC(2031) Pause Young (Allocation Failure)
[529.282s][info][gc,heap        ] GC(2031) PSYoungGen: 143040K(143360K)->704K(138752K) Eden: 142336K(142336K)->0K(137728K) From: 704K(1024K)->704K(1024K)
[529.282s][info][gc,heap        ] GC(2031) ParOldGen: 380308K(430080K)->380332K(430080K)
[529.282s][info][gc,metaspace   ] GC(2031) Metaspace: 6132K(6208K)->6132K(6208K) NonClass: 5649K(5696K)->5649K(5696K) Class: 483K(512K)->483K(512K)
[529.282s][info][gc             ] GC(2031) Pause Young (Allocation Failure) 511M->372M(555M) 1.779ms
[529.282s][info][gc,cpu         ] GC(2031) User=0.00s Sys=0.00s Real=0.00s
[529.480s][info][gc,start       ] GC(2032) Pause Young (Allocation Failure)
[529.481s][info][gc,heap        ] GC(2032) PSYoungGen: 138432K(138752K)->640K(134144K) Eden: 137728K(137728K)->0K(133120K) From: 704K(1024K)->640K(1024K)
[529.481s][info][gc,heap        ] GC(2032) ParOldGen: 380332K(430080K)->380332K(430080K)
[529.481s][info][gc,metaspace   ] GC(2032) Metaspace: 6132K(6208K)->6132K(6208K) NonClass: 5649K(5696K)->5649K(5696K) Class: 483K(512K)->483K(512K)
[529.482s][info][gc             ] GC(2032) Pause Young (Allocation Failure) 506M->372M(551M) 1.445ms
[529.482s][info][gc,cpu         ] GC(2032) User=0.01s Sys=0.00s Real=0.01s
[529.709s][info][gc,start       ] GC(2033) Pause Young (Allocation Failure)
[529.711s][info][gc,heap        ] GC(2033) PSYoungGen: 133760K(134144K)->416K(129536K) Eden: 133120K(133120K)->0K(129024K) From: 640K(1024K)->416K(512K)
[529.711s][info][gc,heap        ] GC(2033) ParOldGen: 380332K(430080K)->380638K(430080K)
[529.711s][info][gc,metaspace   ] GC(2033) Metaspace: 6132K(6208K)->6132K(6208K) NonClass: 5649K(5696K)->5649K(5696K) Class: 483K(512K)->483K(512K)
[529.711s][info][gc             ] GC(2033) Pause Young (Allocation Failure) 502M->372M(546M) 1.722ms
[529.711s][info][gc,cpu         ] GC(2033) User=0.00s Sys=0.00s Real=0.01s
[529.929s][info][gc,start       ] GC(2034) Pause Young (Allocation Failure)
[529.931s][info][gc,heap        ] GC(2034) PSYoungGen: 129440K(129536K)->480K(125952K) Eden: 129024K(129024K)->0K(124928K) From: 416K(512K)->480K(1024K)
[529.931s][info][gc,heap        ] GC(2034) ParOldGen: 380638K(430080K)->381021K(430080K)
[529.931s][info][gc,metaspace   ] GC(2034) Metaspace: 6132K(6208K)->6132K(6208K) NonClass: 5649K(5696K)->5649K(5696K) Class: 483K(512K)->483K(512K)
[529.931s][info][gc             ] GC(2034) Pause Young (Allocation Failure) 498M->372M(543M) 2.204ms
[529.931s][info][gc,cpu         ] GC(2034) User=0.01s Sys=0.00s Real=0.01s
[530.126s][info][gc,start       ] GC(2035) Pause Young (Allocation Failure)
[530.128s][info][gc,heap        ] GC(2035) PSYoungGen: 125408K(125952K)->480K(121856K) Eden: 124928K(124928K)->0K(121344K) From: 480K(1024K)->480K(512K)
[530.128s][info][gc,heap        ] GC(2035) ParOldGen: 381021K(430080K)->381476K(430080K)
[530.128s][info][gc,metaspace   ] GC(2035) Metaspace: 6132K(6208K)->6132K(6208K) NonClass: 5649K(5696K)->5649K(5696K) Class: 483K(512K)->483K(512K)
[530.128s][info][gc             ] GC(2035) Pause Young (Allocation Failure) 494M->373M(539M) 2.278ms
[530.128s][info][gc,cpu         ] GC(2035) User=0.01s Sys=0.00s Real=0.00s
[530.319s][info][gc,start       ] GC(2036) Pause Young (Allocation Failure)
[530.321s][info][gc,heap        ] GC(2036) PSYoungGen: 121824K(121856K)->722K(118784K) Eden: 121344K(121344K)->0K(117760K) From: 480K(512K)->722K(1024K)
[530.321s][info][gc,heap        ] GC(2036) ParOldGen: 381476K(430080K)->381580K(430080K)
[530.321s][info][gc,metaspace   ] GC(2036) Metaspace: 6132K(6208K)->6132K(6208K) NonClass: 5649K(5696K)->5649K(5696K) Class: 483K(512K)->483K(512K)
[530.321s][info][gc             ] GC(2036) Pause Young (Allocation Failure) 491M->373M(536M) 2.020ms
[530.321s][info][gc,cpu         ] GC(2036) User=0.00s Sys=0.00s Real=0.01s
[530.515s][info][gc,start       ] GC(2037) Pause Young (Allocation Failure)
[530.520s][info][gc,heap        ] GC(2037) PSYoungGen: 118482K(118784K)->402K(141824K) Eden: 117760K(117760K)->0K(141312K) From: 722K(1024K)->402K(512K)
[530.520s][info][gc,heap        ] GC(2037) ParOldGen: 381580K(430080K)->381938K(430080K)
[530.520s][info][gc,metaspace   ] GC(2037) Metaspace: 6132K(6208K)->6132K(6208K) NonClass: 5649K(5696K)->5649K(5696K) Class: 483K(512K)->483K(512K)
[530.520s][info][gc             ] GC(2037) Pause Young (Allocation Failure) 488M->373M(558M) 4.908ms
[530.520s][info][gc,cpu         ] GC(2037) User=0.01s Sys=0.00s Real=0.00s
[530.782s][info][gc,start       ] GC(2038) Pause Young (Allocation Failure)
[530.784s][info][gc,heap        ] GC(2038) PSYoungGen: 141714K(141824K)->530K(171008K) Eden: 141312K(141312K)->0K(169984K) From: 402K(512K)->530K(1024K)
[530.784s][info][gc,heap        ] GC(2038) ParOldGen: 381938K(430080K)->382313K(430080K)
[530.784s][info][gc,metaspace   ] GC(2038) Metaspace: 6132K(6208K)->6132K(6208K) NonClass: 5649K(5696K)->5649K(5696K) Class: 483K(512K)->483K(512K)
[530.784s][info][gc             ] GC(2038) Pause Young (Allocation Failure) 511M->373M(587M) 2.434ms
[530.784s][info][gc,cpu         ] GC(2038) User=0.00s Sys=0.00s Real=0.00s
[531.133s][info][gc,start       ] GC(2039) Pause Young (Allocation Failure)
[531.135s][info][gc,heap        ] GC(2039) PSYoungGen: 170514K(171008K)->832K(204800K) Eden: 169984K(169984K)->0K(203776K) From: 530K(1024K)->832K(1024K)
[531.135s][info][gc,heap        ] GC(2039) ParOldGen: 382313K(430080K)->382449K(430080K)
[531.135s][info][gc,metaspace   ] GC(2039) Metaspace: 6132K(6208K)->6132K(6208K) NonClass: 5649K(5696K)->5649K(5696K) Class: 483K(512K)->483K(512K)
[531.135s][info][gc             ] GC(2039) Pause Young (Allocation Failure) 539M->374M(620M) 2.338ms
[531.135s][info][gc,cpu         ] GC(2039) User=0.00s Sys=0.00s Real=0.00s
[531.565s][info][gc,start       ] GC(2040) Pause Young (Allocation Failure)
[531.567s][info][gc,heap        ] GC(2040) PSYoungGen: 204608K(204800K)->736K(197120K) Eden: 203776K(203776K)->0K(196096K) From: 832K(1024K)->736K(1024K)
[531.567s][info][gc,heap        ] GC(2040) ParOldGen: 382449K(430080K)->382497K(430080K)
[531.567s][info][gc,metaspace   ] GC(2040) Metaspace: 6132K(6208K)->6132K(6208K) NonClass: 5649K(5696K)->5649K(5696K) Class: 483K(512K)->483K(512K)
[531.567s][info][gc             ] GC(2040) Pause Young (Allocation Failure) 573M->374M(612M) 1.915ms
[531.567s][info][gc,cpu         ] GC(2040) User=0.01s Sys=0.00s Real=0.00s
[531.970s][info][gc,start       ] GC(2041) Pause Young (Allocation Failure)
[531.975s][info][gc,heap        ] GC(2041) PSYoungGen: 196832K(197120K)->498K(189440K) Eden: 196096K(196096K)->0K(188928K) From: 736K(1024K)->498K(512K)
[531.975s][info][gc,heap        ] GC(2041) ParOldGen: 382497K(430080K)->382697K(430080K)
[531.975s][info][gc,metaspace   ] GC(2041) Metaspace: 6132K(6208K)->6132K(6208K) NonClass: 5649K(5696K)->5649K(5696K) Class: 483K(512K)->483K(512K)
[531.975s][info][gc             ] GC(2041) Pause Young (Allocation Failure) 565M->374M(605M) 5.070ms
[531.975s][info][gc,cpu         ] GC(2041) User=0.00s Sys=0.00s Real=0.01s
[532.383s][info][gc,start       ] GC(2042) Pause Young (Allocation Failure)
[532.385s][info][gc,heap        ] GC(2042) PSYoungGen: 189426K(189440K)->773K(183296K) Eden: 188928K(188928K)->0K(182272K) From: 498K(512K)->773K(1024K)
[532.385s][info][gc,heap        ] GC(2042) ParOldGen: 382697K(430080K)->382697K(430080K)
[532.385s][info][gc,metaspace   ] GC(2042) Metaspace: 6132K(6208K)->6132K(6208K) NonClass: 5649K(5696K)->5649K(5696K) Class: 483K(512K)->483K(512K)
[532.385s][info][gc             ] GC(2042) Pause Young (Allocation Failure) 558M->374M(599M) 2.275ms
[532.385s][info][gc,cpu         ] GC(2042) User=0.01s Sys=0.00s Real=0.00s
[532.795s][info][gc,start       ] GC(2043) Pause Young (Allocation Failure)
[532.797s][info][gc,heap        ] GC(2043) PSYoungGen: 183045K(183296K)->704K(176640K) Eden: 182272K(182272K)->0K(175616K) From: 773K(1024K)->704K(1024K)
[532.797s][info][gc,heap        ] GC(2043) ParOldGen: 382697K(430080K)->382761K(430080K)
[532.797s][info][gc,metaspace   ] GC(2043) Metaspace: 6132K(6208K)->6132K(6208K) NonClass: 5649K(5696K)->5649K(5696K) Class: 483K(512K)->483K(512K)
[532.797s][info][gc             ] GC(2043) Pause Young (Allocation Failure) 552M->374M(592M) 1.837ms
[532.797s][info][gc,cpu         ] GC(2043) User=0.01s Sys=0.00s Real=0.00s
[533.162s][info][gc,start       ] GC(2044) Pause Young (Allocation Failure)
[533.163s][info][gc,heap        ] GC(2044) PSYoungGen: 176320K(176640K)->640K(170496K) Eden: 175616K(175616K)->0K(169472K) From: 704K(1024K)->640K(1024K)
[533.163s][info][gc,heap        ] GC(2044) ParOldGen: 382761K(430080K)->382761K(430080K)
[533.163s][info][gc,metaspace   ] GC(2044) Metaspace: 6132K(6208K)->6132K(6208K) NonClass: 5649K(5696K)->5649K(5696K) Class: 483K(512K)->483K(512K)
[533.163s][info][gc             ] GC(2044) Pause Young (Allocation Failure) 545M->374M(586M) 1.553ms
[533.163s][info][gc,cpu         ] GC(2044) User=0.00s Sys=0.00s Real=0.00s
[533.469s][info][gc,start       ] GC(2045) Pause Young (Allocation Failure)
[533.470s][info][gc,heap        ] GC(2045) PSYoungGen: 170112K(170496K)->512K(164352K) Eden: 169472K(169472K)->0K(163840K) From: 640K(1024K)->512K(512K)
[533.470s][info][gc,heap        ] GC(2045) ParOldGen: 382761K(430080K)->382913K(430080K)
[533.470s][info][gc,metaspace   ] GC(2045) Metaspace: 6132K(6208K)->6132K(6208K) NonClass: 5649K(5696K)->5649K(5696K) Class: 483K(512K)->483K(512K)
[533.470s][info][gc             ] GC(2045) Pause Young (Allocation Failure) 539M->374M(580M) 1.529ms
[533.470s][info][gc,cpu         ] GC(2045) User=0.00s Sys=0.00s Real=0.00s
[533.788s][info][gc,start       ] GC(2046) Pause Young (Allocation Failure)
[533.792s][info][gc,heap        ] GC(2046) PSYoungGen: 164352K(164352K)->672K(159232K) Eden: 163840K(163840K)->0K(158208K) From: 512K(512K)->672K(1024K)
[533.792s][info][gc,heap        ] GC(2046) ParOldGen: 382913K(430080K)->382913K(430080K)
[533.792s][info][gc,metaspace   ] GC(2046) Metaspace: 6132K(6208K)->6132K(6208K) NonClass: 5649K(5696K)->5649K(5696K) Class: 483K(512K)->483K(512K)
[533.792s][info][gc             ] GC(2046) Pause Young (Allocation Failure) 534M->374M(575M) 3.372ms
[533.792s][info][gc,cpu         ] GC(2046) User=0.00s Sys=0.00s Real=0.01s
[534.136s][info][gc,start       ] GC(2047) Pause Young (Allocation Failure)
[534.138s][info][gc,heap        ] GC(2047) PSYoungGen: 158880K(159232K)->192K(153600K) Eden: 158208K(158208K)->0K(153088K) From: 672K(1024K)->192K(512K)
[534.138s][info][gc,heap        ] GC(2047) ParOldGen: 382913K(430080K)->383546K(430080K)
[534.138s][info][gc,metaspace   ] GC(2047) Metaspace: 6132K(6208K)->6132K(6208K) NonClass: 5649K(5696K)->5649K(5696K) Class: 483K(512K)->483K(512K)
[534.138s][info][gc             ] GC(2047) Pause Young (Allocation Failure) 529M->374M(570M) 2.377ms
[534.138s][info][gc,cpu         ] GC(2047) User=0.00s Sys=0.00s Real=0.00s
[534.470s][info][gc,start       ] GC(2048) Pause Young (Allocation Failure)
[534.473s][info][gc,heap        ] GC(2048) PSYoungGen: 153280K(153600K)->850K(148992K) Eden: 153088K(153088K)->0K(147968K) From: 192K(512K)->850K(1024K)
[534.473s][info][gc,heap        ] GC(2048) ParOldGen: 383546K(430080K)->383714K(430080K)
[534.473s][info][gc,metaspace   ] GC(2048) Metaspace: 6132K(6208K)->6132K(6208K) NonClass: 5649K(5696K)->5649K(5696K) Class: 483K(512K)->483K(512K)
[534.473s][info][gc             ] GC(2048) Pause Young (Allocation Failure) 524M->375M(565M) 2.666ms
[534.473s][info][gc,cpu         ] GC(2048) User=0.01s Sys=0.00s Real=0.01s
[534.802s][info][gc,start       ] GC(2049) Pause Young (Allocation Failure)
[534.804s][info][gc,heap        ] GC(2049) PSYoungGen: 148818K(148992K)->736K(144384K) Eden: 147968K(147968K)->0K(143360K) From: 850K(1024K)->736K(1024K)
[534.804s][info][gc,heap        ] GC(2049) ParOldGen: 383714K(430080K)->383794K(430080K)
[534.804s][info][gc,metaspace   ] GC(2049) Metaspace: 6132K(6208K)->6132K(6208K) NonClass: 5649K(5696K)->5649K(5696K) Class: 483K(512K)->483K(512K)
[534.804s][info][gc             ] GC(2049) Pause Young (Allocation Failure) 520M->375M(561M) 1.609ms
[534.804s][info][gc,cpu         ] GC(2049) User=0.00s Sys=0.00s Real=0.00s
[535.116s][info][gc,start       ] GC(2050) Pause Young (Allocation Failure)
[535.117s][info][gc,heap        ] GC(2050) PSYoungGen: 144096K(144384K)->768K(139776K) Eden: 143360K(143360K)->0K(138752K) From: 736K(1024K)->768K(1024K)
[535.117s][info][gc,heap        ] GC(2050) ParOldGen: 383794K(430080K)->383794K(430080K)
[535.117s][info][gc,metaspace   ] GC(2050) Metaspace: 6132K(6208K)->6132K(6208K) NonClass: 5649K(5696K)->5649K(5696K) Class: 483K(512K)->483K(512K)
[535.117s][info][gc             ] GC(2050) Pause Young (Allocation Failure) 515M->375M(556M) 1.520ms
[535.118s][info][gc,cpu         ] GC(2050) User=0.01s Sys=0.00s Real=0.00s
[535.392s][info][gc,start       ] GC(2051) Pause Young (Allocation Failure)
[535.394s][info][gc,heap        ] GC(2051) PSYoungGen: 139520K(139776K)->512K(134656K) Eden: 138752K(138752K)->0K(134144K) From: 768K(1024K)->512K(512K)
[535.394s][info][gc,heap        ] GC(2051) ParOldGen: 383794K(430080K)->383922K(430080K)
[535.394s][info][gc,metaspace   ] GC(2051) Metaspace: 6132K(6208K)->6132K(6208K) NonClass: 5649K(5696K)->5649K(5696K) Class: 483K(512K)->483K(512K)
[535.394s][info][gc             ] GC(2051) Pause Young (Allocation Failure) 511M->375M(551M) 1.452ms
[535.394s][info][gc,cpu         ] GC(2051) User=0.00s Sys=0.00s Real=0.00s
[535.652s][info][gc,start       ] GC(2052) Pause Young (Allocation Failure)
[535.654s][info][gc,heap        ] GC(2052) PSYoungGen: 134656K(134656K)->658K(131072K) Eden: 134144K(134144K)->0K(130048K) From: 512K(512K)->658K(1024K)
[535.654s][info][gc,heap        ] GC(2052) ParOldGen: 383922K(430080K)->383922K(430080K)
[535.654s][info][gc,metaspace   ] GC(2052) Metaspace: 6132K(6208K)->6132K(6208K) NonClass: 5649K(5696K)->5649K(5696K) Class: 483K(512K)->483K(512K)
[535.654s][info][gc             ] GC(2052) Pause Young (Allocation Failure) 506M->375M(548M) 2.679ms
[535.654s][info][gc,cpu         ] GC(2052) User=0.01s Sys=0.00s Real=0.00s
[535.936s][info][gc,start       ] GC(2053) Pause Young (Allocation Failure)
[535.940s][info][gc,heap        ] GC(2053) PSYoungGen: 130706K(131072K)->832K(126976K) Eden: 130048K(130048K)->0K(125952K) From: 658K(1024K)->832K(1024K)
[535.940s][info][gc,heap        ] GC(2053) ParOldGen: 383922K(430080K)->383962K(430080K)
[535.940s][info][gc,metaspace   ] GC(2053) Metaspace: 6132K(6208K)->6132K(6208K) NonClass: 5649K(5696K)->5649K(5696K) Class: 483K(512K)->483K(512K)
[535.940s][info][gc             ] GC(2053) Pause Young (Allocation Failure) 502M->375M(544M) 3.649ms
[535.940s][info][gc,cpu         ] GC(2053) User=0.00s Sys=0.00s Real=0.00s
[536.212s][info][gc,start       ] GC(2054) Pause Young (Allocation Failure)
[536.214s][info][gc,heap        ] GC(2054) PSYoungGen: 126784K(126976K)->672K(122880K) Eden: 125952K(125952K)->0K(121856K) From: 832K(1024K)->672K(1024K)
[536.214s][info][gc,heap        ] GC(2054) ParOldGen: 383962K(430080K)->383962K(430080K)
[536.214s][info][gc,metaspace   ] GC(2054) Metaspace: 6132K(6208K)->6132K(6208K) NonClass: 5649K(5696K)->5649K(5696K) Class: 483K(512K)->483K(512K)
[536.214s][info][gc             ] GC(2054) Pause Young (Allocation Failure) 498M->375M(540M) 1.476ms
[536.214s][info][gc,cpu         ] GC(2054) User=0.00s Sys=0.00s Real=0.00s
[536.426s][info][gc,start       ] GC(2055) Pause Young (Allocation Failure)
[536.427s][info][gc,heap        ] GC(2055) PSYoungGen: 122528K(122880K)->512K(118784K) Eden: 121856K(121856K)->0K(118272K) From: 672K(1024K)->512K(512K)
[536.427s][info][gc,heap        ] GC(2055) ParOldGen: 383962K(430080K)->384066K(430080K)
[536.427s][info][gc,metaspace   ] GC(2055) Metaspace: 6132K(6208K)->6132K(6208K) NonClass: 5649K(5696K)->5649K(5696K) Class: 483K(512K)->483K(512K)
[536.427s][info][gc             ] GC(2055) Pause Young (Allocation Failure) 494M->375M(536M) 1.229ms
[536.427s][info][gc,cpu         ] GC(2055) User=0.00s Sys=0.00s Real=0.00s
[536.625s][info][gc,start       ] GC(2056) Pause Young (Allocation Failure)
[536.627s][info][gc,heap        ] GC(2056) PSYoungGen: 118784K(118784K)->448K(115712K) Eden: 118272K(118272K)->0K(114688K) From: 512K(512K)->448K(1024K)
[536.627s][info][gc,heap        ] GC(2056) ParOldGen: 384066K(430080K)->384301K(430080K)
[536.627s][info][gc,metaspace   ] GC(2056) Metaspace: 6132K(6208K)->6132K(6208K) NonClass: 5649K(5696K)->5649K(5696K) Class: 483K(512K)->483K(512K)
[536.627s][info][gc             ] GC(2056) Pause Young (Allocation Failure) 491M->375M(533M) 1.606ms
[536.627s][info][gc,cpu         ] GC(2056) User=0.00s Sys=0.00s Real=0.00s
[536.761s][info][gc,start       ] GC(2057) Pause Young (Allocation Failure)
[536.762s][info][gc,heap        ] GC(2057) PSYoungGen: 115136K(115712K)->690K(112128K) Eden: 114688K(114688K)->0K(111104K) From: 448K(1024K)->690K(1024K)
[536.762s][info][gc,heap        ] GC(2057) ParOldGen: 384301K(430080K)->384389K(430080K)
[536.762s][info][gc,metaspace   ] GC(2057) Metaspace: 6132K(6208K)->6132K(6208K) NonClass: 5649K(5696K)->5649K(5696K) Class: 483K(512K)->483K(512K)
[536.762s][info][gc             ] GC(2057) Pause Young (Allocation Failure) 487M->376M(529M) 1.465ms
[536.762s][info][gc,cpu         ] GC(2057) User=0.00s Sys=0.00s Real=0.00s
[536.895s][info][gc,start       ] GC(2058) Pause Young (Allocation Failure)
[536.897s][info][gc,heap        ] GC(2058) PSYoungGen: 111794K(112128K)->768K(109056K) Eden: 111104K(111104K)->0K(108032K) From: 690K(1024K)->768K(1024K)
[536.897s][info][gc,heap        ] GC(2058) ParOldGen: 384389K(430080K)->384429K(430080K)
[536.897s][info][gc,metaspace   ] GC(2058) Metaspace: 6132K(6208K)->6132K(6208K) NonClass: 5649K(5696K)->5649K(5696K) Class: 483K(512K)->483K(512K)
[536.897s][info][gc             ] GC(2058) Pause Young (Allocation Failure) 484M->376M(526M) 1.684ms
[536.897s][info][gc,cpu         ] GC(2058) User=0.01s Sys=0.00s Real=0.00s
[537.069s][info][gc,start       ] GC(2059) Pause Young (Allocation Failure)
[537.071s][info][gc,heap        ] GC(2059) PSYoungGen: 108800K(109056K)->498K(105472K) Eden: 108032K(108032K)->0K(104960K) From: 768K(1024K)->498K(512K)
[537.071s][info][gc,heap        ] GC(2059) ParOldGen: 384429K(430080K)->384589K(430080K)
[537.071s][info][gc,metaspace   ] GC(2059) Metaspace: 6132K(6208K)->6132K(6208K) NonClass: 5649K(5696K)->5649K(5696K) Class: 483K(512K)->483K(512K)
[537.071s][info][gc             ] GC(2059) Pause Young (Allocation Failure) 481M->376M(523M) 2.428ms
[537.071s][info][gc,cpu         ] GC(2059) User=0.00s Sys=0.00s Real=0.01s
[537.298s][info][gc,start       ] GC(2060) Pause Young (Allocation Failure)
[537.300s][info][gc,heap        ] GC(2060) PSYoungGen: 105458K(105472K)->160K(102912K) Eden: 104960K(104960K)->0K(101888K) From: 498K(512K)->160K(1024K)
[537.300s][info][gc,heap        ] GC(2060) ParOldGen: 384589K(430080K)->385090K(430080K)
[537.300s][info][gc,metaspace   ] GC(2060) Metaspace: 6132K(6208K)->6132K(6208K) NonClass: 5649K(5696K)->5649K(5696K) Class: 483K(512K)->483K(512K)
[537.300s][info][gc             ] GC(2060) Pause Young (Allocation Failure) 478M->376M(520M) 1.880ms
[537.300s][info][gc,cpu         ] GC(2060) User=0.00s Sys=0.00s Real=0.00s
[537.614s][info][gc,start       ] GC(2061) Pause Young (Allocation Failure)
[537.617s][info][gc,heap        ] GC(2061) PSYoungGen: 102048K(102912K)->786K(99840K) Eden: 101888K(101888K)->0K(98816K) From: 160K(1024K)->786K(1024K)
[537.617s][info][gc,heap        ] GC(2061) ParOldGen: 385090K(430080K)->385226K(430080K)
[537.617s][info][gc,metaspace   ] GC(2061) Metaspace: 6132K(6208K)->6132K(6208K) NonClass: 5649K(5696K)->5649K(5696K) Class: 483K(512K)->483K(512K)
[537.617s][info][gc             ] GC(2061) Pause Young (Allocation Failure) 475M->376M(517M) 3.396ms
[537.617s][info][gc,cpu         ] GC(2061) User=0.00s Sys=0.00s Real=0.00s
[537.986s][info][gc,start       ] GC(2062) Pause Young (Allocation Failure)
[537.990s][info][gc,heap        ] GC(2062) PSYoungGen: 99602K(99840K)->736K(97280K) Eden: 98816K(98816K)->0K(96256K) From: 786K(1024K)->736K(1024K)
[537.991s][info][gc,heap        ] GC(2062) ParOldGen: 385226K(430080K)->385298K(430080K)
[537.991s][info][gc,metaspace   ] GC(2062) Metaspace: 6132K(6208K)->6132K(6208K) NonClass: 5649K(5696K)->5649K(5696K) Class: 483K(512K)->483K(512K)
[537.991s][info][gc             ] GC(2062) Pause Young (Allocation Failure) 473M->376M(515M) 4.213ms
[537.991s][info][gc,cpu         ] GC(2062) User=0.01s Sys=0.00s Real=0.01s
[538.314s][info][gc,start       ] GC(2063) Pause Young (Allocation Failure)
[538.316s][info][gc,heap        ] GC(2063) PSYoungGen: 96992K(97280K)->498K(94208K) Eden: 96256K(96256K)->0K(93696K) From: 736K(1024K)->498K(512K)
[538.316s][info][gc,heap        ] GC(2063) ParOldGen: 385298K(430080K)->385434K(430080K)
[538.316s][info][gc,metaspace   ] GC(2063) Metaspace: 6132K(6208K)->6132K(6208K) NonClass: 5649K(5696K)->5649K(5696K) Class: 483K(512K)->483K(512K)
[538.316s][info][gc             ] GC(2063) Pause Young (Allocation Failure) 470M->376M(512M) 2.260ms
[538.316s][info][gc,cpu         ] GC(2063) User=0.01s Sys=0.00s Real=0.00s
[538.489s][info][gc,start       ] GC(2064) Pause Young (Allocation Failure)
[538.491s][info][gc,heap        ] GC(2064) PSYoungGen: 94194K(94208K)->709K(92160K) Eden: 93696K(93696K)->0K(91136K) From: 498K(512K)->709K(1024K)
[538.491s][info][gc,heap        ] GC(2064) ParOldGen: 385434K(430080K)->385434K(430080K)
[538.491s][info][gc,metaspace   ] GC(2064) Metaspace: 6132K(6208K)->6132K(6208K) NonClass: 5649K(5696K)->5649K(5696K) Class: 483K(512K)->483K(512K)
[538.491s][info][gc             ] GC(2064) Pause Young (Allocation Failure) 468M->377M(510M) 1.928ms
[538.491s][info][gc,cpu         ] GC(2064) User=0.00s Sys=0.00s Real=0.01s
[538.683s][info][gc,start       ] GC(2065) Pause Young (Allocation Failure)
[538.685s][info][gc,heap        ] GC(2065) PSYoungGen: 91845K(92160K)->416K(89088K) Eden: 91136K(91136K)->0K(88576K) From: 709K(1024K)->416K(512K)
[538.685s][info][gc,heap        ] GC(2065) ParOldGen: 385434K(430080K)->385777K(430080K)
[538.685s][info][gc,metaspace   ] GC(2065) Metaspace: 6132K(6208K)->6132K(6208K) NonClass: 5649K(5696K)->5649K(5696K) Class: 483K(512K)->483K(512K)
[538.685s][info][gc             ] GC(2065) Pause Young (Allocation Failure) 466M->377M(507M) 1.979ms
[538.685s][info][gc,cpu         ] GC(2065) User=0.00s Sys=0.00s Real=0.00s
[538.860s][info][gc,start       ] GC(2066) Pause Young (Allocation Failure)
[538.862s][info][gc,heap        ] GC(2066) PSYoungGen: 88992K(89088K)->498K(107520K) Eden: 88576K(88576K)->0K(106496K) From: 416K(512K)->498K(1024K)
[538.862s][info][gc,heap        ] GC(2066) ParOldGen: 385777K(430080K)->386155K(430080K)
[538.862s][info][gc,metaspace   ] GC(2066) Metaspace: 6132K(6208K)->6132K(6208K) NonClass: 5649K(5696K)->5649K(5696K) Class: 483K(512K)->483K(512K)
[538.862s][info][gc             ] GC(2066) Pause Young (Allocation Failure) 463M->377M(525M) 2.341ms
[538.862s][info][gc,cpu         ] GC(2066) User=0.01s Sys=0.00s Real=0.01s
[539.059s][info][gc,start       ] GC(2067) Pause Young (Allocation Failure)
[539.062s][info][gc,heap        ] GC(2067) PSYoungGen: 106994K(107520K)->754K(129024K) Eden: 106496K(106496K)->0K(128000K) From: 498K(1024K)->754K(1024K)
[539.062s][info][gc,heap        ] GC(2067) ParOldGen: 386155K(430080K)->386275K(430080K)
[539.062s][info][gc,metaspace   ] GC(2067) Metaspace: 6132K(6208K)->6132K(6208K) NonClass: 5649K(5696K)->5649K(5696K) Class: 483K(512K)->483K(512K)
[539.062s][info][gc             ] GC(2067) Pause Young (Allocation Failure) 481M->377M(546M) 3.110ms
[539.062s][info][gc,cpu         ] GC(2067) User=0.00s Sys=0.00s Real=0.01s
[539.283s][info][gc,start       ] GC(2068) Pause Young (Allocation Failure)
[539.286s][info][gc,heap        ] GC(2068) PSYoungGen: 128754K(129024K)->736K(154624K) Eden: 128000K(128000K)->0K(153600K) From: 754K(1024K)->736K(1024K)
[539.286s][info][gc,heap        ] GC(2068) ParOldGen: 386275K(430080K)->386347K(430080K)
[539.286s][info][gc,metaspace   ] GC(2068) Metaspace: 6132K(6208K)->6132K(6208K) NonClass: 5649K(5696K)->5649K(5696K) Class: 483K(512K)->483K(512K)
[539.286s][info][gc             ] GC(2068) Pause Young (Allocation Failure) 502M->378M(571M) 3.122ms
[539.286s][info][gc,cpu         ] GC(2068) User=0.00s Sys=0.00s Real=0.00s
[539.582s][info][gc,start       ] GC(2069) Pause Young (Allocation Failure)
[539.586s][info][gc,heap        ] GC(2069) PSYoungGen: 154336K(154624K)->498K(184832K) Eden: 153600K(153600K)->0K(184320K) From: 736K(1024K)->498K(512K)
[539.586s][info][gc,heap        ] GC(2069) ParOldGen: 386347K(430080K)->386635K(430080K)
[539.586s][info][gc,metaspace   ] GC(2069) Metaspace: 6132K(6208K)->6132K(6208K) NonClass: 5649K(5696K)->5649K(5696K) Class: 483K(512K)->483K(512K)
[539.586s][info][gc             ] GC(2069) Pause Young (Allocation Failure) 528M->378M(600M) 4.410ms
[539.586s][info][gc,cpu         ] GC(2069) User=0.00s Sys=0.00s Real=0.00s
[539.963s][info][gc,start       ] GC(2070) Pause Young (Allocation Failure)
[539.965s][info][gc,heap        ] GC(2070) PSYoungGen: 184818K(184832K)->480K(221696K) Eden: 184320K(184320K)->0K(220672K) From: 498K(512K)->480K(1024K)
[539.965s][info][gc,heap        ] GC(2070) ParOldGen: 386635K(430080K)->386635K(430080K)
[539.965s][info][gc,metaspace   ] GC(2070) Metaspace: 6132K(6208K)->6132K(6208K) NonClass: 5649K(5696K)->5649K(5696K) Class: 483K(512K)->483K(512K)
[539.965s][info][gc             ] GC(2070) Pause Young (Allocation Failure) 558M->378M(636M) 2.429ms
[539.965s][info][gc,cpu         ] GC(2070) User=0.01s Sys=0.00s Real=0.00s
[540.461s][info][gc,start       ] GC(2071) Pause Young (Allocation Failure)
[540.466s][info][gc,heap        ] GC(2071) PSYoungGen: 221152K(221696K)->736K(265728K) Eden: 220672K(220672K)->0K(264704K) From: 480K(1024K)->736K(1024K)
[540.466s][info][gc,heap        ] GC(2071) ParOldGen: 386635K(430080K)->386651K(430080K)
[540.466s][info][gc,metaspace   ] GC(2071) Metaspace: 6132K(6208K)->6132K(6208K) NonClass: 5649K(5696K)->5649K(5696K) Class: 483K(512K)->483K(512K)
[540.466s][info][gc             ] GC(2071) Pause Young (Allocation Failure) 593M->378M(679M) 4.442ms
[540.466s][info][gc,cpu         ] GC(2071) User=0.00s Sys=0.00s Real=0.00s
[540.985s][info][gc,start       ] GC(2072) Pause Young (Allocation Failure)
[540.988s][info][gc,heap        ] GC(2072) PSYoungGen: 265440K(265728K)->722K(255488K) Eden: 264704K(264704K)->0K(254464K) From: 736K(1024K)->722K(1024K)
[540.988s][info][gc,heap        ] GC(2072) ParOldGen: 386651K(430080K)->386651K(430080K)
[540.988s][info][gc,metaspace   ] GC(2072) Metaspace: 6132K(6208K)->6132K(6208K) NonClass: 5649K(5696K)->5649K(5696K) Class: 483K(512K)->483K(512K)
[540.988s][info][gc             ] GC(2072) Pause Young (Allocation Failure) 636M->378M(669M) 3.114ms
[540.989s][info][gc,cpu         ] GC(2072) User=0.00s Sys=0.00s Real=0.00s
[541.521s][info][gc,start       ] GC(2073) Pause Young (Allocation Failure)
[541.524s][info][gc,heap        ] GC(2073) PSYoungGen: 255186K(255488K)->498K(245248K) Eden: 254464K(254464K)->0K(244736K) From: 722K(1024K)->498K(512K)
[541.524s][info][gc,heap        ] GC(2073) ParOldGen: 386651K(430080K)->386867K(430080K)
[541.524s][info][gc,metaspace   ] GC(2073) Metaspace: 6132K(6208K)->6132K(6208K) NonClass: 5649K(5696K)->5649K(5696K) Class: 483K(512K)->483K(512K)
[541.524s][info][gc             ] GC(2073) Pause Young (Allocation Failure) 626M->378M(659M) 2.790ms
[541.524s][info][gc,cpu         ] GC(2073) User=0.00s Sys=0.00s Real=0.00s
[542.026s][info][gc,start       ] GC(2074) Pause Young (Allocation Failure)
[542.029s][info][gc,heap        ] GC(2074) PSYoungGen: 245234K(245248K)->690K(236544K) Eden: 244736K(244736K)->0K(235520K) From: 498K(512K)->690K(1024K)
[542.029s][info][gc,heap        ] GC(2074) ParOldGen: 386867K(430080K)->386867K(430080K)
[542.029s][info][gc,metaspace   ] GC(2074) Metaspace: 6132K(6208K)->6132K(6208K) NonClass: 5649K(5696K)->5649K(5696K) Class: 483K(512K)->483K(512K)
[542.029s][info][gc             ] GC(2074) Pause Young (Allocation Failure) 617M->378M(651M) 3.403ms
[542.029s][info][gc,cpu         ] GC(2074) User=0.01s Sys=0.00s Real=0.00s
[542.529s][info][gc,start       ] GC(2075) Pause Young (Allocation Failure)
[542.534s][info][gc,heap        ] GC(2075) PSYoungGen: 236210K(236544K)->754K(227840K) Eden: 235520K(235520K)->0K(226816K) From: 690K(1024K)->754K(1024K)
[542.534s][info][gc,heap        ] GC(2075) ParOldGen: 386867K(430080K)->386891K(430080K)
[542.534s][info][gc,metaspace   ] GC(2075) Metaspace: 6132K(6208K)->6132K(6208K) NonClass: 5649K(5696K)->5649K(5696K) Class: 483K(512K)->483K(512K)
[542.534s][info][gc             ] GC(2075) Pause Young (Allocation Failure) 608M->378M(642M) 4.998ms
[542.534s][info][gc,cpu         ] GC(2075) User=0.00s Sys=0.00s Real=0.01s
[543.088s][info][gc,start       ] GC(2076) Pause Young (Allocation Failure)
[543.091s][info][gc,heap        ] GC(2076) PSYoungGen: 227570K(227840K)->690K(219136K) Eden: 226816K(226816K)->0K(218112K) From: 754K(1024K)->690K(1024K)
[543.091s][info][gc,heap        ] GC(2076) ParOldGen: 386891K(430080K)->386891K(430080K)
[543.091s][info][gc,metaspace   ] GC(2076) Metaspace: 6132K(6208K)->6132K(6208K) NonClass: 5649K(5696K)->5649K(5696K) Class: 483K(512K)->483K(512K)
[543.091s][info][gc             ] GC(2076) Pause Young (Allocation Failure) 600M->378M(634M) 2.584ms
[543.091s][info][gc,cpu         ] GC(2076) User=0.00s Sys=0.00s Real=0.01s
[543.814s][info][gc,start       ] GC(2077) Pause Young (Allocation Failure)
[543.817s][info][gc,heap        ] GC(2077) PSYoungGen: 218802K(219136K)->498K(210432K) Eden: 218112K(218112K)->0K(209920K) From: 690K(1024K)->498K(512K)
[543.817s][info][gc,heap        ] GC(2077) ParOldGen: 386891K(430080K)->387147K(430080K)
[543.817s][info][gc,metaspace   ] GC(2077) Metaspace: 6132K(6208K)->6132K(6208K) NonClass: 5649K(5696K)->5649K(5696K) Class: 483K(512K)->483K(512K)
[543.817s][info][gc             ] GC(2077) Pause Young (Allocation Failure) 591M->378M(625M) 3.398ms
[543.817s][info][gc,cpu         ] GC(2077) User=0.01s Sys=0.00s Real=0.00s
[544.626s][info][gc,start       ] GC(2078) Pause Young (Allocation Failure)
[544.628s][info][gc,heap        ] GC(2078) PSYoungGen: 210418K(210432K)->672K(203264K) Eden: 209920K(209920K)->0K(202240K) From: 498K(512K)->672K(1024K)
[544.628s][info][gc,heap        ] GC(2078) ParOldGen: 387147K(430080K)->387155K(430080K)
[544.628s][info][gc,metaspace   ] GC(2078) Metaspace: 6132K(6208K)->6132K(6208K) NonClass: 5649K(5696K)->5649K(5696K) Class: 483K(512K)->483K(512K)
[544.628s][info][gc             ] GC(2078) Pause Young (Allocation Failure) 583M->378M(618M) 2.370ms
[544.628s][info][gc,cpu         ] GC(2078) User=0.00s Sys=0.00s Real=0.00s
[545.471s][info][gc,start       ] GC(2079) Pause Young (Allocation Failure)
[545.475s][info][gc,heap        ] GC(2079) PSYoungGen: 202912K(203264K)->754K(196096K) Eden: 202240K(202240K)->0K(195072K) From: 672K(1024K)->754K(1024K)
[545.475s][info][gc,heap        ] GC(2079) ParOldGen: 387155K(430080K)->387163K(430080K)
[545.475s][info][gc,metaspace   ] GC(2079) Metaspace: 6132K(6208K)->6132K(6208K) NonClass: 5649K(5696K)->5649K(5696K) Class: 483K(512K)->483K(512K)
[545.475s][info][gc             ] GC(2079) Pause Young (Allocation Failure) 576M->378M(611M) 3.959ms
[545.475s][info][gc,cpu         ] GC(2079) User=0.00s Sys=0.00s Real=0.00s
[546.329s][info][gc,start       ] GC(2080) Pause Young (Allocation Failure)
[546.332s][info][gc,heap        ] GC(2080) PSYoungGen: 195826K(196096K)->722K(188928K) Eden: 195072K(195072K)->0K(187904K) From: 754K(1024K)->722K(1024K)
[546.332s][info][gc,heap        ] GC(2080) ParOldGen: 387163K(430080K)->387163K(430080K)
[546.332s][info][gc,metaspace   ] GC(2080) Metaspace: 6132K(6208K)->6132K(6208K) NonClass: 5649K(5696K)->5649K(5696K) Class: 483K(512K)->483K(512K)
[546.332s][info][gc             ] GC(2080) Pause Young (Allocation Failure) 569M->378M(604M) 3.610ms
[546.332s][info][gc,cpu         ] GC(2080) User=0.00s Sys=0.00s Real=0.01s
[546.954s][info][gc,start       ] GC(2081) Pause Young (Allocation Failure)
[546.956s][info][gc,heap        ] GC(2081) PSYoungGen: 188626K(188928K)->498K(181760K) Eden: 187904K(187904K)->0K(181248K) From: 722K(1024K)->498K(512K)
[546.956s][info][gc,heap        ] GC(2081) ParOldGen: 387163K(430080K)->387347K(430080K)
[546.956s][info][gc,metaspace   ] GC(2081) Metaspace: 6132K(6208K)->6132K(6208K) NonClass: 5649K(5696K)->5649K(5696K) Class: 483K(512K)->483K(512K)
[546.956s][info][gc             ] GC(2081) Pause Young (Allocation Failure) 562M->378M(597M) 2.441ms
[546.956s][info][gc,cpu         ] GC(2081) User=0.00s Sys=0.00s Real=0.00s
[547.532s][info][gc,start       ] GC(2082) Pause Young (Allocation Failure)
[547.535s][info][gc,heap        ] GC(2082) PSYoungGen: 181746K(181760K)->672K(176128K) Eden: 181248K(181248K)->0K(175104K) From: 498K(512K)->672K(1024K)
[547.535s][info][gc,heap        ] GC(2082) ParOldGen: 387347K(430080K)->387347K(430080K)
[547.535s][info][gc,metaspace   ] GC(2082) Metaspace: 6132K(6208K)->6132K(6208K) NonClass: 5649K(5696K)->5649K(5696K) Class: 483K(512K)->483K(512K)
[547.535s][info][gc             ] GC(2082) Pause Young (Allocation Failure) 555M->378M(592M) 2.813ms
[547.535s][info][gc,cpu         ] GC(2082) User=0.01s Sys=0.00s Real=0.00s
[548.197s][info][gc,start       ] GC(2083) Pause Young (Allocation Failure)
[548.199s][info][gc,heap        ] GC(2083) PSYoungGen: 175776K(176128K)->640K(169984K) Eden: 175104K(175104K)->0K(168960K) From: 672K(1024K)->640K(1024K)
[548.199s][info][gc,heap        ] GC(2083) ParOldGen: 387347K(430080K)->387363K(430080K)
[548.199s][info][gc,metaspace   ] GC(2083) Metaspace: 6132K(6208K)->6132K(6208K) NonClass: 5649K(5696K)->5649K(5696K) Class: 483K(512K)->483K(512K)
[548.199s][info][gc             ] GC(2083) Pause Young (Allocation Failure) 549M->378M(586M) 1.230ms
[548.199s][info][gc,cpu         ] GC(2083) User=0.00s Sys=0.00s Real=0.00s
[548.782s][info][gc,start       ] GC(2084) Pause Young (Allocation Failure)
[548.785s][info][gc,heap        ] GC(2084) PSYoungGen: 169600K(169984K)->722K(164352K) Eden: 168960K(168960K)->0K(163328K) From: 640K(1024K)->722K(1024K)
[548.785s][info][gc,heap        ] GC(2084) ParOldGen: 387363K(430080K)->387363K(430080K)
[548.785s][info][gc,metaspace   ] GC(2084) Metaspace: 6132K(6208K)->6132K(6208K) NonClass: 5649K(5696K)->5649K(5696K) Class: 483K(512K)->483K(512K)
[548.785s][info][gc             ] GC(2084) Pause Young (Allocation Failure) 543M->378M(580M) 2.116ms
[548.785s][info][gc,cpu         ] GC(2084) User=0.00s Sys=0.00s Real=0.00s
[549.245s][info][gc,start       ] GC(2085) Pause Young (Allocation Failure)
[549.248s][info][gc,heap        ] GC(2085) PSYoungGen: 164050K(164352K)->498K(158208K) Eden: 163328K(163328K)->0K(157696K) From: 722K(1024K)->498K(512K)
[549.248s][info][gc,heap        ] GC(2085) ParOldGen: 387363K(430080K)->387563K(430080K)
[549.249s][info][gc,metaspace   ] GC(2085) Metaspace: 6132K(6208K)->6132K(6208K) NonClass: 5649K(5696K)->5649K(5696K) Class: 483K(512K)->483K(512K)
[549.249s][info][gc             ] GC(2085) Pause Young (Allocation Failure) 538M->378M(574M) 3.260ms
[549.249s][info][gc,cpu         ] GC(2085) User=0.01s Sys=0.00s Real=0.00s
[549.612s][info][gc,start       ] GC(2086) Pause Young (Allocation Failure)
[549.614s][info][gc,heap        ] GC(2086) PSYoungGen: 158194K(158208K)->741K(153600K) Eden: 157696K(157696K)->0K(152576K) From: 498K(512K)->741K(1024K)
[549.614s][info][gc,heap        ] GC(2086) ParOldGen: 387563K(430080K)->387563K(430080K)
[549.614s][info][gc,metaspace   ] GC(2086) Metaspace: 6132K(6208K)->6132K(6208K) NonClass: 5649K(5696K)->5649K(5696K) Class: 483K(512K)->483K(512K)
[549.614s][info][gc             ] GC(2086) Pause Young (Allocation Failure) 532M->379M(570M) 1.912ms
[549.614s][info][gc,cpu         ] GC(2086) User=0.01s Sys=0.00s Real=0.00s
[550.003s][info][gc,start       ] GC(2087) Pause Young (Allocation Failure)
[550.005s][info][gc,heap        ] GC(2087) PSYoungGen: 153317K(153600K)->704K(148480K) Eden: 152576K(152576K)->0K(147456K) From: 741K(1024K)->704K(1024K)
[550.005s][info][gc,heap        ] GC(2087) ParOldGen: 387563K(430080K)->387603K(430080K)
[550.005s][info][gc,metaspace   ] GC(2087) Metaspace: 6132K(6208K)->6132K(6208K) NonClass: 5649K(5696K)->5649K(5696K) Class: 483K(512K)->483K(512K)
[550.005s][info][gc             ] GC(2087) Pause Young (Allocation Failure) 528M->379M(565M) 2.351ms
[550.005s][info][gc,cpu         ] GC(2087) User=0.00s Sys=0.00s Real=0.00s
[550.426s][info][gc,start       ] GC(2088) Pause Young (Allocation Failure)
[550.428s][info][gc,heap        ] GC(2088) PSYoungGen: 148160K(148480K)->754K(143872K) Eden: 147456K(147456K)->0K(142848K) From: 704K(1024K)->754K(1024K)
[550.428s][info][gc,heap        ] GC(2088) ParOldGen: 387603K(430080K)->387603K(430080K)
[550.428s][info][gc,metaspace   ] GC(2088) Metaspace: 6132K(6208K)->6132K(6208K) NonClass: 5649K(5696K)->5649K(5696K) Class: 483K(512K)->483K(512K)
[550.428s][info][gc             ] GC(2088) Pause Young (Allocation Failure) 523M->379M(560M) 2.912ms
[550.428s][info][gc,cpu         ] GC(2088) User=0.00s Sys=0.00s Real=0.00s
[550.811s][info][gc,start       ] GC(2089) Pause Young (Allocation Failure)
[550.813s][info][gc,heap        ] GC(2089) PSYoungGen: 143602K(143872K)->498K(138752K) Eden: 142848K(142848K)->0K(138240K) From: 754K(1024K)->498K(512K)
[550.814s][info][gc,heap        ] GC(2089) ParOldGen: 387603K(430080K)->387739K(430080K)
[550.814s][info][gc,metaspace   ] GC(2089) Metaspace: 6132K(6208K)->6132K(6208K) NonClass: 5649K(5696K)->5649K(5696K) Class: 483K(512K)->483K(512K)
[550.814s][info][gc             ] GC(2089) Pause Young (Allocation Failure) 518M->379M(555M) 2.201ms
[550.814s][info][gc,cpu         ] GC(2089) User=0.00s Sys=0.00s Real=0.00s
[551.126s][info][gc,start       ] GC(2090) Pause Young (Allocation Failure)
[551.129s][info][gc,heap        ] GC(2090) PSYoungGen: 138738K(138752K)->672K(134656K) Eden: 138240K(138240K)->0K(133632K) From: 498K(512K)->672K(1024K)
[551.129s][info][gc,heap        ] GC(2090) ParOldGen: 387739K(430080K)->387739K(430080K)
[551.129s][info][gc,metaspace   ] GC(2090) Metaspace: 6132K(6208K)->6132K(6208K) NonClass: 5649K(5696K)->5649K(5696K) Class: 483K(512K)->483K(512K)
[551.129s][info][gc             ] GC(2090) Pause Young (Allocation Failure) 514M->379M(551M) 3.064ms
[551.129s][info][gc,cpu         ] GC(2090) User=0.00s Sys=0.00s Real=0.00s
[551.416s][info][gc,start       ] GC(2091) Pause Young (Allocation Failure)
[551.418s][info][gc,heap        ] GC(2091) PSYoungGen: 134304K(134656K)->416K(130048K) Eden: 133632K(133632K)->0K(129536K) From: 672K(1024K)->416K(512K)
[551.419s][info][gc,heap        ] GC(2091) ParOldGen: 387739K(430080K)->388070K(430080K)
[551.419s][info][gc,metaspace   ] GC(2091) Metaspace: 6132K(6208K)->6132K(6208K) NonClass: 5649K(5696K)->5649K(5696K) Class: 483K(512K)->483K(512K)
[551.419s][info][gc             ] GC(2091) Pause Young (Allocation Failure) 509M->379M(547M) 3.042ms
[551.419s][info][gc,cpu         ] GC(2091) User=0.01s Sys=0.00s Real=0.00s
[551.721s][info][gc,start       ] GC(2092) Pause Young (Allocation Failure)
[551.722s][info][gc,heap        ] GC(2092) PSYoungGen: 129952K(130048K)->690K(126464K) Eden: 129536K(129536K)->0K(125440K) From: 416K(512K)->690K(1024K)
[551.722s][info][gc,heap        ] GC(2092) ParOldGen: 388070K(430080K)->388134K(430080K)
[551.722s][info][gc,metaspace   ] GC(2092) Metaspace: 6132K(6208K)->6132K(6208K) NonClass: 5649K(5696K)->5649K(5696K) Class: 483K(512K)->483K(512K)
[551.722s][info][gc             ] GC(2092) Pause Young (Allocation Failure) 505M->379M(543M) 1.747ms
[551.722s][info][gc,cpu         ] GC(2092) User=0.00s Sys=0.00s Real=0.00s
[552.125s][info][gc,start       ] GC(2093) Pause Young (Allocation Failure)
[552.128s][info][gc,heap        ] GC(2093) PSYoungGen: 126130K(126464K)->416K(121856K) Eden: 125440K(125440K)->0K(121344K) From: 690K(1024K)->416K(512K)
[552.128s][info][gc,heap        ] GC(2093) ParOldGen: 388134K(430080K)->388504K(430080K)
[552.128s][info][gc,metaspace   ] GC(2093) Metaspace: 6132K(6208K)->6132K(6208K) NonClass: 5649K(5696K)->5649K(5696K) Class: 483K(512K)->483K(512K)
[552.128s][info][gc             ] GC(2093) Pause Young (Allocation Failure) 502M->379M(539M) 2.745ms
[552.128s][info][gc,cpu         ] GC(2093) User=0.00s Sys=0.00s Real=0.00s
[552.456s][info][gc,start       ] GC(2094) Pause Young (Allocation Failure)
[552.460s][info][gc,heap        ] GC(2094) PSYoungGen: 121760K(121856K)->805K(118784K) Eden: 121344K(121344K)->0K(117760K) From: 416K(512K)->805K(1024K)
[552.460s][info][gc,heap        ] GC(2094) ParOldGen: 388504K(430080K)->388592K(430080K)
[552.460s][info][gc,metaspace   ] GC(2094) Metaspace: 6132K(6208K)->6132K(6208K) NonClass: 5649K(5696K)->5649K(5696K) Class: 483K(512K)->483K(512K)
[552.460s][info][gc             ] GC(2094) Pause Young (Allocation Failure) 498M->380M(536M) 4.067ms
[552.460s][info][gc,cpu         ] GC(2094) User=0.00s Sys=0.00s Real=0.00s
[552.774s][info][gc,start       ] GC(2095) Pause Young (Allocation Failure)
[552.777s][info][gc,heap        ] GC(2095) PSYoungGen: 118565K(118784K)->672K(115200K) Eden: 117760K(117760K)->0K(114176K) From: 805K(1024K)->672K(1024K)
[552.777s][info][gc,heap        ] GC(2095) ParOldGen: 388592K(430080K)->388640K(430080K)
[552.777s][info][gc,metaspace   ] GC(2095) Metaspace: 6132K(6208K)->6132K(6208K) NonClass: 5649K(5696K)->5649K(5696K) Class: 483K(512K)->483K(512K)
[552.777s][info][gc             ] GC(2095) Pause Young (Allocation Failure) 495M->380M(532M) 2.345ms
[552.777s][info][gc,cpu         ] GC(2095) User=0.00s Sys=0.00s Real=0.00s
[553.092s][info][gc,start       ] GC(2096) Pause Young (Allocation Failure)
[553.095s][info][gc,heap        ] GC(2096) PSYoungGen: 114848K(115200K)->160K(111104K) Eden: 114176K(114176K)->0K(110592K) From: 672K(1024K)->160K(512K)
[553.095s][info][gc,heap        ] GC(2096) ParOldGen: 388640K(430080K)->389282K(430080K)
[553.095s][info][gc,metaspace   ] GC(2096) Metaspace: 6132K(6208K)->6132K(6208K) NonClass: 5649K(5696K)->5649K(5696K) Class: 483K(512K)->483K(512K)
[553.095s][info][gc             ] GC(2096) Pause Young (Allocation Failure) 491M->380M(528M) 2.820ms
[553.095s][info][gc,cpu         ] GC(2096) User=0.00s Sys=0.00s Real=0.00s
[553.397s][info][gc,start       ] GC(2097) Pause Young (Allocation Failure)
[553.399s][info][gc,heap        ] GC(2097) PSYoungGen: 110752K(111104K)->800K(108544K) Eden: 110592K(110592K)->0K(107520K) From: 160K(512K)->800K(1024K)
[553.399s][info][gc,heap        ] GC(2097) ParOldGen: 389282K(430080K)->389410K(430080K)
[553.399s][info][gc,metaspace   ] GC(2097) Metaspace: 6132K(6208K)->6132K(6208K) NonClass: 5649K(5696K)->5649K(5696K) Class: 483K(512K)->483K(512K)
[553.399s][info][gc             ] GC(2097) Pause Young (Allocation Failure) 488M->381M(526M) 2.053ms
[553.399s][info][gc,cpu         ] GC(2097) User=0.00s Sys=0.00s Real=0.00s
[553.692s][info][gc,start       ] GC(2098) Pause Young (Allocation Failure)
[553.695s][info][gc,heap        ] GC(2098) PSYoungGen: 108320K(108544K)->608K(105472K) Eden: 107520K(107520K)->0K(104448K) From: 800K(1024K)->608K(1024K)
[553.695s][info][gc,heap        ] GC(2098) ParOldGen: 389410K(430080K)->389506K(430080K)
[553.695s][info][gc,metaspace   ] GC(2098) Metaspace: 6132K(6208K)->6132K(6208K) NonClass: 5649K(5696K)->5649K(5696K) Class: 483K(512K)->483K(512K)
[553.695s][info][gc             ] GC(2098) Pause Young (Allocation Failure) 486M->380M(523M) 2.955ms
[553.695s][info][gc,cpu         ] GC(2098) User=0.00s Sys=0.00s Real=0.00s
[554.024s][info][gc,start       ] GC(2099) Pause Young (Allocation Failure)
[554.027s][info][gc,heap        ] GC(2099) PSYoungGen: 105056K(105472K)->160K(101888K) Eden: 104448K(104448K)->0K(101376K) From: 608K(1024K)->160K(512K)
[554.027s][info][gc,heap        ] GC(2099) ParOldGen: 389506K(430080K)->390091K(430080K)
[554.027s][info][gc,metaspace   ] GC(2099) Metaspace: 6132K(6208K)->6132K(6208K) NonClass: 5649K(5696K)->5649K(5696K) Class: 483K(512K)->483K(512K)
[554.027s][info][gc             ] GC(2099) Pause Young (Allocation Failure) 482M->381M(519M) 2.724ms
[554.027s][info][gc,cpu         ] GC(2099) User=0.00s Sys=0.00s Real=0.00s
[554.330s][info][gc,start       ] GC(2100) Pause Young (Allocation Failure)
[554.333s][info][gc,heap        ] GC(2100) PSYoungGen: 101536K(101888K)->786K(99840K) Eden: 101376K(101376K)->0K(98816K) From: 160K(512K)->786K(1024K)
[554.333s][info][gc,heap        ] GC(2100) ParOldGen: 390091K(430080K)->390227K(430080K)
[554.333s][info][gc,metaspace   ] GC(2100) Metaspace: 6132K(6208K)->6132K(6208K) NonClass: 5649K(5696K)->5649K(5696K) Class: 483K(512K)->483K(512K)
[554.333s][info][gc             ] GC(2100) Pause Young (Allocation Failure) 480M->381M(517M) 2.906ms
[554.333s][info][gc,cpu         ] GC(2100) User=0.00s Sys=0.00s Real=0.01s
[554.638s][info][gc,start       ] GC(2101) Pause Young (Allocation Failure)
[554.642s][info][gc,heap        ] GC(2101) PSYoungGen: 99602K(99840K)->160K(96768K) Eden: 98816K(98816K)->0K(96256K) From: 786K(1024K)->160K(512K)
[554.642s][info][gc,heap        ] GC(2101) ParOldGen: 390227K(430080K)->390976K(430080K)
[554.642s][info][gc,metaspace   ] GC(2101) Metaspace: 6132K(6208K)->6132K(6208K) NonClass: 5649K(5696K)->5649K(5696K) Class: 483K(512K)->483K(512K)
[554.642s][info][gc             ] GC(2101) Pause Young (Allocation Failure) 478M->381M(514M) 4.069ms
[554.642s][info][gc,cpu         ] GC(2101) User=0.00s Sys=0.00s Real=0.01s
[554.914s][info][gc,start       ] GC(2102) Pause Young (Allocation Failure)
[554.917s][info][gc,heap        ] GC(2102) PSYoungGen: 96416K(96768K)->773K(95232K) Eden: 96256K(96256K)->0K(93696K) From: 160K(512K)->773K(1536K)
[554.917s][info][gc,heap        ] GC(2102) ParOldGen: 390976K(430080K)->391112K(430080K)
[554.917s][info][gc,metaspace   ] GC(2102) Metaspace: 6132K(6208K)->6132K(6208K) NonClass: 5649K(5696K)->5649K(5696K) Class: 483K(512K)->483K(512K)
[554.917s][info][gc             ] GC(2102) Pause Young (Allocation Failure) 475M->382M(513M) 3.280ms
[554.917s][info][gc,cpu         ] GC(2102) User=0.01s Sys=0.01s Real=0.00s
[555.207s][info][gc,start       ] GC(2103) Pause Young (Allocation Failure)
[555.210s][info][gc,heap        ] GC(2103) PSYoungGen: 94469K(95232K)->128K(91648K) Eden: 93696K(93696K)->0K(91136K) From: 773K(1536K)->128K(512K)
[555.210s][info][gc,heap        ] GC(2103) ParOldGen: 391112K(430080K)->391857K(430080K)
[555.210s][info][gc,metaspace   ] GC(2103) Metaspace: 6132K(6208K)->6132K(6208K) NonClass: 5649K(5696K)->5649K(5696K) Class: 483K(512K)->483K(512K)
[555.210s][info][gc             ] GC(2103) Pause Young (Allocation Failure) 474M->382M(509M) 2.836ms
[555.210s][info][gc,cpu         ] GC(2103) User=0.00s Sys=0.00s Real=0.00s
[555.473s][info][gc,start       ] GC(2104) Pause Young (Allocation Failure)
[555.477s][info][gc,heap        ] GC(2104) PSYoungGen: 91264K(91648K)->448K(111104K) Eden: 91136K(91136K)->0K(109568K) From: 128K(512K)->448K(1536K)
[555.477s][info][gc,heap        ] GC(2104) ParOldGen: 391857K(430080K)->391977K(430080K)
[555.477s][info][gc,metaspace   ] GC(2104) Metaspace: 6132K(6208K)->6132K(6208K) NonClass: 5649K(5696K)->5649K(5696K) Class: 483K(512K)->483K(512K)
[555.477s][info][gc             ] GC(2104) Pause Young (Allocation Failure) 471M->383M(528M) 3.433ms
[555.477s][info][gc,cpu         ] GC(2104) User=0.00s Sys=0.00s Real=0.00s
[555.835s][info][gc,start       ] GC(2105) Pause Young (Allocation Failure)
[555.840s][info][gc,heap        ] GC(2105) PSYoungGen: 110016K(111104K)->498K(132096K) Eden: 109568K(109568K)->0K(131584K) From: 448K(1536K)->498K(512K)
[555.840s][info][gc,heap        ] GC(2105) ParOldGen: 391977K(430080K)->392388K(430080K)
[555.840s][info][gc,metaspace   ] GC(2105) Metaspace: 6132K(6208K)->6132K(6208K) NonClass: 5649K(5696K)->5649K(5696K) Class: 483K(512K)->483K(512K)
[555.840s][info][gc             ] GC(2105) Pause Young (Allocation Failure) 490M->383M(549M) 4.531ms
[555.840s][info][gc,cpu         ] GC(2105) User=0.01s Sys=0.00s Real=0.00s
[556.297s][info][gc,start       ] GC(2106) Pause Young (Allocation Failure)
[556.300s][info][gc,heap        ] GC(2106) PSYoungGen: 132082K(132096K)->773K(129024K) Eden: 131584K(131584K)->0K(127488K) From: 498K(512K)->773K(1536K)
[556.300s][info][gc,heap        ] GC(2106) ParOldGen: 392388K(430080K)->392484K(430080K)
[556.300s][info][gc,metaspace   ] GC(2106) Metaspace: 6132K(6208K)->6132K(6208K) NonClass: 5649K(5696K)->5649K(5696K) Class: 483K(512K)->483K(512K)
[556.300s][info][gc             ] GC(2106) Pause Young (Allocation Failure) 512M->384M(546M) 2.470ms
[556.300s][info][gc,cpu         ] GC(2106) User=0.01s Sys=0.00s Real=0.00s
[556.655s][info][gc,start       ] GC(2107) Pause Young (Allocation Failure)
[556.658s][info][gc,heap        ] GC(2107) PSYoungGen: 128261K(129024K)->800K(124416K) Eden: 127488K(127488K)->0K(123392K) From: 773K(1536K)->800K(1024K)
[556.658s][info][gc,heap        ] GC(2107) ParOldGen: 392484K(430080K)->392524K(430080K)
[556.658s][info][gc,metaspace   ] GC(2107) Metaspace: 6132K(6208K)->6132K(6208K) NonClass: 5649K(5696K)->5649K(5696K) Class: 483K(512K)->483K(512K)
[556.658s][info][gc             ] GC(2107) Pause Young (Allocation Failure) 508M->384M(541M) 3.363ms
[556.658s][info][gc,cpu         ] GC(2107) User=0.01s Sys=0.00s Real=0.00s
[557.017s][info][gc,start       ] GC(2108) Pause Young (Allocation Failure)
[557.020s][info][gc,heap        ] GC(2108) PSYoungGen: 124192K(124416K)->722K(120832K) Eden: 123392K(123392K)->0K(119808K) From: 800K(1024K)->722K(1024K)
[557.020s][info][gc,heap        ] GC(2108) ParOldGen: 392524K(430080K)->392524K(430080K)
[557.020s][info][gc,metaspace   ] GC(2108) Metaspace: 6132K(6208K)->6132K(6208K) NonClass: 5649K(5696K)->5649K(5696K) Class: 483K(512K)->483K(512K)
[557.020s][info][gc             ] GC(2108) Pause Young (Allocation Failure) 504M->384M(538M) 2.918ms
[557.020s][info][gc,cpu         ] GC(2108) User=0.01s Sys=0.01s Real=0.00s
[557.336s][info][gc,start       ] GC(2109) Pause Young (Allocation Failure)
[557.340s][info][gc,heap        ] GC(2109) PSYoungGen: 120530K(120832K)->416K(116736K) Eden: 119808K(119808K)->0K(116224K) From: 722K(1024K)->416K(512K)
[557.340s][info][gc,heap        ] GC(2109) ParOldGen: 392524K(430080K)->392863K(430080K)
[557.340s][info][gc,metaspace   ] GC(2109) Metaspace: 6132K(6208K)->6132K(6208K) NonClass: 5649K(5696K)->5649K(5696K) Class: 483K(512K)->483K(512K)
[557.340s][info][gc             ] GC(2109) Pause Young (Allocation Failure) 501M->384M(534M) 4.313ms
[557.340s][info][gc,cpu         ] GC(2109) User=0.01s Sys=0.00s Real=0.00s
[557.654s][info][gc,start       ] GC(2110) Pause Young (Allocation Failure)
[557.656s][info][gc,heap        ] GC(2110) PSYoungGen: 116640K(116736K)->736K(114176K) Eden: 116224K(116224K)->0K(112640K) From: 416K(512K)->736K(1536K)
[557.656s][info][gc,heap        ] GC(2110) ParOldGen: 392863K(430080K)->392911K(430080K)
[557.656s][info][gc,metaspace   ] GC(2110) Metaspace: 6132K(6208K)->6132K(6208K) NonClass: 5649K(5696K)->5649K(5696K) Class: 483K(512K)->483K(512K)
[557.656s][info][gc             ] GC(2110) Pause Young (Allocation Failure) 497M->384M(531M) 2.445ms
[557.657s][info][gc,cpu         ] GC(2110) User=0.00s Sys=0.00s Real=0.00s
[557.955s][info][gc,start       ] GC(2111) Pause Young (Allocation Failure)
[557.957s][info][gc,heap        ] GC(2111) PSYoungGen: 113376K(114176K)->448K(110080K) Eden: 112640K(112640K)->0K(109568K) From: 736K(1536K)->448K(512K)
[557.957s][info][gc,heap        ] GC(2111) ParOldGen: 392911K(430080K)->393297K(430080K)
[557.957s][info][gc,metaspace   ] GC(2111) Metaspace: 6132K(6208K)->6132K(6208K) NonClass: 5649K(5696K)->5649K(5696K) Class: 483K(512K)->483K(512K)
[557.957s][info][gc             ] GC(2111) Pause Young (Allocation Failure) 494M->384M(527M) 2.298ms
[557.957s][info][gc,cpu         ] GC(2111) User=0.01s Sys=0.00s Real=0.00s
[558.193s][info][gc,start       ] GC(2112) Pause Young (Allocation Failure)
[558.196s][info][gc,heap        ] GC(2112) PSYoungGen: 110016K(110080K)->786K(108032K) Eden: 109568K(109568K)->0K(106496K) From: 448K(512K)->786K(1536K)
[558.196s][info][gc,heap        ] GC(2112) ParOldGen: 393297K(430080K)->393369K(430080K)
[558.196s][info][gc,metaspace   ] GC(2112) Metaspace: 6132K(6208K)->6132K(6208K) NonClass: 5649K(5696K)->5649K(5696K) Class: 483K(512K)->483K(512K)
[558.196s][info][gc             ] GC(2112) Pause Young (Allocation Failure) 491M->384M(525M) 3.170ms
[558.196s][info][gc,cpu         ] GC(2112) User=0.00s Sys=0.00s Real=0.00s
[558.396s][info][gc,start       ] GC(2113) Pause Young (Allocation Failure)
[558.398s][info][gc,heap        ] GC(2113) PSYoungGen: 107282K(108032K)->416K(103936K) Eden: 106496K(106496K)->0K(103424K) From: 786K(1536K)->416K(512K)
[558.398s][info][gc,heap        ] GC(2113) ParOldGen: 393369K(430080K)->393764K(430080K)
[558.398s][info][gc,metaspace   ] GC(2113) Metaspace: 6132K(6208K)->6132K(6208K) NonClass: 5649K(5696K)->5649K(5696K) Class: 483K(512K)->483K(512K)
[558.398s][info][gc             ] GC(2113) Pause Young (Allocation Failure) 488M->384M(521M) 2.091ms
[558.398s][info][gc,cpu         ] GC(2113) User=0.00s Sys=0.00s Real=0.00s
[558.554s][info][gc,start       ] GC(2114) Pause Young (Allocation Failure)
[558.556s][info][gc,heap        ] GC(2114) PSYoungGen: 103840K(103936K)->512K(125952K) Eden: 103424K(103424K)->0K(124416K) From: 416K(512K)->512K(1536K)
[558.556s][info][gc,heap        ] GC(2114) ParOldGen: 393764K(430080K)->394127K(430080K)
[558.556s][info][gc,metaspace   ] GC(2114) Metaspace: 6132K(6208K)->6132K(6208K) NonClass: 5649K(5696K)->5649K(5696K) Class: 483K(512K)->483K(512K)
[558.556s][info][gc             ] GC(2114) Pause Young (Allocation Failure) 485M->385M(543M) 2.113ms
[558.556s][info][gc,cpu         ] GC(2114) User=0.00s Sys=0.00s Real=0.00s
[558.750s][info][gc,start       ] GC(2115) Pause Young (Allocation Failure)
[558.752s][info][gc,heap        ] GC(2115) PSYoungGen: 124928K(125952K)->722K(150528K) Eden: 124416K(124416K)->0K(149504K) From: 512K(1536K)->722K(1024K)
[558.752s][info][gc,heap        ] GC(2115) ParOldGen: 394127K(430080K)->394239K(430080K)
[558.752s][info][gc,metaspace   ] GC(2115) Metaspace: 6132K(6208K)->6132K(6208K) NonClass: 5649K(5696K)->5649K(5696K) Class: 483K(512K)->483K(512K)
[558.752s][info][gc             ] GC(2115) Pause Young (Allocation Failure) 506M->385M(567M) 2.047ms
[558.752s][info][gc,cpu         ] GC(2115) User=0.00s Sys=0.00s Real=0.01s
[558.990s][info][gc,start       ] GC(2116) Pause Young (Allocation Failure)
[558.991s][info][gc,heap        ] GC(2116) PSYoungGen: 150226K(150528K)->640K(145408K) Eden: 149504K(149504K)->0K(144384K) From: 722K(1024K)->640K(1024K)
[558.991s][info][gc,heap        ] GC(2116) ParOldGen: 394239K(430080K)->394279K(430080K)
[558.991s][info][gc,metaspace   ] GC(2116) Metaspace: 6132K(6208K)->6132K(6208K) NonClass: 5649K(5696K)->5649K(5696K) Class: 483K(512K)->483K(512K)
[558.991s][info][gc             ] GC(2116) Pause Young (Allocation Failure) 531M->385M(562M) 1.784ms
[558.991s][info][gc,cpu         ] GC(2116) User=0.01s Sys=0.00s Real=0.01s
[559.220s][info][gc,start       ] GC(2117) Pause Young (Allocation Failure)
[559.221s][info][gc,heap        ] GC(2117) PSYoungGen: 145024K(145408K)->416K(140288K) Eden: 144384K(144384K)->0K(139776K) From: 640K(1024K)->416K(512K)
[559.221s][info][gc,heap        ] GC(2117) ParOldGen: 394279K(430080K)->394577K(430080K)
[559.221s][info][gc,metaspace   ] GC(2117) Metaspace: 6132K(6208K)->6132K(6208K) NonClass: 5649K(5696K)->5649K(5696K) Class: 483K(512K)->483K(512K)
[559.221s][info][gc             ] GC(2117) Pause Young (Allocation Failure) 526M->385M(557M) 1.909ms
[559.221s][info][gc,cpu         ] GC(2117) User=0.00s Sys=0.00s Real=0.01s
[559.439s][info][gc,start       ] GC(2118) Pause Young (Allocation Failure)
[559.440s][info][gc,heap        ] GC(2118) PSYoungGen: 140192K(140288K)->709K(136192K) Eden: 139776K(139776K)->0K(135168K) From: 416K(512K)->709K(1024K)
[559.440s][info][gc,heap        ] GC(2118) ParOldGen: 394577K(430080K)->394649K(430080K)
[559.440s][info][gc,metaspace   ] GC(2118) Metaspace: 6132K(6208K)->6132K(6208K) NonClass: 5649K(5696K)->5649K(5696K) Class: 483K(512K)->483K(512K)
[559.440s][info][gc             ] GC(2118) Pause Young (Allocation Failure) 522M->386M(553M) 1.684ms
[559.440s][info][gc,cpu         ] GC(2118) User=0.01s Sys=0.00s Real=0.00s
[559.643s][info][gc,start       ] GC(2119) Pause Young (Allocation Failure)
[559.644s][info][gc,heap        ] GC(2119) PSYoungGen: 135877K(136192K)->608K(132096K) Eden: 135168K(135168K)->0K(131072K) From: 709K(1024K)->608K(1024K)
[559.644s][info][gc,heap        ] GC(2119) ParOldGen: 394649K(430080K)->394729K(430080K)
[559.645s][info][gc,metaspace   ] GC(2119) Metaspace: 6132K(6208K)->6132K(6208K) NonClass: 5649K(5696K)->5649K(5696K) Class: 483K(512K)->483K(512K)
[559.645s][info][gc             ] GC(2119) Pause Young (Allocation Failure) 518M->386M(549M) 1.372ms
[559.645s][info][gc,cpu         ] GC(2119) User=0.00s Sys=0.00s Real=0.00s
[559.840s][info][gc,start       ] GC(2120) Pause Young (Allocation Failure)
[559.842s][info][gc,heap        ] GC(2120) PSYoungGen: 131680K(132096K)->416K(127488K) Eden: 131072K(131072K)->0K(126976K) From: 608K(1024K)->416K(512K)
[559.842s][info][gc,heap        ] GC(2120) ParOldGen: 394729K(430080K)->395036K(430080K)
[559.842s][info][gc,metaspace   ] GC(2120) Metaspace: 6132K(6208K)->6132K(6208K) NonClass: 5649K(5696K)->5649K(5696K) Class: 483K(512K)->483K(512K)
[559.842s][info][gc             ] GC(2120) Pause Young (Allocation Failure) 514M->386M(544M) 1.715ms
[559.842s][info][gc,cpu         ] GC(2120) User=0.00s Sys=0.00s Real=0.01s
[560.028s][info][gc,start       ] GC(2121) Pause Young (Allocation Failure)
[560.030s][info][gc,heap        ] GC(2121) PSYoungGen: 127392K(127488K)->512K(123392K) Eden: 126976K(126976K)->0K(122880K) From: 416K(512K)->512K(512K)
[560.030s][info][gc,heap        ] GC(2121) ParOldGen: 395036K(430080K)->395414K(430080K)
[560.030s][info][gc,metaspace   ] GC(2121) Metaspace: 6132K(6208K)->6132K(6208K) NonClass: 5649K(5696K)->5649K(5696K) Class: 483K(512K)->483K(512K)
[560.030s][info][gc             ] GC(2121) Pause Young (Allocation Failure) 510M->386M(540M) 2.060ms
[560.030s][info][gc,cpu         ] GC(2121) User=0.00s Sys=0.00s Real=0.00s
[560.204s][info][gc,start       ] GC(2122) Pause Young (Allocation Failure)
[560.206s][info][gc,heap        ] GC(2122) PSYoungGen: 123392K(123392K)->709K(120320K) Eden: 122880K(122880K)->0K(119296K) From: 512K(512K)->709K(1024K)
[560.206s][info][gc,heap        ] GC(2122) ParOldGen: 395414K(430080K)->395542K(430080K)
[560.206s][info][gc,metaspace   ] GC(2122) Metaspace: 6132K(6208K)->6132K(6208K) NonClass: 5649K(5696K)->5649K(5696K) Class: 483K(512K)->483K(512K)
[560.206s][info][gc             ] GC(2122) Pause Young (Allocation Failure) 506M->386M(537M) 1.666ms
[560.206s][info][gc,cpu         ] GC(2122) User=0.00s Sys=0.00s Real=0.00s
[560.376s][info][gc,start       ] GC(2123) Pause Young (Allocation Failure)
[560.377s][info][gc,heap        ] GC(2123) PSYoungGen: 120005K(120320K)->736K(116736K) Eden: 119296K(119296K)->0K(115712K) From: 709K(1024K)->736K(1024K)
[560.377s][info][gc,heap        ] GC(2123) ParOldGen: 395542K(430080K)->395614K(430080K)
[560.377s][info][gc,metaspace   ] GC(2123) Metaspace: 6132K(6208K)->6132K(6208K) NonClass: 5649K(5696K)->5649K(5696K) Class: 483K(512K)->483K(512K)
[560.377s][info][gc             ] GC(2123) Pause Young (Allocation Failure) 503M->387M(534M) 1.537ms
[560.377s][info][gc,cpu         ] GC(2123) User=0.00s Sys=0.00s Real=0.00s
[560.532s][info][gc,start       ] GC(2124) Pause Young (Allocation Failure)
[560.534s][info][gc,heap        ] GC(2124) PSYoungGen: 116448K(116736K)->704K(113152K) Eden: 115712K(115712K)->0K(112128K) From: 736K(1024K)->704K(1024K)
[560.534s][info][gc,heap        ] GC(2124) ParOldGen: 395614K(430080K)->395614K(430080K)
[560.534s][info][gc,metaspace   ] GC(2124) Metaspace: 6132K(6208K)->6132K(6208K) NonClass: 5649K(5696K)->5649K(5696K) Class: 483K(512K)->483K(512K)
[560.534s][info][gc             ] GC(2124) Pause Young (Allocation Failure) 500M->387M(530M) 1.548ms
[560.534s][info][gc,cpu         ] GC(2124) User=0.00s Sys=0.00s Real=0.00s
[560.670s][info][gc,start       ] GC(2125) Pause Young (Allocation Failure)
[560.672s][info][gc,heap        ] GC(2125) PSYoungGen: 112832K(113152K)->512K(109568K) Eden: 112128K(112128K)->0K(109056K) From: 704K(1024K)->512K(512K)
[560.672s][info][gc,heap        ] GC(2125) ParOldGen: 395614K(430080K)->395750K(430080K)
[560.672s][info][gc,metaspace   ] GC(2125) Metaspace: 6132K(6208K)->6132K(6208K) NonClass: 5649K(5696K)->5649K(5696K) Class: 483K(512K)->483K(512K)
[560.672s][info][gc             ] GC(2125) Pause Young (Allocation Failure) 496M->386M(527M) 1.347ms
[560.672s][info][gc,cpu         ] GC(2125) User=0.01s Sys=0.00s Real=0.01s
[560.820s][info][gc,start       ] GC(2126) Pause Young (Allocation Failure)
[560.822s][info][gc,heap        ] GC(2126) PSYoungGen: 109568K(109568K)->672K(107008K) Eden: 109056K(109056K)->0K(105984K) From: 512K(512K)->672K(1024K)
[560.822s][info][gc,heap        ] GC(2126) ParOldGen: 395750K(430080K)->395750K(430080K)
[560.822s][info][gc,metaspace   ] GC(2126) Metaspace: 6132K(6208K)->6132K(6208K) NonClass: 5649K(5696K)->5649K(5696K) Class: 483K(512K)->483K(512K)
[560.822s][info][gc             ] GC(2126) Pause Young (Allocation Failure) 493M->387M(524M) 1.425ms
[560.822s][info][gc,cpu         ] GC(2126) User=0.00s Sys=0.00s Real=0.01s
[560.973s][info][gc,start       ] GC(2127) Pause Young (Allocation Failure)
[560.974s][info][gc,heap        ] GC(2127) PSYoungGen: 106656K(107008K)->800K(103936K) Eden: 105984K(105984K)->0K(102912K) From: 672K(1024K)->800K(1024K)
[560.974s][info][gc,heap        ] GC(2127) ParOldGen: 395750K(430080K)->395782K(430080K)
[560.974s][info][gc,metaspace   ] GC(2127) Metaspace: 6132K(6208K)->6132K(6208K) NonClass: 5649K(5696K)->5649K(5696K) Class: 483K(512K)->483K(512K)
[560.974s][info][gc             ] GC(2127) Pause Young (Allocation Failure) 490M->387M(521M) 1.548ms
[560.974s][info][gc,cpu         ] GC(2127) User=0.01s Sys=0.00s Real=0.00s
[561.109s][info][gc,start       ] GC(2128) Pause Young (Allocation Failure)
[561.110s][info][gc,heap        ] GC(2128) PSYoungGen: 103712K(103936K)->640K(100864K) Eden: 102912K(102912K)->0K(99840K) From: 800K(1024K)->640K(1024K)
[561.110s][info][gc,heap        ] GC(2128) ParOldGen: 395782K(430080K)->395782K(430080K)
[561.110s][info][gc,metaspace   ] GC(2128) Metaspace: 6132K(6208K)->6132K(6208K) NonClass: 5649K(5696K)->5649K(5696K) Class: 483K(512K)->483K(512K)
[561.110s][info][gc             ] GC(2128) Pause Young (Allocation Failure) 487M->387M(518M) 1.497ms
[561.110s][info][gc,cpu         ] GC(2128) User=0.01s Sys=0.00s Real=0.00s
[561.249s][info][gc,start       ] GC(2129) Pause Young (Allocation Failure)
[561.251s][info][gc,heap        ] GC(2129) PSYoungGen: 100480K(100864K)->512K(97792K) Eden: 99840K(99840K)->0K(97280K) From: 640K(1024K)->512K(512K)
[561.251s][info][gc,heap        ] GC(2129) ParOldGen: 395782K(430080K)->395878K(430080K)
[561.251s][info][gc,metaspace   ] GC(2129) Metaspace: 6132K(6208K)->6132K(6208K) NonClass: 5649K(5696K)->5649K(5696K) Class: 483K(512K)->483K(512K)
[561.251s][info][gc             ] GC(2129) Pause Young (Allocation Failure) 484M->387M(515M) 1.280ms
[561.251s][info][gc,cpu         ] GC(2129) User=0.00s Sys=0.00s Real=0.01s
[561.369s][info][gc,start       ] GC(2130) Pause Young (Allocation Failure)
[561.370s][info][gc,heap        ] GC(2130) PSYoungGen: 97792K(97792K)->818K(95744K) Eden: 97280K(97280K)->0K(94720K) From: 512K(512K)->818K(1024K)
[561.370s][info][gc,heap        ] GC(2130) ParOldGen: 395878K(430080K)->395878K(430080K)
[561.370s][info][gc,metaspace   ] GC(2130) Metaspace: 6132K(6208K)->6132K(6208K) NonClass: 5649K(5696K)->5649K(5696K) Class: 483K(512K)->483K(512K)
[561.371s][info][gc             ] GC(2130) Pause Young (Allocation Failure) 482M->387M(513M) 1.556ms
[561.371s][info][gc,cpu         ] GC(2130) User=0.00s Sys=0.00s Real=0.01s
[561.473s][info][gc,start       ] GC(2131) Pause Young (Allocation Failure)
[561.474s][info][gc,heap        ] GC(2131) PSYoungGen: 95538K(95744K)->672K(114688K) Eden: 94720K(94720K)->0K(113664K) From: 818K(1024K)->672K(1024K)
[561.474s][info][gc,heap        ] GC(2131) ParOldGen: 395878K(430080K)->395918K(430080K)
[561.474s][info][gc,metaspace   ] GC(2131) Metaspace: 6132K(6208K)->6132K(6208K) NonClass: 5649K(5696K)->5649K(5696K) Class: 483K(512K)->483K(512K)
[561.474s][info][gc             ] GC(2131) Pause Young (Allocation Failure) 479M->387M(532M) 1.344ms
[561.474s][info][gc,cpu         ] GC(2131) User=0.00s Sys=0.00s Real=0.00s
[561.607s][info][gc,start       ] GC(2132) Pause Young (Allocation Failure)
[561.608s][info][gc,heap        ] GC(2132) PSYoungGen: 114336K(114688K)->736K(137728K) Eden: 113664K(113664K)->0K(136704K) From: 672K(1024K)->736K(1024K)
[561.608s][info][gc,heap        ] GC(2132) ParOldGen: 395918K(430080K)->395918K(430080K)
[561.608s][info][gc,metaspace   ] GC(2132) Metaspace: 6132K(6208K)->6132K(6208K) NonClass: 5649K(5696K)->5649K(5696K) Class: 483K(512K)->483K(512K)
[561.608s][info][gc             ] GC(2132) Pause Young (Allocation Failure) 498M->387M(554M) 1.530ms
[561.608s][info][gc,cpu         ] GC(2132) User=0.00s Sys=0.00s Real=0.00s
[561.762s][info][gc,start       ] GC(2133) Pause Young (Allocation Failure)
[561.764s][info][gc,heap        ] GC(2133) PSYoungGen: 137440K(137728K)->512K(132608K) Eden: 136704K(136704K)->0K(132096K) From: 736K(1024K)->512K(512K)
[561.764s][info][gc,heap        ] GC(2133) ParOldGen: 395918K(430080K)->396086K(430080K)
[561.764s][info][gc,metaspace   ] GC(2133) Metaspace: 6132K(6208K)->6132K(6208K) NonClass: 5649K(5696K)->5649K(5696K) Class: 483K(512K)->483K(512K)
[561.764s][info][gc             ] GC(2133) Pause Young (Allocation Failure) 520M->387M(549M) 1.427ms
[561.764s][info][gc,cpu         ] GC(2133) User=0.00s Sys=0.00s Real=0.00s
[561.913s][info][gc,start       ] GC(2134) Pause Young (Allocation Failure)
[561.914s][info][gc,heap        ] GC(2134) PSYoungGen: 132608K(132608K)->722K(129024K) Eden: 132096K(132096K)->0K(128000K) From: 512K(512K)->722K(1024K)
[561.914s][info][gc,heap        ] GC(2134) ParOldGen: 396086K(430080K)->396086K(430080K)
[561.914s][info][gc,metaspace   ] GC(2134) Metaspace: 6132K(6208K)->6132K(6208K) NonClass: 5649K(5696K)->5649K(5696K) Class: 483K(512K)->483K(512K)
[561.914s][info][gc             ] GC(2134) Pause Young (Allocation Failure) 516M->387M(546M) 1.658ms
[561.914s][info][gc,cpu         ] GC(2134) User=0.00s Sys=0.00s Real=0.00s
[562.057s][info][gc,start       ] GC(2135) Pause Young (Allocation Failure)
[562.059s][info][gc,heap        ] GC(2135) PSYoungGen: 128722K(129024K)->672K(124928K) Eden: 128000K(128000K)->0K(123904K) From: 722K(1024K)->672K(1024K)
[562.059s][info][gc,heap        ] GC(2135) ParOldGen: 396086K(430080K)->396126K(430080K)
[562.059s][info][gc,metaspace   ] GC(2135) Metaspace: 6132K(6208K)->6132K(6208K) NonClass: 5649K(5696K)->5649K(5696K) Class: 483K(512K)->483K(512K)
[562.059s][info][gc             ] GC(2135) Pause Young (Allocation Failure) 512M->387M(542M) 1.364ms
[562.059s][info][gc,cpu         ] GC(2135) User=0.01s Sys=0.00s Real=0.00s
[562.211s][info][gc,start       ] GC(2136) Pause Young (Allocation Failure)
[562.212s][info][gc,heap        ] GC(2136) PSYoungGen: 124576K(124928K)->704K(121344K) Eden: 123904K(123904K)->0K(120320K) From: 672K(1024K)->704K(1024K)
[562.212s][info][gc,heap        ] GC(2136) ParOldGen: 396126K(430080K)->396126K(430080K)
[562.212s][info][gc,metaspace   ] GC(2136) Metaspace: 6132K(6208K)->6132K(6208K) NonClass: 5649K(5696K)->5649K(5696K) Class: 483K(512K)->483K(512K)
[562.212s][info][gc             ] GC(2136) Pause Young (Allocation Failure) 508M->387M(538M) 1.583ms
[562.212s][info][gc,cpu         ] GC(2136) User=0.00s Sys=0.00s Real=0.00s
[562.367s][info][gc,start       ] GC(2137) Pause Young (Allocation Failure)
[562.370s][info][gc,heap        ] GC(2137) PSYoungGen: 121024K(121344K)->498K(144896K) Eden: 120320K(120320K)->0K(144384K) From: 704K(1024K)->498K(512K)
[562.370s][info][gc,heap        ] GC(2137) ParOldGen: 396126K(430080K)->396254K(430080K)
[562.370s][info][gc,metaspace   ] GC(2137) Metaspace: 6132K(6208K)->6132K(6208K) NonClass: 5649K(5696K)->5649K(5696K) Class: 483K(512K)->483K(512K)
[562.370s][info][gc             ] GC(2137) Pause Young (Allocation Failure) 505M->387M(561M) 2.547ms
[562.370s][info][gc,cpu         ] GC(2137) User=0.00s Sys=0.00s Real=0.00s
[562.552s][info][gc,start       ] GC(2138) Pause Young (Allocation Failure)
[562.554s][info][gc,heap        ] GC(2138) PSYoungGen: 144882K(144896K)->640K(174592K) Eden: 144384K(144384K)->0K(173568K) From: 498K(512K)->640K(1024K)
[562.554s][info][gc,heap        ] GC(2138) ParOldGen: 396254K(430080K)->396254K(430080K)
[562.554s][info][gc,metaspace   ] GC(2138) Metaspace: 6132K(6208K)->6132K(6208K) NonClass: 5649K(5696K)->5649K(5696K) Class: 483K(512K)->483K(512K)
[562.554s][info][gc             ] GC(2138) Pause Young (Allocation Failure) 528M->387M(590M) 2.248ms
[562.554s][info][gc,cpu         ] GC(2138) User=0.00s Sys=0.00s Real=0.00s
[562.770s][info][gc,start       ] GC(2139) Pause Young (Allocation Failure)
[562.773s][info][gc,heap        ] GC(2139) PSYoungGen: 174208K(174592K)->754K(208896K) Eden: 173568K(173568K)->0K(207872K) From: 640K(1024K)->754K(1024K)
[562.773s][info][gc,heap        ] GC(2139) ParOldGen: 396254K(430080K)->396286K(430080K)
[562.773s][info][gc,metaspace   ] GC(2139) Metaspace: 6132K(6208K)->6132K(6208K) NonClass: 5649K(5696K)->5649K(5696K) Class: 483K(512K)->483K(512K)
[562.773s][info][gc             ] GC(2139) Pause Young (Allocation Failure) 557M->387M(624M) 2.842ms
[562.773s][info][gc,cpu         ] GC(2139) User=0.00s Sys=0.00s Real=0.01s
[563.036s][info][gc,start       ] GC(2140) Pause Young (Allocation Failure)
[563.038s][info][gc,heap        ] GC(2140) PSYoungGen: 208626K(208896K)->768K(250368K) Eden: 207872K(207872K)->0K(249344K) From: 754K(1024K)->768K(1024K)
[563.038s][info][gc,heap        ] GC(2140) ParOldGen: 396286K(430080K)->396286K(430080K)
[563.038s][info][gc,metaspace   ] GC(2140) Metaspace: 6132K(6208K)->6132K(6208K) NonClass: 5649K(5696K)->5649K(5696K) Class: 483K(512K)->483K(512K)
[563.038s][info][gc             ] GC(2140) Pause Young (Allocation Failure) 590M->387M(664M) 1.948ms
[563.038s][info][gc,cpu         ] GC(2140) User=0.01s Sys=0.00s Real=0.00s
[563.370s][info][gc,start       ] GC(2141) Pause Young (Allocation Failure)
[563.372s][info][gc,heap        ] GC(2141) PSYoungGen: 250112K(250368K)->512K(240128K) Eden: 249344K(249344K)->0K(239616K) From: 768K(1024K)->512K(512K)
[563.372s][info][gc,heap        ] GC(2141) ParOldGen: 396286K(430080K)->396526K(430080K)
[563.372s][info][gc,metaspace   ] GC(2141) Metaspace: 6132K(6208K)->6132K(6208K) NonClass: 5649K(5696K)->5649K(5696K) Class: 483K(512K)->483K(512K)
[563.372s][info][gc             ] GC(2141) Pause Young (Allocation Failure) 631M->387M(654M) 2.116ms
[563.372s][info][gc,cpu         ] GC(2141) User=0.00s Sys=0.00s Real=0.01s
[563.690s][info][gc,start       ] GC(2142) Pause Young (Allocation Failure)
[563.692s][info][gc,heap        ] GC(2142) PSYoungGen: 240128K(240128K)->768K(231424K) Eden: 239616K(239616K)->0K(230400K) From: 512K(512K)->768K(1024K)
[563.692s][info][gc,heap        ] GC(2142) ParOldGen: 396526K(430080K)->396526K(430080K)
[563.692s][info][gc,metaspace   ] GC(2142) Metaspace: 6132K(6208K)->6132K(6208K) NonClass: 5649K(5696K)->5649K(5696K) Class: 483K(512K)->483K(512K)
[563.692s][info][gc             ] GC(2142) Pause Young (Allocation Failure) 621M->387M(646M) 1.508ms
[563.692s][info][gc,cpu         ] GC(2142) User=0.01s Sys=0.00s Real=0.01s
[563.991s][info][gc,start       ] GC(2143) Pause Young (Allocation Failure)
[563.992s][info][gc,heap        ] GC(2143) PSYoungGen: 231168K(231424K)->704K(222720K) Eden: 230400K(230400K)->0K(221696K) From: 768K(1024K)->704K(1024K)
[563.993s][info][gc,heap        ] GC(2143) ParOldGen: 396526K(430080K)->396558K(430080K)
[563.993s][info][gc,metaspace   ] GC(2143) Metaspace: 6132K(6208K)->6132K(6208K) NonClass: 5649K(5696K)->5649K(5696K) Class: 483K(512K)->483K(512K)
[563.993s][info][gc             ] GC(2143) Pause Young (Allocation Failure) 612M->387M(637M) 1.532ms
[563.993s][info][gc,cpu         ] GC(2143) User=0.00s Sys=0.00s Real=0.00s
[564.294s][info][gc,start       ] GC(2144) Pause Young (Allocation Failure)
[564.296s][info][gc,heap        ] GC(2144) PSYoungGen: 222400K(222720K)->800K(214528K) Eden: 221696K(221696K)->0K(213504K) From: 704K(1024K)->800K(1024K)
[564.296s][info][gc,heap        ] GC(2144) ParOldGen: 396558K(430080K)->396558K(430080K)
[564.296s][info][gc,metaspace   ] GC(2144) Metaspace: 6132K(6208K)->6132K(6208K) NonClass: 5649K(5696K)->5649K(5696K) Class: 483K(512K)->483K(512K)
[564.296s][info][gc             ] GC(2144) Pause Young (Allocation Failure) 604M->388M(629M) 1.598ms
[564.296s][info][gc,cpu         ] GC(2144) User=0.01s Sys=0.00s Real=0.00s
[564.579s][info][gc,start       ] GC(2145) Pause Young (Allocation Failure)
[564.580s][info][gc,heap        ] GC(2145) PSYoungGen: 214304K(214528K)->512K(206336K) Eden: 213504K(213504K)->0K(205824K) From: 800K(1024K)->512K(512K)
[564.580s][info][gc,heap        ] GC(2145) ParOldGen: 396558K(430080K)->396654K(430080K)
[564.580s][info][gc,metaspace   ] GC(2145) Metaspace: 6132K(6208K)->6132K(6208K) NonClass: 5649K(5696K)->5649K(5696K) Class: 483K(512K)->483K(512K)
[564.580s][info][gc             ] GC(2145) Pause Young (Allocation Failure) 596M->387M(621M) 1.386ms
[564.580s][info][gc,cpu         ] GC(2145) User=0.00s Sys=0.00s Real=0.00s
[564.859s][info][gc,start       ] GC(2146) Pause Young (Allocation Failure)
[564.862s][info][gc,heap        ] GC(2146) PSYoungGen: 206336K(206336K)->818K(199168K) Eden: 205824K(205824K)->0K(198144K) From: 512K(512K)->818K(1024K)
[564.862s][info][gc,heap        ] GC(2146) ParOldGen: 396654K(430080K)->396654K(430080K)
[564.862s][info][gc,metaspace   ] GC(2146) Metaspace: 6132K(6208K)->6132K(6208K) NonClass: 5649K(5696K)->5649K(5696K) Class: 483K(512K)->483K(512K)
[564.862s][info][gc             ] GC(2146) Pause Young (Allocation Failure) 588M->388M(614M) 2.946ms
[564.862s][info][gc,cpu         ] GC(2146) User=0.00s Sys=0.00s Real=0.01s
[565.138s][info][gc,start       ] GC(2147) Pause Young (Allocation Failure)
[565.140s][info][gc,heap        ] GC(2147) PSYoungGen: 198962K(199168K)->658K(192000K) Eden: 198144K(198144K)->0K(190976K) From: 818K(1024K)->658K(1024K)
[565.140s][info][gc,heap        ] GC(2147) ParOldGen: 396654K(430080K)->396694K(430080K)
[565.140s][info][gc,metaspace   ] GC(2147) Metaspace: 6132K(6208K)->6132K(6208K) NonClass: 5649K(5696K)->5649K(5696K) Class: 483K(512K)->483K(512K)
[565.140s][info][gc             ] GC(2147) Pause Young (Allocation Failure) 581M->388M(607M) 2.531ms
[565.140s][info][gc,cpu         ] GC(2147) User=0.00s Sys=0.00s Real=0.00s
[565.404s][info][gc,start       ] GC(2148) Pause Young (Allocation Failure)
[565.407s][info][gc,heap        ] GC(2148) PSYoungGen: 191634K(192000K)->658K(185344K) Eden: 190976K(190976K)->0K(184320K) From: 658K(1024K)->658K(1024K)
[565.407s][info][gc,heap        ] GC(2148) ParOldGen: 396694K(430080K)->396694K(430080K)
[565.407s][info][gc,metaspace   ] GC(2148) Metaspace: 6132K(6208K)->6132K(6208K) NonClass: 5649K(5696K)->5649K(5696K) Class: 483K(512K)->483K(512K)
[565.407s][info][gc             ] GC(2148) Pause Young (Allocation Failure) 574M->388M(601M) 2.496ms
[565.407s][info][gc,cpu         ] GC(2148) User=0.00s Sys=0.00s Real=0.00s
[565.658s][info][gc,start       ] GC(2149) Pause Young (Allocation Failure)
[565.661s][info][gc,heap        ] GC(2149) PSYoungGen: 184978K(185344K)->498K(178176K) Eden: 184320K(184320K)->0K(177664K) From: 658K(1024K)->498K(512K)
[565.661s][info][gc,heap        ] GC(2149) ParOldGen: 396694K(430080K)->396918K(430080K)
[565.661s][info][gc,metaspace   ] GC(2149) Metaspace: 6132K(6208K)->6132K(6208K) NonClass: 5649K(5696K)->5649K(5696K) Class: 483K(512K)->483K(512K)
[565.661s][info][gc             ] GC(2149) Pause Young (Allocation Failure) 568M->388M(594M) 2.723ms
[565.661s][info][gc,cpu         ] GC(2149) User=0.00s Sys=0.00s Real=0.01s
[565.897s][info][gc,start       ] GC(2150) Pause Young (Allocation Failure)
[565.900s][info][gc,heap        ] GC(2150) PSYoungGen: 178162K(178176K)->709K(172544K) Eden: 177664K(177664K)->0K(171520K) From: 498K(512K)->709K(1024K)
[565.900s][info][gc,heap        ] GC(2150) ParOldGen: 396918K(430080K)->396918K(430080K)
[565.900s][info][gc,metaspace   ] GC(2150) Metaspace: 6132K(6208K)->6132K(6208K) NonClass: 5649K(5696K)->5649K(5696K) Class: 483K(512K)->483K(512K)
[565.900s][info][gc             ] GC(2150) Pause Young (Allocation Failure) 561M->388M(588M) 2.799ms
[565.900s][info][gc,cpu         ] GC(2150) User=0.00s Sys=0.00s Real=0.00s
[566.117s][info][gc,start       ] GC(2151) Pause Young (Allocation Failure)
[566.121s][info][gc,heap        ] GC(2151) PSYoungGen: 172229K(172544K)->480K(206336K) Eden: 171520K(171520K)->0K(205824K) From: 709K(1024K)->480K(512K)
[566.121s][info][gc,heap        ] GC(2151) ParOldGen: 396918K(430080K)->397265K(430080K)
[566.121s][info][gc,metaspace   ] GC(2151) Metaspace: 6132K(6208K)->6132K(6208K) NonClass: 5649K(5696K)->5649K(5696K) Class: 483K(512K)->483K(512K)
[566.121s][info][gc             ] GC(2151) Pause Young (Allocation Failure) 555M->388M(621M) 4.628ms
[566.121s][info][gc,cpu         ] GC(2151) User=0.00s Sys=0.00s Real=0.01s
[566.424s][info][gc,start       ] GC(2152) Pause Young (Allocation Failure)
[566.429s][info][gc,heap        ] GC(2152) PSYoungGen: 206304K(206336K)->818K(247808K) Eden: 205824K(205824K)->0K(246784K) From: 480K(512K)->818K(1024K)
[566.429s][info][gc,heap        ] GC(2152) ParOldGen: 397265K(430080K)->397369K(430080K)
[566.429s][info][gc,metaspace   ] GC(2152) Metaspace: 6132K(6208K)->6132K(6208K) NonClass: 5649K(5696K)->5649K(5696K) Class: 483K(512K)->483K(512K)
[566.429s][info][gc             ] GC(2152) Pause Young (Allocation Failure) 589M->388M(662M) 4.746ms
[566.429s][info][gc,cpu         ] GC(2152) User=0.01s Sys=0.00s Real=0.00s
[566.794s][info][gc,start       ] GC(2153) Pause Young (Allocation Failure)
[566.796s][info][gc,heap        ] GC(2153) PSYoungGen: 247602K(247808K)->768K(296960K) Eden: 246784K(246784K)->0K(295936K) From: 818K(1024K)->768K(1024K)
[566.796s][info][gc,heap        ] GC(2153) ParOldGen: 397369K(430080K)->397409K(430080K)
[566.796s][info][gc,metaspace   ] GC(2153) Metaspace: 6132K(6208K)->6132K(6208K) NonClass: 5649K(5696K)->5649K(5696K) Class: 483K(512K)->483K(512K)
[566.796s][info][gc             ] GC(2153) Pause Young (Allocation Failure) 629M->388M(710M) 1.697ms
[566.796s][info][gc,cpu         ] GC(2153) User=0.00s Sys=0.00s Real=0.00s
[567.321s][info][gc,start       ] GC(2154) Pause Young (Allocation Failure)
[567.323s][info][gc,heap        ] GC(2154) PSYoungGen: 296704K(296960K)->768K(285184K) Eden: 295936K(295936K)->0K(284160K) From: 768K(1024K)->768K(1024K)
[567.323s][info][gc,heap        ] GC(2154) ParOldGen: 397409K(430080K)->397409K(430080K)
[567.323s][info][gc,metaspace   ] GC(2154) Metaspace: 6132K(6208K)->6132K(6208K) NonClass: 5649K(5696K)->5649K(5696K) Class: 483K(512K)->483K(512K)
[567.323s][info][gc             ] GC(2154) Pause Young (Allocation Failure) 677M->388M(698M) 1.813ms
[567.323s][info][gc,cpu         ] GC(2154) User=0.00s Sys=0.00s Real=0.00s
[568.096s][info][gc,start       ] GC(2155) Pause Young (Allocation Failure)
[568.097s][info][gc,heap        ] GC(2155) PSYoungGen: 284928K(285184K)->512K(273408K) Eden: 284160K(284160K)->0K(272896K) From: 768K(1024K)->512K(512K)
[568.097s][info][gc,heap        ] GC(2155) ParOldGen: 397409K(430080K)->397537K(430080K)
[568.097s][info][gc,metaspace   ] GC(2155) Metaspace: 6132K(6208K)->6132K(6208K) NonClass: 5649K(5696K)->5649K(5696K) Class: 483K(512K)->483K(512K)
[568.097s][info][gc             ] GC(2155) Pause Young (Allocation Failure) 666M->388M(687M) 1.301ms
[568.097s][info][gc,cpu         ] GC(2155) User=0.01s Sys=0.00s Real=0.00s
[568.893s][info][gc,start       ] GC(2156) Pause Young (Allocation Failure)
[568.896s][info][gc,heap        ] GC(2156) PSYoungGen: 273408K(273408K)->722K(263168K) Eden: 272896K(272896K)->0K(262144K) From: 512K(512K)->722K(1024K)
[568.896s][info][gc,heap        ] GC(2156) ParOldGen: 397537K(430080K)->397537K(430080K)
[568.896s][info][gc,metaspace   ] GC(2156) Metaspace: 6132K(6208K)->6132K(6208K) NonClass: 5649K(5696K)->5649K(5696K) Class: 483K(512K)->483K(512K)
[568.896s][info][gc             ] GC(2156) Pause Young (Allocation Failure) 655M->388M(677M) 2.728ms
[568.896s][info][gc,cpu         ] GC(2156) User=0.00s Sys=0.00s Real=0.00s
[569.556s][info][gc,start       ] GC(2157) Pause Young (Allocation Failure)
[569.585s][info][gc,heap        ] GC(2157) PSYoungGen: 262866K(263168K)->800K(299008K) Eden: 262144K(262144K)->0K(297984K) From: 722K(1024K)->800K(1024K)
[569.585s][info][gc,heap        ] GC(2157) ParOldGen: 397537K(430080K)->397577K(430080K)
[569.585s][info][gc,metaspace   ] GC(2157) Metaspace: 6132K(6208K)->6132K(6208K) NonClass: 5649K(5696K)->5649K(5696K) Class: 483K(512K)->483K(512K)
[569.585s][info][gc             ] GC(2157) Pause Young (Allocation Failure) 644M->389M(712M) 29.430ms
[569.585s][info][gc,cpu         ] GC(2157) User=0.00s Sys=0.00s Real=0.03s
[570.365s][info][gc,start       ] GC(2158) Pause Young (Allocation Failure)
[570.368s][info][gc,heap        ] GC(2158) PSYoungGen: 298784K(299008K)->800K(287232K) Eden: 297984K(297984K)->0K(286208K) From: 800K(1024K)->800K(1024K)
[570.368s][info][gc,heap        ] GC(2158) ParOldGen: 397577K(430080K)->397577K(430080K)
[570.368s][info][gc,metaspace   ] GC(2158) Metaspace: 6132K(6208K)->6132K(6208K) NonClass: 5649K(5696K)->5649K(5696K) Class: 483K(512K)->483K(512K)
[570.368s][info][gc             ] GC(2158) Pause Young (Allocation Failure) 680M->389M(700M) 3.144ms
[570.368s][info][gc,cpu         ] GC(2158) User=0.00s Sys=0.00s Real=0.00s
[570.928s][info][gc,start       ] GC(2159) Pause Young (Allocation Failure)
[570.929s][info][gc,heap        ] GC(2159) PSYoungGen: 287008K(287232K)->512K(275456K) Eden: 286208K(286208K)->0K(274944K) From: 800K(1024K)->512K(512K)
[570.929s][info][gc,heap        ] GC(2159) ParOldGen: 397577K(430080K)->397793K(430080K)
[570.929s][info][gc,metaspace   ] GC(2159) Metaspace: 6132K(6208K)->6132K(6208K) NonClass: 5649K(5696K)->5649K(5696K) Class: 483K(512K)->483K(512K)
[570.929s][info][gc             ] GC(2159) Pause Young (Allocation Failure) 668M->388M(689M) 1.408ms
[570.929s][info][gc,cpu         ] GC(2159) User=0.00s Sys=0.00s Real=0.00s
[571.378s][info][gc,start       ] GC(2160) Pause Young (Allocation Failure)
[571.380s][info][gc,heap        ] GC(2160) PSYoungGen: 275456K(275456K)->800K(265216K) Eden: 274944K(274944K)->0K(264192K) From: 512K(512K)->800K(1024K)
[571.380s][info][gc,heap        ] GC(2160) ParOldGen: 397793K(430080K)->397793K(430080K)
[571.380s][info][gc,metaspace   ] GC(2160) Metaspace: 6132K(6208K)->6132K(6208K) NonClass: 5649K(5696K)->5649K(5696K) Class: 483K(512K)->483K(512K)
[571.380s][info][gc             ] GC(2160) Pause Young (Allocation Failure) 657M->389M(679M) 1.541ms
[571.380s][info][gc,cpu         ] GC(2160) User=0.01s Sys=0.00s Real=0.00s
[571.864s][info][gc,start       ] GC(2161) Pause Young (Allocation Failure)
[571.866s][info][gc,heap        ] GC(2161) PSYoungGen: 264992K(265216K)->704K(254976K) Eden: 264192K(264192K)->0K(253952K) From: 800K(1024K)->704K(1024K)
[571.866s][info][gc,heap        ] GC(2161) ParOldGen: 397793K(430080K)->397817K(430080K)
[571.866s][info][gc,metaspace   ] GC(2161) Metaspace: 6132K(6208K)->6132K(6208K) NonClass: 5649K(5696K)->5649K(5696K) Class: 483K(512K)->483K(512K)
[571.866s][info][gc             ] GC(2161) Pause Young (Allocation Failure) 647M->389M(669M) 1.754ms
[571.866s][info][gc,cpu         ] GC(2161) User=0.00s Sys=0.00s Real=0.00s
[572.384s][info][gc,start       ] GC(2162) Pause Young (Allocation Failure)
[572.386s][info][gc,heap        ] GC(2162) PSYoungGen: 254656K(254976K)->704K(245248K) Eden: 253952K(253952K)->0K(244224K) From: 704K(1024K)->704K(1024K)
[572.386s][info][gc,heap        ] GC(2162) ParOldGen: 397817K(430080K)->397817K(430080K)
[572.386s][info][gc,metaspace   ] GC(2162) Metaspace: 6132K(6208K)->6132K(6208K) NonClass: 5649K(5696K)->5649K(5696K) Class: 483K(512K)->483K(512K)
[572.386s][info][gc             ] GC(2162) Pause Young (Allocation Failure) 637M->389M(659M) 1.777ms
[572.386s][info][gc,cpu         ] GC(2162) User=0.01s Sys=0.00s Real=0.00s
[572.906s][info][gc,start       ] GC(2163) Pause Young (Allocation Failure)
[572.907s][info][gc,heap        ] GC(2163) PSYoungGen: 244928K(245248K)->512K(235520K) Eden: 244224K(244224K)->0K(235008K) From: 704K(1024K)->512K(512K)
[572.907s][info][gc,heap        ] GC(2163) ParOldGen: 397817K(430080K)->397905K(430080K)
[572.907s][info][gc,metaspace   ] GC(2163) Metaspace: 6132K(6208K)->6132K(6208K) NonClass: 5649K(5696K)->5649K(5696K) Class: 483K(512K)->483K(512K)
[572.907s][info][gc             ] GC(2163) Pause Young (Allocation Failure) 627M->389M(650M) 1.272ms
[572.907s][info][gc,cpu         ] GC(2163) User=0.00s Sys=0.00s Real=0.00s
[573.421s][info][gc,start       ] GC(2164) Pause Young (Allocation Failure)
[573.424s][info][gc,heap        ] GC(2164) PSYoungGen: 235520K(235520K)->818K(227328K) Eden: 235008K(235008K)->0K(226304K) From: 512K(512K)->818K(1024K)
[573.424s][info][gc,heap        ] GC(2164) ParOldGen: 397905K(430080K)->397905K(430080K)
[573.424s][info][gc,metaspace   ] GC(2164) Metaspace: 6132K(6208K)->6132K(6208K) NonClass: 5649K(5696K)->5649K(5696K) Class: 483K(512K)->483K(512K)
[573.424s][info][gc             ] GC(2164) Pause Young (Allocation Failure) 618M->389M(642M) 2.266ms
[573.424s][info][gc,cpu         ] GC(2164) User=0.00s Sys=0.00s Real=0.00s
[573.949s][info][gc,start       ] GC(2165) Pause Young (Allocation Failure)
[573.954s][info][gc,heap        ] GC(2165) PSYoungGen: 227122K(227328K)->736K(218624K) Eden: 226304K(226304K)->0K(217600K) From: 818K(1024K)->736K(1024K)
[573.954s][info][gc,heap        ] GC(2165) ParOldGen: 397905K(430080K)->397945K(430080K)
[573.954s][info][gc,metaspace   ] GC(2165) Metaspace: 6132K(6208K)->6132K(6208K) NonClass: 5649K(5696K)->5649K(5696K) Class: 483K(512K)->483K(512K)
[573.954s][info][gc             ] GC(2165) Pause Young (Allocation Failure) 610M->389M(633M) 4.618ms
[573.954s][info][gc,cpu         ] GC(2165) User=0.00s Sys=0.00s Real=0.01s
[574.494s][info][gc,start       ] GC(2166) Pause Young (Allocation Failure)
[574.497s][info][gc,heap        ] GC(2166) PSYoungGen: 218336K(218624K)->690K(210432K) Eden: 217600K(217600K)->0K(209408K) From: 736K(1024K)->690K(1024K)
[574.497s][info][gc,heap        ] GC(2166) ParOldGen: 397945K(430080K)->397945K(430080K)
[574.497s][info][gc,metaspace   ] GC(2166) Metaspace: 6132K(6208K)->6132K(6208K) NonClass: 5649K(5696K)->5649K(5696K) Class: 483K(512K)->483K(512K)
[574.497s][info][gc             ] GC(2166) Pause Young (Allocation Failure) 601M->389M(625M) 3.210ms
[574.497s][info][gc,cpu         ] GC(2166) User=0.00s Sys=0.00s Real=0.00s
[575.039s][info][gc,start       ] GC(2167) Pause Young (Allocation Failure)
[575.042s][info][gc,heap        ] GC(2167) PSYoungGen: 210098K(210432K)->498K(202240K) Eden: 209408K(209408K)->0K(201728K) From: 690K(1024K)->498K(512K)
[575.042s][info][gc,heap        ] GC(2167) ParOldGen: 397945K(430080K)->398185K(430080K)
[575.042s][info][gc,metaspace   ] GC(2167) Metaspace: 6132K(6208K)->6132K(6208K) NonClass: 5649K(5696K)->5649K(5696K) Class: 483K(512K)->483K(512K)
[575.042s][info][gc             ] GC(2167) Pause Young (Allocation Failure) 593M->389M(617M) 3.159ms
[575.042s][info][gc,cpu         ] GC(2167) User=0.01s Sys=0.00s Real=0.01s
[575.524s][info][gc,start       ] GC(2168) Pause Young (Allocation Failure)
[575.526s][info][gc,heap        ] GC(2168) PSYoungGen: 202226K(202240K)->832K(195584K) Eden: 201728K(201728K)->0K(194560K) From: 498K(512K)->832K(1024K)
[575.526s][info][gc,heap        ] GC(2168) ParOldGen: 398185K(430080K)->398185K(430080K)
[575.526s][info][gc,metaspace   ] GC(2168) Metaspace: 6132K(6208K)->6132K(6208K) NonClass: 5649K(5696K)->5649K(5696K) Class: 483K(512K)->483K(512K)
[575.526s][info][gc             ] GC(2168) Pause Young (Allocation Failure) 586M->389M(611M) 2.016ms
[575.526s][info][gc,cpu         ] GC(2168) User=0.01s Sys=0.00s Real=0.00s
[575.993s][info][gc,start       ] GC(2169) Pause Young (Allocation Failure)
[575.994s][info][gc,heap        ] GC(2169) PSYoungGen: 195392K(195584K)->736K(188416K) Eden: 194560K(194560K)->0K(187392K) From: 832K(1024K)->736K(1024K)
[575.995s][info][gc,heap        ] GC(2169) ParOldGen: 398185K(430080K)->398209K(430080K)
[575.995s][info][gc,metaspace   ] GC(2169) Metaspace: 6132K(6208K)->6132K(6208K) NonClass: 5649K(5696K)->5649K(5696K) Class: 483K(512K)->483K(512K)
[575.995s][info][gc             ] GC(2169) Pause Young (Allocation Failure) 579M->389M(604M) 2.009ms
[575.995s][info][gc,cpu         ] GC(2169) User=0.01s Sys=0.00s Real=0.00s
[576.450s][info][gc,start       ] GC(2170) Pause Young (Allocation Failure)
[576.453s][info][gc,heap        ] GC(2170) PSYoungGen: 188128K(188416K)->722K(181760K) Eden: 187392K(187392K)->0K(180736K) From: 736K(1024K)->722K(1024K)
[576.453s][info][gc,heap        ] GC(2170) ParOldGen: 398209K(430080K)->398209K(430080K)
[576.453s][info][gc,metaspace   ] GC(2170) Metaspace: 6132K(6208K)->6132K(6208K) NonClass: 5649K(5696K)->5649K(5696K) Class: 483K(512K)->483K(512K)
[576.453s][info][gc             ] GC(2170) Pause Young (Allocation Failure) 572M->389M(597M) 3.043ms
[576.453s][info][gc,cpu         ] GC(2170) User=0.00s Sys=0.00s Real=0.01s
[576.917s][info][gc,start       ] GC(2171) Pause Young (Allocation Failure)
[576.918s][info][gc,heap        ] GC(2171) PSYoungGen: 181458K(181760K)->512K(175104K) Eden: 180736K(180736K)->0K(174592K) From: 722K(1024K)->512K(512K)
[576.918s][info][gc,heap        ] GC(2171) ParOldGen: 398209K(430080K)->398385K(430080K)
[576.918s][info][gc,metaspace   ] GC(2171) Metaspace: 6132K(6208K)->6132K(6208K) NonClass: 5649K(5696K)->5649K(5696K) Class: 483K(512K)->483K(512K)
[576.918s][info][gc             ] GC(2171) Pause Young (Allocation Failure) 566M->389M(591M) 1.517ms
[576.919s][info][gc,cpu         ] GC(2171) User=0.00s Sys=0.00s Real=0.00s
[577.368s][info][gc,start       ] GC(2172) Pause Young (Allocation Failure)
[577.370s][info][gc,heap        ] GC(2172) PSYoungGen: 175104K(175104K)->754K(169472K) Eden: 174592K(174592K)->0K(168448K) From: 512K(512K)->754K(1024K)
[577.370s][info][gc,heap        ] GC(2172) ParOldGen: 398385K(430080K)->398385K(430080K)
[577.370s][info][gc,metaspace   ] GC(2172) Metaspace: 6132K(6208K)->6132K(6208K) NonClass: 5649K(5696K)->5649K(5696K) Class: 483K(512K)->483K(512K)
[577.370s][info][gc             ] GC(2172) Pause Young (Allocation Failure) 560M->389M(585M) 1.727ms
[577.370s][info][gc,cpu         ] GC(2172) User=0.00s Sys=0.00s Real=0.00s
[577.773s][info][gc,start       ] GC(2173) Pause Young (Allocation Failure)
[577.775s][info][gc,heap        ] GC(2173) PSYoungGen: 169202K(169472K)->704K(163840K) Eden: 168448K(168448K)->0K(162816K) From: 754K(1024K)->704K(1024K)
[577.775s][info][gc,heap        ] GC(2173) ParOldGen: 398385K(430080K)->398425K(430080K)
[577.775s][info][gc,metaspace   ] GC(2173) Metaspace: 6132K(6208K)->6132K(6208K) NonClass: 5649K(5696K)->5649K(5696K) Class: 483K(512K)->483K(512K)
[577.775s][info][gc             ] GC(2173) Pause Young (Allocation Failure) 554M->389M(580M) 1.610ms
[577.775s][info][gc,cpu         ] GC(2173) User=0.00s Sys=0.00s Real=0.00s
[578.132s][info][gc,start       ] GC(2174) Pause Young (Allocation Failure)
[578.134s][info][gc,heap        ] GC(2174) PSYoungGen: 163520K(163840K)->672K(158208K) Eden: 162816K(162816K)->0K(157184K) From: 704K(1024K)->672K(1024K)
[578.134s][info][gc,heap        ] GC(2174) ParOldGen: 398425K(430080K)->398425K(430080K)
[578.134s][info][gc,metaspace   ] GC(2174) Metaspace: 6132K(6208K)->6132K(6208K) NonClass: 5649K(5696K)->5649K(5696K) Class: 483K(512K)->483K(512K)
[578.134s][info][gc             ] GC(2174) Pause Young (Allocation Failure) 548M->389M(574M) 1.768ms
[578.134s][info][gc,cpu         ] GC(2174) User=0.00s Sys=0.00s Real=0.00s
[578.474s][info][gc,start       ] GC(2175) Pause Young (Allocation Failure)
[578.476s][info][gc,heap        ] GC(2175) PSYoungGen: 157856K(158208K)->448K(152576K) Eden: 157184K(157184K)->0K(152064K) From: 672K(1024K)->448K(512K)
[578.476s][info][gc,heap        ] GC(2175) ParOldGen: 398425K(430080K)->398724K(430080K)
[578.476s][info][gc,metaspace   ] GC(2175) Metaspace: 6132K(6208K)->6132K(6208K) NonClass: 5649K(5696K)->5649K(5696K) Class: 483K(512K)->483K(512K)
[578.476s][info][gc             ] GC(2175) Pause Young (Allocation Failure) 543M->389M(569M) 1.895ms
[578.476s][info][gc,cpu         ] GC(2175) User=0.00s Sys=0.00s Real=0.00s
[578.803s][info][gc,start       ] GC(2176) Pause Young (Allocation Failure)
[578.805s][info][gc,heap        ] GC(2176) PSYoungGen: 152512K(152576K)->722K(147968K) Eden: 152064K(152064K)->0K(146944K) From: 448K(512K)->722K(1024K)
[578.805s][info][gc,heap        ] GC(2176) ParOldGen: 398724K(430080K)->398828K(430080K)
[578.805s][info][gc,metaspace   ] GC(2176) Metaspace: 6132K(6208K)->6132K(6208K) NonClass: 5649K(5696K)->5649K(5696K) Class: 483K(512K)->483K(512K)
[578.805s][info][gc             ] GC(2176) Pause Young (Allocation Failure) 538M->390M(564M) 1.976ms
[578.805s][info][gc,cpu         ] GC(2176) User=0.00s Sys=0.00s Real=0.00s
[579.113s][info][gc,start       ] GC(2177) Pause Young (Allocation Failure)
[579.115s][info][gc,heap        ] GC(2177) PSYoungGen: 147666K(147968K)->448K(142848K) Eden: 146944K(146944K)->0K(142336K) From: 722K(1024K)->448K(512K)
[579.115s][info][gc,heap        ] GC(2177) ParOldGen: 398828K(430080K)->399170K(430080K)
[579.115s][info][gc,metaspace   ] GC(2177) Metaspace: 6132K(6208K)->6132K(6208K) NonClass: 5649K(5696K)->5649K(5696K) Class: 483K(512K)->483K(512K)
[579.115s][info][gc             ] GC(2177) Pause Young (Allocation Failure) 533M->390M(559M) 2.191ms
[579.115s][info][gc,cpu         ] GC(2177) User=0.00s Sys=0.00s Real=0.00s
[579.422s][info][gc,start       ] GC(2178) Pause Young (Allocation Failure)
[579.427s][info][gc,heap        ] GC(2178) PSYoungGen: 142784K(142848K)->480K(138752K) Eden: 142336K(142336K)->0K(137728K) From: 448K(512K)->480K(1024K)
[579.427s][info][gc,heap        ] GC(2178) ParOldGen: 399170K(430080K)->399585K(430080K)
[579.427s][info][gc,metaspace   ] GC(2178) Metaspace: 6132K(6208K)->6132K(6208K) NonClass: 5649K(5696K)->5649K(5696K) Class: 483K(512K)->483K(512K)
[579.427s][info][gc             ] GC(2178) Pause Young (Allocation Failure) 529M->390M(555M) 4.720ms
[579.427s][info][gc,cpu         ] GC(2178) User=0.00s Sys=0.00s Real=0.00s
[579.711s][info][gc,start       ] GC(2179) Pause Young (Allocation Failure)
[579.713s][info][gc,heap        ] GC(2179) PSYoungGen: 138208K(138752K)->773K(134144K) Eden: 137728K(137728K)->0K(133120K) From: 480K(1024K)->773K(1024K)
[579.713s][info][gc,heap        ] GC(2179) ParOldGen: 399585K(430080K)->399705K(430080K)
[579.713s][info][gc,metaspace   ] GC(2179) Metaspace: 6132K(6208K)->6132K(6208K) NonClass: 5649K(5696K)->5649K(5696K) Class: 483K(512K)->483K(512K)
[579.713s][info][gc             ] GC(2179) Pause Young (Allocation Failure) 525M->391M(551M) 2.012ms
[579.713s][info][gc,cpu         ] GC(2179) User=0.01s Sys=0.00s Real=0.00s
[579.988s][info][gc,start       ] GC(2180) Pause Young (Allocation Failure)
[579.991s][info][gc,heap        ] GC(2180) PSYoungGen: 133893K(134144K)->658K(130048K) Eden: 133120K(133120K)->0K(129024K) From: 773K(1024K)->658K(1024K)
[579.991s][info][gc,heap        ] GC(2180) ParOldGen: 399705K(430080K)->399745K(430080K)
[579.991s][info][gc,metaspace   ] GC(2180) Metaspace: 6132K(6208K)->6132K(6208K) NonClass: 5649K(5696K)->5649K(5696K) Class: 483K(512K)->483K(512K)
[579.991s][info][gc             ] GC(2180) Pause Young (Allocation Failure) 521M->391M(547M) 3.093ms
[579.991s][info][gc,cpu         ] GC(2180) User=0.00s Sys=0.00s Real=0.01s
[580.253s][info][gc,start       ] GC(2181) Pause Young (Allocation Failure)
[580.256s][info][gc,heap        ] GC(2181) PSYoungGen: 129682K(130048K)->416K(125440K) Eden: 129024K(129024K)->0K(124928K) From: 658K(1024K)->416K(512K)
[580.256s][info][gc,heap        ] GC(2181) ParOldGen: 399745K(430080K)->400044K(430080K)
[580.256s][info][gc,metaspace   ] GC(2181) Metaspace: 6132K(6208K)->6132K(6208K) NonClass: 5649K(5696K)->5649K(5696K) Class: 483K(512K)->483K(512K)
[580.256s][info][gc             ] GC(2181) Pause Young (Allocation Failure) 517M->391M(542M) 2.893ms
[580.256s][info][gc,cpu         ] GC(2181) User=0.01s Sys=0.00s Real=0.00s
[580.504s][info][gc,start       ] GC(2182) Pause Young (Allocation Failure)
[580.507s][info][gc,heap        ] GC(2182) PSYoungGen: 125344K(125440K)->754K(122368K) Eden: 124928K(124928K)->0K(121344K) From: 416K(512K)->754K(1024K)
[580.507s][info][gc,heap        ] GC(2182) ParOldGen: 400044K(430080K)->400116K(430080K)
[580.507s][info][gc,metaspace   ] GC(2182) Metaspace: 6132K(6208K)->6132K(6208K) NonClass: 5649K(5696K)->5649K(5696K) Class: 483K(512K)->483K(512K)
[580.507s][info][gc             ] GC(2182) Pause Young (Allocation Failure) 513M->391M(539M) 3.107ms
[580.507s][info][gc,cpu         ] GC(2182) User=0.00s Sys=0.00s Real=0.00s
[580.742s][info][gc,start       ] GC(2183) Pause Young (Allocation Failure)
[580.745s][info][gc,heap        ] GC(2183) PSYoungGen: 122098K(122368K)->416K(146432K) Eden: 121344K(121344K)->0K(145920K) From: 754K(1024K)->416K(512K)
[580.745s][info][gc,heap        ] GC(2183) ParOldGen: 400116K(430080K)->400502K(430080K)
[580.745s][info][gc,metaspace   ] GC(2183) Metaspace: 6132K(6208K)->6132K(6208K) NonClass: 5649K(5696K)->5649K(5696K) Class: 483K(512K)->483K(512K)
[580.745s][info][gc             ] GC(2183) Pause Young (Allocation Failure) 509M->391M(563M) 3.349ms
[580.745s][info][gc,cpu         ] GC(2183) User=0.00s Sys=0.00s Real=0.00s
[581.044s][info][gc,start       ] GC(2184) Pause Young (Allocation Failure)
[581.047s][info][gc,heap        ] GC(2184) PSYoungGen: 146336K(146432K)->498K(142336K) Eden: 145920K(145920K)->0K(141312K) From: 416K(512K)->498K(1024K)
[581.047s][info][gc,heap        ] GC(2184) ParOldGen: 400502K(430080K)->400897K(430080K)
[581.047s][info][gc,metaspace   ] GC(2184) Metaspace: 6132K(6208K)->6132K(6208K) NonClass: 5649K(5696K)->5649K(5696K) Class: 483K(512K)->483K(512K)
[581.047s][info][gc             ] GC(2184) Pause Young (Allocation Failure) 534M->391M(559M) 2.262ms
[581.047s][info][gc,cpu         ] GC(2184) User=0.01s Sys=0.00s Real=0.00s
[581.351s][info][gc,start       ] GC(2185) Pause Young (Allocation Failure)
[581.353s][info][gc,heap        ] GC(2185) PSYoungGen: 141810K(142336K)->818K(137728K) Eden: 141312K(141312K)->0K(136704K) From: 498K(1024K)->818K(1024K)
[581.353s][info][gc,heap        ] GC(2185) ParOldGen: 400897K(430080K)->401017K(430080K)
[581.353s][info][gc,metaspace   ] GC(2185) Metaspace: 6132K(6208K)->6132K(6208K) NonClass: 5649K(5696K)->5649K(5696K) Class: 483K(512K)->483K(512K)
[581.353s][info][gc             ] GC(2185) Pause Young (Allocation Failure) 529M->392M(554M) 2.131ms
[581.353s][info][gc,cpu         ] GC(2185) User=0.00s Sys=0.00s Real=0.00s
[581.658s][info][gc,start       ] GC(2186) Pause Young (Allocation Failure)
[581.660s][info][gc,heap        ] GC(2186) PSYoungGen: 137522K(137728K)->736K(133120K) Eden: 136704K(136704K)->0K(132096K) From: 818K(1024K)->736K(1024K)
[581.660s][info][gc,heap        ] GC(2186) ParOldGen: 401017K(430080K)->401057K(430080K)
[581.660s][info][gc,metaspace   ] GC(2186) Metaspace: 6132K(6208K)->6132K(6208K) NonClass: 5649K(5696K)->5649K(5696K) Class: 483K(512K)->483K(512K)
[581.660s][info][gc             ] GC(2186) Pause Young (Allocation Failure) 525M->392M(550M) 1.760ms
[581.660s][info][gc,cpu         ] GC(2186) User=0.00s Sys=0.00s Real=0.00s
[581.940s][info][gc,start       ] GC(2187) Pause Young (Allocation Failure)
[581.941s][info][gc,heap        ] GC(2187) PSYoungGen: 132832K(133120K)->512K(128512K) Eden: 132096K(132096K)->0K(128000K) From: 736K(1024K)->512K(512K)
[581.941s][info][gc,heap        ] GC(2187) ParOldGen: 401057K(430080K)->401201K(430080K)
[581.941s][info][gc,metaspace   ] GC(2187) Metaspace: 6132K(6208K)->6132K(6208K) NonClass: 5649K(5696K)->5649K(5696K) Class: 483K(512K)->483K(512K)
[581.941s][info][gc             ] GC(2187) Pause Young (Allocation Failure) 521M->392M(545M) 1.487ms
[581.942s][info][gc,cpu         ] GC(2187) User=0.00s Sys=0.00s Real=0.01s
[582.212s][info][gc,start       ] GC(2188) Pause Young (Allocation Failure)
[582.217s][info][gc,heap        ] GC(2188) PSYoungGen: 128512K(128512K)->466K(124928K) Eden: 128000K(128000K)->0K(123904K) From: 512K(512K)->466K(1024K)
[582.217s][info][gc,heap        ] GC(2188) ParOldGen: 401201K(430080K)->401459K(430080K)
[582.217s][info][gc,metaspace   ] GC(2188) Metaspace: 6132K(6208K)->6132K(6208K) NonClass: 5649K(5696K)->5649K(5696K) Class: 483K(512K)->483K(512K)
[582.217s][info][gc             ] GC(2188) Pause Young (Allocation Failure) 517M->392M(542M) 4.962ms
[582.217s][info][gc,cpu         ] GC(2188) User=0.01s Sys=0.00s Real=0.00s
[582.469s][info][gc,start       ] GC(2189) Pause Young (Allocation Failure)
[582.472s][info][gc,heap        ] GC(2189) PSYoungGen: 124370K(124928K)->704K(150016K) Eden: 123904K(123904K)->0K(148992K) From: 466K(1024K)->704K(1024K)
[582.472s][info][gc,heap        ] GC(2189) ParOldGen: 401459K(430080K)->401571K(430080K)
[582.472s][info][gc,metaspace   ] GC(2189) Metaspace: 6132K(6208K)->6132K(6208K) NonClass: 5649K(5696K)->5649K(5696K) Class: 483K(512K)->483K(512K)
[582.472s][info][gc             ] GC(2189) Pause Young (Allocation Failure) 513M->392M(566M) 3.346ms
[582.472s][info][gc,cpu         ] GC(2189) User=0.00s Sys=0.00s Real=0.01s
[582.762s][info][gc,start       ] GC(2190) Pause Young (Allocation Failure)
[582.766s][info][gc,heap        ] GC(2190) PSYoungGen: 149696K(150016K)->480K(179712K) Eden: 148992K(148992K)->0K(179200K) From: 704K(1024K)->480K(512K)
[582.766s][info][gc,heap        ] GC(2190) ParOldGen: 401571K(430080K)->401910K(430080K)
[582.766s][info][gc,metaspace   ] GC(2190) Metaspace: 6132K(6208K)->6132K(6208K) NonClass: 5649K(5696K)->5649K(5696K) Class: 483K(512K)->483K(512K)
[582.766s][info][gc             ] GC(2190) Pause Young (Allocation Failure) 538M->392M(595M) 4.223ms
[582.766s][info][gc,cpu         ] GC(2190) User=0.00s Sys=0.00s Real=0.00s
[583.109s][info][gc,start       ] GC(2191) Pause Young (Allocation Failure)
[583.112s][info][gc,heap        ] GC(2191) PSYoungGen: 179680K(179712K)->690K(215552K) Eden: 179200K(179200K)->0K(214528K) From: 480K(512K)->690K(1024K)
[583.113s][info][gc,heap        ] GC(2191) ParOldGen: 401910K(430080K)->402006K(430080K)
[583.113s][info][gc,metaspace   ] GC(2191) Metaspace: 6132K(6208K)->6132K(6208K) NonClass: 5649K(5696K)->5649K(5696K) Class: 483K(512K)->483K(512K)
[583.113s][info][gc             ] GC(2191) Pause Young (Allocation Failure) 567M->393M(630M) 3.076ms
[583.113s][info][gc,cpu         ] GC(2191) User=0.01s Sys=0.00s Real=0.01s
[583.486s][info][gc,start       ] GC(2192) Pause Young (Allocation Failure)
[583.489s][info][gc,heap        ] GC(2192) PSYoungGen: 215218K(215552K)->786K(258048K) Eden: 214528K(214528K)->0K(257024K) From: 690K(1024K)->786K(1024K)
[583.489s][info][gc,heap        ] GC(2192) ParOldGen: 402006K(430080K)->402046K(430080K)
[583.489s][info][gc,metaspace   ] GC(2192) Metaspace: 6132K(6208K)->6132K(6208K) NonClass: 5649K(5696K)->5649K(5696K) Class: 483K(512K)->483K(512K)
[583.489s][info][gc             ] GC(2192) Pause Young (Allocation Failure) 602M->393M(672M) 3.435ms
[583.489s][info][gc,cpu         ] GC(2192) User=0.01s Sys=0.00s Real=0.00s
[583.936s][info][gc,start       ] GC(2193) Pause Young (Allocation Failure)
[583.937s][info][gc,heap        ] GC(2193) PSYoungGen: 257810K(258048K)->512K(247808K) Eden: 257024K(257024K)->0K(247296K) From: 786K(1024K)->512K(512K)
[583.937s][info][gc,heap        ] GC(2193) ParOldGen: 402046K(430080K)->402174K(430080K)
[583.937s][info][gc,metaspace   ] GC(2193) Metaspace: 6132K(6208K)->6132K(6208K) NonClass: 5649K(5696K)->5649K(5696K) Class: 483K(512K)->483K(512K)
[583.937s][info][gc             ] GC(2193) Pause Young (Allocation Failure) 644M->393M(662M) 1.399ms
[583.937s][info][gc,cpu         ] GC(2193) User=0.01s Sys=0.00s Real=0.00s
[584.448s][info][gc,start       ] GC(2194) Pause Young (Allocation Failure)
[584.450s][info][gc,heap        ] GC(2194) PSYoungGen: 247808K(247808K)->832K(238592K) Eden: 247296K(247296K)->0K(237568K) From: 512K(512K)->832K(1024K)
[584.450s][info][gc,heap        ] GC(2194) ParOldGen: 402174K(430080K)->402174K(430080K)
[584.450s][info][gc,metaspace   ] GC(2194) Metaspace: 6132K(6208K)->6132K(6208K) NonClass: 5649K(5696K)->5649K(5696K) Class: 483K(512K)->483K(512K)
[584.450s][info][gc             ] GC(2194) Pause Young (Allocation Failure) 634M->393M(653M) 1.907ms
[584.450s][info][gc,cpu         ] GC(2194) User=0.01s Sys=0.00s Real=0.00s
[584.965s][info][gc,start       ] GC(2195) Pause Young (Allocation Failure)
[584.966s][info][gc,heap        ] GC(2195) PSYoungGen: 238400K(238592K)->704K(229376K) Eden: 237568K(237568K)->0K(228352K) From: 832K(1024K)->704K(1024K)
[584.966s][info][gc,heap        ] GC(2195) ParOldGen: 402174K(430080K)->402206K(430080K)
[584.966s][info][gc,metaspace   ] GC(2195) Metaspace: 6132K(6208K)->6132K(6208K) NonClass: 5649K(5696K)->5649K(5696K) Class: 483K(512K)->483K(512K)
[584.966s][info][gc             ] GC(2195) Pause Young (Allocation Failure) 625M->393M(644M) 1.703ms
[584.966s][info][gc,cpu         ] GC(2195) User=0.01s Sys=0.00s Real=0.00s
[585.453s][info][gc,start       ] GC(2196) Pause Young (Allocation Failure)
[585.455s][info][gc,heap        ] GC(2196) PSYoungGen: 229056K(229376K)->768K(220672K) Eden: 228352K(228352K)->0K(219648K) From: 704K(1024K)->768K(1024K)
[585.455s][info][gc,heap        ] GC(2196) ParOldGen: 402206K(430080K)->402206K(430080K)
[585.455s][info][gc,metaspace   ] GC(2196) Metaspace: 6132K(6208K)->6132K(6208K) NonClass: 5649K(5696K)->5649K(5696K) Class: 483K(512K)->483K(512K)
[585.455s][info][gc             ] GC(2196) Pause Young (Allocation Failure) 616M->393M(635M) 1.916ms
[585.455s][info][gc,cpu         ] GC(2196) User=0.01s Sys=0.00s Real=0.00s
[585.992s][info][gc,start       ] GC(2197) Pause Young (Allocation Failure)
[585.994s][info][gc,heap        ] GC(2197) PSYoungGen: 220416K(220672K)->512K(211968K) Eden: 219648K(219648K)->0K(211456K) From: 768K(1024K)->512K(512K)
[585.994s][info][gc,heap        ] GC(2197) ParOldGen: 402206K(430080K)->402454K(430080K)
[585.994s][info][gc,metaspace   ] GC(2197) Metaspace: 6132K(6208K)->6132K(6208K) NonClass: 5649K(5696K)->5649K(5696K) Class: 483K(512K)->483K(512K)
[585.994s][info][gc             ] GC(2197) Pause Young (Allocation Failure) 608M->393M(627M) 2.066ms
[585.994s][info][gc,cpu         ] GC(2197) User=0.01s Sys=0.00s Real=0.00s
[586.532s][info][gc,start       ] GC(2198) Pause Young (Allocation Failure)
[586.535s][info][gc,heap        ] GC(2198) PSYoungGen: 211968K(211968K)->818K(204800K) Eden: 211456K(211456K)->0K(203776K) From: 512K(512K)->818K(1024K)
[586.535s][info][gc,heap        ] GC(2198) ParOldGen: 402454K(430080K)->402454K(430080K)
[586.535s][info][gc,metaspace   ] GC(2198) Metaspace: 6132K(6208K)->6132K(6208K) NonClass: 5649K(5696K)->5649K(5696K) Class: 483K(512K)->483K(512K)
[586.535s][info][gc             ] GC(2198) Pause Young (Allocation Failure) 600M->393M(620M) 3.348ms
[586.535s][info][gc,cpu         ] GC(2198) User=0.00s Sys=0.00s Real=0.00s
[587.021s][info][gc,start       ] GC(2199) Pause Young (Allocation Failure)
[587.022s][info][gc,heap        ] GC(2199) PSYoungGen: 204594K(204800K)->736K(197120K) Eden: 203776K(203776K)->0K(196096K) From: 818K(1024K)->736K(1024K)
[587.022s][info][gc,heap        ] GC(2199) ParOldGen: 402454K(430080K)->402478K(430080K)
[587.022s][info][gc,metaspace   ] GC(2199) Metaspace: 6132K(6208K)->6132K(6208K) NonClass: 5649K(5696K)->5649K(5696K) Class: 483K(512K)->483K(512K)
[587.022s][info][gc             ] GC(2199) Pause Young (Allocation Failure) 592M->393M(612M) 1.655ms
[587.022s][info][gc,cpu         ] GC(2199) User=0.00s Sys=0.00s Real=0.00s
[587.515s][info][gc,start       ] GC(2200) Pause Young (Allocation Failure)
[587.517s][info][gc,heap        ] GC(2200) PSYoungGen: 196832K(197120K)->704K(189952K) Eden: 196096K(196096K)->0K(188928K) From: 736K(1024K)->704K(1024K)
[587.517s][info][gc,heap        ] GC(2200) ParOldGen: 402478K(430080K)->402478K(430080K)
[587.517s][info][gc,metaspace   ] GC(2200) Metaspace: 6132K(6208K)->6132K(6208K) NonClass: 5649K(5696K)->5649K(5696K) Class: 483K(512K)->483K(512K)
[587.517s][info][gc             ] GC(2200) Pause Young (Allocation Failure) 585M->393M(605M) 1.773ms
[587.517s][info][gc,cpu         ] GC(2200) User=0.01s Sys=0.00s Real=0.00s
[587.988s][info][gc,start       ] GC(2201) Pause Young (Allocation Failure)
[587.990s][info][gc,heap        ] GC(2201) PSYoungGen: 189632K(189952K)->512K(182784K) Eden: 188928K(188928K)->0K(182272K) From: 704K(1024K)->512K(512K)
[587.990s][info][gc,heap        ] GC(2201) ParOldGen: 402478K(430080K)->402702K(430080K)
[587.990s][info][gc,metaspace   ] GC(2201) Metaspace: 6132K(6208K)->6132K(6208K) NonClass: 5649K(5696K)->5649K(5696K) Class: 483K(512K)->483K(512K)
[587.990s][info][gc             ] GC(2201) Pause Young (Allocation Failure) 578M->393M(598M) 1.743ms
[587.990s][info][gc,cpu         ] GC(2201) User=0.01s Sys=0.00s Real=0.00s
[588.461s][info][gc,start       ] GC(2202) Pause Young (Allocation Failure)
[588.463s][info][gc,heap        ] GC(2202) PSYoungGen: 182784K(182784K)->768K(176640K) Eden: 182272K(182272K)->0K(175616K) From: 512K(512K)->768K(1024K)
[588.463s][info][gc,heap        ] GC(2202) ParOldGen: 402702K(430080K)->402702K(430080K)
[588.463s][info][gc,metaspace   ] GC(2202) Metaspace: 6132K(6208K)->6132K(6208K) NonClass: 5649K(5696K)->5649K(5696K) Class: 483K(512K)->483K(512K)
[588.463s][info][gc             ] GC(2202) Pause Young (Allocation Failure) 571M->394M(592M) 1.713ms
[588.463s][info][gc,cpu         ] GC(2202) User=0.01s Sys=0.00s Real=0.00s
[588.905s][info][gc,start       ] GC(2203) Pause Young (Allocation Failure)
[588.906s][info][gc,heap        ] GC(2203) PSYoungGen: 176384K(176640K)->736K(170496K) Eden: 175616K(175616K)->0K(169472K) From: 768K(1024K)->736K(1024K)
[588.907s][info][gc,heap        ] GC(2203) ParOldGen: 402702K(430080K)->402726K(430080K)
[588.907s][info][gc,metaspace   ] GC(2203) Metaspace: 6132K(6208K)->6132K(6208K) NonClass: 5649K(5696K)->5649K(5696K) Class: 483K(512K)->483K(512K)
[588.907s][info][gc             ] GC(2203) Pause Young (Allocation Failure) 565M->394M(586M) 1.841ms
[588.907s][info][gc,cpu         ] GC(2203) User=0.01s Sys=0.00s Real=0.00s
[589.289s][info][gc,start       ] GC(2204) Pause Young (Allocation Failure)
[589.292s][info][gc,heap        ] GC(2204) PSYoungGen: 170208K(170496K)->690K(164864K) Eden: 169472K(169472K)->0K(163840K) From: 736K(1024K)->690K(1024K)
[589.292s][info][gc,heap        ] GC(2204) ParOldGen: 402726K(430080K)->402726K(430080K)
[589.292s][info][gc,metaspace   ] GC(2204) Metaspace: 6132K(6208K)->6132K(6208K) NonClass: 5649K(5696K)->5649K(5696K) Class: 483K(512K)->483K(512K)
[589.292s][info][gc             ] GC(2204) Pause Young (Allocation Failure) 559M->393M(581M) 3.240ms
[589.292s][info][gc,cpu         ] GC(2204) User=0.00s Sys=0.00s Real=0.01s
[589.656s][info][gc,start       ] GC(2205) Pause Young (Allocation Failure)
[589.659s][info][gc,heap        ] GC(2205) PSYoungGen: 164530K(164864K)->498K(158720K) Eden: 163840K(163840K)->0K(158208K) From: 690K(1024K)->498K(512K)
[589.659s][info][gc,heap        ] GC(2205) ParOldGen: 402726K(430080K)->402926K(430080K)
[589.659s][info][gc,metaspace   ] GC(2205) Metaspace: 6132K(6208K)->6132K(6208K) NonClass: 5649K(5696K)->5649K(5696K) Class: 483K(512K)->483K(512K)
[589.659s][info][gc             ] GC(2205) Pause Young (Allocation Failure) 553M->393M(575M) 2.655ms
[589.659s][info][gc,cpu         ] GC(2205) User=0.01s Sys=0.00s Real=0.00s
[590.041s][info][gc,start       ] GC(2206) Pause Young (Allocation Failure)
[590.044s][info][gc,heap        ] GC(2206) PSYoungGen: 158706K(158720K)->608K(154112K) Eden: 158208K(158208K)->0K(153088K) From: 498K(512K)->608K(1024K)
[590.044s][info][gc,heap        ] GC(2206) ParOldGen: 402926K(430080K)->402926K(430080K)
[590.044s][info][gc,metaspace   ] GC(2206) Metaspace: 6132K(6208K)->6132K(6208K) NonClass: 5649K(5696K)->5649K(5696K) Class: 483K(512K)->483K(512K)
[590.044s][info][gc             ] GC(2206) Pause Young (Allocation Failure) 548M->394M(570M) 2.489ms
[590.044s][info][gc,cpu         ] GC(2206) User=0.00s Sys=0.00s Real=0.00s
[590.435s][info][gc,start       ] GC(2207) Pause Young (Allocation Failure)
[590.437s][info][gc,heap        ] GC(2207) PSYoungGen: 153696K(154112K)->736K(148992K) Eden: 153088K(153088K)->0K(147968K) From: 608K(1024K)->736K(1024K)
[590.437s][info][gc,heap        ] GC(2207) ParOldGen: 402926K(430080K)->402942K(430080K)
[590.437s][info][gc,metaspace   ] GC(2207) Metaspace: 6132K(6208K)->6132K(6208K) NonClass: 5649K(5696K)->5649K(5696K) Class: 483K(512K)->483K(512K)
[590.437s][info][gc             ] GC(2207) Pause Young (Allocation Failure) 543M->394M(565M) 1.545ms
[590.437s][info][gc,cpu         ] GC(2207) User=0.00s Sys=0.00s Real=0.00s
[590.766s][info][gc,start       ] GC(2208) Pause Young (Allocation Failure)
[590.769s][info][gc,heap        ] GC(2208) PSYoungGen: 148704K(148992K)->786K(144384K) Eden: 147968K(147968K)->0K(143360K) From: 736K(1024K)->786K(1024K)
[590.769s][info][gc,heap        ] GC(2208) ParOldGen: 402942K(430080K)->402942K(430080K)
[590.769s][info][gc,metaspace   ] GC(2208) Metaspace: 6132K(6208K)->6132K(6208K) NonClass: 5649K(5696K)->5649K(5696K) Class: 483K(512K)->483K(512K)
[590.769s][info][gc             ] GC(2208) Pause Young (Allocation Failure) 538M->394M(561M) 3.339ms
[590.769s][info][gc,cpu         ] GC(2208) User=0.01s Sys=0.00s Real=0.00s
[591.100s][info][gc,start       ] GC(2209) Pause Young (Allocation Failure)
[591.102s][info][gc,heap        ] GC(2209) PSYoungGen: 144146K(144384K)->512K(139264K) Eden: 143360K(143360K)->0K(138752K) From: 786K(1024K)->512K(512K)
[591.102s][info][gc,heap        ] GC(2209) ParOldGen: 402942K(430080K)->403070K(430080K)
[591.102s][info][gc,metaspace   ] GC(2209) Metaspace: 6132K(6208K)->6132K(6208K) NonClass: 5649K(5696K)->5649K(5696K) Class: 483K(512K)->483K(512K)
[591.102s][info][gc             ] GC(2209) Pause Young (Allocation Failure) 534M->394M(556M) 1.337ms
[591.102s][info][gc,cpu         ] GC(2209) User=0.01s Sys=0.00s Real=0.01s
[591.471s][info][gc,start       ] GC(2210) Pause Young (Allocation Failure)
[591.473s][info][gc,heap        ] GC(2210) PSYoungGen: 139264K(139264K)->658K(135168K) Eden: 138752K(138752K)->0K(134144K) From: 512K(512K)->658K(1024K)
[591.473s][info][gc,heap        ] GC(2210) ParOldGen: 403070K(430080K)->403070K(430080K)
[591.473s][info][gc,metaspace   ] GC(2210) Metaspace: 6132K(6208K)->6132K(6208K) NonClass: 5649K(5696K)->5649K(5696K) Class: 483K(512K)->483K(512K)
[591.473s][info][gc             ] GC(2210) Pause Young (Allocation Failure) 529M->394M(552M) 1.547ms
[591.473s][info][gc,cpu         ] GC(2210) User=0.00s Sys=0.00s Real=0.00s
[591.831s][info][gc,start       ] GC(2211) Pause Young (Allocation Failure)
[591.833s][info][gc,heap        ] GC(2211) PSYoungGen: 134802K(135168K)->416K(130560K) Eden: 134144K(134144K)->0K(130048K) From: 658K(1024K)->416K(512K)
[591.833s][info][gc,heap        ] GC(2211) ParOldGen: 403070K(430080K)->403397K(430080K)
[591.833s][info][gc,metaspace   ] GC(2211) Metaspace: 6132K(6208K)->6132K(6208K) NonClass: 5649K(5696K)->5649K(5696K) Class: 483K(512K)->483K(512K)
[591.833s][info][gc             ] GC(2211) Pause Young (Allocation Failure) 525M->394M(547M) 1.933ms
[591.833s][info][gc,cpu         ] GC(2211) User=0.01s Sys=0.00s Real=0.00s
[592.190s][info][gc,start       ] GC(2212) Pause Young (Allocation Failure)
[592.193s][info][gc,heap        ] GC(2212) PSYoungGen: 130464K(130560K)->709K(126976K) Eden: 130048K(130048K)->0K(125952K) From: 416K(512K)->709K(1024K)
[592.193s][info][gc,heap        ] GC(2212) ParOldGen: 403397K(430080K)->403501K(430080K)
[592.193s][info][gc,metaspace   ] GC(2212) Metaspace: 6132K(6208K)->6132K(6208K) NonClass: 5649K(5696K)->5649K(5696K) Class: 483K(512K)->483K(512K)
[592.193s][info][gc             ] GC(2212) Pause Young (Allocation Failure) 521M->394M(544M) 2.639ms
[592.193s][info][gc,cpu         ] GC(2212) User=0.00s Sys=0.00s Real=0.01s
[592.537s][info][gc,start       ] GC(2213) Pause Young (Allocation Failure)
[592.539s][info][gc,heap        ] GC(2213) PSYoungGen: 126661K(126976K)->448K(122368K) Eden: 125952K(125952K)->0K(121856K) From: 709K(1024K)->448K(512K)
[592.539s][info][gc,heap        ] GC(2213) ParOldGen: 403501K(430080K)->403823K(430080K)
[592.539s][info][gc,metaspace   ] GC(2213) Metaspace: 6132K(6208K)->6132K(6208K) NonClass: 5649K(5696K)->5649K(5696K) Class: 483K(512K)->483K(512K)
[592.539s][info][gc             ] GC(2213) Pause Young (Allocation Failure) 517M->394M(539M) 2.029ms
[592.539s][info][gc,cpu         ] GC(2213) User=0.01s Sys=0.00s Real=0.00s
[592.878s][info][gc,start       ] GC(2214) Pause Young (Allocation Failure)
[592.880s][info][gc,heap        ] GC(2214) PSYoungGen: 122304K(122368K)->754K(119296K) Eden: 121856K(121856K)->0K(118272K) From: 448K(512K)->754K(1024K)
[592.880s][info][gc,heap        ] GC(2214) ParOldGen: 403823K(430080K)->403895K(430080K)
[592.880s][info][gc,metaspace   ] GC(2214) Metaspace: 6132K(6208K)->6132K(6208K) NonClass: 5649K(5696K)->5649K(5696K) Class: 483K(512K)->483K(512K)
[592.880s][info][gc             ] GC(2214) Pause Young (Allocation Failure) 513M->395M(536M) 1.913ms
[592.880s][info][gc,cpu         ] GC(2214) User=0.00s Sys=0.00s Real=0.00s
[593.208s][info][gc,start       ] GC(2215) Pause Young (Allocation Failure)
[593.213s][info][gc,heap        ] GC(2215) PSYoungGen: 119026K(119296K)->448K(115200K) Eden: 118272K(118272K)->0K(114688K) From: 754K(1024K)->448K(512K)
[593.213s][info][gc,heap        ] GC(2215) ParOldGen: 403895K(430080K)->404274K(430080K)
[593.213s][info][gc,metaspace   ] GC(2215) Metaspace: 6132K(6208K)->6132K(6208K) NonClass: 5649K(5696K)->5649K(5696K) Class: 483K(512K)->483K(512K)
[593.213s][info][gc             ] GC(2215) Pause Young (Allocation Failure) 510M->395M(532M) 4.900ms
[593.213s][info][gc,cpu         ] GC(2215) User=0.00s Sys=0.00s Real=0.01s
[593.536s][info][gc,start       ] GC(2216) Pause Young (Allocation Failure)
[593.538s][info][gc,heap        ] GC(2216) PSYoungGen: 115136K(115200K)->818K(112128K) Eden: 114688K(114688K)->0K(111104K) From: 448K(512K)->818K(1024K)
[593.538s][info][gc,heap        ] GC(2216) ParOldGen: 404274K(430080K)->404362K(430080K)
[593.538s][info][gc,metaspace   ] GC(2216) Metaspace: 6132K(6208K)->6132K(6208K) NonClass: 5649K(5696K)->5649K(5696K) Class: 483K(512K)->483K(512K)
[593.538s][info][gc             ] GC(2216) Pause Young (Allocation Failure) 507M->395M(529M) 1.889ms
[593.538s][info][gc,cpu         ] GC(2216) User=0.00s Sys=0.01s Real=0.00s
[593.841s][info][gc,start       ] GC(2217) Pause Young (Allocation Failure)
[593.844s][info][gc,heap        ] GC(2217) PSYoungGen: 111922K(112128K)->690K(109056K) Eden: 111104K(111104K)->0K(108032K) From: 818K(1024K)->690K(1024K)
[593.844s][info][gc,heap        ] GC(2217) ParOldGen: 404362K(430080K)->404410K(430080K)
[593.844s][info][gc,metaspace   ] GC(2217) Metaspace: 6132K(6208K)->6132K(6208K) NonClass: 5649K(5696K)->5649K(5696K) Class: 483K(512K)->483K(512K)
[593.844s][info][gc             ] GC(2217) Pause Young (Allocation Failure) 504M->395M(526M) 3.110ms
[593.844s][info][gc,cpu         ] GC(2217) User=0.00s Sys=0.00s Real=0.00s
[594.138s][info][gc,start       ] GC(2218) Pause Young (Allocation Failure)
[594.140s][info][gc,heap        ] GC(2218) PSYoungGen: 108722K(109056K)->416K(105472K) Eden: 108032K(108032K)->0K(104960K) From: 690K(1024K)->416K(512K)
[594.140s][info][gc,heap        ] GC(2218) ParOldGen: 404410K(430080K)->404732K(430080K)
[594.140s][info][gc,metaspace   ] GC(2218) Metaspace: 6132K(6208K)->6132K(6208K) NonClass: 5649K(5696K)->5649K(5696K) Class: 483K(512K)->483K(512K)
[594.140s][info][gc             ] GC(2218) Pause Young (Allocation Failure) 501M->395M(523M) 1.880ms
[594.140s][info][gc,cpu         ] GC(2218) User=0.01s Sys=0.00s Real=0.00s
[594.413s][info][gc,start       ] GC(2219) Pause Young (Allocation Failure)
[594.416s][info][gc,heap        ] GC(2219) PSYoungGen: 105376K(105472K)->613K(102912K) Eden: 104960K(104960K)->0K(101888K) From: 416K(512K)->613K(1024K)
[594.416s][info][gc,heap        ] GC(2219) ParOldGen: 404732K(430080K)->404804K(430080K)
[594.416s][info][gc,metaspace   ] GC(2219) Metaspace: 6132K(6208K)->6132K(6208K) NonClass: 5649K(5696K)->5649K(5696K) Class: 483K(512K)->483K(512K)
[594.416s][info][gc             ] GC(2219) Pause Young (Allocation Failure) 498M->395M(520M) 2.746ms
[594.416s][info][gc,cpu         ] GC(2219) User=0.00s Sys=0.00s Real=0.00s
[594.682s][info][gc,start       ] GC(2220) Pause Young (Allocation Failure)
[594.684s][info][gc,heap        ] GC(2220) PSYoungGen: 102501K(102912K)->672K(99840K) Eden: 101888K(101888K)->0K(98816K) From: 613K(1024K)->672K(1024K)
[594.684s][info][gc,heap        ] GC(2220) ParOldGen: 404804K(430080K)->404860K(430080K)
[594.684s][info][gc,metaspace   ] GC(2220) Metaspace: 6132K(6208K)->6132K(6208K) NonClass: 5649K(5696K)->5649K(5696K) Class: 483K(512K)->483K(512K)
[594.684s][info][gc             ] GC(2220) Pause Young (Allocation Failure) 495M->396M(517M) 1.593ms
[594.684s][info][gc,cpu         ] GC(2220) User=0.01s Sys=0.00s Real=0.00s
[594.921s][info][gc,start       ] GC(2221) Pause Young (Allocation Failure)
[594.922s][info][gc,heap        ] GC(2221) PSYoungGen: 99488K(99840K)->498K(96768K) Eden: 98816K(98816K)->0K(96256K) From: 672K(1024K)->498K(512K)
[594.923s][info][gc,heap        ] GC(2221) ParOldGen: 404860K(430080K)->405076K(430080K)
[594.923s][info][gc,metaspace   ] GC(2221) Metaspace: 6132K(6208K)->6132K(6208K) NonClass: 5649K(5696K)->5649K(5696K) Class: 483K(512K)->483K(512K)
[594.923s][info][gc             ] GC(2221) Pause Young (Allocation Failure) 492M->396M(514M) 2.018ms
[594.923s][info][gc,cpu         ] GC(2221) User=0.01s Sys=0.00s Real=0.00s
[595.138s][info][gc,start       ] GC(2222) Pause Young (Allocation Failure)
[595.140s][info][gc,heap        ] GC(2222) PSYoungGen: 96754K(96768K)->658K(94720K) Eden: 96256K(96256K)->0K(93696K) From: 498K(512K)->658K(1024K)
[595.140s][info][gc,heap        ] GC(2222) ParOldGen: 405076K(430080K)->405076K(430080K)
[595.140s][info][gc,metaspace   ] GC(2222) Metaspace: 6132K(6208K)->6132K(6208K) NonClass: 5649K(5696K)->5649K(5696K) Class: 483K(512K)->483K(512K)
[595.140s][info][gc             ] GC(2222) Pause Young (Allocation Failure) 490M->396M(512M) 2.386ms
[595.140s][info][gc,cpu         ] GC(2222) User=0.00s Sys=0.00s Real=0.00s
[595.266s][info][gc,start       ] GC(2223) Pause Young (Allocation Failure)
[595.268s][info][gc,heap        ] GC(2223) PSYoungGen: 94354K(94720K)->352K(113152K) Eden: 93696K(93696K)->0K(112640K) From: 658K(1024K)->352K(512K)
[595.268s][info][gc,heap        ] GC(2223) ParOldGen: 405076K(430080K)->405132K(430080K)
[595.268s][info][gc,metaspace   ] GC(2223) Metaspace: 6132K(6208K)->6132K(6208K) NonClass: 5649K(5696K)->5649K(5696K) Class: 483K(512K)->483K(512K)
[595.268s][info][gc             ] GC(2223) Pause Young (Allocation Failure) 487M->395M(530M) 2.400ms
[595.268s][info][gc,cpu         ] GC(2223) User=0.01s Sys=0.00s Real=0.00s
[595.471s][info][gc,start       ] GC(2224) Pause Young (Allocation Failure)
[595.475s][info][gc,heap        ] GC(2224) PSYoungGen: 112992K(113152K)->658K(136192K) Eden: 112640K(112640K)->0K(135168K) From: 352K(512K)->658K(1024K)
[595.475s][info][gc,heap        ] GC(2224) ParOldGen: 405132K(430080K)->405132K(430080K)
[595.475s][info][gc,metaspace   ] GC(2224) Metaspace: 6132K(6208K)->6132K(6208K) NonClass: 5649K(5696K)->5649K(5696K) Class: 483K(512K)->483K(512K)
[595.475s][info][gc             ] GC(2224) Pause Young (Allocation Failure) 505M->396M(553M) 4.025ms
[595.475s][info][gc,cpu         ] GC(2224) User=0.00s Sys=0.00s Real=0.00s
[595.737s][info][gc,start       ] GC(2225) Pause Young (Allocation Failure)
[595.740s][info][gc,heap        ] GC(2225) PSYoungGen: 135826K(136192K)->658K(163328K) Eden: 135168K(135168K)->0K(162304K) From: 658K(1024K)->658K(1024K)
[595.740s][info][gc,heap        ] GC(2225) ParOldGen: 405132K(430080K)->405132K(430080K)
[595.740s][info][gc,metaspace   ] GC(2225) Metaspace: 6132K(6208K)->6132K(6208K) NonClass: 5649K(5696K)->5649K(5696K) Class: 483K(512K)->483K(512K)
[595.740s][info][gc             ] GC(2225) Pause Young (Allocation Failure) 528M->396M(579M) 2.986ms
[595.740s][info][gc,cpu         ] GC(2225) User=0.00s Sys=0.00s Real=0.00s
[596.069s][info][gc,start       ] GC(2226) Pause Young (Allocation Failure)
[596.072s][info][gc,heap        ] GC(2226) PSYoungGen: 162962K(163328K)->658K(195584K) Eden: 162304K(162304K)->0K(194560K) From: 658K(1024K)->658K(1024K)
[596.072s][info][gc,heap        ] GC(2226) ParOldGen: 405132K(430080K)->405132K(430080K)
[596.072s][info][gc,metaspace   ] GC(2226) Metaspace: 6132K(6208K)->6132K(6208K) NonClass: 5649K(5696K)->5649K(5696K) Class: 483K(512K)->483K(512K)
[596.072s][info][gc             ] GC(2226) Pause Young (Allocation Failure) 554M->396M(611M) 2.722ms
[596.072s][info][gc,cpu         ] GC(2226) User=0.01s Sys=0.00s Real=0.01s
[596.462s][info][gc,start       ] GC(2227) Pause Young (Allocation Failure)
[596.464s][info][gc,heap        ] GC(2227) PSYoungGen: 195218K(195584K)->512K(187904K) Eden: 194560K(194560K)->0K(187392K) From: 658K(1024K)->512K(512K)
[596.465s][info][gc,heap        ] GC(2227) ParOldGen: 405132K(430080K)->405396K(430080K)
[596.465s][info][gc,metaspace   ] GC(2227) Metaspace: 6132K(6208K)->6132K(6208K) NonClass: 5649K(5696K)->5649K(5696K) Class: 483K(512K)->483K(512K)
[596.465s][info][gc             ] GC(2227) Pause Young (Allocation Failure) 586M->396M(603M) 2.236ms
[596.465s][info][gc,cpu         ] GC(2227) User=0.00s Sys=0.00s Real=0.00s
[596.839s][info][gc,start       ] GC(2228) Pause Young (Allocation Failure)
[596.841s][info][gc,heap        ] GC(2228) PSYoungGen: 187904K(187904K)->768K(181760K) Eden: 187392K(187392K)->0K(180736K) From: 512K(512K)->768K(1024K)
[596.841s][info][gc,heap        ] GC(2228) ParOldGen: 405396K(430080K)->405396K(430080K)
[596.841s][info][gc,metaspace   ] GC(2228) Metaspace: 6132K(6208K)->6132K(6208K) NonClass: 5649K(5696K)->5649K(5696K) Class: 483K(512K)->483K(512K)
[596.841s][info][gc             ] GC(2228) Pause Young (Allocation Failure) 579M->396M(597M) 1.898ms
[596.841s][info][gc,cpu         ] GC(2228) User=0.00s Sys=0.00s Real=0.01s
[597.214s][info][gc,start       ] GC(2229) Pause Young (Allocation Failure)
[597.216s][info][gc,heap        ] GC(2229) PSYoungGen: 181504K(181760K)->736K(175616K) Eden: 180736K(180736K)->0K(174592K) From: 768K(1024K)->736K(1024K)
[597.216s][info][gc,heap        ] GC(2229) ParOldGen: 405396K(430080K)->405412K(430080K)
[597.216s][info][gc,metaspace   ] GC(2229) Metaspace: 6132K(6208K)->6132K(6208K) NonClass: 5649K(5696K)->5649K(5696K) Class: 483K(512K)->483K(512K)
[597.216s][info][gc             ] GC(2229) Pause Young (Allocation Failure) 573M->396M(591M) 1.986ms
[597.216s][info][gc,cpu         ] GC(2229) User=0.00s Sys=0.00s Real=0.00s
[597.556s][info][gc,start       ] GC(2230) Pause Young (Allocation Failure)
[597.558s][info][gc,heap        ] GC(2230) PSYoungGen: 175328K(175616K)->608K(169472K) Eden: 174592K(174592K)->0K(168448K) From: 736K(1024K)->608K(1024K)
[597.558s][info][gc,heap        ] GC(2230) ParOldGen: 405412K(430080K)->405412K(430080K)
[597.558s][info][gc,metaspace   ] GC(2230) Metaspace: 6132K(6208K)->6132K(6208K) NonClass: 5649K(5696K)->5649K(5696K) Class: 483K(512K)->483K(512K)
[597.558s][info][gc             ] GC(2230) Pause Young (Allocation Failure) 567M->396M(585M) 1.385ms
[597.558s][info][gc,cpu         ] GC(2230) User=0.00s Sys=0.00s Real=0.00s
[597.886s][info][gc,start       ] GC(2231) Pause Young (Allocation Failure)
[597.888s][info][gc,heap        ] GC(2231) PSYoungGen: 169056K(169472K)->448K(163328K) Eden: 168448K(168448K)->0K(162816K) From: 608K(1024K)->448K(512K)
[597.888s][info][gc,heap        ] GC(2231) ParOldGen: 405412K(430080K)->405703K(430080K)
[597.888s][info][gc,metaspace   ] GC(2231) Metaspace: 6132K(6208K)->6132K(6208K) NonClass: 5649K(5696K)->5649K(5696K) Class: 483K(512K)->483K(512K)
[597.888s][info][gc             ] GC(2231) Pause Young (Allocation Failure) 561M->396M(579M) 1.887ms
[597.888s][info][gc,cpu         ] GC(2231) User=0.01s Sys=0.00s Real=0.00s
[598.210s][info][gc,start       ] GC(2232) Pause Young (Allocation Failure)
[598.215s][info][gc,heap        ] GC(2232) PSYoungGen: 163264K(163328K)->800K(158208K) Eden: 162816K(162816K)->0K(157184K) From: 448K(512K)->800K(1024K)
[598.215s][info][gc,heap        ] GC(2232) ParOldGen: 405703K(430080K)->405807K(430080K)
[598.215s][info][gc,metaspace   ] GC(2232) Metaspace: 6132K(6208K)->6132K(6208K) NonClass: 5649K(5696K)->5649K(5696K) Class: 483K(512K)->483K(512K)
[598.215s][info][gc             ] GC(2232) Pause Young (Allocation Failure) 555M->397M(574M) 4.585ms
[598.215s][info][gc,cpu         ] GC(2232) User=0.01s Sys=0.00s Real=0.01s
[598.516s][info][gc,start       ] GC(2233) Pause Young (Allocation Failure)
[598.517s][info][gc,heap        ] GC(2233) PSYoungGen: 157984K(158208K)->704K(153088K) Eden: 157184K(157184K)->0K(152064K) From: 800K(1024K)->704K(1024K)
[598.517s][info][gc,heap        ] GC(2233) ParOldGen: 405807K(430080K)->405847K(430080K)
[598.517s][info][gc,metaspace   ] GC(2233) Metaspace: 6132K(6208K)->6132K(6208K) NonClass: 5649K(5696K)->5649K(5696K) Class: 483K(512K)->483K(512K)
[598.517s][info][gc             ] GC(2233) Pause Young (Allocation Failure) 550M->397M(569M) 1.698ms
[598.517s][info][gc,cpu         ] GC(2233) User=0.01s Sys=0.00s Real=0.00s
[598.773s][info][gc,start       ] GC(2234) Pause Young (Allocation Failure)
[598.776s][info][gc,heap        ] GC(2234) PSYoungGen: 152768K(153088K)->690K(147968K) Eden: 152064K(152064K)->0K(146944K) From: 704K(1024K)->690K(1024K)
[598.776s][info][gc,heap        ] GC(2234) ParOldGen: 405847K(430080K)->405847K(430080K)
[598.776s][info][gc,metaspace   ] GC(2234) Metaspace: 6132K(6208K)->6132K(6208K) NonClass: 5649K(5696K)->5649K(5696K) Class: 483K(512K)->483K(512K)
[598.776s][info][gc             ] GC(2234) Pause Young (Allocation Failure) 545M->397M(564M) 2.582ms
[598.776s][info][gc,cpu         ] GC(2234) User=0.01s Sys=0.00s Real=0.00s
[599.003s][info][gc,start       ] GC(2235) Pause Young (Allocation Failure)
[599.005s][info][gc,heap        ] GC(2235) PSYoungGen: 147634K(147968K)->498K(142848K) Eden: 146944K(146944K)->0K(142336K) From: 690K(1024K)->498K(512K)
[599.005s][info][gc,heap        ] GC(2235) ParOldGen: 405847K(430080K)->405991K(430080K)
[599.005s][info][gc,metaspace   ] GC(2235) Metaspace: 6132K(6208K)->6132K(6208K) NonClass: 5649K(5696K)->5649K(5696K) Class: 483K(512K)->483K(512K)
[599.005s][info][gc             ] GC(2235) Pause Young (Allocation Failure) 540M->396M(559M) 2.401ms
[599.005s][info][gc,cpu         ] GC(2235) User=0.01s Sys=0.00s Real=0.00s
[599.304s][info][gc,start       ] GC(2236) Pause Young (Allocation Failure)
[599.307s][info][gc,heap        ] GC(2236) PSYoungGen: 142834K(142848K)->722K(138752K) Eden: 142336K(142336K)->0K(137728K) From: 498K(512K)->722K(1024K)
[599.307s][info][gc,heap        ] GC(2236) ParOldGen: 405991K(430080K)->405991K(430080K)
[599.307s][info][gc,metaspace   ] GC(2236) Metaspace: 6132K(6208K)->6132K(6208K) NonClass: 5649K(5696K)->5649K(5696K) Class: 483K(512K)->483K(512K)
[599.307s][info][gc             ] GC(2236) Pause Young (Allocation Failure) 535M->397M(555M) 3.053ms
[599.307s][info][gc,cpu         ] GC(2236) User=0.00s Sys=0.00s Real=0.00s
[599.552s][info][gc,start       ] GC(2237) Pause Young (Allocation Failure)
[599.554s][info][gc,heap        ] GC(2237) PSYoungGen: 138450K(138752K)->672K(134144K) Eden: 137728K(137728K)->0K(133120K) From: 722K(1024K)->672K(1024K)
[599.554s][info][gc,heap        ] GC(2237) ParOldGen: 405991K(430080K)->406023K(430080K)
[599.554s][info][gc,metaspace   ] GC(2237) Metaspace: 6132K(6208K)->6132K(6208K) NonClass: 5649K(5696K)->5649K(5696K) Class: 483K(512K)->483K(512K)
[599.554s][info][gc             ] GC(2237) Pause Young (Allocation Failure) 531M->397M(551M) 1.936ms
[599.554s][info][gc,cpu         ] GC(2237) User=0.00s Sys=0.00s Real=0.00s
[599.788s][info][gc,start       ] GC(2238) Pause Young (Allocation Failure)
[599.790s][info][gc,heap        ] GC(2238) PSYoungGen: 133792K(134144K)->608K(130048K) Eden: 133120K(133120K)->0K(129024K) From: 672K(1024K)->608K(1024K)
[599.790s][info][gc,heap        ] GC(2238) ParOldGen: 406023K(430080K)->406023K(430080K)
[599.790s][info][gc,metaspace   ] GC(2238) Metaspace: 6132K(6208K)->6132K(6208K) NonClass: 5649K(5696K)->5649K(5696K) Class: 483K(512K)->483K(512K)
[599.790s][info][gc             ] GC(2238) Pause Young (Allocation Failure) 527M->397M(547M) 1.370ms
[599.790s][info][gc,cpu         ] GC(2238) User=0.00s Sys=0.00s Real=0.00s
[600.027s][info][gc,start       ] GC(2239) Pause Young (Allocation Failure)
[600.029s][info][gc,heap        ] GC(2239) PSYoungGen: 129632K(130048K)->512K(125440K) Eden: 129024K(129024K)->0K(124928K) From: 608K(1024K)->512K(512K)
[600.029s][info][gc,heap        ] GC(2239) ParOldGen: 406023K(430080K)->406175K(430080K)
[600.029s][info][gc,metaspace   ] GC(2239) Metaspace: 6132K(6208K)->6132K(6208K) NonClass: 5649K(5696K)->5649K(5696K) Class: 483K(512K)->483K(512K)
[600.029s][info][gc             ] GC(2239) Pause Young (Allocation Failure) 523M->397M(542M) 1.885ms
[600.029s][info][gc,cpu         ] GC(2239) User=0.00s Sys=0.00s Real=0.00s
[600.266s][info][gc,start       ] GC(2240) Pause Young (Allocation Failure)
[600.267s][info][gc,heap        ] GC(2240) PSYoungGen: 125440K(125440K)->736K(122368K) Eden: 124928K(124928K)->0K(121344K) From: 512K(512K)->736K(1024K)
[600.267s][info][gc,heap        ] GC(2240) ParOldGen: 406175K(430080K)->406175K(430080K)
[600.267s][info][gc,metaspace   ] GC(2240) Metaspace: 6132K(6208K)->6132K(6208K) NonClass: 5649K(5696K)->5649K(5696K) Class: 483K(512K)->483K(512K)
[600.267s][info][gc             ] GC(2240) Pause Young (Allocation Failure) 519M->397M(539M) 1.552ms
[600.267s][info][gc,cpu         ] GC(2240) User=0.00s Sys=0.00s Real=0.00s
[600.498s][info][gc,start       ] GC(2241) Pause Young (Allocation Failure)
[600.500s][info][gc,heap        ] GC(2241) PSYoungGen: 122080K(122368K)->704K(118784K) Eden: 121344K(121344K)->0K(117760K) From: 736K(1024K)->704K(1024K)
[600.500s][info][gc,heap        ] GC(2241) ParOldGen: 406175K(430080K)->406199K(430080K)
[600.500s][info][gc,metaspace   ] GC(2241) Metaspace: 6132K(6208K)->6132K(6208K) NonClass: 5649K(5696K)->5649K(5696K) Class: 483K(512K)->483K(512K)
[600.500s][info][gc             ] GC(2241) Pause Young (Allocation Failure) 515M->397M(536M) 1.451ms
[600.500s][info][gc,cpu         ] GC(2241) User=0.00s Sys=0.00s Real=0.00s
[600.717s][info][gc,start       ] GC(2242) Pause Young (Allocation Failure)
[600.719s][info][gc,heap        ] GC(2242) PSYoungGen: 118464K(118784K)->704K(115200K) Eden: 117760K(117760K)->0K(114176K) From: 704K(1024K)->704K(1024K)
[600.719s][info][gc,heap        ] GC(2242) ParOldGen: 406199K(430080K)->406199K(430080K)
[600.719s][info][gc,metaspace   ] GC(2242) Metaspace: 6132K(6208K)->6132K(6208K) NonClass: 5649K(5696K)->5649K(5696K) Class: 483K(512K)->483K(512K)
[600.719s][info][gc             ] GC(2242) Pause Young (Allocation Failure) 512M->397M(532M) 1.610ms
[600.719s][info][gc,cpu         ] GC(2242) User=0.01s Sys=0.00s Real=0.00s
[600.920s][info][gc,start       ] GC(2243) Pause Young (Allocation Failure)
[600.923s][info][gc,heap        ] GC(2243) PSYoungGen: 114880K(115200K)->498K(111104K) Eden: 114176K(114176K)->0K(110592K) From: 704K(1024K)->498K(512K)
[600.923s][info][gc,heap        ] GC(2243) ParOldGen: 406199K(430080K)->406391K(430080K)
[600.923s][info][gc,metaspace   ] GC(2243) Metaspace: 6132K(6208K)->6132K(6208K) NonClass: 5649K(5696K)->5649K(5696K) Class: 483K(512K)->483K(512K)
[600.923s][info][gc             ] GC(2243) Pause Young (Allocation Failure) 508M->397M(528M) 2.395ms
[600.923s][info][gc,cpu         ] GC(2243) User=0.00s Sys=0.00s Real=0.01s
[601.243s][info][gc,start       ] GC(2244) Pause Young (Allocation Failure)
[601.246s][info][gc,heap        ] GC(2244) PSYoungGen: 111090K(111104K)->805K(108544K) Eden: 110592K(110592K)->0K(107520K) From: 498K(512K)->805K(1024K)
[601.246s][info][gc,heap        ] GC(2244) ParOldGen: 406391K(430080K)->406391K(430080K)
[601.246s][info][gc,metaspace   ] GC(2244) Metaspace: 6132K(6208K)->6132K(6208K) NonClass: 5649K(5696K)->5649K(5696K) Class: 483K(512K)->483K(512K)
[601.246s][info][gc             ] GC(2244) Pause Young (Allocation Failure) 505M->397M(526M) 3.284ms
[601.246s][info][gc,cpu         ] GC(2244) User=0.00s Sys=0.00s Real=0.00s
[601.603s][info][gc,start       ] GC(2245) Pause Young (Allocation Failure)
[601.605s][info][gc,heap        ] GC(2245) PSYoungGen: 108325K(108544K)->498K(104960K) Eden: 107520K(107520K)->0K(104448K) From: 805K(1024K)->498K(512K)
[601.605s][info][gc,heap        ] GC(2245) ParOldGen: 406391K(430080K)->406471K(430080K)
[601.605s][info][gc,metaspace   ] GC(2245) Metaspace: 6132K(6208K)->6132K(6208K) NonClass: 5649K(5696K)->5649K(5696K) Class: 483K(512K)->483K(512K)
[601.605s][info][gc             ] GC(2245) Pause Young (Allocation Failure) 502M->397M(522M) 2.560ms
[601.605s][info][gc,cpu         ] GC(2245) User=0.00s Sys=0.00s Real=0.00s
[601.968s][info][gc,start       ] GC(2246) Pause Young (Allocation Failure)
[601.971s][info][gc,heap        ] GC(2246) PSYoungGen: 104946K(104960K)->658K(102400K) Eden: 104448K(104448K)->0K(101376K) From: 498K(512K)->658K(1024K)
[601.971s][info][gc,heap        ] GC(2246) ParOldGen: 406471K(430080K)->406471K(430080K)
[601.971s][info][gc,metaspace   ] GC(2246) Metaspace: 6132K(6208K)->6132K(6208K) NonClass: 5649K(5696K)->5649K(5696K) Class: 483K(512K)->483K(512K)
[601.971s][info][gc             ] GC(2246) Pause Young (Allocation Failure) 499M->397M(520M) 2.877ms
[601.971s][info][gc,cpu         ] GC(2246) User=0.00s Sys=0.00s Real=0.01s
[602.216s][info][gc,start       ] GC(2247) Pause Young (Allocation Failure)
[602.218s][info][gc,heap        ] GC(2247) PSYoungGen: 102034K(102400K)->658K(99840K) Eden: 101376K(101376K)->0K(98816K) From: 658K(1024K)->658K(1024K)
[602.218s][info][gc,heap        ] GC(2247) ParOldGen: 406471K(430080K)->406471K(430080K)
[602.218s][info][gc,metaspace   ] GC(2247) Metaspace: 6132K(6208K)->6132K(6208K) NonClass: 5649K(5696K)->5649K(5696K) Class: 483K(512K)->483K(512K)
[602.218s][info][gc             ] GC(2247) Pause Young (Allocation Failure) 496M->397M(517M) 1.875ms
[602.218s][info][gc,cpu         ] GC(2247) User=0.00s Sys=0.00s Real=0.00s
[602.439s][info][gc,start       ] GC(2248) Pause Young (Allocation Failure)
[602.441s][info][gc,heap        ] GC(2248) PSYoungGen: 99474K(99840K)->416K(96768K) Eden: 98816K(98816K)->0K(96256K) From: 658K(1024K)->416K(512K)
[602.441s][info][gc,heap        ] GC(2248) ParOldGen: 406471K(430080K)->406762K(430080K)
[602.441s][info][gc,metaspace   ] GC(2248) Metaspace: 6132K(6208K)->6132K(6208K) NonClass: 5649K(5696K)->5649K(5696K) Class: 483K(512K)->483K(512K)
[602.441s][info][gc             ] GC(2248) Pause Young (Allocation Failure) 494M->397M(514M) 1.826ms
[602.441s][info][gc,cpu         ] GC(2248) User=0.01s Sys=0.00s Real=0.01s
[602.627s][info][gc,start       ] GC(2249) Pause Young (Allocation Failure)
[602.629s][info][gc,heap        ] GC(2249) PSYoungGen: 96672K(96768K)->805K(94720K) Eden: 96256K(96256K)->0K(93696K) From: 416K(512K)->805K(1024K)
[602.629s][info][gc,heap        ] GC(2249) ParOldGen: 406762K(430080K)->406842K(430080K)
[602.629s][info][gc,metaspace   ] GC(2249) Metaspace: 6132K(6208K)->6132K(6208K) NonClass: 5649K(5696K)->5649K(5696K) Class: 483K(512K)->483K(512K)
[602.629s][info][gc             ] GC(2249) Pause Young (Allocation Failure) 491M->398M(512M) 1.792ms
[602.629s][info][gc,cpu         ] GC(2249) User=0.01s Sys=0.00s Real=0.00s
[602.833s][info][gc,start       ] GC(2250) Pause Young (Allocation Failure)
[602.835s][info][gc,heap        ] GC(2250) PSYoungGen: 94501K(94720K)->768K(92160K) Eden: 93696K(93696K)->0K(91136K) From: 805K(1024K)->768K(1024K)
[602.835s][info][gc,heap        ] GC(2250) ParOldGen: 406842K(430080K)->406922K(430080K)
[602.835s][info][gc,metaspace   ] GC(2250) Metaspace: 6132K(6208K)->6132K(6208K) NonClass: 5649K(5696K)->5649K(5696K) Class: 483K(512K)->483K(512K)
[602.835s][info][gc             ] GC(2250) Pause Young (Allocation Failure) 489M->398M(510M) 1.893ms
[602.835s][info][gc,cpu         ] GC(2250) User=0.01s Sys=0.00s Real=0.00s
[603.021s][info][gc,start       ] GC(2251) Pause Young (Allocation Failure)
[603.022s][info][gc,heap        ] GC(2251) PSYoungGen: 91904K(92160K)->512K(89088K) Eden: 91136K(91136K)->0K(88576K) From: 768K(1024K)->512K(512K)
[603.022s][info][gc,heap        ] GC(2251) ParOldGen: 406922K(430080K)->407026K(430080K)
[603.022s][info][gc,metaspace   ] GC(2251) Metaspace: 6132K(6208K)->6132K(6208K) NonClass: 5649K(5696K)->5649K(5696K) Class: 483K(512K)->483K(512K)
[603.022s][info][gc             ] GC(2251) Pause Young (Allocation Failure) 487M->397M(507M) 1.238ms
[603.022s][info][gc,cpu         ] GC(2251) User=0.00s Sys=0.00s Real=0.00s
[603.190s][info][gc,start       ] GC(2252) Pause Young (Allocation Failure)
[603.191s][info][gc,heap        ] GC(2252) PSYoungGen: 89088K(89088K)->786K(87552K) Eden: 88576K(88576K)->0K(86528K) From: 512K(512K)->786K(1024K)
[603.191s][info][gc,heap        ] GC(2252) ParOldGen: 407026K(430080K)->407026K(430080K)
[603.191s][info][gc,metaspace   ] GC(2252) Metaspace: 6132K(6208K)->6132K(6208K) NonClass: 5649K(5696K)->5649K(5696K) Class: 483K(512K)->483K(512K)
[603.191s][info][gc             ] GC(2252) Pause Young (Allocation Failure) 484M->398M(505M) 1.566ms
[603.192s][info][gc,cpu         ] GC(2252) User=0.00s Sys=0.00s Real=0.01s
[603.358s][info][gc,start       ] GC(2253) Pause Young (Allocation Failure)
[603.360s][info][gc,heap        ] GC(2253) PSYoungGen: 87314K(87552K)->704K(284160K) Eden: 86528K(86528K)->0K(283136K) From: 786K(1024K)->704K(1024K)
[603.360s][info][gc,heap        ] GC(2253) ParOldGen: 407026K(430080K)->407066K(430080K)
[603.360s][info][gc,metaspace   ] GC(2253) Metaspace: 6132K(6208K)->6132K(6208K) NonClass: 5649K(5696K)->5649K(5696K) Class: 483K(512K)->483K(512K)
[603.360s][info][gc             ] GC(2253) Pause Young (Allocation Failure) 482M->398M(697M) 1.563ms
[603.360s][info][gc,cpu         ] GC(2253) User=0.01s Sys=0.00s Real=0.00s
[603.931s][info][gc,start       ] GC(2254) Pause Young (Allocation Failure)
[603.933s][info][gc,heap        ] GC(2254) PSYoungGen: 283840K(284160K)->736K(272896K) Eden: 283136K(283136K)->0K(271872K) From: 704K(1024K)->736K(1024K)
[603.933s][info][gc,heap        ] GC(2254) ParOldGen: 407066K(430080K)->407066K(430080K)
[603.933s][info][gc,metaspace   ] GC(2254) Metaspace: 6132K(6208K)->6132K(6208K) NonClass: 5649K(5696K)->5649K(5696K) Class: 483K(512K)->483K(512K)
[603.933s][info][gc             ] GC(2254) Pause Young (Allocation Failure) 674M->398M(686M) 1.867ms
[603.933s][info][gc,cpu         ] GC(2254) User=0.00s Sys=0.00s Real=0.00s
[604.450s][info][gc,start       ] GC(2255) Pause Young (Allocation Failure)
[604.452s][info][gc,heap        ] GC(2255) PSYoungGen: 272608K(272896K)->512K(261632K) Eden: 271872K(271872K)->0K(261120K) From: 736K(1024K)->512K(512K)
[604.452s][info][gc,heap        ] GC(2255) ParOldGen: 407066K(430080K)->407170K(430080K)
[604.452s][info][gc,metaspace   ] GC(2255) Metaspace: 6132K(6208K)->6132K(6208K) NonClass: 5649K(5696K)->5649K(5696K) Class: 483K(512K)->483K(512K)
[604.452s][info][gc             ] GC(2255) Pause Young (Allocation Failure) 663M->398M(675M) 1.391ms
[604.452s][info][gc,cpu         ] GC(2255) User=0.00s Sys=0.00s Real=0.01s
[604.950s][info][gc,start       ] GC(2256) Pause Young (Allocation Failure)
[604.952s][info][gc,heap        ] GC(2256) PSYoungGen: 261632K(261632K)->786K(251904K) Eden: 261120K(261120K)->0K(250880K) From: 512K(512K)->786K(1024K)
[604.952s][info][gc,heap        ] GC(2256) ParOldGen: 407170K(430080K)->407170K(430080K)
[604.952s][info][gc,metaspace   ] GC(2256) Metaspace: 6132K(6208K)->6132K(6208K) NonClass: 5649K(5696K)->5649K(5696K) Class: 483K(512K)->483K(512K)
[604.952s][info][gc             ] GC(2256) Pause Young (Allocation Failure) 653M->398M(666M) 1.623ms
[604.952s][info][gc,cpu         ] GC(2256) User=0.00s Sys=0.00s Real=0.01s
[605.385s][info][gc,start       ] GC(2257) Pause Young (Allocation Failure)
[605.386s][info][gc,heap        ] GC(2257) PSYoungGen: 251666K(251904K)->736K(242176K) Eden: 250880K(250880K)->0K(241152K) From: 786K(1024K)->736K(1024K)
[605.386s][info][gc,heap        ] GC(2257) ParOldGen: 407170K(430080K)->407210K(430080K)
[605.386s][info][gc,metaspace   ] GC(2257) Metaspace: 6132K(6208K)->6132K(6208K) NonClass: 5649K(5696K)->5649K(5696K) Class: 483K(512K)->483K(512K)
[605.386s][info][gc             ] GC(2257) Pause Young (Allocation Failure) 643M->398M(656M) 1.672ms
[605.386s][info][gc,cpu         ] GC(2257) User=0.00s Sys=0.00s Real=0.00s
[605.775s][info][gc,start       ] GC(2258) Pause Young (Allocation Failure)
[605.776s][info][gc,heap        ] GC(2258) PSYoungGen: 241888K(242176K)->800K(232960K) Eden: 241152K(241152K)->0K(231936K) From: 736K(1024K)->800K(1024K)
[605.776s][info][gc,heap        ] GC(2258) ParOldGen: 407210K(430080K)->407210K(430080K)
[605.776s][info][gc,metaspace   ] GC(2258) Metaspace: 6132K(6208K)->6132K(6208K) NonClass: 5649K(5696K)->5649K(5696K) Class: 483K(512K)->483K(512K)
[605.776s][info][gc             ] GC(2258) Pause Young (Allocation Failure) 633M->398M(647M) 1.837ms
[605.776s][info][gc,cpu         ] GC(2258) User=0.00s Sys=0.00s Real=0.00s
[606.130s][info][gc,start       ] GC(2259) Pause Young (Allocation Failure)
[606.133s][info][gc,heap        ] GC(2259) PSYoungGen: 232736K(232960K)->498K(223744K) Eden: 231936K(231936K)->0K(223232K) From: 800K(1024K)->498K(512K)
[606.133s][info][gc,heap        ] GC(2259) ParOldGen: 407210K(430080K)->407434K(430080K)
[606.133s][info][gc,metaspace   ] GC(2259) Metaspace: 6132K(6208K)->6132K(6208K) NonClass: 5649K(5696K)->5649K(5696K) Class: 483K(512K)->483K(512K)
[606.133s][info][gc             ] GC(2259) Pause Young (Allocation Failure) 624M->398M(638M) 3.207ms
[606.133s][info][gc,cpu         ] GC(2259) User=0.00s Sys=0.00s Real=0.01s
[606.452s][info][gc,start       ] GC(2260) Pause Young (Allocation Failure)
[606.455s][info][gc,heap        ] GC(2260) PSYoungGen: 223730K(223744K)->754K(216064K) Eden: 223232K(223232K)->0K(215040K) From: 498K(512K)->754K(1024K)
[606.455s][info][gc,heap        ] GC(2260) ParOldGen: 407434K(430080K)->407434K(430080K)
[606.455s][info][gc,metaspace   ] GC(2260) Metaspace: 6132K(6208K)->6132K(6208K) NonClass: 5649K(5696K)->5649K(5696K) Class: 483K(512K)->483K(512K)
[606.455s][info][gc             ] GC(2260) Pause Young (Allocation Failure) 616M->398M(631M) 3.058ms
[606.455s][info][gc,cpu         ] GC(2260) User=0.00s Sys=0.00s Real=0.00s
[606.777s][info][gc,start       ] GC(2261) Pause Young (Allocation Failure)
[606.778s][info][gc,heap        ] GC(2261) PSYoungGen: 215794K(216064K)->608K(207872K) Eden: 215040K(215040K)->0K(206848K) From: 754K(1024K)->608K(1024K)
[606.778s][info][gc,heap        ] GC(2261) ParOldGen: 407434K(430080K)->407474K(430080K)
[606.778s][info][gc,metaspace   ] GC(2261) Metaspace: 6132K(6208K)->6132K(6208K) NonClass: 5649K(5696K)->5649K(5696K) Class: 483K(512K)->483K(512K)
[606.778s][info][gc             ] GC(2261) Pause Young (Allocation Failure) 608M->398M(623M) 1.344ms
[606.778s][info][gc,cpu         ] GC(2261) User=0.01s Sys=0.00s Real=0.00s
[607.123s][info][gc,start       ] GC(2262) Pause Young (Allocation Failure)
[607.125s][info][gc,heap        ] GC(2262) PSYoungGen: 207456K(207872K)->658K(200192K) Eden: 206848K(206848K)->0K(199168K) From: 608K(1024K)->658K(1024K)
[607.125s][info][gc,heap        ] GC(2262) ParOldGen: 407474K(430080K)->407474K(430080K)
[607.125s][info][gc,metaspace   ] GC(2262) Metaspace: 6132K(6208K)->6132K(6208K) NonClass: 5649K(5696K)->5649K(5696K) Class: 483K(512K)->483K(512K)
[607.125s][info][gc             ] GC(2262) Pause Young (Allocation Failure) 600M->398M(615M) 2.473ms
[607.125s][info][gc,cpu         ] GC(2262) User=0.00s Sys=0.00s Real=0.00s
[607.488s][info][gc,start       ] GC(2263) Pause Young (Allocation Failure)
[607.491s][info][gc,heap        ] GC(2263) PSYoungGen: 199826K(200192K)->512K(192512K) Eden: 199168K(199168K)->0K(192000K) From: 658K(1024K)->512K(512K)
[607.491s][info][gc,heap        ] GC(2263) ParOldGen: 407474K(430080K)->407642K(430080K)
[607.491s][info][gc,metaspace   ] GC(2263) Metaspace: 6132K(6208K)->6132K(6208K) NonClass: 5649K(5696K)->5649K(5696K) Class: 483K(512K)->483K(512K)
[607.491s][info][gc             ] GC(2263) Pause Young (Allocation Failure) 593M->398M(608M) 2.939ms
[607.491s][info][gc,cpu         ] GC(2263) User=0.01s Sys=0.00s Real=0.01s
[607.853s][info][gc,start       ] GC(2264) Pause Young (Allocation Failure)
[607.855s][info][gc,heap        ] GC(2264) PSYoungGen: 192512K(192512K)->800K(186368K) Eden: 192000K(192000K)->0K(185344K) From: 512K(512K)->800K(1024K)
[607.855s][info][gc,heap        ] GC(2264) ParOldGen: 407642K(430080K)->407642K(430080K)
[607.855s][info][gc,metaspace   ] GC(2264) Metaspace: 6132K(6208K)->6132K(6208K) NonClass: 5649K(5696K)->5649K(5696K) Class: 483K(512K)->483K(512K)
[607.855s][info][gc             ] GC(2264) Pause Young (Allocation Failure) 586M->398M(602M) 1.810ms
[607.855s][info][gc,cpu         ] GC(2264) User=0.00s Sys=0.00s Real=0.00s
[608.177s][info][gc,start       ] GC(2265) Pause Young (Allocation Failure)
[608.178s][info][gc,heap        ] GC(2265) PSYoungGen: 186144K(186368K)->768K(179712K) Eden: 185344K(185344K)->0K(178688K) From: 800K(1024K)->768K(1024K)
[608.178s][info][gc,heap        ] GC(2265) ParOldGen: 407642K(430080K)->407666K(430080K)
[608.178s][info][gc,metaspace   ] GC(2265) Metaspace: 6132K(6208K)->6132K(6208K) NonClass: 5649K(5696K)->5649K(5696K) Class: 483K(512K)->483K(512K)
[608.178s][info][gc             ] GC(2265) Pause Young (Allocation Failure) 579M->398M(595M) 1.535ms
[608.178s][info][gc,cpu         ] GC(2265) User=0.00s Sys=0.00s Real=0.00s
[608.487s][info][gc,start       ] GC(2266) Pause Young (Allocation Failure)
[608.489s][info][gc,heap        ] GC(2266) PSYoungGen: 179456K(179712K)->704K(173568K) Eden: 178688K(178688K)->0K(172544K) From: 768K(1024K)->704K(1024K)
[608.489s][info][gc,heap        ] GC(2266) ParOldGen: 407666K(430080K)->407666K(430080K)
[608.489s][info][gc,metaspace   ] GC(2266) Metaspace: 6132K(6208K)->6132K(6208K) NonClass: 5649K(5696K)->5649K(5696K) Class: 483K(512K)->483K(512K)
[608.489s][info][gc             ] GC(2266) Pause Young (Allocation Failure) 573M->398M(589M) 1.627ms
[608.489s][info][gc,cpu         ] GC(2266) User=0.01s Sys=0.00s Real=0.00s
[608.893s][info][gc,start       ] GC(2267) Pause Young (Allocation Failure)
[608.895s][info][gc,heap        ] GC(2267) PSYoungGen: 173248K(173568K)->512K(166912K) Eden: 172544K(172544K)->0K(166400K) From: 704K(1024K)->512K(512K)
[608.895s][info][gc,heap        ] GC(2267) ParOldGen: 407666K(430080K)->407826K(430080K)
[608.895s][info][gc,metaspace   ] GC(2267) Metaspace: 6132K(6208K)->6132K(6208K) NonClass: 5649K(5696K)->5649K(5696K) Class: 483K(512K)->483K(512K)
[608.895s][info][gc             ] GC(2267) Pause Young (Allocation Failure) 567M->398M(583M) 1.664ms
[608.895s][info][gc,cpu         ] GC(2267) User=0.00s Sys=0.00s Real=0.00s
[609.474s][info][gc,start       ] GC(2268) Pause Young (Allocation Failure)
[609.478s][info][gc,heap        ] GC(2268) PSYoungGen: 166912K(166912K)->837K(161792K) Eden: 166400K(166400K)->0K(160768K) From: 512K(512K)->837K(1024K)
[609.478s][info][gc,heap        ] GC(2268) ParOldGen: 407826K(430080K)->407826K(430080K)
[609.478s][info][gc,metaspace   ] GC(2268) Metaspace: 6132K(6208K)->6132K(6208K) NonClass: 5649K(5696K)->5649K(5696K) Class: 483K(512K)->483K(512K)
[609.478s][info][gc             ] GC(2268) Pause Young (Allocation Failure) 561M->399M(578M) 4.035ms
[609.478s][info][gc,cpu         ] GC(2268) User=0.00s Sys=0.00s Real=0.00s
[610.006s][info][gc,start       ] GC(2269) Pause Young (Allocation Failure)
[610.009s][info][gc,heap        ] GC(2269) PSYoungGen: 161605K(161792K)->768K(156160K) Eden: 160768K(160768K)->0K(155136K) From: 837K(1024K)->768K(1024K)
[610.009s][info][gc,heap        ] GC(2269) ParOldGen: 407826K(430080K)->407874K(430080K)
[610.009s][info][gc,metaspace   ] GC(2269) Metaspace: 6132K(6208K)->6132K(6208K) NonClass: 5649K(5696K)->5649K(5696K) Class: 483K(512K)->483K(512K)
[610.009s][info][gc             ] GC(2269) Pause Young (Allocation Failure) 556M->399M(572M) 3.129ms
[610.009s][info][gc,cpu         ] GC(2269) User=0.00s Sys=0.00s Real=0.00s
[610.415s][info][gc,start       ] GC(2270) Pause Young (Allocation Failure)
[610.418s][info][gc,heap        ] GC(2270) PSYoungGen: 155904K(156160K)->722K(151040K) Eden: 155136K(155136K)->0K(150016K) From: 768K(1024K)->722K(1024K)
[610.418s][info][gc,heap        ] GC(2270) ParOldGen: 407874K(430080K)->407874K(430080K)
[610.418s][info][gc,metaspace   ] GC(2270) Metaspace: 6132K(6208K)->6132K(6208K) NonClass: 5649K(5696K)->5649K(5696K) Class: 483K(512K)->483K(512K)
[610.418s][info][gc             ] GC(2270) Pause Young (Allocation Failure) 550M->399M(567M) 2.528ms
[610.418s][info][gc,cpu         ] GC(2270) User=0.00s Sys=0.01s Real=0.00s
[610.838s][info][gc,start       ] GC(2271) Pause Young (Allocation Failure)
[610.839s][info][gc,heap        ] GC(2271) PSYoungGen: 150738K(151040K)->512K(145408K) Eden: 150016K(150016K)->0K(144896K) From: 722K(1024K)->512K(512K)
[610.839s][info][gc,heap        ] GC(2271) ParOldGen: 407874K(430080K)->408026K(430080K)
[610.839s][info][gc,metaspace   ] GC(2271) Metaspace: 6132K(6208K)->6132K(6208K) NonClass: 5649K(5696K)->5649K(5696K) Class: 483K(512K)->483K(512K)
[610.839s][info][gc             ] GC(2271) Pause Young (Allocation Failure) 545M->398M(562M) 1.406ms
[610.839s][info][gc,cpu         ] GC(2271) User=0.00s Sys=0.00s Real=0.00s
[611.175s][info][gc,start       ] GC(2272) Pause Young (Allocation Failure)
[611.178s][info][gc,heap        ] GC(2272) PSYoungGen: 145408K(145408K)->672K(141312K) Eden: 144896K(144896K)->0K(140288K) From: 512K(512K)->672K(1024K)
[611.178s][info][gc,heap        ] GC(2272) ParOldGen: 408026K(430080K)->408026K(430080K)
[611.178s][info][gc,metaspace   ] GC(2272) Metaspace: 6132K(6208K)->6132K(6208K) NonClass: 5649K(5696K)->5649K(5696K) Class: 483K(512K)->483K(512K)
[611.178s][info][gc             ] GC(2272) Pause Young (Allocation Failure) 540M->399M(558M) 2.934ms
[611.178s][info][gc,cpu         ] GC(2272) User=0.00s Sys=0.00s Real=0.00s
[611.545s][info][gc,start       ] GC(2273) Pause Young (Allocation Failure)
[611.548s][info][gc,heap        ] GC(2273) PSYoungGen: 140960K(141312K)->704K(136704K) Eden: 140288K(140288K)->0K(135680K) From: 672K(1024K)->704K(1024K)
[611.548s][info][gc,heap        ] GC(2273) ParOldGen: 408026K(430080K)->408042K(430080K)
[611.548s][info][gc,metaspace   ] GC(2273) Metaspace: 6132K(6208K)->6132K(6208K) NonClass: 5649K(5696K)->5649K(5696K) Class: 483K(512K)->483K(512K)
[611.548s][info][gc             ] GC(2273) Pause Young (Allocation Failure) 536M->399M(553M) 2.776ms
[611.548s][info][gc,cpu         ] GC(2273) User=0.00s Sys=0.00s Real=0.00s
[611.940s][info][gc,start       ] GC(2274) Pause Young (Allocation Failure)
[611.943s][info][gc,heap        ] GC(2274) PSYoungGen: 136384K(136704K)->786K(132608K) Eden: 135680K(135680K)->0K(131584K) From: 704K(1024K)->786K(1024K)
[611.943s][info][gc,heap        ] GC(2274) ParOldGen: 408042K(430080K)->408042K(430080K)
[611.943s][info][gc,metaspace   ] GC(2274) Metaspace: 6132K(6208K)->6132K(6208K) NonClass: 5649K(5696K)->5649K(5696K) Class: 483K(512K)->483K(512K)
[611.943s][info][gc             ] GC(2274) Pause Young (Allocation Failure) 531M->399M(549M) 3.113ms
[611.943s][info][gc,cpu         ] GC(2274) User=0.00s Sys=0.00s Real=0.01s
[612.289s][info][gc,start       ] GC(2275) Pause Young (Allocation Failure)
[612.291s][info][gc,heap        ] GC(2275) PSYoungGen: 132370K(132608K)->498K(128000K) Eden: 131584K(131584K)->0K(127488K) From: 786K(1024K)->498K(512K)
[612.292s][info][gc,heap        ] GC(2275) ParOldGen: 408042K(430080K)->408290K(430080K)
[612.292s][info][gc,metaspace   ] GC(2275) Metaspace: 6132K(6208K)->6132K(6208K) NonClass: 5649K(5696K)->5649K(5696K) Class: 483K(512K)->483K(512K)
[612.292s][info][gc             ] GC(2275) Pause Young (Allocation Failure) 527M->399M(545M) 2.829ms
[612.292s][info][gc,cpu         ] GC(2275) User=0.01s Sys=0.00s Real=0.01s
[612.595s][info][gc,start       ] GC(2276) Pause Young (Allocation Failure)
[612.598s][info][gc,heap        ] GC(2276) PSYoungGen: 127986K(128000K)->754K(124416K) Eden: 127488K(127488K)->0K(123392K) From: 498K(512K)->754K(1024K)
[612.598s][info][gc,heap        ] GC(2276) ParOldGen: 408290K(430080K)->408290K(430080K)
[612.598s][info][gc,metaspace   ] GC(2276) Metaspace: 6132K(6208K)->6132K(6208K) NonClass: 5649K(5696K)->5649K(5696K) Class: 483K(512K)->483K(512K)
[612.598s][info][gc             ] GC(2276) Pause Young (Allocation Failure) 523M->399M(541M) 2.650ms
[612.598s][info][gc,cpu         ] GC(2276) User=0.00s Sys=0.00s Real=0.00s
[612.893s][info][gc,start       ] GC(2277) Pause Young (Allocation Failure)
[612.896s][info][gc,heap        ] GC(2277) PSYoungGen: 124146K(124416K)->754K(120832K) Eden: 123392K(123392K)->0K(119808K) From: 754K(1024K)->754K(1024K)
[612.896s][info][gc,heap        ] GC(2277) ParOldGen: 408290K(430080K)->408322K(430080K)
[612.896s][info][gc,metaspace   ] GC(2277) Metaspace: 6132K(6208K)->6132K(6208K) NonClass: 5649K(5696K)->5649K(5696K) Class: 483K(512K)->483K(512K)
[612.896s][info][gc             ] GC(2277) Pause Young (Allocation Failure) 519M->399M(538M) 2.970ms
[612.896s][info][gc,cpu         ] GC(2277) User=0.01s Sys=0.00s Real=0.00s
[613.058s][info][gc,start       ] GC(2278) Pause Young (Allocation Failure)
[613.061s][info][gc,heap        ] GC(2278) PSYoungGen: 120562K(120832K)->690K(117248K) Eden: 119808K(119808K)->0K(116224K) From: 754K(1024K)->690K(1024K)
[613.061s][info][gc,heap        ] GC(2278) ParOldGen: 408322K(430080K)->408322K(430080K)
[613.061s][info][gc,metaspace   ] GC(2278) Metaspace: 6132K(6208K)->6132K(6208K) NonClass: 5649K(5696K)->5649K(5696K) Class: 483K(512K)->483K(512K)
[613.061s][info][gc             ] GC(2278) Pause Young (Allocation Failure) 516M->399M(534M) 2.751ms
[613.061s][info][gc,cpu         ] GC(2278) User=0.00s Sys=0.00s Real=0.01s
[613.227s][info][gc,start       ] GC(2279) Pause Young (Allocation Failure)
[613.231s][info][gc,heap        ] GC(2279) PSYoungGen: 116914K(117248K)->498K(140288K) Eden: 116224K(116224K)->0K(139776K) From: 690K(1024K)->498K(512K)
[613.231s][info][gc,heap        ] GC(2279) ParOldGen: 408322K(430080K)->408506K(430080K)
[613.231s][info][gc,metaspace   ] GC(2279) Metaspace: 6132K(6208K)->6132K(6208K) NonClass: 5649K(5696K)->5649K(5696K) Class: 483K(512K)->483K(512K)
[613.231s][info][gc             ] GC(2279) Pause Young (Allocation Failure) 512M->399M(557M) 4.136ms
[613.231s][info][gc,cpu         ] GC(2279) User=0.00s Sys=0.01s Real=0.01s
[613.466s][info][gc,start       ] GC(2280) Pause Young (Allocation Failure)
[613.468s][info][gc,heap        ] GC(2280) PSYoungGen: 140274K(140288K)->800K(168960K) Eden: 139776K(139776K)->0K(167936K) From: 498K(512K)->800K(1024K)
[613.468s][info][gc,heap        ] GC(2280) ParOldGen: 408506K(430080K)->408506K(430080K)
[613.468s][info][gc,metaspace   ] GC(2280) Metaspace: 6132K(6208K)->6132K(6208K) NonClass: 5649K(5696K)->5649K(5696K) Class: 483K(512K)->483K(512K)
[613.468s][info][gc             ] GC(2280) Pause Young (Allocation Failure) 535M->399M(585M) 1.618ms
[613.468s][info][gc,cpu         ] GC(2280) User=0.00s Sys=0.00s Real=0.00s
[613.754s][info][gc,start       ] GC(2281) Pause Young (Allocation Failure)
[613.755s][info][gc,heap        ] GC(2281) PSYoungGen: 168736K(168960K)->768K(163328K) Eden: 167936K(167936K)->0K(162304K) From: 800K(1024K)->768K(1024K)
[613.755s][info][gc,heap        ] GC(2281) ParOldGen: 408506K(430080K)->408530K(430080K)
[613.755s][info][gc,metaspace   ] GC(2281) Metaspace: 6132K(6208K)->6132K(6208K) NonClass: 5649K(5696K)->5649K(5696K) Class: 483K(512K)->483K(512K)
[613.755s][info][gc             ] GC(2281) Pause Young (Allocation Failure) 563M->399M(579M) 1.553ms
[613.755s][info][gc,cpu         ] GC(2281) User=0.01s Sys=0.00s Real=0.00s
[614.035s][info][gc,start       ] GC(2282) Pause Young (Allocation Failure)
[614.037s][info][gc,heap        ] GC(2282) PSYoungGen: 163072K(163328K)->608K(157696K) Eden: 162304K(162304K)->0K(156672K) From: 768K(1024K)->608K(1024K)
[614.037s][info][gc,heap        ] GC(2282) ParOldGen: 408530K(430080K)->408530K(430080K)
[614.037s][info][gc,metaspace   ] GC(2282) Metaspace: 6132K(6208K)->6132K(6208K) NonClass: 5649K(5696K)->5649K(5696K) Class: 483K(512K)->483K(512K)
[614.037s][info][gc             ] GC(2282) Pause Young (Allocation Failure) 558M->399M(574M) 1.369ms
[614.037s][info][gc,cpu         ] GC(2282) User=0.01s Sys=0.00s Real=0.00s
[614.302s][info][gc,start       ] GC(2283) Pause Young (Allocation Failure)
[614.303s][info][gc,heap        ] GC(2283) PSYoungGen: 157280K(157696K)->512K(152064K) Eden: 156672K(156672K)->0K(151552K) From: 608K(1024K)->512K(512K)
[614.303s][info][gc,heap        ] GC(2283) ParOldGen: 408530K(430080K)->408682K(430080K)
[614.303s][info][gc,metaspace   ] GC(2283) Metaspace: 6132K(6208K)->6132K(6208K) NonClass: 5649K(5696K)->5649K(5696K) Class: 483K(512K)->483K(512K)
[614.304s][info][gc             ] GC(2283) Pause Young (Allocation Failure) 552M->399M(568M) 1.772ms
[614.304s][info][gc,cpu         ] GC(2283) User=0.00s Sys=0.00s Real=0.00s
[614.592s][info][gc,start       ] GC(2284) Pause Young (Allocation Failure)
[614.593s][info][gc,heap        ] GC(2284) PSYoungGen: 152064K(152064K)->768K(147456K) Eden: 151552K(151552K)->0K(146432K) From: 512K(512K)->768K(1024K)
[614.593s][info][gc,heap        ] GC(2284) ParOldGen: 408682K(430080K)->408682K(430080K)
[614.593s][info][gc,metaspace   ] GC(2284) Metaspace: 6132K(6208K)->6132K(6208K) NonClass: 5649K(5696K)->5649K(5696K) Class: 483K(512K)->483K(512K)
[614.594s][info][gc             ] GC(2284) Pause Young (Allocation Failure) 547M->399M(564M) 1.606ms
[614.594s][info][gc,cpu         ] GC(2284) User=0.00s Sys=0.00s Real=0.00s
[614.898s][info][gc,start       ] GC(2285) Pause Young (Allocation Failure)
[614.899s][info][gc,heap        ] GC(2285) PSYoungGen: 147200K(147456K)->672K(142848K) Eden: 146432K(146432K)->0K(141824K) From: 768K(1024K)->672K(1024K)
[614.899s][info][gc,heap        ] GC(2285) ParOldGen: 408682K(430080K)->408706K(430080K)
[614.899s][info][gc,metaspace   ] GC(2285) Metaspace: 6132K(6208K)->6132K(6208K) NonClass: 5649K(5696K)->5649K(5696K) Class: 483K(512K)->483K(512K)
[614.899s][info][gc             ] GC(2285) Pause Young (Allocation Failure) 542M->399M(559M) 1.462ms
[614.899s][info][gc,cpu         ] GC(2285) User=0.00s Sys=0.00s Real=0.00s
[615.198s][info][gc,start       ] GC(2286) Pause Young (Allocation Failure)
[615.200s][info][gc,heap        ] GC(2286) PSYoungGen: 142496K(142848K)->704K(138240K) Eden: 141824K(141824K)->0K(137216K) From: 672K(1024K)->704K(1024K)
[615.200s][info][gc,heap        ] GC(2286) ParOldGen: 408706K(430080K)->408706K(430080K)
[615.200s][info][gc,metaspace   ] GC(2286) Metaspace: 6132K(6208K)->6132K(6208K) NonClass: 5649K(5696K)->5649K(5696K) Class: 483K(512K)->483K(512K)
[615.200s][info][gc             ] GC(2286) Pause Young (Allocation Failure) 538M->399M(555M) 1.824ms
[615.200s][info][gc,cpu         ] GC(2286) User=0.00s Sys=0.00s Real=0.00s
[615.469s][info][gc,start       ] GC(2287) Pause Young (Allocation Failure)
[615.471s][info][gc,heap        ] GC(2287) PSYoungGen: 137920K(138240K)->512K(133120K) Eden: 137216K(137216K)->0K(132608K) From: 704K(1024K)->512K(512K)
[615.471s][info][gc,heap        ] GC(2287) ParOldGen: 408706K(430080K)->408850K(430080K)
[615.471s][info][gc,metaspace   ] GC(2287) Metaspace: 6132K(6208K)->6132K(6208K) NonClass: 5649K(5696K)->5649K(5696K) Class: 483K(512K)->483K(512K)
[615.471s][info][gc             ] GC(2287) Pause Young (Allocation Failure) 533M->399M(550M) 1.351ms
[615.471s][info][gc,cpu         ] GC(2287) User=0.00s Sys=0.00s Real=0.01s
[615.704s][info][gc,start       ] GC(2288) Pause Young (Allocation Failure)
[615.705s][info][gc,heap        ] GC(2288) PSYoungGen: 133120K(133120K)->658K(129536K) Eden: 132608K(132608K)->0K(128512K) From: 512K(512K)->658K(1024K)
[615.705s][info][gc,heap        ] GC(2288) ParOldGen: 408850K(430080K)->408850K(430080K)
[615.705s][info][gc,metaspace   ] GC(2288) Metaspace: 6132K(6208K)->6132K(6208K) NonClass: 5649K(5696K)->5649K(5696K) Class: 483K(512K)->483K(512K)
[615.705s][info][gc             ] GC(2288) Pause Young (Allocation Failure) 529M->399M(546M) 1.327ms
[615.705s][info][gc,cpu         ] GC(2288) User=0.00s Sys=0.00s Real=0.00s
[615.929s][info][gc,start       ] GC(2289) Pause Young (Allocation Failure)
[615.931s][info][gc,heap        ] GC(2289) PSYoungGen: 129170K(129536K)->736K(125440K) Eden: 128512K(128512K)->0K(124416K) From: 658K(1024K)->736K(1024K)
[615.931s][info][gc,heap        ] GC(2289) ParOldGen: 408850K(430080K)->408882K(430080K)
[615.931s][info][gc,metaspace   ] GC(2289) Metaspace: 6132K(6208K)->6132K(6208K) NonClass: 5649K(5696K)->5649K(5696K) Class: 483K(512K)->483K(512K)
[615.931s][info][gc             ] GC(2289) Pause Young (Allocation Failure) 525M->400M(542M) 1.969ms
[615.931s][info][gc,cpu         ] GC(2289) User=0.00s Sys=0.00s Real=0.01s
[616.173s][info][gc,start       ] GC(2290) Pause Young (Allocation Failure)
[616.174s][info][gc,heap        ] GC(2290) PSYoungGen: 125152K(125440K)->736K(121856K) Eden: 124416K(124416K)->0K(120832K) From: 736K(1024K)->736K(1024K)
[616.174s][info][gc,heap        ] GC(2290) ParOldGen: 408882K(430080K)->408882K(430080K)
[616.174s][info][gc,metaspace   ] GC(2290) Metaspace: 6132K(6208K)->6132K(6208K) NonClass: 5649K(5696K)->5649K(5696K) Class: 483K(512K)->483K(512K)
[616.175s][info][gc             ] GC(2290) Pause Young (Allocation Failure) 521M->400M(539M) 1.515ms
[616.175s][info][gc,cpu         ] GC(2290) User=0.00s Sys=0.00s Real=0.00s
[616.418s][info][gc,start       ] GC(2291) Pause Young (Allocation Failure)
[616.419s][info][gc,heap        ] GC(2291) PSYoungGen: 121568K(121856K)->512K(117760K) Eden: 120832K(120832K)->0K(117248K) From: 736K(1024K)->512K(512K)
[616.419s][info][gc,heap        ] GC(2291) ParOldGen: 408882K(430080K)->409018K(430080K)
[616.419s][info][gc,metaspace   ] GC(2291) Metaspace: 6132K(6208K)->6132K(6208K) NonClass: 5649K(5696K)->5649K(5696K) Class: 483K(512K)->483K(512K)
[616.419s][info][gc             ] GC(2291) Pause Young (Allocation Failure) 518M->399M(535M) 1.242ms
[616.419s][info][gc,cpu         ] GC(2291) User=0.00s Sys=0.00s Real=0.00s
[616.656s][info][gc,start       ] GC(2292) Pause Young (Allocation Failure)
[616.657s][info][gc,heap        ] GC(2292) PSYoungGen: 117760K(117760K)->773K(114688K) Eden: 117248K(117248K)->0K(113664K) From: 512K(512K)->773K(1024K)
[616.657s][info][gc,heap        ] GC(2292) ParOldGen: 409018K(430080K)->409018K(430080K)
[616.658s][info][gc,metaspace   ] GC(2292) Metaspace: 6132K(6208K)->6132K(6208K) NonClass: 5649K(5696K)->5649K(5696K) Class: 483K(512K)->483K(512K)
[616.658s][info][gc             ] GC(2292) Pause Young (Allocation Failure) 514M->400M(532M) 1.510ms
[616.658s][info][gc,cpu         ] GC(2292) User=0.00s Sys=0.00s Real=0.00s
[616.867s][info][gc,start       ] GC(2293) Pause Young (Allocation Failure)
[616.868s][info][gc,heap        ] GC(2293) PSYoungGen: 114437K(114688K)->704K(111104K) Eden: 113664K(113664K)->0K(110080K) From: 773K(1024K)->704K(1024K)
[616.868s][info][gc,heap        ] GC(2293) ParOldGen: 409018K(430080K)->409058K(430080K)
[616.868s][info][gc,metaspace   ] GC(2293) Metaspace: 6132K(6208K)->6132K(6208K) NonClass: 5649K(5696K)->5649K(5696K) Class: 483K(512K)->483K(512K)
[616.868s][info][gc             ] GC(2293) Pause Young (Allocation Failure) 511M->400M(528M) 1.500ms
[616.868s][info][gc,cpu         ] GC(2293) User=0.00s Sys=0.00s Real=0.00s
[617.095s][info][gc,start       ] GC(2294) Pause Young (Allocation Failure)
[617.096s][info][gc,heap        ] GC(2294) PSYoungGen: 110784K(111104K)->608K(108032K) Eden: 110080K(110080K)->0K(107008K) From: 704K(1024K)->608K(1024K)
[617.096s][info][gc,heap        ] GC(2294) ParOldGen: 409058K(430080K)->409058K(430080K)
[617.096s][info][gc,metaspace   ] GC(2294) Metaspace: 6132K(6208K)->6132K(6208K) NonClass: 5649K(5696K)->5649K(5696K) Class: 483K(512K)->483K(512K)
[617.096s][info][gc             ] GC(2294) Pause Young (Allocation Failure) 507M->400M(525M) 1.304ms
[617.096s][info][gc,cpu         ] GC(2294) User=0.00s Sys=0.00s Real=0.00s
[617.314s][info][gc,start       ] GC(2295) Pause Young (Allocation Failure)
[617.317s][info][gc,heap        ] GC(2295) PSYoungGen: 107616K(108032K)->498K(104448K) Eden: 107008K(107008K)->0K(103936K) From: 608K(1024K)->498K(512K)
[617.317s][info][gc,heap        ] GC(2295) ParOldGen: 409058K(430080K)->409234K(430080K)
[617.317s][info][gc,metaspace   ] GC(2295) Metaspace: 6132K(6208K)->6132K(6208K) NonClass: 5649K(5696K)->5649K(5696K) Class: 483K(512K)->483K(512K)
[617.317s][info][gc             ] GC(2295) Pause Young (Allocation Failure) 504M->400M(522M) 3.079ms
[617.317s][info][gc,cpu         ] GC(2295) User=0.00s Sys=0.00s Real=0.00s
[617.511s][info][gc,start       ] GC(2296) Pause Young (Allocation Failure)
[617.512s][info][gc,heap        ] GC(2296) PSYoungGen: 104434K(104448K)->416K(101888K) Eden: 103936K(103936K)->0K(100864K) From: 498K(512K)->416K(1024K)
[617.512s][info][gc,heap        ] GC(2296) ParOldGen: 409234K(430080K)->409564K(430080K)
[617.512s][info][gc,metaspace   ] GC(2296) Metaspace: 6132K(6208K)->6132K(6208K) NonClass: 5649K(5696K)->5649K(5696K) Class: 483K(512K)->483K(512K)
[617.512s][info][gc             ] GC(2296) Pause Young (Allocation Failure) 501M->400M(519M) 1.772ms
[617.512s][info][gc,cpu         ] GC(2296) User=0.01s Sys=0.00s Real=0.00s
[617.700s][info][gc,start       ] GC(2297) Pause Young (Allocation Failure)
[617.702s][info][gc,heap        ] GC(2297) PSYoungGen: 101280K(101888K)->498K(98816K) Eden: 100864K(100864K)->0K(98304K) From: 416K(1024K)->498K(512K)
[617.702s][info][gc,heap        ] GC(2297) ParOldGen: 409564K(430080K)->409967K(430080K)
[617.702s][info][gc,metaspace   ] GC(2297) Metaspace: 6132K(6208K)->6132K(6208K) NonClass: 5649K(5696K)->5649K(5696K) Class: 483K(512K)->483K(512K)
[617.702s][info][gc             ] GC(2297) Pause Young (Allocation Failure) 498M->400M(516M) 2.153ms
[617.702s][info][gc,cpu         ] GC(2297) User=0.01s Sys=0.00s Real=0.01s
[617.885s][info][gc,start       ] GC(2298) Pause Young (Allocation Failure)
[617.887s][info][gc,heap        ] GC(2298) PSYoungGen: 98802K(98816K)->786K(96768K) Eden: 98304K(98304K)->0K(95744K) From: 498K(512K)->786K(1024K)
[617.887s][info][gc,heap        ] GC(2298) ParOldGen: 409967K(430080K)->410095K(430080K)
[617.887s][info][gc,metaspace   ] GC(2298) Metaspace: 6132K(6208K)->6132K(6208K) NonClass: 5649K(5696K)->5649K(5696K) Class: 483K(512K)->483K(512K)
[617.887s][info][gc             ] GC(2298) Pause Young (Allocation Failure) 496M->401M(514M) 1.854ms
[617.887s][info][gc,cpu         ] GC(2298) User=0.00s Sys=0.00s Real=0.00s
[618.079s][info][gc,start       ] GC(2299) Pause Young (Allocation Failure)
[618.082s][info][gc,heap        ] GC(2299) PSYoungGen: 96530K(96768K)->786K(116224K) Eden: 95744K(95744K)->0K(115200K) From: 786K(1024K)->786K(1024K)
[618.082s][info][gc,heap        ] GC(2299) ParOldGen: 410095K(430080K)->410135K(430080K)
[618.082s][info][gc,metaspace   ] GC(2299) Metaspace: 6132K(6208K)->6132K(6208K) NonClass: 5649K(5696K)->5649K(5696K) Class: 483K(512K)->483K(512K)
[618.082s][info][gc             ] GC(2299) Pause Young (Allocation Failure) 494M->401M(533M) 3.235ms
[618.082s][info][gc,cpu         ] GC(2299) User=0.01s Sys=0.00s Real=0.01s
[618.314s][info][gc,start       ] GC(2300) Pause Young (Allocation Failure)
[618.316s][info][gc,heap        ] GC(2300) PSYoungGen: 115986K(116224K)->384K(112128K) Eden: 115200K(115200K)->0K(111616K) From: 786K(1024K)->384K(512K)
[618.316s][info][gc,heap        ] GC(2300) ParOldGen: 410135K(430080K)->410135K(430080K)
[618.316s][info][gc,metaspace   ] GC(2300) Metaspace: 6132K(6208K)->6132K(6208K) NonClass: 5649K(5696K)->5649K(5696K) Class: 483K(512K)->483K(512K)
[618.316s][info][gc             ] GC(2300) Pause Young (Allocation Failure) 513M->400M(529M) 1.378ms
[618.316s][info][gc,cpu         ] GC(2300) User=0.00s Sys=0.01s Real=0.00s
[618.549s][info][gc,start       ] GC(2301) Pause Young (Allocation Failure)
[618.550s][info][gc,heap        ] GC(2301) PSYoungGen: 112000K(112128K)->640K(109568K) Eden: 111616K(111616K)->0K(108544K) From: 384K(512K)->640K(1024K)
[618.550s][info][gc,heap        ] GC(2301) ParOldGen: 410135K(430080K)->410135K(430080K)
[618.550s][info][gc,metaspace   ] GC(2301) Metaspace: 6132K(6208K)->6132K(6208K) NonClass: 5649K(5696K)->5649K(5696K) Class: 483K(512K)->483K(512K)
[618.550s][info][gc             ] GC(2301) Pause Young (Allocation Failure) 509M->401M(527M) 1.287ms
[618.550s][info][gc,cpu         ] GC(2301) User=0.00s Sys=0.00s Real=0.00s
[618.790s][info][gc,start       ] GC(2302) Pause Young (Allocation Failure)
[618.791s][info][gc,heap        ] GC(2302) PSYoungGen: 109184K(109568K)->768K(106496K) Eden: 108544K(108544K)->0K(105472K) From: 640K(1024K)->768K(1024K)
[618.791s][info][gc,heap        ] GC(2302) ParOldGen: 410135K(430080K)->410135K(430080K)
[618.791s][info][gc,metaspace   ] GC(2302) Metaspace: 6132K(6208K)->6132K(6208K) NonClass: 5649K(5696K)->5649K(5696K) Class: 483K(512K)->483K(512K)
[618.792s][info][gc             ] GC(2302) Pause Young (Allocation Failure) 507M->401M(524M) 1.633ms
[618.792s][info][gc,cpu         ] GC(2302) User=0.00s Sys=0.00s Real=0.01s
[619.021s][info][gc,start       ] GC(2303) Pause Young (Allocation Failure)
[619.023s][info][gc,heap        ] GC(2303) PSYoungGen: 106240K(106496K)->512K(102912K) Eden: 105472K(105472K)->0K(102400K) From: 768K(1024K)->512K(512K)
[619.023s][info][gc,heap        ] GC(2303) ParOldGen: 410135K(430080K)->410303K(430080K)
[619.023s][info][gc,metaspace   ] GC(2303) Metaspace: 6132K(6208K)->6132K(6208K) NonClass: 5649K(5696K)->5649K(5696K) Class: 483K(512K)->483K(512K)
[619.023s][info][gc             ] GC(2303) Pause Young (Allocation Failure) 504M->401M(520M) 1.565ms
[619.023s][info][gc,cpu         ] GC(2303) User=0.00s Sys=0.00s Real=0.00s
[619.253s][info][gc,start       ] GC(2304) Pause Young (Allocation Failure)
[619.254s][info][gc,heap        ] GC(2304) PSYoungGen: 102912K(102912K)->672K(100352K) Eden: 102400K(102400K)->0K(99328K) From: 512K(512K)->672K(1024K)
[619.254s][info][gc,heap        ] GC(2304) ParOldGen: 410303K(430080K)->410303K(430080K)
[619.254s][info][gc,metaspace   ] GC(2304) Metaspace: 6132K(6208K)->6132K(6208K) NonClass: 5649K(5696K)->5649K(5696K) Class: 483K(512K)->483K(512K)
[619.254s][info][gc             ] GC(2304) Pause Young (Allocation Failure) 501M->401M(518M) 1.349ms
[619.254s][info][gc,cpu         ] GC(2304) User=0.00s Sys=0.00s Real=0.00s
[619.471s][info][gc,start       ] GC(2305) Pause Young (Allocation Failure)
[619.472s][info][gc,heap        ] GC(2305) PSYoungGen: 100000K(100352K)->800K(97792K) Eden: 99328K(99328K)->0K(96768K) From: 672K(1024K)->800K(1024K)
[619.472s][info][gc,heap        ] GC(2305) ParOldGen: 410303K(430080K)->410327K(430080K)
[619.472s][info][gc,metaspace   ] GC(2305) Metaspace: 6132K(6208K)->6132K(6208K) NonClass: 5649K(5696K)->5649K(5696K) Class: 483K(512K)->483K(512K)
[619.472s][info][gc             ] GC(2305) Pause Young (Allocation Failure) 498M->401M(515M) 1.800ms
[619.472s][info][gc,cpu         ] GC(2305) User=0.00s Sys=0.00s Real=0.00s
[619.675s][info][gc,start       ] GC(2306) Pause Young (Allocation Failure)
[619.677s][info][gc,heap        ] GC(2306) PSYoungGen: 97568K(97792K)->704K(95232K) Eden: 96768K(96768K)->0K(94208K) From: 800K(1024K)->704K(1024K)
[619.677s][info][gc,heap        ] GC(2306) ParOldGen: 410327K(430080K)->410327K(430080K)
[619.677s][info][gc,metaspace   ] GC(2306) Metaspace: 6132K(6208K)->6132K(6208K) NonClass: 5649K(5696K)->5649K(5696K) Class: 483K(512K)->483K(512K)
[619.677s][info][gc             ] GC(2306) Pause Young (Allocation Failure) 495M->401M(513M) 1.718ms
[619.677s][info][gc,cpu         ] GC(2306) User=0.00s Sys=0.00s Real=0.00s
[619.868s][info][gc,start       ] GC(2307) Pause Young (Allocation Failure)
[619.870s][info][gc,heap        ] GC(2307) PSYoungGen: 94912K(95232K)->416K(92160K) Eden: 94208K(94208K)->0K(91648K) From: 704K(1024K)->416K(512K)
[619.870s][info][gc,heap        ] GC(2307) ParOldGen: 410327K(430080K)->410650K(430080K)
[619.870s][info][gc,metaspace   ] GC(2307) Metaspace: 6132K(6208K)->6132K(6208K) NonClass: 5649K(5696K)->5649K(5696K) Class: 483K(512K)->483K(512K)
[619.870s][info][gc             ] GC(2307) Pause Young (Allocation Failure) 493M->401M(510M) 1.623ms
[619.870s][info][gc,cpu         ] GC(2307) User=0.00s Sys=0.00s Real=0.00s
[620.049s][info][gc,start       ] GC(2308) Pause Young (Allocation Failure)
[620.054s][info][gc,heap        ] GC(2308) PSYoungGen: 92064K(92160K)->448K(111104K) Eden: 91648K(91648K)->0K(110080K) From: 416K(512K)->448K(1024K)
[620.054s][info][gc,heap        ] GC(2308) ParOldGen: 410650K(430080K)->411012K(430080K)
[620.054s][info][gc,metaspace   ] GC(2308) Metaspace: 6132K(6208K)->6132K(6208K) NonClass: 5649K(5696K)->5649K(5696K) Class: 483K(512K)->483K(512K)
[620.054s][info][gc             ] GC(2308) Pause Young (Allocation Failure) 490M->401M(528M) 4.472ms
[620.054s][info][gc,cpu         ] GC(2308) User=0.01s Sys=0.00s Real=0.01s
[620.263s][info][gc,start       ] GC(2309) Pause Young (Allocation Failure)
[620.265s][info][gc,heap        ] GC(2309) PSYoungGen: 110528K(111104K)->466K(132608K) Eden: 110080K(110080K)->0K(132096K) From: 448K(1024K)->466K(512K)
[620.265s][info][gc,heap        ] GC(2309) ParOldGen: 411012K(430080K)->411431K(430080K)
[620.265s][info][gc,metaspace   ] GC(2309) Metaspace: 6132K(6208K)->6132K(6208K) NonClass: 5649K(5696K)->5649K(5696K) Class: 483K(512K)->483K(512K)
[620.265s][info][gc             ] GC(2309) Pause Young (Allocation Failure) 509M->402M(549M) 2.309ms
[620.265s][info][gc,cpu         ] GC(2309) User=0.00s Sys=0.00s Real=0.00s
[620.516s][info][gc,start       ] GC(2310) Pause Young (Allocation Failure)
[620.518s][info][gc,heap        ] GC(2310) PSYoungGen: 132562K(132608K)->736K(159744K) Eden: 132096K(132096K)->0K(158720K) From: 466K(512K)->736K(1024K)
[620.518s][info][gc,heap        ] GC(2310) ParOldGen: 411431K(430080K)->411575K(430080K)
[620.518s][info][gc,metaspace   ] GC(2310) Metaspace: 6132K(6208K)->6132K(6208K) NonClass: 5649K(5696K)->5649K(5696K) Class: 483K(512K)->483K(512K)
[620.518s][info][gc             ] GC(2310) Pause Young (Allocation Failure) 531M->402M(576M) 1.978ms
[620.518s][info][gc,cpu         ] GC(2310) User=0.00s Sys=0.00s Real=0.00s
[620.831s][info][gc,start       ] GC(2311) Pause Young (Allocation Failure)
[620.833s][info][gc,heap        ] GC(2311) PSYoungGen: 159456K(159744K)->768K(154624K) Eden: 158720K(158720K)->0K(153600K) From: 736K(1024K)->768K(1024K)
[620.833s][info][gc,heap        ] GC(2311) ParOldGen: 411575K(430080K)->411631K(430080K)
[620.833s][info][gc,metaspace   ] GC(2311) Metaspace: 6132K(6208K)->6132K(6208K) NonClass: 5649K(5696K)->5649K(5696K) Class: 483K(512K)->483K(512K)
[620.833s][info][gc             ] GC(2311) Pause Young (Allocation Failure) 557M->402M(571M) 1.706ms
[620.833s][info][gc,cpu         ] GC(2311) User=0.00s Sys=0.00s Real=0.00s
[621.127s][info][gc,start       ] GC(2312) Pause Young (Allocation Failure)
[621.129s][info][gc,heap        ] GC(2312) PSYoungGen: 154368K(154624K)->736K(149504K) Eden: 153600K(153600K)->0K(148480K) From: 768K(1024K)->736K(1024K)
[621.129s][info][gc,heap        ] GC(2312) ParOldGen: 411631K(430080K)->411631K(430080K)
[621.129s][info][gc,metaspace   ] GC(2312) Metaspace: 6132K(6208K)->6132K(6208K) NonClass: 5649K(5696K)->5649K(5696K) Class: 483K(512K)->483K(512K)
[621.129s][info][gc             ] GC(2312) Pause Young (Allocation Failure) 552M->402M(566M) 1.922ms
[621.129s][info][gc,cpu         ] GC(2312) User=0.01s Sys=0.00s Real=0.00s
[621.424s][info][gc,start       ] GC(2313) Pause Young (Allocation Failure)
[621.426s][info][gc,heap        ] GC(2313) PSYoungGen: 149216K(149504K)->512K(143872K) Eden: 148480K(148480K)->0K(143360K) From: 736K(1024K)->512K(512K)
[621.426s][info][gc,heap        ] GC(2313) ParOldGen: 411631K(430080K)->411815K(430080K)
[621.426s][info][gc,metaspace   ] GC(2313) Metaspace: 6132K(6208K)->6132K(6208K) NonClass: 5649K(5696K)->5649K(5696K) Class: 483K(512K)->483K(512K)
[621.426s][info][gc             ] GC(2313) Pause Young (Allocation Failure) 547M->402M(560M) 1.813ms
[621.426s][info][gc,cpu         ] GC(2313) User=0.01s Sys=0.00s Real=0.00s
[621.692s][info][gc,start       ] GC(2314) Pause Young (Allocation Failure)
[621.695s][info][gc,heap        ] GC(2314) PSYoungGen: 143872K(143872K)->722K(139776K) Eden: 143360K(143360K)->0K(138752K) From: 512K(512K)->722K(1024K)
[621.695s][info][gc,heap        ] GC(2314) ParOldGen: 411815K(430080K)->411815K(430080K)
[621.695s][info][gc,metaspace   ] GC(2314) Metaspace: 6132K(6208K)->6132K(6208K) NonClass: 5649K(5696K)->5649K(5696K) Class: 483K(512K)->483K(512K)
[621.695s][info][gc             ] GC(2314) Pause Young (Allocation Failure) 542M->402M(556M) 3.081ms
[621.695s][info][gc,cpu         ] GC(2314) User=0.00s Sys=0.00s Real=0.00s
[621.935s][info][gc,start       ] GC(2315) Pause Young (Allocation Failure)
[621.937s][info][gc,heap        ] GC(2315) PSYoungGen: 139474K(139776K)->608K(135168K) Eden: 138752K(138752K)->0K(134144K) From: 722K(1024K)->608K(1024K)
[621.937s][info][gc,heap        ] GC(2315) ParOldGen: 411815K(430080K)->411847K(430080K)
[621.937s][info][gc,metaspace   ] GC(2315) Metaspace: 6132K(6208K)->6132K(6208K) NonClass: 5649K(5696K)->5649K(5696K) Class: 483K(512K)->483K(512K)
[621.937s][info][gc             ] GC(2315) Pause Young (Allocation Failure) 538M->402M(552M) 1.389ms
[621.937s][info][gc,cpu         ] GC(2315) User=0.00s Sys=0.00s Real=0.00s
[622.184s][info][gc,start       ] GC(2316) Pause Young (Allocation Failure)
[622.187s][info][gc,heap        ] GC(2316) PSYoungGen: 134752K(135168K)->754K(131072K) Eden: 134144K(134144K)->0K(130048K) From: 608K(1024K)->754K(1024K)
[622.187s][info][gc,heap        ] GC(2316) ParOldGen: 411847K(430080K)->411847K(430080K)
[622.187s][info][gc,metaspace   ] GC(2316) Metaspace: 6132K(6208K)->6132K(6208K) NonClass: 5649K(5696K)->5649K(5696K) Class: 483K(512K)->483K(512K)
[622.187s][info][gc             ] GC(2316) Pause Young (Allocation Failure) 533M->402M(548M) 3.283ms
[622.187s][info][gc,cpu         ] GC(2316) User=0.00s Sys=0.00s Real=0.00s
[622.421s][info][gc,start       ] GC(2317) Pause Young (Allocation Failure)
[622.423s][info][gc,heap        ] GC(2317) PSYoungGen: 130802K(131072K)->512K(126464K) Eden: 130048K(130048K)->0K(125952K) From: 754K(1024K)->512K(512K)
[622.423s][info][gc,heap        ] GC(2317) ParOldGen: 411847K(430080K)->411983K(430080K)
[622.423s][info][gc,metaspace   ] GC(2317) Metaspace: 6132K(6208K)->6132K(6208K) NonClass: 5649K(5696K)->5649K(5696K) Class: 483K(512K)->483K(512K)
[622.423s][info][gc             ] GC(2317) Pause Young (Allocation Failure) 529M->402M(543M) 2.519ms
[622.423s][info][gc,cpu         ] GC(2317) User=0.00s Sys=0.00s Real=0.00s
[622.649s][info][gc,start       ] GC(2318) Pause Young (Allocation Failure)
[622.650s][info][gc,heap        ] GC(2318) PSYoungGen: 126464K(126464K)->736K(122880K) Eden: 125952K(125952K)->0K(121856K) From: 512K(512K)->736K(1024K)
[622.650s][info][gc,heap        ] GC(2318) ParOldGen: 411983K(430080K)->411983K(430080K)
[622.650s][info][gc,metaspace   ] GC(2318) Metaspace: 6132K(6208K)->6132K(6208K) NonClass: 5649K(5696K)->5649K(5696K) Class: 483K(512K)->483K(512K)
[622.650s][info][gc             ] GC(2318) Pause Young (Allocation Failure) 525M->403M(540M) 1.460ms
[622.650s][info][gc,cpu         ] GC(2318) User=0.00s Sys=0.00s Real=0.00s
[622.886s][info][gc,start       ] GC(2319) Pause Young (Allocation Failure)
[622.888s][info][gc,heap        ] GC(2319) PSYoungGen: 122592K(122880K)->768K(119296K) Eden: 121856K(121856K)->0K(118272K) From: 736K(1024K)->768K(1024K)
[622.888s][info][gc,heap        ] GC(2319) ParOldGen: 411983K(430080K)->412015K(430080K)
[622.888s][info][gc,metaspace   ] GC(2319) Metaspace: 6132K(6208K)->6132K(6208K) NonClass: 5649K(5696K)->5649K(5696K) Class: 483K(512K)->483K(512K)
[622.888s][info][gc             ] GC(2319) Pause Young (Allocation Failure) 522M->403M(536M) 1.774ms
[622.888s][info][gc,cpu         ] GC(2319) User=0.00s Sys=0.00s Real=0.00s
[623.133s][info][gc,start       ] GC(2320) Pause Young (Allocation Failure)
[623.135s][info][gc,heap        ] GC(2320) PSYoungGen: 119040K(119296K)->736K(115712K) Eden: 118272K(118272K)->0K(114688K) From: 768K(1024K)->736K(1024K)
[623.135s][info][gc,heap        ] GC(2320) ParOldGen: 412015K(430080K)->412015K(430080K)
[623.135s][info][gc,metaspace   ] GC(2320) Metaspace: 6132K(6208K)->6132K(6208K) NonClass: 5649K(5696K)->5649K(5696K) Class: 483K(512K)->483K(512K)
[623.135s][info][gc             ] GC(2320) Pause Young (Allocation Failure) 518M->403M(533M) 1.628ms
[623.135s][info][gc,cpu         ] GC(2320) User=0.00s Sys=0.00s Real=0.00s
[623.374s][info][gc,start       ] GC(2321) Pause Young (Allocation Failure)
[623.375s][info][gc,heap        ] GC(2321) PSYoungGen: 115424K(115712K)->512K(111616K) Eden: 114688K(114688K)->0K(111104K) From: 736K(1024K)->512K(512K)
[623.375s][info][gc,heap        ] GC(2321) ParOldGen: 412015K(430080K)->412143K(430080K)
[623.375s][info][gc,metaspace   ] GC(2321) Metaspace: 6132K(6208K)->6132K(6208K) NonClass: 5649K(5696K)->5649K(5696K) Class: 483K(512K)->483K(512K)
[623.375s][info][gc             ] GC(2321) Pause Young (Allocation Failure) 515M->402M(529M) 1.459ms
[623.375s][info][gc,cpu         ] GC(2321) User=0.01s Sys=0.00s Real=0.00s
[623.573s][info][gc,start       ] GC(2322) Pause Young (Allocation Failure)
[623.574s][info][gc,heap        ] GC(2322) PSYoungGen: 111616K(111616K)->736K(109056K) Eden: 111104K(111104K)->0K(108032K) From: 512K(512K)->736K(1024K)
[623.574s][info][gc,heap        ] GC(2322) ParOldGen: 412143K(430080K)->412143K(430080K)
[623.574s][info][gc,metaspace   ] GC(2322) Metaspace: 6132K(6208K)->6132K(6208K) NonClass: 5649K(5696K)->5649K(5696K) Class: 483K(512K)->483K(512K)
[623.574s][info][gc             ] GC(2322) Pause Young (Allocation Failure) 511M->403M(526M) 1.769ms
[623.574s][info][gc,cpu         ] GC(2322) User=0.00s Sys=0.00s Real=0.00s
[623.805s][info][gc,start       ] GC(2323) Pause Young (Allocation Failure)
[623.806s][info][gc,heap        ] GC(2323) PSYoungGen: 108768K(109056K)->768K(105984K) Eden: 108032K(108032K)->0K(104960K) From: 736K(1024K)->768K(1024K)
[623.806s][info][gc,heap        ] GC(2323) ParOldGen: 412143K(430080K)->412175K(430080K)
[623.806s][info][gc,metaspace   ] GC(2323) Metaspace: 6132K(6208K)->6132K(6208K) NonClass: 5649K(5696K)->5649K(5696K) Class: 483K(512K)->483K(512K)
[623.806s][info][gc             ] GC(2323) Pause Young (Allocation Failure) 508M->403M(523M) 1.659ms
[623.806s][info][gc,cpu         ] GC(2323) User=0.00s Sys=0.00s Real=0.00s
[624.046s][info][gc,start       ] GC(2324) Pause Young (Allocation Failure)
[624.048s][info][gc,heap        ] GC(2324) PSYoungGen: 105728K(105984K)->768K(102912K) Eden: 104960K(104960K)->0K(101888K) From: 768K(1024K)->768K(1024K)
[624.048s][info][gc,heap        ] GC(2324) ParOldGen: 412175K(430080K)->412175K(430080K)
[624.048s][info][gc,metaspace   ] GC(2324) Metaspace: 6132K(6208K)->6132K(6208K) NonClass: 5649K(5696K)->5649K(5696K) Class: 483K(512K)->483K(512K)
[624.048s][info][gc             ] GC(2324) Pause Young (Allocation Failure) 505M->403M(520M) 1.728ms
[624.048s][info][gc,cpu         ] GC(2324) User=0.00s Sys=0.00s Real=0.00s
[624.267s][info][gc,start       ] GC(2325) Pause Young (Allocation Failure)
[624.269s][info][gc,heap        ] GC(2325) PSYoungGen: 102656K(102912K)->512K(99328K) Eden: 101888K(101888K)->0K(98816K) From: 768K(1024K)->512K(512K)
[624.269s][info][gc,heap        ] GC(2325) ParOldGen: 412175K(430080K)->412399K(430080K)
[624.269s][info][gc,metaspace   ] GC(2325) Metaspace: 6132K(6208K)->6132K(6208K) NonClass: 5649K(5696K)->5649K(5696K) Class: 483K(512K)->483K(512K)
[624.269s][info][gc             ] GC(2325) Pause Young (Allocation Failure) 502M->403M(517M) 1.875ms
[624.269s][info][gc,cpu         ] GC(2325) User=0.00s Sys=0.00s Real=0.00s
[624.457s][info][gc,start       ] GC(2326) Pause Young (Allocation Failure)
[624.458s][info][gc,heap        ] GC(2326) PSYoungGen: 99328K(99328K)->704K(97280K) Eden: 98816K(98816K)->0K(96256K) From: 512K(512K)->704K(1024K)
[624.458s][info][gc,heap        ] GC(2326) ParOldGen: 412399K(430080K)->412399K(430080K)
[624.458s][info][gc,metaspace   ] GC(2326) Metaspace: 6132K(6208K)->6132K(6208K) NonClass: 5649K(5696K)->5649K(5696K) Class: 483K(512K)->483K(512K)
[624.458s][info][gc             ] GC(2326) Pause Young (Allocation Failure) 499M->403M(515M) 1.677ms
[624.458s][info][gc,cpu         ] GC(2326) User=0.01s Sys=0.00s Real=0.00s
[624.665s][info][gc,start       ] GC(2327) Pause Young (Allocation Failure)
[624.666s][info][gc,heap        ] GC(2327) PSYoungGen: 96960K(97280K)->672K(94720K) Eden: 96256K(96256K)->0K(93696K) From: 704K(1024K)->672K(1024K)
[624.666s][info][gc,heap        ] GC(2327) ParOldGen: 412399K(430080K)->412431K(430080K)
[624.666s][info][gc,metaspace   ] GC(2327) Metaspace: 6132K(6208K)->6132K(6208K) NonClass: 5649K(5696K)->5649K(5696K) Class: 483K(512K)->483K(512K)
[624.666s][info][gc             ] GC(2327) Pause Young (Allocation Failure) 497M->403M(512M) 1.476ms
[624.666s][info][gc,cpu         ] GC(2327) User=0.00s Sys=0.00s Real=0.00s
[624.843s][info][gc,start       ] GC(2328) Pause Young (Allocation Failure)
[624.844s][info][gc,heap        ] GC(2328) PSYoungGen: 94368K(94720K)->416K(91648K) Eden: 93696K(93696K)->0K(91136K) From: 672K(1024K)->416K(512K)
[624.844s][info][gc,heap        ] GC(2328) ParOldGen: 412431K(430080K)->412745K(430080K)
[624.844s][info][gc,metaspace   ] GC(2328) Metaspace: 6132K(6208K)->6132K(6208K) NonClass: 5649K(5696K)->5649K(5696K) Class: 483K(512K)->483K(512K)
[624.845s][info][gc             ] GC(2328) Pause Young (Allocation Failure) 494M->403M(509M) 1.771ms
[624.845s][info][gc,cpu         ] GC(2328) User=0.00s Sys=0.00s Real=0.00s
[625.059s][info][gc,start       ] GC(2329) Pause Young (Allocation Failure)
[625.062s][info][gc,heap        ] GC(2329) PSYoungGen: 91552K(91648K)->480K(89088K) Eden: 91136K(91136K)->0K(88576K) From: 416K(512K)->480K(512K)
[625.062s][info][gc,heap        ] GC(2329) ParOldGen: 412745K(430080K)->413140K(430080K)
[625.062s][info][gc,metaspace   ] GC(2329) Metaspace: 6132K(6208K)->6132K(6208K) NonClass: 5649K(5696K)->5649K(5696K) Class: 483K(512K)->483K(512K)
[625.062s][info][gc             ] GC(2329) Pause Young (Allocation Failure) 492M->403M(507M) 2.978ms
[625.062s][info][gc,cpu         ] GC(2329) User=0.01s Sys=0.00s Real=0.01s
[625.256s][info][gc,start       ] GC(2330) Pause Young (Allocation Failure)
[625.258s][info][gc,heap        ] GC(2330) PSYoungGen: 89056K(89088K)->786K(87552K) Eden: 88576K(88576K)->0K(86528K) From: 480K(512K)->786K(1024K)
[625.258s][info][gc,heap        ] GC(2330) ParOldGen: 413140K(430080K)->413260K(430080K)
[625.258s][info][gc,metaspace   ] GC(2330) Metaspace: 6132K(6208K)->6132K(6208K) NonClass: 5649K(5696K)->5649K(5696K) Class: 483K(512K)->483K(512K)
[625.258s][info][gc             ] GC(2330) Pause Young (Allocation Failure) 490M->404M(505M) 1.773ms
[625.258s][info][gc,cpu         ] GC(2330) User=0.01s Sys=0.00s Real=0.00s
[625.415s][info][gc,start       ] GC(2331) Pause Young (Allocation Failure)
[625.417s][info][gc,heap        ] GC(2331) PSYoungGen: 87314K(87552K)->544K(272896K) Eden: 86528K(86528K)->0K(271872K) From: 786K(1024K)->544K(1024K)
[625.417s][info][gc,heap        ] GC(2331) ParOldGen: 413260K(430080K)->413308K(430080K)
[625.417s][info][gc,metaspace   ] GC(2331) Metaspace: 6132K(6208K)->6132K(6208K) NonClass: 5649K(5696K)->5649K(5696K) Class: 483K(512K)->483K(512K)
[625.417s][info][gc             ] GC(2331) Pause Young (Allocation Failure) 488M->404M(686M) 1.623ms
[625.417s][info][gc,cpu         ] GC(2331) User=0.00s Sys=0.00s Real=0.00s
[626.109s][info][gc,start       ] GC(2332) Pause Young (Allocation Failure)
[626.110s][info][gc,heap        ] GC(2332) PSYoungGen: 272416K(272896K)->672K(262144K) Eden: 271872K(271872K)->0K(261120K) From: 544K(1024K)->672K(1024K)
[626.110s][info][gc,heap        ] GC(2332) ParOldGen: 413308K(430080K)->413308K(430080K)
[626.110s][info][gc,metaspace   ] GC(2332) Metaspace: 6132K(6208K)->6132K(6208K) NonClass: 5649K(5696K)->5649K(5696K) Class: 483K(512K)->483K(512K)
[626.110s][info][gc             ] GC(2332) Pause Young (Allocation Failure) 669M->404M(676M) 1.506ms
[626.110s][info][gc,cpu         ] GC(2332) User=0.00s Sys=0.00s Real=0.00s
[626.589s][info][gc,start       ] GC(2333) Pause Young (Allocation Failure)
[626.590s][info][gc,heap        ] GC(2333) PSYoungGen: 261792K(262144K)->512K(251392K) Eden: 261120K(261120K)->0K(250880K) From: 672K(1024K)->512K(512K)
[626.590s][info][gc,heap        ] GC(2333) ParOldGen: 413308K(430080K)->413508K(430080K)
[626.590s][info][gc,metaspace   ] GC(2333) Metaspace: 6132K(6208K)->6132K(6208K) NonClass: 5649K(5696K)->5649K(5696K) Class: 483K(512K)->483K(512K)
[626.590s][info][gc             ] GC(2333) Pause Young (Allocation Failure) 659M->404M(665M) 1.475ms
[626.590s][info][gc,cpu         ] GC(2333) User=0.00s Sys=0.00s Real=0.00s
[627.097s][info][gc,start       ] GC(2334) Pause Young (Allocation Failure)
[627.098s][info][gc,heap        ] GC(2334) PSYoungGen: 251392K(251392K)->640K(242176K) Eden: 250880K(250880K)->0K(241152K) From: 512K(512K)->640K(1024K)
[627.098s][info][gc,heap        ] GC(2334) ParOldGen: 413508K(430080K)->413508K(430080K)
[627.098s][info][gc,metaspace   ] GC(2334) Metaspace: 6132K(6208K)->6132K(6208K) NonClass: 5649K(5696K)->5649K(5696K) Class: 483K(512K)->483K(512K)
[627.098s][info][gc             ] GC(2334) Pause Young (Allocation Failure) 649M->404M(656M) 1.319ms
[627.098s][info][gc,cpu         ] GC(2334) User=0.00s Sys=0.00s Real=0.00s
[627.650s][info][gc,start       ] GC(2335) Pause Young (Allocation Failure)
[627.651s][info][gc,heap        ] GC(2335) PSYoungGen: 241792K(242176K)->672K(232960K) Eden: 241152K(241152K)->0K(231936K) From: 640K(1024K)->672K(1024K)
[627.651s][info][gc,heap        ] GC(2335) ParOldGen: 413508K(430080K)->413524K(430080K)
[627.651s][info][gc,metaspace   ] GC(2335) Metaspace: 6132K(6208K)->6132K(6208K) NonClass: 5649K(5696K)->5649K(5696K) Class: 483K(512K)->483K(512K)
[627.652s][info][gc             ] GC(2335) Pause Young (Allocation Failure) 639M->404M(647M) 1.621ms
[627.652s][info][gc,cpu         ] GC(2335) User=0.00s Sys=0.00s Real=0.01s
[628.080s][info][gc,start       ] GC(2336) Pause Young (Allocation Failure)
[628.082s][info][gc,heap        ] GC(2336) PSYoungGen: 232608K(232960K)->672K(224256K) Eden: 231936K(231936K)->0K(223232K) From: 672K(1024K)->672K(1024K)
[628.082s][info][gc,heap        ] GC(2336) ParOldGen: 413524K(430080K)->413524K(430080K)
[628.082s][info][gc,metaspace   ] GC(2336) Metaspace: 6132K(6208K)->6132K(6208K) NonClass: 5649K(5696K)->5649K(5696K) Class: 483K(512K)->483K(512K)
[628.082s][info][gc             ] GC(2336) Pause Young (Allocation Failure) 630M->404M(639M) 1.498ms
[628.082s][info][gc,cpu         ] GC(2336) User=0.00s Sys=0.00s Real=0.01s
[628.519s][info][gc,start       ] GC(2337) Pause Young (Allocation Failure)
[628.522s][info][gc,heap        ] GC(2337) PSYoungGen: 223904K(224256K)->512K(215552K) Eden: 223232K(223232K)->0K(215040K) From: 672K(1024K)->512K(512K)
[628.522s][info][gc,heap        ] GC(2337) ParOldGen: 413524K(430080K)->413740K(430080K)
[628.522s][info][gc,metaspace   ] GC(2337) Metaspace: 6132K(6208K)->6132K(6208K) NonClass: 5649K(5696K)->5649K(5696K) Class: 483K(512K)->483K(512K)
[628.522s][info][gc             ] GC(2337) Pause Young (Allocation Failure) 622M->404M(630M) 3.064ms
[628.522s][info][gc,cpu         ] GC(2337) User=0.00s Sys=0.00s Real=0.01s
[628.939s][info][gc,start       ] GC(2338) Pause Young (Allocation Failure)
[628.940s][info][gc,heap        ] GC(2338) PSYoungGen: 215552K(215552K)->704K(207872K) Eden: 215040K(215040K)->0K(206848K) From: 512K(512K)->704K(1024K)
[628.940s][info][gc,heap        ] GC(2338) ParOldGen: 413740K(430080K)->413740K(430080K)
[628.940s][info][gc,metaspace   ] GC(2338) Metaspace: 6132K(6208K)->6132K(6208K) NonClass: 5649K(5696K)->5649K(5696K) Class: 483K(512K)->483K(512K)
[628.940s][info][gc             ] GC(2338) Pause Young (Allocation Failure) 614M->404M(623M) 1.440ms
[628.940s][info][gc,cpu         ] GC(2338) User=0.00s Sys=0.00s Real=0.00s
[629.397s][info][gc,start       ] GC(2339) Pause Young (Allocation Failure)
[629.399s][info][gc,heap        ] GC(2339) PSYoungGen: 207552K(207872K)->704K(200192K) Eden: 206848K(206848K)->0K(199168K) From: 704K(1024K)->704K(1024K)
[629.399s][info][gc,heap        ] GC(2339) ParOldGen: 413740K(430080K)->413772K(430080K)
[629.399s][info][gc,metaspace   ] GC(2339) Metaspace: 6132K(6208K)->6132K(6208K) NonClass: 5649K(5696K)->5649K(5696K) Class: 483K(512K)->483K(512K)
[629.399s][info][gc             ] GC(2339) Pause Young (Allocation Failure) 606M->404M(615M) 2.686ms
[629.399s][info][gc,cpu         ] GC(2339) User=0.00s Sys=0.00s Real=0.00s
[629.806s][info][gc,start       ] GC(2340) Pause Young (Allocation Failure)
[629.808s][info][gc,heap        ] GC(2340) PSYoungGen: 199872K(200192K)->658K(193024K) Eden: 199168K(199168K)->0K(192000K) From: 704K(1024K)->658K(1024K)
[629.808s][info][gc,heap        ] GC(2340) ParOldGen: 413772K(430080K)->413772K(430080K)
[629.808s][info][gc,metaspace   ] GC(2340) Metaspace: 6132K(6208K)->6132K(6208K) NonClass: 5649K(5696K)->5649K(5696K) Class: 483K(512K)->483K(512K)
[629.808s][info][gc             ] GC(2340) Pause Young (Allocation Failure) 599M->404M(608M) 2.629ms
[629.808s][info][gc,cpu         ] GC(2340) User=0.01s Sys=0.00s Real=0.00s
[630.178s][info][gc,start       ] GC(2341) Pause Young (Allocation Failure)
[630.181s][info][gc,heap        ] GC(2341) PSYoungGen: 192658K(193024K)->498K(185856K) Eden: 192000K(192000K)->0K(185344K) From: 658K(1024K)->498K(512K)
[630.181s][info][gc,heap        ] GC(2341) ParOldGen: 413772K(430080K)->413972K(430080K)
[630.181s][info][gc,metaspace   ] GC(2341) Metaspace: 6132K(6208K)->6132K(6208K) NonClass: 5649K(5696K)->5649K(5696K) Class: 483K(512K)->483K(512K)
[630.181s][info][gc             ] GC(2341) Pause Young (Allocation Failure) 592M->404M(601M) 2.596ms
[630.181s][info][gc,cpu         ] GC(2341) User=0.00s Sys=0.00s Real=0.01s
[630.533s][info][gc,start       ] GC(2342) Pause Young (Allocation Failure)
[630.535s][info][gc,heap        ] GC(2342) PSYoungGen: 185842K(185856K)->754K(179712K) Eden: 185344K(185344K)->0K(178688K) From: 498K(512K)->754K(1024K)
[630.535s][info][gc,heap        ] GC(2342) ParOldGen: 413972K(430080K)->413972K(430080K)
[630.535s][info][gc,metaspace   ] GC(2342) Metaspace: 6132K(6208K)->6132K(6208K) NonClass: 5649K(5696K)->5649K(5696K) Class: 483K(512K)->483K(512K)
[630.535s][info][gc             ] GC(2342) Pause Young (Allocation Failure) 585M->405M(595M) 2.544ms
[630.535s][info][gc,cpu         ] GC(2342) User=0.00s Sys=0.00s Real=0.00s
[630.870s][info][gc,start       ] GC(2343) Pause Young (Allocation Failure)
[630.873s][info][gc,heap        ] GC(2343) PSYoungGen: 179442K(179712K)->672K(173568K) Eden: 178688K(178688K)->0K(172544K) From: 754K(1024K)->672K(1024K)
[630.873s][info][gc,heap        ] GC(2343) ParOldGen: 413972K(430080K)->413996K(430080K)
[630.873s][info][gc,metaspace   ] GC(2343) Metaspace: 6132K(6208K)->6132K(6208K) NonClass: 5649K(5696K)->5649K(5696K) Class: 483K(512K)->483K(512K)
[630.873s][info][gc             ] GC(2343) Pause Young (Allocation Failure) 579M->404M(589M) 2.792ms
[630.873s][info][gc,cpu         ] GC(2343) User=0.00s Sys=0.00s Real=0.01s
[631.261s][info][gc,start       ] GC(2344) Pause Young (Allocation Failure)
[631.262s][info][gc,heap        ] GC(2344) PSYoungGen: 173216K(173568K)->672K(167424K) Eden: 172544K(172544K)->0K(166400K) From: 672K(1024K)->672K(1024K)
[631.262s][info][gc,heap        ] GC(2344) ParOldGen: 413996K(430080K)->413996K(430080K)
[631.262s][info][gc,metaspace   ] GC(2344) Metaspace: 6132K(6208K)->6132K(6208K) NonClass: 5649K(5696K)->5649K(5696K) Class: 483K(512K)->483K(512K)
[631.262s][info][gc             ] GC(2344) Pause Young (Allocation Failure) 573M->404M(583M) 1.521ms
[631.262s][info][gc,cpu         ] GC(2344) User=0.00s Sys=0.00s Real=0.00s
[631.648s][info][gc,start       ] GC(2345) Pause Young (Allocation Failure)
[631.650s][info][gc,heap        ] GC(2345) PSYoungGen: 167072K(167424K)->512K(161280K) Eden: 166400K(166400K)->0K(160768K) From: 672K(1024K)->512K(512K)
[631.650s][info][gc,heap        ] GC(2345) ParOldGen: 413996K(430080K)->414156K(430080K)
[631.650s][info][gc,metaspace   ] GC(2345) Metaspace: 6132K(6208K)->6132K(6208K) NonClass: 5649K(5696K)->5649K(5696K) Class: 483K(512K)->483K(512K)
[631.650s][info][gc             ] GC(2345) Pause Young (Allocation Failure) 567M->404M(577M) 1.450ms
[631.650s][info][gc,cpu         ] GC(2345) User=0.00s Sys=0.00s Real=0.00s
[631.947s][info][gc,start       ] GC(2346) Pause Young (Allocation Failure)
[631.948s][info][gc,heap        ] GC(2346) PSYoungGen: 161280K(161280K)->741K(156160K) Eden: 160768K(160768K)->0K(155136K) From: 512K(512K)->741K(1024K)
[631.948s][info][gc,heap        ] GC(2346) ParOldGen: 414156K(430080K)->414156K(430080K)
[631.948s][info][gc,metaspace   ] GC(2346) Metaspace: 6132K(6208K)->6132K(6208K) NonClass: 5649K(5696K)->5649K(5696K) Class: 483K(512K)->483K(512K)
[631.948s][info][gc             ] GC(2346) Pause Young (Allocation Failure) 561M->405M(572M) 1.480ms
[631.948s][info][gc,cpu         ] GC(2346) User=0.01s Sys=0.00s Real=0.00s
[632.280s][info][gc,start       ] GC(2347) Pause Young (Allocation Failure)
[632.282s][info][gc,heap        ] GC(2347) PSYoungGen: 155877K(156160K)->672K(151040K) Eden: 155136K(155136K)->0K(150016K) From: 741K(1024K)->672K(1024K)
[632.282s][info][gc,heap        ] GC(2347) ParOldGen: 414156K(430080K)->414196K(430080K)
[632.282s][info][gc,metaspace   ] GC(2347) Metaspace: 6132K(6208K)->6132K(6208K) NonClass: 5649K(5696K)->5649K(5696K) Class: 483K(512K)->483K(512K)
[632.282s][info][gc             ] GC(2347) Pause Young (Allocation Failure) 556M->405M(567M) 1.362ms
[632.282s][info][gc,cpu         ] GC(2347) User=0.00s Sys=0.00s Real=0.01s
[632.670s][info][gc,start       ] GC(2348) Pause Young (Allocation Failure)
[632.672s][info][gc,heap        ] GC(2348) PSYoungGen: 150688K(151040K)->736K(145920K) Eden: 150016K(150016K)->0K(144896K) From: 672K(1024K)->736K(1024K)
[632.672s][info][gc,heap        ] GC(2348) ParOldGen: 414196K(430080K)->414196K(430080K)
[632.672s][info][gc,metaspace   ] GC(2348) Metaspace: 6132K(6208K)->6132K(6208K) NonClass: 5649K(5696K)->5649K(5696K) Class: 483K(512K)->483K(512K)
[632.672s][info][gc             ] GC(2348) Pause Young (Allocation Failure) 551M->405M(562M) 1.701ms
[632.672s][info][gc,cpu         ] GC(2348) User=0.00s Sys=0.00s Real=0.01s
[633.048s][info][gc,start       ] GC(2349) Pause Young (Allocation Failure)
[633.050s][info][gc,heap        ] GC(2349) PSYoungGen: 145632K(145920K)->512K(140800K) Eden: 144896K(144896K)->0K(140288K) From: 736K(1024K)->512K(512K)
[633.050s][info][gc,heap        ] GC(2349) ParOldGen: 414196K(430080K)->414348K(430080K)
[633.050s][info][gc,metaspace   ] GC(2349) Metaspace: 6132K(6208K)->6132K(6208K) NonClass: 5649K(5696K)->5649K(5696K) Class: 483K(512K)->483K(512K)
[633.050s][info][gc             ] GC(2349) Pause Young (Allocation Failure) 546M->405M(557M) 1.425ms
[633.050s][info][gc,cpu         ] GC(2349) User=0.00s Sys=0.01s Real=0.00s
[633.451s][info][gc,start       ] GC(2350) Pause Young (Allocation Failure)
[633.454s][info][gc,heap        ] GC(2350) PSYoungGen: 140800K(140800K)->741K(136704K) Eden: 140288K(140288K)->0K(135680K) From: 512K(512K)->741K(1024K)
[633.454s][info][gc,heap        ] GC(2350) ParOldGen: 414348K(430080K)->414348K(430080K)
[633.454s][info][gc,metaspace   ] GC(2350) Metaspace: 6132K(6208K)->6132K(6208K) NonClass: 5649K(5696K)->5649K(5696K) Class: 483K(512K)->483K(512K)
[633.454s][info][gc             ] GC(2350) Pause Young (Allocation Failure) 542M->405M(553M) 3.164ms
[633.454s][info][gc,cpu         ] GC(2350) User=0.00s Sys=0.00s Real=0.00s
[633.798s][info][gc,start       ] GC(2351) Pause Young (Allocation Failure)
[633.799s][info][gc,heap        ] GC(2351) PSYoungGen: 136421K(136704K)->768K(132608K) Eden: 135680K(135680K)->0K(131584K) From: 741K(1024K)->768K(1024K)
[633.799s][info][gc,heap        ] GC(2351) ParOldGen: 414348K(430080K)->414388K(430080K)
[633.799s][info][gc,metaspace   ] GC(2351) Metaspace: 6132K(6208K)->6132K(6208K) NonClass: 5649K(5696K)->5649K(5696K) Class: 483K(512K)->483K(512K)
[633.799s][info][gc             ] GC(2351) Pause Young (Allocation Failure) 537M->405M(549M) 1.608ms
[633.799s][info][gc,cpu         ] GC(2351) User=0.00s Sys=0.00s Real=0.00s
[634.069s][info][gc,start       ] GC(2352) Pause Young (Allocation Failure)
[634.070s][info][gc,heap        ] GC(2352) PSYoungGen: 132352K(132608K)->768K(128512K) Eden: 131584K(131584K)->0K(127488K) From: 768K(1024K)->768K(1024K)
[634.070s][info][gc,heap        ] GC(2352) ParOldGen: 414388K(430080K)->414388K(430080K)
[634.070s][info][gc,metaspace   ] GC(2352) Metaspace: 6132K(6208K)->6132K(6208K) NonClass: 5649K(5696K)->5649K(5696K) Class: 483K(512K)->483K(512K)
[634.070s][info][gc             ] GC(2352) Pause Young (Allocation Failure) 533M->405M(545M) 1.491ms
[634.070s][info][gc,cpu         ] GC(2352) User=0.00s Sys=0.00s Real=0.00s
[634.317s][info][gc,start       ] GC(2353) Pause Young (Allocation Failure)
[634.319s][info][gc,heap        ] GC(2353) PSYoungGen: 128256K(128512K)->498K(123904K) Eden: 127488K(127488K)->0K(123392K) From: 768K(1024K)->498K(512K)
[634.319s][info][gc,heap        ] GC(2353) ParOldGen: 414388K(430080K)->414516K(430080K)
[634.319s][info][gc,metaspace   ] GC(2353) Metaspace: 6132K(6208K)->6132K(6208K) NonClass: 5649K(5696K)->5649K(5696K) Class: 483K(512K)->483K(512K)
[634.319s][info][gc             ] GC(2353) Pause Young (Allocation Failure) 529M->405M(541M) 2.391ms
[634.319s][info][gc,cpu         ] GC(2353) User=0.00s Sys=0.00s Real=0.00s
[634.554s][info][gc,start       ] GC(2354) Pause Young (Allocation Failure)
[634.557s][info][gc,heap        ] GC(2354) PSYoungGen: 123890K(123904K)->773K(120832K) Eden: 123392K(123392K)->0K(119808K) From: 498K(512K)->773K(1024K)
[634.557s][info][gc,heap        ] GC(2354) ParOldGen: 414516K(430080K)->414516K(430080K)
[634.557s][info][gc,metaspace   ] GC(2354) Metaspace: 6132K(6208K)->6132K(6208K) NonClass: 5649K(5696K)->5649K(5696K) Class: 483K(512K)->483K(512K)
[634.557s][info][gc             ] GC(2354) Pause Young (Allocation Failure) 525M->405M(538M) 2.878ms
[634.557s][info][gc,cpu         ] GC(2354) User=0.00s Sys=0.00s Real=0.00s
[634.781s][info][gc,start       ] GC(2355) Pause Young (Allocation Failure)
[634.783s][info][gc,heap        ] GC(2355) PSYoungGen: 120581K(120832K)->704K(117248K) Eden: 119808K(119808K)->0K(116224K) From: 773K(1024K)->704K(1024K)
[634.783s][info][gc,heap        ] GC(2355) ParOldGen: 414516K(430080K)->414564K(430080K)
[634.783s][info][gc,metaspace   ] GC(2355) Metaspace: 6132K(6208K)->6132K(6208K) NonClass: 5649K(5696K)->5649K(5696K) Class: 483K(512K)->483K(512K)
[634.783s][info][gc             ] GC(2355) Pause Young (Allocation Failure) 522M->405M(534M) 2.770ms
[634.783s][info][gc,cpu         ] GC(2355) User=0.00s Sys=0.00s Real=0.00s
[634.981s][info][gc,start       ] GC(2356) Pause Young (Allocation Failure)
[634.984s][info][gc,heap        ] GC(2356) PSYoungGen: 116928K(117248K)->722K(113664K) Eden: 116224K(116224K)->0K(112640K) From: 704K(1024K)->722K(1024K)
[634.984s][info][gc,heap        ] GC(2356) ParOldGen: 414564K(430080K)->414564K(430080K)
[634.984s][info][gc,metaspace   ] GC(2356) Metaspace: 6132K(6208K)->6132K(6208K) NonClass: 5649K(5696K)->5649K(5696K) Class: 483K(512K)->483K(512K)
[634.984s][info][gc             ] GC(2356) Pause Young (Allocation Failure) 519M->405M(531M) 2.901ms
[634.984s][info][gc,cpu         ] GC(2356) User=0.00s Sys=0.00s Real=0.00s
[635.199s][info][gc,start       ] GC(2357) Pause Young (Allocation Failure)
[635.202s][info][gc,heap        ] GC(2357) PSYoungGen: 113362K(113664K)->498K(135680K) Eden: 112640K(112640K)->0K(135168K) From: 722K(1024K)->498K(512K)
[635.202s][info][gc,heap        ] GC(2357) ParOldGen: 414564K(430080K)->414724K(430080K)
[635.202s][info][gc,metaspace   ] GC(2357) Metaspace: 6132K(6208K)->6132K(6208K) NonClass: 5649K(5696K)->5649K(5696K) Class: 483K(512K)->483K(512K)
[635.202s][info][gc             ] GC(2357) Pause Young (Allocation Failure) 515M->405M(552M) 2.914ms
[635.202s][info][gc,cpu         ] GC(2357) User=0.00s Sys=0.00s Real=0.01s
[635.491s][info][gc,start       ] GC(2358) Pause Young (Allocation Failure)
[635.494s][info][gc,heap        ] GC(2358) PSYoungGen: 135666K(135680K)->786K(163328K) Eden: 135168K(135168K)->0K(162304K) From: 498K(512K)->786K(1024K)
[635.494s][info][gc,heap        ] GC(2358) ParOldGen: 414724K(430080K)->414724K(430080K)
[635.494s][info][gc,metaspace   ] GC(2358) Metaspace: 6132K(6208K)->6132K(6208K) NonClass: 5649K(5696K)->5649K(5696K) Class: 483K(512K)->483K(512K)
[635.494s][info][gc             ] GC(2358) Pause Young (Allocation Failure) 537M->405M(579M) 3.093ms
[635.494s][info][gc,cpu         ] GC(2358) User=0.01s Sys=0.00s Real=0.00s
[635.868s][info][gc,start       ] GC(2359) Pause Young (Allocation Failure)
[635.869s][info][gc,heap        ] GC(2359) PSYoungGen: 163090K(163328K)->768K(157696K) Eden: 162304K(162304K)->0K(156672K) From: 786K(1024K)->768K(1024K)
[635.869s][info][gc,heap        ] GC(2359) ParOldGen: 414724K(430080K)->414780K(430080K)
[635.869s][info][gc,metaspace   ] GC(2359) Metaspace: 6132K(6208K)->6132K(6208K) NonClass: 5649K(5696K)->5649K(5696K) Class: 483K(512K)->483K(512K)
[635.869s][info][gc             ] GC(2359) Pause Young (Allocation Failure) 564M->405M(574M) 1.865ms
[635.869s][info][gc,cpu         ] GC(2359) User=0.00s Sys=0.00s Real=0.00s
[636.174s][info][gc,start       ] GC(2360) Pause Young (Allocation Failure)
[636.176s][info][gc,heap        ] GC(2360) PSYoungGen: 157440K(157696K)->736K(152576K) Eden: 156672K(156672K)->0K(151552K) From: 768K(1024K)->736K(1024K)
[636.176s][info][gc,heap        ] GC(2360) ParOldGen: 414780K(430080K)->414780K(430080K)
[636.176s][info][gc,metaspace   ] GC(2360) Metaspace: 6132K(6208K)->6132K(6208K) NonClass: 5649K(5696K)->5649K(5696K) Class: 483K(512K)->483K(512K)
[636.176s][info][gc             ] GC(2360) Pause Young (Allocation Failure) 558M->405M(569M) 1.491ms
[636.176s][info][gc,cpu         ] GC(2360) User=0.00s Sys=0.00s Real=0.00s
[636.485s][info][gc,start       ] GC(2361) Pause Young (Allocation Failure)
[636.486s][info][gc,heap        ] GC(2361) PSYoungGen: 152288K(152576K)->512K(146944K) Eden: 151552K(151552K)->0K(146432K) From: 736K(1024K)->512K(512K)
[636.486s][info][gc,heap        ] GC(2361) ParOldGen: 414780K(430080K)->415028K(430080K)
[636.486s][info][gc,metaspace   ] GC(2361) Metaspace: 6132K(6208K)->6132K(6208K) NonClass: 5649K(5696K)->5649K(5696K) Class: 483K(512K)->483K(512K)
[636.487s][info][gc             ] GC(2361) Pause Young (Allocation Failure) 553M->405M(563M) 1.683ms
[636.487s][info][gc,cpu         ] GC(2361) User=0.00s Sys=0.00s Real=0.00s
[636.795s][info][gc,start       ] GC(2362) Pause Young (Allocation Failure)
[636.796s][info][gc,heap        ] GC(2362) PSYoungGen: 146944K(146944K)->736K(142848K) Eden: 146432K(146432K)->0K(141824K) From: 512K(512K)->736K(1024K)
[636.796s][info][gc,heap        ] GC(2362) ParOldGen: 415028K(430080K)->415028K(430080K)
[636.796s][info][gc,metaspace   ] GC(2362) Metaspace: 6132K(6208K)->6132K(6208K) NonClass: 5649K(5696K)->5649K(5696K) Class: 483K(512K)->483K(512K)
[636.796s][info][gc             ] GC(2362) Pause Young (Allocation Failure) 548M->406M(559M) 1.552ms
[636.796s][info][gc,cpu         ] GC(2362) User=0.01s Sys=0.00s Real=0.00s
[637.089s][info][gc,start       ] GC(2363) Pause Young (Allocation Failure)
[637.090s][info][gc,heap        ] GC(2363) PSYoungGen: 142560K(142848K)->704K(138240K) Eden: 141824K(141824K)->0K(137216K) From: 736K(1024K)->704K(1024K)
[637.090s][info][gc,heap        ] GC(2363) ParOldGen: 415028K(430080K)->415052K(430080K)
[637.090s][info][gc,metaspace   ] GC(2363) Metaspace: 6132K(6208K)->6132K(6208K) NonClass: 5649K(5696K)->5649K(5696K) Class: 483K(512K)->483K(512K)
[637.090s][info][gc             ] GC(2363) Pause Young (Allocation Failure) 544M->406M(555M) 1.336ms
[637.090s][info][gc,cpu         ] GC(2363) User=0.00s Sys=0.00s Real=0.00s
[637.349s][info][gc,start       ] GC(2364) Pause Young (Allocation Failure)
[637.350s][info][gc,heap        ] GC(2364) PSYoungGen: 137920K(138240K)->640K(133632K) Eden: 137216K(137216K)->0K(132608K) From: 704K(1024K)->640K(1024K)
[637.350s][info][gc,heap        ] GC(2364) ParOldGen: 415052K(430080K)->415052K(430080K)
[637.350s][info][gc,metaspace   ] GC(2364) Metaspace: 6132K(6208K)->6132K(6208K) NonClass: 5649K(5696K)->5649K(5696K) Class: 483K(512K)->483K(512K)
[637.350s][info][gc             ] GC(2364) Pause Young (Allocation Failure) 540M->405M(550M) 1.405ms
[637.350s][info][gc,cpu         ] GC(2364) User=0.01s Sys=0.00s Real=0.00s
[637.615s][info][gc,start       ] GC(2365) Pause Young (Allocation Failure)
[637.617s][info][gc,heap        ] GC(2365) PSYoungGen: 133248K(133632K)->498K(129024K) Eden: 132608K(132608K)->0K(128512K) From: 640K(1024K)->498K(512K)
[637.617s][info][gc,heap        ] GC(2365) ParOldGen: 415052K(430080K)->415212K(430080K)
[637.617s][info][gc,metaspace   ] GC(2365) Metaspace: 6132K(6208K)->6132K(6208K) NonClass: 5649K(5696K)->5649K(5696K) Class: 483K(512K)->483K(512K)
[637.617s][info][gc             ] GC(2365) Pause Young (Allocation Failure) 535M->405M(546M) 2.510ms
[637.617s][info][gc,cpu         ] GC(2365) User=0.00s Sys=0.00s Real=0.00s
[637.849s][info][gc,start       ] GC(2366) Pause Young (Allocation Failure)
[637.852s][info][gc,heap        ] GC(2366) PSYoungGen: 129010K(129024K)->741K(125440K) Eden: 128512K(128512K)->0K(124416K) From: 498K(512K)->741K(1024K)
[637.852s][info][gc,heap        ] GC(2366) ParOldGen: 415212K(430080K)->415212K(430080K)
[637.852s][info][gc,metaspace   ] GC(2366) Metaspace: 6132K(6208K)->6132K(6208K) NonClass: 5649K(5696K)->5649K(5696K) Class: 483K(512K)->483K(512K)
[637.852s][info][gc             ] GC(2366) Pause Young (Allocation Failure) 531M->406M(542M) 2.845ms
[637.852s][info][gc,cpu         ] GC(2366) User=0.00s Sys=0.00s Real=0.01s
[638.072s][info][gc,start       ] GC(2367) Pause Young (Allocation Failure)
[638.073s][info][gc,heap        ] GC(2367) PSYoungGen: 125157K(125440K)->704K(121856K) Eden: 124416K(124416K)->0K(120832K) From: 741K(1024K)->704K(1024K)
[638.073s][info][gc,heap        ] GC(2367) ParOldGen: 415212K(430080K)->415276K(430080K)
[638.073s][info][gc,metaspace   ] GC(2367) Metaspace: 6132K(6208K)->6132K(6208K) NonClass: 5649K(5696K)->5649K(5696K) Class: 483K(512K)->483K(512K)
[638.073s][info][gc             ] GC(2367) Pause Young (Allocation Failure) 527M->406M(539M) 1.527ms
[638.073s][info][gc,cpu         ] GC(2367) User=0.00s Sys=0.00s Real=0.00s
[638.339s][info][gc,start       ] GC(2368) Pause Young (Allocation Failure)
[638.340s][info][gc,heap        ] GC(2368) PSYoungGen: 121536K(121856K)->704K(118272K) Eden: 120832K(120832K)->0K(117248K) From: 704K(1024K)->704K(1024K)
[638.341s][info][gc,heap        ] GC(2368) ParOldGen: 415276K(430080K)->415276K(430080K)
[638.341s][info][gc,metaspace   ] GC(2368) Metaspace: 6132K(6208K)->6132K(6208K) NonClass: 5649K(5696K)->5649K(5696K) Class: 483K(512K)->483K(512K)
[638.341s][info][gc             ] GC(2368) Pause Young (Allocation Failure) 524M->406M(535M) 1.623ms
[638.341s][info][gc,cpu         ] GC(2368) User=0.00s Sys=0.00s Real=0.01s
[638.570s][info][gc,start       ] GC(2369) Pause Young (Allocation Failure)
[638.572s][info][gc,heap        ] GC(2369) PSYoungGen: 117952K(118272K)->498K(114176K) Eden: 117248K(117248K)->0K(113664K) From: 704K(1024K)->498K(512K)
[638.572s][info][gc,heap        ] GC(2369) ParOldGen: 415276K(430080K)->415364K(430080K)
[638.572s][info][gc,metaspace   ] GC(2369) Metaspace: 6132K(6208K)->6132K(6208K) NonClass: 5649K(5696K)->5649K(5696K) Class: 483K(512K)->483K(512K)
[638.572s][info][gc             ] GC(2369) Pause Young (Allocation Failure) 520M->406M(531M) 2.488ms
[638.573s][info][gc,cpu         ] GC(2369) User=0.00s Sys=0.00s Real=0.01s
[638.805s][info][gc,start       ] GC(2370) Pause Young (Allocation Failure)
[638.808s][info][gc,heap        ] GC(2370) PSYoungGen: 114162K(114176K)->754K(111104K) Eden: 113664K(113664K)->0K(110080K) From: 498K(512K)->754K(1024K)
[638.808s][info][gc,heap        ] GC(2370) ParOldGen: 415364K(430080K)->415364K(430080K)
[638.808s][info][gc,metaspace   ] GC(2370) Metaspace: 6132K(6208K)->6132K(6208K) NonClass: 5649K(5696K)->5649K(5696K) Class: 483K(512K)->483K(512K)
[638.808s][info][gc             ] GC(2370) Pause Young (Allocation Failure) 517M->406M(528M) 3.285ms
[638.808s][info][gc,cpu         ] GC(2370) User=0.01s Sys=0.00s Real=0.00s
[639.036s][info][gc,start       ] GC(2371) Pause Young (Allocation Failure)
[639.037s][info][gc,heap        ] GC(2371) PSYoungGen: 110834K(111104K)->672K(108032K) Eden: 110080K(110080K)->0K(107008K) From: 754K(1024K)->672K(1024K)
[639.037s][info][gc,heap        ] GC(2371) ParOldGen: 415364K(430080K)->415404K(430080K)
[639.037s][info][gc,metaspace   ] GC(2371) Metaspace: 6132K(6208K)->6132K(6208K) NonClass: 5649K(5696K)->5649K(5696K) Class: 483K(512K)->483K(512K)
[639.037s][info][gc             ] GC(2371) Pause Young (Allocation Failure) 513M->406M(525M) 1.561ms
[639.037s][info][gc,cpu         ] GC(2371) User=0.00s Sys=0.00s Real=0.00s
[639.257s][info][gc,start       ] GC(2372) Pause Young (Allocation Failure)
[639.258s][info][gc,heap        ] GC(2372) PSYoungGen: 107680K(108032K)->768K(104960K) Eden: 107008K(107008K)->0K(103936K) From: 672K(1024K)->768K(1024K)
[639.258s][info][gc,heap        ] GC(2372) ParOldGen: 415404K(430080K)->415404K(430080K)
[639.258s][info][gc,metaspace   ] GC(2372) Metaspace: 6132K(6208K)->6132K(6208K) NonClass: 5649K(5696K)->5649K(5696K) Class: 483K(512K)->483K(512K)
[639.258s][info][gc             ] GC(2372) Pause Young (Allocation Failure) 510M->406M(522M) 1.505ms
[639.258s][info][gc,cpu         ] GC(2372) User=0.00s Sys=0.00s Real=0.00s
[639.464s][info][gc,start       ] GC(2373) Pause Young (Allocation Failure)
[639.465s][info][gc,heap        ] GC(2373) PSYoungGen: 104704K(104960K)->512K(101376K) Eden: 103936K(103936K)->0K(100864K) From: 768K(1024K)->512K(512K)
[639.465s][info][gc,heap        ] GC(2373) ParOldGen: 415404K(430080K)->415628K(430080K)
[639.465s][info][gc,metaspace   ] GC(2373) Metaspace: 6132K(6208K)->6132K(6208K) NonClass: 5649K(5696K)->5649K(5696K) Class: 483K(512K)->483K(512K)
[639.465s][info][gc             ] GC(2373) Pause Young (Allocation Failure) 507M->406M(519M) 1.520ms
[639.465s][info][gc,cpu         ] GC(2373) User=0.00s Sys=0.00s Real=0.00s
[639.664s][info][gc,start       ] GC(2374) Pause Young (Allocation Failure)
[639.666s][info][gc,heap        ] GC(2374) PSYoungGen: 101376K(101376K)->722K(99328K) Eden: 100864K(100864K)->0K(98304K) From: 512K(512K)->722K(1024K)
[639.666s][info][gc,heap        ] GC(2374) ParOldGen: 415628K(430080K)->415628K(430080K)
[639.666s][info][gc,metaspace   ] GC(2374) Metaspace: 6132K(6208K)->6132K(6208K) NonClass: 5649K(5696K)->5649K(5696K) Class: 483K(512K)->483K(512K)
[639.667s][info][gc             ] GC(2374) Pause Young (Allocation Failure) 504M->406M(517M) 2.749ms
[639.667s][info][gc,cpu         ] GC(2374) User=0.00s Sys=0.00s Real=0.00s
[639.866s][info][gc,start       ] GC(2375) Pause Young (Allocation Failure)
[639.868s][info][gc,heap        ] GC(2375) PSYoungGen: 99026K(99328K)->704K(96768K) Eden: 98304K(98304K)->0K(95744K) From: 722K(1024K)->704K(1024K)
[639.868s][info][gc,heap        ] GC(2375) ParOldGen: 415628K(430080K)->415652K(430080K)
[639.868s][info][gc,metaspace   ] GC(2375) Metaspace: 6132K(6208K)->6132K(6208K) NonClass: 5649K(5696K)->5649K(5696K) Class: 483K(512K)->483K(512K)
[639.868s][info][gc             ] GC(2375) Pause Young (Allocation Failure) 502M->406M(514M) 1.492ms
[639.868s][info][gc,cpu         ] GC(2375) User=0.01s Sys=0.00s Real=0.00s
[640.063s][info][gc,start       ] GC(2376) Pause Young (Allocation Failure)
[640.065s][info][gc,heap        ] GC(2376) PSYoungGen: 96448K(96768K)->704K(94208K) Eden: 95744K(95744K)->0K(93184K) From: 704K(1024K)->704K(1024K)
[640.065s][info][gc,heap        ] GC(2376) ParOldGen: 415652K(430080K)->415652K(430080K)
[640.065s][info][gc,metaspace   ] GC(2376) Metaspace: 6132K(6208K)->6132K(6208K) NonClass: 5649K(5696K)->5649K(5696K) Class: 483K(512K)->483K(512K)
[640.065s][info][gc             ] GC(2376) Pause Young (Allocation Failure) 500M->406M(512M) 1.643ms
[640.065s][info][gc,cpu         ] GC(2376) User=0.01s Sys=0.00s Real=0.00s
[640.258s][info][gc,start       ] GC(2377) Pause Young (Allocation Failure)
[640.260s][info][gc,heap        ] GC(2377) PSYoungGen: 93888K(94208K)->498K(91136K) Eden: 93184K(93184K)->0K(90624K) From: 704K(1024K)->498K(512K)
[640.260s][info][gc,heap        ] GC(2377) ParOldGen: 415652K(430080K)->415804K(430080K)
[640.260s][info][gc,metaspace   ] GC(2377) Metaspace: 6132K(6208K)->6132K(6208K) NonClass: 5649K(5696K)->5649K(5696K) Class: 483K(512K)->483K(512K)
[640.260s][info][gc             ] GC(2377) Pause Young (Allocation Failure) 497M->406M(509M) 2.464ms
[640.260s][info][gc,cpu         ] GC(2377) User=0.00s Sys=0.00s Real=0.00s
[640.445s][info][gc,start       ] GC(2378) Pause Young (Allocation Failure)
[640.447s][info][gc,heap        ] GC(2378) PSYoungGen: 91122K(91136K)->562K(89088K) Eden: 90624K(90624K)->0K(88064K) From: 498K(512K)->562K(1024K)
[640.447s][info][gc,heap        ] GC(2378) ParOldGen: 415804K(430080K)->415804K(430080K)
[640.447s][info][gc,metaspace   ] GC(2378) Metaspace: 6132K(6208K)->6132K(6208K) NonClass: 5649K(5696K)->5649K(5696K) Class: 483K(512K)->483K(512K)
[640.447s][info][gc             ] GC(2378) Pause Young (Allocation Failure) 495M->406M(507M) 1.333ms
[640.447s][info][gc,cpu         ] GC(2378) User=0.00s Sys=0.00s Real=0.00s
[640.618s][info][gc,start       ] GC(2379) Pause Young (Allocation Failure)
[640.619s][info][gc,heap        ] GC(2379) PSYoungGen: 88626K(89088K)->640K(87040K) Eden: 88064K(88064K)->0K(86016K) From: 562K(1024K)->640K(1024K)
[640.619s][info][gc,heap        ] GC(2379) ParOldGen: 415804K(430080K)->415836K(430080K)
[640.619s][info][gc,metaspace   ] GC(2379) Metaspace: 6132K(6208K)->6132K(6208K) NonClass: 5649K(5696K)->5649K(5696K) Class: 483K(512K)->483K(512K)
[640.619s][info][gc             ] GC(2379) Pause Young (Allocation Failure) 492M->406M(505M) 1.289ms
[640.619s][info][gc,cpu         ] GC(2379) User=0.00s Sys=0.00s Real=0.00s
[640.790s][info][gc,start       ] GC(2380) Pause Young (Allocation Failure)
[640.791s][info][gc,heap        ] GC(2380) PSYoungGen: 86656K(87040K)->704K(266752K) Eden: 86016K(86016K)->0K(265728K) From: 640K(1024K)->704K(1024K)
[640.791s][info][gc,heap        ] GC(2380) ParOldGen: 415836K(430080K)->415836K(430080K)
[640.791s][info][gc,metaspace   ] GC(2380) Metaspace: 6132K(6208K)->6132K(6208K) NonClass: 5649K(5696K)->5649K(5696K) Class: 483K(512K)->483K(512K)
[640.791s][info][gc             ] GC(2380) Pause Young (Allocation Failure) 490M->406M(680M) 1.438ms
[640.791s][info][gc,cpu         ] GC(2380) User=0.00s Sys=0.00s Real=0.01s
[641.294s][info][gc,start       ] GC(2381) Pause Young (Allocation Failure)
[641.296s][info][gc,heap        ] GC(2381) PSYoungGen: 266432K(266752K)->498K(256000K) Eden: 265728K(265728K)->0K(255488K) From: 704K(1024K)->498K(512K)
[641.296s][info][gc,heap        ] GC(2381) ParOldGen: 415836K(430080K)->415996K(430080K)
[641.296s][info][gc,metaspace   ] GC(2381) Metaspace: 6132K(6208K)->6132K(6208K) NonClass: 5649K(5696K)->5649K(5696K) Class: 483K(512K)->483K(512K)
[641.296s][info][gc             ] GC(2381) Pause Young (Allocation Failure) 666M->406M(670M) 2.535ms
[641.296s][info][gc,cpu         ] GC(2381) User=0.01s Sys=0.00s Real=0.00s
[641.782s][info][gc,start       ] GC(2382) Pause Young (Allocation Failure)
[641.785s][info][gc,heap        ] GC(2382) PSYoungGen: 255986K(256000K)->773K(246784K) Eden: 255488K(255488K)->0K(245760K) From: 498K(512K)->773K(1024K)
[641.785s][info][gc,heap        ] GC(2382) ParOldGen: 415996K(430080K)->415996K(430080K)
[641.785s][info][gc,metaspace   ] GC(2382) Metaspace: 6132K(6208K)->6132K(6208K) NonClass: 5649K(5696K)->5649K(5696K) Class: 483K(512K)->483K(512K)
[641.785s][info][gc             ] GC(2382) Pause Young (Allocation Failure) 656M->407M(661M) 2.943ms
[641.785s][info][gc,cpu         ] GC(2382) User=0.01s Sys=0.00s Real=0.00s
[642.301s][info][gc,start       ] GC(2383) Pause Young (Allocation Failure)
[642.304s][info][gc,heap        ] GC(2383) PSYoungGen: 246533K(246784K)->672K(237568K) Eden: 245760K(245760K)->0K(236544K) From: 773K(1024K)->672K(1024K)
[642.304s][info][gc,heap        ] GC(2383) ParOldGen: 415996K(430080K)->416068K(430080K)
[642.304s][info][gc,metaspace   ] GC(2383) Metaspace: 6132K(6208K)->6132K(6208K) NonClass: 5649K(5696K)->5649K(5696K) Class: 483K(512K)->483K(512K)
[642.304s][info][gc             ] GC(2383) Pause Young (Allocation Failure) 647M->406M(652M) 3.000ms
[642.304s][info][gc,cpu         ] GC(2383) User=0.00s Sys=0.00s Real=0.00s
[642.765s][info][gc,start       ] GC(2384) Pause Young (Allocation Failure)
[642.767s][info][gc,heap        ] GC(2384) PSYoungGen: 237216K(237568K)->704K(228352K) Eden: 236544K(236544K)->0K(227328K) From: 672K(1024K)->704K(1024K)
[642.767s][info][gc,heap        ] GC(2384) ParOldGen: 416068K(430080K)->416068K(430080K)
[642.767s][info][gc,metaspace   ] GC(2384) Metaspace: 6132K(6208K)->6132K(6208K) NonClass: 5649K(5696K)->5649K(5696K) Class: 483K(512K)->483K(512K)
[642.767s][info][gc             ] GC(2384) Pause Young (Allocation Failure) 637M->407M(643M) 1.612ms
[642.767s][info][gc,cpu         ] GC(2384) User=0.00s Sys=0.00s Real=0.00s
[643.264s][info][gc,start       ] GC(2385) Pause Young (Allocation Failure)
[643.267s][info][gc,heap        ] GC(2385) PSYoungGen: 228032K(228352K)->498K(219136K) Eden: 227328K(227328K)->0K(218624K) From: 704K(1024K)->498K(512K)
[643.267s][info][gc,heap        ] GC(2385) ParOldGen: 416068K(430080K)->416324K(430080K)
[643.267s][info][gc,metaspace   ] GC(2385) Metaspace: 6132K(6208K)->6132K(6208K) NonClass: 5649K(5696K)->5649K(5696K) Class: 483K(512K)->483K(512K)
[643.267s][info][gc             ] GC(2385) Pause Young (Allocation Failure) 629M->407M(634M) 2.887ms
[643.267s][info][gc,cpu         ] GC(2385) User=0.01s Sys=0.00s Real=0.00s
[643.599s][info][gc,start       ] GC(2386) Pause Young (Allocation Failure)
[643.601s][info][gc,heap        ] GC(2386) PSYoungGen: 219122K(219136K)->704K(211456K) Eden: 218624K(218624K)->0K(210432K) From: 498K(512K)->704K(1024K)
[643.601s][info][gc,heap        ] GC(2386) ParOldGen: 416324K(430080K)->416324K(430080K)
[643.601s][info][gc,metaspace   ] GC(2386) Metaspace: 6132K(6208K)->6132K(6208K) NonClass: 5649K(5696K)->5649K(5696K) Class: 483K(512K)->483K(512K)
[643.601s][info][gc             ] GC(2386) Pause Young (Allocation Failure) 620M->407M(626M) 2.732ms
[643.601s][info][gc,cpu         ] GC(2386) User=0.01s Sys=0.00s Real=0.01s
[644.004s][info][gc,start       ] GC(2387) Pause Young (Allocation Failure)
[644.005s][info][gc,heap        ] GC(2387) PSYoungGen: 211136K(211456K)->640K(203776K) Eden: 210432K(210432K)->0K(202752K) From: 704K(1024K)->640K(1024K)
[644.005s][info][gc,heap        ] GC(2387) ParOldGen: 416324K(430080K)->416348K(430080K)
[644.005s][info][gc,metaspace   ] GC(2387) Metaspace: 6132K(6208K)->6132K(6208K) NonClass: 5649K(5696K)->5649K(5696K) Class: 483K(512K)->483K(512K)
[644.005s][info][gc             ] GC(2387) Pause Young (Allocation Failure) 612M->407M(619M) 1.479ms
[644.005s][info][gc,cpu         ] GC(2387) User=0.01s Sys=0.00s Real=0.00s
[644.254s][info][gc,start       ] GC(2388) Pause Young (Allocation Failure)
[644.255s][info][gc,heap        ] GC(2388) PSYoungGen: 203392K(203776K)->800K(196608K) Eden: 202752K(202752K)->0K(195584K) From: 640K(1024K)->800K(1024K)
[644.255s][info][gc,heap        ] GC(2388) ParOldGen: 416348K(430080K)->416348K(430080K)
[644.255s][info][gc,metaspace   ] GC(2388) Metaspace: 6132K(6208K)->6132K(6208K) NonClass: 5649K(5696K)->5649K(5696K) Class: 483K(512K)->483K(512K)
[644.255s][info][gc             ] GC(2388) Pause Young (Allocation Failure) 605M->407M(612M) 1.674ms
[644.255s][info][gc,cpu         ] GC(2388) User=0.00s Sys=0.00s Real=0.00s
[644.575s][info][gc,start       ] GC(2389) Pause Young (Allocation Failure)
[644.576s][info][gc,heap        ] GC(2389) PSYoungGen: 196384K(196608K)->512K(188928K) Eden: 195584K(195584K)->0K(188416K) From: 800K(1024K)->512K(512K)
[644.576s][info][gc,heap        ] GC(2389) ParOldGen: 416348K(430080K)->416452K(430080K)
[644.576s][info][gc,metaspace   ] GC(2389) Metaspace: 6132K(6208K)->6132K(6208K) NonClass: 5649K(5696K)->5649K(5696K) Class: 483K(512K)->483K(512K)
[644.576s][info][gc             ] GC(2389) Pause Young (Allocation Failure) 598M->407M(604M) 1.275ms
[644.576s][info][gc,cpu         ] GC(2389) User=0.00s Sys=0.00s Real=0.00s
[644.807s][info][gc,start       ] GC(2390) Pause Young (Allocation Failure)
[644.810s][info][gc,heap        ] GC(2390) PSYoungGen: 188928K(188928K)->754K(182784K) Eden: 188416K(188416K)->0K(181760K) From: 512K(512K)->754K(1024K)
[644.810s][info][gc,heap        ] GC(2390) ParOldGen: 416452K(430080K)->416452K(430080K)
[644.810s][info][gc,metaspace   ] GC(2390) Metaspace: 6132K(6208K)->6132K(6208K) NonClass: 5649K(5696K)->5649K(5696K) Class: 483K(512K)->483K(512K)
[644.810s][info][gc             ] GC(2390) Pause Young (Allocation Failure) 591M->407M(598M) 3.166ms
[644.810s][info][gc,cpu         ] GC(2390) User=0.00s Sys=0.00s Real=0.00s
[645.194s][info][gc,start       ] GC(2391) Pause Young (Allocation Failure)
[645.196s][info][gc,heap        ] GC(2391) PSYoungGen: 182514K(182784K)->800K(176128K) Eden: 181760K(181760K)->0K(175104K) From: 754K(1024K)->800K(1024K)
[645.196s][info][gc,heap        ] GC(2391) ParOldGen: 416452K(430080K)->416492K(430080K)
[645.196s][info][gc,metaspace   ] GC(2391) Metaspace: 6132K(6208K)->6132K(6208K) NonClass: 5649K(5696K)->5649K(5696K) Class: 483K(512K)->483K(512K)
[645.196s][info][gc             ] GC(2391) Pause Young (Allocation Failure) 584M->407M(592M) 1.928ms
[645.196s][info][gc,cpu         ] GC(2391) User=0.00s Sys=0.00s Real=0.00s
[645.573s][info][gc,start       ] GC(2392) Pause Young (Allocation Failure)
[645.575s][info][gc,heap        ] GC(2392) PSYoungGen: 175904K(176128K)->672K(169984K) Eden: 175104K(175104K)->0K(168960K) From: 800K(1024K)->672K(1024K)
[645.575s][info][gc,heap        ] GC(2392) ParOldGen: 416492K(430080K)->416492K(430080K)
[645.575s][info][gc,metaspace   ] GC(2392) Metaspace: 6132K(6208K)->6132K(6208K) NonClass: 5649K(5696K)->5649K(5696K) Class: 483K(512K)->483K(512K)
[645.575s][info][gc             ] GC(2392) Pause Young (Allocation Failure) 578M->407M(586M) 1.579ms
[645.575s][info][gc,cpu         ] GC(2392) User=0.01s Sys=0.00s Real=0.00s
[645.886s][info][gc,start       ] GC(2393) Pause Young (Allocation Failure)
[645.889s][info][gc,heap        ] GC(2393) PSYoungGen: 169632K(169984K)->498K(163840K) Eden: 168960K(168960K)->0K(163328K) From: 672K(1024K)->498K(512K)
[645.889s][info][gc,heap        ] GC(2393) ParOldGen: 416492K(430080K)->416764K(430080K)
[645.889s][info][gc,metaspace   ] GC(2393) Metaspace: 6132K(6208K)->6132K(6208K) NonClass: 5649K(5696K)->5649K(5696K) Class: 483K(512K)->483K(512K)
[645.889s][info][gc             ] GC(2393) Pause Young (Allocation Failure) 572M->407M(580M) 3.241ms
[645.889s][info][gc,cpu         ] GC(2393) User=0.01s Sys=0.00s Real=0.00s
[646.256s][info][gc,start       ] GC(2394) Pause Young (Allocation Failure)
[646.261s][info][gc,heap        ] GC(2394) PSYoungGen: 163826K(163840K)->786K(158720K) Eden: 163328K(163328K)->0K(157696K) From: 498K(512K)->786K(1024K)
[646.261s][info][gc,heap        ] GC(2394) ParOldGen: 416764K(430080K)->416764K(430080K)
[646.261s][info][gc,metaspace   ] GC(2394) Metaspace: 6132K(6208K)->6132K(6208K) NonClass: 5649K(5696K)->5649K(5696K) Class: 483K(512K)->483K(512K)
[646.261s][info][gc             ] GC(2394) Pause Young (Allocation Failure) 566M->407M(575M) 4.507ms
[646.261s][info][gc,cpu         ] GC(2394) User=0.00s Sys=0.00s Real=0.01s
[646.648s][info][gc,start       ] GC(2395) Pause Young (Allocation Failure)
[646.650s][info][gc,heap        ] GC(2395) PSYoungGen: 158482K(158720K)->704K(153600K) Eden: 157696K(157696K)->0K(152576K) From: 786K(1024K)->704K(1024K)
[646.650s][info][gc,heap        ] GC(2395) ParOldGen: 416764K(430080K)->416788K(430080K)
[646.650s][info][gc,metaspace   ] GC(2395) Metaspace: 6132K(6208K)->6132K(6208K) NonClass: 5649K(5696K)->5649K(5696K) Class: 483K(512K)->483K(512K)
[646.650s][info][gc             ] GC(2395) Pause Young (Allocation Failure) 561M->407M(570M) 1.706ms
[646.650s][info][gc,cpu         ] GC(2395) User=0.00s Sys=0.00s Real=0.00s
[647.005s][info][gc,start       ] GC(2396) Pause Young (Allocation Failure)
[647.006s][info][gc,heap        ] GC(2396) PSYoungGen: 153280K(153600K)->736K(148480K) Eden: 152576K(152576K)->0K(147456K) From: 704K(1024K)->736K(1024K)
[647.006s][info][gc,heap        ] GC(2396) ParOldGen: 416788K(430080K)->416788K(430080K)
[647.006s][info][gc,metaspace   ] GC(2396) Metaspace: 6132K(6208K)->6132K(6208K) NonClass: 5649K(5696K)->5649K(5696K) Class: 483K(512K)->483K(512K)
[647.006s][info][gc             ] GC(2396) Pause Young (Allocation Failure) 556M->407M(565M) 1.682ms
[647.006s][info][gc,cpu         ] GC(2396) User=0.00s Sys=0.00s Real=0.00s
[647.332s][info][gc,start       ] GC(2397) Pause Young (Allocation Failure)
[647.335s][info][gc,heap        ] GC(2397) PSYoungGen: 148192K(148480K)->498K(143360K) Eden: 147456K(147456K)->0K(142848K) From: 736K(1024K)->498K(512K)
[647.335s][info][gc,heap        ] GC(2397) ParOldGen: 416788K(430080K)->416908K(430080K)
[647.335s][info][gc,metaspace   ] GC(2397) Metaspace: 6132K(6208K)->6132K(6208K) NonClass: 5649K(5696K)->5649K(5696K) Class: 483K(512K)->483K(512K)
[647.335s][info][gc             ] GC(2397) Pause Young (Allocation Failure) 551M->407M(560M) 2.604ms
[647.335s][info][gc,cpu         ] GC(2397) User=0.00s Sys=0.00s Real=0.00s
[647.648s][info][gc,start       ] GC(2398) Pause Young (Allocation Failure)
[647.650s][info][gc,heap        ] GC(2398) PSYoungGen: 143346K(143360K)->741K(139264K) Eden: 142848K(142848K)->0K(138240K) From: 498K(512K)->741K(1024K)
[647.650s][info][gc,heap        ] GC(2398) ParOldGen: 416908K(430080K)->416908K(430080K)
[647.650s][info][gc,metaspace   ] GC(2398) Metaspace: 6132K(6208K)->6132K(6208K) NonClass: 5649K(5696K)->5649K(5696K) Class: 483K(512K)->483K(512K)
[647.650s][info][gc             ] GC(2398) Pause Young (Allocation Failure) 547M->407M(556M) 1.972ms
[647.650s][info][gc,cpu         ] GC(2398) User=0.01s Sys=0.00s Real=0.00s
[647.950s][info][gc,start       ] GC(2399) Pause Young (Allocation Failure)
[647.952s][info][gc,heap        ] GC(2399) PSYoungGen: 138981K(139264K)->736K(134656K) Eden: 138240K(138240K)->0K(133632K) From: 741K(1024K)->736K(1024K)
[647.952s][info][gc,heap        ] GC(2399) ParOldGen: 416908K(430080K)->416964K(430080K)
[647.952s][info][gc,metaspace   ] GC(2399) Metaspace: 6132K(6208K)->6132K(6208K) NonClass: 5649K(5696K)->5649K(5696K) Class: 483K(512K)->483K(512K)
[647.952s][info][gc             ] GC(2399) Pause Young (Allocation Failure) 542M->407M(551M) 1.735ms
[647.952s][info][gc,cpu         ] GC(2399) User=0.01s Sys=0.00s Real=0.01s
[648.238s][info][gc,start       ] GC(2400) Pause Young (Allocation Failure)
[648.239s][info][gc,heap        ] GC(2400) PSYoungGen: 134368K(134656K)->704K(130560K) Eden: 133632K(133632K)->0K(129536K) From: 736K(1024K)->704K(1024K)
[648.239s][info][gc,heap        ] GC(2400) ParOldGen: 416964K(430080K)->416964K(430080K)
[648.239s][info][gc,metaspace   ] GC(2400) Metaspace: 6132K(6208K)->6132K(6208K) NonClass: 5649K(5696K)->5649K(5696K) Class: 483K(512K)->483K(512K)
[648.239s][info][gc             ] GC(2400) Pause Young (Allocation Failure) 538M->407M(547M) 1.658ms
[648.239s][info][gc,cpu         ] GC(2400) User=0.01s Sys=0.00s Real=0.00s
[648.489s][info][gc,start       ] GC(2401) Pause Young (Allocation Failure)
[648.490s][info][gc,heap        ] GC(2401) PSYoungGen: 130240K(130560K)->512K(125952K) Eden: 129536K(129536K)->0K(125440K) From: 704K(1024K)->512K(512K)
[648.490s][info][gc,heap        ] GC(2401) ParOldGen: 416964K(430080K)->417108K(430080K)
[648.490s][info][gc,metaspace   ] GC(2401) Metaspace: 6132K(6208K)->6132K(6208K) NonClass: 5649K(5696K)->5649K(5696K) Class: 483K(512K)->483K(512K)
[648.490s][info][gc             ] GC(2401) Pause Young (Allocation Failure) 534M->407M(543M) 1.438ms
[648.490s][info][gc,cpu         ] GC(2401) User=0.01s Sys=0.00s Real=0.00s
[648.709s][info][gc,start       ] GC(2402) Pause Young (Allocation Failure)
[648.710s][info][gc,heap        ] GC(2402) PSYoungGen: 125952K(125952K)->672K(122368K) Eden: 125440K(125440K)->0K(121344K) From: 512K(512K)->672K(1024K)
[648.710s][info][gc,heap        ] GC(2402) ParOldGen: 417108K(430080K)->417108K(430080K)
[648.710s][info][gc,metaspace   ] GC(2402) Metaspace: 6132K(6208K)->6132K(6208K) NonClass: 5649K(5696K)->5649K(5696K) Class: 483K(512K)->483K(512K)
[648.710s][info][gc             ] GC(2402) Pause Young (Allocation Failure) 530M->407M(539M) 1.497ms
[648.710s][info][gc,cpu         ] GC(2402) User=0.00s Sys=0.00s Real=0.00s
[648.974s][info][gc,start       ] GC(2403) Pause Young (Allocation Failure)
[648.975s][info][gc,heap        ] GC(2403) PSYoungGen: 122016K(122368K)->800K(118784K) Eden: 121344K(121344K)->0K(117760K) From: 672K(1024K)->800K(1024K)
[648.975s][info][gc,heap        ] GC(2403) ParOldGen: 417108K(430080K)->417132K(430080K)
[648.975s][info][gc,metaspace   ] GC(2403) Metaspace: 6132K(6208K)->6132K(6208K) NonClass: 5649K(5696K)->5649K(5696K) Class: 483K(512K)->483K(512K)
[648.975s][info][gc             ] GC(2403) Pause Young (Allocation Failure) 526M->408M(536M) 1.656ms
[648.975s][info][gc,cpu         ] GC(2403) User=0.00s Sys=0.00s Real=0.00s
[649.235s][info][gc,start       ] GC(2404) Pause Young (Allocation Failure)
[649.237s][info][gc,heap        ] GC(2404) PSYoungGen: 118560K(118784K)->640K(115200K) Eden: 117760K(117760K)->0K(114176K) From: 800K(1024K)->640K(1024K)
[649.237s][info][gc,heap        ] GC(2404) ParOldGen: 417132K(430080K)->417132K(430080K)
[649.237s][info][gc,metaspace   ] GC(2404) Metaspace: 6132K(6208K)->6132K(6208K) NonClass: 5649K(5696K)->5649K(5696K) Class: 483K(512K)->483K(512K)
[649.237s][info][gc             ] GC(2404) Pause Young (Allocation Failure) 523M->407M(532M) 1.481ms
[649.237s][info][gc,cpu         ] GC(2404) User=0.00s Sys=0.00s Real=0.00s
[649.477s][info][gc,start       ] GC(2405) Pause Young (Allocation Failure)
[649.479s][info][gc,heap        ] GC(2405) PSYoungGen: 114816K(115200K)->512K(111104K) Eden: 114176K(114176K)->0K(110592K) From: 640K(1024K)->512K(512K)
[649.479s][info][gc,heap        ] GC(2405) ParOldGen: 417132K(430080K)->417220K(430080K)
[649.479s][info][gc,metaspace   ] GC(2405) Metaspace: 6132K(6208K)->6132K(6208K) NonClass: 5649K(5696K)->5649K(5696K) Class: 483K(512K)->483K(512K)
[649.479s][info][gc             ] GC(2405) Pause Young (Allocation Failure) 519M->407M(528M) 1.303ms
[649.479s][info][gc,cpu         ] GC(2405) User=0.00s Sys=0.00s Real=0.00s
[649.724s][info][gc,start       ] GC(2406) Pause Young (Allocation Failure)
[649.725s][info][gc,heap        ] GC(2406) PSYoungGen: 111104K(111104K)->754K(108544K) Eden: 110592K(110592K)->0K(107520K) From: 512K(512K)->754K(1024K)
[649.725s][info][gc,heap        ] GC(2406) ParOldGen: 417220K(430080K)->417220K(430080K)
[649.725s][info][gc,metaspace   ] GC(2406) Metaspace: 6132K(6208K)->6132K(6208K) NonClass: 5649K(5696K)->5649K(5696K) Class: 483K(512K)->483K(512K)
[649.725s][info][gc             ] GC(2406) Pause Young (Allocation Failure) 515M->408M(526M) 1.582ms
[649.725s][info][gc,cpu         ] GC(2406) User=0.01s Sys=0.00s Real=0.00s
[649.960s][info][gc,start       ] GC(2407) Pause Young (Allocation Failure)
[649.961s][info][gc,heap        ] GC(2407) PSYoungGen: 108274K(108544K)->672K(105472K) Eden: 107520K(107520K)->0K(104448K) From: 754K(1024K)->672K(1024K)
[649.961s][info][gc,heap        ] GC(2407) ParOldGen: 417220K(430080K)->417260K(430080K)
[649.961s][info][gc,metaspace   ] GC(2407) Metaspace: 6132K(6208K)->6132K(6208K) NonClass: 5649K(5696K)->5649K(5696K) Class: 483K(512K)->483K(512K)
[649.961s][info][gc             ] GC(2407) Pause Young (Allocation Failure) 513M->408M(523M) 1.587ms
[649.961s][info][gc,cpu         ] GC(2407) User=0.00s Sys=0.00s Real=0.01s
[650.185s][info][gc,start       ] GC(2408) Pause Young (Allocation Failure)
[650.187s][info][gc,heap        ] GC(2408) PSYoungGen: 105120K(105472K)->448K(101888K) Eden: 104448K(104448K)->0K(101376K) From: 672K(1024K)->448K(512K)
[650.187s][info][gc,heap        ] GC(2408) ParOldGen: 417260K(430080K)->417559K(430080K)
[650.187s][info][gc,metaspace   ] GC(2408) Metaspace: 6132K(6208K)->6132K(6208K) NonClass: 5649K(5696K)->5649K(5696K) Class: 483K(512K)->483K(512K)
[650.187s][info][gc             ] GC(2408) Pause Young (Allocation Failure) 510M->408M(519M) 1.864ms
[650.187s][info][gc,cpu         ] GC(2408) User=0.00s Sys=0.00s Real=0.00s
[650.397s][info][gc,start       ] GC(2409) Pause Young (Allocation Failure)
[650.399s][info][gc,heap        ] GC(2409) PSYoungGen: 101824K(101888K)->768K(99840K) Eden: 101376K(101376K)->0K(98816K) From: 448K(512K)->768K(1024K)
[650.399s][info][gc,heap        ] GC(2409) ParOldGen: 417559K(430080K)->417647K(430080K)
[650.399s][info][gc,metaspace   ] GC(2409) Metaspace: 6132K(6208K)->6132K(6208K) NonClass: 5649K(5696K)->5649K(5696K) Class: 483K(512K)->483K(512K)
[650.399s][info][gc             ] GC(2409) Pause Young (Allocation Failure) 507M->408M(517M) 1.831ms
[650.399s][info][gc,cpu         ] GC(2409) User=0.00s Sys=0.00s Real=0.00s
[650.607s][info][gc,start       ] GC(2410) Pause Young (Allocation Failure)
[650.608s][info][gc,heap        ] GC(2410) PSYoungGen: 99584K(99840K)->704K(97280K) Eden: 98816K(98816K)->0K(96256K) From: 768K(1024K)->704K(1024K)
[650.608s][info][gc,heap        ] GC(2410) ParOldGen: 417647K(430080K)->417703K(430080K)
[650.608s][info][gc,metaspace   ] GC(2410) Metaspace: 6132K(6208K)->6132K(6208K) NonClass: 5649K(5696K)->5649K(5696K) Class: 483K(512K)->483K(512K)
[650.608s][info][gc             ] GC(2410) Pause Young (Allocation Failure) 505M->408M(515M) 1.644ms
[650.608s][info][gc,cpu         ] GC(2410) User=0.01s Sys=0.00s Real=0.00s
[650.813s][info][gc,start       ] GC(2411) Pause Young (Allocation Failure)
[650.816s][info][gc,heap        ] GC(2411) PSYoungGen: 96960K(97280K)->512K(94208K) Eden: 96256K(96256K)->0K(93696K) From: 704K(1024K)->512K(512K)
[650.816s][info][gc,heap        ] GC(2411) ParOldGen: 417703K(430080K)->417807K(430080K)
[650.816s][info][gc,metaspace   ] GC(2411) Metaspace: 6132K(6208K)->6132K(6208K) NonClass: 5649K(5696K)->5649K(5696K) Class: 483K(512K)->483K(512K)
[650.816s][info][gc             ] GC(2411) Pause Young (Allocation Failure) 502M->408M(512M) 2.732ms
[650.816s][info][gc,cpu         ] GC(2411) User=0.01s Sys=0.00s Real=0.00s
[651.008s][info][gc,start       ] GC(2412) Pause Young (Allocation Failure)
[651.010s][info][gc,heap        ] GC(2412) PSYoungGen: 94208K(94208K)->818K(92160K) Eden: 93696K(93696K)->0K(91136K) From: 512K(512K)->818K(1024K)
[651.010s][info][gc,heap        ] GC(2412) ParOldGen: 417807K(430080K)->417807K(430080K)
[651.010s][info][gc,metaspace   ] GC(2412) Metaspace: 6132K(6208K)->6132K(6208K) NonClass: 5649K(5696K)->5649K(5696K) Class: 483K(512K)->483K(512K)
[651.010s][info][gc             ] GC(2412) Pause Young (Allocation Failure) 500M->408M(510M) 1.664ms
[651.010s][info][gc,cpu         ] GC(2412) User=0.00s Sys=0.00s Real=0.00s
[651.174s][info][gc,start       ] GC(2413) Pause Young (Allocation Failure)
[651.176s][info][gc,heap        ] GC(2413) PSYoungGen: 91954K(92160K)->736K(89600K) Eden: 91136K(91136K)->0K(88576K) From: 818K(1024K)->736K(1024K)
[651.176s][info][gc,heap        ] GC(2413) ParOldGen: 417807K(430080K)->417847K(430080K)
[651.176s][info][gc,metaspace   ] GC(2413) Metaspace: 6132K(6208K)->6132K(6208K) NonClass: 5649K(5696K)->5649K(5696K) Class: 483K(512K)->483K(512K)
[651.176s][info][gc             ] GC(2413) Pause Young (Allocation Failure) 497M->408M(507M) 1.449ms
[651.176s][info][gc,cpu         ] GC(2413) User=0.00s Sys=0.00s Real=0.00s
[651.342s][info][gc,start       ] GC(2414) Pause Young (Allocation Failure)
[651.343s][info][gc,heap        ] GC(2414) PSYoungGen: 89312K(89600K)->640K(87552K) Eden: 88576K(88576K)->0K(86528K) From: 736K(1024K)->640K(1024K)
[651.343s][info][gc,heap        ] GC(2414) ParOldGen: 417847K(430080K)->417847K(430080K)
[651.343s][info][gc,metaspace   ] GC(2414) Metaspace: 6132K(6208K)->6132K(6208K) NonClass: 5649K(5696K)->5649K(5696K) Class: 483K(512K)->483K(512K)
[651.343s][info][gc             ] GC(2414) Pause Young (Allocation Failure) 495M->408M(505M) 1.406ms
[651.343s][info][gc,cpu         ] GC(2414) User=0.00s Sys=0.00s Real=0.00s
[651.493s][info][gc,start       ] GC(2415) Pause Young (Allocation Failure)
[651.494s][info][gc,heap        ] GC(2415) PSYoungGen: 87168K(87552K)->512K(261120K) Eden: 86528K(86528K)->0K(260608K) From: 640K(1024K)->512K(512K)
[651.494s][info][gc,heap        ] GC(2415) ParOldGen: 417847K(430080K)->417991K(430080K)
[651.494s][info][gc,metaspace   ] GC(2415) Metaspace: 6132K(6208K)->6132K(6208K) NonClass: 5649K(5696K)->5649K(5696K) Class: 483K(512K)->483K(512K)
[651.494s][info][gc             ] GC(2415) Pause Young (Allocation Failure) 493M->408M(675M) 1.363ms
[651.494s][info][gc,cpu         ] GC(2415) User=0.00s Sys=0.00s Real=0.00s
[651.913s][info][gc,start       ] GC(2416) Pause Young (Allocation Failure)
[651.915s][info][gc,heap        ] GC(2416) PSYoungGen: 261120K(261120K)->768K(251392K) Eden: 260608K(260608K)->0K(250368K) From: 512K(512K)->768K(1024K)
[651.915s][info][gc,heap        ] GC(2416) ParOldGen: 417991K(430080K)->417991K(430080K)
[651.915s][info][gc,metaspace   ] GC(2416) Metaspace: 6132K(6208K)->6132K(6208K) NonClass: 5649K(5696K)->5649K(5696K) Class: 483K(512K)->483K(512K)
[651.915s][info][gc             ] GC(2416) Pause Young (Allocation Failure) 663M->408M(665M) 1.566ms
[651.915s][info][gc,cpu         ] GC(2416) User=0.00s Sys=0.00s Real=0.00s
[652.302s][info][gc,start       ] GC(2417) Pause Young (Allocation Failure)
[652.304s][info][gc,heap        ] GC(2417) PSYoungGen: 251136K(251392K)->768K(241664K) Eden: 250368K(250368K)->0K(240640K) From: 768K(1024K)->768K(1024K)
[652.304s][info][gc,heap        ] GC(2417) ParOldGen: 417991K(430080K)->418023K(430080K)
[652.304s][info][gc,metaspace   ] GC(2417) Metaspace: 6132K(6208K)->6132K(6208K) NonClass: 5649K(5696K)->5649K(5696K) Class: 483K(512K)->483K(512K)
[652.304s][info][gc             ] GC(2417) Pause Young (Allocation Failure) 653M->408M(656M) 1.555ms
[652.304s][info][gc,cpu         ] GC(2417) User=0.00s Sys=0.00s Real=0.00s
[652.675s][info][gc,start       ] GC(2418) Pause Young (Allocation Failure)
[652.676s][info][gc,heap        ] GC(2418) PSYoungGen: 241408K(241664K)->768K(232448K) Eden: 240640K(240640K)->0K(231424K) From: 768K(1024K)->768K(1024K)
[652.676s][info][gc,heap        ] GC(2418) ParOldGen: 418023K(430080K)->418023K(430080K)
[652.676s][info][gc,metaspace   ] GC(2418) Metaspace: 6132K(6208K)->6132K(6208K) NonClass: 5649K(5696K)->5649K(5696K) Class: 483K(512K)->483K(512K)
[652.676s][info][gc             ] GC(2418) Pause Young (Allocation Failure) 643M->408M(647M) 1.645ms
[652.676s][info][gc,cpu         ] GC(2418) User=0.00s Sys=0.00s Real=0.00s
[653.027s][info][gc,start       ] GC(2419) Pause Young (Allocation Failure)
[653.029s][info][gc,heap        ] GC(2419) PSYoungGen: 232192K(232448K)->512K(223232K) Eden: 231424K(231424K)->0K(222720K) From: 768K(1024K)->512K(512K)
[653.029s][info][gc,heap        ] GC(2419) ParOldGen: 418023K(430080K)->418263K(430080K)
[653.029s][info][gc,metaspace   ] GC(2419) Metaspace: 6132K(6208K)->6132K(6208K) NonClass: 5649K(5696K)->5649K(5696K) Class: 483K(512K)->483K(512K)
[653.029s][info][gc             ] GC(2419) Pause Young (Allocation Failure) 634M->408M(638M) 1.569ms
[653.029s][info][gc,cpu         ] GC(2419) User=0.00s Sys=0.00s Real=0.00s
[653.403s][info][gc,start       ] GC(2420) Pause Young (Allocation Failure)
[653.405s][info][gc,heap        ] GC(2420) PSYoungGen: 223232K(223232K)->512K(215552K) Eden: 222720K(222720K)->0K(214528K) From: 512K(512K)->512K(1024K)
[653.405s][info][gc,heap        ] GC(2420) ParOldGen: 418263K(430080K)->418263K(430080K)
[653.405s][info][gc,metaspace   ] GC(2420) Metaspace: 6132K(6208K)->6132K(6208K) NonClass: 5649K(5696K)->5649K(5696K) Class: 483K(512K)->483K(512K)
[653.405s][info][gc             ] GC(2420) Pause Young (Allocation Failure) 626M->408M(630M) 2.289ms
[653.405s][info][gc,cpu         ] GC(2420) User=0.00s Sys=0.00s Real=0.00s
[653.796s][info][gc,start       ] GC(2421) Pause Young (Allocation Failure)
[653.799s][info][gc,heap        ] GC(2421) PSYoungGen: 215040K(215552K)->754K(207360K) Eden: 214528K(214528K)->0K(206336K) From: 512K(1024K)->754K(1024K)
[653.799s][info][gc,heap        ] GC(2421) ParOldGen: 418263K(430080K)->418295K(430080K)
[653.799s][info][gc,metaspace   ] GC(2421) Metaspace: 6132K(6208K)->6132K(6208K) NonClass: 5649K(5696K)->5649K(5696K) Class: 483K(512K)->483K(512K)
[653.799s][info][gc             ] GC(2421) Pause Young (Allocation Failure) 618M->409M(622M) 2.954ms
[653.799s][info][gc,cpu         ] GC(2421) User=0.01s Sys=0.00s Real=0.00s
[654.202s][info][gc,start       ] GC(2422) Pause Young (Allocation Failure)
[654.205s][info][gc,heap        ] GC(2422) PSYoungGen: 207090K(207360K)->722K(199680K) Eden: 206336K(206336K)->0K(198656K) From: 754K(1024K)->722K(1024K)
[654.205s][info][gc,heap        ] GC(2422) ParOldGen: 418295K(430080K)->418295K(430080K)
[654.205s][info][gc,metaspace   ] GC(2422) Metaspace: 6132K(6208K)->6132K(6208K) NonClass: 5649K(5696K)->5649K(5696K) Class: 483K(512K)->483K(512K)
[654.205s][info][gc             ] GC(2422) Pause Young (Allocation Failure) 610M->409M(615M) 2.658ms
[654.205s][info][gc,cpu         ] GC(2422) User=0.00s Sys=0.00s Real=0.00s
[654.541s][info][gc,start       ] GC(2423) Pause Young (Allocation Failure)
[654.543s][info][gc,heap        ] GC(2423) PSYoungGen: 199378K(199680K)->498K(192000K) Eden: 198656K(198656K)->0K(191488K) From: 722K(1024K)->498K(512K)
[654.543s][info][gc,heap        ] GC(2423) ParOldGen: 418295K(430080K)->418455K(430080K)
[654.543s][info][gc,metaspace   ] GC(2423) Metaspace: 6132K(6208K)->6132K(6208K) NonClass: 5649K(5696K)->5649K(5696K) Class: 483K(512K)->483K(512K)
[654.543s][info][gc             ] GC(2423) Pause Young (Allocation Failure) 603M->409M(607M) 2.496ms
[654.543s][info][gc,cpu         ] GC(2423) User=0.00s Sys=0.00s Real=0.00s
[654.849s][info][gc,start       ] GC(2424) Pause Young (Allocation Failure)
[654.852s][info][gc,heap        ] GC(2424) PSYoungGen: 191986K(192000K)->768K(185856K) Eden: 191488K(191488K)->0K(184832K) From: 498K(512K)->768K(1024K)
[654.852s][info][gc,heap        ] GC(2424) ParOldGen: 418455K(430080K)->418455K(430080K)
[654.852s][info][gc,metaspace   ] GC(2424) Metaspace: 6132K(6208K)->6132K(6208K) NonClass: 5649K(5696K)->5649K(5696K) Class: 483K(512K)->483K(512K)
[654.852s][info][gc             ] GC(2424) Pause Young (Allocation Failure) 596M->409M(601M) 3.479ms
[654.852s][info][gc,cpu         ] GC(2424) User=0.00s Sys=0.00s Real=0.01s
[655.128s][info][gc,start       ] GC(2425) Pause Young (Allocation Failure)
[655.129s][info][gc,heap        ] GC(2425) PSYoungGen: 185600K(185856K)->736K(179200K) Eden: 184832K(184832K)->0K(178176K) From: 768K(1024K)->736K(1024K)
[655.130s][info][gc,heap        ] GC(2425) ParOldGen: 418455K(430080K)->418495K(430080K)
[655.130s][info][gc,metaspace   ] GC(2425) Metaspace: 6132K(6208K)->6132K(6208K) NonClass: 5649K(5696K)->5649K(5696K) Class: 483K(512K)->483K(512K)
[655.130s][info][gc             ] GC(2425) Pause Young (Allocation Failure) 589M->409M(595M) 1.599ms
[655.130s][info][gc,cpu         ] GC(2425) User=0.00s Sys=0.01s Real=0.00s
[655.394s][info][gc,start       ] GC(2426) Pause Young (Allocation Failure)
[655.395s][info][gc,heap        ] GC(2426) PSYoungGen: 178912K(179200K)->640K(173056K) Eden: 178176K(178176K)->0K(172032K) From: 736K(1024K)->640K(1024K)
[655.395s][info][gc,heap        ] GC(2426) ParOldGen: 418495K(430080K)->418495K(430080K)
[655.395s][info][gc,metaspace   ] GC(2426) Metaspace: 6132K(6208K)->6132K(6208K) NonClass: 5649K(5696K)->5649K(5696K) Class: 483K(512K)->483K(512K)
[655.395s][info][gc             ] GC(2426) Pause Young (Allocation Failure) 583M->409M(589M) 1.387ms
[655.395s][info][gc,cpu         ] GC(2426) User=0.00s Sys=0.00s Real=0.00s
[655.650s][info][gc,start       ] GC(2427) Pause Young (Allocation Failure)
[655.651s][info][gc,heap        ] GC(2427) PSYoungGen: 172672K(173056K)->512K(166400K) Eden: 172032K(172032K)->0K(165888K) From: 640K(1024K)->512K(512K)
[655.651s][info][gc,heap        ] GC(2427) ParOldGen: 418495K(430080K)->418703K(430080K)
[655.651s][info][gc,metaspace   ] GC(2427) Metaspace: 6132K(6208K)->6132K(6208K) NonClass: 5649K(5696K)->5649K(5696K) Class: 483K(512K)->483K(512K)
[655.651s][info][gc             ] GC(2427) Pause Young (Allocation Failure) 577M->409M(582M) 1.563ms
[655.651s][info][gc,cpu         ] GC(2427) User=0.01s Sys=0.00s Real=0.01s
[655.904s][info][gc,start       ] GC(2428) Pause Young (Allocation Failure)
[655.905s][info][gc,heap        ] GC(2428) PSYoungGen: 166400K(166400K)->800K(161280K) Eden: 165888K(165888K)->0K(160256K) From: 512K(512K)->800K(1024K)
[655.905s][info][gc,heap        ] GC(2428) ParOldGen: 418703K(430080K)->418703K(430080K)
[655.905s][info][gc,metaspace   ] GC(2428) Metaspace: 6132K(6208K)->6132K(6208K) NonClass: 5649K(5696K)->5649K(5696K) Class: 483K(512K)->483K(512K)
[655.905s][info][gc             ] GC(2428) Pause Young (Allocation Failure) 571M->409M(577M) 1.540ms
[655.905s][info][gc,cpu         ] GC(2428) User=0.00s Sys=0.00s Real=0.00s
[656.137s][info][gc,start       ] GC(2429) Pause Young (Allocation Failure)
[656.138s][info][gc,heap        ] GC(2429) PSYoungGen: 161056K(161280K)->672K(155648K) Eden: 160256K(160256K)->0K(154624K) From: 800K(1024K)->672K(1024K)
[656.138s][info][gc,heap        ] GC(2429) ParOldGen: 418703K(430080K)->418719K(430080K)
[656.138s][info][gc,metaspace   ] GC(2429) Metaspace: 6132K(6208K)->6132K(6208K) NonClass: 5649K(5696K)->5649K(5696K) Class: 483K(512K)->483K(512K)
[656.138s][info][gc             ] GC(2429) Pause Young (Allocation Failure) 566M->409M(572M) 1.687ms
[656.138s][info][gc,cpu         ] GC(2429) User=0.01s Sys=0.00s Real=0.00s
[656.346s][info][gc,start       ] GC(2430) Pause Young (Allocation Failure)
[656.348s][info][gc,heap        ] GC(2430) PSYoungGen: 155296K(155648K)->704K(150528K) Eden: 154624K(154624K)->0K(149504K) From: 672K(1024K)->704K(1024K)
[656.348s][info][gc,heap        ] GC(2430) ParOldGen: 418719K(430080K)->418719K(430080K)
[656.348s][info][gc,metaspace   ] GC(2430) Metaspace: 6132K(6208K)->6132K(6208K) NonClass: 5649K(5696K)->5649K(5696K) Class: 483K(512K)->483K(512K)
[656.348s][info][gc             ] GC(2430) Pause Young (Allocation Failure) 560M->409M(567M) 1.874ms
[656.348s][info][gc,cpu         ] GC(2430) User=0.00s Sys=0.00s Real=0.00s
[656.551s][info][gc,start       ] GC(2431) Pause Young (Allocation Failure)
[656.552s][info][gc,heap        ] GC(2431) PSYoungGen: 150208K(150528K)->512K(144896K) Eden: 149504K(149504K)->0K(144384K) From: 704K(1024K)->512K(512K)
[656.552s][info][gc,heap        ] GC(2431) ParOldGen: 418719K(430080K)->418839K(430080K)
[656.552s][info][gc,metaspace   ] GC(2431) Metaspace: 6132K(6208K)->6132K(6208K) NonClass: 5649K(5696K)->5649K(5696K) Class: 483K(512K)->483K(512K)
[656.552s][info][gc             ] GC(2431) Pause Young (Allocation Failure) 555M->409M(561M) 1.373ms
[656.552s][info][gc,cpu         ] GC(2431) User=0.01s Sys=0.00s Real=0.00s
[656.751s][info][gc,start       ] GC(2432) Pause Young (Allocation Failure)
[656.752s][info][gc,heap        ] GC(2432) PSYoungGen: 144896K(144896K)->672K(140800K) Eden: 144384K(144384K)->0K(139776K) From: 512K(512K)->672K(1024K)
[656.752s][info][gc,heap        ] GC(2432) ParOldGen: 418839K(430080K)->418839K(430080K)
[656.752s][info][gc,metaspace   ] GC(2432) Metaspace: 6132K(6208K)->6132K(6208K) NonClass: 5649K(5696K)->5649K(5696K) Class: 483K(512K)->483K(512K)
[656.752s][info][gc             ] GC(2432) Pause Young (Allocation Failure) 550M->409M(557M) 1.319ms
[656.752s][info][gc,cpu         ] GC(2432) User=0.00s Sys=0.00s Real=0.00s
[656.953s][info][gc,start       ] GC(2433) Pause Young (Allocation Failure)
[656.955s][info][gc,heap        ] GC(2433) PSYoungGen: 140448K(140800K)->480K(135680K) Eden: 139776K(139776K)->0K(135168K) From: 672K(1024K)->480K(512K)
[656.955s][info][gc,heap        ] GC(2433) ParOldGen: 418839K(430080K)->419153K(430080K)
[656.955s][info][gc,metaspace   ] GC(2433) Metaspace: 6132K(6208K)->6132K(6208K) NonClass: 5649K(5696K)->5649K(5696K) Class: 483K(512K)->483K(512K)
[656.955s][info][gc             ] GC(2433) Pause Young (Allocation Failure) 546M->409M(552M) 2.240ms
[656.955s][info][gc,cpu         ] GC(2433) User=0.01s Sys=0.00s Real=0.00s
[657.147s][info][gc,start       ] GC(2434) Pause Young (Allocation Failure)
[657.149s][info][gc,heap        ] GC(2434) PSYoungGen: 135648K(135680K)->722K(132096K) Eden: 135168K(135168K)->0K(131072K) From: 480K(512K)->722K(1024K)
[657.149s][info][gc,heap        ] GC(2434) ParOldGen: 419153K(430080K)->419265K(430080K)
[657.149s][info][gc,metaspace   ] GC(2434) Metaspace: 6132K(6208K)->6132K(6208K) NonClass: 5649K(5696K)->5649K(5696K) Class: 483K(512K)->483K(512K)
[657.149s][info][gc             ] GC(2434) Pause Young (Allocation Failure) 541M->410M(549M) 1.791ms
[657.149s][info][gc,cpu         ] GC(2434) User=0.00s Sys=0.00s Real=0.00s
[657.356s][info][gc,start       ] GC(2435) Pause Young (Allocation Failure)
[657.358s][info][gc,heap        ] GC(2435) PSYoungGen: 131794K(132096K)->736K(128000K) Eden: 131072K(131072K)->0K(126976K) From: 722K(1024K)->736K(1024K)
[657.358s][info][gc,heap        ] GC(2435) ParOldGen: 419265K(430080K)->419305K(430080K)
[657.358s][info][gc,metaspace   ] GC(2435) Metaspace: 6132K(6208K)->6132K(6208K) NonClass: 5649K(5696K)->5649K(5696K) Class: 483K(512K)->483K(512K)
[657.358s][info][gc             ] GC(2435) Pause Young (Allocation Failure) 538M->410M(545M) 1.798ms
[657.358s][info][gc,cpu         ] GC(2435) User=0.01s Sys=0.00s Real=0.00s
[657.574s][info][gc,start       ] GC(2436) Pause Young (Allocation Failure)
[657.576s][info][gc,heap        ] GC(2436) PSYoungGen: 127712K(128000K)->736K(123904K) Eden: 126976K(126976K)->0K(122880K) From: 736K(1024K)->736K(1024K)
[657.576s][info][gc,heap        ] GC(2436) ParOldGen: 419305K(430080K)->419305K(430080K)
[657.576s][info][gc,metaspace   ] GC(2436) Metaspace: 6132K(6208K)->6132K(6208K) NonClass: 5649K(5696K)->5649K(5696K) Class: 483K(512K)->483K(512K)
[657.576s][info][gc             ] GC(2436) Pause Young (Allocation Failure) 534M->410M(541M) 1.720ms
[657.576s][info][gc,cpu         ] GC(2436) User=0.00s Sys=0.00s Real=0.00s
[657.779s][info][gc,start       ] GC(2437) Pause Young (Allocation Failure)
[657.781s][info][gc,heap        ] GC(2437) PSYoungGen: 123616K(123904K)->512K(119808K) Eden: 122880K(122880K)->0K(119296K) From: 736K(1024K)->512K(512K)
[657.781s][info][gc,heap        ] GC(2437) ParOldGen: 419305K(430080K)->419529K(430080K)
[657.781s][info][gc,metaspace   ] GC(2437) Metaspace: 6132K(6208K)->6132K(6208K) NonClass: 5649K(5696K)->5649K(5696K) Class: 483K(512K)->483K(512K)
[657.781s][info][gc             ] GC(2437) Pause Young (Allocation Failure) 530M->410M(537M) 1.680ms
[657.781s][info][gc,cpu         ] GC(2437) User=0.01s Sys=0.00s Real=0.01s
[657.967s][info][gc,start       ] GC(2438) Pause Young (Allocation Failure)
[657.968s][info][gc,heap        ] GC(2438) PSYoungGen: 119808K(119808K)->768K(116736K) Eden: 119296K(119296K)->0K(115712K) From: 512K(512K)->768K(1024K)
[657.968s][info][gc,heap        ] GC(2438) ParOldGen: 419529K(430080K)->419529K(430080K)
[657.968s][info][gc,metaspace   ] GC(2438) Metaspace: 6132K(6208K)->6132K(6208K) NonClass: 5649K(5696K)->5649K(5696K) Class: 483K(512K)->483K(512K)
[657.968s][info][gc             ] GC(2438) Pause Young (Allocation Failure) 526M->410M(534M) 1.869ms
[657.968s][info][gc,cpu         ] GC(2438) User=0.00s Sys=0.00s Real=0.00s
[658.143s][info][gc,start       ] GC(2439) Pause Young (Allocation Failure)
[658.144s][info][gc,heap        ] GC(2439) PSYoungGen: 116480K(116736K)->768K(113152K) Eden: 115712K(115712K)->0K(112128K) From: 768K(1024K)->768K(1024K)
[658.145s][info][gc,heap        ] GC(2439) ParOldGen: 419529K(430080K)->419561K(430080K)
[658.145s][info][gc,metaspace   ] GC(2439) Metaspace: 6132K(6208K)->6132K(6208K) NonClass: 5649K(5696K)->5649K(5696K) Class: 483K(512K)->483K(512K)
[658.145s][info][gc             ] GC(2439) Pause Young (Allocation Failure) 523M->410M(530M) 1.795ms
[658.145s][info][gc,cpu         ] GC(2439) User=0.00s Sys=0.00s Real=0.00s
[658.320s][info][gc,start       ] GC(2440) Pause Young (Allocation Failure)
[658.321s][info][gc,heap        ] GC(2440) PSYoungGen: 112896K(113152K)->704K(110080K) Eden: 112128K(112128K)->0K(109056K) From: 768K(1024K)->704K(1024K)
[658.321s][info][gc,heap        ] GC(2440) ParOldGen: 419561K(430080K)->419561K(430080K)
[658.321s][info][gc,metaspace   ] GC(2440) Metaspace: 6132K(6208K)->6132K(6208K) NonClass: 5649K(5696K)->5649K(5696K) Class: 483K(512K)->483K(512K)
[658.321s][info][gc             ] GC(2440) Pause Young (Allocation Failure) 519M->410M(527M) 1.525ms
[658.321s][info][gc,cpu         ] GC(2440) User=0.00s Sys=0.00s Real=0.01s
[658.516s][info][gc,start       ] GC(2441) Pause Young (Allocation Failure)
[658.517s][info][gc,heap        ] GC(2441) PSYoungGen: 109760K(110080K)->512K(106496K) Eden: 109056K(109056K)->0K(105984K) From: 704K(1024K)->512K(512K)
[658.517s][info][gc,heap        ] GC(2441) ParOldGen: 419561K(430080K)->419753K(430080K)
[658.517s][info][gc,metaspace   ] GC(2441) Metaspace: 6132K(6208K)->6132K(6208K) NonClass: 5649K(5696K)->5649K(5696K) Class: 483K(512K)->483K(512K)
[658.517s][info][gc             ] GC(2441) Pause Young (Allocation Failure) 516M->410M(524M) 1.507ms
[658.517s][info][gc,cpu         ] GC(2441) User=0.00s Sys=0.00s Real=0.00s
[658.727s][info][gc,start       ] GC(2442) Pause Young (Allocation Failure)
[658.729s][info][gc,heap        ] GC(2442) PSYoungGen: 106496K(106496K)->768K(103936K) Eden: 105984K(105984K)->0K(102912K) From: 512K(512K)->768K(1024K)
[658.729s][info][gc,heap        ] GC(2442) ParOldGen: 419753K(430080K)->419753K(430080K)
[658.729s][info][gc,metaspace   ] GC(2442) Metaspace: 6132K(6208K)->6132K(6208K) NonClass: 5649K(5696K)->5649K(5696K) Class: 483K(512K)->483K(512K)
[658.729s][info][gc             ] GC(2442) Pause Young (Allocation Failure) 513M->410M(521M) 1.630ms
[658.729s][info][gc,cpu         ] GC(2442) User=0.00s Sys=0.00s Real=0.00s
[658.927s][info][gc,start       ] GC(2443) Pause Young (Allocation Failure)
[658.928s][info][gc,heap        ] GC(2443) PSYoungGen: 103680K(103936K)->768K(100864K) Eden: 102912K(102912K)->0K(99840K) From: 768K(1024K)->768K(1024K)
[658.928s][info][gc,heap        ] GC(2443) ParOldGen: 419753K(430080K)->419777K(430080K)
[658.928s][info][gc,metaspace   ] GC(2443) Metaspace: 6132K(6208K)->6132K(6208K) NonClass: 5649K(5696K)->5649K(5696K) Class: 483K(512K)->483K(512K)
[658.928s][info][gc             ] GC(2443) Pause Young (Allocation Failure) 511M->410M(518M) 1.619ms
[658.928s][info][gc,cpu         ] GC(2443) User=0.01s Sys=0.00s Real=0.00s
[659.113s][info][gc,start       ] GC(2444) Pause Young (Allocation Failure)
[659.115s][info][gc,heap        ] GC(2444) PSYoungGen: 100608K(100864K)->768K(98304K) Eden: 99840K(99840K)->0K(97280K) From: 768K(1024K)->768K(1024K)
[659.115s][info][gc,heap        ] GC(2444) ParOldGen: 419777K(430080K)->419777K(430080K)
[659.115s][info][gc,metaspace   ] GC(2444) Metaspace: 6132K(6208K)->6132K(6208K) NonClass: 5649K(5696K)->5649K(5696K) Class: 483K(512K)->483K(512K)
[659.115s][info][gc             ] GC(2444) Pause Young (Allocation Failure) 508M->410M(516M) 1.550ms
[659.115s][info][gc,cpu         ] GC(2444) User=0.01s Sys=0.00s Real=0.00s
[659.290s][info][gc,start       ] GC(2445) Pause Young (Allocation Failure)
[659.294s][info][gc,heap        ] GC(2445) PSYoungGen: 98048K(98304K)->512K(117248K) Eden: 97280K(97280K)->0K(116736K) From: 768K(1024K)->512K(512K)
[659.294s][info][gc,heap        ] GC(2445) ParOldGen: 419777K(430080K)->420001K(430080K)
[659.294s][info][gc,metaspace   ] GC(2445) Metaspace: 6132K(6208K)->6132K(6208K) NonClass: 5649K(5696K)->5649K(5696K) Class: 483K(512K)->483K(512K)
[659.294s][info][gc             ] GC(2445) Pause Young (Allocation Failure) 505M->410M(534M) 3.182ms
[659.294s][info][gc,cpu         ] GC(2445) User=0.00s Sys=0.00s Real=0.01s
[659.498s][info][gc,start       ] GC(2446) Pause Young (Allocation Failure)
[659.499s][info][gc,heap        ] GC(2446) PSYoungGen: 117248K(117248K)->736K(114176K) Eden: 116736K(116736K)->0K(113152K) From: 512K(512K)->736K(1024K)
[659.499s][info][gc,heap        ] GC(2446) ParOldGen: 420001K(430080K)->420001K(430080K)
[659.499s][info][gc,metaspace   ] GC(2446) Metaspace: 6132K(6208K)->6132K(6208K) NonClass: 5649K(5696K)->5649K(5696K) Class: 483K(512K)->483K(512K)
[659.499s][info][gc             ] GC(2446) Pause Young (Allocation Failure) 524M->410M(531M) 1.439ms
[659.499s][info][gc,cpu         ] GC(2446) User=0.00s Sys=0.00s Real=0.00s
[659.694s][info][gc,start       ] GC(2447) Pause Young (Allocation Failure)
[659.695s][info][gc,heap        ] GC(2447) PSYoungGen: 113888K(114176K)->768K(111104K) Eden: 113152K(113152K)->0K(110080K) From: 736K(1024K)->768K(1024K)
[659.695s][info][gc,heap        ] GC(2447) ParOldGen: 420001K(430080K)->420025K(430080K)
[659.695s][info][gc,metaspace   ] GC(2447) Metaspace: 6132K(6208K)->6132K(6208K) NonClass: 5649K(5696K)->5649K(5696K) Class: 483K(512K)->483K(512K)
[659.695s][info][gc             ] GC(2447) Pause Young (Allocation Failure) 521M->410M(528M) 1.511ms
[659.695s][info][gc,cpu         ] GC(2447) User=0.00s Sys=0.00s Real=0.00s
[659.892s][info][gc,start       ] GC(2448) Pause Young (Allocation Failure)
[659.894s][info][gc,heap        ] GC(2448) PSYoungGen: 110848K(111104K)->672K(108032K) Eden: 110080K(110080K)->0K(107008K) From: 768K(1024K)->672K(1024K)
[659.894s][info][gc,heap        ] GC(2448) ParOldGen: 420025K(430080K)->420025K(430080K)
[659.894s][info][gc,metaspace   ] GC(2448) Metaspace: 6132K(6208K)->6132K(6208K) NonClass: 5649K(5696K)->5649K(5696K) Class: 483K(512K)->483K(512K)
[659.894s][info][gc             ] GC(2448) Pause Young (Allocation Failure) 518M->410M(525M) 1.479ms
[659.894s][info][gc,cpu         ] GC(2448) User=0.00s Sys=0.00s Real=0.00s
[660.097s][info][gc,start       ] GC(2449) Pause Young (Allocation Failure)
[660.098s][info][gc,heap        ] GC(2449) PSYoungGen: 107680K(108032K)->512K(104448K) Eden: 107008K(107008K)->0K(103936K) From: 672K(1024K)->512K(512K)
[660.098s][info][gc,heap        ] GC(2449) ParOldGen: 420025K(430080K)->420105K(430080K)
[660.098s][info][gc,metaspace   ] GC(2449) Metaspace: 6132K(6208K)->6132K(6208K) NonClass: 5649K(5696K)->5649K(5696K) Class: 483K(512K)->483K(512K)
[660.098s][info][gc             ] GC(2449) Pause Young (Allocation Failure) 515M->410M(522M) 1.230ms
[660.098s][info][gc,cpu         ] GC(2449) User=0.00s Sys=0.00s Real=0.00s
[660.296s][info][gc,start       ] GC(2450) Pause Young (Allocation Failure)
[660.298s][info][gc,heap        ] GC(2450) PSYoungGen: 104448K(104448K)->818K(101888K) Eden: 103936K(103936K)->0K(100864K) From: 512K(512K)->818K(1024K)
[660.298s][info][gc,heap        ] GC(2450) ParOldGen: 420105K(430080K)->420105K(430080K)
[660.298s][info][gc,metaspace   ] GC(2450) Metaspace: 6132K(6208K)->6132K(6208K) NonClass: 5649K(5696K)->5649K(5696K) Class: 483K(512K)->483K(512K)
[660.298s][info][gc             ] GC(2450) Pause Young (Allocation Failure) 512M->411M(519M) 1.780ms
[660.298s][info][gc,cpu         ] GC(2450) User=0.00s Sys=0.00s Real=0.00s
[660.502s][info][gc,start       ] GC(2451) Pause Young (Allocation Failure)
[660.504s][info][gc,heap        ] GC(2451) PSYoungGen: 101682K(101888K)->704K(99328K) Eden: 100864K(100864K)->0K(98304K) From: 818K(1024K)->704K(1024K)
[660.504s][info][gc,heap        ] GC(2451) ParOldGen: 420105K(430080K)->420145K(430080K)
[660.504s][info][gc,metaspace   ] GC(2451) Metaspace: 6132K(6208K)->6132K(6208K) NonClass: 5649K(5696K)->5649K(5696K) Class: 483K(512K)->483K(512K)
[660.504s][info][gc             ] GC(2451) Pause Young (Allocation Failure) 509M->410M(517M) 1.481ms
[660.504s][info][gc,cpu         ] GC(2451) User=0.00s Sys=0.00s Real=0.00s
[660.749s][info][gc,start       ] GC(2452) Pause Young (Allocation Failure)
[660.750s][info][gc,heap        ] GC(2452) PSYoungGen: 99008K(99328K)->736K(96768K) Eden: 98304K(98304K)->0K(95744K) From: 704K(1024K)->736K(1024K)
[660.750s][info][gc,heap        ] GC(2452) ParOldGen: 420145K(430080K)->420145K(430080K)
[660.750s][info][gc,metaspace   ] GC(2452) Metaspace: 6132K(6208K)->6132K(6208K) NonClass: 5649K(5696K)->5649K(5696K) Class: 483K(512K)->483K(512K)
[660.750s][info][gc             ] GC(2452) Pause Young (Allocation Failure) 506M->411M(514M) 1.771ms
[660.750s][info][gc,cpu         ] GC(2452) User=0.00s Sys=0.00s Real=0.00s
[660.998s][info][gc,start       ] GC(2453) Pause Young (Allocation Failure)
[661.000s][info][gc,heap        ] GC(2453) PSYoungGen: 96480K(96768K)->512K(93696K) Eden: 95744K(95744K)->0K(93184K) From: 736K(1024K)->512K(512K)
[661.000s][info][gc,heap        ] GC(2453) ParOldGen: 420145K(430080K)->420321K(430080K)
[661.000s][info][gc,metaspace   ] GC(2453) Metaspace: 6132K(6208K)->6132K(6208K) NonClass: 5649K(5696K)->5649K(5696K) Class: 483K(512K)->483K(512K)
[661.000s][info][gc             ] GC(2453) Pause Young (Allocation Failure) 504M->410M(511M) 1.619ms
[661.000s][info][gc,cpu         ] GC(2453) User=0.00s Sys=0.00s Real=0.00s
[661.210s][info][gc,start       ] GC(2454) Pause Young (Allocation Failure)
[661.211s][info][gc,heap        ] GC(2454) PSYoungGen: 93696K(93696K)->786K(91648K) Eden: 93184K(93184K)->0K(90624K) From: 512K(512K)->786K(1024K)
[661.211s][info][gc,heap        ] GC(2454) ParOldGen: 420321K(430080K)->420321K(430080K)
[661.211s][info][gc,metaspace   ] GC(2454) Metaspace: 6132K(6208K)->6132K(6208K) NonClass: 5649K(5696K)->5649K(5696K) Class: 483K(512K)->483K(512K)
[661.211s][info][gc             ] GC(2454) Pause Young (Allocation Failure) 501M->411M(509M) 1.664ms
[661.211s][info][gc,cpu         ] GC(2454) User=0.00s Sys=0.00s Real=0.01s
[661.416s][info][gc,start       ] GC(2455) Pause Young (Allocation Failure)
[661.417s][info][gc,heap        ] GC(2455) PSYoungGen: 91410K(91648K)->704K(89088K) Eden: 90624K(90624K)->0K(88064K) From: 786K(1024K)->704K(1024K)
[661.417s][info][gc,heap        ] GC(2455) ParOldGen: 420321K(430080K)->420361K(430080K)
[661.417s][info][gc,metaspace   ] GC(2455) Metaspace: 6132K(6208K)->6132K(6208K) NonClass: 5649K(5696K)->5649K(5696K) Class: 483K(512K)->483K(512K)
[661.417s][info][gc             ] GC(2455) Pause Young (Allocation Failure) 499M->411M(507M) 1.507ms
[661.417s][info][gc,cpu         ] GC(2455) User=0.00s Sys=0.00s Real=0.00s
[661.639s][info][gc,start       ] GC(2456) Pause Young (Allocation Failure)
[661.641s][info][gc,heap        ] GC(2456) PSYoungGen: 88768K(89088K)->722K(87040K) Eden: 88064K(88064K)->0K(86016K) From: 704K(1024K)->722K(1024K)
[661.641s][info][gc,heap        ] GC(2456) ParOldGen: 420361K(430080K)->420361K(430080K)
[661.641s][info][gc,metaspace   ] GC(2456) Metaspace: 6132K(6208K)->6132K(6208K) NonClass: 5649K(5696K)->5649K(5696K) Class: 483K(512K)->483K(512K)
[661.641s][info][gc             ] GC(2456) Pause Young (Allocation Failure) 497M->411M(505M) 2.503ms
[661.641s][info][gc,cpu         ] GC(2456) User=0.00s Sys=0.00s Real=0.01s
[661.862s][info][gc,start       ] GC(2457) Pause Young (Allocation Failure)
[661.863s][info][gc,heap        ] GC(2457) PSYoungGen: 86738K(87040K)->512K(255488K) Eden: 86016K(86016K)->0K(254976K) From: 722K(1024K)->512K(512K)
[661.863s][info][gc,heap        ] GC(2457) ParOldGen: 420361K(430080K)->420569K(430080K)
[661.863s][info][gc,metaspace   ] GC(2457) Metaspace: 6132K(6208K)->6132K(6208K) NonClass: 5649K(5696K)->5649K(5696K) Class: 483K(512K)->483K(512K)
[661.863s][info][gc             ] GC(2457) Pause Young (Allocation Failure) 495M->411M(669M) 1.624ms
[661.863s][info][gc,cpu         ] GC(2457) User=0.00s Sys=0.00s Real=0.00s
[662.486s][info][gc,start       ] GC(2458) Pause Young (Allocation Failure)
[662.488s][info][gc,heap        ] GC(2458) PSYoungGen: 255488K(255488K)->768K(246272K) Eden: 254976K(254976K)->0K(245248K) From: 512K(512K)->768K(1024K)
[662.488s][info][gc,heap        ] GC(2458) ParOldGen: 420569K(430080K)->420569K(430080K)
[662.488s][info][gc,metaspace   ] GC(2458) Metaspace: 6132K(6208K)->6132K(6208K) NonClass: 5649K(5696K)->5649K(5696K) Class: 483K(512K)->483K(512K)
[662.488s][info][gc             ] GC(2458) Pause Young (Allocation Failure) 660M->411M(660M) 1.869ms
[662.488s][info][gc,cpu         ] GC(2458) User=0.00s Sys=0.00s Real=0.00s
[663.076s][info][gc,start       ] GC(2459) Pause Young (Allocation Failure)
[663.077s][info][gc,heap        ] GC(2459) PSYoungGen: 246016K(246272K)->544K(237056K) Eden: 245248K(245248K)->0K(236032K) From: 768K(1024K)->544K(1024K)
[663.077s][info][gc,heap        ] GC(2459) ParOldGen: 420569K(430080K)->420593K(430080K)
[663.077s][info][gc,metaspace   ] GC(2459) Metaspace: 6132K(6208K)->6132K(6208K) NonClass: 5649K(5696K)->5649K(5696K) Class: 483K(512K)->483K(512K)
[663.077s][info][gc             ] GC(2459) Pause Young (Allocation Failure) 650M->411M(651M) 1.355ms
[663.077s][info][gc,cpu         ] GC(2459) User=0.00s Sys=0.00s Real=0.00s
[663.510s][info][gc,start       ] GC(2460) Pause Young (Allocation Failure)
[663.512s][info][gc,heap        ] GC(2460) PSYoungGen: 236576K(237056K)->626K(227840K) Eden: 236032K(236032K)->0K(226816K) From: 544K(1024K)->626K(1024K)
[663.512s][info][gc,heap        ] GC(2460) ParOldGen: 420593K(430080K)->420593K(430080K)
[663.512s][info][gc,metaspace   ] GC(2460) Metaspace: 6132K(6208K)->6132K(6208K) NonClass: 5649K(5696K)->5649K(5696K) Class: 483K(512K)->483K(512K)
[663.512s][info][gc             ] GC(2460) Pause Young (Allocation Failure) 641M->411M(642M) 2.500ms
[663.512s][info][gc,cpu         ] GC(2460) User=0.00s Sys=0.00s Real=0.01s
[663.848s][info][gc,start       ] GC(2461) Pause Young (Allocation Failure)
[663.849s][info][gc,heap        ] GC(2461) PSYoungGen: 227442K(227840K)->512K(218624K) Eden: 226816K(226816K)->0K(218112K) From: 626K(1024K)->512K(512K)
[663.849s][info][gc,heap        ] GC(2461) ParOldGen: 420593K(430080K)->420801K(430080K)
[663.849s][info][gc,metaspace   ] GC(2461) Metaspace: 6132K(6208K)->6132K(6208K) NonClass: 5649K(5696K)->5649K(5696K) Class: 483K(512K)->483K(512K)
[663.849s][info][gc             ] GC(2461) Pause Young (Allocation Failure) 632M->411M(633M) 1.442ms
[663.849s][info][gc,cpu         ] GC(2461) User=0.00s Sys=0.00s Real=0.00s
[664.251s][info][gc,start       ] GC(2462) Pause Young (Allocation Failure)
[664.252s][info][gc,heap        ] GC(2462) PSYoungGen: 218624K(218624K)->672K(210944K) Eden: 218112K(218112K)->0K(209920K) From: 512K(512K)->672K(1024K)
[664.252s][info][gc,heap        ] GC(2462) ParOldGen: 420801K(430080K)->420809K(430080K)
[664.252s][info][gc,metaspace   ] GC(2462) Metaspace: 6132K(6208K)->6132K(6208K) NonClass: 5649K(5696K)->5649K(5696K) Class: 483K(512K)->483K(512K)
[664.252s][info][gc             ] GC(2462) Pause Young (Allocation Failure) 624M->411M(626M) 1.464ms
[664.252s][info][gc,cpu         ] GC(2462) User=0.00s Sys=0.00s Real=0.00s
[664.663s][info][gc,start       ] GC(2463) Pause Young (Allocation Failure)
[664.665s][info][gc,heap        ] GC(2463) PSYoungGen: 210592K(210944K)->704K(203264K) Eden: 209920K(209920K)->0K(202240K) From: 672K(1024K)->704K(1024K)
[664.665s][info][gc,heap        ] GC(2463) ParOldGen: 420809K(430080K)->420841K(430080K)
[664.665s][info][gc,metaspace   ] GC(2463) Metaspace: 6132K(6208K)->6132K(6208K) NonClass: 5649K(5696K)->5649K(5696K) Class: 483K(512K)->483K(512K)
[664.665s][info][gc             ] GC(2463) Pause Young (Allocation Failure) 616M->411M(618M) 1.567ms
[664.665s][info][gc,cpu         ] GC(2463) User=0.00s Sys=0.00s Real=0.00s
[665.046s][info][gc,start       ] GC(2464) Pause Young (Allocation Failure)
[665.047s][info][gc,heap        ] GC(2464) PSYoungGen: 202944K(203264K)->704K(196096K) Eden: 202240K(202240K)->0K(195072K) From: 704K(1024K)->704K(1024K)
[665.047s][info][gc,heap        ] GC(2464) ParOldGen: 420841K(430080K)->420841K(430080K)
[665.047s][info][gc,metaspace   ] GC(2464) Metaspace: 6132K(6208K)->6132K(6208K) NonClass: 5649K(5696K)->5649K(5696K) Class: 483K(512K)->483K(512K)
[665.047s][info][gc             ] GC(2464) Pause Young (Allocation Failure) 609M->411M(611M) 1.526ms
[665.047s][info][gc,cpu         ] GC(2464) User=0.01s Sys=0.00s Real=0.00s
[665.668s][info][gc,start       ] GC(2465) Pause Young (Allocation Failure)
[665.670s][info][gc,heap        ] GC(2465) PSYoungGen: 195776K(196096K)->512K(188416K) Eden: 195072K(195072K)->0K(187904K) From: 704K(1024K)->512K(512K)
[665.670s][info][gc,heap        ] GC(2465) ParOldGen: 420841K(430080K)->421049K(430080K)
[665.670s][info][gc,metaspace   ] GC(2465) Metaspace: 6132K(6208K)->6132K(6208K) NonClass: 5649K(5696K)->5649K(5696K) Class: 483K(512K)->483K(512K)
[665.670s][info][gc             ] GC(2465) Pause Young (Allocation Failure) 602M->411M(604M) 1.715ms
[665.670s][info][gc,cpu         ] GC(2465) User=0.00s Sys=0.00s Real=0.00s
[666.301s][info][gc,start       ] GC(2466) Pause Young (Allocation Failure)
[666.303s][info][gc,heap        ] GC(2466) PSYoungGen: 188416K(188416K)->800K(182272K) Eden: 187904K(187904K)->0K(181248K) From: 512K(512K)->800K(1024K)
[666.303s][info][gc,heap        ] GC(2466) ParOldGen: 421049K(430080K)->421049K(430080K)
[666.303s][info][gc,metaspace   ] GC(2466) Metaspace: 6132K(6208K)->6132K(6208K) NonClass: 5649K(5696K)->5649K(5696K) Class: 483K(512K)->483K(512K)
[666.303s][info][gc             ] GC(2466) Pause Young (Allocation Failure) 595M->411M(598M) 1.991ms
[666.303s][info][gc,cpu         ] GC(2466) User=0.00s Sys=0.00s Real=0.00s
[666.810s][info][gc,start       ] GC(2467) Pause Young (Allocation Failure)
[666.812s][info][gc,heap        ] GC(2467) PSYoungGen: 182048K(182272K)->736K(176128K) Eden: 181248K(181248K)->0K(175104K) From: 800K(1024K)->736K(1024K)
[666.812s][info][gc,heap        ] GC(2467) ParOldGen: 421049K(430080K)->421081K(430080K)
[666.812s][info][gc,metaspace   ] GC(2467) Metaspace: 6132K(6208K)->6132K(6208K) NonClass: 5649K(5696K)->5649K(5696K) Class: 483K(512K)->483K(512K)
[666.812s][info][gc             ] GC(2467) Pause Young (Allocation Failure) 588M->411M(592M) 1.857ms
[666.812s][info][gc,cpu         ] GC(2467) User=0.01s Sys=0.00s Real=0.01s
[667.331s][info][gc,start       ] GC(2468) Pause Young (Allocation Failure)
[667.332s][info][gc,heap        ] GC(2468) PSYoungGen: 175840K(176128K)->704K(169984K) Eden: 175104K(175104K)->0K(168960K) From: 736K(1024K)->704K(1024K)
[667.333s][info][gc,heap        ] GC(2468) ParOldGen: 421081K(430080K)->421081K(430080K)
[667.333s][info][gc,metaspace   ] GC(2468) Metaspace: 6132K(6208K)->6132K(6208K) NonClass: 5649K(5696K)->5649K(5696K) Class: 483K(512K)->483K(512K)
[667.333s][info][gc             ] GC(2468) Pause Young (Allocation Failure) 582M->411M(586M) 1.729ms
[667.333s][info][gc,cpu         ] GC(2468) User=0.00s Sys=0.00s Real=0.00s
[667.866s][info][gc,start       ] GC(2469) Pause Young (Allocation Failure)
[667.868s][info][gc,heap        ] GC(2469) PSYoungGen: 169664K(169984K)->498K(163840K) Eden: 168960K(168960K)->0K(163328K) From: 704K(1024K)->498K(512K)
[667.868s][info][gc,heap        ] GC(2469) ParOldGen: 421081K(430080K)->421249K(430080K)
[667.868s][info][gc,metaspace   ] GC(2469) Metaspace: 6132K(6208K)->6132K(6208K) NonClass: 5649K(5696K)->5649K(5696K) Class: 483K(512K)->483K(512K)
[667.868s][info][gc             ] GC(2469) Pause Young (Allocation Failure) 576M->411M(580M) 2.522ms
[667.868s][info][gc,cpu         ] GC(2469) User=0.00s Sys=0.00s Real=0.00s
[668.472s][info][gc,start       ] GC(2470) Pause Young (Allocation Failure)
[668.476s][info][gc,heap        ] GC(2470) PSYoungGen: 163826K(163840K)->805K(158720K) Eden: 163328K(163328K)->0K(157696K) From: 498K(512K)->805K(1024K)
[668.476s][info][gc,heap        ] GC(2470) ParOldGen: 421249K(430080K)->421249K(430080K)
[668.476s][info][gc,metaspace   ] GC(2470) Metaspace: 6132K(6208K)->6132K(6208K) NonClass: 5649K(5696K)->5649K(5696K) Class: 483K(512K)->483K(512K)
[668.476s][info][gc             ] GC(2470) Pause Young (Allocation Failure) 571M->412M(575M) 3.624ms
[668.476s][info][gc,cpu         ] GC(2470) User=0.01s Sys=0.00s Real=0.00s
[669.092s][info][gc,start       ] GC(2471) Pause Young (Allocation Failure)
[669.094s][info][gc,heap        ] GC(2471) PSYoungGen: 158501K(158720K)->722K(153600K) Eden: 157696K(157696K)->0K(152576K) From: 805K(1024K)->722K(1024K)
[669.094s][info][gc,heap        ] GC(2471) ParOldGen: 421249K(430080K)->421305K(430080K)
[669.094s][info][gc,metaspace   ] GC(2471) Metaspace: 6132K(6208K)->6132K(6208K) NonClass: 5649K(5696K)->5649K(5696K) Class: 483K(512K)->483K(512K)
[669.094s][info][gc             ] GC(2471) Pause Young (Allocation Failure) 566M->412M(570M) 2.715ms
[669.094s][info][gc,cpu         ] GC(2471) User=0.00s Sys=0.00s Real=0.00s
[669.456s][info][gc,start       ] GC(2472) Pause Young (Allocation Failure)
[669.458s][info][gc,heap        ] GC(2472) PSYoungGen: 153298K(153600K)->736K(148480K) Eden: 152576K(152576K)->0K(147456K) From: 722K(1024K)->736K(1024K)
[669.458s][info][gc,heap        ] GC(2472) ParOldGen: 421305K(430080K)->421305K(430080K)
[669.458s][info][gc,metaspace   ] GC(2472) Metaspace: 6132K(6208K)->6132K(6208K) NonClass: 5649K(5696K)->5649K(5696K) Class: 483K(512K)->483K(512K)
[669.458s][info][gc             ] GC(2472) Pause Young (Allocation Failure) 561M->412M(565M) 1.910ms
[669.458s][info][gc,cpu         ] GC(2472) User=0.00s Sys=0.00s Real=0.00s
[669.740s][info][gc,start       ] GC(2473) Pause Young (Allocation Failure)
[669.742s][info][gc,heap        ] GC(2473) PSYoungGen: 148192K(148480K)->512K(143360K) Eden: 147456K(147456K)->0K(142848K) From: 736K(1024K)->512K(512K)
[669.742s][info][gc,heap        ] GC(2473) ParOldGen: 421305K(430080K)->421529K(430080K)
[669.742s][info][gc,metaspace   ] GC(2473) Metaspace: 6132K(6208K)->6132K(6208K) NonClass: 5649K(5696K)->5649K(5696K) Class: 483K(512K)->483K(512K)
[669.742s][info][gc             ] GC(2473) Pause Young (Allocation Failure) 556M->412M(560M) 1.659ms
[669.742s][info][gc,cpu         ] GC(2473) User=0.00s Sys=0.00s Real=0.01s
[670.071s][info][gc,start       ] GC(2474) Pause Young (Allocation Failure)
[670.072s][info][gc,heap        ] GC(2474) PSYoungGen: 143360K(143360K)->704K(139264K) Eden: 142848K(142848K)->0K(138240K) From: 512K(512K)->704K(1024K)
[670.072s][info][gc,heap        ] GC(2474) ParOldGen: 421529K(430080K)->421529K(430080K)
[670.072s][info][gc,metaspace   ] GC(2474) Metaspace: 6132K(6208K)->6132K(6208K) NonClass: 5649K(5696K)->5649K(5696K) Class: 483K(512K)->483K(512K)
[670.072s][info][gc             ] GC(2474) Pause Young (Allocation Failure) 551M->412M(556M) 1.532ms
[670.072s][info][gc,cpu         ] GC(2474) User=0.01s Sys=0.00s Real=0.00s
[670.393s][info][gc,start       ] GC(2475) Pause Young (Allocation Failure)
[670.395s][info][gc,heap        ] GC(2475) PSYoungGen: 138944K(139264K)->768K(134656K) Eden: 138240K(138240K)->0K(133632K) From: 704K(1024K)->768K(1024K)
[670.395s][info][gc,heap        ] GC(2475) ParOldGen: 421529K(430080K)->421537K(430080K)
[670.395s][info][gc,metaspace   ] GC(2475) Metaspace: 6132K(6208K)->6132K(6208K) NonClass: 5649K(5696K)->5649K(5696K) Class: 483K(512K)->483K(512K)
[670.395s][info][gc             ] GC(2475) Pause Young (Allocation Failure) 547M->412M(551M) 1.782ms
[670.395s][info][gc,cpu         ] GC(2475) User=0.00s Sys=0.00s Real=0.00s
[670.701s][info][gc,start       ] GC(2476) Pause Young (Allocation Failure)
[670.703s][info][gc,heap        ] GC(2476) PSYoungGen: 134400K(134656K)->736K(130560K) Eden: 133632K(133632K)->0K(129536K) From: 768K(1024K)->736K(1024K)
[670.703s][info][gc,heap        ] GC(2476) ParOldGen: 421537K(430080K)->421537K(430080K)
[670.703s][info][gc,metaspace   ] GC(2476) Metaspace: 6132K(6208K)->6132K(6208K) NonClass: 5649K(5696K)->5649K(5696K) Class: 483K(512K)->483K(512K)
[670.703s][info][gc             ] GC(2476) Pause Young (Allocation Failure) 542M->412M(547M) 1.957ms
[670.703s][info][gc,cpu         ] GC(2476) User=0.01s Sys=0.00s Real=0.00s
[670.993s][info][gc,start       ] GC(2477) Pause Young (Allocation Failure)
[670.994s][info][gc,heap        ] GC(2477) PSYoungGen: 130272K(130560K)->512K(125952K) Eden: 129536K(129536K)->0K(125440K) From: 736K(1024K)->512K(512K)
[670.994s][info][gc,heap        ] GC(2477) ParOldGen: 421537K(430080K)->421729K(430080K)
[670.994s][info][gc,metaspace   ] GC(2477) Metaspace: 6132K(6208K)->6132K(6208K) NonClass: 5649K(5696K)->5649K(5696K) Class: 483K(512K)->483K(512K)
[670.994s][info][gc             ] GC(2477) Pause Young (Allocation Failure) 538M->412M(543M) 1.706ms
[670.994s][info][gc,cpu         ] GC(2477) User=0.01s Sys=0.00s Real=0.00s
[671.259s][info][gc,start       ] GC(2478) Pause Young (Allocation Failure)
[671.260s][info][gc,heap        ] GC(2478) PSYoungGen: 125952K(125952K)->704K(122368K) Eden: 125440K(125440K)->0K(121344K) From: 512K(512K)->704K(1024K)
[671.260s][info][gc,heap        ] GC(2478) ParOldGen: 421729K(430080K)->421729K(430080K)
[671.260s][info][gc,metaspace   ] GC(2478) Metaspace: 6132K(6208K)->6132K(6208K) NonClass: 5649K(5696K)->5649K(5696K) Class: 483K(512K)->483K(512K)
[671.260s][info][gc             ] GC(2478) Pause Young (Allocation Failure) 534M->412M(539M) 1.556ms
[671.260s][info][gc,cpu         ] GC(2478) User=0.00s Sys=0.00s Real=0.00s
[671.526s][info][gc,start       ] GC(2479) Pause Young (Allocation Failure)
[671.528s][info][gc,heap        ] GC(2479) PSYoungGen: 122048K(122368K)->672K(118784K) Eden: 121344K(121344K)->0K(117760K) From: 704K(1024K)->672K(1024K)
[671.528s][info][gc,heap        ] GC(2479) ParOldGen: 421729K(430080K)->421753K(430080K)
[671.528s][info][gc,metaspace   ] GC(2479) Metaspace: 6132K(6208K)->6132K(6208K) NonClass: 5649K(5696K)->5649K(5696K) Class: 483K(512K)->483K(512K)
[671.528s][info][gc             ] GC(2479) Pause Young (Allocation Failure) 531M->412M(536M) 1.651ms
[671.528s][info][gc,cpu         ] GC(2479) User=0.00s Sys=0.00s Real=0.00s
[671.781s][info][gc,start       ] GC(2480) Pause Young (Allocation Failure)
[671.785s][info][gc,heap        ] GC(2480) PSYoungGen: 118432K(118784K)->448K(114688K) Eden: 117760K(117760K)->0K(114176K) From: 672K(1024K)->448K(512K)
[671.785s][info][gc,heap        ] GC(2480) ParOldGen: 421753K(430080K)->422052K(430080K)
[671.785s][info][gc,metaspace   ] GC(2480) Metaspace: 6132K(6208K)->6132K(6208K) NonClass: 5649K(5696K)->5649K(5696K) Class: 483K(512K)->483K(512K)
[671.785s][info][gc             ] GC(2480) Pause Young (Allocation Failure) 527M->412M(532M) 3.308ms
[671.785s][info][gc,cpu         ] GC(2480) User=0.00s Sys=0.00s Real=0.00s
[672.044s][info][gc,start       ] GC(2481) Pause Young (Allocation Failure)
[672.047s][info][gc,heap        ] GC(2481) PSYoungGen: 114624K(114688K)->818K(111616K) Eden: 114176K(114176K)->0K(110592K) From: 448K(512K)->818K(1024K)
[672.047s][info][gc,heap        ] GC(2481) ParOldGen: 422052K(430080K)->422164K(430080K)
[672.047s][info][gc,metaspace   ] GC(2481) Metaspace: 6132K(6208K)->6132K(6208K) NonClass: 5649K(5696K)->5649K(5696K) Class: 483K(512K)->483K(512K)
[672.047s][info][gc             ] GC(2481) Pause Young (Allocation Failure) 524M->413M(529M) 2.346ms
[672.047s][info][gc,cpu         ] GC(2481) User=0.00s Sys=0.00s Real=0.00s
[672.305s][info][gc,start       ] GC(2482) Pause Young (Allocation Failure)
[672.309s][info][gc,heap        ] GC(2482) PSYoungGen: 111410K(111616K)->736K(108544K) Eden: 110592K(110592K)->0K(107520K) From: 818K(1024K)->736K(1024K)
[672.310s][info][gc,heap        ] GC(2482) ParOldGen: 422164K(430080K)->422204K(430080K)
[672.310s][info][gc,metaspace   ] GC(2482) Metaspace: 6132K(6208K)->6132K(6208K) NonClass: 5649K(5696K)->5649K(5696K) Class: 483K(512K)->483K(512K)
[672.310s][info][gc             ] GC(2482) Pause Young (Allocation Failure) 521M->413M(526M) 4.373ms
[672.310s][info][gc,cpu         ] GC(2482) User=0.00s Sys=0.00s Real=0.00s
[672.543s][info][gc,start       ] GC(2483) Pause Young (Allocation Failure)
[672.547s][info][gc,heap        ] GC(2483) PSYoungGen: 108256K(108544K)->498K(129536K) Eden: 107520K(107520K)->0K(129024K) From: 736K(1024K)->498K(512K)
[672.547s][info][gc,heap        ] GC(2483) ParOldGen: 422204K(430080K)->422380K(430080K)
[672.547s][info][gc,metaspace   ] GC(2483) Metaspace: 6132K(6208K)->6132K(6208K) NonClass: 5649K(5696K)->5649K(5696K) Class: 483K(512K)->483K(512K)
[672.547s][info][gc             ] GC(2483) Pause Young (Allocation Failure) 518M->412M(546M) 3.231ms
[672.547s][info][gc,cpu         ] GC(2483) User=0.01s Sys=0.00s Real=0.00s
[672.817s][info][gc,start       ] GC(2484) Pause Young (Allocation Failure)
[672.821s][info][gc,heap        ] GC(2484) PSYoungGen: 129522K(129536K)->754K(156160K) Eden: 129024K(129024K)->0K(155136K) From: 498K(512K)->754K(1024K)
[672.821s][info][gc,heap        ] GC(2484) ParOldGen: 422380K(430080K)->422380K(430080K)
[672.821s][info][gc,metaspace   ] GC(2484) Metaspace: 6132K(6208K)->6132K(6208K) NonClass: 5649K(5696K)->5649K(5696K) Class: 483K(512K)->483K(512K)
[672.822s][info][gc             ] GC(2484) Pause Young (Allocation Failure) 538M->413M(572M) 4.515ms
[672.822s][info][gc,cpu         ] GC(2484) User=0.00s Sys=0.00s Real=0.01s
[673.167s][info][gc,start       ] GC(2485) Pause Young (Allocation Failure)
[673.169s][info][gc,heap        ] GC(2485) PSYoungGen: 155890K(156160K)->800K(186880K) Eden: 155136K(155136K)->0K(185856K) From: 754K(1024K)->800K(1024K)
[673.169s][info][gc,heap        ] GC(2485) ParOldGen: 422380K(430080K)->422396K(430080K)
[673.169s][info][gc,metaspace   ] GC(2485) Metaspace: 6132K(6208K)->6132K(6208K) NonClass: 5649K(5696K)->5649K(5696K) Class: 483K(512K)->483K(512K)
[673.169s][info][gc             ] GC(2485) Pause Young (Allocation Failure) 564M->413M(602M) 1.912ms
[673.169s][info][gc,cpu         ] GC(2485) User=0.00s Sys=0.00s Real=0.00s
[673.544s][info][gc,start       ] GC(2486) Pause Young (Allocation Failure)
[673.547s][info][gc,heap        ] GC(2486) PSYoungGen: 186656K(186880K)->690K(180224K) Eden: 185856K(185856K)->0K(179200K) From: 800K(1024K)->690K(1024K)
[673.547s][info][gc,heap        ] GC(2486) ParOldGen: 422396K(430080K)->422396K(430080K)
[673.547s][info][gc,metaspace   ] GC(2486) Metaspace: 6132K(6208K)->6132K(6208K) NonClass: 5649K(5696K)->5649K(5696K) Class: 483K(512K)->483K(512K)
[673.547s][info][gc             ] GC(2486) Pause Young (Allocation Failure) 594M->413M(596M) 3.102ms
[673.547s][info][gc,cpu         ] GC(2486) User=0.00s Sys=0.00s Real=0.00s
[673.708s][info][gc,start       ] GC(2487) Pause Young (Allocation Failure)
[673.710s][info][gc,heap        ] GC(2487) PSYoungGen: 179890K(180224K)->352K(173568K) Eden: 179200K(179200K)->0K(173056K) From: 690K(1024K)->352K(512K)
[673.710s][info][gc,heap        ] GC(2487) ParOldGen: 422396K(430080K)->422396K(430080K)
[673.710s][info][gc,metaspace   ] GC(2487) Metaspace: 6132K(6208K)->6132K(6208K) NonClass: 5649K(5696K)->5649K(5696K) Class: 483K(512K)->483K(512K)
[673.710s][info][gc             ] GC(2487) Pause Young (Allocation Failure) 588M->412M(589M) 1.276ms
[673.710s][info][gc,cpu         ] GC(2487) User=0.00s Sys=0.00s Real=0.00s
[673.992s][info][gc,start       ] GC(2488) Pause Young (Allocation Failure)
[673.993s][info][gc,heap        ] GC(2488) PSYoungGen: 173408K(173568K)->704K(167936K) Eden: 173056K(173056K)->0K(166912K) From: 352K(512K)->704K(1024K)
[673.993s][info][gc,heap        ] GC(2488) ParOldGen: 422396K(430080K)->422396K(430080K)
[673.993s][info][gc,metaspace   ] GC(2488) Metaspace: 6132K(6208K)->6132K(6208K) NonClass: 5649K(5696K)->5649K(5696K) Class: 483K(512K)->483K(512K)
[673.993s][info][gc             ] GC(2488) Pause Young (Allocation Failure) 581M->413M(584M) 1.366ms
[673.993s][info][gc,cpu         ] GC(2488) User=0.00s Sys=0.00s Real=0.00s
[674.166s][info][gc,start       ] GC(2489) Pause Young (Allocation Failure)
[674.167s][info][gc,heap        ] GC(2489) PSYoungGen: 167616K(167936K)->672K(162304K) Eden: 166912K(166912K)->0K(161280K) From: 704K(1024K)->672K(1024K)
[674.167s][info][gc,heap        ] GC(2489) ParOldGen: 422396K(430080K)->422396K(430080K)
[674.167s][info][gc,metaspace   ] GC(2489) Metaspace: 6132K(6208K)->6132K(6208K) NonClass: 5649K(5696K)->5649K(5696K) Class: 483K(512K)->483K(512K)
[674.167s][info][gc             ] GC(2489) Pause Young (Allocation Failure) 576M->413M(578M) 1.333ms
[674.167s][info][gc,cpu         ] GC(2489) User=0.00s Sys=0.00s Real=0.00s
[674.363s][info][gc,start       ] GC(2490) Pause Young (Allocation Failure)
[674.365s][info][gc,heap        ] GC(2490) PSYoungGen: 161952K(162304K)->800K(156672K) Eden: 161280K(161280K)->0K(155648K) From: 672K(1024K)->800K(1024K)
[674.365s][info][gc,heap        ] GC(2490) ParOldGen: 422396K(430080K)->422396K(430080K)
[674.365s][info][gc,metaspace   ] GC(2490) Metaspace: 6132K(6208K)->6132K(6208K) NonClass: 5649K(5696K)->5649K(5696K) Class: 483K(512K)->483K(512K)
[674.365s][info][gc             ] GC(2490) Pause Young (Allocation Failure) 570M->413M(573M) 1.946ms
[674.365s][info][gc,cpu         ] GC(2490) User=0.00s Sys=0.00s Real=0.00s
[674.593s][info][gc,start       ] GC(2491) Pause Young (Allocation Failure)
[674.594s][info][gc,heap        ] GC(2491) PSYoungGen: 156448K(156672K)->512K(151040K) Eden: 155648K(155648K)->0K(150528K) From: 800K(1024K)->512K(512K)
[674.594s][info][gc,heap        ] GC(2491) ParOldGen: 422396K(430080K)->422556K(430080K)
[674.594s][info][gc,metaspace   ] GC(2491) Metaspace: 6132K(6208K)->6132K(6208K) NonClass: 5649K(5696K)->5649K(5696K) Class: 483K(512K)->483K(512K)
[674.594s][info][gc             ] GC(2491) Pause Young (Allocation Failure) 565M->413M(567M) 1.420ms
[674.594s][info][gc,cpu         ] GC(2491) User=0.01s Sys=0.00s Real=0.00s
[674.851s][info][gc,start       ] GC(2492) Pause Young (Allocation Failure)
[674.852s][info][gc,heap        ] GC(2492) PSYoungGen: 151040K(151040K)->741K(146432K) Eden: 150528K(150528K)->0K(145408K) From: 512K(512K)->741K(1024K)
[674.852s][info][gc,heap        ] GC(2492) ParOldGen: 422556K(430080K)->422556K(430080K)
[674.852s][info][gc,metaspace   ] GC(2492) Metaspace: 6132K(6208K)->6132K(6208K) NonClass: 5649K(5696K)->5649K(5696K) Class: 483K(512K)->483K(512K)
[674.852s][info][gc             ] GC(2492) Pause Young (Allocation Failure) 560M->413M(563M) 1.417ms
[674.852s][info][gc,cpu         ] GC(2492) User=0.00s Sys=0.00s Real=0.00s
[675.109s][info][gc,start       ] GC(2493) Pause Young (Allocation Failure)
[675.110s][info][gc,heap        ] GC(2493) PSYoungGen: 146149K(146432K)->640K(141824K) Eden: 145408K(145408K)->0K(140800K) From: 741K(1024K)->640K(1024K)
[675.110s][info][gc,heap        ] GC(2493) ParOldGen: 422556K(430080K)->422604K(430080K)
[675.110s][info][gc,metaspace   ] GC(2493) Metaspace: 6132K(6208K)->6132K(6208K) NonClass: 5649K(5696K)->5649K(5696K) Class: 483K(512K)->483K(512K)
[675.110s][info][gc             ] GC(2493) Pause Young (Allocation Failure) 555M->413M(558M) 1.389ms
[675.110s][info][gc,cpu         ] GC(2493) User=0.00s Sys=0.00s Real=0.00s
[675.388s][info][gc,start       ] GC(2494) Pause Young (Allocation Failure)
[675.391s][info][gc,heap        ] GC(2494) PSYoungGen: 141440K(141824K)->786K(137216K) Eden: 140800K(140800K)->0K(136192K) From: 640K(1024K)->786K(1024K)
[675.391s][info][gc,heap        ] GC(2494) ParOldGen: 422604K(430080K)->422604K(430080K)
[675.391s][info][gc,metaspace   ] GC(2494) Metaspace: 6132K(6208K)->6132K(6208K) NonClass: 5649K(5696K)->5649K(5696K) Class: 483K(512K)->483K(512K)
[675.391s][info][gc             ] GC(2494) Pause Young (Allocation Failure) 550M->413M(554M) 3.327ms
[675.391s][info][gc,cpu         ] GC(2494) User=0.00s Sys=0.00s Real=0.01s
[675.635s][info][gc,start       ] GC(2495) Pause Young (Allocation Failure)
[675.637s][info][gc,heap        ] GC(2495) PSYoungGen: 136978K(137216K)->512K(132608K) Eden: 136192K(136192K)->0K(132096K) From: 786K(1024K)->512K(512K)
[675.637s][info][gc,heap        ] GC(2495) ParOldGen: 422604K(430080K)->422764K(430080K)
[675.637s][info][gc,metaspace   ] GC(2495) Metaspace: 6132K(6208K)->6132K(6208K) NonClass: 5649K(5696K)->5649K(5696K) Class: 483K(512K)->483K(512K)
[675.637s][info][gc             ] GC(2495) Pause Young (Allocation Failure) 546M->413M(549M) 1.469ms
[675.637s][info][gc,cpu         ] GC(2495) User=0.00s Sys=0.00s Real=0.00s
[675.878s][info][gc,start       ] GC(2496) Pause Young (Allocation Failure)
[675.880s][info][gc,heap        ] GC(2496) PSYoungGen: 132608K(132608K)->690K(129024K) Eden: 132096K(132096K)->0K(128000K) From: 512K(512K)->690K(1024K)
[675.880s][info][gc,heap        ] GC(2496) ParOldGen: 422764K(430080K)->422764K(430080K)
[675.880s][info][gc,metaspace   ] GC(2496) Metaspace: 6132K(6208K)->6132K(6208K) NonClass: 5649K(5696K)->5649K(5696K) Class: 483K(512K)->483K(512K)
[675.880s][info][gc             ] GC(2496) Pause Young (Allocation Failure) 542M->413M(546M) 1.446ms
[675.880s][info][gc,cpu         ] GC(2496) User=0.00s Sys=0.00s Real=0.00s
[676.105s][info][gc,start       ] GC(2497) Pause Young (Allocation Failure)
[676.106s][info][gc,heap        ] GC(2497) PSYoungGen: 128690K(129024K)->640K(124928K) Eden: 128000K(128000K)->0K(123904K) From: 690K(1024K)->640K(1024K)
[676.106s][info][gc,heap        ] GC(2497) ParOldGen: 422764K(430080K)->422804K(430080K)
[676.106s][info][gc,metaspace   ] GC(2497) Metaspace: 6132K(6208K)->6132K(6208K) NonClass: 5649K(5696K)->5649K(5696K) Class: 483K(512K)->483K(512K)
[676.106s][info][gc             ] GC(2497) Pause Young (Allocation Failure) 538M->413M(542M) 1.427ms
[676.106s][info][gc,cpu         ] GC(2497) User=0.00s Sys=0.00s Real=0.00s
[676.324s][info][gc,start       ] GC(2498) Pause Young (Allocation Failure)
[676.325s][info][gc,heap        ] GC(2498) PSYoungGen: 124544K(124928K)->672K(121344K) Eden: 123904K(123904K)->0K(120320K) From: 640K(1024K)->672K(1024K)
[676.325s][info][gc,heap        ] GC(2498) ParOldGen: 422804K(430080K)->422804K(430080K)
[676.325s][info][gc,metaspace   ] GC(2498) Metaspace: 6132K(6208K)->6132K(6208K) NonClass: 5649K(5696K)->5649K(5696K) Class: 483K(512K)->483K(512K)
[676.325s][info][gc             ] GC(2498) Pause Young (Allocation Failure) 534M->413M(538M) 1.544ms
[676.325s][info][gc,cpu         ] GC(2498) User=0.00s Sys=0.00s Real=0.00s
[676.548s][info][gc,start       ] GC(2499) Pause Young (Allocation Failure)
[676.551s][info][gc,heap        ] GC(2499) PSYoungGen: 120992K(121344K)->498K(117248K) Eden: 120320K(120320K)->0K(116736K) From: 672K(1024K)->498K(512K)
[676.551s][info][gc,heap        ] GC(2499) ParOldGen: 422804K(430080K)->422940K(430080K)
[676.551s][info][gc,metaspace   ] GC(2499) Metaspace: 6132K(6208K)->6132K(6208K) NonClass: 5649K(5696K)->5649K(5696K) Class: 483K(512K)->483K(512K)
[676.551s][info][gc             ] GC(2499) Pause Young (Allocation Failure) 531M->413M(534M) 2.682ms
[676.551s][info][gc,cpu         ] GC(2499) User=0.01s Sys=0.00s Real=0.01s
[676.759s][info][gc,start       ] GC(2500) Pause Young (Allocation Failure)
[676.761s][info][gc,heap        ] GC(2500) PSYoungGen: 117234K(117248K)->786K(114176K) Eden: 116736K(116736K)->0K(113152K) From: 498K(512K)->786K(1024K)
[676.761s][info][gc,heap        ] GC(2500) ParOldGen: 422940K(430080K)->422940K(430080K)
[676.761s][info][gc,metaspace   ] GC(2500) Metaspace: 6132K(6208K)->6132K(6208K) NonClass: 5649K(5696K)->5649K(5696K) Class: 483K(512K)->483K(512K)
[676.761s][info][gc             ] GC(2500) Pause Young (Allocation Failure) 527M->413M(531M) 2.406ms
[676.761s][info][gc,cpu         ] GC(2500) User=0.00s Sys=0.00s Real=0.01s
[676.954s][info][gc,start       ] GC(2501) Pause Young (Allocation Failure)
[676.957s][info][gc,heap        ] GC(2501) PSYoungGen: 113938K(114176K)->690K(111104K) Eden: 113152K(113152K)->0K(110080K) From: 786K(1024K)->690K(1024K)
[676.957s][info][gc,heap        ] GC(2501) ParOldGen: 422940K(430080K)->422972K(430080K)
[676.957s][info][gc,metaspace   ] GC(2501) Metaspace: 6132K(6208K)->6132K(6208K) NonClass: 5649K(5696K)->5649K(5696K) Class: 483K(512K)->483K(512K)
[676.957s][info][gc             ] GC(2501) Pause Young (Allocation Failure) 524M->413M(528M) 2.819ms
[676.957s][info][gc,cpu         ] GC(2501) User=0.00s Sys=0.00s Real=0.00s
[677.138s][info][gc,start       ] GC(2502) Pause Young (Allocation Failure)
[677.141s][info][gc,heap        ] GC(2502) PSYoungGen: 110770K(111104K)->754K(133120K) Eden: 110080K(110080K)->0K(132096K) From: 690K(1024K)->754K(1024K)
[677.141s][info][gc,heap        ] GC(2502) ParOldGen: 422972K(430080K)->422972K(430080K)
[677.141s][info][gc,metaspace   ] GC(2502) Metaspace: 6132K(6208K)->6132K(6208K) NonClass: 5649K(5696K)->5649K(5696K) Class: 483K(512K)->483K(512K)
[677.141s][info][gc             ] GC(2502) Pause Young (Allocation Failure) 521M->413M(550M) 3.323ms
[677.141s][info][gc,cpu         ] GC(2502) User=0.01s Sys=0.00s Real=0.01s
[677.367s][info][gc,start       ] GC(2503) Pause Young (Allocation Failure)
[677.369s][info][gc,heap        ] GC(2503) PSYoungGen: 132850K(133120K)->512K(159232K) Eden: 132096K(132096K)->0K(158720K) From: 754K(1024K)->512K(512K)
[677.369s][info][gc,heap        ] GC(2503) ParOldGen: 422972K(430080K)->423204K(430080K)
[677.369s][info][gc,metaspace   ] GC(2503) Metaspace: 6132K(6208K)->6132K(6208K) NonClass: 5649K(5696K)->5649K(5696K) Class: 483K(512K)->483K(512K)
[677.369s][info][gc             ] GC(2503) Pause Young (Allocation Failure) 542M->413M(575M) 1.615ms
[677.369s][info][gc,cpu         ] GC(2503) User=0.00s Sys=0.00s Real=0.00s
[677.618s][info][gc,start       ] GC(2504) Pause Young (Allocation Failure)
[677.622s][info][gc,heap        ] GC(2504) PSYoungGen: 159232K(159232K)->768K(191488K) Eden: 158720K(158720K)->0K(190464K) From: 512K(512K)->768K(1024K)
[677.622s][info][gc,heap        ] GC(2504) ParOldGen: 423204K(430080K)->423204K(430080K)
[677.622s][info][gc,metaspace   ] GC(2504) Metaspace: 6132K(6208K)->6132K(6208K) NonClass: 5649K(5696K)->5649K(5696K) Class: 483K(512K)->483K(512K)
[677.622s][info][gc             ] GC(2504) Pause Young (Allocation Failure) 568M->414M(607M) 3.710ms
[677.622s][info][gc,cpu         ] GC(2504) User=0.01s Sys=0.00s Real=0.01s
[677.881s][info][gc,start       ] GC(2505) Pause Young (Allocation Failure)
[677.883s][info][gc,heap        ] GC(2505) PSYoungGen: 191232K(191488K)->704K(184832K) Eden: 190464K(190464K)->0K(183808K) From: 768K(1024K)->704K(1024K)
[677.883s][info][gc,heap        ] GC(2505) ParOldGen: 423204K(430080K)->423236K(430080K)
[677.883s][info][gc,metaspace   ] GC(2505) Metaspace: 6132K(6208K)->6132K(6208K) NonClass: 5649K(5696K)->5649K(5696K) Class: 483K(512K)->483K(512K)
[677.883s][info][gc             ] GC(2505) Pause Young (Allocation Failure) 600M->414M(600M) 1.392ms
[677.883s][info][gc,cpu         ] GC(2505) User=0.01s Sys=0.00s Real=0.00s
[678.210s][info][gc,start       ] GC(2506) Pause Young (Allocation Failure)
[678.212s][info][gc,heap        ] GC(2506) PSYoungGen: 184512K(184832K)->704K(178176K) Eden: 183808K(183808K)->0K(177152K) From: 704K(1024K)->704K(1024K)
[678.212s][info][gc,heap        ] GC(2506) ParOldGen: 423236K(430080K)->423236K(430080K)
[678.212s][info][gc,metaspace   ] GC(2506) Metaspace: 6132K(6208K)->6132K(6208K) NonClass: 5649K(5696K)->5649K(5696K) Class: 483K(512K)->483K(512K)
[678.212s][info][gc             ] GC(2506) Pause Young (Allocation Failure) 593M->414M(594M) 1.704ms
[678.212s][info][gc,cpu         ] GC(2506) User=0.01s Sys=0.00s Real=0.01s
[678.480s][info][gc,start       ] GC(2507) Pause Young (Allocation Failure)
[678.483s][info][gc,heap        ] GC(2507) PSYoungGen: 177856K(178176K)->498K(171520K) Eden: 177152K(177152K)->0K(171008K) From: 704K(1024K)->498K(512K)
[678.483s][info][gc,heap        ] GC(2507) ParOldGen: 423236K(430080K)->423508K(430080K)
[678.483s][info][gc,metaspace   ] GC(2507) Metaspace: 6132K(6208K)->6132K(6208K) NonClass: 5649K(5696K)->5649K(5696K) Class: 483K(512K)->483K(512K)
[678.483s][info][gc             ] GC(2507) Pause Young (Allocation Failure) 587M->414M(587M) 2.933ms
[678.483s][info][gc,cpu         ] GC(2507) User=0.00s Sys=0.00s Real=0.01s
[678.703s][info][gc,start       ] GC(2508) Pause Young (Allocation Failure)
[678.707s][info][gc,heap        ] GC(2508) PSYoungGen: 171506K(171520K)->736K(205824K) Eden: 171008K(171008K)->0K(204800K) From: 498K(512K)->736K(1024K)
[678.707s][info][gc,heap        ] GC(2508) ParOldGen: 423508K(430080K)->423508K(430080K)
[678.707s][info][gc,metaspace   ] GC(2508) Metaspace: 6132K(6208K)->6132K(6208K) NonClass: 5649K(5696K)->5649K(5696K) Class: 483K(512K)->483K(512K)
[678.707s][info][gc             ] GC(2508) Pause Young (Allocation Failure) 581M->414M(621M) 3.706ms
[678.707s][info][gc,cpu         ] GC(2508) User=0.00s Sys=0.00s Real=0.00s
[678.977s][info][gc,start       ] GC(2509) Pause Young (Allocation Failure)
[678.980s][info][gc,heap        ] GC(2509) PSYoungGen: 205536K(205824K)->626K(246272K) Eden: 204800K(204800K)->0K(245248K) From: 736K(1024K)->626K(1024K)
[678.980s][info][gc,heap        ] GC(2509) ParOldGen: 423508K(430080K)->423540K(430080K)
[678.980s][info][gc,metaspace   ] GC(2509) Metaspace: 6132K(6208K)->6132K(6208K) NonClass: 5649K(5696K)->5649K(5696K) Class: 483K(512K)->483K(512K)
[678.980s][info][gc             ] GC(2509) Pause Young (Allocation Failure) 614M->414M(660M) 2.443ms
[678.980s][info][gc,cpu         ] GC(2509) User=0.00s Sys=0.00s Real=0.00s
[679.305s][info][gc,start       ] GC(2510) Pause Young (Allocation Failure)
[679.309s][info][gc,heap        ] GC(2510) PSYoungGen: 245874K(246272K)->658K(249344K) Eden: 245248K(245248K)->0K(248320K) From: 626K(1024K)->658K(1024K)
[679.309s][info][gc,heap        ] GC(2510) ParOldGen: 423540K(430080K)->423540K(430080K)
[679.309s][info][gc,metaspace   ] GC(2510) Metaspace: 6132K(6208K)->6132K(6208K) NonClass: 5649K(5696K)->5649K(5696K) Class: 483K(512K)->483K(512K)
[679.310s][info][gc             ] GC(2510) Pause Young (Allocation Failure) 653M->414M(663M) 4.388ms
[679.310s][info][gc,cpu         ] GC(2510) User=0.00s Sys=0.00s Real=0.00s
[679.624s][info][gc,start       ] GC(2511) Pause Young (Allocation Failure)
[679.626s][info][gc,heap        ] GC(2511) PSYoungGen: 248978K(249344K)->658K(239616K) Eden: 248320K(248320K)->0K(238592K) From: 658K(1024K)->658K(1024K)
[679.626s][info][gc,heap        ] GC(2511) ParOldGen: 423540K(430080K)->423540K(430080K)
[679.626s][info][gc,metaspace   ] GC(2511) Metaspace: 6132K(6208K)->6132K(6208K) NonClass: 5649K(5696K)->5649K(5696K) Class: 483K(512K)->483K(512K)
[679.626s][info][gc             ] GC(2511) Pause Young (Allocation Failure) 656M->414M(654M) 2.474ms
[679.626s][info][gc,cpu         ] GC(2511) User=0.01s Sys=0.00s Real=0.00s
[679.928s][info][gc,start       ] GC(2512) Pause Young (Allocation Failure)
[679.930s][info][gc,heap        ] GC(2512) PSYoungGen: 239250K(239616K)->672K(230400K) Eden: 238592K(238592K)->0K(229376K) From: 658K(1024K)->672K(1024K)
[679.930s][info][gc,heap        ] GC(2512) ParOldGen: 423540K(430080K)->423540K(430080K)
[679.930s][info][gc,metaspace   ] GC(2512) Metaspace: 6132K(6208K)->6132K(6208K) NonClass: 5649K(5696K)->5649K(5696K) Class: 483K(512K)->483K(512K)
[679.930s][info][gc             ] GC(2512) Pause Young (Allocation Failure) 647M->414M(645M) 1.854ms
[679.930s][info][gc,cpu         ] GC(2512) User=0.01s Sys=0.00s Real=0.00s
[680.218s][info][gc,start       ] GC(2513) Pause Young (Allocation Failure)
[680.220s][info][gc,heap        ] GC(2513) PSYoungGen: 230048K(230400K)->512K(221184K) Eden: 229376K(229376K)->0K(220672K) From: 672K(1024K)->512K(512K)
[680.220s][info][gc,heap        ] GC(2513) ParOldGen: 423540K(430080K)->423772K(430080K)
[680.220s][info][gc,metaspace   ] GC(2513) Metaspace: 6132K(6208K)->6132K(6208K) NonClass: 5649K(5696K)->5649K(5696K) Class: 483K(512K)->483K(512K)
[680.220s][info][gc             ] GC(2513) Pause Young (Allocation Failure) 638M->414M(636M) 1.985ms
[680.220s][info][gc,cpu         ] GC(2513) User=0.00s Sys=0.00s Real=0.00s
[680.481s][info][gc,start       ] GC(2514) Pause Young (Allocation Failure)
[680.483s][info][gc,heap        ] GC(2514) PSYoungGen: 221184K(221184K)->704K(213504K) Eden: 220672K(220672K)->0K(212480K) From: 512K(512K)->704K(1024K)
[680.483s][info][gc,heap        ] GC(2514) ParOldGen: 423772K(430080K)->423772K(430080K)
[680.483s][info][gc,metaspace   ] GC(2514) Metaspace: 6132K(6208K)->6132K(6208K) NonClass: 5649K(5696K)->5649K(5696K) Class: 483K(512K)->483K(512K)
[680.483s][info][gc             ] GC(2514) Pause Young (Allocation Failure) 629M->414M(628M) 1.743ms
[680.483s][info][gc,cpu         ] GC(2514) User=0.00s Sys=0.01s Real=0.00s
[680.714s][info][gc,start       ] GC(2515) Pause Young (Allocation Failure)
[680.715s][info][gc,heap        ] GC(2515) PSYoungGen: 213184K(213504K)->768K(205824K) Eden: 212480K(212480K)->0K(204800K) From: 704K(1024K)->768K(1024K)
[680.716s][info][gc,heap        ] GC(2515) ParOldGen: 423772K(430080K)->423796K(430080K)
[680.716s][info][gc,metaspace   ] GC(2515) Metaspace: 6132K(6208K)->6132K(6208K) NonClass: 5649K(5696K)->5649K(5696K) Class: 483K(512K)->483K(512K)
[680.716s][info][gc             ] GC(2515) Pause Young (Allocation Failure) 622M->414M(621M) 1.772ms
[680.716s][info][gc,cpu         ] GC(2515) User=0.00s Sys=0.00s Real=0.00s
[680.964s][info][gc,start       ] GC(2516) Pause Young (Allocation Failure)
[680.965s][info][gc,heap        ] GC(2516) PSYoungGen: 205568K(205824K)->704K(198144K) Eden: 204800K(204800K)->0K(197120K) From: 768K(1024K)->704K(1024K)
[680.965s][info][gc,heap        ] GC(2516) ParOldGen: 423796K(430080K)->423796K(430080K)
[680.965s][info][gc,metaspace   ] GC(2516) Metaspace: 6132K(6208K)->6132K(6208K) NonClass: 5649K(5696K)->5649K(5696K) Class: 483K(512K)->483K(512K)
[680.965s][info][gc             ] GC(2516) Pause Young (Allocation Failure) 614M->414M(613M) 1.542ms
[680.965s][info][gc,cpu         ] GC(2516) User=0.01s Sys=0.00s Real=0.00s
[681.196s][info][gc,start       ] GC(2517) Pause Young (Allocation Failure)
[681.199s][info][gc,heap        ] GC(2517) PSYoungGen: 197824K(198144K)->512K(190464K) Eden: 197120K(197120K)->0K(189952K) From: 704K(1024K)->512K(512K)
[681.199s][info][gc,heap        ] GC(2517) ParOldGen: 423796K(430080K)->424036K(430080K)
[681.199s][info][gc,metaspace   ] GC(2517) Metaspace: 6132K(6208K)->6132K(6208K) NonClass: 5649K(5696K)->5649K(5696K) Class: 483K(512K)->483K(512K)
[681.199s][info][gc             ] GC(2517) Pause Young (Allocation Failure) 607M->414M(606M) 2.569ms
[681.199s][info][gc,cpu         ] GC(2517) User=0.00s Sys=0.00s Real=0.00s
[681.410s][info][gc,start       ] GC(2518) Pause Young (Allocation Failure)
[681.412s][info][gc,heap        ] GC(2518) PSYoungGen: 190464K(190464K)->736K(184320K) Eden: 189952K(189952K)->0K(183296K) From: 512K(512K)->736K(1024K)
[681.412s][info][gc,heap        ] GC(2518) ParOldGen: 424036K(430080K)->424036K(430080K)
[681.412s][info][gc,metaspace   ] GC(2518) Metaspace: 6132K(6208K)->6132K(6208K) NonClass: 5649K(5696K)->5649K(5696K) Class: 483K(512K)->483K(512K)
[681.412s][info][gc             ] GC(2518) Pause Young (Allocation Failure) 600M->414M(600M) 1.844ms
[681.412s][info][gc,cpu         ] GC(2518) User=0.00s Sys=0.00s Real=0.01s
[681.625s][info][gc,start       ] GC(2519) Pause Young (Allocation Failure)
[681.626s][info][gc,heap        ] GC(2519) PSYoungGen: 184032K(184320K)->672K(177664K) Eden: 183296K(183296K)->0K(176640K) From: 736K(1024K)->672K(1024K)
[681.626s][info][gc,heap        ] GC(2519) ParOldGen: 424036K(430080K)->424060K(430080K)
[681.626s][info][gc,metaspace   ] GC(2519) Metaspace: 6132K(6208K)->6132K(6208K) NonClass: 5649K(5696K)->5649K(5696K) Class: 483K(512K)->483K(512K)
[681.626s][info][gc             ] GC(2519) Pause Young (Allocation Failure) 593M->414M(593M) 1.460ms
[681.626s][info][gc,cpu         ] GC(2519) User=0.00s Sys=0.00s Real=0.00s
[681.892s][info][gc,start       ] GC(2520) Pause Young (Allocation Failure)
[681.893s][info][gc,heap        ] GC(2520) PSYoungGen: 177312K(177664K)->704K(171520K) Eden: 176640K(176640K)->0K(170496K) From: 672K(1024K)->704K(1024K)
[681.893s][info][gc,heap        ] GC(2520) ParOldGen: 424060K(430080K)->424060K(430080K)
[681.893s][info][gc,metaspace   ] GC(2520) Metaspace: 6132K(6208K)->6132K(6208K) NonClass: 5649K(5696K)->5649K(5696K) Class: 483K(512K)->483K(512K)
[681.894s][info][gc             ] GC(2520) Pause Young (Allocation Failure) 587M->414M(587M) 1.659ms
[681.894s][info][gc,cpu         ] GC(2520) User=0.00s Sys=0.00s Real=0.00s
[682.142s][info][gc,start       ] GC(2521) Pause Young (Allocation Failure)
[682.143s][info][gc,heap        ] GC(2521) PSYoungGen: 171200K(171520K)->512K(164864K) Eden: 170496K(170496K)->0K(164352K) From: 704K(1024K)->512K(512K)
[682.143s][info][gc,heap        ] GC(2521) ParOldGen: 424060K(430080K)->424220K(430080K)
[682.143s][info][gc,metaspace   ] GC(2521) Metaspace: 6132K(6208K)->6132K(6208K) NonClass: 5649K(5696K)->5649K(5696K) Class: 483K(512K)->483K(512K)
[682.143s][info][gc             ] GC(2521) Pause Young (Allocation Failure) 581M->414M(581M) 1.467ms
[682.143s][info][gc,cpu         ] GC(2521) User=0.00s Sys=0.00s Real=0.00s
[682.366s][info][gc,start       ] GC(2522) Pause Young (Allocation Failure)
[682.368s][info][gc,heap        ] GC(2522) PSYoungGen: 164864K(164864K)->805K(159744K) Eden: 164352K(164352K)->0K(158720K) From: 512K(512K)->805K(1024K)
[682.368s][info][gc,heap        ] GC(2522) ParOldGen: 424220K(430080K)->424220K(430080K)
[682.368s][info][gc,metaspace   ] GC(2522) Metaspace: 6132K(6208K)->6132K(6208K) NonClass: 5649K(5696K)->5649K(5696K) Class: 483K(512K)->483K(512K)
[682.368s][info][gc             ] GC(2522) Pause Young (Allocation Failure) 575M->415M(576M) 2.031ms
[682.368s][info][gc,cpu         ] GC(2522) User=0.00s Sys=0.00s Real=0.00s
[682.597s][info][gc,start       ] GC(2523) Pause Young (Allocation Failure)
[682.600s][info][gc,heap        ] GC(2523) PSYoungGen: 159525K(159744K)->704K(154624K) Eden: 158720K(158720K)->0K(153600K) From: 805K(1024K)->704K(1024K)
[682.600s][info][gc,heap        ] GC(2523) ParOldGen: 424220K(430080K)->424260K(430080K)
[682.600s][info][gc,metaspace   ] GC(2523) Metaspace: 6132K(6208K)->6132K(6208K) NonClass: 5649K(5696K)->5649K(5696K) Class: 483K(512K)->483K(512K)
[682.600s][info][gc             ] GC(2523) Pause Young (Allocation Failure) 570M->415M(571M) 2.965ms
[682.600s][info][gc,cpu         ] GC(2523) User=0.00s Sys=0.00s Real=0.00s
[682.821s][info][gc,start       ] GC(2524) Pause Young (Allocation Failure)
[682.822s][info][gc,heap        ] GC(2524) PSYoungGen: 154304K(154624K)->704K(149504K) Eden: 153600K(153600K)->0K(148480K) From: 704K(1024K)->704K(1024K)
[682.822s][info][gc,heap        ] GC(2524) ParOldGen: 424260K(430080K)->424260K(430080K)
[682.822s][info][gc,metaspace   ] GC(2524) Metaspace: 6132K(6208K)->6132K(6208K) NonClass: 5649K(5696K)->5649K(5696K) Class: 483K(512K)->483K(512K)
[682.823s][info][gc             ] GC(2524) Pause Young (Allocation Failure) 565M->415M(566M) 2.005ms
[682.823s][info][gc,cpu         ] GC(2524) User=0.00s Sys=0.00s Real=0.00s
[683.041s][info][gc,start       ] GC(2525) Pause Young (Allocation Failure)
[683.043s][info][gc,heap        ] GC(2525) PSYoungGen: 149184K(149504K)->512K(143872K) Eden: 148480K(148480K)->0K(143360K) From: 704K(1024K)->512K(512K)
[683.043s][info][gc,heap        ] GC(2525) ParOldGen: 424260K(430080K)->424436K(430080K)
[683.043s][info][gc,metaspace   ] GC(2525) Metaspace: 6132K(6208K)->6132K(6208K) NonClass: 5649K(5696K)->5649K(5696K) Class: 483K(512K)->483K(512K)
[683.043s][info][gc             ] GC(2525) Pause Young (Allocation Failure) 560M->414M(560M) 1.682ms
[683.043s][info][gc,cpu         ] GC(2525) User=0.00s Sys=0.00s Real=0.00s
[683.278s][info][gc,start       ] GC(2526) Pause Young (Allocation Failure)
[683.280s][info][gc,heap        ] GC(2526) PSYoungGen: 143872K(143872K)->672K(139776K) Eden: 143360K(143360K)->0K(138752K) From: 512K(512K)->672K(1024K)
[683.280s][info][gc,heap        ] GC(2526) ParOldGen: 424436K(430080K)->424436K(430080K)
[683.280s][info][gc,metaspace   ] GC(2526) Metaspace: 6132K(6208K)->6132K(6208K) NonClass: 5649K(5696K)->5649K(5696K) Class: 483K(512K)->483K(512K)
[683.280s][info][gc             ] GC(2526) Pause Young (Allocation Failure) 554M->415M(556M) 1.761ms
[683.280s][info][gc,cpu         ] GC(2526) User=0.00s Sys=0.00s Real=0.00s
[683.493s][info][gc,start       ] GC(2527) Pause Young (Allocation Failure)
[683.495s][info][gc,heap        ] GC(2527) PSYoungGen: 139424K(139776K)->658K(135168K) Eden: 138752K(138752K)->0K(134144K) From: 672K(1024K)->658K(1024K)
[683.495s][info][gc,heap        ] GC(2527) ParOldGen: 424436K(430080K)->424452K(430080K)
[683.495s][info][gc,metaspace   ] GC(2527) Metaspace: 6132K(6208K)->6132K(6208K) NonClass: 5649K(5696K)->5649K(5696K) Class: 483K(512K)->483K(512K)
[683.495s][info][gc             ] GC(2527) Pause Young (Allocation Failure) 550M->415M(552M) 2.463ms
[683.495s][info][gc,cpu         ] GC(2527) User=0.00s Sys=0.00s Real=0.00s
[683.692s][info][gc,start       ] GC(2528) Pause Young (Allocation Failure)
[683.695s][info][gc,heap        ] GC(2528) PSYoungGen: 134802K(135168K)->690K(131072K) Eden: 134144K(134144K)->0K(130048K) From: 658K(1024K)->690K(1024K)
[683.695s][info][gc,heap        ] GC(2528) ParOldGen: 424452K(430080K)->424452K(430080K)
[683.695s][info][gc,metaspace   ] GC(2528) Metaspace: 6132K(6208K)->6132K(6208K) NonClass: 5649K(5696K)->5649K(5696K) Class: 483K(512K)->483K(512K)
[683.695s][info][gc             ] GC(2528) Pause Young (Allocation Failure) 546M->415M(548M) 2.839ms
[683.695s][info][gc,cpu         ] GC(2528) User=0.01s Sys=0.00s Real=0.00s
[683.873s][info][gc,start       ] GC(2529) Pause Young (Allocation Failure)
[683.876s][info][gc,heap        ] GC(2529) PSYoungGen: 130738K(131072K)->498K(156672K) Eden: 130048K(130048K)->0K(156160K) From: 690K(1024K)->498K(512K)
[683.876s][info][gc,heap        ] GC(2529) ParOldGen: 424452K(430080K)->424724K(430080K)
[683.876s][info][gc,metaspace   ] GC(2529) Metaspace: 6132K(6208K)->6132K(6208K) NonClass: 5649K(5696K)->5649K(5696K) Class: 483K(512K)->483K(512K)
[683.876s][info][gc             ] GC(2529) Pause Young (Allocation Failure) 542M->415M(573M) 3.371ms
[683.876s][info][gc,cpu         ] GC(2529) User=0.00s Sys=0.00s Real=0.00s
[684.136s][info][gc,start       ] GC(2530) Pause Young (Allocation Failure)
[684.140s][info][gc,heap        ] GC(2530) PSYoungGen: 156658K(156672K)->672K(188416K) Eden: 156160K(156160K)->0K(187392K) From: 498K(512K)->672K(1024K)
[684.141s][info][gc,heap        ] GC(2530) ParOldGen: 424724K(430080K)->424724K(430080K)
[684.141s][info][gc,metaspace   ] GC(2530) Metaspace: 6132K(6208K)->6132K(6208K) NonClass: 5649K(5696K)->5649K(5696K) Class: 483K(512K)->483K(512K)
[684.141s][info][gc             ] GC(2530) Pause Young (Allocation Failure) 567M->415M(604M) 4.492ms
[684.141s][info][gc,cpu         ] GC(2530) User=0.00s Sys=0.00s Real=0.01s
[684.454s][info][gc,start       ] GC(2531) Pause Young (Allocation Failure)
[684.455s][info][gc,heap        ] GC(2531) PSYoungGen: 188064K(188416K)->672K(225792K) Eden: 187392K(187392K)->0K(224768K) From: 672K(1024K)->672K(1024K)
[684.455s][info][gc,heap        ] GC(2531) ParOldGen: 424724K(430080K)->424756K(430080K)
[684.455s][info][gc,metaspace   ] GC(2531) Metaspace: 6132K(6208K)->6132K(6208K) NonClass: 5649K(5696K)->5649K(5696K) Class: 483K(512K)->483K(512K)
[684.455s][info][gc             ] GC(2531) Pause Young (Allocation Failure) 598M->415M(640M) 1.502ms
[684.455s][info][gc,cpu         ] GC(2531) User=0.00s Sys=0.00s Real=0.00s
[684.854s][info][gc,start       ] GC(2532) Pause Young (Allocation Failure)
[684.856s][info][gc,heap        ] GC(2532) PSYoungGen: 225440K(225792K)->800K(217600K) Eden: 224768K(224768K)->0K(216576K) From: 672K(1024K)->800K(1024K)
[684.856s][info][gc,heap        ] GC(2532) ParOldGen: 424756K(430080K)->424756K(430080K)
[684.856s][info][gc,metaspace   ] GC(2532) Metaspace: 6132K(6208K)->6132K(6208K) NonClass: 5649K(5696K)->5649K(5696K) Class: 483K(512K)->483K(512K)
[684.856s][info][gc             ] GC(2532) Pause Young (Allocation Failure) 634M->415M(632M) 1.940ms
[684.856s][info][gc,cpu         ] GC(2532) User=0.00s Sys=0.00s Real=0.00s
[685.269s][info][gc,start       ] GC(2533) Pause Young (Allocation Failure)
[685.271s][info][gc,heap        ] GC(2533) PSYoungGen: 217376K(217600K)->512K(208896K) Eden: 216576K(216576K)->0K(208384K) From: 800K(1024K)->512K(512K)
[685.271s][info][gc,heap        ] GC(2533) ParOldGen: 424756K(430080K)->424940K(430080K)
[685.271s][info][gc,metaspace   ] GC(2533) Metaspace: 6132K(6208K)->6132K(6208K) NonClass: 5649K(5696K)->5649K(5696K) Class: 483K(512K)->483K(512K)
[685.271s][info][gc             ] GC(2533) Pause Young (Allocation Failure) 627M->415M(624M) 1.736ms
[685.271s][info][gc,cpu         ] GC(2533) User=0.00s Sys=0.00s Real=0.01s
[685.626s][info][gc,start       ] GC(2534) Pause Young (Allocation Failure)
[685.628s][info][gc,heap        ] GC(2534) PSYoungGen: 208896K(208896K)->704K(201728K) Eden: 208384K(208384K)->0K(200704K) From: 512K(512K)->704K(1024K)
[685.628s][info][gc,heap        ] GC(2534) ParOldGen: 424940K(430080K)->424940K(430080K)
[685.628s][info][gc,metaspace   ] GC(2534) Metaspace: 6132K(6208K)->6132K(6208K) NonClass: 5649K(5696K)->5649K(5696K) Class: 483K(512K)->483K(512K)
[685.628s][info][gc             ] GC(2534) Pause Young (Allocation Failure) 618M->415M(617M) 2.010ms
[685.628s][info][gc,cpu         ] GC(2534) User=0.00s Sys=0.00s Real=0.00s
[685.968s][info][gc,start       ] GC(2535) Pause Young (Allocation Failure)
[685.970s][info][gc,heap        ] GC(2535) PSYoungGen: 201408K(201728K)->768K(194560K) Eden: 200704K(200704K)->0K(193536K) From: 704K(1024K)->768K(1024K)
[685.970s][info][gc,heap        ] GC(2535) ParOldGen: 424940K(430080K)->424956K(430080K)
[685.970s][info][gc,metaspace   ] GC(2535) Metaspace: 6132K(6208K)->6132K(6208K) NonClass: 5649K(5696K)->5649K(5696K) Class: 483K(512K)->483K(512K)
[685.970s][info][gc             ] GC(2535) Pause Young (Allocation Failure) 611M->415M(610M) 2.120ms
[685.970s][info][gc,cpu         ] GC(2535) User=0.00s Sys=0.00s Real=0.00s
[686.249s][info][gc,start       ] GC(2536) Pause Young (Allocation Failure)
[686.251s][info][gc,heap        ] GC(2536) PSYoungGen: 194304K(194560K)->704K(187392K) Eden: 193536K(193536K)->0K(186368K) From: 768K(1024K)->704K(1024K)
[686.251s][info][gc,heap        ] GC(2536) ParOldGen: 424956K(430080K)->424956K(430080K)
[686.251s][info][gc,metaspace   ] GC(2536) Metaspace: 6132K(6208K)->6132K(6208K) NonClass: 5649K(5696K)->5649K(5696K) Class: 483K(512K)->483K(512K)
[686.251s][info][gc             ] GC(2536) Pause Young (Allocation Failure) 604M->415M(603M) 1.560ms
[686.251s][info][gc,cpu         ] GC(2536) User=0.00s Sys=0.00s Real=0.01s
[686.526s][info][gc,start       ] GC(2537) Pause Young (Allocation Failure)
[686.528s][info][gc,heap        ] GC(2537) PSYoungGen: 187072K(187392K)->498K(180224K) Eden: 186368K(186368K)->0K(179712K) From: 704K(1024K)->498K(512K)
[686.528s][info][gc,heap        ] GC(2537) ParOldGen: 424956K(430080K)->425060K(430080K)
[686.528s][info][gc,metaspace   ] GC(2537) Metaspace: 6132K(6208K)->6132K(6208K) NonClass: 5649K(5696K)->5649K(5696K) Class: 483K(512K)->483K(512K)
[686.528s][info][gc             ] GC(2537) Pause Young (Allocation Failure) 597M->415M(596M) 2.384ms
[686.528s][info][gc,cpu         ] GC(2537) User=0.00s Sys=0.00s Real=0.00s
[686.798s][info][gc,start       ] GC(2538) Pause Young (Allocation Failure)
[686.802s][info][gc,heap        ] GC(2538) PSYoungGen: 180210K(180224K)->800K(174592K) Eden: 179712K(179712K)->0K(173568K) From: 498K(512K)->800K(1024K)
[686.802s][info][gc,heap        ] GC(2538) ParOldGen: 425060K(430080K)->425060K(430080K)
[686.802s][info][gc,metaspace   ] GC(2538) Metaspace: 6132K(6208K)->6132K(6208K) NonClass: 5649K(5696K)->5649K(5696K) Class: 483K(512K)->483K(512K)
[686.802s][info][gc             ] GC(2538) Pause Young (Allocation Failure) 591M->415M(590M) 3.581ms
[686.802s][info][gc,cpu         ] GC(2538) User=0.01s Sys=0.00s Real=0.01s
[687.001s][info][gc,start       ] GC(2539) Pause Young (Allocation Failure)
[687.004s][info][gc,heap        ] GC(2539) PSYoungGen: 174368K(174592K)->704K(168448K) Eden: 173568K(173568K)->0K(167424K) From: 800K(1024K)->704K(1024K)
[687.004s][info][gc,heap        ] GC(2539) ParOldGen: 425060K(430080K)->425108K(430080K)
[687.004s][info][gc,metaspace   ] GC(2539) Metaspace: 6132K(6208K)->6132K(6208K) NonClass: 5649K(5696K)->5649K(5696K) Class: 483K(512K)->483K(512K)
[687.004s][info][gc             ] GC(2539) Pause Young (Allocation Failure) 585M->415M(584M) 2.834ms
[687.004s][info][gc,cpu         ] GC(2539) User=0.01s Sys=0.00s Real=0.00s
[687.189s][info][gc,start       ] GC(2540) Pause Young (Allocation Failure)
[687.191s][info][gc,heap        ] GC(2540) PSYoungGen: 168128K(168448K)->672K(162816K) Eden: 167424K(167424K)->0K(161792K) From: 704K(1024K)->672K(1024K)
[687.191s][info][gc,heap        ] GC(2540) ParOldGen: 425108K(430080K)->425108K(430080K)
[687.191s][info][gc,metaspace   ] GC(2540) Metaspace: 6132K(6208K)->6132K(6208K) NonClass: 5649K(5696K)->5649K(5696K) Class: 483K(512K)->483K(512K)
[687.191s][info][gc             ] GC(2540) Pause Young (Allocation Failure) 579M->415M(579M) 1.613ms
[687.191s][info][gc,cpu         ] GC(2540) User=0.00s Sys=0.00s Real=0.01s
[687.380s][info][gc,start       ] GC(2541) Pause Young (Allocation Failure)
[687.381s][info][gc,heap        ] GC(2541) PSYoungGen: 162464K(162816K)->512K(156672K) Eden: 161792K(161792K)->0K(156160K) From: 672K(1024K)->512K(512K)
[687.381s][info][gc,heap        ] GC(2541) ParOldGen: 425108K(430080K)->425228K(430080K)
[687.381s][info][gc,metaspace   ] GC(2541) Metaspace: 6132K(6208K)->6132K(6208K) NonClass: 5649K(5696K)->5649K(5696K) Class: 483K(512K)->483K(512K)
[687.381s][info][gc             ] GC(2541) Pause Young (Allocation Failure) 573M->415M(573M) 1.361ms
[687.381s][info][gc,cpu         ] GC(2541) User=0.00s Sys=0.00s Real=0.01s
[687.561s][info][gc,start       ] GC(2542) Pause Young (Allocation Failure)
[687.563s][info][gc,heap        ] GC(2542) PSYoungGen: 156671K(156672K)->722K(152064K) Eden: 156159K(156160K)->0K(151040K) From: 512K(512K)->722K(1024K)
[687.563s][info][gc,heap        ] GC(2542) ParOldGen: 425228K(430080K)->425228K(430080K)
[687.563s][info][gc,metaspace   ] GC(2542) Metaspace: 6132K(6208K)->6132K(6208K) NonClass: 5649K(5696K)->5649K(5696K) Class: 483K(512K)->483K(512K)
[687.563s][info][gc             ] GC(2542) Pause Young (Allocation Failure) 568M->415M(568M) 1.711ms
[687.563s][info][gc,cpu         ] GC(2542) User=0.00s Sys=0.00s Real=0.00s
[687.739s][info][gc,start       ] GC(2543) Pause Young (Allocation Failure)
[687.742s][info][gc,heap        ] GC(2543) PSYoungGen: 151762K(152064K)->722K(182272K) Eden: 151040K(151040K)->0K(181248K) From: 722K(1024K)->722K(1024K)
[687.742s][info][gc,heap        ] GC(2543) ParOldGen: 425228K(430080K)->425260K(430080K)
[687.742s][info][gc,metaspace   ] GC(2543) Metaspace: 6132K(6208K)->6132K(6208K) NonClass: 5649K(5696K)->5649K(5696K) Class: 483K(512K)->483K(512K)
[687.742s][info][gc             ] GC(2543) Pause Young (Allocation Failure) 563M->415M(598M) 3.522ms
[687.742s][info][gc,cpu         ] GC(2543) User=0.00s Sys=0.00s Real=0.01s
[687.949s][info][gc,start       ] GC(2544) Pause Young (Allocation Failure)
[687.951s][info][gc,heap        ] GC(2544) PSYoungGen: 181970K(182272K)->768K(218112K) Eden: 181248K(181248K)->0K(217088K) From: 722K(1024K)->768K(1024K)
[687.951s][info][gc,heap        ] GC(2544) ParOldGen: 425260K(430080K)->425260K(430080K)
[687.951s][info][gc,metaspace   ] GC(2544) Metaspace: 6132K(6208K)->6132K(6208K) NonClass: 5649K(5696K)->5649K(5696K) Class: 483K(512K)->483K(512K)
[687.951s][info][gc             ] GC(2544) Pause Young (Allocation Failure) 592M->416M(633M) 1.860ms
[687.951s][info][gc,cpu         ] GC(2544) User=0.01s Sys=0.00s Real=0.01s
[688.214s][info][gc,start       ] GC(2545) Pause Young (Allocation Failure)
[688.215s][info][gc,heap        ] GC(2545) PSYoungGen: 217856K(218112K)->512K(209408K) Eden: 217088K(217088K)->0K(208896K) From: 768K(1024K)->512K(512K)
[688.215s][info][gc,heap        ] GC(2545) ParOldGen: 425260K(430080K)->425412K(430080K)
[688.215s][info][gc,metaspace   ] GC(2545) Metaspace: 6132K(6208K)->6132K(6208K) NonClass: 5649K(5696K)->5649K(5696K) Class: 483K(512K)->483K(512K)
[688.215s][info][gc             ] GC(2545) Pause Young (Allocation Failure) 628M->415M(624M) 1.492ms
[688.215s][info][gc,cpu         ] GC(2545) User=0.00s Sys=0.00s Real=0.00s
[688.516s][info][gc,start       ] GC(2546) Pause Young (Allocation Failure)
[688.518s][info][gc,heap        ] GC(2546) PSYoungGen: 209408K(209408K)->832K(202240K) Eden: 208896K(208896K)->0K(201216K) From: 512K(512K)->832K(1024K)
[688.518s][info][gc,heap        ] GC(2546) ParOldGen: 425412K(430080K)->425412K(430080K)
[688.518s][info][gc,metaspace   ] GC(2546) Metaspace: 6132K(6208K)->6132K(6208K) NonClass: 5649K(5696K)->5649K(5696K) Class: 483K(512K)->483K(512K)
[688.518s][info][gc             ] GC(2546) Pause Young (Allocation Failure) 619M->416M(617M) 1.923ms
[688.518s][info][gc,cpu         ] GC(2546) User=0.00s Sys=0.00s Real=0.00s
[688.807s][info][gc,start       ] GC(2547) Pause Young (Allocation Failure)
[688.808s][info][gc,heap        ] GC(2547) PSYoungGen: 202048K(202240K)->640K(195072K) Eden: 201216K(201216K)->0K(194048K) From: 832K(1024K)->640K(1024K)
[688.808s][info][gc,heap        ] GC(2547) ParOldGen: 425412K(430080K)->425444K(430080K)
[688.808s][info][gc,metaspace   ] GC(2547) Metaspace: 6132K(6208K)->6132K(6208K) NonClass: 5649K(5696K)->5649K(5696K) Class: 483K(512K)->483K(512K)
[688.808s][info][gc             ] GC(2547) Pause Young (Allocation Failure) 612M->416M(610M) 1.382ms
[688.808s][info][gc,cpu         ] GC(2547) User=0.01s Sys=0.00s Real=0.00s
[689.127s][info][gc,start       ] GC(2548) Pause Young (Allocation Failure)
[689.129s][info][gc,heap        ] GC(2548) PSYoungGen: 194688K(195072K)->704K(187904K) Eden: 194048K(194048K)->0K(186880K) From: 640K(1024K)->704K(1024K)
[689.129s][info][gc,heap        ] GC(2548) ParOldGen: 425444K(430080K)->425444K(430080K)
[689.129s][info][gc,metaspace   ] GC(2548) Metaspace: 6132K(6208K)->6132K(6208K) NonClass: 5649K(5696K)->5649K(5696K) Class: 483K(512K)->483K(512K)
[689.129s][info][gc             ] GC(2548) Pause Young (Allocation Failure) 605M->416M(603M) 1.980ms
[689.129s][info][gc,cpu         ] GC(2548) User=0.00s Sys=0.00s Real=0.00s
[689.421s][info][gc,start       ] GC(2549) Pause Young (Allocation Failure)
[689.422s][info][gc,heap        ] GC(2549) PSYoungGen: 187584K(187904K)->512K(180736K) Eden: 186880K(186880K)->0K(180224K) From: 704K(1024K)->512K(512K)
[689.422s][info][gc,heap        ] GC(2549) ParOldGen: 425444K(430080K)->425732K(430080K)
[689.422s][info][gc,metaspace   ] GC(2549) Metaspace: 6132K(6208K)->6132K(6208K) NonClass: 5649K(5696K)->5649K(5696K) Class: 483K(512K)->483K(512K)
[689.422s][info][gc             ] GC(2549) Pause Young (Allocation Failure) 598M->416M(596M) 1.584ms
[689.422s][info][gc,cpu         ] GC(2549) User=0.00s Sys=0.00s Real=0.00s
[689.694s][info][gc,start       ] GC(2550) Pause Young (Allocation Failure)
[689.697s][info][gc,heap        ] GC(2550) PSYoungGen: 180736K(180736K)->690K(175104K) Eden: 180224K(180224K)->0K(174080K) From: 512K(512K)->690K(1024K)
[689.697s][info][gc,heap        ] GC(2550) ParOldGen: 425732K(430080K)->425732K(430080K)
[689.697s][info][gc,metaspace   ] GC(2550) Metaspace: 6132K(6208K)->6132K(6208K) NonClass: 5649K(5696K)->5649K(5696K) Class: 483K(512K)->483K(512K)
[689.697s][info][gc             ] GC(2550) Pause Young (Allocation Failure) 592M->416M(591M) 3.164ms
[689.697s][info][gc,cpu         ] GC(2550) User=0.00s Sys=0.00s Real=0.00s
[689.958s][info][gc,start       ] GC(2551) Pause Young (Allocation Failure)
[689.959s][info][gc,heap        ] GC(2551) PSYoungGen: 174770K(175104K)->640K(168960K) Eden: 174080K(174080K)->0K(167936K) From: 690K(1024K)->640K(1024K)
[689.959s][info][gc,heap        ] GC(2551) ParOldGen: 425732K(430080K)->425748K(430080K)
[689.959s][info][gc,metaspace   ] GC(2551) Metaspace: 6132K(6208K)->6132K(6208K) NonClass: 5649K(5696K)->5649K(5696K) Class: 483K(512K)->483K(512K)
[689.959s][info][gc             ] GC(2551) Pause Young (Allocation Failure) 586M->416M(585M) 1.340ms
[689.959s][info][gc,cpu         ] GC(2551) User=0.00s Sys=0.00s Real=0.00s
[690.290s][info][gc,start       ] GC(2552) Pause Young (Allocation Failure)
[690.291s][info][gc,heap        ] GC(2552) PSYoungGen: 168576K(168960K)->704K(163328K) Eden: 167936K(167936K)->0K(162304K) From: 640K(1024K)->704K(1024K)
[690.291s][info][gc,heap        ] GC(2552) ParOldGen: 425748K(430080K)->425748K(430080K)
[690.291s][info][gc,metaspace   ] GC(2552) Metaspace: 6132K(6208K)->6132K(6208K) NonClass: 5649K(5696K)->5649K(5696K) Class: 483K(512K)->483K(512K)
[690.291s][info][gc             ] GC(2552) Pause Young (Allocation Failure) 580M->416M(579M) 1.620ms
[690.291s][info][gc,cpu         ] GC(2552) User=0.00s Sys=0.00s Real=0.01s
[690.580s][info][gc,start       ] GC(2553) Pause Young (Allocation Failure)
[690.583s][info][gc,heap        ] GC(2553) PSYoungGen: 163008K(163328K)->498K(157184K) Eden: 162304K(162304K)->0K(156672K) From: 704K(1024K)->498K(512K)
[690.583s][info][gc,heap        ] GC(2553) ParOldGen: 425748K(430080K)->425956K(430080K)
[690.583s][info][gc,metaspace   ] GC(2553) Metaspace: 6132K(6208K)->6132K(6208K) NonClass: 5649K(5696K)->5649K(5696K) Class: 483K(512K)->483K(512K)
[690.583s][info][gc             ] GC(2553) Pause Young (Allocation Failure) 574M->416M(573M) 2.703ms
[690.583s][info][gc,cpu         ] GC(2553) User=0.01s Sys=0.00s Real=0.01s
[690.890s][info][gc,start       ] GC(2554) Pause Young (Allocation Failure)
[690.894s][info][gc,heap        ] GC(2554) PSYoungGen: 157170K(157184K)->805K(152576K) Eden: 156672K(156672K)->0K(151552K) From: 498K(512K)->805K(1024K)
[690.894s][info][gc,heap        ] GC(2554) ParOldGen: 425956K(430080K)->425956K(430080K)
[690.894s][info][gc,metaspace   ] GC(2554) Metaspace: 6132K(6208K)->6132K(6208K) NonClass: 5649K(5696K)->5649K(5696K) Class: 483K(512K)->483K(512K)
[690.894s][info][gc             ] GC(2554) Pause Young (Allocation Failure) 569M->416M(569M) 3.624ms
[690.894s][info][gc,cpu         ] GC(2554) User=0.00s Sys=0.00s Real=0.01s
[691.165s][info][gc,start       ] GC(2555) Pause Young (Allocation Failure)
[691.168s][info][gc,heap        ] GC(2555) PSYoungGen: 152357K(152576K)->722K(147456K) Eden: 151552K(151552K)->0K(146432K) From: 805K(1024K)->722K(1024K)
[691.168s][info][gc,heap        ] GC(2555) ParOldGen: 425956K(430080K)->426020K(430080K)
[691.168s][info][gc,metaspace   ] GC(2555) Metaspace: 6132K(6208K)->6132K(6208K) NonClass: 5649K(5696K)->5649K(5696K) Class: 483K(512K)->483K(512K)
[691.168s][info][gc             ] GC(2555) Pause Young (Allocation Failure) 564M->416M(564M) 3.286ms
[691.168s][info][gc,cpu         ] GC(2555) User=0.00s Sys=0.00s Real=0.00s
[691.448s][info][gc,start       ] GC(2556) Pause Young (Allocation Failure)
[691.451s][info][gc,heap        ] GC(2556) PSYoungGen: 147154K(147456K)->722K(142848K) Eden: 146432K(146432K)->0K(141824K) From: 722K(1024K)->722K(1024K)
[691.451s][info][gc,heap        ] GC(2556) ParOldGen: 426020K(430080K)->426020K(430080K)
[691.451s][info][gc,metaspace   ] GC(2556) Metaspace: 6132K(6208K)->6132K(6208K) NonClass: 5649K(5696K)->5649K(5696K) Class: 483K(512K)->483K(512K)
[691.451s][info][gc             ] GC(2556) Pause Young (Allocation Failure) 559M->416M(559M) 2.902ms
[691.451s][info][gc,cpu         ] GC(2556) User=0.00s Sys=0.00s Real=0.01s
[691.663s][info][gc,start       ] GC(2557) Pause Young (Allocation Failure)
[691.665s][info][gc,heap        ] GC(2557) PSYoungGen: 142546K(142848K)->512K(137728K) Eden: 141824K(141824K)->0K(137216K) From: 722K(1024K)->512K(512K)
[691.665s][info][gc,heap        ] GC(2557) ParOldGen: 426020K(430080K)->426252K(430080K)
[691.665s][info][gc,metaspace   ] GC(2557) Metaspace: 6132K(6208K)->6132K(6208K) NonClass: 5649K(5696K)->5649K(5696K) Class: 483K(512K)->483K(512K)
[691.665s][info][gc             ] GC(2557) Pause Young (Allocation Failure) 555M->416M(554M) 1.612ms
[691.665s][info][gc,cpu         ] GC(2557) User=0.01s Sys=0.00s Real=0.00s
[691.848s][info][gc,start       ] GC(2558) Pause Young (Allocation Failure)
[691.850s][info][gc,heap        ] GC(2558) PSYoungGen: 137728K(137728K)->800K(133632K) Eden: 137216K(137216K)->0K(132608K) From: 512K(512K)->800K(1024K)
[691.850s][info][gc,heap        ] GC(2558) ParOldGen: 426252K(430080K)->426252K(430080K)
[691.850s][info][gc,metaspace   ] GC(2558) Metaspace: 6132K(6208K)->6132K(6208K) NonClass: 5649K(5696K)->5649K(5696K) Class: 483K(512K)->483K(512K)
[691.850s][info][gc             ] GC(2558) Pause Young (Allocation Failure) 550M->417M(550M) 1.801ms
[691.850s][info][gc,cpu         ] GC(2558) User=0.00s Sys=0.00s Real=0.00s
[692.007s][info][gc,start       ] GC(2559) Pause Young (Allocation Failure)
[692.008s][info][gc,heap        ] GC(2559) PSYoungGen: 133408K(133632K)->640K(129536K) Eden: 132608K(132608K)->0K(128512K) From: 800K(1024K)->640K(1024K)
[692.008s][info][gc,heap        ] GC(2559) ParOldGen: 426252K(430080K)->426268K(430080K)
[692.008s][info][gc,metaspace   ] GC(2559) Metaspace: 6132K(6208K)->6132K(6208K) NonClass: 5649K(5696K)->5649K(5696K) Class: 483K(512K)->483K(512K)
[692.008s][info][gc             ] GC(2559) Pause Young (Allocation Failure) 546M->416M(546M) 1.396ms
[692.008s][info][gc,cpu         ] GC(2559) User=0.01s Sys=0.00s Real=0.00s
[692.186s][info][gc,start       ] GC(2560) Pause Young (Allocation Failure)
[692.187s][info][gc,heap        ] GC(2560) PSYoungGen: 129152K(129536K)->640K(125440K) Eden: 128512K(128512K)->0K(124416K) From: 640K(1024K)->640K(1024K)
[692.188s][info][gc,heap        ] GC(2560) ParOldGen: 426268K(430080K)->426268K(430080K)
[692.188s][info][gc,metaspace   ] GC(2560) Metaspace: 6132K(6208K)->6132K(6208K) NonClass: 5649K(5696K)->5649K(5696K) Class: 483K(512K)->483K(512K)
[692.188s][info][gc             ] GC(2560) Pause Young (Allocation Failure) 542M->416M(542M) 1.486ms
[692.188s][info][gc,cpu         ] GC(2560) User=0.00s Sys=0.00s Real=0.00s
[692.344s][info][gc,start       ] GC(2561) Pause Young (Allocation Failure)
[692.346s][info][gc,heap        ] GC(2561) PSYoungGen: 125056K(125440K)->512K(121344K) Eden: 124416K(124416K)->0K(120832K) From: 640K(1024K)->512K(512K)
[692.346s][info][gc,heap        ] GC(2561) ParOldGen: 426268K(430080K)->426412K(430080K)
[692.346s][info][gc,metaspace   ] GC(2561) Metaspace: 6132K(6208K)->6132K(6208K) NonClass: 5649K(5696K)->5649K(5696K) Class: 483K(512K)->483K(512K)
[692.346s][info][gc             ] GC(2561) Pause Young (Allocation Failure) 538M->416M(538M) 1.430ms
[692.346s][info][gc,cpu         ] GC(2561) User=0.01s Sys=0.00s Real=0.00s
[692.478s][info][gc,start       ] GC(2562) Pause Young (Allocation Failure)
[692.479s][info][gc,heap        ] GC(2562) PSYoungGen: 121344K(121344K)->672K(118272K) Eden: 120832K(120832K)->0K(117248K) From: 512K(512K)->672K(1024K)
[692.480s][info][gc,heap        ] GC(2562) ParOldGen: 426412K(430080K)->426412K(430080K)
[692.480s][info][gc,metaspace   ] GC(2562) Metaspace: 6132K(6208K)->6132K(6208K) NonClass: 5649K(5696K)->5649K(5696K) Class: 483K(512K)->483K(512K)
[692.480s][info][gc             ] GC(2562) Pause Young (Allocation Failure) 534M->417M(535M) 1.625ms
[692.480s][info][gc,cpu         ] GC(2562) User=0.00s Sys=0.00s Real=0.00s
[692.617s][info][gc,start       ] GC(2563) Pause Young (Allocation Failure)
[692.618s][info][gc,heap        ] GC(2563) PSYoungGen: 117920K(118272K)->800K(114688K) Eden: 117248K(117248K)->0K(113664K) From: 672K(1024K)->800K(1024K)
[692.618s][info][gc,heap        ] GC(2563) ParOldGen: 426412K(430080K)->426436K(430080K)
[692.618s][info][gc,metaspace   ] GC(2563) Metaspace: 6132K(6208K)->6132K(6208K) NonClass: 5649K(5696K)->5649K(5696K) Class: 483K(512K)->483K(512K)
[692.618s][info][gc             ] GC(2563) Pause Young (Allocation Failure) 531M->417M(532M) 1.537ms
[692.618s][info][gc,cpu         ] GC(2563) User=0.01s Sys=0.00s Real=0.00s
[692.778s][info][gc,start       ] GC(2564) Pause Young (Allocation Failure)
[692.780s][info][gc,heap        ] GC(2564) PSYoungGen: 114464K(114688K)->736K(111104K) Eden: 113664K(113664K)->0K(110080K) From: 800K(1024K)->736K(1024K)
[692.780s][info][gc,heap        ] GC(2564) ParOldGen: 426436K(430080K)->426436K(430080K)
[692.780s][info][gc,metaspace   ] GC(2564) Metaspace: 6132K(6208K)->6132K(6208K) NonClass: 5649K(5696K)->5649K(5696K) Class: 483K(512K)->483K(512K)
[692.780s][info][gc             ] GC(2564) Pause Young (Allocation Failure) 528M->417M(528M) 1.885ms
[692.780s][info][gc,cpu         ] GC(2564) User=0.01s Sys=0.00s Real=0.00s
[692.927s][info][gc,start       ] GC(2565) Pause Young (Allocation Failure)
[692.928s][info][gc,heap        ] GC(2565) PSYoungGen: 110816K(111104K)->512K(107520K) Eden: 110080K(110080K)->0K(107008K) From: 736K(1024K)->512K(512K)
[692.929s][info][gc,heap        ] GC(2565) ParOldGen: 426436K(430080K)->426548K(430080K)
[692.929s][info][gc,metaspace   ] GC(2565) Metaspace: 6132K(6208K)->6132K(6208K) NonClass: 5649K(5696K)->5649K(5696K) Class: 483K(512K)->483K(512K)
[692.929s][info][gc             ] GC(2565) Pause Young (Allocation Failure) 524M->417M(525M) 1.360ms
[692.929s][info][gc,cpu         ] GC(2565) User=0.00s Sys=0.00s Real=0.00s
[693.132s][info][gc,start       ] GC(2566) Pause Young (Allocation Failure)
[693.133s][info][gc,heap        ] GC(2566) PSYoungGen: 107520K(107520K)->800K(104960K) Eden: 107008K(107008K)->0K(103936K) From: 512K(512K)->800K(1024K)
[693.134s][info][gc,heap        ] GC(2566) ParOldGen: 426548K(430080K)->426548K(430080K)
[693.134s][info][gc,metaspace   ] GC(2566) Metaspace: 6132K(6208K)->6132K(6208K) NonClass: 5649K(5696K)->5649K(5696K) Class: 483K(512K)->483K(512K)
[693.134s][info][gc             ] GC(2566) Pause Young (Allocation Failure) 521M->417M(522M) 1.841ms
[693.134s][info][gc,cpu         ] GC(2566) User=0.01s Sys=0.00s Real=0.00s
[693.330s][info][gc,start       ] GC(2567) Pause Young (Allocation Failure)
[693.333s][info][gc,heap        ] GC(2567) PSYoungGen: 104736K(104960K)->672K(125952K) Eden: 103936K(103936K)->0K(124928K) From: 800K(1024K)->672K(1024K)
[693.333s][info][gc,heap        ] GC(2567) ParOldGen: 426548K(430080K)->426580K(430080K)
[693.333s][info][gc,metaspace   ] GC(2567) Metaspace: 6132K(6208K)->6132K(6208K) NonClass: 5649K(5696K)->5649K(5696K) Class: 483K(512K)->483K(512K)
[693.333s][info][gc             ] GC(2567) Pause Young (Allocation Failure) 518M->417M(543M) 2.792ms
[693.333s][info][gc,cpu         ] GC(2567) User=0.00s Sys=0.00s Real=0.01s
[693.600s][info][gc,start       ] GC(2568) Pause Young (Allocation Failure)
[693.604s][info][gc,heap        ] GC(2568) PSYoungGen: 125600K(125952K)->160K(150528K) Eden: 124928K(124928K)->0K(150016K) From: 672K(1024K)->160K(512K)
[693.604s][info][gc,heap        ] GC(2568) ParOldGen: 426580K(430080K)->427245K(430080K)
[693.604s][info][gc,metaspace   ] GC(2568) Metaspace: 6132K(6208K)->6132K(6208K) NonClass: 5649K(5696K)->5649K(5696K) Class: 483K(512K)->483K(512K)
[693.604s][info][gc             ] GC(2568) Pause Young (Allocation Failure) 539M->417M(567M) 4.581ms
[693.604s][info][gc,cpu         ] GC(2568) User=0.00s Sys=0.00s Real=0.01s
[693.865s][info][gc,start       ] GC(2569) Pause Young (Allocation Failure)
[693.867s][info][gc,heap        ] GC(2569) PSYoungGen: 150176K(150528K)->773K(181248K) Eden: 150016K(150016K)->0K(180224K) From: 160K(512K)->773K(1024K)
[693.867s][info][gc,heap        ] GC(2569) ParOldGen: 427245K(430080K)->427381K(430080K)
[693.867s][info][gc,metaspace   ] GC(2569) Metaspace: 6132K(6208K)->6132K(6208K) NonClass: 5649K(5696K)->5649K(5696K) Class: 483K(512K)->483K(512K)
[693.867s][info][gc             ] GC(2569) Pause Young (Allocation Failure) 563M->418M(597M) 1.969ms
[693.867s][info][gc,cpu         ] GC(2569) User=0.01s Sys=0.00s Real=0.00s
[694.161s][info][gc,start       ] GC(2570) Pause Young (Allocation Failure)
[694.162s][info][gc,heap        ] GC(2570) PSYoungGen: 180997K(181248K)->672K(175104K) Eden: 180224K(180224K)->0K(174080K) From: 773K(1024K)->672K(1024K)
[694.162s][info][gc,heap        ] GC(2570) ParOldGen: 427381K(430080K)->427445K(430080K)
[694.162s][info][gc,metaspace   ] GC(2570) Metaspace: 6132K(6208K)->6132K(6208K) NonClass: 5649K(5696K)->5649K(5696K) Class: 483K(512K)->483K(512K)
[694.162s][info][gc             ] GC(2570) Pause Young (Allocation Failure) 594M->418M(591M) 1.822ms
[694.162s][info][gc,cpu         ] GC(2570) User=0.00s Sys=0.00s Real=0.00s
[694.479s][info][gc,start       ] GC(2571) Pause Young (Allocation Failure)
[694.480s][info][gc,heap        ] GC(2571) PSYoungGen: 174752K(175104K)->512K(168448K) Eden: 174080K(174080K)->0K(167936K) From: 672K(1024K)->512K(512K)
[694.480s][info][gc,heap        ] GC(2571) ParOldGen: 427445K(430080K)->427661K(430080K)
[694.480s][info][gc,metaspace   ] GC(2571) Metaspace: 6132K(6208K)->6132K(6208K) NonClass: 5649K(5696K)->5649K(5696K) Class: 483K(512K)->483K(512K)
[694.480s][info][gc             ] GC(2571) Pause Young (Allocation Failure) 588M->418M(584M) 1.535ms
[694.480s][info][gc,cpu         ] GC(2571) User=0.01s Sys=0.00s Real=0.00s
[694.728s][info][gc,start       ] GC(2572) Pause Young (Allocation Failure)
[694.729s][info][gc,heap        ] GC(2572) PSYoungGen: 168448K(168448K)->690K(163328K) Eden: 167936K(167936K)->0K(162304K) From: 512K(512K)->690K(1024K)
[694.729s][info][gc,heap        ] GC(2572) ParOldGen: 427661K(430080K)->427661K(430080K)
[694.729s][info][gc,metaspace   ] GC(2572) Metaspace: 6132K(6208K)->6132K(6208K) NonClass: 5649K(5696K)->5649K(5696K) Class: 483K(512K)->483K(512K)
[694.729s][info][gc             ] GC(2572) Pause Young (Allocation Failure) 582M->418M(579M) 1.662ms
[694.729s][info][gc,cpu         ] GC(2572) User=0.00s Sys=0.00s Real=0.00s
[694.965s][info][gc,start       ] GC(2573) Pause Young (Allocation Failure)
[694.966s][info][gc,heap        ] GC(2573) PSYoungGen: 162994K(163328K)->608K(157696K) Eden: 162304K(162304K)->0K(156672K) From: 690K(1024K)->608K(1024K)
[694.966s][info][gc,heap        ] GC(2573) ParOldGen: 427661K(430080K)->427701K(430080K)
[694.966s][info][gc,metaspace   ] GC(2573) Metaspace: 6132K(6208K)->6132K(6208K) NonClass: 5649K(5696K)->5649K(5696K) Class: 483K(512K)->483K(512K)
[694.967s][info][gc             ] GC(2573) Pause Young (Allocation Failure) 576M->418M(574M) 1.447ms
[694.967s][info][gc,cpu         ] GC(2573) User=0.01s Sys=0.00s Real=0.00s
[695.264s][info][gc,start       ] GC(2574) Pause Young (Allocation Failure)
[695.266s][info][gc,heap        ] GC(2574) PSYoungGen: 157280K(157696K)->768K(152576K) Eden: 156672K(156672K)->0K(151552K) From: 608K(1024K)->768K(1024K)
[695.266s][info][gc,heap        ] GC(2574) ParOldGen: 427701K(430080K)->427701K(430080K)
[695.266s][info][gc,metaspace   ] GC(2574) Metaspace: 6132K(6208K)->6132K(6208K) NonClass: 5649K(5696K)->5649K(5696K) Class: 483K(512K)->483K(512K)
[695.266s][info][gc             ] GC(2574) Pause Young (Allocation Failure) 571M->418M(569M) 1.929ms
[695.266s][info][gc,cpu         ] GC(2574) User=0.00s Sys=0.00s Real=0.00s
[695.586s][info][gc,start       ] GC(2575) Pause Young (Allocation Failure)
[695.587s][info][gc,heap        ] GC(2575) PSYoungGen: 152320K(152576K)->512K(146944K) Eden: 151552K(151552K)->0K(146432K) From: 768K(1024K)->512K(512K)
[695.587s][info][gc,heap        ] GC(2575) ParOldGen: 427701K(430080K)->427893K(430080K)
[695.587s][info][gc,metaspace   ] GC(2575) Metaspace: 6132K(6208K)->6132K(6208K) NonClass: 5649K(5696K)->5649K(5696K) Class: 483K(512K)->483K(512K)
[695.587s][info][gc             ] GC(2575) Pause Young (Allocation Failure) 566M->418M(563M) 1.615ms
[695.587s][info][gc,cpu         ] GC(2575) User=0.00s Sys=0.00s Real=0.00s
[695.902s][info][gc,start       ] GC(2576) Pause Young (Allocation Failure)
[695.903s][info][gc,heap        ] GC(2576) PSYoungGen: 146944K(146944K)->736K(142848K) Eden: 146432K(146432K)->0K(141824K) From: 512K(512K)->736K(1024K)
[695.903s][info][gc,heap        ] GC(2576) ParOldGen: 427893K(430080K)->427893K(430080K)
[695.903s][info][gc,metaspace   ] GC(2576) Metaspace: 6132K(6208K)->6132K(6208K) NonClass: 5649K(5696K)->5649K(5696K) Class: 483K(512K)->483K(512K)
[695.903s][info][gc             ] GC(2576) Pause Young (Allocation Failure) 561M->418M(559M) 1.852ms
[695.903s][info][gc,cpu         ] GC(2576) User=0.00s Sys=0.00s Real=0.00s
[696.139s][info][gc,start       ] GC(2577) Pause Young (Allocation Failure)
[696.141s][info][gc,heap        ] GC(2577) PSYoungGen: 142560K(142848K)->800K(138240K) Eden: 141824K(141824K)->0K(137216K) From: 736K(1024K)->800K(1024K)
[696.141s][info][gc,heap        ] GC(2577) ParOldGen: 427893K(430080K)->427909K(430080K)
[696.141s][info][gc,metaspace   ] GC(2577) Metaspace: 6132K(6208K)->6132K(6208K) NonClass: 5649K(5696K)->5649K(5696K) Class: 483K(512K)->483K(512K)
[696.141s][info][gc             ] GC(2577) Pause Young (Allocation Failure) 557M->418M(555M) 1.640ms
[696.141s][info][gc,cpu         ] GC(2577) User=0.00s Sys=0.00s Real=0.01s
[696.339s][info][gc,start       ] GC(2578) Pause Young (Allocation Failure)
[696.341s][info][gc,heap        ] GC(2578) PSYoungGen: 138016K(138240K)->736K(133632K) Eden: 137216K(137216K)->0K(132608K) From: 800K(1024K)->736K(1024K)
[696.341s][info][gc,heap        ] GC(2578) ParOldGen: 427909K(430080K)->427909K(430080K)
[696.341s][info][gc,metaspace   ] GC(2578) Metaspace: 6132K(6208K)->6132K(6208K) NonClass: 5649K(5696K)->5649K(5696K) Class: 483K(512K)->483K(512K)
[696.341s][info][gc             ] GC(2578) Pause Young (Allocation Failure) 552M->418M(550M) 1.635ms
[696.341s][info][gc,cpu         ] GC(2578) User=0.01s Sys=0.00s Real=0.01s
[696.536s][info][gc,start       ] GC(2579) Pause Young (Allocation Failure)
[696.540s][info][gc,heap        ] GC(2579) PSYoungGen: 133344K(133632K)->512K(129024K) Eden: 132608K(132608K)->0K(128512K) From: 736K(1024K)->512K(512K)
[696.540s][info][gc,heap        ] GC(2579) ParOldGen: 427909K(430080K)->428133K(430080K)
[696.540s][info][gc,metaspace   ] GC(2579) Metaspace: 6132K(6208K)->6132K(6208K) NonClass: 5649K(5696K)->5649K(5696K) Class: 483K(512K)->483K(512K)
[696.540s][info][gc             ] GC(2579) Pause Young (Allocation Failure) 548M->418M(546M) 3.382ms
[696.540s][info][gc,cpu         ] GC(2579) User=0.01s Sys=0.00s Real=0.00s
[696.737s][info][gc,start       ] GC(2580) Pause Young (Allocation Failure)
[696.738s][info][gc,heap        ] GC(2580) PSYoungGen: 129024K(129024K)->768K(125440K) Eden: 128512K(128512K)->0K(124416K) From: 512K(512K)->768K(1024K)
[696.738s][info][gc,heap        ] GC(2580) ParOldGen: 428133K(430080K)->428133K(430080K)
[696.738s][info][gc,metaspace   ] GC(2580) Metaspace: 6132K(6208K)->6132K(6208K) NonClass: 5649K(5696K)->5649K(5696K) Class: 483K(512K)->483K(512K)
[696.738s][info][gc             ] GC(2580) Pause Young (Allocation Failure) 544M->418M(542M) 1.734ms
[696.738s][info][gc,cpu         ] GC(2580) User=0.00s Sys=0.00s Real=0.00s
[696.921s][info][gc,start       ] GC(2581) Pause Young (Allocation Failure)
[696.922s][info][gc,heap        ] GC(2581) PSYoungGen: 125184K(125440K)->640K(121856K) Eden: 124416K(124416K)->0K(120832K) From: 768K(1024K)->640K(1024K)
[696.922s][info][gc,heap        ] GC(2581) ParOldGen: 428133K(430080K)->428157K(430080K)
[696.922s][info][gc,metaspace   ] GC(2581) Metaspace: 6132K(6208K)->6132K(6208K) NonClass: 5649K(5696K)->5649K(5696K) Class: 483K(512K)->483K(512K)
[696.922s][info][gc             ] GC(2581) Pause Young (Allocation Failure) 540M->418M(539M) 1.285ms
[696.922s][info][gc,cpu         ] GC(2581) User=0.00s Sys=0.00s Real=0.00s
[697.101s][info][gc,start       ] GC(2582) Pause Young (Allocation Failure)
[697.103s][info][gc,heap        ] GC(2582) PSYoungGen: 121472K(121856K)->672K(118272K) Eden: 120832K(120832K)->0K(117248K) From: 640K(1024K)->672K(1024K)
[697.103s][info][gc,heap        ] GC(2582) ParOldGen: 428157K(430080K)->428157K(430080K)
[697.103s][info][gc,metaspace   ] GC(2582) Metaspace: 6132K(6208K)->6132K(6208K) NonClass: 5649K(5696K)->5649K(5696K) Class: 483K(512K)->483K(512K)
[697.103s][info][gc             ] GC(2582) Pause Young (Allocation Failure) 536M->418M(535M) 1.430ms
[697.103s][info][gc,cpu         ] GC(2582) User=0.00s Sys=0.00s Real=0.00s
[697.296s][info][gc,start       ] GC(2583) Pause Young (Allocation Failure)
[697.298s][info][gc,heap        ] GC(2583) PSYoungGen: 117920K(118272K)->512K(114176K) Eden: 117248K(117248K)->0K(113664K) From: 672K(1024K)->512K(512K)
[697.298s][info][gc,heap        ] GC(2583) ParOldGen: 428157K(430080K)->428349K(430080K)
[697.298s][info][gc,metaspace   ] GC(2583) Metaspace: 6132K(6208K)->6132K(6208K) NonClass: 5649K(5696K)->5649K(5696K) Class: 483K(512K)->483K(512K)
[697.298s][info][gc             ] GC(2583) Pause Young (Allocation Failure) 533M->418M(531M) 1.463ms
[697.298s][info][gc,cpu         ] GC(2583) User=0.00s Sys=0.00s Real=0.00s
[697.468s][info][gc,start       ] GC(2584) Pause Young (Allocation Failure)
[697.471s][info][gc,heap        ] GC(2584) PSYoungGen: 114176K(114176K)->736K(137728K) Eden: 113664K(113664K)->0K(136704K) From: 512K(512K)->736K(1024K)
[697.471s][info][gc,heap        ] GC(2584) ParOldGen: 428349K(430080K)->428349K(430080K)
[697.471s][info][gc,metaspace   ] GC(2584) Metaspace: 6132K(6208K)->6132K(6208K) NonClass: 5649K(5696K)->5649K(5696K) Class: 483K(512K)->483K(512K)
[697.471s][info][gc             ] GC(2584) Pause Young (Allocation Failure) 529M->419M(554M) 3.198ms
[697.471s][info][gc,cpu         ] GC(2584) User=0.00s Sys=0.00s Real=0.01s
[697.718s][info][gc,start       ] GC(2585) Pause Young (Allocation Failure)
[697.720s][info][gc,heap        ] GC(2585) PSYoungGen: 137440K(137728K)->672K(165376K) Eden: 136704K(136704K)->0K(164352K) From: 736K(1024K)->672K(1024K)
[697.721s][info][gc,heap        ] GC(2585) ParOldGen: 428349K(430080K)->428389K(430080K)
[697.721s][info][gc,metaspace   ] GC(2585) Metaspace: 6132K(6208K)->6132K(6208K) NonClass: 5649K(5696K)->5649K(5696K) Class: 483K(512K)->483K(512K)
[697.721s][info][gc             ] GC(2585) Pause Young (Allocation Failure) 552M->419M(581M) 2.750ms
[697.721s][info][gc,cpu         ] GC(2585) User=0.00s Sys=0.00s Real=0.01s
[698.038s][info][gc,start       ] GC(2586) Pause Young (Allocation Failure)
[698.041s][info][gc,heap        ] GC(2586) PSYoungGen: 165024K(165376K)->658K(159744K) Eden: 164352K(164352K)->0K(158720K) From: 672K(1024K)->658K(1024K)
[698.041s][info][gc,heap        ] GC(2586) ParOldGen: 428389K(430080K)->428389K(430080K)
[698.041s][info][gc,metaspace   ] GC(2586) Metaspace: 6132K(6208K)->6132K(6208K) NonClass: 5649K(5696K)->5649K(5696K) Class: 483K(512K)->483K(512K)
[698.041s][info][gc             ] GC(2586) Pause Young (Allocation Failure) 579M->418M(576M) 2.821ms
[698.041s][info][gc,cpu         ] GC(2586) User=0.00s Sys=0.01s Real=0.01s
[698.384s][info][gc,start       ] GC(2587) Pause Young (Allocation Failure)
[698.386s][info][gc,heap        ] GC(2587) PSYoungGen: 159378K(159744K)->498K(154112K) Eden: 158720K(158720K)->0K(153600K) From: 658K(1024K)->498K(512K)
[698.387s][info][gc,heap        ] GC(2587) ParOldGen: 428389K(430080K)->428501K(430080K)
[698.387s][info][gc,metaspace   ] GC(2587) Metaspace: 6132K(6208K)->6132K(6208K) NonClass: 5649K(5696K)->5649K(5696K) Class: 483K(512K)->483K(512K)
[698.387s][info][gc             ] GC(2587) Pause Young (Allocation Failure) 573M->418M(570M) 2.656ms
[698.387s][info][gc,cpu         ] GC(2587) User=0.00s Sys=0.00s Real=0.00s
[698.698s][info][gc,start       ] GC(2588) Pause Young (Allocation Failure)
[698.700s][info][gc,heap        ] GC(2588) PSYoungGen: 154098K(154112K)->416K(149504K) Eden: 153600K(153600K)->0K(148480K) From: 498K(512K)->416K(1024K)
[698.700s][info][gc,heap        ] GC(2588) ParOldGen: 428501K(430080K)->428700K(430080K)
[698.700s][info][gc,metaspace   ] GC(2588) Metaspace: 6132K(6208K)->6132K(6208K) NonClass: 5649K(5696K)->5649K(5696K) Class: 483K(512K)->483K(512K)
[698.700s][info][gc             ] GC(2588) Pause Young (Allocation Failure) 568M->419M(566M) 1.768ms
[698.700s][info][gc,cpu         ] GC(2588) User=0.00s Sys=0.00s Real=0.00s
[699.123s][info][gc,start       ] GC(2589) Pause Young (Allocation Failure)
[699.128s][info][gc,heap        ] GC(2589) PSYoungGen: 148896K(149504K)->466K(143872K) Eden: 148480K(148480K)->0K(143360K) From: 416K(1024K)->466K(512K)
[699.128s][info][gc,heap        ] GC(2589) ParOldGen: 428700K(430080K)->429082K(430080K)
[699.128s][info][gc,metaspace   ] GC(2589) Metaspace: 6132K(6208K)->6132K(6208K) NonClass: 5649K(5696K)->5649K(5696K) Class: 483K(512K)->483K(512K)
[699.128s][info][gc             ] GC(2589) Pause Young (Allocation Failure) 564M->419M(560M) 4.814ms
[699.128s][info][gc,cpu         ] GC(2589) User=0.00s Sys=0.00s Real=0.00s
[699.637s][info][gc,start       ] GC(2590) Pause Young (Allocation Failure)
[699.642s][info][gc,heap        ] GC(2590) PSYoungGen: 143826K(143872K)->512K(139776K) Eden: 143360K(143360K)->0K(138752K) From: 466K(512K)->512K(1024K)
[699.642s][info][gc,heap        ] GC(2590) ParOldGen: 429082K(430080K)->429529K(430080K)
[699.642s][info][gc,metaspace   ] GC(2590) Metaspace: 6132K(6208K)->6132K(6208K) NonClass: 5649K(5696K)->5649K(5696K) Class: 483K(512K)->483K(512K)
[699.642s][info][gc             ] GC(2590) Pause Young (Allocation Failure) 559M->419M(556M) 4.439ms
[699.642s][info][gc,cpu         ] GC(2590) User=0.00s Sys=0.00s Real=0.01s
[700.147s][info][gc,start       ] GC(2591) Pause Young (Allocation Failure)
[700.152s][info][gc,heap        ] GC(2591) PSYoungGen: 139264K(139776K)->402K(134656K) Eden: 138752K(138752K)->0K(134144K) From: 512K(1024K)->402K(512K)
[700.152s][info][gc,heap        ] GC(2591) ParOldGen: 429529K(430080K)->429992K(430080K)
[700.152s][info][gc,metaspace   ] GC(2591) Metaspace: 6132K(6208K)->6132K(6208K) NonClass: 5649K(5696K)->5649K(5696K) Class: 483K(512K)->483K(512K)
[700.152s][info][gc             ] GC(2591) Pause Young (Allocation Failure) 555M->420M(551M) 4.906ms
[700.152s][info][gc,cpu         ] GC(2591) User=0.01s Sys=0.00s Real=0.01s
[700.677s][info][gc,start       ] GC(2592) Pause Young (Allocation Failure)
[700.682s][info][gc,heap        ] GC(2592) PSYoungGen: 134546K(134656K)->466K(131072K) Eden: 134144K(134144K)->0K(130048K) From: 402K(512K)->466K(1024K)
[700.682s][info][gc,heap        ] GC(2592) ParOldGen: 429992K(430080K)->430386K(430592K)
[700.682s][info][gc,metaspace   ] GC(2592) Metaspace: 6132K(6208K)->6132K(6208K) NonClass: 5649K(5696K)->5649K(5696K) Class: 483K(512K)->483K(512K)
[700.682s][info][gc             ] GC(2592) Pause Young (Allocation Failure) 551M->420M(548M) 4.231ms
[700.682s][info][gc,cpu         ] GC(2592) User=0.01s Sys=0.00s Real=0.01s
[701.193s][info][gc,start       ] GC(2593) Pause Young (Allocation Failure)
[701.196s][info][gc,heap        ] GC(2593) PSYoungGen: 130514K(131072K)->722K(126976K) Eden: 130048K(130048K)->0K(125952K) From: 466K(1024K)->722K(1024K)
[701.196s][info][gc,heap        ] GC(2593) ParOldGen: 430386K(430592K)->430474K(430592K)
[701.196s][info][gc,metaspace   ] GC(2593) Metaspace: 6132K(6208K)->6132K(6208K) NonClass: 5649K(5696K)->5649K(5696K) Class: 483K(512K)->483K(512K)
[701.196s][info][gc             ] GC(2593) Pause Young (Allocation Failure) 547M->421M(544M) 3.520ms
[701.196s][info][gc,cpu         ] GC(2593) User=0.01s Sys=0.00s Real=0.00s
[701.647s][info][gc,start       ] GC(2594) Pause Young (Allocation Failure)
[701.650s][info][gc,heap        ] GC(2594) PSYoungGen: 126674K(126976K)->704K(122880K) Eden: 125952K(125952K)->0K(121856K) From: 722K(1024K)->704K(1024K)
[701.650s][info][gc,heap        ] GC(2594) ParOldGen: 430474K(430592K)->430546K(430592K)
[701.650s][info][gc,metaspace   ] GC(2594) Metaspace: 6132K(6208K)->6132K(6208K) NonClass: 5649K(5696K)->5649K(5696K) Class: 483K(512K)->483K(512K)
[701.650s][info][gc             ] GC(2594) Pause Young (Allocation Failure) 544M->421M(540M) 3.253ms
[701.650s][info][gc,cpu         ] GC(2594) User=0.00s Sys=0.00s Real=0.00s
[702.139s][info][gc,start       ] GC(2595) Pause Young (Allocation Failure)
[702.141s][info][gc,heap        ] GC(2595) PSYoungGen: 122560K(122880K)->498K(118784K) Eden: 121856K(121856K)->0K(118272K) From: 704K(1024K)->498K(512K)
[702.142s][info][gc,heap        ] GC(2595) ParOldGen: 430546K(430592K)->430666K(431104K)
[702.142s][info][gc,metaspace   ] GC(2595) Metaspace: 6132K(6208K)->6132K(6208K) NonClass: 5649K(5696K)->5649K(5696K) Class: 483K(512K)->483K(512K)
[702.142s][info][gc             ] GC(2595) Pause Young (Allocation Failure) 540M->421M(537M) 2.915ms
[702.142s][info][gc,cpu         ] GC(2595) User=0.01s Sys=0.00s Real=0.01s
[702.606s][info][gc,start       ] GC(2596) Pause Young (Allocation Failure)
[702.610s][info][gc,heap        ] GC(2596) PSYoungGen: 118770K(118784K)->434K(115712K) Eden: 118272K(118272K)->0K(114688K) From: 498K(512K)->434K(1024K)
[702.610s][info][gc,heap        ] GC(2596) ParOldGen: 430666K(431104K)->430981K(431104K)
[702.610s][info][gc,metaspace   ] GC(2596) Metaspace: 6132K(6208K)->6132K(6208K) NonClass: 5649K(5696K)->5649K(5696K) Class: 483K(512K)->483K(512K)
[702.610s][info][gc             ] GC(2596) Pause Young (Allocation Failure) 536M->421M(534M) 3.845ms
[702.610s][info][gc,cpu         ] GC(2596) User=0.00s Sys=0.00s Real=0.00s
[703.066s][info][gc,start       ] GC(2597) Pause Young (Allocation Failure)
[703.069s][info][gc,heap        ] GC(2597) PSYoungGen: 115122K(115712K)->722K(112128K) Eden: 114688K(114688K)->0K(111104K) From: 434K(1024K)->722K(1024K)
[703.069s][info][gc,heap        ] GC(2597) ParOldGen: 430981K(431104K)->431093K(431104K)
[703.069s][info][gc,metaspace   ] GC(2597) Metaspace: 6132K(6208K)->6132K(6208K) NonClass: 5649K(5696K)->5649K(5696K) Class: 483K(512K)->483K(512K)
[703.069s][info][gc             ] GC(2597) Pause Young (Allocation Failure) 533M->421M(530M) 3.498ms
[703.069s][info][gc,cpu         ] GC(2597) User=0.00s Sys=0.00s Real=0.00s
[703.488s][info][gc,start       ] GC(2598) Pause Young (Allocation Failure)
[703.493s][info][gc,heap        ] GC(2598) PSYoungGen: 111826K(112128K)->448K(108544K) Eden: 111104K(111104K)->0K(108032K) From: 722K(1024K)->448K(512K)
[703.493s][info][gc,heap        ] GC(2598) ParOldGen: 431093K(431104K)->431472K(431616K)
[703.493s][info][gc,metaspace   ] GC(2598) Metaspace: 6132K(6208K)->6132K(6208K) NonClass: 5649K(5696K)->5649K(5696K) Class: 483K(512K)->483K(512K)
[703.493s][info][gc             ] GC(2598) Pause Young (Allocation Failure) 530M->421M(527M) 4.483ms
[703.493s][info][gc,cpu         ] GC(2598) User=0.01s Sys=0.00s Real=0.01s
[703.883s][info][gc,start       ] GC(2599) Pause Young (Allocation Failure)
[703.886s][info][gc,heap        ] GC(2599) PSYoungGen: 108480K(108544K)->704K(105984K) Eden: 108032K(108032K)->0K(104960K) From: 448K(512K)->704K(1024K)
[703.886s][info][gc,heap        ] GC(2599) ParOldGen: 431472K(431616K)->431544K(431616K)
[703.886s][info][gc,metaspace   ] GC(2599) Metaspace: 6132K(6208K)->6132K(6208K) NonClass: 5649K(5696K)->5649K(5696K) Class: 483K(512K)->483K(512K)
[703.886s][info][gc             ] GC(2599) Pause Young (Allocation Failure) 527M->422M(525M) 2.777ms
[703.886s][info][gc,cpu         ] GC(2599) User=0.01s Sys=0.00s Real=0.00s
[704.300s][info][gc,start       ] GC(2600) Pause Young (Allocation Failure)
[704.304s][info][gc,heap        ] GC(2600) PSYoungGen: 105664K(105984K)->448K(102400K) Eden: 104960K(104960K)->0K(101888K) From: 704K(1024K)->448K(512K)
[704.304s][info][gc,heap        ] GC(2600) ParOldGen: 431544K(431616K)->431882K(432128K)
[704.304s][info][gc,metaspace   ] GC(2600) Metaspace: 6132K(6208K)->6132K(6208K) NonClass: 5649K(5696K)->5649K(5696K) Class: 483K(512K)->483K(512K)
[704.304s][info][gc             ] GC(2600) Pause Young (Allocation Failure) 524M->422M(522M) 4.178ms
[704.304s][info][gc,cpu         ] GC(2600) User=0.00s Sys=0.00s Real=0.01s
[704.711s][info][gc,start       ] GC(2601) Pause Young (Allocation Failure)
[704.714s][info][gc,heap        ] GC(2601) PSYoungGen: 102336K(102400K)->722K(99840K) Eden: 101888K(101888K)->0K(98816K) From: 448K(512K)->722K(1024K)
[704.714s][info][gc,heap        ] GC(2601) ParOldGen: 431882K(432128K)->431986K(432128K)
[704.714s][info][gc,metaspace   ] GC(2601) Metaspace: 6132K(6208K)->6132K(6208K) NonClass: 5649K(5696K)->5649K(5696K) Class: 483K(512K)->483K(512K)
[704.714s][info][gc             ] GC(2601) Pause Young (Allocation Failure) 521M->422M(519M) 3.360ms
[704.714s][info][gc,cpu         ] GC(2601) User=0.00s Sys=0.00s Real=0.00s
[705.021s][info][gc,start       ] GC(2602) Pause Young (Allocation Failure)
[705.024s][info][gc,heap        ] GC(2602) PSYoungGen: 99538K(99840K)->722K(97280K) Eden: 98816K(98816K)->0K(96256K) From: 722K(1024K)->722K(1024K)
[705.024s][info][gc,heap        ] GC(2602) ParOldGen: 431986K(432128K)->432042K(432128K)
[705.024s][info][gc,metaspace   ] GC(2602) Metaspace: 6132K(6208K)->6132K(6208K) NonClass: 5649K(5696K)->5649K(5696K) Class: 483K(512K)->483K(512K)
[705.024s][info][gc             ] GC(2602) Pause Young (Allocation Failure) 519M->422M(517M) 3.811ms
[705.024s][info][gc,cpu         ] GC(2602) User=0.00s Sys=0.00s Real=0.00s
[705.277s][info][gc,start       ] GC(2603) Pause Young (Allocation Failure)
[705.280s][info][gc,heap        ] GC(2603) PSYoungGen: 96978K(97280K)->498K(94208K) Eden: 96256K(96256K)->0K(93696K) From: 722K(1024K)->498K(512K)
[705.280s][info][gc,heap        ] GC(2603) ParOldGen: 432042K(432128K)->432194K(432640K)
[705.280s][info][gc,metaspace   ] GC(2603) Metaspace: 6132K(6208K)->6132K(6208K) NonClass: 5649K(5696K)->5649K(5696K) Class: 483K(512K)->483K(512K)
[705.280s][info][gc             ] GC(2603) Pause Young (Allocation Failure) 516M->422M(514M) 2.933ms
[705.280s][info][gc,cpu         ] GC(2603) User=0.01s Sys=0.00s Real=0.00s
[705.520s][info][gc,start       ] GC(2604) Pause Young (Allocation Failure)
[705.523s][info][gc,heap        ] GC(2604) PSYoungGen: 94194K(94208K)->754K(113664K) Eden: 93696K(93696K)->0K(112640K) From: 498K(512K)->754K(1024K)
[705.523s][info][gc,heap        ] GC(2604) ParOldGen: 432194K(432640K)->432194K(432640K)
[705.523s][info][gc,metaspace   ] GC(2604) Metaspace: 6132K(6208K)->6132K(6208K) NonClass: 5649K(5696K)->5649K(5696K) Class: 483K(512K)->483K(512K)
[705.523s][info][gc             ] GC(2604) Pause Young (Allocation Failure) 514M->422M(533M) 3.328ms
[705.523s][info][gc,cpu         ] GC(2604) User=0.00s Sys=0.00s Real=0.01s
[705.847s][info][gc,start       ] GC(2605) Pause Young (Allocation Failure)
[705.850s][info][gc,heap        ] GC(2605) PSYoungGen: 113394K(113664K)->722K(136192K) Eden: 112640K(112640K)->0K(135168K) From: 754K(1024K)->722K(1024K)
[705.850s][info][gc,heap        ] GC(2605) ParOldGen: 432194K(432640K)->432234K(432640K)
[705.850s][info][gc,metaspace   ] GC(2605) Metaspace: 6132K(6208K)->6132K(6208K) NonClass: 5649K(5696K)->5649K(5696K) Class: 483K(512K)->483K(512K)
[705.850s][info][gc             ] GC(2605) Pause Young (Allocation Failure) 532M->422M(555M) 3.747ms
[705.850s][info][gc,cpu         ] GC(2605) User=0.00s Sys=0.00s Real=0.00s
[706.106s][info][gc,start       ] GC(2606) Pause Young (Allocation Failure)
[706.109s][info][gc,heap        ] GC(2606) PSYoungGen: 135890K(136192K)->658K(163328K) Eden: 135168K(135168K)->0K(162304K) From: 722K(1024K)->658K(1024K)
[706.109s][info][gc,heap        ] GC(2606) ParOldGen: 432234K(432640K)->432234K(432640K)
[706.109s][info][gc,metaspace   ] GC(2606) Metaspace: 6132K(6208K)->6132K(6208K) NonClass: 5649K(5696K)->5649K(5696K) Class: 483K(512K)->483K(512K)
[706.109s][info][gc             ] GC(2606) Pause Young (Allocation Failure) 554M->422M(582M) 2.904ms
[706.109s][info][gc,cpu         ] GC(2606) User=0.00s Sys=0.00s Real=0.00s
[706.342s][info][gc,start       ] GC(2607) Pause Young (Allocation Failure)
[706.344s][info][gc,heap        ] GC(2607) PSYoungGen: 162962K(163328K)->498K(195072K) Eden: 162304K(162304K)->0K(194560K) From: 658K(1024K)->498K(512K)
[706.344s][info][gc,heap        ] GC(2607) ParOldGen: 432234K(432640K)->432346K(432640K)
[706.344s][info][gc,metaspace   ] GC(2607) Metaspace: 6132K(6208K)->6132K(6208K) NonClass: 5649K(5696K)->5649K(5696K) Class: 483K(512K)->483K(512K)
[706.344s][info][gc             ] GC(2607) Pause Young (Allocation Failure) 581M->422M(613M) 2.569ms
[706.344s][info][gc,cpu         ] GC(2607) User=0.01s Sys=0.00s Real=0.00s
[706.695s][info][gc,start       ] GC(2608) Pause Young (Allocation Failure)
[706.698s][info][gc,heap        ] GC(2608) PSYoungGen: 195058K(195072K)->741K(233984K) Eden: 194560K(194560K)->0K(232960K) From: 498K(512K)->741K(1024K)
[706.698s][info][gc,heap        ] GC(2608) ParOldGen: 432346K(432640K)->432346K(432640K)
[706.698s][info][gc,metaspace   ] GC(2608) Metaspace: 6132K(6208K)->6132K(6208K) NonClass: 5649K(5696K)->5649K(5696K) Class: 483K(512K)->483K(512K)
[706.698s][info][gc             ] GC(2608) Pause Young (Allocation Failure) 612M->422M(651M) 3.476ms
[706.698s][info][gc,cpu         ] GC(2608) User=0.01s Sys=0.00s Real=0.00s
[707.112s][info][gc,start       ] GC(2609) Pause Young (Allocation Failure)
[707.115s][info][gc,heap        ] GC(2609) PSYoungGen: 233701K(233984K)->800K(225280K) Eden: 232960K(232960K)->0K(224256K) From: 741K(1024K)->800K(1024K)
[707.115s][info][gc,heap        ] GC(2609) ParOldGen: 432346K(432640K)->432394K(432640K)
[707.115s][info][gc,metaspace   ] GC(2609) Metaspace: 6132K(6208K)->6132K(6208K) NonClass: 5649K(5696K)->5649K(5696K) Class: 483K(512K)->483K(512K)
[707.115s][info][gc             ] GC(2609) Pause Young (Allocation Failure) 650M->423M(642M) 3.588ms
[707.115s][info][gc,cpu         ] GC(2609) User=0.00s Sys=0.00s Real=0.00s
[707.543s][info][gc,start       ] GC(2610) Pause Young (Allocation Failure)
[707.545s][info][gc,heap        ] GC(2610) PSYoungGen: 225056K(225280K)->736K(217088K) Eden: 224256K(224256K)->0K(216064K) From: 800K(1024K)->736K(1024K)
[707.545s][info][gc,heap        ] GC(2610) ParOldGen: 432394K(432640K)->432394K(432640K)
[707.545s][info][gc,metaspace   ] GC(2610) Metaspace: 6132K(6208K)->6132K(6208K) NonClass: 5649K(5696K)->5649K(5696K) Class: 483K(512K)->483K(512K)
[707.545s][info][gc             ] GC(2610) Pause Young (Allocation Failure) 642M->422M(634M) 1.906ms
[707.545s][info][gc,cpu         ] GC(2610) User=0.01s Sys=0.00s Real=0.00s
[707.946s][info][gc,start       ] GC(2611) Pause Young (Allocation Failure)
[707.948s][info][gc,heap        ] GC(2611) PSYoungGen: 216800K(217088K)->512K(208384K) Eden: 216064K(216064K)->0K(207872K) From: 736K(1024K)->512K(512K)
[707.948s][info][gc,heap        ] GC(2611) ParOldGen: 432394K(432640K)->432570K(432640K)
[707.948s][info][gc,metaspace   ] GC(2611) Metaspace: 6132K(6208K)->6132K(6208K) NonClass: 5649K(5696K)->5649K(5696K) Class: 483K(512K)->483K(512K)
[707.948s][info][gc             ] GC(2611) Pause Young (Allocation Failure) 633M->422M(626M) 1.835ms
[707.948s][info][gc,cpu         ] GC(2611) User=0.00s Sys=0.00s Real=0.00s
[708.338s][info][gc,start       ] GC(2612) Pause Young (Allocation Failure)
[708.340s][info][gc,heap        ] GC(2612) PSYoungGen: 208384K(208384K)->768K(201216K) Eden: 207872K(207872K)->0K(200192K) From: 512K(512K)->768K(1024K)
[708.340s][info][gc,heap        ] GC(2612) ParOldGen: 432570K(432640K)->432570K(432640K)
[708.340s][info][gc,metaspace   ] GC(2612) Metaspace: 6132K(6208K)->6132K(6208K) NonClass: 5649K(5696K)->5649K(5696K) Class: 483K(512K)->483K(512K)
[708.340s][info][gc             ] GC(2612) Pause Young (Allocation Failure) 625M->423M(619M) 2.161ms
[708.340s][info][gc,cpu         ] GC(2612) User=0.00s Sys=0.00s Real=0.00s
[708.690s][info][gc,start       ] GC(2613) Pause Young (Allocation Failure)
[708.691s][info][gc,heap        ] GC(2613) PSYoungGen: 200960K(201216K)->704K(194048K) Eden: 200192K(200192K)->0K(193024K) From: 768K(1024K)->704K(1024K)
[708.691s][info][gc,heap        ] GC(2613) ParOldGen: 432570K(432640K)->432586K(432640K)
[708.691s][info][gc,metaspace   ] GC(2613) Metaspace: 6132K(6208K)->6132K(6208K) NonClass: 5649K(5696K)->5649K(5696K) Class: 483K(512K)->483K(512K)
[708.692s][info][gc             ] GC(2613) Pause Young (Allocation Failure) 618M->423M(612M) 1.884ms
[708.692s][info][gc,cpu         ] GC(2613) User=0.01s Sys=0.00s Real=0.01s
[709.038s][info][gc,start       ] GC(2614) Pause Young (Allocation Failure)
[709.041s][info][gc,heap        ] GC(2614) PSYoungGen: 193728K(194048K)->754K(186880K) Eden: 193024K(193024K)->0K(185856K) From: 704K(1024K)->754K(1024K)
[709.041s][info][gc,heap        ] GC(2614) ParOldGen: 432586K(432640K)->432586K(432640K)
[709.041s][info][gc,metaspace   ] GC(2614) Metaspace: 6132K(6208K)->6132K(6208K) NonClass: 5649K(5696K)->5649K(5696K) Class: 483K(512K)->483K(512K)
[709.041s][info][gc             ] GC(2614) Pause Young (Allocation Failure) 611M->423M(605M) 2.971ms
[709.041s][info][gc,cpu         ] GC(2614) User=0.00s Sys=0.00s Real=0.01s
[709.441s][info][gc,start       ] GC(2615) Pause Young (Allocation Failure)
[709.442s][info][gc,heap        ] GC(2615) PSYoungGen: 186610K(186880K)->512K(179712K) Eden: 185856K(185856K)->0K(179200K) From: 754K(1024K)->512K(512K)
[709.442s][info][gc,heap        ] GC(2615) ParOldGen: 432586K(432640K)->432674K(433152K)
[709.442s][info][gc,metaspace   ] GC(2615) Metaspace: 6132K(6208K)->6132K(6208K) NonClass: 5649K(5696K)->5649K(5696K) Class: 483K(512K)->483K(512K)
[709.442s][info][gc             ] GC(2615) Pause Young (Allocation Failure) 604M->423M(598M) 1.336ms
[709.442s][info][gc,cpu         ] GC(2615) User=0.00s Sys=0.00s Real=0.00s
[709.787s][info][gc,start       ] GC(2616) Pause Young (Allocation Failure)
[709.789s][info][gc,heap        ] GC(2616) PSYoungGen: 179712K(179712K)->754K(174080K) Eden: 179200K(179200K)->0K(173056K) From: 512K(512K)->754K(1024K)
[709.789s][info][gc,heap        ] GC(2616) ParOldGen: 432674K(433152K)->432674K(433152K)
[709.789s][info][gc,metaspace   ] GC(2616) Metaspace: 6132K(6208K)->6132K(6208K) NonClass: 5649K(5696K)->5649K(5696K) Class: 483K(512K)->483K(512K)
[709.789s][info][gc             ] GC(2616) Pause Young (Allocation Failure) 598M->423M(593M) 1.853ms
[709.789s][info][gc,cpu         ] GC(2616) User=0.01s Sys=0.00s Real=0.00s
[710.096s][info][gc,start       ] GC(2617) Pause Young (Allocation Failure)
[710.098s][info][gc,heap        ] GC(2617) PSYoungGen: 173810K(174080K)->704K(167936K) Eden: 173056K(173056K)->0K(166912K) From: 754K(1024K)->704K(1024K)
[710.098s][info][gc,heap        ] GC(2617) ParOldGen: 432674K(433152K)->432706K(433152K)
[710.098s][info][gc,metaspace   ] GC(2617) Metaspace: 6132K(6208K)->6132K(6208K) NonClass: 5649K(5696K)->5649K(5696K) Class: 483K(512K)->483K(512K)
[710.098s][info][gc             ] GC(2617) Pause Young (Allocation Failure) 592M->423M(587M) 1.901ms
[710.098s][info][gc,cpu         ] GC(2617) User=0.00s Sys=0.00s Real=0.00s
[710.384s][info][gc,start       ] GC(2618) Pause Young (Allocation Failure)
[710.386s][info][gc,heap        ] GC(2618) PSYoungGen: 167616K(167936K)->704K(162304K) Eden: 166912K(166912K)->0K(161280K) From: 704K(1024K)->704K(1024K)
[710.386s][info][gc,heap        ] GC(2618) ParOldGen: 432706K(433152K)->432706K(433152K)
[710.386s][info][gc,metaspace   ] GC(2618) Metaspace: 6132K(6208K)->6132K(6208K) NonClass: 5649K(5696K)->5649K(5696K) Class: 483K(512K)->483K(512K)
[710.386s][info][gc             ] GC(2618) Pause Young (Allocation Failure) 586M->423M(581M) 1.515ms
[710.386s][info][gc,cpu         ] GC(2618) User=0.00s Sys=0.00s Real=0.00s
[710.696s][info][gc,start       ] GC(2619) Pause Young (Allocation Failure)
[710.698s][info][gc,heap        ] GC(2619) PSYoungGen: 161984K(162304K)->512K(156160K) Eden: 161280K(161280K)->0K(155648K) From: 704K(1024K)->512K(512K)
[710.698s][info][gc,heap        ] GC(2619) ParOldGen: 432706K(433152K)->432890K(433152K)
[710.698s][info][gc,metaspace   ] GC(2619) Metaspace: 6132K(6208K)->6132K(6208K) NonClass: 5649K(5696K)->5649K(5696K) Class: 483K(512K)->483K(512K)
[710.698s][info][gc             ] GC(2619) Pause Young (Allocation Failure) 580M->423M(575M) 1.671ms
[710.698s][info][gc,cpu         ] GC(2619) User=0.00s Sys=0.00s Real=0.00s
[710.979s][info][gc,start       ] GC(2620) Pause Young (Allocation Failure)
[710.980s][info][gc,heap        ] GC(2620) PSYoungGen: 156160K(156160K)->704K(151552K) Eden: 155648K(155648K)->0K(150528K) From: 512K(512K)->704K(1024K)
[710.980s][info][gc,heap        ] GC(2620) ParOldGen: 432890K(433152K)->432890K(433152K)
[710.980s][info][gc,metaspace   ] GC(2620) Metaspace: 6132K(6208K)->6132K(6208K) NonClass: 5649K(5696K)->5649K(5696K) Class: 483K(512K)->483K(512K)
[710.981s][info][gc             ] GC(2620) Pause Young (Allocation Failure) 575M->423M(571M) 2.014ms
[710.981s][info][gc,cpu         ] GC(2620) User=0.00s Sys=0.00s Real=0.01s
[711.258s][info][gc,start       ] GC(2621) Pause Young (Allocation Failure)
[711.260s][info][gc,heap        ] GC(2621) PSYoungGen: 151232K(151552K)->768K(146432K) Eden: 150528K(150528K)->0K(145408K) From: 704K(1024K)->768K(1024K)
[711.260s][info][gc,heap        ] GC(2621) ParOldGen: 432890K(433152K)->432906K(433152K)
[711.260s][info][gc,metaspace   ] GC(2621) Metaspace: 6132K(6208K)->6132K(6208K) NonClass: 5649K(5696K)->5649K(5696K) Class: 483K(512K)->483K(512K)
[711.260s][info][gc             ] GC(2621) Pause Young (Allocation Failure) 570M->423M(566M) 1.900ms
[711.260s][info][gc,cpu         ] GC(2621) User=0.00s Sys=0.00s Real=0.00s
[711.531s][info][gc,start       ] GC(2622) Pause Young (Allocation Failure)
[711.532s][info][gc,heap        ] GC(2622) PSYoungGen: 146176K(146432K)->448K(141312K) Eden: 145408K(145408K)->0K(140800K) From: 768K(1024K)->448K(512K)
[711.532s][info][gc,heap        ] GC(2622) ParOldGen: 432906K(433152K)->432906K(433152K)
[711.532s][info][gc,metaspace   ] GC(2622) Metaspace: 6132K(6208K)->6132K(6208K) NonClass: 5649K(5696K)->5649K(5696K) Class: 483K(512K)->483K(512K)
[711.532s][info][gc             ] GC(2622) Pause Young (Allocation Failure) 565M->423M(561M) 1.503ms
[711.532s][info][gc,cpu         ] GC(2622) User=0.00s Sys=0.00s Real=0.00s
[711.793s][info][gc,start       ] GC(2623) Pause Young (Allocation Failure)
[711.794s][info][gc,heap        ] GC(2623) PSYoungGen: 141248K(141312K)->640K(137216K) Eden: 140800K(140800K)->0K(136192K) From: 448K(512K)->640K(1024K)
[711.794s][info][gc,heap        ] GC(2623) ParOldGen: 432906K(433152K)->432981K(433152K)
[711.794s][info][gc,metaspace   ] GC(2623) Metaspace: 6132K(6208K)->6132K(6208K) NonClass: 5649K(5696K)->5649K(5696K) Class: 483K(512K)->483K(512K)
[711.794s][info][gc             ] GC(2623) Pause Young (Allocation Failure) 560M->423M(557M) 1.798ms
[711.794s][info][gc,cpu         ] GC(2623) User=0.00s Sys=0.00s Real=0.00s
[712.062s][info][gc,start       ] GC(2624) Pause Young (Allocation Failure)
[712.065s][info][gc,heap        ] GC(2624) PSYoungGen: 136832K(137216K)->448K(132608K) Eden: 136192K(136192K)->0K(132096K) From: 640K(1024K)->448K(512K)
[712.065s][info][gc,heap        ] GC(2624) ParOldGen: 432981K(433152K)->433587K(433664K)
[712.065s][info][gc,metaspace   ] GC(2624) Metaspace: 6132K(6208K)->6132K(6208K) NonClass: 5649K(5696K)->5649K(5696K) Class: 483K(512K)->483K(512K)
[712.065s][info][gc             ] GC(2624) Pause Young (Allocation Failure) 556M->423M(553M) 2.623ms
[712.065s][info][gc,cpu         ] GC(2624) User=0.01s Sys=0.00s Real=0.00s
[712.314s][info][gc,start       ] GC(2625) Pause Young (Allocation Failure)
[712.316s][info][gc,heap        ] GC(2625) PSYoungGen: 132544K(132608K)->722K(129024K) Eden: 132096K(132096K)->0K(128000K) From: 448K(512K)->722K(1024K)
[712.316s][info][gc,heap        ] GC(2625) ParOldGen: 433587K(433664K)->433731K(434176K)
[712.316s][info][gc,metaspace   ] GC(2625) Metaspace: 6132K(6208K)->6132K(6208K) NonClass: 5649K(5696K)->5649K(5696K) Class: 483K(512K)->483K(512K)
[712.316s][info][gc             ] GC(2625) Pause Young (Allocation Failure) 552M->424M(550M) 1.808ms
[712.316s][info][gc,cpu         ] GC(2625) User=0.00s Sys=0.01s Real=0.00s
[712.540s][info][gc,start       ] GC(2626) Pause Young (Allocation Failure)
[712.542s][info][gc,heap        ] GC(2626) PSYoungGen: 128722K(129024K)->768K(124928K) Eden: 128000K(128000K)->0K(123904K) From: 722K(1024K)->768K(1024K)
[712.542s][info][gc,heap        ] GC(2626) ParOldGen: 433731K(434176K)->433771K(434176K)
[712.542s][info][gc,metaspace   ] GC(2626) Metaspace: 6132K(6208K)->6132K(6208K) NonClass: 5649K(5696K)->5649K(5696K) Class: 483K(512K)->483K(512K)
[712.542s][info][gc             ] GC(2626) Pause Young (Allocation Failure) 549M->424M(546M) 1.863ms
[712.542s][info][gc,cpu         ] GC(2626) User=0.00s Sys=0.00s Real=0.01s
[712.763s][info][gc,start       ] GC(2627) Pause Young (Allocation Failure)
[712.764s][info][gc,heap        ] GC(2627) PSYoungGen: 124672K(124928K)->512K(120832K) Eden: 123904K(123904K)->0K(120320K) From: 768K(1024K)->512K(512K)
[712.764s][info][gc,heap        ] GC(2627) ParOldGen: 433771K(434176K)->433947K(434176K)
[712.764s][info][gc,metaspace   ] GC(2627) Metaspace: 6132K(6208K)->6132K(6208K) NonClass: 5649K(5696K)->5649K(5696K) Class: 483K(512K)->483K(512K)
[712.764s][info][gc             ] GC(2627) Pause Young (Allocation Failure) 545M->424M(542M) 1.523ms
[712.764s][info][gc,cpu         ] GC(2627) User=0.00s Sys=0.00s Real=0.00s
[712.979s][info][gc,start       ] GC(2628) Pause Young (Allocation Failure)
[712.981s][info][gc,heap        ] GC(2628) PSYoungGen: 120832K(120832K)->704K(117760K) Eden: 120320K(120320K)->0K(116736K) From: 512K(512K)->704K(1024K)
[712.981s][info][gc,heap        ] GC(2628) ParOldGen: 433947K(434176K)->433947K(434176K)
[712.981s][info][gc,metaspace   ] GC(2628) Metaspace: 6132K(6208K)->6132K(6208K) NonClass: 5649K(5696K)->5649K(5696K) Class: 483K(512K)->483K(512K)
[712.981s][info][gc             ] GC(2628) Pause Young (Allocation Failure) 541M->424M(539M) 1.677ms
[712.981s][info][gc,cpu         ] GC(2628) User=0.00s Sys=0.00s Real=0.01s
[713.200s][info][gc,start       ] GC(2629) Pause Young (Allocation Failure)
[713.202s][info][gc,heap        ] GC(2629) PSYoungGen: 117440K(117760K)->768K(114176K) Eden: 116736K(116736K)->0K(113152K) From: 704K(1024K)->768K(1024K)
[713.202s][info][gc,heap        ] GC(2629) ParOldGen: 433947K(434176K)->433971K(434176K)
[713.202s][info][gc,metaspace   ] GC(2629) Metaspace: 6132K(6208K)->6132K(6208K) NonClass: 5649K(5696K)->5649K(5696K) Class: 483K(512K)->483K(512K)
[713.202s][info][gc             ] GC(2629) Pause Young (Allocation Failure) 538M->424M(535M) 1.738ms
[713.202s][info][gc,cpu         ] GC(2629) User=0.00s Sys=0.00s Real=0.01s
[713.418s][info][gc,start       ] GC(2630) Pause Young (Allocation Failure)
[713.421s][info][gc,heap        ] GC(2630) PSYoungGen: 113920K(114176K)->626K(111104K) Eden: 113152K(113152K)->0K(110080K) From: 768K(1024K)->626K(1024K)
[713.421s][info][gc,heap        ] GC(2630) ParOldGen: 433971K(434176K)->433971K(434176K)
[713.421s][info][gc,metaspace   ] GC(2630) Metaspace: 6132K(6208K)->6132K(6208K) NonClass: 5649K(5696K)->5649K(5696K) Class: 483K(512K)->483K(512K)
[713.421s][info][gc             ] GC(2630) Pause Young (Allocation Failure) 535M->424M(532M) 2.741ms
[713.421s][info][gc,cpu         ] GC(2630) User=0.01s Sys=0.00s Real=0.01s
[713.633s][info][gc,start       ] GC(2631) Pause Young (Allocation Failure)
[713.637s][info][gc,heap        ] GC(2631) PSYoungGen: 110706K(111104K)->498K(132608K) Eden: 110080K(110080K)->0K(132096K) From: 626K(1024K)->498K(512K)
[713.637s][info][gc,heap        ] GC(2631) ParOldGen: 433971K(434176K)->434195K(434688K)
[713.637s][info][gc,metaspace   ] GC(2631) Metaspace: 6132K(6208K)->6132K(6208K) NonClass: 5649K(5696K)->5649K(5696K) Class: 483K(512K)->483K(512K)
[713.637s][info][gc             ] GC(2631) Pause Young (Allocation Failure) 531M->424M(554M) 4.197ms
[713.637s][info][gc,cpu         ] GC(2631) User=0.00s Sys=0.00s Real=0.00s
[713.878s][info][gc,start       ] GC(2632) Pause Young (Allocation Failure)
[713.882s][info][gc,heap        ] GC(2632) PSYoungGen: 132594K(132608K)->773K(159744K) Eden: 132096K(132096K)->0K(158720K) From: 498K(512K)->773K(1024K)
[713.882s][info][gc,heap        ] GC(2632) ParOldGen: 434195K(434688K)->434195K(434688K)
[713.882s][info][gc,metaspace   ] GC(2632) Metaspace: 6132K(6208K)->6132K(6208K) NonClass: 5649K(5696K)->5649K(5696K) Class: 483K(512K)->483K(512K)
[713.882s][info][gc             ] GC(2632) Pause Young (Allocation Failure) 553M->424M(580M) 3.604ms
[713.882s][info][gc,cpu         ] GC(2632) User=0.00s Sys=0.00s Real=0.01s
[714.191s][info][gc,start       ] GC(2633) Pause Young (Allocation Failure)
[714.192s][info][gc,heap        ] GC(2633) PSYoungGen: 159493K(159744K)->768K(190976K) Eden: 158720K(158720K)->0K(189952K) From: 773K(1024K)->768K(1024K)
[714.192s][info][gc,heap        ] GC(2633) ParOldGen: 434195K(434688K)->434251K(434688K)
[714.192s][info][gc,metaspace   ] GC(2633) Metaspace: 6132K(6208K)->6132K(6208K) NonClass: 5649K(5696K)->5649K(5696K) Class: 483K(512K)->483K(512K)
[714.192s][info][gc             ] GC(2633) Pause Young (Allocation Failure) 579M->424M(611M) 1.627ms
[714.192s][info][gc,cpu         ] GC(2633) User=0.00s Sys=0.00s Real=0.00s
[714.559s][info][gc,start       ] GC(2634) Pause Young (Allocation Failure)
[714.561s][info][gc,heap        ] GC(2634) PSYoungGen: 190720K(190976K)->800K(184320K) Eden: 189952K(189952K)->0K(183296K) From: 768K(1024K)->800K(1024K)
[714.561s][info][gc,heap        ] GC(2634) ParOldGen: 434251K(434688K)->434251K(434688K)
[714.561s][info][gc,metaspace   ] GC(2634) Metaspace: 6132K(6208K)->6132K(6208K) NonClass: 5649K(5696K)->5649K(5696K) Class: 483K(512K)->483K(512K)
[714.561s][info][gc             ] GC(2634) Pause Young (Allocation Failure) 610M->424M(604M) 1.743ms
[714.561s][info][gc,cpu         ] GC(2634) User=0.00s Sys=0.00s Real=0.01s
[714.913s][info][gc,start       ] GC(2635) Pause Young (Allocation Failure)
[714.915s][info][gc,heap        ] GC(2635) PSYoungGen: 184096K(184320K)->512K(177152K) Eden: 183296K(183296K)->0K(176640K) From: 800K(1024K)->512K(512K)
[714.915s][info][gc,heap        ] GC(2635) ParOldGen: 434251K(434688K)->434403K(434688K)
[714.915s][info][gc,metaspace   ] GC(2635) Metaspace: 6132K(6208K)->6132K(6208K) NonClass: 5649K(5696K)->5649K(5696K) Class: 483K(512K)->483K(512K)
[714.915s][info][gc             ] GC(2635) Pause Young (Allocation Failure) 603M->424M(597M) 1.448ms
[714.915s][info][gc,cpu         ] GC(2635) User=0.00s Sys=0.00s Real=0.00s
[715.267s][info][gc,start       ] GC(2636) Pause Young (Allocation Failure)
[715.269s][info][gc,heap        ] GC(2636) PSYoungGen: 177152K(177152K)->736K(171520K) Eden: 176640K(176640K)->0K(170496K) From: 512K(512K)->736K(1024K)
[715.269s][info][gc,heap        ] GC(2636) ParOldGen: 434403K(434688K)->434403K(434688K)
[715.269s][info][gc,metaspace   ] GC(2636) Metaspace: 6132K(6208K)->6132K(6208K) NonClass: 5649K(5696K)->5649K(5696K) Class: 483K(512K)->483K(512K)
[715.269s][info][gc             ] GC(2636) Pause Young (Allocation Failure) 597M->424M(592M) 1.777ms
[715.269s][info][gc,cpu         ] GC(2636) User=0.00s Sys=0.00s Real=0.00s
[715.552s][info][gc,start       ] GC(2637) Pause Young (Allocation Failure)
[715.553s][info][gc,heap        ] GC(2637) PSYoungGen: 171232K(171520K)->704K(165376K) Eden: 170496K(170496K)->0K(164352K) From: 736K(1024K)->704K(1024K)
[715.553s][info][gc,heap        ] GC(2637) ParOldGen: 434403K(434688K)->434427K(434688K)
[715.553s][info][gc,metaspace   ] GC(2637) Metaspace: 6132K(6208K)->6132K(6208K) NonClass: 5649K(5696K)->5649K(5696K) Class: 483K(512K)->483K(512K)
[715.553s][info][gc             ] GC(2637) Pause Young (Allocation Failure) 591M->424M(586M) 1.503ms
[715.553s][info][gc,cpu         ] GC(2637) User=0.00s Sys=0.00s Real=0.00s
[715.886s][info][gc,start       ] GC(2638) Pause Young (Allocation Failure)
[715.888s][info][gc,heap        ] GC(2638) PSYoungGen: 165056K(165376K)->704K(159744K) Eden: 164352K(164352K)->0K(158720K) From: 704K(1024K)->704K(1024K)
[715.888s][info][gc,heap        ] GC(2638) ParOldGen: 434427K(434688K)->434427K(434688K)
[715.888s][info][gc,metaspace   ] GC(2638) Metaspace: 6132K(6208K)->6132K(6208K) NonClass: 5649K(5696K)->5649K(5696K) Class: 483K(512K)->483K(512K)
[715.888s][info][gc             ] GC(2638) Pause Young (Allocation Failure) 585M->424M(580M) 1.512ms
[715.888s][info][gc,cpu         ] GC(2638) User=0.00s Sys=0.00s Real=0.00s
[716.206s][info][gc,start       ] GC(2639) Pause Young (Allocation Failure)
[716.208s][info][gc,heap        ] GC(2639) PSYoungGen: 159424K(159744K)->512K(154112K) Eden: 158720K(158720K)->0K(153600K) From: 704K(1024K)->512K(512K)
[716.208s][info][gc,heap        ] GC(2639) ParOldGen: 434427K(434688K)->434531K(434688K)
[716.208s][info][gc,metaspace   ] GC(2639) Metaspace: 6132K(6208K)->6132K(6208K) NonClass: 5649K(5696K)->5649K(5696K) Class: 483K(512K)->483K(512K)
[716.208s][info][gc             ] GC(2639) Pause Young (Allocation Failure) 579M->424M(575M) 1.351ms
[716.208s][info][gc,cpu         ] GC(2639) User=0.00s Sys=0.00s Real=0.00s
[716.509s][info][gc,start       ] GC(2640) Pause Young (Allocation Failure)
[716.510s][info][gc,heap        ] GC(2640) PSYoungGen: 154112K(154112K)->690K(149504K) Eden: 153600K(153600K)->0K(148480K) From: 512K(512K)->690K(1024K)
[716.510s][info][gc,heap        ] GC(2640) ParOldGen: 434531K(434688K)->434531K(434688K)
[716.510s][info][gc,metaspace   ] GC(2640) Metaspace: 6132K(6208K)->6132K(6208K) NonClass: 5649K(5696K)->5649K(5696K) Class: 483K(512K)->483K(512K)
[716.510s][info][gc             ] GC(2640) Pause Young (Allocation Failure) 574M->425M(570M) 1.656ms
[716.510s][info][gc,cpu         ] GC(2640) User=0.01s Sys=0.00s Real=0.00s
[716.804s][info][gc,start       ] GC(2641) Pause Young (Allocation Failure)
[716.806s][info][gc,heap        ] GC(2641) PSYoungGen: 149170K(149504K)->800K(144384K) Eden: 148480K(148480K)->0K(143360K) From: 690K(1024K)->800K(1024K)
[716.806s][info][gc,heap        ] GC(2641) ParOldGen: 434531K(434688K)->434571K(434688K)
[716.806s][info][gc,metaspace   ] GC(2641) Metaspace: 6132K(6208K)->6132K(6208K) NonClass: 5649K(5696K)->5649K(5696K) Class: 483K(512K)->483K(512K)
[716.806s][info][gc             ] GC(2641) Pause Young (Allocation Failure) 570M->425M(565M) 1.595ms
[716.806s][info][gc,cpu         ] GC(2641) User=0.00s Sys=0.00s Real=0.00s
[717.099s][info][gc,start       ] GC(2642) Pause Young (Allocation Failure)
[717.101s][info][gc,heap        ] GC(2642) PSYoungGen: 144160K(144384K)->800K(139776K) Eden: 143360K(143360K)->0K(138752K) From: 800K(1024K)->800K(1024K)
[717.101s][info][gc,heap        ] GC(2642) ParOldGen: 434571K(434688K)->434571K(434688K)
[717.101s][info][gc,metaspace   ] GC(2642) Metaspace: 6132K(6208K)->6132K(6208K) NonClass: 5649K(5696K)->5649K(5696K) Class: 483K(512K)->483K(512K)
[717.101s][info][gc             ] GC(2642) Pause Young (Allocation Failure) 565M->425M(561M) 1.677ms
[717.101s][info][gc,cpu         ] GC(2642) User=0.01s Sys=0.01s Real=0.01s
[717.392s][info][gc,start       ] GC(2643) Pause Young (Allocation Failure)
[717.393s][info][gc,heap        ] GC(2643) PSYoungGen: 139552K(139776K)->448K(134656K) Eden: 138752K(138752K)->0K(134144K) From: 800K(1024K)->448K(512K)
[717.393s][info][gc,heap        ] GC(2643) ParOldGen: 434571K(434688K)->434571K(434688K)
[717.393s][info][gc,metaspace   ] GC(2643) Metaspace: 6132K(6208K)->6132K(6208K) NonClass: 5649K(5696K)->5649K(5696K) Class: 483K(512K)->483K(512K)
[717.393s][info][gc             ] GC(2643) Pause Young (Allocation Failure) 560M->424M(556M) 1.188ms
[717.393s][info][gc,cpu         ] GC(2643) User=0.00s Sys=0.00s Real=0.00s
[717.668s][info][gc,start       ] GC(2644) Pause Young (Allocation Failure)
[717.670s][info][gc,heap        ] GC(2644) PSYoungGen: 134592K(134656K)->640K(131072K) Eden: 134144K(134144K)->0K(130048K) From: 448K(512K)->640K(1024K)
[717.670s][info][gc,heap        ] GC(2644) ParOldGen: 434571K(434688K)->434571K(434688K)
[717.670s][info][gc,metaspace   ] GC(2644) Metaspace: 6132K(6208K)->6132K(6208K) NonClass: 5649K(5696K)->5649K(5696K) Class: 483K(512K)->483K(512K)
[717.670s][info][gc             ] GC(2644) Pause Young (Allocation Failure) 555M->425M(552M) 1.559ms
[717.670s][info][gc,cpu         ] GC(2644) User=0.00s Sys=0.00s Real=0.00s
[717.906s][info][gc,start       ] GC(2645) Pause Young (Allocation Failure)
[717.907s][info][gc,heap        ] GC(2645) PSYoungGen: 130688K(131072K)->416K(126464K) Eden: 130048K(130048K)->0K(125952K) From: 640K(1024K)->416K(512K)
[717.907s][info][gc,heap        ] GC(2645) ParOldGen: 434571K(434688K)->434571K(434688K)
[717.907s][info][gc,metaspace   ] GC(2645) Metaspace: 6132K(6208K)->6132K(6208K) NonClass: 5649K(5696K)->5649K(5696K) Class: 483K(512K)->483K(512K)
[717.907s][info][gc             ] GC(2645) Pause Young (Allocation Failure) 552M->424M(548M) 1.418ms
[717.907s][info][gc,cpu         ] GC(2645) User=0.01s Sys=0.00s Real=0.00s
[718.129s][info][gc,start       ] GC(2646) Pause Young (Allocation Failure)
[718.131s][info][gc,heap        ] GC(2646) PSYoungGen: 126368K(126464K)->768K(122880K) Eden: 125952K(125952K)->0K(121856K) From: 416K(512K)->768K(1024K)
[718.131s][info][gc,heap        ] GC(2646) ParOldGen: 434571K(434688K)->434571K(434688K)
[718.131s][info][gc,metaspace   ] GC(2646) Metaspace: 6132K(6208K)->6132K(6208K) NonClass: 5649K(5696K)->5649K(5696K) Class: 483K(512K)->483K(512K)
[718.131s][info][gc             ] GC(2646) Pause Young (Allocation Failure) 547M->425M(544M) 1.729ms
[718.131s][info][gc,cpu         ] GC(2646) User=0.00s Sys=0.00s Real=0.01s
[718.342s][info][gc,start       ] GC(2647) Pause Young (Allocation Failure)
[718.344s][info][gc,heap        ] GC(2647) PSYoungGen: 122624K(122880K)->736K(119296K) Eden: 121856K(121856K)->0K(118272K) From: 768K(1024K)->736K(1024K)
[718.344s][info][gc,heap        ] GC(2647) ParOldGen: 434571K(434688K)->434571K(434688K)
[718.344s][info][gc,metaspace   ] GC(2647) Metaspace: 6132K(6208K)->6132K(6208K) NonClass: 5649K(5696K)->5649K(5696K) Class: 483K(512K)->483K(512K)
[718.344s][info][gc             ] GC(2647) Pause Young (Allocation Failure) 544M->425M(541M) 1.514ms
[718.344s][info][gc,cpu         ] GC(2647) User=0.00s Sys=0.00s Real=0.00s
[718.550s][info][gc,start       ] GC(2648) Pause Young (Allocation Failure)
[718.552s][info][gc,heap        ] GC(2648) PSYoungGen: 119008K(119296K)->594K(115712K) Eden: 118272K(118272K)->0K(114688K) From: 736K(1024K)->594K(1024K)
[718.552s][info][gc,heap        ] GC(2648) ParOldGen: 434571K(434688K)->434571K(434688K)
[718.552s][info][gc,metaspace   ] GC(2648) Metaspace: 6132K(6208K)->6132K(6208K) NonClass: 5649K(5696K)->5649K(5696K) Class: 483K(512K)->483K(512K)
[718.552s][info][gc             ] GC(2648) Pause Young (Allocation Failure) 540M->424M(537M) 2.388ms
[718.552s][info][gc,cpu         ] GC(2648) User=0.00s Sys=0.00s Real=0.01s
[718.748s][info][gc,start       ] GC(2649) Pause Young (Allocation Failure)
[718.749s][info][gc,heap        ] GC(2649) PSYoungGen: 115282K(115712K)->512K(111616K) Eden: 114688K(114688K)->0K(111104K) From: 594K(1024K)->512K(512K)
[718.749s][info][gc,heap        ] GC(2649) ParOldGen: 434571K(434688K)->434763K(435200K)
[718.749s][info][gc,metaspace   ] GC(2649) Metaspace: 6132K(6208K)->6132K(6208K) NonClass: 5649K(5696K)->5649K(5696K) Class: 483K(512K)->483K(512K)
[718.749s][info][gc             ] GC(2649) Pause Young (Allocation Failure) 536M->425M(534M) 1.611ms
[718.749s][info][gc,cpu         ] GC(2649) User=0.00s Sys=0.00s Real=0.00s
[718.938s][info][gc,start       ] GC(2650) Pause Young (Allocation Failure)
[718.939s][info][gc,heap        ] GC(2650) PSYoungGen: 111616K(111616K)->704K(109056K) Eden: 111104K(111104K)->0K(108032K) From: 512K(512K)->704K(1024K)
[718.939s][info][gc,heap        ] GC(2650) ParOldGen: 434763K(435200K)->434763K(435200K)
[718.939s][info][gc,metaspace   ] GC(2650) Metaspace: 6132K(6208K)->6132K(6208K) NonClass: 5649K(5696K)->5649K(5696K) Class: 483K(512K)->483K(512K)
[718.939s][info][gc             ] GC(2650) Pause Young (Allocation Failure) 533M->425M(531M) 1.720ms
[718.939s][info][gc,cpu         ] GC(2650) User=0.00s Sys=0.00s Real=0.00s
[719.215s][info][gc,start       ] GC(2651) Pause Young (Allocation Failure)
[719.216s][info][gc,heap        ] GC(2651) PSYoungGen: 108736K(109056K)->704K(105984K) Eden: 108032K(108032K)->0K(104960K) From: 704K(1024K)->704K(1024K)
[719.216s][info][gc,heap        ] GC(2651) ParOldGen: 434763K(435200K)->434779K(435200K)
[719.216s][info][gc,metaspace   ] GC(2651) Metaspace: 6132K(6208K)->6132K(6208K) NonClass: 5649K(5696K)->5649K(5696K) Class: 483K(512K)->483K(512K)
[719.216s][info][gc             ] GC(2651) Pause Young (Allocation Failure) 530M->425M(528M) 1.458ms
[719.216s][info][gc,cpu         ] GC(2651) User=0.00s Sys=0.00s Real=0.00s
[719.405s][info][gc,start       ] GC(2652) Pause Young (Allocation Failure)
[719.406s][info][gc,heap        ] GC(2652) PSYoungGen: 105664K(105984K)->608K(102912K) Eden: 104960K(104960K)->0K(101888K) From: 704K(1024K)->608K(1024K)
[719.406s][info][gc,heap        ] GC(2652) ParOldGen: 434779K(435200K)->434779K(435200K)
[719.406s][info][gc,metaspace   ] GC(2652) Metaspace: 6132K(6208K)->6132K(6208K) NonClass: 5649K(5696K)->5649K(5696K) Class: 483K(512K)->483K(512K)
[719.406s][info][gc             ] GC(2652) Pause Young (Allocation Failure) 527M->425M(525M) 1.374ms
[719.406s][info][gc,cpu         ] GC(2652) User=0.00s Sys=0.00s Real=0.00s
[719.581s][info][gc,start       ] GC(2653) Pause Young (Allocation Failure)
[719.582s][info][gc,heap        ] GC(2653) PSYoungGen: 102496K(102912K)->512K(99328K) Eden: 101888K(101888K)->0K(98816K) From: 608K(1024K)->512K(512K)
[719.582s][info][gc,heap        ] GC(2653) ParOldGen: 434779K(435200K)->434899K(435200K)
[719.582s][info][gc,metaspace   ] GC(2653) Metaspace: 6132K(6208K)->6132K(6208K) NonClass: 5649K(5696K)->5649K(5696K) Class: 483K(512K)->483K(512K)
[719.582s][info][gc             ] GC(2653) Pause Young (Allocation Failure) 524M->425M(522M) 1.389ms
[719.582s][info][gc,cpu         ] GC(2653) User=0.01s Sys=0.00s Real=0.00s
[719.751s][info][gc,start       ] GC(2654) Pause Young (Allocation Failure)
[719.753s][info][gc,heap        ] GC(2654) PSYoungGen: 99328K(99328K)->690K(97280K) Eden: 98816K(98816K)->0K(96256K) From: 512K(512K)->690K(1024K)
[719.753s][info][gc,heap        ] GC(2654) ParOldGen: 434899K(435200K)->434899K(435200K)
[719.753s][info][gc,metaspace   ] GC(2654) Metaspace: 6132K(6208K)->6132K(6208K) NonClass: 5649K(5696K)->5649K(5696K) Class: 483K(512K)->483K(512K)
[719.753s][info][gc             ] GC(2654) Pause Young (Allocation Failure) 521M->425M(520M) 2.134ms
[719.753s][info][gc,cpu         ] GC(2654) User=0.01s Sys=0.00s Real=0.00s
[719.945s][info][gc,start       ] GC(2655) Pause Young (Allocation Failure)
[719.947s][info][gc,heap        ] GC(2655) PSYoungGen: 96946K(97280K)->736K(94720K) Eden: 96256K(96256K)->0K(93696K) From: 690K(1024K)->736K(1024K)
[719.947s][info][gc,heap        ] GC(2655) ParOldGen: 434899K(435200K)->434939K(435200K)
[719.947s][info][gc,metaspace   ] GC(2655) Metaspace: 6132K(6208K)->6132K(6208K) NonClass: 5649K(5696K)->5649K(5696K) Class: 483K(512K)->483K(512K)
[719.947s][info][gc             ] GC(2655) Pause Young (Allocation Failure) 519M->425M(517M) 1.971ms
[719.947s][info][gc,cpu         ] GC(2655) User=0.01s Sys=0.00s Real=0.00s
[720.124s][info][gc,start       ] GC(2656) Pause Young (Allocation Failure)
[720.126s][info][gc,heap        ] GC(2656) PSYoungGen: 94432K(94720K)->768K(92160K) Eden: 93696K(93696K)->0K(91136K) From: 736K(1024K)->768K(1024K)
[720.126s][info][gc,heap        ] GC(2656) ParOldGen: 434939K(435200K)->434939K(435200K)
[720.126s][info][gc,metaspace   ] GC(2656) Metaspace: 6132K(6208K)->6132K(6208K) NonClass: 5649K(5696K)->5649K(5696K) Class: 483K(512K)->483K(512K)
[720.126s][info][gc             ] GC(2656) Pause Young (Allocation Failure) 516M->425M(515M) 1.595ms
[720.126s][info][gc,cpu         ] GC(2656) User=0.00s Sys=0.00s Real=0.00s
[720.295s][info][gc,start       ] GC(2657) Pause Young (Allocation Failure)
[720.296s][info][gc,heap        ] GC(2657) PSYoungGen: 91904K(92160K)->512K(89088K) Eden: 91136K(91136K)->0K(88576K) From: 768K(1024K)->512K(512K)
[720.296s][info][gc,heap        ] GC(2657) ParOldGen: 434939K(435200K)->435099K(435200K)
[720.296s][info][gc,metaspace   ] GC(2657) Metaspace: 6132K(6208K)->6132K(6208K) NonClass: 5649K(5696K)->5649K(5696K) Class: 483K(512K)->483K(512K)
[720.296s][info][gc             ] GC(2657) Pause Young (Allocation Failure) 514M->425M(512M) 1.513ms
[720.296s][info][gc,cpu         ] GC(2657) User=0.00s Sys=0.00s Real=0.00s
[720.454s][info][gc,start       ] GC(2658) Pause Young (Allocation Failure)
[720.456s][info][gc,heap        ] GC(2658) PSYoungGen: 89088K(89088K)->704K(87552K) Eden: 88576K(88576K)->0K(86528K) From: 512K(512K)->704K(1024K)
[720.456s][info][gc,heap        ] GC(2658) ParOldGen: 435099K(435200K)->435099K(435200K)
[720.456s][info][gc,metaspace   ] GC(2658) Metaspace: 6132K(6208K)->6132K(6208K) NonClass: 5649K(5696K)->5649K(5696K) Class: 483K(512K)->483K(512K)
[720.456s][info][gc             ] GC(2658) Pause Young (Allocation Failure) 511M->425M(510M) 1.577ms
[720.456s][info][gc,cpu         ] GC(2658) User=0.00s Sys=0.00s Real=0.00s
[720.608s][info][gc,start       ] GC(2659) Pause Young (Allocation Failure)
[720.610s][info][gc,heap        ] GC(2659) PSYoungGen: 87232K(87552K)->704K(104960K) Eden: 86528K(86528K)->0K(103936K) From: 704K(1024K)->704K(1024K)
[720.610s][info][gc,heap        ] GC(2659) ParOldGen: 435099K(435200K)->435115K(435200K)
[720.610s][info][gc,metaspace   ] GC(2659) Metaspace: 6132K(6208K)->6132K(6208K) NonClass: 5649K(5696K)->5649K(5696K) Class: 483K(512K)->483K(512K)
[720.610s][info][gc             ] GC(2659) Pause Young (Allocation Failure) 510M->425M(527M) 2.844ms
[720.610s][info][gc,cpu         ] GC(2659) User=0.00s Sys=0.00s Real=0.00s
[720.788s][info][gc,start       ] GC(2660) Pause Young (Allocation Failure)
[720.789s][info][gc,heap        ] GC(2660) PSYoungGen: 104640K(104960K)->640K(101888K) Eden: 103936K(103936K)->0K(100864K) From: 704K(1024K)->640K(1024K)
[720.789s][info][gc,heap        ] GC(2660) ParOldGen: 435115K(435200K)->435115K(435200K)
[720.789s][info][gc,metaspace   ] GC(2660) Metaspace: 6132K(6208K)->6132K(6208K) NonClass: 5649K(5696K)->5649K(5696K) Class: 483K(512K)->483K(512K)
[720.789s][info][gc             ] GC(2660) Pause Young (Allocation Failure) 527M->425M(524M) 1.412ms
[720.789s][info][gc,cpu         ] GC(2660) User=0.01s Sys=0.00s Real=0.00s
[720.969s][info][gc,start       ] GC(2661) Pause Young (Allocation Failure)
[720.972s][info][gc,heap        ] GC(2661) PSYoungGen: 101504K(101888K)->498K(121856K) Eden: 100864K(100864K)->0K(121344K) From: 640K(1024K)->498K(512K)
[720.972s][info][gc,heap        ] GC(2661) ParOldGen: 435115K(435200K)->435307K(435712K)
[720.972s][info][gc,metaspace   ] GC(2661) Metaspace: 6132K(6208K)->6132K(6208K) NonClass: 5649K(5696K)->5649K(5696K) Class: 483K(512K)->483K(512K)
[720.972s][info][gc             ] GC(2661) Pause Young (Allocation Failure) 524M->425M(544M) 3.234ms
[720.972s][info][gc,cpu         ] GC(2661) User=0.00s Sys=0.00s Real=0.01s
[721.180s][info][gc,start       ] GC(2662) Pause Young (Allocation Failure)
[721.182s][info][gc,heap        ] GC(2662) PSYoungGen: 121842K(121856K)->640K(146944K) Eden: 121344K(121344K)->0K(145920K) From: 498K(512K)->640K(1024K)
[721.182s][info][gc,heap        ] GC(2662) ParOldGen: 435307K(435712K)->435307K(435712K)
[721.182s][info][gc,metaspace   ] GC(2662) Metaspace: 6132K(6208K)->6132K(6208K) NonClass: 5649K(5696K)->5649K(5696K) Class: 483K(512K)->483K(512K)
[721.182s][info][gc             ] GC(2662) Pause Young (Allocation Failure) 544M->425M(569M) 1.574ms
[721.182s][info][gc,cpu         ] GC(2662) User=0.00s Sys=0.00s Real=0.01s
[721.428s][info][gc,start       ] GC(2663) Pause Young (Allocation Failure)
[721.430s][info][gc,heap        ] GC(2663) PSYoungGen: 146560K(146944K)->736K(142336K) Eden: 145920K(145920K)->0K(141312K) From: 640K(1024K)->736K(1024K)
[721.430s][info][gc,heap        ] GC(2663) ParOldGen: 435307K(435712K)->435323K(435712K)
[721.430s][info][gc,metaspace   ] GC(2663) Metaspace: 6132K(6208K)->6132K(6208K) NonClass: 5649K(5696K)->5649K(5696K) Class: 483K(512K)->483K(512K)
[721.430s][info][gc             ] GC(2663) Pause Young (Allocation Failure) 568M->425M(564M) 1.567ms
[721.430s][info][gc,cpu         ] GC(2663) User=0.00s Sys=0.00s Real=0.00s
[721.658s][info][gc,start       ] GC(2664) Pause Young (Allocation Failure)
[721.659s][info][gc,heap        ] GC(2664) PSYoungGen: 142048K(142336K)->704K(137728K) Eden: 141312K(141312K)->0K(136704K) From: 736K(1024K)->704K(1024K)
[721.659s][info][gc,heap        ] GC(2664) ParOldGen: 435323K(435712K)->435323K(435712K)
[721.659s][info][gc,metaspace   ] GC(2664) Metaspace: 6132K(6208K)->6132K(6208K) NonClass: 5649K(5696K)->5649K(5696K) Class: 483K(512K)->483K(512K)
[721.659s][info][gc             ] GC(2664) Pause Young (Allocation Failure) 563M->425M(560M) 1.502ms
[721.659s][info][gc,cpu         ] GC(2664) User=0.00s Sys=0.00s Real=0.00s
[721.877s][info][gc,start       ] GC(2665) Pause Young (Allocation Failure)
[721.878s][info][gc,heap        ] GC(2665) PSYoungGen: 137408K(137728K)->512K(132608K) Eden: 136704K(136704K)->0K(132096K) From: 704K(1024K)->512K(512K)
[721.878s][info][gc,heap        ] GC(2665) ParOldGen: 435323K(435712K)->435563K(435712K)
[721.878s][info][gc,metaspace   ] GC(2665) Metaspace: 6132K(6208K)->6132K(6208K) NonClass: 5649K(5696K)->5649K(5696K) Class: 483K(512K)->483K(512K)
[721.878s][info][gc             ] GC(2665) Pause Young (Allocation Failure) 559M->425M(555M) 1.655ms
[721.878s][info][gc,cpu         ] GC(2665) User=0.01s Sys=0.00s Real=0.00s
[722.097s][info][gc,start       ] GC(2666) Pause Young (Allocation Failure)
[722.099s][info][gc,heap        ] GC(2666) PSYoungGen: 132608K(132608K)->768K(129024K) Eden: 132096K(132096K)->0K(128000K) From: 512K(512K)->768K(1024K)
[722.099s][info][gc,heap        ] GC(2666) ParOldGen: 435563K(435712K)->435563K(435712K)
[722.099s][info][gc,metaspace   ] GC(2666) Metaspace: 6132K(6208K)->6132K(6208K) NonClass: 5649K(5696K)->5649K(5696K) Class: 483K(512K)->483K(512K)
[722.099s][info][gc             ] GC(2666) Pause Young (Allocation Failure) 554M->426M(551M) 1.804ms
[722.099s][info][gc,cpu         ] GC(2666) User=0.00s Sys=0.00s Real=0.00s
[722.315s][info][gc,start       ] GC(2667) Pause Young (Allocation Failure)
[722.316s][info][gc,heap        ] GC(2667) PSYoungGen: 128768K(129024K)->704K(124928K) Eden: 128000K(128000K)->0K(123904K) From: 768K(1024K)->704K(1024K)
[722.316s][info][gc,heap        ] GC(2667) ParOldGen: 435563K(435712K)->435587K(435712K)
[722.316s][info][gc,metaspace   ] GC(2667) Metaspace: 6132K(6208K)->6132K(6208K) NonClass: 5649K(5696K)->5649K(5696K) Class: 483K(512K)->483K(512K)
[722.316s][info][gc             ] GC(2667) Pause Young (Allocation Failure) 551M->426M(547M) 1.551ms
[722.316s][info][gc,cpu         ] GC(2667) User=0.01s Sys=0.00s Real=0.00s
[722.511s][info][gc,start       ] GC(2668) Pause Young (Allocation Failure)
[722.512s][info][gc,heap        ] GC(2668) PSYoungGen: 124608K(124928K)->704K(121344K) Eden: 123904K(123904K)->0K(120320K) From: 704K(1024K)->704K(1024K)
[722.512s][info][gc,heap        ] GC(2668) ParOldGen: 435587K(435712K)->435587K(435712K)
[722.512s][info][gc,metaspace   ] GC(2668) Metaspace: 6132K(6208K)->6132K(6208K) NonClass: 5649K(5696K)->5649K(5696K) Class: 483K(512K)->483K(512K)
[722.512s][info][gc             ] GC(2668) Pause Young (Allocation Failure) 547M->426M(544M) 1.554ms
[722.512s][info][gc,cpu         ] GC(2668) User=0.01s Sys=0.00s Real=0.00s
[722.701s][info][gc,start       ] GC(2669) Pause Young (Allocation Failure)
[722.703s][info][gc,heap        ] GC(2669) PSYoungGen: 121024K(121344K)->512K(117248K) Eden: 120320K(120320K)->0K(116736K) From: 704K(1024K)->512K(512K)
[722.703s][info][gc,heap        ] GC(2669) ParOldGen: 435587K(435712K)->435715K(436224K)
[722.703s][info][gc,metaspace   ] GC(2669) Metaspace: 6132K(6208K)->6132K(6208K) NonClass: 5649K(5696K)->5649K(5696K) Class: 483K(512K)->483K(512K)
[722.703s][info][gc             ] GC(2669) Pause Young (Allocation Failure) 543M->426M(540M) 1.448ms
[722.703s][info][gc,cpu         ] GC(2669) User=0.00s Sys=0.00s Real=0.00s
[722.887s][info][gc,start       ] GC(2670) Pause Young (Allocation Failure)
[722.889s][info][gc,heap        ] GC(2670) PSYoungGen: 117248K(117248K)->736K(114176K) Eden: 116736K(116736K)->0K(113152K) From: 512K(512K)->736K(1024K)
[722.889s][info][gc,heap        ] GC(2670) ParOldGen: 435715K(436224K)->435715K(436224K)
[722.889s][info][gc,metaspace   ] GC(2670) Metaspace: 6132K(6208K)->6132K(6208K) NonClass: 5649K(5696K)->5649K(5696K) Class: 483K(512K)->483K(512K)
[722.889s][info][gc             ] GC(2670) Pause Young (Allocation Failure) 540M->426M(537M) 1.738ms
[722.889s][info][gc,cpu         ] GC(2670) User=0.00s Sys=0.00s Real=0.00s
[723.067s][info][gc,start       ] GC(2671) Pause Young (Allocation Failure)
[723.068s][info][gc,heap        ] GC(2671) PSYoungGen: 113888K(114176K)->736K(111104K) Eden: 113152K(113152K)->0K(110080K) From: 736K(1024K)->736K(1024K)
[723.068s][info][gc,heap        ] GC(2671) ParOldGen: 435715K(436224K)->435747K(436224K)
[723.068s][info][gc,metaspace   ] GC(2671) Metaspace: 6132K(6208K)->6132K(6208K) NonClass: 5649K(5696K)->5649K(5696K) Class: 483K(512K)->483K(512K)
[723.068s][info][gc             ] GC(2671) Pause Young (Allocation Failure) 536M->426M(534M) 1.521ms
[723.068s][info][gc,cpu         ] GC(2671) User=0.01s Sys=0.00s Real=0.00s
[723.238s][info][gc,start       ] GC(2672) Pause Young (Allocation Failure)
[723.239s][info][gc,heap        ] GC(2672) PSYoungGen: 110816K(111104K)->736K(108032K) Eden: 110080K(110080K)->0K(107008K) From: 736K(1024K)->736K(1024K)
[723.239s][info][gc,heap        ] GC(2672) ParOldGen: 435747K(436224K)->435747K(436224K)
[723.239s][info][gc,metaspace   ] GC(2672) Metaspace: 6132K(6208K)->6132K(6208K) NonClass: 5649K(5696K)->5649K(5696K) Class: 483K(512K)->483K(512K)
[723.239s][info][gc             ] GC(2672) Pause Young (Allocation Failure) 533M->426M(531M) 1.503ms
[723.239s][info][gc,cpu         ] GC(2672) User=0.00s Sys=0.00s Real=0.00s
[723.401s][info][gc,start       ] GC(2673) Pause Young (Allocation Failure)
[723.403s][info][gc,heap        ] GC(2673) PSYoungGen: 107744K(108032K)->512K(104448K) Eden: 107008K(107008K)->0K(103936K) From: 736K(1024K)->512K(512K)
[723.403s][info][gc,heap        ] GC(2673) ParOldGen: 435747K(436224K)->435899K(436224K)
[723.403s][info][gc,metaspace   ] GC(2673) Metaspace: 6132K(6208K)->6132K(6208K) NonClass: 5649K(5696K)->5649K(5696K) Class: 483K(512K)->483K(512K)
[723.403s][info][gc             ] GC(2673) Pause Young (Allocation Failure) 530M->426M(528M) 1.465ms
[723.403s][info][gc,cpu         ] GC(2673) User=0.00s Sys=0.00s Real=0.00s
[723.566s][info][gc,start       ] GC(2674) Pause Young (Allocation Failure)
[723.568s][info][gc,heap        ] GC(2674) PSYoungGen: 104448K(104448K)->805K(101888K) Eden: 103936K(103936K)->0K(100864K) From: 512K(512K)->805K(1024K)
[723.568s][info][gc,heap        ] GC(2674) ParOldGen: 435899K(436224K)->435899K(436224K)
[723.568s][info][gc,metaspace   ] GC(2674) Metaspace: 6132K(6208K)->6132K(6208K) NonClass: 5649K(5696K)->5649K(5696K) Class: 483K(512K)->483K(512K)
[723.568s][info][gc             ] GC(2674) Pause Young (Allocation Failure) 527M->426M(525M) 1.826ms
[723.568s][info][gc,cpu         ] GC(2674) User=0.00s Sys=0.00s Real=0.00s
[723.728s][info][gc,start       ] GC(2675) Pause Young (Allocation Failure)
[723.729s][info][gc,heap        ] GC(2675) PSYoungGen: 101669K(101888K)->736K(99328K) Eden: 100864K(100864K)->0K(98304K) From: 805K(1024K)->736K(1024K)
[723.729s][info][gc,heap        ] GC(2675) ParOldGen: 435899K(436224K)->435939K(436224K)
[723.729s][info][gc,metaspace   ] GC(2675) Metaspace: 6132K(6208K)->6132K(6208K) NonClass: 5649K(5696K)->5649K(5696K) Class: 483K(512K)->483K(512K)
[723.729s][info][gc             ] GC(2675) Pause Young (Allocation Failure) 524M->426M(523M) 1.558ms
[723.729s][info][gc,cpu         ] GC(2675) User=0.00s Sys=0.00s Real=0.00s
[723.886s][info][gc,start       ] GC(2676) Pause Young (Allocation Failure)
[723.888s][info][gc,heap        ] GC(2676) PSYoungGen: 99040K(99328K)->672K(96768K) Eden: 98304K(98304K)->0K(95744K) From: 736K(1024K)->672K(1024K)
[723.888s][info][gc,heap        ] GC(2676) ParOldGen: 435939K(436224K)->435947K(436224K)
[723.888s][info][gc,metaspace   ] GC(2676) Metaspace: 6132K(6208K)->6132K(6208K) NonClass: 5649K(5696K)->5649K(5696K) Class: 483K(512K)->483K(512K)
[723.888s][info][gc             ] GC(2676) Pause Young (Allocation Failure) 522M->426M(520M) 1.642ms
[723.888s][info][gc,cpu         ] GC(2676) User=0.01s Sys=0.00s Real=0.00s
[724.044s][info][gc,start       ] GC(2677) Pause Young (Allocation Failure)
[724.047s][info][gc,heap        ] GC(2677) PSYoungGen: 96416K(96768K)->498K(115712K) Eden: 95744K(95744K)->0K(115200K) From: 672K(1024K)->498K(512K)
[724.047s][info][gc,heap        ] GC(2677) ParOldGen: 435947K(436224K)->436123K(436224K)
[724.047s][info][gc,metaspace   ] GC(2677) Metaspace: 6132K(6208K)->6132K(6208K) NonClass: 5649K(5696K)->5649K(5696K) Class: 483K(512K)->483K(512K)
[724.047s][info][gc             ] GC(2677) Pause Young (Allocation Failure) 519M->426M(539M) 2.866ms
[724.047s][info][gc,cpu         ] GC(2677) User=0.00s Sys=0.00s Real=0.00s
[724.241s][info][gc,start       ] GC(2678) Pause Young (Allocation Failure)
[724.245s][info][gc,heap        ] GC(2678) PSYoungGen: 115698K(115712K)->800K(139264K) Eden: 115200K(115200K)->0K(138240K) From: 498K(512K)->800K(1024K)
[724.245s][info][gc,heap        ] GC(2678) ParOldGen: 436123K(436224K)->436123K(436224K)
[724.245s][info][gc,metaspace   ] GC(2678) Metaspace: 6132K(6208K)->6132K(6208K) NonClass: 5649K(5696K)->5649K(5696K) Class: 483K(512K)->483K(512K)
[724.245s][info][gc             ] GC(2678) Pause Young (Allocation Failure) 538M->426M(562M) 3.433ms
[724.245s][info][gc,cpu         ] GC(2678) User=0.00s Sys=0.00s Real=0.00s
[724.474s][info][gc,start       ] GC(2679) Pause Young (Allocation Failure)
[724.477s][info][gc,heap        ] GC(2679) PSYoungGen: 139040K(139264K)->672K(166912K) Eden: 138240K(138240K)->0K(165888K) From: 800K(1024K)->672K(1024K)
[724.477s][info][gc,heap        ] GC(2679) ParOldGen: 436123K(436224K)->436203K(436224K)
[724.477s][info][gc,metaspace   ] GC(2679) Metaspace: 6132K(6208K)->6132K(6208K) NonClass: 5649K(5696K)->5649K(5696K) Class: 483K(512K)->483K(512K)
[724.477s][info][gc             ] GC(2679) Pause Young (Allocation Failure) 561M->426M(589M) 2.910ms
[724.477s][info][gc,cpu         ] GC(2679) User=0.00s Sys=0.00s Real=0.00s
[724.749s][info][gc,start       ] GC(2680) Pause Young (Allocation Failure)
[724.750s][info][gc,heap        ] GC(2680) PSYoungGen: 166560K(166912K)->768K(199680K) Eden: 165888K(165888K)->0K(198656K) From: 672K(1024K)->768K(1024K)
[724.750s][info][gc,heap        ] GC(2680) ParOldGen: 436203K(436224K)->436203K(436224K)
[724.750s][info][gc,metaspace   ] GC(2680) Metaspace: 6132K(6208K)->6132K(6208K) NonClass: 5649K(5696K)->5649K(5696K) Class: 483K(512K)->483K(512K)
[724.750s][info][gc             ] GC(2680) Pause Young (Allocation Failure) 588M->426M(621M) 1.618ms
[724.750s][info][gc,cpu         ] GC(2680) User=0.00s Sys=0.00s Real=0.00s
[725.083s][info][gc,start       ] GC(2681) Pause Young (Allocation Failure)
[725.086s][info][gc,heap        ] GC(2681) PSYoungGen: 199424K(199680K)->498K(238592K) Eden: 198656K(198656K)->0K(238080K) From: 768K(1024K)->498K(512K)
[725.086s][info][gc,heap        ] GC(2681) ParOldGen: 436203K(436224K)->436475K(436736K)
[725.086s][info][gc,metaspace   ] GC(2681) Metaspace: 6132K(6208K)->6132K(6208K) NonClass: 5649K(5696K)->5649K(5696K) Class: 483K(512K)->483K(512K)
[725.086s][info][gc             ] GC(2681) Pause Young (Allocation Failure) 620M->426M(659M) 3.230ms
[725.086s][info][gc,cpu         ] GC(2681) User=0.00s Sys=0.00s Real=0.00s
[725.465s][info][gc,start       ] GC(2682) Pause Young (Allocation Failure)
[725.467s][info][gc,heap        ] GC(2682) PSYoungGen: 238578K(238592K)->736K(229888K) Eden: 238080K(238080K)->0K(228864K) From: 498K(512K)->736K(1024K)
[725.467s][info][gc,heap        ] GC(2682) ParOldGen: 436475K(436736K)->436475K(436736K)
[725.467s][info][gc,metaspace   ] GC(2682) Metaspace: 6132K(6208K)->6132K(6208K) NonClass: 5649K(5696K)->5649K(5696K) Class: 483K(512K)->483K(512K)
[725.467s][info][gc             ] GC(2682) Pause Young (Allocation Failure) 659M->426M(651M) 1.698ms
[725.467s][info][gc,cpu         ] GC(2682) User=0.00s Sys=0.00s Real=0.00s
[725.844s][info][gc,start       ] GC(2683) Pause Young (Allocation Failure)
[725.846s][info][gc,heap        ] GC(2683) PSYoungGen: 229600K(229888K)->736K(221184K) Eden: 228864K(228864K)->0K(220160K) From: 736K(1024K)->736K(1024K)
[725.846s][info][gc,heap        ] GC(2683) ParOldGen: 436475K(436736K)->436483K(436736K)
[725.846s][info][gc,metaspace   ] GC(2683) Metaspace: 6132K(6208K)->6132K(6208K) NonClass: 5649K(5696K)->5649K(5696K) Class: 483K(512K)->483K(512K)
[725.846s][info][gc             ] GC(2683) Pause Young (Allocation Failure) 650M->426M(642M) 1.503ms
[725.846s][info][gc,cpu         ] GC(2683) User=0.00s Sys=0.00s Real=0.00s
[726.207s][info][gc,start       ] GC(2684) Pause Young (Allocation Failure)
[726.208s][info][gc,heap        ] GC(2684) PSYoungGen: 220896K(221184K)->736K(212992K) Eden: 220160K(220160K)->0K(211968K) From: 736K(1024K)->736K(1024K)
[726.208s][info][gc,heap        ] GC(2684) ParOldGen: 436483K(436736K)->436483K(436736K)
[726.208s][info][gc,metaspace   ] GC(2684) Metaspace: 6132K(6208K)->6132K(6208K) NonClass: 5649K(5696K)->5649K(5696K) Class: 483K(512K)->483K(512K)
[726.208s][info][gc             ] GC(2684) Pause Young (Allocation Failure) 641M->426M(634M) 1.584ms
[726.208s][info][gc,cpu         ] GC(2684) User=0.01s Sys=0.00s Real=0.00s
[726.545s][info][gc,start       ] GC(2685) Pause Young (Allocation Failure)
[726.546s][info][gc,heap        ] GC(2685) PSYoungGen: 212704K(212992K)->512K(204800K) Eden: 211968K(211968K)->0K(204288K) From: 736K(1024K)->512K(512K)
[726.546s][info][gc,heap        ] GC(2685) ParOldGen: 436483K(436736K)->436627K(436736K)
[726.546s][info][gc,metaspace   ] GC(2685) Metaspace: 6132K(6208K)->6132K(6208K) NonClass: 5649K(5696K)->5649K(5696K) Class: 483K(512K)->483K(512K)
[726.546s][info][gc             ] GC(2685) Pause Young (Allocation Failure) 633M->426M(626M) 1.458ms
[726.546s][info][gc,cpu         ] GC(2685) User=0.01s Sys=0.00s Real=0.00s
[726.869s][info][gc,start       ] GC(2686) Pause Young (Allocation Failure)
[726.871s][info][gc,heap        ] GC(2686) PSYoungGen: 204800K(204800K)->786K(197632K) Eden: 204288K(204288K)->0K(196608K) From: 512K(512K)->786K(1024K)
[726.871s][info][gc,heap        ] GC(2686) ParOldGen: 436627K(436736K)->436627K(436736K)
[726.871s][info][gc,metaspace   ] GC(2686) Metaspace: 6132K(6208K)->6132K(6208K) NonClass: 5649K(5696K)->5649K(5696K) Class: 483K(512K)->483K(512K)
[726.871s][info][gc             ] GC(2686) Pause Young (Allocation Failure) 626M->427M(619M) 1.826ms
[726.871s][info][gc,cpu         ] GC(2686) User=0.00s Sys=0.01s Real=0.01s
[727.185s][info][gc,start       ] GC(2687) Pause Young (Allocation Failure)
[727.187s][info][gc,heap        ] GC(2687) PSYoungGen: 197394K(197632K)->640K(190464K) Eden: 196608K(196608K)->0K(189440K) From: 786K(1024K)->640K(1024K)
[727.187s][info][gc,heap        ] GC(2687) ParOldGen: 436627K(436736K)->436659K(436736K)
[727.187s][info][gc,metaspace   ] GC(2687) Metaspace: 6132K(6208K)->6132K(6208K) NonClass: 5649K(5696K)->5649K(5696K) Class: 483K(512K)->483K(512K)
[727.187s][info][gc             ] GC(2687) Pause Young (Allocation Failure) 619M->427M(612M) 1.672ms
[727.187s][info][gc,cpu         ] GC(2687) User=0.00s Sys=0.00s Real=0.00s
[727.486s][info][gc,start       ] GC(2688) Pause Young (Allocation Failure)
[727.488s][info][gc,heap        ] GC(2688) PSYoungGen: 190080K(190464K)->626K(183808K) Eden: 189440K(189440K)->0K(182784K) From: 640K(1024K)->626K(1024K)
[727.488s][info][gc,heap        ] GC(2688) ParOldGen: 436659K(436736K)->436659K(436736K)
[727.488s][info][gc,metaspace   ] GC(2688) Metaspace: 6132K(6208K)->6132K(6208K) NonClass: 5649K(5696K)->5649K(5696K) Class: 483K(512K)->483K(512K)
[727.488s][info][gc             ] GC(2688) Pause Young (Allocation Failure) 612M->427M(606M) 2.349ms
[727.488s][info][gc,cpu         ] GC(2688) User=0.01s Sys=0.00s Real=0.00s
[727.786s][info][gc,start       ] GC(2689) Pause Young (Allocation Failure)
[727.790s][info][gc,heap        ] GC(2689) PSYoungGen: 183410K(183808K)->498K(176640K) Eden: 182784K(182784K)->0K(176128K) From: 626K(1024K)->498K(512K)
[727.790s][info][gc,heap        ] GC(2689) ParOldGen: 436659K(436736K)->436851K(437248K)
[727.790s][info][gc,metaspace   ] GC(2689) Metaspace: 6132K(6208K)->6132K(6208K) NonClass: 5649K(5696K)->5649K(5696K) Class: 483K(512K)->483K(512K)
[727.790s][info][gc             ] GC(2689) Pause Young (Allocation Failure) 605M->427M(599M) 3.287ms
[727.790s][info][gc,cpu         ] GC(2689) User=0.00s Sys=0.00s Real=0.00s
[728.082s][info][gc,start       ] GC(2690) Pause Young (Allocation Failure)
[728.084s][info][gc,heap        ] GC(2690) PSYoungGen: 176626K(176640K)->736K(171008K) Eden: 176128K(176128K)->0K(169984K) From: 498K(512K)->736K(1024K)
[728.084s][info][gc,heap        ] GC(2690) ParOldGen: 436851K(437248K)->436851K(437248K)
[728.084s][info][gc,metaspace   ] GC(2690) Metaspace: 6132K(6208K)->6132K(6208K) NonClass: 5649K(5696K)->5649K(5696K) Class: 483K(512K)->483K(512K)
[728.084s][info][gc             ] GC(2690) Pause Young (Allocation Failure) 599M->427M(594M) 1.739ms
[728.084s][info][gc,cpu         ] GC(2690) User=0.00s Sys=0.00s Real=0.00s
[728.373s][info][gc,start       ] GC(2691) Pause Young (Allocation Failure)
[728.374s][info][gc,heap        ] GC(2691) PSYoungGen: 170720K(171008K)->736K(165376K) Eden: 169984K(169984K)->0K(164352K) From: 736K(1024K)->736K(1024K)
[728.374s][info][gc,heap        ] GC(2691) ParOldGen: 436851K(437248K)->436875K(437248K)
[728.374s][info][gc,metaspace   ] GC(2691) Metaspace: 6132K(6208K)->6132K(6208K) NonClass: 5649K(5696K)->5649K(5696K) Class: 483K(512K)->483K(512K)
[728.374s][info][gc             ] GC(2691) Pause Young (Allocation Failure) 593M->427M(588M) 1.509ms
[728.374s][info][gc,cpu         ] GC(2691) User=0.00s Sys=0.00s Real=0.00s
[728.643s][info][gc,start       ] GC(2692) Pause Young (Allocation Failure)
[728.645s][info][gc,heap        ] GC(2692) PSYoungGen: 165088K(165376K)->736K(159744K) Eden: 164352K(164352K)->0K(158720K) From: 736K(1024K)->736K(1024K)
[728.645s][info][gc,heap        ] GC(2692) ParOldGen: 436875K(437248K)->436875K(437248K)
[728.645s][info][gc,metaspace   ] GC(2692) Metaspace: 6132K(6208K)->6132K(6208K) NonClass: 5649K(5696K)->5649K(5696K) Class: 483K(512K)->483K(512K)
[728.645s][info][gc             ] GC(2692) Pause Young (Allocation Failure) 587M->427M(583M) 1.625ms
[728.645s][info][gc,cpu         ] GC(2692) User=0.01s Sys=0.00s Real=0.00s
[728.900s][info][gc,start       ] GC(2693) Pause Young (Allocation Failure)
[728.901s][info][gc,heap        ] GC(2693) PSYoungGen: 159456K(159744K)->512K(154112K) Eden: 158720K(158720K)->0K(153600K) From: 736K(1024K)->512K(512K)
[728.901s][info][gc,heap        ] GC(2693) ParOldGen: 436875K(437248K)->436987K(437248K)
[728.901s][info][gc,metaspace   ] GC(2693) Metaspace: 6132K(6208K)->6132K(6208K) NonClass: 5649K(5696K)->5649K(5696K) Class: 483K(512K)->483K(512K)
[728.901s][info][gc             ] GC(2693) Pause Young (Allocation Failure) 582M->427M(577M) 1.381ms
[728.901s][info][gc,cpu         ] GC(2693) User=0.01s Sys=0.00s Real=0.01s
[729.153s][info][gc,start       ] GC(2694) Pause Young (Allocation Failure)
[729.155s][info][gc,heap        ] GC(2694) PSYoungGen: 154112K(154112K)->704K(149504K) Eden: 153600K(153600K)->0K(148480K) From: 512K(512K)->704K(1024K)
[729.155s][info][gc,heap        ] GC(2694) ParOldGen: 436987K(437248K)->436987K(437248K)
[729.155s][info][gc,metaspace   ] GC(2694) Metaspace: 6132K(6208K)->6132K(6208K) NonClass: 5649K(5696K)->5649K(5696K) Class: 483K(512K)->483K(512K)
[729.155s][info][gc             ] GC(2694) Pause Young (Allocation Failure) 577M->427M(573M) 1.815ms
[729.155s][info][gc,cpu         ] GC(2694) User=0.00s Sys=0.00s Real=0.00s
[729.398s][info][gc,start       ] GC(2695) Pause Young (Allocation Failure)
[729.399s][info][gc,heap        ] GC(2695) PSYoungGen: 149184K(149504K)->640K(144384K) Eden: 148480K(148480K)->0K(143360K) From: 704K(1024K)->640K(1024K)
[729.399s][info][gc,heap        ] GC(2695) ParOldGen: 436987K(437248K)->437019K(437248K)
[729.399s][info][gc,metaspace   ] GC(2695) Metaspace: 6132K(6208K)->6132K(6208K) NonClass: 5649K(5696K)->5649K(5696K) Class: 483K(512K)->483K(512K)
[729.399s][info][gc             ] GC(2695) Pause Young (Allocation Failure) 572M->427M(568M) 1.398ms
[729.399s][info][gc,cpu         ] GC(2695) User=0.01s Sys=0.00s Real=0.00s
[729.628s][info][gc,start       ] GC(2696) Pause Young (Allocation Failure)
[729.630s][info][gc,heap        ] GC(2696) PSYoungGen: 144000K(144384K)->704K(139776K) Eden: 143360K(143360K)->0K(138752K) From: 640K(1024K)->704K(1024K)
[729.630s][info][gc,heap        ] GC(2696) ParOldGen: 437019K(437248K)->437019K(437248K)
[729.630s][info][gc,metaspace   ] GC(2696) Metaspace: 6132K(6208K)->6132K(6208K) NonClass: 5649K(5696K)->5649K(5696K) Class: 483K(512K)->483K(512K)
[729.630s][info][gc             ] GC(2696) Pause Young (Allocation Failure) 567M->427M(563M) 1.487ms
[729.630s][info][gc,cpu         ] GC(2696) User=0.00s Sys=0.00s Real=0.00s
[729.849s][info][gc,start       ] GC(2697) Pause Young (Allocation Failure)
[729.851s][info][gc,heap        ] GC(2697) PSYoungGen: 139456K(139776K)->512K(134656K) Eden: 138752K(138752K)->0K(134144K) From: 704K(1024K)->512K(512K)
[729.851s][info][gc,heap        ] GC(2697) ParOldGen: 437019K(437248K)->437171K(437248K)
[729.851s][info][gc,metaspace   ] GC(2697) Metaspace: 6132K(6208K)->6132K(6208K) NonClass: 5649K(5696K)->5649K(5696K) Class: 483K(512K)->483K(512K)
[729.851s][info][gc             ] GC(2697) Pause Young (Allocation Failure) 562M->427M(558M) 1.866ms
[729.851s][info][gc,cpu         ] GC(2697) User=0.00s Sys=0.00s Real=0.01s
[730.064s][info][gc,start       ] GC(2698) Pause Young (Allocation Failure)
[730.066s][info][gc,heap        ] GC(2698) PSYoungGen: 134656K(134656K)->736K(131072K) Eden: 134144K(134144K)->0K(130048K) From: 512K(512K)->736K(1024K)
[730.066s][info][gc,heap        ] GC(2698) ParOldGen: 437171K(437248K)->437171K(437248K)
[730.066s][info][gc,metaspace   ] GC(2698) Metaspace: 6132K(6208K)->6132K(6208K) NonClass: 5649K(5696K)->5649K(5696K) Class: 483K(512K)->483K(512K)
[730.066s][info][gc             ] GC(2698) Pause Young (Allocation Failure) 558M->427M(555M) 1.714ms
[730.066s][info][gc,cpu         ] GC(2698) User=0.01s Sys=0.00s Real=0.00s
[730.273s][info][gc,start       ] GC(2699) Pause Young (Allocation Failure)
[730.274s][info][gc,heap        ] GC(2699) PSYoungGen: 130784K(131072K)->608K(126976K) Eden: 130048K(130048K)->0K(125952K) From: 736K(1024K)->608K(1024K)
[730.274s][info][gc,heap        ] GC(2699) ParOldGen: 437171K(437248K)->437187K(437248K)
[730.274s][info][gc,metaspace   ] GC(2699) Metaspace: 6132K(6208K)->6132K(6208K) NonClass: 5649K(5696K)->5649K(5696K) Class: 483K(512K)->483K(512K)
[730.274s][info][gc             ] GC(2699) Pause Young (Allocation Failure) 554M->427M(551M) 1.331ms
[730.274s][info][gc,cpu         ] GC(2699) User=0.00s Sys=0.00s Real=0.00s
[730.479s][info][gc,start       ] GC(2700) Pause Young (Allocation Failure)
[730.480s][info][gc,heap        ] GC(2700) PSYoungGen: 126560K(126976K)->704K(122880K) Eden: 125952K(125952K)->0K(121856K) From: 608K(1024K)->704K(1024K)
[730.480s][info][gc,heap        ] GC(2700) ParOldGen: 437187K(437248K)->437187K(437248K)
[730.480s][info][gc,metaspace   ] GC(2700) Metaspace: 6132K(6208K)->6132K(6208K) NonClass: 5649K(5696K)->5649K(5696K) Class: 483K(512K)->483K(512K)
[730.480s][info][gc             ] GC(2700) Pause Young (Allocation Failure) 550M->427M(547M) 1.525ms
[730.480s][info][gc,cpu         ] GC(2700) User=0.00s Sys=0.00s Real=0.00s
[730.679s][info][gc,start       ] GC(2701) Pause Young (Allocation Failure)
[730.681s][info][gc,heap        ] GC(2701) PSYoungGen: 122560K(122880K)->512K(118784K) Eden: 121856K(121856K)->0K(118272K) From: 704K(1024K)->512K(512K)
[730.681s][info][gc,heap        ] GC(2701) ParOldGen: 437187K(437248K)->437395K(437760K)
[730.681s][info][gc,metaspace   ] GC(2701) Metaspace: 6132K(6208K)->6132K(6208K) NonClass: 5649K(5696K)->5649K(5696K) Class: 483K(512K)->483K(512K)
[730.681s][info][gc             ] GC(2701) Pause Young (Allocation Failure) 546M->427M(543M) 1.649ms
[730.681s][info][gc,cpu         ] GC(2701) User=0.01s Sys=0.01s Real=0.01s
[730.871s][info][gc,start       ] GC(2702) Pause Young (Allocation Failure)
[730.873s][info][gc,heap        ] GC(2702) PSYoungGen: 118784K(118784K)->741K(115712K) Eden: 118272K(118272K)->0K(114688K) From: 512K(512K)->741K(1024K)
[730.873s][info][gc,heap        ] GC(2702) ParOldGen: 437395K(437760K)->437395K(437760K)
[730.873s][info][gc,metaspace   ] GC(2702) Metaspace: 6132K(6208K)->6132K(6208K) NonClass: 5649K(5696K)->5649K(5696K) Class: 483K(512K)->483K(512K)
[730.873s][info][gc             ] GC(2702) Pause Young (Allocation Failure) 543M->427M(540M) 2.550ms
[730.873s][info][gc,cpu         ] GC(2702) User=0.00s Sys=0.00s Real=0.00s
[731.059s][info][gc,start       ] GC(2703) Pause Young (Allocation Failure)
[731.061s][info][gc,heap        ] GC(2703) PSYoungGen: 115429K(115712K)->640K(112128K) Eden: 114688K(114688K)->0K(111104K) From: 741K(1024K)->640K(1024K)
[731.061s][info][gc,heap        ] GC(2703) ParOldGen: 437395K(437760K)->437427K(437760K)
[731.061s][info][gc,metaspace   ] GC(2703) Metaspace: 6132K(6208K)->6132K(6208K) NonClass: 5649K(5696K)->5649K(5696K) Class: 483K(512K)->483K(512K)
[731.061s][info][gc             ] GC(2703) Pause Young (Allocation Failure) 539M->427M(537M) 1.351ms
[731.061s][info][gc,cpu         ] GC(2703) User=0.00s Sys=0.00s Real=0.01s
[731.242s][info][gc,start       ] GC(2704) Pause Young (Allocation Failure)
[731.244s][info][gc,heap        ] GC(2704) PSYoungGen: 111744K(112128K)->736K(109056K) Eden: 111104K(111104K)->0K(108032K) From: 640K(1024K)->736K(1024K)
[731.244s][info][gc,heap        ] GC(2704) ParOldGen: 437427K(437760K)->437427K(437760K)
[731.244s][info][gc,metaspace   ] GC(2704) Metaspace: 6132K(6208K)->6132K(6208K) NonClass: 5649K(5696K)->5649K(5696K) Class: 483K(512K)->483K(512K)
[731.244s][info][gc             ] GC(2704) Pause Young (Allocation Failure) 536M->427M(534M) 1.582ms
[731.244s][info][gc,cpu         ] GC(2704) User=0.00s Sys=0.00s Real=0.00s
[731.420s][info][gc,start       ] GC(2705) Pause Young (Allocation Failure)
[731.422s][info][gc,heap        ] GC(2705) PSYoungGen: 108768K(109056K)->512K(105472K) Eden: 108032K(108032K)->0K(104960K) From: 736K(1024K)->512K(512K)
[731.422s][info][gc,heap        ] GC(2705) ParOldGen: 437427K(437760K)->437683K(437760K)
[731.422s][info][gc,metaspace   ] GC(2705) Metaspace: 6132K(6208K)->6132K(6208K) NonClass: 5649K(5696K)->5649K(5696K) Class: 483K(512K)->483K(512K)
[731.422s][info][gc             ] GC(2705) Pause Young (Allocation Failure) 533M->427M(530M) 1.699ms
[731.422s][info][gc,cpu         ] GC(2705) User=0.01s Sys=0.00s Real=0.01s
[731.594s][info][gc,start       ] GC(2706) Pause Young (Allocation Failure)
[731.596s][info][gc,heap        ] GC(2706) PSYoungGen: 105472K(105472K)->800K(102912K) Eden: 104960K(104960K)->0K(101888K) From: 512K(512K)->800K(1024K)
[731.596s][info][gc,heap        ] GC(2706) ParOldGen: 437683K(437760K)->437683K(437760K)
[731.596s][info][gc,metaspace   ] GC(2706) Metaspace: 6132K(6208K)->6132K(6208K) NonClass: 5649K(5696K)->5649K(5696K) Class: 483K(512K)->483K(512K)
[731.596s][info][gc             ] GC(2706) Pause Young (Allocation Failure) 530M->428M(528M) 1.869ms
[731.596s][info][gc,cpu         ] GC(2706) User=0.00s Sys=0.00s Real=0.00s
[731.757s][info][gc,start       ] GC(2707) Pause Young (Allocation Failure)
[731.758s][info][gc,heap        ] GC(2707) PSYoungGen: 102688K(102912K)->736K(99840K) Eden: 101888K(101888K)->0K(98816K) From: 800K(1024K)->736K(1024K)
[731.758s][info][gc,heap        ] GC(2707) ParOldGen: 437683K(437760K)->437707K(437760K)
[731.758s][info][gc,metaspace   ] GC(2707) Metaspace: 6132K(6208K)->6132K(6208K) NonClass: 5649K(5696K)->5649K(5696K) Class: 483K(512K)->483K(512K)
[731.758s][info][gc             ] GC(2707) Pause Young (Allocation Failure) 527M->428M(525M) 1.481ms
[731.758s][info][gc,cpu         ] GC(2707) User=0.00s Sys=0.00s Real=0.00s
[731.917s][info][gc,start       ] GC(2708) Pause Young (Allocation Failure)
[731.919s][info][gc,heap        ] GC(2708) PSYoungGen: 99552K(99840K)->736K(97280K) Eden: 98816K(98816K)->0K(96256K) From: 736K(1024K)->736K(1024K)
[731.919s][info][gc,heap        ] GC(2708) ParOldGen: 437707K(437760K)->437707K(437760K)
[731.919s][info][gc,metaspace   ] GC(2708) Metaspace: 6132K(6208K)->6132K(6208K) NonClass: 5649K(5696K)->5649K(5696K) Class: 483K(512K)->483K(512K)
[731.919s][info][gc             ] GC(2708) Pause Young (Allocation Failure) 524M->428M(522M) 1.673ms
[731.919s][info][gc,cpu         ] GC(2708) User=0.00s Sys=0.00s Real=0.00s
[732.071s][info][gc,start       ] GC(2709) Pause Young (Allocation Failure)
[732.073s][info][gc,heap        ] GC(2709) PSYoungGen: 96992K(97280K)->512K(94208K) Eden: 96256K(96256K)->0K(93696K) From: 736K(1024K)->512K(512K)
[732.073s][info][gc,heap        ] GC(2709) ParOldGen: 437707K(437760K)->437867K(438272K)
[732.073s][info][gc,metaspace   ] GC(2709) Metaspace: 6132K(6208K)->6132K(6208K) NonClass: 5649K(5696K)->5649K(5696K) Class: 483K(512K)->483K(512K)
[732.073s][info][gc             ] GC(2709) Pause Young (Allocation Failure) 522M->428M(520M) 1.556ms
[732.073s][info][gc,cpu         ] GC(2709) User=0.00s Sys=0.00s Real=0.00s
[732.221s][info][gc,start       ] GC(2710) Pause Young (Allocation Failure)
[732.223s][info][gc,heap        ] GC(2710) PSYoungGen: 94208K(94208K)->736K(92160K) Eden: 93696K(93696K)->0K(91136K) From: 512K(512K)->736K(1024K)
[732.223s][info][gc,heap        ] GC(2710) ParOldGen: 437867K(438272K)->437867K(438272K)
[732.223s][info][gc,metaspace   ] GC(2710) Metaspace: 6132K(6208K)->6132K(6208K) NonClass: 5649K(5696K)->5649K(5696K) Class: 483K(512K)->483K(512K)
[732.223s][info][gc             ] GC(2710) Pause Young (Allocation Failure) 519M->428M(518M) 1.749ms
[732.223s][info][gc,cpu         ] GC(2710) User=0.01s Sys=0.00s Real=0.00s
[732.363s][info][gc,start       ] GC(2711) Pause Young (Allocation Failure)
[732.364s][info][gc,heap        ] GC(2711) PSYoungGen: 91872K(92160K)->640K(89600K) Eden: 91136K(91136K)->0K(88576K) From: 736K(1024K)->640K(1024K)
[732.364s][info][gc,heap        ] GC(2711) ParOldGen: 437867K(438272K)->437891K(438272K)
[732.364s][info][gc,metaspace   ] GC(2711) Metaspace: 6132K(6208K)->6132K(6208K) NonClass: 5649K(5696K)->5649K(5696K) Class: 483K(512K)->483K(512K)
[732.364s][info][gc             ] GC(2711) Pause Young (Allocation Failure) 517M->428M(515M) 1.378ms
[732.364s][info][gc,cpu         ] GC(2711) User=0.00s Sys=0.00s Real=0.00s
[732.506s][info][gc,start       ] GC(2712) Pause Young (Allocation Failure)
[732.507s][info][gc,heap        ] GC(2712) PSYoungGen: 89216K(89600K)->704K(87552K) Eden: 88576K(88576K)->0K(86528K) From: 640K(1024K)->704K(1024K)
[732.507s][info][gc,heap        ] GC(2712) ParOldGen: 437891K(438272K)->437891K(438272K)
[732.507s][info][gc,metaspace   ] GC(2712) Metaspace: 6132K(6208K)->6132K(6208K) NonClass: 5649K(5696K)->5649K(5696K) Class: 483K(512K)->483K(512K)
[732.507s][info][gc             ] GC(2712) Pause Young (Allocation Failure) 514M->428M(513M) 1.567ms
[732.507s][info][gc,cpu         ] GC(2712) User=0.00s Sys=0.00s Real=0.00s
[732.648s][info][gc,start       ] GC(2713) Pause Young (Allocation Failure)
[732.650s][info][gc,heap        ] GC(2713) PSYoungGen: 87232K(87552K)->512K(266240K) Eden: 86528K(86528K)->0K(265728K) From: 704K(1024K)->512K(512K)
[732.650s][info][gc,heap        ] GC(2713) ParOldGen: 437891K(438272K)->438099K(438272K)
[732.650s][info][gc,metaspace   ] GC(2713) Metaspace: 6132K(6208K)->6132K(6208K) NonClass: 5649K(5696K)->5649K(5696K) Class: 483K(512K)->483K(512K)
[732.650s][info][gc             ] GC(2713) Pause Young (Allocation Failure) 512M->428M(688M) 1.653ms
[732.650s][info][gc,cpu         ] GC(2713) User=0.00s Sys=0.00s Real=0.00s
[733.085s][info][gc,start       ] GC(2714) Pause Young (Allocation Failure)
[733.088s][info][gc,heap        ] GC(2714) PSYoungGen: 266240K(266240K)->672K(256512K) Eden: 265728K(265728K)->0K(255488K) From: 512K(512K)->672K(1024K)
[733.088s][info][gc,heap        ] GC(2714) ParOldGen: 438099K(438272K)->438099K(438272K)
[733.088s][info][gc,metaspace   ] GC(2714) Metaspace: 6132K(6208K)->6132K(6208K) NonClass: 5649K(5696K)->5649K(5696K) Class: 483K(512K)->483K(512K)
[733.088s][info][gc             ] GC(2714) Pause Young (Allocation Failure) 687M->428M(678M) 2.959ms
[733.088s][info][gc,cpu         ] GC(2714) User=0.00s Sys=0.00s Real=0.00s
[733.504s][info][gc,start       ] GC(2715) Pause Young (Allocation Failure)
[733.506s][info][gc,heap        ] GC(2715) PSYoungGen: 256160K(256512K)->736K(246784K) Eden: 255488K(255488K)->0K(245760K) From: 672K(1024K)->736K(1024K)
[733.506s][info][gc,heap        ] GC(2715) ParOldGen: 438099K(438272K)->438123K(438272K)
[733.506s][info][gc,metaspace   ] GC(2715) Metaspace: 6132K(6208K)->6132K(6208K) NonClass: 5649K(5696K)->5649K(5696K) Class: 483K(512K)->483K(512K)
[733.506s][info][gc             ] GC(2715) Pause Young (Allocation Failure) 677M->428M(669M) 1.945ms
[733.506s][info][gc,cpu         ] GC(2715) User=0.00s Sys=0.00s Real=0.00s
[733.907s][info][gc,start       ] GC(2716) Pause Young (Allocation Failure)
[733.910s][info][gc,heap        ] GC(2716) PSYoungGen: 246496K(246784K)->722K(237568K) Eden: 245760K(245760K)->0K(236544K) From: 736K(1024K)->722K(1024K)
[733.910s][info][gc,heap        ] GC(2716) ParOldGen: 438123K(438272K)->438123K(438272K)
[733.910s][info][gc,metaspace   ] GC(2716) Metaspace: 6132K(6208K)->6132K(6208K) NonClass: 5649K(5696K)->5649K(5696K) Class: 483K(512K)->483K(512K)
[733.910s][info][gc             ] GC(2716) Pause Young (Allocation Failure) 668M->428M(660M) 2.760ms
[733.910s][info][gc,cpu         ] GC(2716) User=0.00s Sys=0.00s Real=0.00s
[734.297s][info][gc,start       ] GC(2717) Pause Young (Allocation Failure)
[734.299s][info][gc,heap        ] GC(2717) PSYoungGen: 237266K(237568K)->498K(227840K) Eden: 236544K(236544K)->0K(227328K) From: 722K(1024K)->498K(512K)
[734.299s][info][gc,heap        ] GC(2717) ParOldGen: 438123K(438272K)->438403K(438784K)
[734.299s][info][gc,metaspace   ] GC(2717) Metaspace: 6132K(6208K)->6132K(6208K) NonClass: 5649K(5696K)->5649K(5696K) Class: 483K(512K)->483K(512K)
[734.299s][info][gc             ] GC(2717) Pause Young (Allocation Failure) 659M->428M(651M) 2.665ms
[734.299s][info][gc,cpu         ] GC(2717) User=0.00s Sys=0.00s Real=0.00s
[734.670s][info][gc,start       ] GC(2718) Pause Young (Allocation Failure)
[734.672s][info][gc,heap        ] GC(2718) PSYoungGen: 227826K(227840K)->800K(219648K) Eden: 227328K(227328K)->0K(218624K) From: 498K(512K)->800K(1024K)
[734.672s][info][gc,heap        ] GC(2718) ParOldGen: 438403K(438784K)->438403K(438784K)
[734.672s][info][gc,metaspace   ] GC(2718) Metaspace: 6132K(6208K)->6132K(6208K) NonClass: 5649K(5696K)->5649K(5696K) Class: 483K(512K)->483K(512K)
[734.672s][info][gc             ] GC(2718) Pause Young (Allocation Failure) 650M->428M(643M) 1.795ms
[734.672s][info][gc,cpu         ] GC(2718) User=0.00s Sys=0.01s Real=0.01s
[735.038s][info][gc,start       ] GC(2719) Pause Young (Allocation Failure)
[735.040s][info][gc,heap        ] GC(2719) PSYoungGen: 219424K(219648K)->768K(211456K) Eden: 218624K(218624K)->0K(210432K) From: 800K(1024K)->768K(1024K)
[735.040s][info][gc,heap        ] GC(2719) ParOldGen: 438403K(438784K)->438419K(438784K)
[735.040s][info][gc,metaspace   ] GC(2719) Metaspace: 6132K(6208K)->6132K(6208K) NonClass: 5649K(5696K)->5649K(5696K) Class: 483K(512K)->483K(512K)
[735.040s][info][gc             ] GC(2719) Pause Young (Allocation Failure) 642M->428M(635M) 1.683ms
[735.040s][info][gc,cpu         ] GC(2719) User=0.00s Sys=0.00s Real=0.00s
[735.368s][info][gc,start       ] GC(2720) Pause Young (Allocation Failure)
[735.369s][info][gc,heap        ] GC(2720) PSYoungGen: 211200K(211456K)->704K(203776K) Eden: 210432K(210432K)->0K(202752K) From: 768K(1024K)->704K(1024K)
[735.369s][info][gc,heap        ] GC(2720) ParOldGen: 438419K(438784K)->438419K(438784K)
[735.369s][info][gc,metaspace   ] GC(2720) Metaspace: 6132K(6208K)->6132K(6208K) NonClass: 5649K(5696K)->5649K(5696K) Class: 483K(512K)->483K(512K)
[735.370s][info][gc             ] GC(2720) Pause Young (Allocation Failure) 634M->428M(627M) 1.541ms
[735.370s][info][gc,cpu         ] GC(2720) User=0.00s Sys=0.00s Real=0.00s
[735.726s][info][gc,start       ] GC(2721) Pause Young (Allocation Failure)
[735.727s][info][gc,heap        ] GC(2721) PSYoungGen: 203456K(203776K)->512K(196096K) Eden: 202752K(202752K)->0K(195584K) From: 704K(1024K)->512K(512K)
[735.727s][info][gc,heap        ] GC(2721) ParOldGen: 438419K(438784K)->438555K(438784K)
[735.727s][info][gc,metaspace   ] GC(2721) Metaspace: 6132K(6208K)->6132K(6208K) NonClass: 5649K(5696K)->5649K(5696K) Class: 483K(512K)->483K(512K)
[735.727s][info][gc             ] GC(2721) Pause Young (Allocation Failure) 626M->428M(620M) 1.558ms
[735.727s][info][gc,cpu         ] GC(2721) User=0.01s Sys=0.00s Real=0.00s
[736.057s][info][gc,start       ] GC(2722) Pause Young (Allocation Failure)
[736.058s][info][gc,heap        ] GC(2722) PSYoungGen: 196096K(196096K)->722K(189440K) Eden: 195584K(195584K)->0K(188416K) From: 512K(512K)->722K(1024K)
[736.058s][info][gc,heap        ] GC(2722) ParOldGen: 438555K(438784K)->438555K(438784K)
[736.058s][info][gc,metaspace   ] GC(2722) Metaspace: 6132K(6208K)->6132K(6208K) NonClass: 5649K(5696K)->5649K(5696K) Class: 483K(512K)->483K(512K)
[736.058s][info][gc             ] GC(2722) Pause Young (Allocation Failure) 619M->428M(613M) 1.490ms
[736.058s][info][gc,cpu         ] GC(2722) User=0.00s Sys=0.00s Real=0.00s
[736.374s][info][gc,start       ] GC(2723) Pause Young (Allocation Failure)
[736.376s][info][gc,heap        ] GC(2723) PSYoungGen: 189138K(189440K)->768K(182784K) Eden: 188416K(188416K)->0K(181760K) From: 722K(1024K)->768K(1024K)
[736.376s][info][gc,heap        ] GC(2723) ParOldGen: 438555K(438784K)->438587K(438784K)
[736.376s][info][gc,metaspace   ] GC(2723) Metaspace: 6132K(6208K)->6132K(6208K) NonClass: 5649K(5696K)->5649K(5696K) Class: 483K(512K)->483K(512K)
[736.376s][info][gc             ] GC(2723) Pause Young (Allocation Failure) 612M->429M(607M) 1.760ms
[736.376s][info][gc,cpu         ] GC(2723) User=0.01s Sys=0.00s Real=0.00s
[736.679s][info][gc,start       ] GC(2724) Pause Young (Allocation Failure)
[736.681s][info][gc,heap        ] GC(2724) PSYoungGen: 182528K(182784K)->704K(176128K) Eden: 181760K(181760K)->0K(175104K) From: 768K(1024K)->704K(1024K)
[736.681s][info][gc,heap        ] GC(2724) ParOldGen: 438587K(438784K)->438587K(438784K)
[736.681s][info][gc,metaspace   ] GC(2724) Metaspace: 6132K(6208K)->6132K(6208K) NonClass: 5649K(5696K)->5649K(5696K) Class: 483K(512K)->483K(512K)
[736.681s][info][gc             ] GC(2724) Pause Young (Allocation Failure) 606M->428M(600M) 1.958ms
[736.681s][info][gc,cpu         ] GC(2724) User=0.00s Sys=0.00s Real=0.01s
[736.994s][info][gc,start       ] GC(2725) Pause Young (Allocation Failure)
[736.995s][info][gc,heap        ] GC(2725) PSYoungGen: 175808K(176128K)->512K(169472K) Eden: 175104K(175104K)->0K(168960K) From: 704K(1024K)->512K(512K)
[736.995s][info][gc,heap        ] GC(2725) ParOldGen: 438587K(438784K)->438763K(438784K)
[736.995s][info][gc,metaspace   ] GC(2725) Metaspace: 6132K(6208K)->6132K(6208K) NonClass: 5649K(5696K)->5649K(5696K) Class: 483K(512K)->483K(512K)
[736.995s][info][gc             ] GC(2725) Pause Young (Allocation Failure) 599M->428M(594M) 1.538ms
[736.995s][info][gc,cpu         ] GC(2725) User=0.01s Sys=0.00s Real=0.00s
[737.288s][info][gc,start       ] GC(2726) Pause Young (Allocation Failure)
[737.290s][info][gc,heap        ] GC(2726) PSYoungGen: 169472K(169472K)->690K(164352K) Eden: 168960K(168960K)->0K(163328K) From: 512K(512K)->690K(1024K)
[737.290s][info][gc,heap        ] GC(2726) ParOldGen: 438763K(438784K)->438763K(438784K)
[737.290s][info][gc,metaspace   ] GC(2726) Metaspace: 6132K(6208K)->6132K(6208K) NonClass: 5649K(5696K)->5649K(5696K) Class: 483K(512K)->483K(512K)
[737.290s][info][gc             ] GC(2726) Pause Young (Allocation Failure) 593M->429M(589M) 1.482ms
[737.290s][info][gc,cpu         ] GC(2726) User=0.00s Sys=0.00s Real=0.00s
[737.579s][info][gc,start       ] GC(2727) Pause Young (Allocation Failure)
[737.581s][info][gc,heap        ] GC(2727) PSYoungGen: 164018K(164352K)->800K(158720K) Eden: 163328K(163328K)->0K(157696K) From: 690K(1024K)->800K(1024K)
[737.581s][info][gc,heap        ] GC(2727) ParOldGen: 438763K(438784K)->438803K(439296K)
[737.581s][info][gc,metaspace   ] GC(2727) Metaspace: 6132K(6208K)->6132K(6208K) NonClass: 5649K(5696K)->5649K(5696K) Class: 483K(512K)->483K(512K)
[737.581s][info][gc             ] GC(2727) Pause Young (Allocation Failure) 588M->429M(584M) 1.725ms
[737.581s][info][gc,cpu         ] GC(2727) User=0.00s Sys=0.00s Real=0.01s
[737.866s][info][gc,start       ] GC(2728) Pause Young (Allocation Failure)
[737.867s][info][gc,heap        ] GC(2728) PSYoungGen: 158496K(158720K)->640K(153600K) Eden: 157696K(157696K)->0K(152576K) From: 800K(1024K)->640K(1024K)
[737.867s][info][gc,heap        ] GC(2728) ParOldGen: 438803K(439296K)->438803K(439296K)
[737.867s][info][gc,metaspace   ] GC(2728) Metaspace: 6132K(6208K)->6132K(6208K) NonClass: 5649K(5696K)->5649K(5696K) Class: 483K(512K)->483K(512K)
[737.867s][info][gc             ] GC(2728) Pause Young (Allocation Failure) 583M->429M(579M) 1.370ms
[737.867s][info][gc,cpu         ] GC(2728) User=0.00s Sys=0.00s Real=0.00s
[738.158s][info][gc,start       ] GC(2729) Pause Young (Allocation Failure)
[738.161s][info][gc,heap        ] GC(2729) PSYoungGen: 153216K(153600K)->498K(147968K) Eden: 152576K(152576K)->0K(147456K) From: 640K(1024K)->498K(512K)
[738.161s][info][gc,heap        ] GC(2729) ParOldGen: 438803K(439296K)->438915K(439296K)
[738.161s][info][gc,metaspace   ] GC(2729) Metaspace: 6132K(6208K)->6132K(6208K) NonClass: 5649K(5696K)->5649K(5696K) Class: 483K(512K)->483K(512K)
[738.161s][info][gc             ] GC(2729) Pause Young (Allocation Failure) 578M->429M(573M) 2.670ms
[738.161s][info][gc,cpu         ] GC(2729) User=0.00s Sys=0.00s Real=0.01s
[738.438s][info][gc,start       ] GC(2730) Pause Young (Allocation Failure)
[738.439s][info][gc,heap        ] GC(2730) PSYoungGen: 147954K(147968K)->754K(143872K) Eden: 147456K(147456K)->0K(142848K) From: 498K(512K)->754K(1024K)
[738.440s][info][gc,heap        ] GC(2730) ParOldGen: 438915K(439296K)->438915K(439296K)
[738.440s][info][gc,metaspace   ] GC(2730) Metaspace: 6132K(6208K)->6132K(6208K) NonClass: 5649K(5696K)->5649K(5696K) Class: 483K(512K)->483K(512K)
[738.440s][info][gc             ] GC(2730) Pause Young (Allocation Failure) 573M->429M(569M) 1.889ms
[738.440s][info][gc,cpu         ] GC(2730) User=0.00s Sys=0.00s Real=0.00s
[738.694s][info][gc,start       ] GC(2731) Pause Young (Allocation Failure)
[738.695s][info][gc,heap        ] GC(2731) PSYoungGen: 143602K(143872K)->352K(138752K) Eden: 142848K(142848K)->0K(138240K) From: 754K(1024K)->352K(512K)
[738.695s][info][gc,heap        ] GC(2731) ParOldGen: 438915K(439296K)->438955K(439296K)
[738.695s][info][gc,metaspace   ] GC(2731) Metaspace: 6132K(6208K)->6132K(6208K) NonClass: 5649K(5696K)->5649K(5696K) Class: 483K(512K)->483K(512K)
[738.695s][info][gc             ] GC(2731) Pause Young (Allocation Failure) 568M->429M(564M) 1.449ms
[738.695s][info][gc,cpu         ] GC(2731) User=0.00s Sys=0.00s Real=0.00s
[738.932s][info][gc,start       ] GC(2732) Pause Young (Allocation Failure)
[738.933s][info][gc,heap        ] GC(2732) PSYoungGen: 138592K(138752K)->448K(134656K) Eden: 138240K(138240K)->0K(133632K) From: 352K(512K)->448K(1024K)
[738.933s][info][gc,heap        ] GC(2732) ParOldGen: 438955K(439296K)->438955K(439296K)
[738.933s][info][gc,metaspace   ] GC(2732) Metaspace: 6132K(6208K)->6132K(6208K) NonClass: 5649K(5696K)->5649K(5696K) Class: 483K(512K)->483K(512K)
[738.933s][info][gc             ] GC(2732) Pause Young (Allocation Failure) 564M->429M(560M) 1.327ms
[738.933s][info][gc,cpu         ] GC(2732) User=0.00s Sys=0.00s Real=0.00s
[739.157s][info][gc,start       ] GC(2733) Pause Young (Allocation Failure)
[739.159s][info][gc,heap        ] GC(2733) PSYoungGen: 134080K(134656K)->640K(130560K) Eden: 133632K(133632K)->0K(129536K) From: 448K(1024K)->640K(1024K)
[739.159s][info][gc,heap        ] GC(2733) ParOldGen: 438955K(439296K)->438955K(439296K)
[739.159s][info][gc,metaspace   ] GC(2733) Metaspace: 6132K(6208K)->6132K(6208K) NonClass: 5649K(5696K)->5649K(5696K) Class: 483K(512K)->483K(512K)
[739.159s][info][gc             ] GC(2733) Pause Young (Allocation Failure) 559M->429M(556M) 1.360ms
[739.159s][info][gc,cpu         ] GC(2733) User=0.00s Sys=0.00s Real=0.00s
[739.378s][info][gc,start       ] GC(2734) Pause Young (Allocation Failure)
[739.380s][info][gc,heap        ] GC(2734) PSYoungGen: 130176K(130560K)->704K(126464K) Eden: 129536K(129536K)->0K(125440K) From: 640K(1024K)->704K(1024K)
[739.380s][info][gc,heap        ] GC(2734) ParOldGen: 438955K(439296K)->438955K(439296K)
[739.380s][info][gc,metaspace   ] GC(2734) Metaspace: 6132K(6208K)->6132K(6208K) NonClass: 5649K(5696K)->5649K(5696K) Class: 483K(512K)->483K(512K)
[739.380s][info][gc             ] GC(2734) Pause Young (Allocation Failure) 555M->429M(552M) 1.452ms
[739.380s][info][gc,cpu         ] GC(2734) User=0.00s Sys=0.00s Real=0.00s
[739.599s][info][gc,start       ] GC(2735) Pause Young (Allocation Failure)
[739.601s][info][gc,heap        ] GC(2735) PSYoungGen: 126144K(126464K)->512K(121856K) Eden: 125440K(125440K)->0K(121344K) From: 704K(1024K)->512K(512K)
[739.601s][info][gc,heap        ] GC(2735) ParOldGen: 438955K(439296K)->439067K(439296K)
[739.601s][info][gc,metaspace   ] GC(2735) Metaspace: 6132K(6208K)->6132K(6208K) NonClass: 5649K(5696K)->5649K(5696K) Class: 483K(512K)->483K(512K)
[739.601s][info][gc             ] GC(2735) Pause Young (Allocation Failure) 551M->429M(548M) 1.341ms
[739.601s][info][gc,cpu         ] GC(2735) User=0.00s Sys=0.01s Real=0.01s
[739.807s][info][gc,start       ] GC(2736) Pause Young (Allocation Failure)
[739.808s][info][gc,heap        ] GC(2736) PSYoungGen: 121856K(121856K)->786K(118784K) Eden: 121344K(121344K)->0K(117760K) From: 512K(512K)->786K(1024K)
[739.808s][info][gc,heap        ] GC(2736) ParOldGen: 439067K(439296K)->439067K(439296K)
[739.808s][info][gc,metaspace   ] GC(2736) Metaspace: 6132K(6208K)->6132K(6208K) NonClass: 5649K(5696K)->5649K(5696K) Class: 483K(512K)->483K(512K)
[739.808s][info][gc             ] GC(2736) Pause Young (Allocation Failure) 547M->429M(545M) 1.582ms
[739.808s][info][gc,cpu         ] GC(2736) User=0.00s Sys=0.00s Real=0.00s
[740.010s][info][gc,start       ] GC(2737) Pause Young (Allocation Failure)
[740.012s][info][gc,heap        ] GC(2737) PSYoungGen: 118546K(118784K)->800K(115200K) Eden: 117760K(117760K)->0K(114176K) From: 786K(1024K)->800K(1024K)
[740.012s][info][gc,heap        ] GC(2737) ParOldGen: 439067K(439296K)->439107K(439296K)
[740.012s][info][gc,metaspace   ] GC(2737) Metaspace: 6132K(6208K)->6132K(6208K) NonClass: 5649K(5696K)->5649K(5696K) Class: 483K(512K)->483K(512K)
[740.012s][info][gc             ] GC(2737) Pause Young (Allocation Failure) 544M->429M(541M) 1.590ms
[740.012s][info][gc,cpu         ] GC(2737) User=0.00s Sys=0.00s Real=0.01s
[740.216s][info][gc,start       ] GC(2738) Pause Young (Allocation Failure)
[740.218s][info][gc,heap        ] GC(2738) PSYoungGen: 114976K(115200K)->768K(111616K) Eden: 114176K(114176K)->0K(110592K) From: 800K(1024K)->768K(1024K)
[740.218s][info][gc,heap        ] GC(2738) ParOldGen: 439107K(439296K)->439107K(439296K)
[740.218s][info][gc,metaspace   ] GC(2738) Metaspace: 6132K(6208K)->6132K(6208K) NonClass: 5649K(5696K)->5649K(5696K) Class: 483K(512K)->483K(512K)
[740.218s][info][gc             ] GC(2738) Pause Young (Allocation Failure) 541M->429M(538M) 1.630ms
[740.218s][info][gc,cpu         ] GC(2738) User=0.00s Sys=0.00s Real=0.00s
[740.416s][info][gc,start       ] GC(2739) Pause Young (Allocation Failure)
[740.418s][info][gc,heap        ] GC(2739) PSYoungGen: 111360K(111616K)->512K(108032K) Eden: 110592K(110592K)->0K(107520K) From: 768K(1024K)->512K(512K)
[740.418s][info][gc,heap        ] GC(2739) ParOldGen: 439107K(439296K)->439315K(439808K)
[740.418s][info][gc,metaspace   ] GC(2739) Metaspace: 6132K(6208K)->6132K(6208K) NonClass: 5649K(5696K)->5649K(5696K) Class: 483K(512K)->483K(512K)
[740.418s][info][gc             ] GC(2739) Pause Young (Allocation Failure) 537M->429M(535M) 1.658ms
[740.418s][info][gc,cpu         ] GC(2739) User=0.00s Sys=0.00s Real=0.00s
[740.612s][info][gc,start       ] GC(2740) Pause Young (Allocation Failure)
[740.614s][info][gc,heap        ] GC(2740) PSYoungGen: 108032K(108032K)->690K(105472K) Eden: 107520K(107520K)->0K(104448K) From: 512K(512K)->690K(1024K)
[740.614s][info][gc,heap        ] GC(2740) ParOldGen: 439315K(439808K)->439315K(439808K)
[740.614s][info][gc,metaspace   ] GC(2740) Metaspace: 6132K(6208K)->6132K(6208K) NonClass: 5649K(5696K)->5649K(5696K) Class: 483K(512K)->483K(512K)
[740.614s][info][gc             ] GC(2740) Pause Young (Allocation Failure) 534M->429M(532M) 1.464ms
[740.614s][info][gc,cpu         ] GC(2740) User=0.00s Sys=0.00s Real=0.00s
[740.806s][info][gc,start       ] GC(2741) Pause Young (Allocation Failure)
[740.807s][info][gc,heap        ] GC(2741) PSYoungGen: 105138K(105472K)->704K(102400K) Eden: 104448K(104448K)->0K(101376K) From: 690K(1024K)->704K(1024K)
[740.807s][info][gc,heap        ] GC(2741) ParOldGen: 439315K(439808K)->439355K(439808K)
[740.807s][info][gc,metaspace   ] GC(2741) Metaspace: 6132K(6208K)->6132K(6208K) NonClass: 5649K(5696K)->5649K(5696K) Class: 483K(512K)->483K(512K)
[740.807s][info][gc             ] GC(2741) Pause Young (Allocation Failure) 531M->429M(529M) 1.563ms
[740.807s][info][gc,cpu         ] GC(2741) User=0.00s Sys=0.00s Real=0.00s
[740.998s][info][gc,start       ] GC(2742) Pause Young (Allocation Failure)
[740.999s][info][gc,heap        ] GC(2742) PSYoungGen: 102080K(102400K)->704K(99840K) Eden: 101376K(101376K)->0K(98816K) From: 704K(1024K)->704K(1024K)
[740.999s][info][gc,heap        ] GC(2742) ParOldGen: 439355K(439808K)->439355K(439808K)
[740.999s][info][gc,metaspace   ] GC(2742) Metaspace: 6132K(6208K)->6132K(6208K) NonClass: 5649K(5696K)->5649K(5696K) Class: 483K(512K)->483K(512K)
[740.999s][info][gc             ] GC(2742) Pause Young (Allocation Failure) 528M->429M(527M) 1.591ms
[740.999s][info][gc,cpu         ] GC(2742) User=0.01s Sys=0.00s Real=0.00s
[741.179s][info][gc,start       ] GC(2743) Pause Young (Allocation Failure)
[741.180s][info][gc,heap        ] GC(2743) PSYoungGen: 99520K(99840K)->512K(96768K) Eden: 98816K(98816K)->0K(96256K) From: 704K(1024K)->512K(512K)
[741.180s][info][gc,heap        ] GC(2743) ParOldGen: 439355K(439808K)->439491K(439808K)
[741.180s][info][gc,metaspace   ] GC(2743) Metaspace: 6132K(6208K)->6132K(6208K) NonClass: 5649K(5696K)->5649K(5696K) Class: 483K(512K)->483K(512K)
[741.180s][info][gc             ] GC(2743) Pause Young (Allocation Failure) 526M->429M(524M) 1.422ms
[741.180s][info][gc,cpu         ] GC(2743) User=0.01s Sys=0.00s Real=0.00s
[741.363s][info][gc,start       ] GC(2744) Pause Young (Allocation Failure)
[741.365s][info][gc,heap        ] GC(2744) PSYoungGen: 96768K(96768K)->709K(94720K) Eden: 96256K(96256K)->0K(93696K) From: 512K(512K)->709K(1024K)
[741.365s][info][gc,heap        ] GC(2744) ParOldGen: 439491K(439808K)->439491K(439808K)
[741.365s][info][gc,metaspace   ] GC(2744) Metaspace: 6132K(6208K)->6132K(6208K) NonClass: 5649K(5696K)->5649K(5696K) Class: 483K(512K)->483K(512K)
[741.365s][info][gc             ] GC(2744) Pause Young (Allocation Failure) 523M->429M(522M) 1.482ms
[741.365s][info][gc,cpu         ] GC(2744) User=0.00s Sys=0.00s Real=0.00s
[741.535s][info][gc,start       ] GC(2745) Pause Young (Allocation Failure)
[741.537s][info][gc,heap        ] GC(2745) PSYoungGen: 94405K(94720K)->768K(92160K) Eden: 93696K(93696K)->0K(91136K) From: 709K(1024K)->768K(1024K)
[741.537s][info][gc,heap        ] GC(2745) ParOldGen: 439491K(439808K)->439531K(439808K)
[741.537s][info][gc,metaspace   ] GC(2745) Metaspace: 6132K(6208K)->6132K(6208K) NonClass: 5649K(5696K)->5649K(5696K) Class: 483K(512K)->483K(512K)
[741.537s][info][gc             ] GC(2745) Pause Young (Allocation Failure) 521M->429M(519M) 1.654ms
[741.537s][info][gc,cpu         ] GC(2745) User=0.00s Sys=0.00s Real=0.00s
[741.702s][info][gc,start       ] GC(2746) Pause Young (Allocation Failure)
[741.703s][info][gc,heap        ] GC(2746) PSYoungGen: 91904K(92160K)->672K(89600K) Eden: 91136K(91136K)->0K(88576K) From: 768K(1024K)->672K(1024K)
[741.703s][info][gc,heap        ] GC(2746) ParOldGen: 439531K(439808K)->439531K(439808K)
[741.703s][info][gc,metaspace   ] GC(2746) Metaspace: 6132K(6208K)->6132K(6208K) NonClass: 5649K(5696K)->5649K(5696K) Class: 483K(512K)->483K(512K)
[741.703s][info][gc             ] GC(2746) Pause Young (Allocation Failure) 518M->429M(517M) 1.470ms
[741.703s][info][gc,cpu         ] GC(2746) User=0.01s Sys=0.00s Real=0.00s
[741.870s][info][gc,start       ] GC(2747) Pause Young (Allocation Failure)
[741.872s][info][gc,heap        ] GC(2747) PSYoungGen: 89248K(89600K)->512K(87040K) Eden: 88576K(88576K)->0K(86528K) From: 672K(1024K)->512K(512K)
[741.872s][info][gc,heap        ] GC(2747) ParOldGen: 439531K(439808K)->439683K(439808K)
[741.872s][info][gc,metaspace   ] GC(2747) Metaspace: 6132K(6208K)->6132K(6208K) NonClass: 5649K(5696K)->5649K(5696K) Class: 483K(512K)->483K(512K)
[741.872s][info][gc             ] GC(2747) Pause Young (Allocation Failure) 516M->429M(514M) 1.512ms
[741.872s][info][gc,cpu         ] GC(2747) User=0.00s Sys=0.00s Real=0.01s
[742.037s][info][gc,start       ] GC(2748) Pause Young (Allocation Failure)
[742.039s][info][gc,heap        ] GC(2748) PSYoungGen: 87040K(87040K)->704K(262144K) Eden: 86528K(86528K)->0K(261120K) From: 512K(512K)->704K(1024K)
[742.039s][info][gc,heap        ] GC(2748) ParOldGen: 439683K(439808K)->439683K(439808K)
[742.039s][info][gc,metaspace   ] GC(2748) Metaspace: 6132K(6208K)->6132K(6208K) NonClass: 5649K(5696K)->5649K(5696K) Class: 483K(512K)->483K(512K)
[742.039s][info][gc             ] GC(2748) Pause Young (Allocation Failure) 514M->430M(685M) 1.471ms
[742.039s][info][gc,cpu         ] GC(2748) User=0.00s Sys=0.00s Real=0.00s
[742.570s][info][gc,start       ] GC(2749) Pause Young (Allocation Failure)
[742.571s][info][gc,heap        ] GC(2749) PSYoungGen: 261824K(262144K)->672K(251904K) Eden: 261120K(261120K)->0K(250880K) From: 704K(1024K)->672K(1024K)
[742.572s][info][gc,heap        ] GC(2749) ParOldGen: 439683K(439808K)->439707K(439808K)
[742.572s][info][gc,metaspace   ] GC(2749) Metaspace: 6132K(6208K)->6132K(6208K) NonClass: 5649K(5696K)->5649K(5696K) Class: 483K(512K)->483K(512K)
[742.572s][info][gc             ] GC(2749) Pause Young (Allocation Failure) 685M->430M(675M) 1.501ms
[742.572s][info][gc,cpu         ] GC(2749) User=0.00s Sys=0.00s Real=0.01s
[743.073s][info][gc,start       ] GC(2750) Pause Young (Allocation Failure)
[743.075s][info][gc,heap        ] GC(2750) PSYoungGen: 251552K(251904K)->672K(242176K) Eden: 250880K(250880K)->0K(241152K) From: 672K(1024K)->672K(1024K)
[743.075s][info][gc,heap        ] GC(2750) ParOldGen: 439707K(439808K)->439707K(439808K)
[743.075s][info][gc,metaspace   ] GC(2750) Metaspace: 6132K(6208K)->6132K(6208K) NonClass: 5649K(5696K)->5649K(5696K) Class: 483K(512K)->483K(512K)
[743.075s][info][gc             ] GC(2750) Pause Young (Allocation Failure) 675M->430M(666M) 1.676ms
[743.075s][info][gc,cpu         ] GC(2750) User=0.00s Sys=0.00s Real=0.00s
[743.586s][info][gc,start       ] GC(2751) Pause Young (Allocation Failure)
[743.589s][info][gc,heap        ] GC(2751) PSYoungGen: 241824K(242176K)->512K(232448K) Eden: 241152K(241152K)->0K(231936K) From: 672K(1024K)->512K(512K)
[743.589s][info][gc,heap        ] GC(2751) ParOldGen: 439707K(439808K)->439987K(440320K)
[743.589s][info][gc,metaspace   ] GC(2751) Metaspace: 6132K(6208K)->6132K(6208K) NonClass: 5649K(5696K)->5649K(5696K) Class: 483K(512K)->483K(512K)
[743.589s][info][gc             ] GC(2751) Pause Young (Allocation Failure) 665M->430M(657M) 3.136ms
[743.589s][info][gc,cpu         ] GC(2751) User=0.00s Sys=0.00s Real=0.00s
[744.093s][info][gc,start       ] GC(2752) Pause Young (Allocation Failure)
[744.094s][info][gc,heap        ] GC(2752) PSYoungGen: 232448K(232448K)->672K(224256K) Eden: 231936K(231936K)->0K(223232K) From: 512K(512K)->672K(1024K)
[744.094s][info][gc,heap        ] GC(2752) ParOldGen: 439987K(440320K)->439987K(440320K)
[744.095s][info][gc,metaspace   ] GC(2752) Metaspace: 6132K(6208K)->6132K(6208K) NonClass: 5649K(5696K)->5649K(5696K) Class: 483K(512K)->483K(512K)
[744.095s][info][gc             ] GC(2752) Pause Young (Allocation Failure) 656M->430M(649M) 1.396ms
[744.095s][info][gc,cpu         ] GC(2752) User=0.00s Sys=0.00s Real=0.00s
[744.703s][info][gc,start       ] GC(2753) Pause Young (Allocation Failure)
[744.705s][info][gc,heap        ] GC(2753) PSYoungGen: 223904K(224256K)->704K(216064K) Eden: 223232K(223232K)->0K(215040K) From: 672K(1024K)->704K(1024K)
[744.705s][info][gc,heap        ] GC(2753) ParOldGen: 439987K(440320K)->440003K(440320K)
[744.705s][info][gc,metaspace   ] GC(2753) Metaspace: 6132K(6208K)->6132K(6208K) NonClass: 5649K(5696K)->5649K(5696K) Class: 483K(512K)->483K(512K)
[744.705s][info][gc             ] GC(2753) Pause Young (Allocation Failure) 648M->430M(641M) 1.933ms
[744.705s][info][gc,cpu         ] GC(2753) User=0.01s Sys=0.00s Real=0.00s
[745.343s][info][gc,start       ] GC(2754) Pause Young (Allocation Failure)
[745.345s][info][gc,heap        ] GC(2754) PSYoungGen: 215744K(216064K)->704K(207872K) Eden: 215040K(215040K)->0K(206848K) From: 704K(1024K)->704K(1024K)
[745.345s][info][gc,heap        ] GC(2754) ParOldGen: 440003K(440320K)->440003K(440320K)
[745.345s][info][gc,metaspace   ] GC(2754) Metaspace: 6132K(6208K)->6132K(6208K) NonClass: 5649K(5696K)->5649K(5696K) Class: 483K(512K)->483K(512K)
[745.345s][info][gc             ] GC(2754) Pause Young (Allocation Failure) 640M->430M(633M) 2.006ms
[745.345s][info][gc,cpu         ] GC(2754) User=0.01s Sys=0.00s Real=0.00s
[745.782s][info][gc,start       ] GC(2755) Pause Young (Allocation Failure)
[745.784s][info][gc,heap        ] GC(2755) PSYoungGen: 207552K(207872K)->512K(199680K) Eden: 206848K(206848K)->0K(199168K) From: 704K(1024K)->512K(512K)
[745.784s][info][gc,heap        ] GC(2755) ParOldGen: 440003K(440320K)->440267K(440320K)
[745.784s][info][gc,metaspace   ] GC(2755) Metaspace: 6132K(6208K)->6132K(6208K) NonClass: 5649K(5696K)->5649K(5696K) Class: 483K(512K)->483K(512K)
[745.784s][info][gc             ] GC(2755) Pause Young (Allocation Failure) 632M->430M(625M) 1.843ms
[745.784s][info][gc,cpu         ] GC(2755) User=0.00s Sys=0.00s Real=0.00s
[746.198s][info][gc,start       ] GC(2756) Pause Young (Allocation Failure)
[746.201s][info][gc,heap        ] GC(2756) PSYoungGen: 199680K(199680K)->640K(193024K) Eden: 199168K(199168K)->0K(192000K) From: 512K(512K)->640K(1024K)
[746.201s][info][gc,heap        ] GC(2756) ParOldGen: 440267K(440320K)->440267K(440320K)
[746.201s][info][gc,metaspace   ] GC(2756) Metaspace: 6132K(6208K)->6132K(6208K) NonClass: 5649K(5696K)->5649K(5696K) Class: 483K(512K)->483K(512K)
[746.201s][info][gc             ] GC(2756) Pause Young (Allocation Failure) 624M->430M(618M) 2.317ms
[746.201s][info][gc,cpu         ] GC(2756) User=0.01s Sys=0.00s Real=0.01s
[746.695s][info][gc,start       ] GC(2757) Pause Young (Allocation Failure)
[746.699s][info][gc,heap        ] GC(2757) PSYoungGen: 192640K(193024K)->736K(186368K) Eden: 192000K(192000K)->0K(185344K) From: 640K(1024K)->736K(1024K)
[746.699s][info][gc,heap        ] GC(2757) ParOldGen: 440267K(440320K)->440283K(440320K)
[746.699s][info][gc,metaspace   ] GC(2757) Metaspace: 6132K(6208K)->6132K(6208K) NonClass: 5649K(5696K)->5649K(5696K) Class: 483K(512K)->483K(512K)
[746.699s][info][gc             ] GC(2757) Pause Young (Allocation Failure) 618M->430M(612M) 3.813ms
[746.699s][info][gc,cpu         ] GC(2757) User=0.00s Sys=0.00s Real=0.00s
[747.187s][info][gc,start       ] GC(2758) Pause Young (Allocation Failure)
[747.189s][info][gc,heap        ] GC(2758) PSYoungGen: 186080K(186368K)->736K(179712K) Eden: 185344K(185344K)->0K(178688K) From: 736K(1024K)->736K(1024K)
[747.189s][info][gc,heap        ] GC(2758) ParOldGen: 440283K(440320K)->440283K(440320K)
[747.189s][info][gc,metaspace   ] GC(2758) Metaspace: 6132K(6208K)->6132K(6208K) NonClass: 5649K(5696K)->5649K(5696K) Class: 483K(512K)->483K(512K)
[747.189s][info][gc             ] GC(2758) Pause Young (Allocation Failure) 611M->430M(605M) 2.103ms
[747.189s][info][gc,cpu         ] GC(2758) User=0.00s Sys=0.00s Real=0.00s
[747.635s][info][gc,start       ] GC(2759) Pause Young (Allocation Failure)
[747.637s][info][gc,heap        ] GC(2759) PSYoungGen: 179424K(179712K)->498K(173056K) Eden: 178688K(178688K)->0K(172544K) From: 736K(1024K)->498K(512K)
[747.637s][info][gc,heap        ] GC(2759) ParOldGen: 440283K(440320K)->440427K(440832K)
[747.637s][info][gc,metaspace   ] GC(2759) Metaspace: 6132K(6208K)->6132K(6208K) NonClass: 5649K(5696K)->5649K(5696K) Class: 483K(512K)->483K(512K)
[747.637s][info][gc             ] GC(2759) Pause Young (Allocation Failure) 605M->430M(599M) 2.156ms
[747.637s][info][gc,cpu         ] GC(2759) User=0.00s Sys=0.00s Real=0.00s
[748.119s][info][gc,start       ] GC(2760) Pause Young (Allocation Failure)
[748.121s][info][gc,heap        ] GC(2760) PSYoungGen: 173042K(173056K)->768K(167424K) Eden: 172544K(172544K)->0K(166400K) From: 498K(512K)->768K(1024K)
[748.121s][info][gc,heap        ] GC(2760) ParOldGen: 440427K(440832K)->440427K(440832K)
[748.121s][info][gc,metaspace   ] GC(2760) Metaspace: 6132K(6208K)->6132K(6208K) NonClass: 5649K(5696K)->5649K(5696K) Class: 483K(512K)->483K(512K)
[748.121s][info][gc             ] GC(2760) Pause Young (Allocation Failure) 599M->430M(594M) 1.921ms
[748.121s][info][gc,cpu         ] GC(2760) User=0.00s Sys=0.00s Real=0.01s
[748.524s][info][gc,start       ] GC(2761) Pause Young (Allocation Failure)
[748.525s][info][gc,heap        ] GC(2761) PSYoungGen: 167168K(167424K)->768K(161792K) Eden: 166400K(166400K)->0K(160768K) From: 768K(1024K)->768K(1024K)
[748.525s][info][gc,heap        ] GC(2761) ParOldGen: 440427K(440832K)->440459K(440832K)
[748.525s][info][gc,metaspace   ] GC(2761) Metaspace: 6132K(6208K)->6132K(6208K) NonClass: 5649K(5696K)->5649K(5696K) Class: 483K(512K)->483K(512K)
[748.525s][info][gc             ] GC(2761) Pause Young (Allocation Failure) 593M->430M(588M) 1.842ms
[748.526s][info][gc,cpu         ] GC(2761) User=0.01s Sys=0.00s Real=0.00s
[748.877s][info][gc,start       ] GC(2762) Pause Young (Allocation Failure)
[748.879s][info][gc,heap        ] GC(2762) PSYoungGen: 161536K(161792K)->672K(156160K) Eden: 160768K(160768K)->0K(155136K) From: 768K(1024K)->672K(1024K)
[748.879s][info][gc,heap        ] GC(2762) ParOldGen: 440459K(440832K)->440459K(440832K)
[748.879s][info][gc,metaspace   ] GC(2762) Metaspace: 6132K(6208K)->6132K(6208K) NonClass: 5649K(5696K)->5649K(5696K) Class: 483K(512K)->483K(512K)
[748.879s][info][gc             ] GC(2762) Pause Young (Allocation Failure) 587M->430M(583M) 1.499ms
[748.879s][info][gc,cpu         ] GC(2762) User=0.00s Sys=0.00s Real=0.00s
[749.205s][info][gc,start       ] GC(2763) Pause Young (Allocation Failure)
[749.207s][info][gc,heap        ] GC(2763) PSYoungGen: 155808K(156160K)->512K(150528K) Eden: 155136K(155136K)->0K(150016K) From: 672K(1024K)->512K(512K)
[749.207s][info][gc,heap        ] GC(2763) ParOldGen: 440459K(440832K)->440643K(440832K)
[749.207s][info][gc,metaspace   ] GC(2763) Metaspace: 6132K(6208K)->6132K(6208K) NonClass: 5649K(5696K)->5649K(5696K) Class: 483K(512K)->483K(512K)
[749.207s][info][gc             ] GC(2763) Pause Young (Allocation Failure) 582M->430M(577M) 1.595ms
[749.207s][info][gc,cpu         ] GC(2763) User=0.00s Sys=0.00s Real=0.00s
[749.466s][info][gc,start       ] GC(2764) Pause Young (Allocation Failure)
[749.467s][info][gc,heap        ] GC(2764) PSYoungGen: 150528K(150528K)->786K(145920K) Eden: 150016K(150016K)->0K(144896K) From: 512K(512K)->786K(1024K)
[749.467s][info][gc,heap        ] GC(2764) ParOldGen: 440643K(440832K)->440643K(440832K)
[749.467s][info][gc,metaspace   ] GC(2764) Metaspace: 6132K(6208K)->6132K(6208K) NonClass: 5649K(5696K)->5649K(5696K) Class: 483K(512K)->483K(512K)
[749.467s][info][gc             ] GC(2764) Pause Young (Allocation Failure) 577M->431M(573M) 1.552ms
[749.467s][info][gc,cpu         ] GC(2764) User=0.00s Sys=0.00s Real=0.00s
[749.725s][info][gc,start       ] GC(2765) Pause Young (Allocation Failure)
[749.726s][info][gc,heap        ] GC(2765) PSYoungGen: 145682K(145920K)->736K(141312K) Eden: 144896K(144896K)->0K(140288K) From: 786K(1024K)->736K(1024K)
[749.726s][info][gc,heap        ] GC(2765) ParOldGen: 440643K(440832K)->440683K(440832K)
[749.726s][info][gc,metaspace   ] GC(2765) Metaspace: 6132K(6208K)->6132K(6208K) NonClass: 5649K(5696K)->5649K(5696K) Class: 483K(512K)->483K(512K)
[749.726s][info][gc             ] GC(2765) Pause Young (Allocation Failure) 572M->431M(568M) 1.585ms
[749.726s][info][gc,cpu         ] GC(2765) User=0.01s Sys=0.00s Real=0.00s
[749.977s][info][gc,start       ] GC(2766) Pause Young (Allocation Failure)
[749.978s][info][gc,heap        ] GC(2766) PSYoungGen: 141024K(141312K)->608K(136704K) Eden: 140288K(140288K)->0K(135680K) From: 736K(1024K)->608K(1024K)
[749.978s][info][gc,heap        ] GC(2766) ParOldGen: 440683K(440832K)->440683K(440832K)
[749.978s][info][gc,metaspace   ] GC(2766) Metaspace: 6132K(6208K)->6132K(6208K) NonClass: 5649K(5696K)->5649K(5696K) Class: 483K(512K)->483K(512K)
[749.978s][info][gc             ] GC(2766) Pause Young (Allocation Failure) 568M->430M(564M) 1.358ms
[749.978s][info][gc,cpu         ] GC(2766) User=0.00s Sys=0.00s Real=0.00s
[750.207s][info][gc,start       ] GC(2767) Pause Young (Allocation Failure)
[750.208s][info][gc,heap        ] GC(2767) PSYoungGen: 136288K(136704K)->512K(132096K) Eden: 135680K(135680K)->0K(131584K) From: 608K(1024K)->512K(512K)
[750.208s][info][gc,heap        ] GC(2767) ParOldGen: 440683K(440832K)->440835K(441344K)
[750.208s][info][gc,metaspace   ] GC(2767) Metaspace: 6132K(6208K)->6132K(6208K) NonClass: 5649K(5696K)->5649K(5696K) Class: 483K(512K)->483K(512K)
[750.208s][info][gc             ] GC(2767) Pause Young (Allocation Failure) 563M->431M(560M) 1.551ms
[750.208s][info][gc,cpu         ] GC(2767) User=0.00s Sys=0.00s Real=0.00s
[750.426s][info][gc,start       ] GC(2768) Pause Young (Allocation Failure)
[750.427s][info][gc,heap        ] GC(2768) PSYoungGen: 132096K(132096K)->768K(128512K) Eden: 131584K(131584K)->0K(127488K) From: 512K(512K)->768K(1024K)
[750.427s][info][gc,heap        ] GC(2768) ParOldGen: 440835K(441344K)->440835K(441344K)
[750.427s][info][gc,metaspace   ] GC(2768) Metaspace: 6132K(6208K)->6132K(6208K) NonClass: 5649K(5696K)->5649K(5696K) Class: 483K(512K)->483K(512K)
[750.427s][info][gc             ] GC(2768) Pause Young (Allocation Failure) 559M->431M(556M) 1.531ms
[750.427s][info][gc,cpu         ] GC(2768) User=0.00s Sys=0.00s Real=0.00s
[750.653s][info][gc,start       ] GC(2769) Pause Young (Allocation Failure)
[750.654s][info][gc,heap        ] GC(2769) PSYoungGen: 128256K(128512K)->704K(124416K) Eden: 127488K(127488K)->0K(123392K) From: 768K(1024K)->704K(1024K)
[750.655s][info][gc,heap        ] GC(2769) ParOldGen: 440835K(441344K)->440859K(441344K)
[750.655s][info][gc,metaspace   ] GC(2769) Metaspace: 6132K(6208K)->6132K(6208K) NonClass: 5649K(5696K)->5649K(5696K) Class: 483K(512K)->483K(512K)
[750.655s][info][gc             ] GC(2769) Pause Young (Allocation Failure) 555M->431M(552M) 1.555ms
[750.655s][info][gc,cpu         ] GC(2769) User=0.01s Sys=0.00s Real=0.00s
[750.866s][info][gc,start       ] GC(2770) Pause Young (Allocation Failure)
[750.868s][info][gc,heap        ] GC(2770) PSYoungGen: 124096K(124416K)->768K(120832K) Eden: 123392K(123392K)->0K(119808K) From: 704K(1024K)->768K(1024K)
[750.868s][info][gc,heap        ] GC(2770) ParOldGen: 440859K(441344K)->440859K(441344K)
[750.868s][info][gc,metaspace   ] GC(2770) Metaspace: 6132K(6208K)->6132K(6208K) NonClass: 5649K(5696K)->5649K(5696K) Class: 483K(512K)->483K(512K)
[750.868s][info][gc             ] GC(2770) Pause Young (Allocation Failure) 551M->431M(549M) 1.662ms
[750.868s][info][gc,cpu         ] GC(2770) User=0.00s Sys=0.00s Real=0.00s
[751.074s][info][gc,start       ] GC(2771) Pause Young (Allocation Failure)
[751.075s][info][gc,heap        ] GC(2771) PSYoungGen: 120576K(120832K)->512K(116736K) Eden: 119808K(119808K)->0K(116224K) From: 768K(1024K)->512K(512K)
[751.075s][info][gc,heap        ] GC(2771) ParOldGen: 440859K(441344K)->441083K(441344K)
[751.075s][info][gc,metaspace   ] GC(2771) Metaspace: 6132K(6208K)->6132K(6208K) NonClass: 5649K(5696K)->5649K(5696K) Class: 483K(512K)->483K(512K)
[751.075s][info][gc             ] GC(2771) Pause Young (Allocation Failure) 548M->431M(545M) 1.618ms
[751.075s][info][gc,cpu         ] GC(2771) User=0.00s Sys=0.00s Real=0.00s
[751.282s][info][gc,start       ] GC(2772) Pause Young (Allocation Failure)
[751.283s][info][gc,heap        ] GC(2772) PSYoungGen: 116736K(116736K)->800K(113664K) Eden: 116224K(116224K)->0K(112640K) From: 512K(512K)->800K(1024K)
[751.283s][info][gc,heap        ] GC(2772) ParOldGen: 441083K(441344K)->441083K(441344K)
[751.283s][info][gc,metaspace   ] GC(2772) Metaspace: 6132K(6208K)->6132K(6208K) NonClass: 5649K(5696K)->5649K(5696K) Class: 483K(512K)->483K(512K)
[751.284s][info][gc             ] GC(2772) Pause Young (Allocation Failure) 544M->431M(542M) 1.610ms
[751.284s][info][gc,cpu         ] GC(2772) User=0.00s Sys=0.00s Real=0.00s
[751.490s][info][gc,start       ] GC(2773) Pause Young (Allocation Failure)
[751.491s][info][gc,heap        ] GC(2773) PSYoungGen: 113440K(113664K)->736K(110592K) Eden: 112640K(112640K)->0K(109568K) From: 800K(1024K)->736K(1024K)
[751.491s][info][gc,heap        ] GC(2773) ParOldGen: 441083K(441344K)->441115K(441344K)
[751.491s][info][gc,metaspace   ] GC(2773) Metaspace: 6132K(6208K)->6132K(6208K) NonClass: 5649K(5696K)->5649K(5696K) Class: 483K(512K)->483K(512K)
[751.491s][info][gc             ] GC(2773) Pause Young (Allocation Failure) 541M->431M(539M) 1.835ms
[751.491s][info][gc,cpu         ] GC(2773) User=0.00s Sys=0.01s Real=0.01s
[751.673s][info][gc,start       ] GC(2774) Pause Young (Allocation Failure)
[751.675s][info][gc,heap        ] GC(2774) PSYoungGen: 110304K(110592K)->626K(107520K) Eden: 109568K(109568K)->0K(106496K) From: 736K(1024K)->626K(1024K)
[751.675s][info][gc,heap        ] GC(2774) ParOldGen: 441115K(441344K)->441115K(441344K)
[751.675s][info][gc,metaspace   ] GC(2774) Metaspace: 6132K(6208K)->6132K(6208K) NonClass: 5649K(5696K)->5649K(5696K) Class: 483K(512K)->483K(512K)
[751.675s][info][gc             ] GC(2774) Pause Young (Allocation Failure) 538M->431M(536M) 2.509ms
[751.675s][info][gc,cpu         ] GC(2774) User=0.00s Sys=0.00s Real=0.00s
[751.850s][info][gc,start       ] GC(2775) Pause Young (Allocation Failure)
[751.853s][info][gc,heap        ] GC(2775) PSYoungGen: 107122K(107520K)->498K(103936K) Eden: 106496K(106496K)->0K(103424K) From: 626K(1024K)->498K(512K)
[751.853s][info][gc,heap        ] GC(2775) ParOldGen: 441115K(441344K)->441235K(441344K)
[751.853s][info][gc,metaspace   ] GC(2775) Metaspace: 6132K(6208K)->6132K(6208K) NonClass: 5649K(5696K)->5649K(5696K) Class: 483K(512K)->483K(512K)
[751.853s][info][gc             ] GC(2775) Pause Young (Allocation Failure) 535M->431M(532M) 2.670ms
[751.853s][info][gc,cpu         ] GC(2775) User=0.00s Sys=0.00s Real=0.01s
[752.031s][info][gc,start       ] GC(2776) Pause Young (Allocation Failure)
[752.034s][info][gc,heap        ] GC(2776) PSYoungGen: 103922K(103936K)->741K(125440K) Eden: 103424K(103424K)->0K(124416K) From: 498K(512K)->741K(1024K)
[752.034s][info][gc,heap        ] GC(2776) ParOldGen: 441235K(441344K)->441235K(441344K)
[752.034s][info][gc,metaspace   ] GC(2776) Metaspace: 6132K(6208K)->6132K(6208K) NonClass: 5649K(5696K)->5649K(5696K) Class: 483K(512K)->483K(512K)
[752.034s][info][gc             ] GC(2776) Pause Young (Allocation Failure) 532M->431M(553M) 2.878ms
[752.034s][info][gc,cpu         ] GC(2776) User=0.00s Sys=0.00s Real=0.00s
[752.238s][info][gc,start       ] GC(2777) Pause Young (Allocation Failure)
[752.241s][info][gc,heap        ] GC(2777) PSYoungGen: 125157K(125440K)->736K(150528K) Eden: 124416K(124416K)->0K(149504K) From: 741K(1024K)->736K(1024K)
[752.241s][info][gc,heap        ] GC(2777) ParOldGen: 441235K(441344K)->441275K(441344K)
[752.241s][info][gc,metaspace   ] GC(2777) Metaspace: 6132K(6208K)->6132K(6208K) NonClass: 5649K(5696K)->5649K(5696K) Class: 483K(512K)->483K(512K)
[752.241s][info][gc             ] GC(2777) Pause Young (Allocation Failure) 553M->431M(578M) 2.139ms
[752.241s][info][gc,cpu         ] GC(2777) User=0.00s Sys=0.00s Real=0.01s
[752.481s][info][gc,start       ] GC(2778) Pause Young (Allocation Failure)
[752.482s][info][gc,heap        ] GC(2778) PSYoungGen: 150240K(150528K)->672K(145408K) Eden: 149504K(149504K)->0K(144384K) From: 736K(1024K)->672K(1024K)
[752.482s][info][gc,heap        ] GC(2778) ParOldGen: 441275K(441344K)->441275K(441344K)
[752.482s][info][gc,metaspace   ] GC(2778) Metaspace: 6132K(6208K)->6132K(6208K) NonClass: 5649K(5696K)->5649K(5696K) Class: 483K(512K)->483K(512K)
[752.482s][info][gc             ] GC(2778) Pause Young (Allocation Failure) 577M->431M(573M) 1.487ms
[752.482s][info][gc,cpu         ] GC(2778) User=0.00s Sys=0.00s Real=0.00s
[752.721s][info][gc,start       ] GC(2779) Pause Young (Allocation Failure)
[752.722s][info][gc,heap        ] GC(2779) PSYoungGen: 145056K(145408K)->512K(140288K) Eden: 144384K(144384K)->0K(139776K) From: 672K(1024K)->512K(512K)
[752.722s][info][gc,heap        ] GC(2779) ParOldGen: 441275K(441344K)->441467K(441856K)
[752.722s][info][gc,metaspace   ] GC(2779) Metaspace: 6132K(6208K)->6132K(6208K) NonClass: 5649K(5696K)->5649K(5696K) Class: 483K(512K)->483K(512K)
[752.722s][info][gc             ] GC(2779) Pause Young (Allocation Failure) 572M->431M(568M) 1.640ms
[752.722s][info][gc,cpu         ] GC(2779) User=0.00s Sys=0.00s Real=0.00s
[752.957s][info][gc,start       ] GC(2780) Pause Young (Allocation Failure)
[752.958s][info][gc,heap        ] GC(2780) PSYoungGen: 140288K(140288K)->704K(136192K) Eden: 139776K(139776K)->0K(135168K) From: 512K(512K)->704K(1024K)
[752.958s][info][gc,heap        ] GC(2780) ParOldGen: 441467K(441856K)->441467K(441856K)
[752.958s][info][gc,metaspace   ] GC(2780) Metaspace: 6132K(6208K)->6132K(6208K) NonClass: 5649K(5696K)->5649K(5696K) Class: 483K(512K)->483K(512K)
[752.958s][info][gc             ] GC(2780) Pause Young (Allocation Failure) 568M->431M(564M) 1.544ms
[752.958s][info][gc,cpu         ] GC(2780) User=0.00s Sys=0.00s Real=0.00s
[753.178s][info][gc,start       ] GC(2781) Pause Young (Allocation Failure)
[753.180s][info][gc,heap        ] GC(2781) PSYoungGen: 135872K(136192K)->640K(132096K) Eden: 135168K(135168K)->0K(131072K) From: 704K(1024K)->640K(1024K)
[753.180s][info][gc,heap        ] GC(2781) ParOldGen: 441467K(441856K)->441491K(441856K)
[753.180s][info][gc,metaspace   ] GC(2781) Metaspace: 6132K(6208K)->6132K(6208K) NonClass: 5649K(5696K)->5649K(5696K) Class: 483K(512K)->483K(512K)
[753.180s][info][gc             ] GC(2781) Pause Young (Allocation Failure) 563M->431M(560M) 1.351ms
[753.180s][info][gc,cpu         ] GC(2781) User=0.00s Sys=0.00s Real=0.00s
[753.396s][info][gc,start       ] GC(2782) Pause Young (Allocation Failure)
[753.398s][info][gc,heap        ] GC(2782) PSYoungGen: 131712K(132096K)->736K(128000K) Eden: 131072K(131072K)->0K(126976K) From: 640K(1024K)->736K(1024K)
[753.398s][info][gc,heap        ] GC(2782) ParOldGen: 441491K(441856K)->441491K(441856K)
[753.398s][info][gc,metaspace   ] GC(2782) Metaspace: 6132K(6208K)->6132K(6208K) NonClass: 5649K(5696K)->5649K(5696K) Class: 483K(512K)->483K(512K)
[753.398s][info][gc             ] GC(2782) Pause Young (Allocation Failure) 559M->431M(556M) 1.557ms
[753.398s][info][gc,cpu         ] GC(2782) User=0.00s Sys=0.00s Real=0.00s
[753.600s][info][gc,start       ] GC(2783) Pause Young (Allocation Failure)
[753.601s][info][gc,heap        ] GC(2783) PSYoungGen: 127712K(128000K)->512K(123392K) Eden: 126976K(126976K)->0K(122880K) From: 736K(1024K)->512K(512K)
[753.602s][info][gc,heap        ] GC(2783) ParOldGen: 441491K(441856K)->441771K(441856K)
[753.602s][info][gc,metaspace   ] GC(2783) Metaspace: 6132K(6208K)->6132K(6208K) NonClass: 5649K(5696K)->5649K(5696K) Class: 483K(512K)->483K(512K)
[753.602s][info][gc             ] GC(2783) Pause Young (Allocation Failure) 555M->431M(552M) 1.830ms
[753.602s][info][gc,cpu         ] GC(2783) User=0.00s Sys=0.00s Real=0.01s
[753.800s][info][gc,start       ] GC(2784) Pause Young (Allocation Failure)
[753.802s][info][gc,heap        ] GC(2784) PSYoungGen: 123392K(123392K)->800K(120320K) Eden: 122880K(122880K)->0K(119296K) From: 512K(512K)->800K(1024K)
[753.802s][info][gc,heap        ] GC(2784) ParOldGen: 441771K(441856K)->441771K(441856K)
[753.802s][info][gc,metaspace   ] GC(2784) Metaspace: 6132K(6208K)->6132K(6208K) NonClass: 5649K(5696K)->5649K(5696K) Class: 483K(512K)->483K(512K)
[753.802s][info][gc             ] GC(2784) Pause Young (Allocation Failure) 551M->432M(549M) 1.907ms
[753.802s][info][gc,cpu         ] GC(2784) User=0.01s Sys=0.00s Real=0.01s
[753.992s][info][gc,start       ] GC(2785) Pause Young (Allocation Failure)
[753.993s][info][gc,heap        ] GC(2785) PSYoungGen: 120096K(120320K)->672K(116736K) Eden: 119296K(119296K)->0K(115712K) From: 800K(1024K)->672K(1024K)
[753.993s][info][gc,heap        ] GC(2785) ParOldGen: 441771K(441856K)->441787K(441856K)
[753.993s][info][gc,metaspace   ] GC(2785) Metaspace: 6132K(6208K)->6132K(6208K) NonClass: 5649K(5696K)->5649K(5696K) Class: 483K(512K)->483K(512K)
[753.993s][info][gc             ] GC(2785) Pause Young (Allocation Failure) 548M->432M(545M) 1.434ms
[753.993s][info][gc,cpu         ] GC(2785) User=0.00s Sys=0.00s Real=0.00s
[754.175s][info][gc,start       ] GC(2786) Pause Young (Allocation Failure)
[754.177s][info][gc,heap        ] GC(2786) PSYoungGen: 116384K(116736K)->672K(113152K) Eden: 115712K(115712K)->0K(112128K) From: 672K(1024K)->672K(1024K)
[754.177s][info][gc,heap        ] GC(2786) ParOldGen: 441787K(441856K)->441787K(441856K)
[754.177s][info][gc,metaspace   ] GC(2786) Metaspace: 6132K(6208K)->6132K(6208K) NonClass: 5649K(5696K)->5649K(5696K) Class: 483K(512K)->483K(512K)
[754.177s][info][gc             ] GC(2786) Pause Young (Allocation Failure) 545M->432M(542M) 1.513ms
[754.177s][info][gc,cpu         ] GC(2786) User=0.00s Sys=0.00s Real=0.00s
[754.354s][info][gc,start       ] GC(2787) Pause Young (Allocation Failure)
[754.355s][info][gc,heap        ] GC(2787) PSYoungGen: 112800K(113152K)->512K(109568K) Eden: 112128K(112128K)->0K(109056K) From: 672K(1024K)->512K(512K)
[754.355s][info][gc,heap        ] GC(2787) ParOldGen: 441787K(441856K)->441995K(442368K)
[754.355s][info][gc,metaspace   ] GC(2787) Metaspace: 6132K(6208K)->6132K(6208K) NonClass: 5649K(5696K)->5649K(5696K) Class: 483K(512K)->483K(512K)
[754.355s][info][gc             ] GC(2787) Pause Young (Allocation Failure) 541M->432M(539M) 1.631ms
[754.355s][info][gc,cpu         ] GC(2787) User=0.01s Sys=0.00s Real=0.00s
[754.532s][info][gc,start       ] GC(2788) Pause Young (Allocation Failure)
[754.534s][info][gc,heap        ] GC(2788) PSYoungGen: 109568K(109568K)->818K(107008K) Eden: 109056K(109056K)->0K(105984K) From: 512K(512K)->818K(1024K)
[754.534s][info][gc,heap        ] GC(2788) ParOldGen: 441995K(442368K)->441995K(442368K)
[754.534s][info][gc,metaspace   ] GC(2788) Metaspace: 6132K(6208K)->6132K(6208K) NonClass: 5649K(5696K)->5649K(5696K) Class: 483K(512K)->483K(512K)
[754.534s][info][gc             ] GC(2788) Pause Young (Allocation Failure) 538M->432M(536M) 1.672ms
[754.534s][info][gc,cpu         ] GC(2788) User=0.00s Sys=0.00s Real=0.00s
[754.705s][info][gc,start       ] GC(2789) Pause Young (Allocation Failure)
[754.707s][info][gc,heap        ] GC(2789) PSYoungGen: 106802K(107008K)->800K(103936K) Eden: 105984K(105984K)->0K(102912K) From: 818K(1024K)->800K(1024K)
[754.707s][info][gc,heap        ] GC(2789) ParOldGen: 441995K(442368K)->442027K(442368K)
[754.707s][info][gc,metaspace   ] GC(2789) Metaspace: 6132K(6208K)->6132K(6208K) NonClass: 5649K(5696K)->5649K(5696K) Class: 483K(512K)->483K(512K)
[754.707s][info][gc             ] GC(2789) Pause Young (Allocation Failure) 535M->432M(533M) 1.665ms
[754.707s][info][gc,cpu         ] GC(2789) User=0.00s Sys=0.00s Real=0.00s
[754.876s][info][gc,start       ] GC(2790) Pause Young (Allocation Failure)
[754.878s][info][gc,heap        ] GC(2790) PSYoungGen: 103712K(103936K)->768K(100864K) Eden: 102912K(102912K)->0K(99840K) From: 800K(1024K)->768K(1024K)
[754.878s][info][gc,heap        ] GC(2790) ParOldGen: 442027K(442368K)->442027K(442368K)
[754.878s][info][gc,metaspace   ] GC(2790) Metaspace: 6132K(6208K)->6132K(6208K) NonClass: 5649K(5696K)->5649K(5696K) Class: 483K(512K)->483K(512K)
[754.878s][info][gc             ] GC(2790) Pause Young (Allocation Failure) 532M->432M(530M) 1.553ms
[754.878s][info][gc,cpu         ] GC(2790) User=0.00s Sys=0.00s Real=0.00s
[755.044s][info][gc,start       ] GC(2791) Pause Young (Allocation Failure)
[755.045s][info][gc,heap        ] GC(2791) PSYoungGen: 100608K(100864K)->512K(97792K) Eden: 99840K(99840K)->0K(97280K) From: 768K(1024K)->512K(512K)
[755.046s][info][gc,heap        ] GC(2791) ParOldGen: 442027K(442368K)->442219K(442368K)
[755.046s][info][gc,metaspace   ] GC(2791) Metaspace: 6132K(6208K)->6132K(6208K) NonClass: 5649K(5696K)->5649K(5696K) Class: 483K(512K)->483K(512K)
[755.046s][info][gc             ] GC(2791) Pause Young (Allocation Failure) 529M->432M(527M) 1.548ms
[755.046s][info][gc,cpu         ] GC(2791) User=0.00s Sys=0.00s Real=0.00s
[755.208s][info][gc,start       ] GC(2792) Pause Young (Allocation Failure)
[755.209s][info][gc,heap        ] GC(2792) PSYoungGen: 97792K(97792K)->709K(95744K) Eden: 97280K(97280K)->0K(94720K) From: 512K(512K)->709K(1024K)
[755.209s][info][gc,heap        ] GC(2792) ParOldGen: 442219K(442368K)->442219K(442368K)
[755.209s][info][gc,metaspace   ] GC(2792) Metaspace: 6132K(6208K)->6132K(6208K) NonClass: 5649K(5696K)->5649K(5696K) Class: 483K(512K)->483K(512K)
[755.209s][info][gc             ] GC(2792) Pause Young (Allocation Failure) 527M->432M(525M) 1.369ms
[755.209s][info][gc,cpu         ] GC(2792) User=0.00s Sys=0.00s Real=0.00s
[755.365s][info][gc,start       ] GC(2793) Pause Young (Allocation Failure)
[755.367s][info][gc,heap        ] GC(2793) PSYoungGen: 95429K(95744K)->768K(93184K) Eden: 94720K(94720K)->0K(92160K) From: 709K(1024K)->768K(1024K)
[755.367s][info][gc,heap        ] GC(2793) ParOldGen: 442219K(442368K)->442259K(442368K)
[755.367s][info][gc,metaspace   ] GC(2793) Metaspace: 6132K(6208K)->6132K(6208K) NonClass: 5649K(5696K)->5649K(5696K) Class: 483K(512K)->483K(512K)
[755.367s][info][gc             ] GC(2793) Pause Young (Allocation Failure) 525M->432M(523M) 1.607ms
[755.367s][info][gc,cpu         ] GC(2793) User=0.00s Sys=0.00s Real=0.00s
[755.518s][info][gc,start       ] GC(2794) Pause Young (Allocation Failure)
[755.521s][info][gc,heap        ] GC(2794) PSYoungGen: 92928K(93184K)->658K(111616K) Eden: 92160K(92160K)->0K(110592K) From: 768K(1024K)->658K(1024K)
[755.521s][info][gc,heap        ] GC(2794) ParOldGen: 442259K(442368K)->442259K(442368K)
[755.521s][info][gc,metaspace   ] GC(2794) Metaspace: 6132K(6208K)->6132K(6208K) NonClass: 5649K(5696K)->5649K(5696K) Class: 483K(512K)->483K(512K)
[755.521s][info][gc             ] GC(2794) Pause Young (Allocation Failure) 522M->432M(541M) 2.666ms
[755.521s][info][gc,cpu         ] GC(2794) User=0.01s Sys=0.00s Real=0.01s
[755.704s][info][gc,start       ] GC(2795) Pause Young (Allocation Failure)
[755.708s][info][gc,heap        ] GC(2795) PSYoungGen: 111250K(111616K)->498K(133632K) Eden: 110592K(110592K)->0K(133120K) From: 658K(1024K)->498K(512K)
[755.708s][info][gc,heap        ] GC(2795) ParOldGen: 442259K(442368K)->442515K(442880K)
[755.708s][info][gc,metaspace   ] GC(2795) Metaspace: 6132K(6208K)->6132K(6208K) NonClass: 5649K(5696K)->5649K(5696K) Class: 483K(512K)->483K(512K)
[755.708s][info][gc             ] GC(2795) Pause Young (Allocation Failure) 540M->432M(563M) 3.331ms
[755.708s][info][gc,cpu         ] GC(2795) User=0.00s Sys=0.00s Real=0.00s
[755.937s][info][gc,start       ] GC(2796) Pause Young (Allocation Failure)
[755.940s][info][gc,heap        ] GC(2796) PSYoungGen: 133618K(133632K)->786K(160768K) Eden: 133120K(133120K)->0K(159744K) From: 498K(512K)->786K(1024K)
[755.940s][info][gc,heap        ] GC(2796) ParOldGen: 442515K(442880K)->442515K(442880K)
[755.940s][info][gc,metaspace   ] GC(2796) Metaspace: 6132K(6208K)->6132K(6208K) NonClass: 5649K(5696K)->5649K(5696K) Class: 483K(512K)->483K(512K)
[755.940s][info][gc             ] GC(2796) Pause Young (Allocation Failure) 562M->432M(589M) 2.822ms
[755.940s][info][gc,cpu         ] GC(2796) User=0.00s Sys=0.00s Real=0.00s
[756.205s][info][gc,start       ] GC(2797) Pause Young (Allocation Failure)
[756.206s][info][gc,heap        ] GC(2797) PSYoungGen: 160530K(160768K)->672K(192512K) Eden: 159744K(159744K)->0K(191488K) From: 786K(1024K)->672K(1024K)
[756.206s][info][gc,heap        ] GC(2797) ParOldGen: 442515K(442880K)->442531K(442880K)
[756.207s][info][gc,metaspace   ] GC(2797) Metaspace: 6132K(6208K)->6132K(6208K) NonClass: 5649K(5696K)->5649K(5696K) Class: 483K(512K)->483K(512K)
[756.207s][info][gc             ] GC(2797) Pause Young (Allocation Failure) 588M->432M(620M) 1.525ms
[756.207s][info][gc,cpu         ] GC(2797) User=0.00s Sys=0.00s Real=0.00s
[756.513s][info][gc,start       ] GC(2798) Pause Young (Allocation Failure)
[756.515s][info][gc,heap        ] GC(2798) PSYoungGen: 192160K(192512K)->736K(185856K) Eden: 191488K(191488K)->0K(184832K) From: 672K(1024K)->736K(1024K)
[756.515s][info][gc,heap        ] GC(2798) ParOldGen: 442531K(442880K)->442531K(442880K)
[756.515s][info][gc,metaspace   ] GC(2798) Metaspace: 6132K(6208K)->6132K(6208K) NonClass: 5649K(5696K)->5649K(5696K) Class: 483K(512K)->483K(512K)
[756.515s][info][gc             ] GC(2798) Pause Young (Allocation Failure) 619M->432M(614M) 1.631ms
[756.515s][info][gc,cpu         ] GC(2798) User=0.01s Sys=0.00s Real=0.00s
[756.804s][info][gc,start       ] GC(2799) Pause Young (Allocation Failure)
[756.806s][info][gc,heap        ] GC(2799) PSYoungGen: 185568K(185856K)->512K(178688K) Eden: 184832K(184832K)->0K(178176K) From: 736K(1024K)->512K(512K)
[756.806s][info][gc,heap        ] GC(2799) ParOldGen: 442531K(442880K)->442699K(442880K)
[756.806s][info][gc,metaspace   ] GC(2799) Metaspace: 6132K(6208K)->6132K(6208K) NonClass: 5649K(5696K)->5649K(5696K) Class: 483K(512K)->483K(512K)
[756.806s][info][gc             ] GC(2799) Pause Young (Allocation Failure) 613M->432M(607M) 1.571ms
[756.806s][info][gc,cpu         ] GC(2799) User=0.00s Sys=0.00s Real=0.00s
[757.079s][info][gc,start       ] GC(2800) Pause Young (Allocation Failure)
[757.080s][info][gc,heap        ] GC(2800) PSYoungGen: 178688K(178688K)->640K(173056K) Eden: 178176K(178176K)->0K(172032K) From: 512K(512K)->640K(1024K)
[757.080s][info][gc,heap        ] GC(2800) ParOldGen: 442699K(442880K)->442699K(442880K)
[757.080s][info][gc,metaspace   ] GC(2800) Metaspace: 6132K(6208K)->6132K(6208K) NonClass: 5649K(5696K)->5649K(5696K) Class: 483K(512K)->483K(512K)
[757.080s][info][gc             ] GC(2800) Pause Young (Allocation Failure) 606M->432M(601M) 1.365ms
[757.080s][info][gc,cpu         ] GC(2800) User=0.00s Sys=0.00s Real=0.00s
[757.345s][info][gc,start       ] GC(2801) Pause Young (Allocation Failure)
[757.346s][info][gc,heap        ] GC(2801) PSYoungGen: 172672K(173056K)->736K(166912K) Eden: 172032K(172032K)->0K(165888K) From: 640K(1024K)->736K(1024K)
[757.346s][info][gc,heap        ] GC(2801) ParOldGen: 442699K(442880K)->442707K(442880K)
[757.346s][info][gc,metaspace   ] GC(2801) Metaspace: 6132K(6208K)->6132K(6208K) NonClass: 5649K(5696K)->5649K(5696K) Class: 483K(512K)->483K(512K)
[757.346s][info][gc             ] GC(2801) Pause Young (Allocation Failure) 600M->433M(595M) 1.520ms
[757.346s][info][gc,cpu         ] GC(2801) User=0.00s Sys=0.00s Real=0.00s
[757.601s][info][gc,start       ] GC(2802) Pause Young (Allocation Failure)
[757.602s][info][gc,heap        ] GC(2802) PSYoungGen: 166624K(166912K)->704K(161280K) Eden: 165888K(165888K)->0K(160256K) From: 736K(1024K)->704K(1024K)
[757.602s][info][gc,heap        ] GC(2802) ParOldGen: 442707K(442880K)->442707K(442880K)
[757.602s][info][gc,metaspace   ] GC(2802) Metaspace: 6132K(6208K)->6132K(6208K) NonClass: 5649K(5696K)->5649K(5696K) Class: 483K(512K)->483K(512K)
[757.602s][info][gc             ] GC(2802) Pause Young (Allocation Failure) 595M->433M(590M) 1.568ms
[757.602s][info][gc,cpu         ] GC(2802) User=0.01s Sys=0.00s Real=0.00s
[757.850s][info][gc,start       ] GC(2803) Pause Young (Allocation Failure)
[757.852s][info][gc,heap        ] GC(2803) PSYoungGen: 160960K(161280K)->512K(155136K) Eden: 160256K(160256K)->0K(154624K) From: 704K(1024K)->512K(512K)
[757.852s][info][gc,heap        ] GC(2803) ParOldGen: 442707K(442880K)->442859K(442880K)
[757.852s][info][gc,metaspace   ] GC(2803) Metaspace: 6132K(6208K)->6132K(6208K) NonClass: 5649K(5696K)->5649K(5696K) Class: 483K(512K)->483K(512K)
[757.852s][info][gc             ] GC(2803) Pause Young (Allocation Failure) 589M->432M(584M) 1.532ms
[757.852s][info][gc,cpu         ] GC(2803) User=0.00s Sys=0.00s Real=0.01s
[758.088s][info][gc,start       ] GC(2804) Pause Young (Allocation Failure)
[758.090s][info][gc,heap        ] GC(2804) PSYoungGen: 155136K(155136K)->736K(150528K) Eden: 154624K(154624K)->0K(149504K) From: 512K(512K)->736K(1024K)
[758.090s][info][gc,heap        ] GC(2804) ParOldGen: 442859K(442880K)->442859K(442880K)
[758.090s][info][gc,metaspace   ] GC(2804) Metaspace: 6132K(6208K)->6132K(6208K) NonClass: 5649K(5696K)->5649K(5696K) Class: 483K(512K)->483K(512K)
[758.090s][info][gc             ] GC(2804) Pause Young (Allocation Failure) 583M->433M(579M) 1.537ms
[758.090s][info][gc,cpu         ] GC(2804) User=0.00s Sys=0.00s Real=0.00s
[758.334s][info][gc,start       ] GC(2805) Pause Young (Allocation Failure)
[758.335s][info][gc,heap        ] GC(2805) PSYoungGen: 150240K(150528K)->704K(145408K) Eden: 149504K(149504K)->0K(144384K) From: 736K(1024K)->704K(1024K)
[758.335s][info][gc,heap        ] GC(2805) ParOldGen: 442859K(442880K)->442883K(443392K)
[758.335s][info][gc,metaspace   ] GC(2805) Metaspace: 6132K(6208K)->6132K(6208K) NonClass: 5649K(5696K)->5649K(5696K) Class: 483K(512K)->483K(512K)
[758.335s][info][gc             ] GC(2805) Pause Young (Allocation Failure) 579M->433M(575M) 1.471ms
[758.335s][info][gc,cpu         ] GC(2805) User=0.00s Sys=0.00s Real=0.00s
[758.561s][info][gc,start       ] GC(2806) Pause Young (Allocation Failure)
[758.563s][info][gc,heap        ] GC(2806) PSYoungGen: 145088K(145408K)->704K(140800K) Eden: 144384K(144384K)->0K(139776K) From: 704K(1024K)->704K(1024K)
[758.563s][info][gc,heap        ] GC(2806) ParOldGen: 442883K(443392K)->442883K(443392K)
[758.563s][info][gc,metaspace   ] GC(2806) Metaspace: 6132K(6208K)->6132K(6208K) NonClass: 5649K(5696K)->5649K(5696K) Class: 483K(512K)->483K(512K)
[758.563s][info][gc             ] GC(2806) Pause Young (Allocation Failure) 574M->433M(570M) 1.549ms
[758.563s][info][gc,cpu         ] GC(2806) User=0.00s Sys=0.00s Real=0.00s
[758.793s][info][gc,start       ] GC(2807) Pause Young (Allocation Failure)
[758.796s][info][gc,heap        ] GC(2807) PSYoungGen: 140480K(140800K)->498K(135680K) Eden: 139776K(139776K)->0K(135168K) From: 704K(1024K)->498K(512K)
[758.796s][info][gc,heap        ] GC(2807) ParOldGen: 442883K(443392K)->443131K(443392K)
[758.796s][info][gc,metaspace   ] GC(2807) Metaspace: 6132K(6208K)->6132K(6208K) NonClass: 5649K(5696K)->5649K(5696K) Class: 483K(512K)->483K(512K)
[758.796s][info][gc             ] GC(2807) Pause Young (Allocation Failure) 569M->433M(565M) 3.117ms
[758.796s][info][gc,cpu         ] GC(2807) User=0.00s Sys=0.00s Real=0.00s
[759.008s][info][gc,start       ] GC(2808) Pause Young (Allocation Failure)
[759.011s][info][gc,heap        ] GC(2808) PSYoungGen: 135666K(135680K)->658K(132096K) Eden: 135168K(135168K)->0K(131072K) From: 498K(512K)->658K(1024K)
[759.011s][info][gc,heap        ] GC(2808) ParOldGen: 443131K(443392K)->443131K(443392K)
[759.011s][info][gc,metaspace   ] GC(2808) Metaspace: 6132K(6208K)->6132K(6208K) NonClass: 5649K(5696K)->5649K(5696K) Class: 483K(512K)->483K(512K)
[759.011s][info][gc             ] GC(2808) Pause Young (Allocation Failure) 565M->433M(562M) 2.598ms
[759.011s][info][gc,cpu         ] GC(2808) User=0.00s Sys=0.00s Real=0.01s
[759.223s][info][gc,start       ] GC(2809) Pause Young (Allocation Failure)
[759.224s][info][gc,heap        ] GC(2809) PSYoungGen: 131730K(132096K)->672K(128000K) Eden: 131072K(131072K)->0K(126976K) From: 658K(1024K)->672K(1024K)
[759.224s][info][gc,heap        ] GC(2809) ParOldGen: 443131K(443392K)->443155K(443392K)
[759.224s][info][gc,metaspace   ] GC(2809) Metaspace: 6132K(6208K)->6132K(6208K) NonClass: 5649K(5696K)->5649K(5696K) Class: 483K(512K)->483K(512K)
[759.224s][info][gc             ] GC(2809) Pause Young (Allocation Failure) 561M->433M(558M) 1.820ms
[759.224s][info][gc,cpu         ] GC(2809) User=0.00s Sys=0.00s Real=0.00s
[759.429s][info][gc,start       ] GC(2810) Pause Young (Allocation Failure)
[759.431s][info][gc,heap        ] GC(2810) PSYoungGen: 127648K(128000K)->466K(123392K) Eden: 126976K(126976K)->0K(122880K) From: 672K(1024K)->466K(512K)
[759.431s][info][gc,heap        ] GC(2810) ParOldGen: 443155K(443392K)->443155K(443392K)
[759.431s][info][gc,metaspace   ] GC(2810) Metaspace: 6132K(6208K)->6132K(6208K) NonClass: 5649K(5696K)->5649K(5696K) Class: 483K(512K)->483K(512K)
[759.431s][info][gc             ] GC(2810) Pause Young (Allocation Failure) 557M->433M(553M) 2.249ms
[759.431s][info][gc,cpu         ] GC(2810) User=0.00s Sys=0.00s Real=0.01s
[759.626s][info][gc,start       ] GC(2811) Pause Young (Allocation Failure)
[759.628s][info][gc,heap        ] GC(2811) PSYoungGen: 123346K(123392K)->768K(120320K) Eden: 122880K(122880K)->0K(119296K) From: 466K(512K)->768K(1024K)
[759.628s][info][gc,heap        ] GC(2811) ParOldGen: 443155K(443392K)->443155K(443392K)
[759.628s][info][gc,metaspace   ] GC(2811) Metaspace: 6132K(6208K)->6132K(6208K) NonClass: 5649K(5696K)->5649K(5696K) Class: 483K(512K)->483K(512K)
[759.628s][info][gc             ] GC(2811) Pause Young (Allocation Failure) 553M->433M(550M) 1.927ms
[759.628s][info][gc,cpu         ] GC(2811) User=0.01s Sys=0.00s Real=0.00s
[759.809s][info][gc,start       ] GC(2812) Pause Young (Allocation Failure)
[759.811s][info][gc,heap        ] GC(2812) PSYoungGen: 120064K(120320K)->640K(116736K) Eden: 119296K(119296K)->0K(115712K) From: 768K(1024K)->640K(1024K)
[759.811s][info][gc,heap        ] GC(2812) ParOldGen: 443155K(443392K)->443155K(443392K)
[759.811s][info][gc,metaspace   ] GC(2812) Metaspace: 6132K(6208K)->6132K(6208K) NonClass: 5649K(5696K)->5649K(5696K) Class: 483K(512K)->483K(512K)
[759.811s][info][gc             ] GC(2812) Pause Young (Allocation Failure) 550M->433M(547M) 1.558ms
[759.811s][info][gc,cpu         ] GC(2812) User=0.00s Sys=0.00s Real=0.01s
[759.993s][info][gc,start       ] GC(2813) Pause Young (Allocation Failure)
[759.994s][info][gc,heap        ] GC(2813) PSYoungGen: 116352K(116736K)->512K(112640K) Eden: 115712K(115712K)->0K(112128K) From: 640K(1024K)->512K(512K)
[759.994s][info][gc,heap        ] GC(2813) ParOldGen: 443155K(443392K)->443315K(443392K)
[759.994s][info][gc,metaspace   ] GC(2813) Metaspace: 6132K(6208K)->6132K(6208K) NonClass: 5649K(5696K)->5649K(5696K) Class: 483K(512K)->483K(512K)
[759.995s][info][gc             ] GC(2813) Pause Young (Allocation Failure) 546M->433M(543M) 1.511ms
[759.995s][info][gc,cpu         ] GC(2813) User=0.00s Sys=0.00s Real=0.00s
[760.169s][info][gc,start       ] GC(2814) Pause Young (Allocation Failure)
[760.171s][info][gc,heap        ] GC(2814) PSYoungGen: 112640K(112640K)->754K(110080K) Eden: 112128K(112128K)->0K(109056K) From: 512K(512K)->754K(1024K)
[760.171s][info][gc,heap        ] GC(2814) ParOldGen: 443315K(443392K)->443315K(443392K)
[760.171s][info][gc,metaspace   ] GC(2814) Metaspace: 6132K(6208K)->6132K(6208K) NonClass: 5649K(5696K)->5649K(5696K) Class: 483K(512K)->483K(512K)
[760.171s][info][gc             ] GC(2814) Pause Young (Allocation Failure) 542M->433M(540M) 1.565ms
[760.171s][info][gc,cpu         ] GC(2814) User=0.00s Sys=0.00s Real=0.01s
[760.338s][info][gc,start       ] GC(2815) Pause Young (Allocation Failure)
[760.340s][info][gc,heap        ] GC(2815) PSYoungGen: 109810K(110080K)->704K(107008K) Eden: 109056K(109056K)->0K(105984K) From: 754K(1024K)->704K(1024K)
[760.340s][info][gc,heap        ] GC(2815) ParOldGen: 443315K(443392K)->443355K(443392K)
[760.340s][info][gc,metaspace   ] GC(2815) Metaspace: 6132K(6208K)->6132K(6208K) NonClass: 5649K(5696K)->5649K(5696K) Class: 483K(512K)->483K(512K)
[760.340s][info][gc             ] GC(2815) Pause Young (Allocation Failure) 540M->433M(537M) 1.537ms
[760.340s][info][gc,cpu         ] GC(2815) User=0.01s Sys=0.00s Real=0.00s
[760.501s][info][gc,start       ] GC(2816) Pause Young (Allocation Failure)
[760.502s][info][gc,heap        ] GC(2816) PSYoungGen: 106688K(107008K)->800K(103936K) Eden: 105984K(105984K)->0K(102912K) From: 704K(1024K)->800K(1024K)
[760.502s][info][gc,heap        ] GC(2816) ParOldGen: 443355K(443392K)->443355K(443392K)
[760.502s][info][gc,metaspace   ] GC(2816) Metaspace: 6132K(6208K)->6132K(6208K) NonClass: 5649K(5696K)->5649K(5696K) Class: 483K(512K)->483K(512K)
[760.502s][info][gc             ] GC(2816) Pause Young (Allocation Failure) 537M->433M(534M) 1.613ms
[760.502s][info][gc,cpu         ] GC(2816) User=0.00s Sys=0.00s Real=0.00s
[760.661s][info][gc,start       ] GC(2817) Pause Young (Allocation Failure)
[760.662s][info][gc,heap        ] GC(2817) PSYoungGen: 103712K(103936K)->512K(100352K) Eden: 102912K(102912K)->0K(99840K) From: 800K(1024K)->512K(512K)
[760.662s][info][gc,heap        ] GC(2817) ParOldGen: 443355K(443392K)->443515K(443904K)
[760.663s][info][gc,metaspace   ] GC(2817) Metaspace: 6132K(6208K)->6132K(6208K) NonClass: 5649K(5696K)->5649K(5696K) Class: 483K(512K)->483K(512K)
[760.663s][info][gc             ] GC(2817) Pause Young (Allocation Failure) 534M->433M(531M) 1.528ms
[760.663s][info][gc,cpu         ] GC(2817) User=0.01s Sys=0.00s Real=0.00s
[760.820s][info][gc,start       ] GC(2818) Pause Young (Allocation Failure)
[760.821s][info][gc,heap        ] GC(2818) PSYoungGen: 100352K(100352K)->722K(98304K) Eden: 99840K(99840K)->0K(97280K) From: 512K(512K)->722K(1024K)
[760.821s][info][gc,heap        ] GC(2818) ParOldGen: 443515K(443904K)->443515K(443904K)
[760.821s][info][gc,metaspace   ] GC(2818) Metaspace: 6132K(6208K)->6132K(6208K) NonClass: 5649K(5696K)->5649K(5696K) Class: 483K(512K)->483K(512K)
[760.821s][info][gc             ] GC(2818) Pause Young (Allocation Failure) 531M->433M(529M) 1.454ms
[760.821s][info][gc,cpu         ] GC(2818) User=0.00s Sys=0.00s Real=0.01s
[760.974s][info][gc,start       ] GC(2819) Pause Young (Allocation Failure)
[760.975s][info][gc,heap        ] GC(2819) PSYoungGen: 98002K(98304K)->736K(95744K) Eden: 97280K(97280K)->0K(94720K) From: 722K(1024K)->736K(1024K)
[760.975s][info][gc,heap        ] GC(2819) ParOldGen: 443515K(443904K)->443555K(443904K)
[760.975s][info][gc,metaspace   ] GC(2819) Metaspace: 6132K(6208K)->6132K(6208K) NonClass: 5649K(5696K)->5649K(5696K) Class: 483K(512K)->483K(512K)
[760.975s][info][gc             ] GC(2819) Pause Young (Allocation Failure) 528M->433M(527M) 1.553ms
[760.975s][info][gc,cpu         ] GC(2819) User=0.01s Sys=0.00s Real=0.00s
[761.126s][info][gc,start       ] GC(2820) Pause Young (Allocation Failure)
[761.127s][info][gc,heap        ] GC(2820) PSYoungGen: 95456K(95744K)->736K(93184K) Eden: 94720K(94720K)->0K(92160K) From: 736K(1024K)->736K(1024K)
[761.127s][info][gc,heap        ] GC(2820) ParOldGen: 443555K(443904K)->443555K(443904K)
[761.127s][info][gc,metaspace   ] GC(2820) Metaspace: 6132K(6208K)->6132K(6208K) NonClass: 5649K(5696K)->5649K(5696K) Class: 483K(512K)->483K(512K)
[761.127s][info][gc             ] GC(2820) Pause Young (Allocation Failure) 526M->433M(524M) 1.593ms
[761.127s][info][gc,cpu         ] GC(2820) User=0.00s Sys=0.00s Real=0.00s
[761.277s][info][gc,start       ] GC(2821) Pause Young (Allocation Failure)
[761.279s][info][gc,heap        ] GC(2821) PSYoungGen: 92896K(93184K)->498K(111104K) Eden: 92160K(92160K)->0K(110592K) From: 736K(1024K)->498K(512K)
[761.279s][info][gc,heap        ] GC(2821) ParOldGen: 443555K(443904K)->443755K(443904K)
[761.279s][info][gc,metaspace   ] GC(2821) Metaspace: 6132K(6208K)->6132K(6208K) NonClass: 5649K(5696K)->5649K(5696K) Class: 483K(512K)->483K(512K)
[761.280s][info][gc             ] GC(2821) Pause Young (Allocation Failure) 523M->433M(542M) 2.813ms
[761.280s][info][gc,cpu         ] GC(2821) User=0.00s Sys=0.00s Real=0.00s
[761.463s][info][gc,start       ] GC(2822) Pause Young (Allocation Failure)
[761.465s][info][gc,heap        ] GC(2822) PSYoungGen: 111090K(111104K)->690K(134144K) Eden: 110592K(110592K)->0K(133120K) From: 498K(512K)->690K(1024K)
[761.465s][info][gc,heap        ] GC(2822) ParOldGen: 443755K(443904K)->443755K(443904K)
[761.465s][info][gc,metaspace   ] GC(2822) Metaspace: 6132K(6208K)->6132K(6208K) NonClass: 5649K(5696K)->5649K(5696K) Class: 483K(512K)->483K(512K)
[761.465s][info][gc             ] GC(2822) Pause Young (Allocation Failure) 541M->434M(564M) 1.779ms
[761.465s][info][gc,cpu         ] GC(2822) User=0.01s Sys=0.00s Real=0.00s
[761.681s][info][gc,start       ] GC(2823) Pause Young (Allocation Failure)
[761.683s][info][gc,heap        ] GC(2823) PSYoungGen: 133810K(134144K)->704K(130048K) Eden: 133120K(133120K)->0K(129024K) From: 690K(1024K)->704K(1024K)
[761.683s][info][gc,heap        ] GC(2823) ParOldGen: 443755K(443904K)->443827K(443904K)
[761.683s][info][gc,metaspace   ] GC(2823) Metaspace: 6132K(6208K)->6132K(6208K) NonClass: 5649K(5696K)->5649K(5696K) Class: 483K(512K)->483K(512K)
[761.683s][info][gc             ] GC(2823) Pause Young (Allocation Failure) 564M->434M(560M) 1.777ms
[761.683s][info][gc,cpu         ] GC(2823) User=0.00s Sys=0.00s Real=0.00s
[761.907s][info][gc,start       ] GC(2824) Pause Young (Allocation Failure)
[761.909s][info][gc,heap        ] GC(2824) PSYoungGen: 129728K(130048K)->704K(125952K) Eden: 129024K(129024K)->0K(124928K) From: 704K(1024K)->704K(1024K)
[761.909s][info][gc,heap        ] GC(2824) ParOldGen: 443827K(443904K)->443827K(443904K)
[761.909s][info][gc,metaspace   ] GC(2824) Metaspace: 6132K(6208K)->6132K(6208K) NonClass: 5649K(5696K)->5649K(5696K) Class: 483K(512K)->483K(512K)
[761.909s][info][gc             ] GC(2824) Pause Young (Allocation Failure) 560M->434M(556M) 1.631ms
[761.909s][info][gc,cpu         ] GC(2824) User=0.01s Sys=0.00s Real=0.00s
[762.125s][info][gc,start       ] GC(2825) Pause Young (Allocation Failure)
[762.129s][info][gc,heap        ] GC(2825) PSYoungGen: 125632K(125952K)->498K(150528K) Eden: 124928K(124928K)->0K(150016K) From: 704K(1024K)->498K(512K)
[762.129s][info][gc,heap        ] GC(2825) ParOldGen: 443827K(443904K)->444027K(444416K)
[762.129s][info][gc,metaspace   ] GC(2825) Metaspace: 6132K(6208K)->6132K(6208K) NonClass: 5649K(5696K)->5649K(5696K) Class: 483K(512K)->483K(512K)
[762.129s][info][gc             ] GC(2825) Pause Young (Allocation Failure) 556M->434M(581M) 4.187ms
[762.129s][info][gc,cpu         ] GC(2825) User=0.00s Sys=0.00s Real=0.00s
[762.396s][info][gc,start       ] GC(2826) Pause Young (Allocation Failure)
[762.399s][info][gc,heap        ] GC(2826) PSYoungGen: 150514K(150528K)->722K(181248K) Eden: 150016K(150016K)->0K(180224K) From: 498K(512K)->722K(1024K)
[762.399s][info][gc,heap        ] GC(2826) ParOldGen: 444027K(444416K)->444027K(444416K)
[762.399s][info][gc,metaspace   ] GC(2826) Metaspace: 6132K(6208K)->6132K(6208K) NonClass: 5649K(5696K)->5649K(5696K) Class: 483K(512K)->483K(512K)
[762.399s][info][gc             ] GC(2826) Pause Young (Allocation Failure) 580M->434M(611M) 2.740ms
[762.399s][info][gc,cpu         ] GC(2826) User=0.00s Sys=0.00s Real=0.00s
[762.711s][info][gc,start       ] GC(2827) Pause Young (Allocation Failure)
[762.715s][info][gc,heap        ] GC(2827) PSYoungGen: 180946K(181248K)->786K(217088K) Eden: 180224K(180224K)->0K(216064K) From: 722K(1024K)->786K(1024K)
[762.715s][info][gc,heap        ] GC(2827) ParOldGen: 444027K(444416K)->444075K(444416K)
[762.715s][info][gc,metaspace   ] GC(2827) Metaspace: 6132K(6208K)->6132K(6208K) NonClass: 5649K(5696K)->5649K(5696K) Class: 483K(512K)->483K(512K)
[762.715s][info][gc             ] GC(2827) Pause Young (Allocation Failure) 610M->434M(646M) 3.205ms
[762.715s][info][gc,cpu         ] GC(2827) User=0.01s Sys=0.00s Real=0.00s
[763.085s][info][gc,start       ] GC(2828) Pause Young (Allocation Failure)
[763.089s][info][gc,heap        ] GC(2828) PSYoungGen: 216850K(217088K)->722K(251904K) Eden: 216064K(216064K)->0K(250880K) From: 786K(1024K)->722K(1024K)
[763.089s][info][gc,heap        ] GC(2828) ParOldGen: 444075K(444416K)->444075K(444416K)
[763.089s][info][gc,metaspace   ] GC(2828) Metaspace: 6132K(6208K)->6132K(6208K) NonClass: 5649K(5696K)->5649K(5696K) Class: 483K(512K)->483K(512K)
[763.089s][info][gc             ] GC(2828) Pause Young (Allocation Failure) 645M->434M(680M) 3.379ms
[763.089s][info][gc,cpu         ] GC(2828) User=0.00s Sys=0.01s Real=0.00s
[763.524s][info][gc,start       ] GC(2829) Pause Young (Allocation Failure)
[763.525s][info][gc,heap        ] GC(2829) PSYoungGen: 251602K(251904K)->640K(242176K) Eden: 250880K(250880K)->0K(241152K) From: 722K(1024K)->640K(1024K)
[763.525s][info][gc,heap        ] GC(2829) ParOldGen: 444075K(444416K)->444075K(444416K)
[763.525s][info][gc,metaspace   ] GC(2829) Metaspace: 6132K(6208K)->6132K(6208K) NonClass: 5649K(5696K)->5649K(5696K) Class: 483K(512K)->483K(512K)
[763.526s][info][gc             ] GC(2829) Pause Young (Allocation Failure) 679M->434M(670M) 1.632ms
[763.526s][info][gc,cpu         ] GC(2829) User=0.00s Sys=0.00s Real=0.00s
[763.952s][info][gc,start       ] GC(2830) Pause Young (Allocation Failure)
[763.954s][info][gc,heap        ] GC(2830) PSYoungGen: 241792K(242176K)->704K(232960K) Eden: 241152K(241152K)->0K(231936K) From: 640K(1024K)->704K(1024K)
[763.954s][info][gc,heap        ] GC(2830) ParOldGen: 444075K(444416K)->444075K(444416K)
[763.954s][info][gc,metaspace   ] GC(2830) Metaspace: 6132K(6208K)->6132K(6208K) NonClass: 5649K(5696K)->5649K(5696K) Class: 483K(512K)->483K(512K)
[763.954s][info][gc             ] GC(2830) Pause Young (Allocation Failure) 669M->434M(661M) 1.768ms
[763.954s][info][gc,cpu         ] GC(2830) User=0.00s Sys=0.00s Real=0.00s
[764.344s][info][gc,start       ] GC(2831) Pause Young (Allocation Failure)
[764.345s][info][gc,heap        ] GC(2831) PSYoungGen: 232640K(232960K)->512K(223744K) Eden: 231936K(231936K)->0K(223232K) From: 704K(1024K)->512K(512K)
[764.345s][info][gc,heap        ] GC(2831) ParOldGen: 444075K(444416K)->444283K(444416K)
[764.345s][info][gc,metaspace   ] GC(2831) Metaspace: 6132K(6208K)->6132K(6208K) NonClass: 5649K(5696K)->5649K(5696K) Class: 483K(512K)->483K(512K)
[764.345s][info][gc             ] GC(2831) Pause Young (Allocation Failure) 660M->434M(652M) 1.631ms
[764.345s][info][gc,cpu         ] GC(2831) User=0.00s Sys=0.00s Real=0.00s
[764.712s][info][gc,start       ] GC(2832) Pause Young (Allocation Failure)
[764.715s][info][gc,heap        ] GC(2832) PSYoungGen: 223744K(223744K)->754K(216064K) Eden: 223232K(223232K)->0K(215040K) From: 512K(512K)->754K(1024K)
[764.715s][info][gc,heap        ] GC(2832) ParOldGen: 444283K(444416K)->444283K(444416K)
[764.715s][info][gc,metaspace   ] GC(2832) Metaspace: 6132K(6208K)->6132K(6208K) NonClass: 5649K(5696K)->5649K(5696K) Class: 483K(512K)->483K(512K)
[764.715s][info][gc             ] GC(2832) Pause Young (Allocation Failure) 652M->434M(645M) 3.241ms
[764.715s][info][gc,cpu         ] GC(2832) User=0.00s Sys=0.00s Real=0.00s
[765.089s][info][gc,start       ] GC(2833) Pause Young (Allocation Failure)
[765.091s][info][gc,heap        ] GC(2833) PSYoungGen: 215794K(216064K)->704K(207872K) Eden: 215040K(215040K)->0K(206848K) From: 754K(1024K)->704K(1024K)
[765.091s][info][gc,heap        ] GC(2833) ParOldGen: 444283K(444416K)->444323K(444416K)
[765.091s][info][gc,metaspace   ] GC(2833) Metaspace: 6132K(6208K)->6132K(6208K) NonClass: 5649K(5696K)->5649K(5696K) Class: 483K(512K)->483K(512K)
[765.091s][info][gc             ] GC(2833) Pause Young (Allocation Failure) 644M->434M(637M) 1.670ms
[765.091s][info][gc,cpu         ] GC(2833) User=0.00s Sys=0.00s Real=0.01s
[765.470s][info][gc,start       ] GC(2834) Pause Young (Allocation Failure)
[765.473s][info][gc,heap        ] GC(2834) PSYoungGen: 207552K(207872K)->754K(200192K) Eden: 206848K(206848K)->0K(199168K) From: 704K(1024K)->754K(1024K)
[765.473s][info][gc,heap        ] GC(2834) ParOldGen: 444323K(444416K)->444323K(444416K)
[765.473s][info][gc,metaspace   ] GC(2834) Metaspace: 6132K(6208K)->6132K(6208K) NonClass: 5649K(5696K)->5649K(5696K) Class: 483K(512K)->483K(512K)
[765.473s][info][gc             ] GC(2834) Pause Young (Allocation Failure) 636M->434M(629M) 2.489ms
[765.473s][info][gc,cpu         ] GC(2834) User=0.00s Sys=0.00s Real=0.01s
[766.125s][info][gc,start       ] GC(2835) Pause Young (Allocation Failure)
[766.127s][info][gc,heap        ] GC(2835) PSYoungGen: 199922K(200192K)->512K(192512K) Eden: 199168K(199168K)->0K(192000K) From: 754K(1024K)->512K(512K)
[766.127s][info][gc,heap        ] GC(2835) ParOldGen: 444323K(444416K)->444419K(444928K)
[766.127s][info][gc,metaspace   ] GC(2835) Metaspace: 6132K(6208K)->6132K(6208K) NonClass: 5649K(5696K)->5649K(5696K) Class: 483K(512K)->483K(512K)
[766.127s][info][gc             ] GC(2835) Pause Young (Allocation Failure) 629M->434M(622M) 2.065ms
[766.127s][info][gc,cpu         ] GC(2835) User=0.00s Sys=0.00s Real=0.00s
[766.787s][info][gc,start       ] GC(2836) Pause Young (Allocation Failure)
[766.791s][info][gc,heap        ] GC(2836) PSYoungGen: 192512K(192512K)->786K(186368K) Eden: 192000K(192000K)->0K(185344K) From: 512K(512K)->786K(1024K)
[766.791s][info][gc,heap        ] GC(2836) ParOldGen: 444419K(444928K)->444419K(444928K)
[766.791s][info][gc,metaspace   ] GC(2836) Metaspace: 6132K(6208K)->6132K(6208K) NonClass: 5649K(5696K)->5649K(5696K) Class: 483K(512K)->483K(512K)
[766.791s][info][gc             ] GC(2836) Pause Young (Allocation Failure) 622M->434M(616M) 4.029ms
[766.791s][info][gc,cpu         ] GC(2836) User=0.00s Sys=0.00s Real=0.01s
[767.362s][info][gc,start       ] GC(2837) Pause Young (Allocation Failure)
[767.363s][info][gc,heap        ] GC(2837) PSYoungGen: 186130K(186368K)->736K(179712K) Eden: 185344K(185344K)->0K(178688K) From: 786K(1024K)->736K(1024K)
[767.363s][info][gc,heap        ] GC(2837) ParOldGen: 444419K(444928K)->444459K(444928K)
[767.363s][info][gc,metaspace   ] GC(2837) Metaspace: 6132K(6208K)->6132K(6208K) NonClass: 5649K(5696K)->5649K(5696K) Class: 483K(512K)->483K(512K)
[767.364s][info][gc             ] GC(2837) Pause Young (Allocation Failure) 615M->434M(610M) 1.894ms
[767.364s][info][gc,cpu         ] GC(2837) User=0.00s Sys=0.00s Real=0.00s
[767.888s][info][gc,start       ] GC(2838) Pause Young (Allocation Failure)
[767.891s][info][gc,heap        ] GC(2838) PSYoungGen: 179424K(179712K)->672K(173568K) Eden: 178688K(178688K)->0K(172544K) From: 736K(1024K)->672K(1024K)
[767.891s][info][gc,heap        ] GC(2838) ParOldGen: 444459K(444928K)->444459K(444928K)
[767.891s][info][gc,metaspace   ] GC(2838) Metaspace: 6132K(6208K)->6132K(6208K) NonClass: 5649K(5696K)->5649K(5696K) Class: 483K(512K)->483K(512K)
[767.891s][info][gc             ] GC(2838) Pause Young (Allocation Failure) 609M->434M(604M) 3.103ms
[767.891s][info][gc,cpu         ] GC(2838) User=0.00s Sys=0.00s Real=0.01s
[768.327s][info][gc,start       ] GC(2839) Pause Young (Allocation Failure)
[768.330s][info][gc,heap        ] GC(2839) PSYoungGen: 173216K(173568K)->480K(166912K) Eden: 172544K(172544K)->0K(166400K) From: 672K(1024K)->480K(512K)
[768.330s][info][gc,heap        ] GC(2839) ParOldGen: 444459K(444928K)->444459K(444928K)
[768.330s][info][gc,metaspace   ] GC(2839) Metaspace: 6132K(6208K)->6132K(6208K) NonClass: 5649K(5696K)->5649K(5696K) Class: 483K(512K)->483K(512K)
[768.330s][info][gc             ] GC(2839) Pause Young (Allocation Failure) 603M->434M(597M) 2.992ms
[768.330s][info][gc,cpu         ] GC(2839) User=0.00s Sys=0.00s Real=0.00s
[768.860s][info][gc,start       ] GC(2840) Pause Young (Allocation Failure)
[768.867s][info][gc,heap        ] GC(2840) PSYoungGen: 166880K(166912K)->736K(161792K) Eden: 166400K(166400K)->0K(160768K) From: 480K(512K)->736K(1024K)
[768.867s][info][gc,heap        ] GC(2840) ParOldGen: 444459K(444928K)->444459K(444928K)
[768.867s][info][gc,metaspace   ] GC(2840) Metaspace: 6132K(6208K)->6132K(6208K) NonClass: 5649K(5696K)->5649K(5696K) Class: 483K(512K)->483K(512K)
[768.867s][info][gc             ] GC(2840) Pause Young (Allocation Failure) 597M->434M(592M) 7.095ms
[768.867s][info][gc,cpu         ] GC(2840) User=0.01s Sys=0.00s Real=0.01s
[769.374s][info][gc,start       ] GC(2841) Pause Young (Allocation Failure)
[769.379s][info][gc,heap        ] GC(2841) PSYoungGen: 161504K(161792K)->658K(156160K) Eden: 160768K(160768K)->0K(155136K) From: 736K(1024K)->658K(1024K)
[769.379s][info][gc,heap        ] GC(2841) ParOldGen: 444459K(444928K)->444459K(444928K)
[769.379s][info][gc,metaspace   ] GC(2841) Metaspace: 6132K(6208K)->6132K(6208K) NonClass: 5649K(5696K)->5649K(5696K) Class: 483K(512K)->483K(512K)
[769.379s][info][gc             ] GC(2841) Pause Young (Allocation Failure) 591M->434M(587M) 4.794ms
[769.379s][info][gc,cpu         ] GC(2841) User=0.01s Sys=0.00s Real=0.00s
[769.881s][info][gc,start       ] GC(2842) Pause Young (Allocation Failure)
[769.887s][info][gc,heap        ] GC(2842) PSYoungGen: 155794K(156160K)->786K(151040K) Eden: 155136K(155136K)->0K(150016K) From: 658K(1024K)->786K(1024K)
[769.887s][info][gc,heap        ] GC(2842) ParOldGen: 444459K(444928K)->444459K(444928K)
[769.887s][info][gc,metaspace   ] GC(2842) Metaspace: 6132K(6208K)->6132K(6208K) NonClass: 5649K(5696K)->5649K(5696K) Class: 483K(512K)->483K(512K)
[769.887s][info][gc             ] GC(2842) Pause Young (Allocation Failure) 586M->434M(582M) 6.195ms
[769.887s][info][gc,cpu         ] GC(2842) User=0.00s Sys=0.00s Real=0.00s
[770.401s][info][gc,start       ] GC(2843) Pause Young (Allocation Failure)
[770.407s][info][gc,heap        ] GC(2843) PSYoungGen: 150802K(151040K)->498K(145408K) Eden: 150016K(150016K)->0K(144896K) From: 786K(1024K)->498K(512K)
[770.407s][info][gc,heap        ] GC(2843) ParOldGen: 444459K(444928K)->444651K(444928K)
[770.407s][info][gc,metaspace   ] GC(2843) Metaspace: 6132K(6208K)->6132K(6208K) NonClass: 5649K(5696K)->5649K(5696K) Class: 483K(512K)->483K(512K)
[770.407s][info][gc             ] GC(2843) Pause Young (Allocation Failure) 581M->434M(576M) 6.486ms
[770.407s][info][gc,cpu         ] GC(2843) User=0.00s Sys=0.00s Real=0.00s
[770.875s][info][gc,start       ] GC(2844) Pause Young (Allocation Failure)
[770.880s][info][gc,heap        ] GC(2844) PSYoungGen: 145394K(145408K)->741K(175104K) Eden: 144896K(144896K)->0K(174080K) From: 498K(512K)->741K(1024K)
[770.880s][info][gc,heap        ] GC(2844) ParOldGen: 444651K(444928K)->444651K(444928K)
[770.880s][info][gc,metaspace   ] GC(2844) Metaspace: 6132K(6208K)->6132K(6208K) NonClass: 5649K(5696K)->5649K(5696K) Class: 483K(512K)->483K(512K)
[770.880s][info][gc             ] GC(2844) Pause Young (Allocation Failure) 576M->434M(605M) 5.261ms
[770.880s][info][gc,cpu         ] GC(2844) User=0.00s Sys=0.00s Real=0.00s
[771.448s][info][gc,start       ] GC(2845) Pause Young (Allocation Failure)
[771.450s][info][gc,heap        ] GC(2845) PSYoungGen: 174821K(175104K)->690K(168960K) Eden: 174080K(174080K)->0K(167936K) From: 741K(1024K)->690K(1024K)
[771.450s][info][gc,heap        ] GC(2845) ParOldGen: 444651K(444928K)->444707K(444928K)
[771.450s][info][gc,metaspace   ] GC(2845) Metaspace: 6132K(6208K)->6132K(6208K) NonClass: 5649K(5696K)->5649K(5696K) Class: 483K(512K)->483K(512K)
[771.450s][info][gc             ] GC(2845) Pause Young (Allocation Failure) 604M->434M(599M) 2.807ms
[771.450s][info][gc,cpu         ] GC(2845) User=0.00s Sys=0.00s Real=0.00s
[771.969s][info][gc,start       ] GC(2846) Pause Young (Allocation Failure)
[771.974s][info][gc,heap        ] GC(2846) PSYoungGen: 168626K(168960K)->786K(163328K) Eden: 167936K(167936K)->0K(162304K) From: 690K(1024K)->786K(1024K)
[771.974s][info][gc,heap        ] GC(2846) ParOldGen: 444707K(444928K)->444707K(444928K)
[771.974s][info][gc,metaspace   ] GC(2846) Metaspace: 6132K(6208K)->6132K(6208K) NonClass: 5649K(5696K)->5649K(5696K) Class: 483K(512K)->483K(512K)
[771.974s][info][gc             ] GC(2846) Pause Young (Allocation Failure) 598M->435M(594M) 4.995ms
[771.974s][info][gc,cpu         ] GC(2846) User=0.00s Sys=0.00s Real=0.01s
[772.492s][info][gc,start       ] GC(2847) Pause Young (Allocation Failure)
[772.497s][info][gc,heap        ] GC(2847) PSYoungGen: 163090K(163328K)->498K(157184K) Eden: 162304K(162304K)->0K(156672K) From: 786K(1024K)->498K(512K)
[772.497s][info][gc,heap        ] GC(2847) ParOldGen: 444707K(444928K)->444859K(444928K)
[772.497s][info][gc,metaspace   ] GC(2847) Metaspace: 6132K(6208K)->6132K(6208K) NonClass: 5649K(5696K)->5649K(5696K) Class: 483K(512K)->483K(512K)
[772.497s][info][gc             ] GC(2847) Pause Young (Allocation Failure) 593M->434M(588M) 4.954ms
[772.497s][info][gc,cpu         ] GC(2847) User=0.00s Sys=0.00s Real=0.00s
[773.023s][info][gc,start       ] GC(2848) Pause Young (Allocation Failure)
[773.032s][info][gc,heap        ] GC(2848) PSYoungGen: 157170K(157184K)->754K(188928K) Eden: 156672K(156672K)->0K(187904K) From: 498K(512K)->754K(1024K)
[773.032s][info][gc,heap        ] GC(2848) ParOldGen: 444859K(444928K)->444859K(444928K)
[773.032s][info][gc,metaspace   ] GC(2848) Metaspace: 6132K(6208K)->6132K(6208K) NonClass: 5649K(5696K)->5649K(5696K) Class: 483K(512K)->483K(512K)
[773.032s][info][gc             ] GC(2848) Pause Young (Allocation Failure) 587M->435M(619M) 8.548ms
[773.032s][info][gc,cpu         ] GC(2848) User=0.00s Sys=0.00s Real=0.01s
[773.599s][info][gc,start       ] GC(2849) Pause Young (Allocation Failure)
[773.604s][info][gc,heap        ] GC(2849) PSYoungGen: 188658K(188928K)->690K(226304K) Eden: 187904K(187904K)->0K(225280K) From: 754K(1024K)->690K(1024K)
[773.604s][info][gc,heap        ] GC(2849) ParOldGen: 444859K(444928K)->444923K(444928K)
[773.604s][info][gc,metaspace   ] GC(2849) Metaspace: 6132K(6208K)->6132K(6208K) NonClass: 5649K(5696K)->5649K(5696K) Class: 483K(512K)->483K(512K)
[773.604s][info][gc             ] GC(2849) Pause Young (Allocation Failure) 618M->435M(655M) 5.370ms
[773.604s][info][gc,cpu         ] GC(2849) User=0.00s Sys=0.00s Real=0.01s
[774.341s][info][gc,start       ] GC(2850) Pause Young (Allocation Failure)
[774.348s][info][gc,heap        ] GC(2850) PSYoungGen: 225970K(226304K)->786K(257536K) Eden: 225280K(225280K)->0K(256512K) From: 690K(1024K)->786K(1024K)
[774.348s][info][gc,heap        ] GC(2850) ParOldGen: 444923K(444928K)->444923K(444928K)
[774.348s][info][gc,metaspace   ] GC(2850) Metaspace: 6132K(6208K)->6132K(6208K) NonClass: 5649K(5696K)->5649K(5696K) Class: 483K(512K)->483K(512K)
[774.348s][info][gc             ] GC(2850) Pause Young (Allocation Failure) 655M->435M(686M) 7.916ms
[774.348s][info][gc,cpu         ] GC(2850) User=0.01s Sys=0.00s Real=0.00s
[775.171s][info][gc,start       ] GC(2851) Pause Young (Allocation Failure)
[775.174s][info][gc,heap        ] GC(2851) PSYoungGen: 257298K(257536K)->722K(247808K) Eden: 256512K(256512K)->0K(246784K) From: 786K(1024K)->722K(1024K)
[775.174s][info][gc,heap        ] GC(2851) ParOldGen: 444923K(444928K)->444923K(444928K)
[775.174s][info][gc,metaspace   ] GC(2851) Metaspace: 6132K(6208K)->6132K(6208K) NonClass: 5649K(5696K)->5649K(5696K) Class: 483K(512K)->483K(512K)
[775.174s][info][gc             ] GC(2851) Pause Young (Allocation Failure) 685M->435M(676M) 3.206ms
[775.174s][info][gc,cpu         ] GC(2851) User=0.00s Sys=0.00s Real=0.00s
[775.853s][info][gc,start       ] GC(2852) Pause Young (Allocation Failure)
[775.855s][info][gc,heap        ] GC(2852) PSYoungGen: 247506K(247808K)->384K(237568K) Eden: 246784K(246784K)->0K(237056K) From: 722K(1024K)->384K(512K)
[775.855s][info][gc,heap        ] GC(2852) ParOldGen: 444923K(444928K)->444923K(444928K)
[775.855s][info][gc,metaspace   ] GC(2852) Metaspace: 6132K(6208K)->6132K(6208K) NonClass: 5649K(5696K)->5649K(5696K) Class: 483K(512K)->483K(512K)
[775.855s][info][gc             ] GC(2852) Pause Young (Allocation Failure) 676M->434M(666M) 2.778ms
[775.855s][info][gc,cpu         ] GC(2852) User=0.00s Sys=0.00s Real=0.00s
[776.529s][info][gc,start       ] GC(2853) Pause Young (Allocation Failure)
[776.532s][info][gc,heap        ] GC(2853) PSYoungGen: 237440K(237568K)->722K(228864K) Eden: 237056K(237056K)->0K(227840K) From: 384K(512K)->722K(1024K)
[776.532s][info][gc,heap        ] GC(2853) ParOldGen: 444923K(444928K)->444923K(444928K)
[776.532s][info][gc,metaspace   ] GC(2853) Metaspace: 6132K(6208K)->6132K(6208K) NonClass: 5649K(5696K)->5649K(5696K) Class: 483K(512K)->483K(512K)
[776.532s][info][gc             ] GC(2853) Pause Young (Allocation Failure) 666M->435M(658M) 3.028ms
[776.532s][info][gc,cpu         ] GC(2853) User=0.00s Sys=0.00s Real=0.01s
[777.185s][info][gc,start       ] GC(2854) Pause Young (Allocation Failure)
[777.188s][info][gc,heap        ] GC(2854) PSYoungGen: 228562K(228864K)->658K(220160K) Eden: 227840K(227840K)->0K(219136K) From: 722K(1024K)->658K(1024K)
[777.188s][info][gc,heap        ] GC(2854) ParOldGen: 444923K(444928K)->444923K(444928K)
[777.188s][info][gc,metaspace   ] GC(2854) Metaspace: 6132K(6208K)->6132K(6208K) NonClass: 5649K(5696K)->5649K(5696K) Class: 483K(512K)->483K(512K)
[777.188s][info][gc             ] GC(2854) Pause Young (Allocation Failure) 657M->435M(649M) 3.001ms
[777.188s][info][gc,cpu         ] GC(2854) User=0.00s Sys=0.00s Real=0.00s
[777.819s][info][gc,start       ] GC(2855) Pause Young (Allocation Failure)
[777.822s][info][gc,heap        ] GC(2855) PSYoungGen: 219794K(220160K)->498K(211456K) Eden: 219136K(219136K)->0K(210944K) From: 658K(1024K)->498K(512K)
[777.822s][info][gc,heap        ] GC(2855) ParOldGen: 444923K(444928K)->445107K(445440K)
[777.822s][info][gc,metaspace   ] GC(2855) Metaspace: 6132K(6208K)->6132K(6208K) NonClass: 5649K(5696K)->5649K(5696K) Class: 483K(512K)->483K(512K)
[777.822s][info][gc             ] GC(2855) Pause Young (Allocation Failure) 649M->435M(641M) 2.917ms
[777.822s][info][gc,cpu         ] GC(2855) User=0.00s Sys=0.00s Real=0.01s
[778.395s][info][gc,start       ] GC(2856) Pause Young (Allocation Failure)
[778.399s][info][gc,heap        ] GC(2856) PSYoungGen: 211442K(211456K)->704K(204288K) Eden: 210944K(210944K)->0K(203264K) From: 498K(512K)->704K(1024K)
[778.399s][info][gc,heap        ] GC(2856) ParOldGen: 445107K(445440K)->445107K(445440K)
[778.399s][info][gc,metaspace   ] GC(2856) Metaspace: 6132K(6208K)->6132K(6208K) NonClass: 5649K(5696K)->5649K(5696K) Class: 483K(512K)->483K(512K)
[778.399s][info][gc             ] GC(2856) Pause Young (Allocation Failure) 641M->435M(634M) 4.140ms
[778.399s][info][gc,cpu         ] GC(2856) User=0.00s Sys=0.00s Real=0.00s
[778.951s][info][gc,start       ] GC(2857) Pause Young (Allocation Failure)
[778.954s][info][gc,heap        ] GC(2857) PSYoungGen: 203968K(204288K)->640K(197120K) Eden: 203264K(203264K)->0K(196096K) From: 704K(1024K)->640K(1024K)
[778.954s][info][gc,heap        ] GC(2857) ParOldGen: 445107K(445440K)->445131K(445440K)
[778.954s][info][gc,metaspace   ] GC(2857) Metaspace: 6132K(6208K)->6132K(6208K) NonClass: 5649K(5696K)->5649K(5696K) Class: 483K(512K)->483K(512K)
[778.954s][info][gc             ] GC(2857) Pause Young (Allocation Failure) 633M->435M(627M) 2.796ms
[778.954s][info][gc,cpu         ] GC(2857) User=0.00s Sys=0.00s Real=0.00s
[779.478s][info][gc,start       ] GC(2858) Pause Young (Allocation Failure)
[779.481s][info][gc,heap        ] GC(2858) PSYoungGen: 196736K(197120K)->690K(189952K) Eden: 196096K(196096K)->0K(188928K) From: 640K(1024K)->690K(1024K)
[779.481s][info][gc,heap        ] GC(2858) ParOldGen: 445131K(445440K)->445131K(445440K)
[779.481s][info][gc,metaspace   ] GC(2858) Metaspace: 6132K(6208K)->6132K(6208K) NonClass: 5649K(5696K)->5649K(5696K) Class: 483K(512K)->483K(512K)
[779.481s][info][gc             ] GC(2858) Pause Young (Allocation Failure) 626M->435M(620M) 2.723ms
[779.481s][info][gc,cpu         ] GC(2858) User=0.01s Sys=0.00s Real=0.01s
[779.925s][info][gc,start       ] GC(2859) Pause Young (Allocation Failure)
[779.927s][info][gc,heap        ] GC(2859) PSYoungGen: 189618K(189952K)->498K(182784K) Eden: 188928K(188928K)->0K(182272K) From: 690K(1024K)->498K(512K)
[779.927s][info][gc,heap        ] GC(2859) ParOldGen: 445131K(445440K)->445323K(445440K)
[779.927s][info][gc,metaspace   ] GC(2859) Metaspace: 6132K(6208K)->6132K(6208K) NonClass: 5649K(5696K)->5649K(5696K) Class: 483K(512K)->483K(512K)
[779.928s][info][gc             ] GC(2859) Pause Young (Allocation Failure) 619M->435M(613M) 2.026ms
[779.928s][info][gc,cpu         ] GC(2859) User=0.00s Sys=0.00s Real=0.00s
[780.411s][info][gc,start       ] GC(2860) Pause Young (Allocation Failure)
[780.413s][info][gc,heap        ] GC(2860) PSYoungGen: 182770K(182784K)->448K(176640K) Eden: 182272K(182272K)->0K(175616K) From: 498K(512K)->448K(1024K)
[780.413s][info][gc,heap        ] GC(2860) ParOldGen: 445323K(445440K)->445323K(445440K)
[780.413s][info][gc,metaspace   ] GC(2860) Metaspace: 6132K(6208K)->6132K(6208K) NonClass: 5649K(5696K)->5649K(5696K) Class: 483K(512K)->483K(512K)
[780.413s][info][gc             ] GC(2860) Pause Young (Allocation Failure) 613M->435M(607M) 2.795ms
[780.413s][info][gc,cpu         ] GC(2860) User=0.00s Sys=0.00s Real=0.00s
[780.882s][info][gc,start       ] GC(2861) Pause Young (Allocation Failure)
[780.885s][info][gc,heap        ] GC(2861) PSYoungGen: 176064K(176640K)->704K(170496K) Eden: 175616K(175616K)->0K(169472K) From: 448K(1024K)->704K(1024K)
[780.885s][info][gc,heap        ] GC(2861) ParOldGen: 445323K(445440K)->445387K(445440K)
[780.885s][info][gc,metaspace   ] GC(2861) Metaspace: 6132K(6208K)->6132K(6208K) NonClass: 5649K(5696K)->5649K(5696K) Class: 483K(512K)->483K(512K)
[780.885s][info][gc             ] GC(2861) Pause Young (Allocation Failure) 606M->435M(601M) 3.003ms
[780.885s][info][gc,cpu         ] GC(2861) User=0.00s Sys=0.00s Real=0.00s
[781.384s][info][gc,start       ] GC(2862) Pause Young (Allocation Failure)
[781.387s][info][gc,heap        ] GC(2862) PSYoungGen: 170176K(170496K)->658K(164864K) Eden: 169472K(169472K)->0K(163840K) From: 704K(1024K)->658K(1024K)
[781.387s][info][gc,heap        ] GC(2862) ParOldGen: 445387K(445440K)->445387K(445440K)
[781.387s][info][gc,metaspace   ] GC(2862) Metaspace: 6132K(6208K)->6132K(6208K) NonClass: 5649K(5696K)->5649K(5696K) Class: 483K(512K)->483K(512K)
[781.387s][info][gc             ] GC(2862) Pause Young (Allocation Failure) 601M->435M(596M) 2.690ms
[781.387s][info][gc,cpu         ] GC(2862) User=0.00s Sys=0.00s Real=0.00s
[781.809s][info][gc,start       ] GC(2863) Pause Young (Allocation Failure)
[781.811s][info][gc,heap        ] GC(2863) PSYoungGen: 164498K(164864K)->434K(158720K) Eden: 163840K(163840K)->0K(158208K) From: 658K(1024K)->434K(512K)
[781.811s][info][gc,heap        ] GC(2863) ParOldGen: 445387K(445440K)->445387K(445440K)
[781.811s][info][gc,metaspace   ] GC(2863) Metaspace: 6132K(6208K)->6132K(6208K) NonClass: 5649K(5696K)->5649K(5696K) Class: 483K(512K)->483K(512K)
[781.811s][info][gc             ] GC(2863) Pause Young (Allocation Failure) 595M->435M(590M) 2.266ms
[781.811s][info][gc,cpu         ] GC(2863) User=0.00s Sys=0.00s Real=0.01s
[782.195s][info][gc,start       ] GC(2864) Pause Young (Allocation Failure)
[782.198s][info][gc,heap        ] GC(2864) PSYoungGen: 158642K(158720K)->818K(154112K) Eden: 158208K(158208K)->0K(153088K) From: 434K(512K)->818K(1024K)
[782.198s][info][gc,heap        ] GC(2864) ParOldGen: 445387K(445440K)->445387K(445440K)
[782.198s][info][gc,metaspace   ] GC(2864) Metaspace: 6132K(6208K)->6132K(6208K) NonClass: 5649K(5696K)->5649K(5696K) Class: 483K(512K)->483K(512K)
[782.198s][info][gc             ] GC(2864) Pause Young (Allocation Failure) 589M->435M(585M) 3.238ms
[782.198s][info][gc,cpu         ] GC(2864) User=0.01s Sys=0.00s Real=0.00s
[782.574s][info][gc,start       ] GC(2865) Pause Young (Allocation Failure)
[782.575s][info][gc,heap        ] GC(2865) PSYoungGen: 153906K(154112K)->384K(148480K) Eden: 153088K(153088K)->0K(147968K) From: 818K(1024K)->384K(512K)
[782.575s][info][gc,heap        ] GC(2865) ParOldGen: 445387K(445440K)->445387K(445440K)
[782.576s][info][gc,metaspace   ] GC(2865) Metaspace: 6132K(6208K)->6132K(6208K) NonClass: 5649K(5696K)->5649K(5696K) Class: 483K(512K)->483K(512K)
[782.576s][info][gc             ] GC(2865) Pause Young (Allocation Failure) 585M->435M(580M) 1.279ms
[782.576s][info][gc,cpu         ] GC(2865) User=0.00s Sys=0.00s Real=0.00s
[782.949s][info][gc,start       ] GC(2866) Pause Young (Allocation Failure)
[782.953s][info][gc,heap        ] GC(2866) PSYoungGen: 148352K(148480K)->754K(144384K) Eden: 147968K(147968K)->0K(143360K) From: 384K(512K)->754K(1024K)
[782.953s][info][gc,heap        ] GC(2866) ParOldGen: 445387K(445440K)->445387K(445440K)
[782.953s][info][gc,metaspace   ] GC(2866) Metaspace: 6132K(6208K)->6132K(6208K) NonClass: 5649K(5696K)->5649K(5696K) Class: 483K(512K)->483K(512K)
[782.953s][info][gc             ] GC(2866) Pause Young (Allocation Failure) 579M->435M(576M) 3.383ms
[782.953s][info][gc,cpu         ] GC(2866) User=0.01s Sys=0.00s Real=0.01s
[783.328s][info][gc,start       ] GC(2867) Pause Young (Allocation Failure)
[783.330s][info][gc,heap        ] GC(2867) PSYoungGen: 144114K(144384K)->722K(139776K) Eden: 143360K(143360K)->0K(138752K) From: 754K(1024K)->722K(1024K)
[783.330s][info][gc,heap        ] GC(2867) ParOldGen: 445387K(445440K)->445387K(445440K)
[783.330s][info][gc,metaspace   ] GC(2867) Metaspace: 6132K(6208K)->6132K(6208K) NonClass: 5649K(5696K)->5649K(5696K) Class: 483K(512K)->483K(512K)
[783.330s][info][gc             ] GC(2867) Pause Young (Allocation Failure) 575M->435M(571M) 2.703ms
[783.330s][info][gc,cpu         ] GC(2867) User=0.00s Sys=0.00s Real=0.00s
[783.675s][info][gc,start       ] GC(2868) Pause Young (Allocation Failure)
[783.680s][info][gc,heap        ] GC(2868) PSYoungGen: 139474K(139776K)->658K(135168K) Eden: 138752K(138752K)->0K(134144K) From: 722K(1024K)->658K(1024K)
[783.680s][info][gc,heap        ] GC(2868) ParOldGen: 445387K(445440K)->445387K(445440K)
[783.680s][info][gc,metaspace   ] GC(2868) Metaspace: 6132K(6208K)->6132K(6208K) NonClass: 5649K(5696K)->5649K(5696K) Class: 483K(512K)->483K(512K)
[783.680s][info][gc             ] GC(2868) Pause Young (Allocation Failure) 571M->435M(567M) 5.228ms
[783.680s][info][gc,cpu         ] GC(2868) User=0.00s Sys=0.00s Real=0.00s
[784.012s][info][gc,start       ] GC(2869) Pause Young (Allocation Failure)
[784.015s][info][gc,heap        ] GC(2869) PSYoungGen: 134802K(135168K)->498K(130560K) Eden: 134144K(134144K)->0K(130048K) From: 658K(1024K)->498K(512K)
[784.015s][info][gc,heap        ] GC(2869) ParOldGen: 445387K(445440K)->445539K(445952K)
[784.015s][info][gc,metaspace   ] GC(2869) Metaspace: 6132K(6208K)->6132K(6208K) NonClass: 5649K(5696K)->5649K(5696K) Class: 483K(512K)->483K(512K)
[784.015s][info][gc             ] GC(2869) Pause Young (Allocation Failure) 566M->435M(563M) 2.650ms
[784.015s][info][gc,cpu         ] GC(2869) User=0.00s Sys=0.00s Real=0.00s
[784.338s][info][gc,start       ] GC(2870) Pause Young (Allocation Failure)
[784.341s][info][gc,heap        ] GC(2870) PSYoungGen: 130546K(130560K)->370K(126976K) Eden: 130048K(130048K)->0K(125952K) From: 498K(512K)->370K(1024K)
[784.341s][info][gc,heap        ] GC(2870) ParOldGen: 445539K(445952K)->445539K(445952K)
[784.341s][info][gc,metaspace   ] GC(2870) Metaspace: 6132K(6208K)->6132K(6208K) NonClass: 5649K(5696K)->5649K(5696K) Class: 483K(512K)->483K(512K)
[784.341s][info][gc             ] GC(2870) Pause Young (Allocation Failure) 562M->435M(559M) 2.584ms
[784.341s][info][gc,cpu         ] GC(2870) User=0.00s Sys=0.00s Real=0.01s
[784.675s][info][gc,start       ] GC(2871) Pause Young (Allocation Failure)
[784.678s][info][gc,heap        ] GC(2871) PSYoungGen: 126322K(126976K)->704K(122880K) Eden: 125952K(125952K)->0K(121856K) From: 370K(1024K)->704K(1024K)
[784.678s][info][gc,heap        ] GC(2871) ParOldGen: 445539K(445952K)->445579K(445952K)
[784.678s][info][gc,metaspace   ] GC(2871) Metaspace: 6132K(6208K)->6132K(6208K) NonClass: 5649K(5696K)->5649K(5696K) Class: 483K(512K)->483K(512K)
[784.678s][info][gc             ] GC(2871) Pause Young (Allocation Failure) 558M->435M(555M) 2.832ms
[784.678s][info][gc,cpu         ] GC(2871) User=0.00s Sys=0.00s Real=0.00s
[784.993s][info][gc,start       ] GC(2872) Pause Young (Allocation Failure)
[784.995s][info][gc,heap        ] GC(2872) PSYoungGen: 122560K(122880K)->626K(119296K) Eden: 121856K(121856K)->0K(118272K) From: 704K(1024K)->626K(1024K)
[784.995s][info][gc,heap        ] GC(2872) ParOldGen: 445579K(445952K)->445579K(445952K)
[784.995s][info][gc,metaspace   ] GC(2872) Metaspace: 6132K(6208K)->6132K(6208K) NonClass: 5649K(5696K)->5649K(5696K) Class: 483K(512K)->483K(512K)
[784.995s][info][gc             ] GC(2872) Pause Young (Allocation Failure) 554M->435M(552M) 2.631ms
[784.995s][info][gc,cpu         ] GC(2872) User=0.00s Sys=0.00s Real=0.00s
[785.283s][info][gc,start       ] GC(2873) Pause Young (Allocation Failure)
[785.286s][info][gc,heap        ] GC(2873) PSYoungGen: 118898K(119296K)->498K(115200K) Eden: 118272K(118272K)->0K(114688K) From: 626K(1024K)->498K(512K)
[785.286s][info][gc,heap        ] GC(2873) ParOldGen: 445579K(445952K)->445835K(445952K)
[785.286s][info][gc,metaspace   ] GC(2873) Metaspace: 6132K(6208K)->6132K(6208K) NonClass: 5649K(5696K)->5649K(5696K) Class: 483K(512K)->483K(512K)
[785.286s][info][gc             ] GC(2873) Pause Young (Allocation Failure) 551M->435M(548M) 3.108ms
[785.286s][info][gc,cpu         ] GC(2873) User=0.00s Sys=0.00s Real=0.00s
[785.572s][info][gc,start       ] GC(2874) Pause Young (Allocation Failure)
[785.577s][info][gc,heap        ] GC(2874) PSYoungGen: 115186K(115200K)->754K(138752K) Eden: 114688K(114688K)->0K(137728K) From: 498K(512K)->754K(1024K)
[785.577s][info][gc,heap        ] GC(2874) ParOldGen: 445835K(445952K)->445835K(445952K)
[785.577s][info][gc,metaspace   ] GC(2874) Metaspace: 6132K(6208K)->6132K(6208K) NonClass: 5649K(5696K)->5649K(5696K) Class: 483K(512K)->483K(512K)
[785.577s][info][gc             ] GC(2874) Pause Young (Allocation Failure) 547M->436M(571M) 5.033ms
[785.577s][info][gc,cpu         ] GC(2874) User=0.00s Sys=0.00s Real=0.00s
[785.947s][info][gc,start       ] GC(2875) Pause Young (Allocation Failure)
[785.950s][info][gc,heap        ] GC(2875) PSYoungGen: 138482K(138752K)->722K(134144K) Eden: 137728K(137728K)->0K(133120K) From: 754K(1024K)->722K(1024K)
[785.950s][info][gc,heap        ] GC(2875) ParOldGen: 445835K(445952K)->445851K(445952K)
[785.950s][info][gc,metaspace   ] GC(2875) Metaspace: 6132K(6208K)->6132K(6208K) NonClass: 5649K(5696K)->5649K(5696K) Class: 483K(512K)->483K(512K)
[785.950s][info][gc             ] GC(2875) Pause Young (Allocation Failure) 570M->436M(566M) 2.782ms
[785.950s][info][gc,cpu         ] GC(2875) User=0.00s Sys=0.00s Real=0.00s
[786.273s][info][gc,start       ] GC(2876) Pause Young (Allocation Failure)
[786.277s][info][gc,heap        ] GC(2876) PSYoungGen: 133842K(134144K)->722K(160768K) Eden: 133120K(133120K)->0K(159744K) From: 722K(1024K)->722K(1024K)
[786.277s][info][gc,heap        ] GC(2876) ParOldGen: 445851K(445952K)->445851K(445952K)
[786.277s][info][gc,metaspace   ] GC(2876) Metaspace: 6132K(6208K)->6132K(6208K) NonClass: 5649K(5696K)->5649K(5696K) Class: 483K(512K)->483K(512K)
[786.277s][info][gc             ] GC(2876) Pause Young (Allocation Failure) 566M->436M(592M) 3.831ms
[786.277s][info][gc,cpu         ] GC(2876) User=0.01s Sys=0.00s Real=0.00s
[786.703s][info][gc,start       ] GC(2877) Pause Young (Allocation Failure)
[786.707s][info][gc,heap        ] GC(2877) PSYoungGen: 160466K(160768K)->498K(154624K) Eden: 159744K(159744K)->0K(154112K) From: 722K(1024K)->498K(512K)
[786.707s][info][gc,heap        ] GC(2877) ParOldGen: 445851K(445952K)->446075K(446464K)
[786.707s][info][gc,metaspace   ] GC(2877) Metaspace: 6132K(6208K)->6132K(6208K) NonClass: 5649K(5696K)->5649K(5696K) Class: 483K(512K)->483K(512K)
[786.707s][info][gc             ] GC(2877) Pause Young (Allocation Failure) 592M->436M(587M) 3.080ms
[786.707s][info][gc,cpu         ] GC(2877) User=0.00s Sys=0.00s Real=0.00s
[787.086s][info][gc,start       ] GC(2878) Pause Young (Allocation Failure)
[787.090s][info][gc,heap        ] GC(2878) PSYoungGen: 154610K(154624K)->786K(150016K) Eden: 154112K(154112K)->0K(148992K) From: 498K(512K)->786K(1024K)
[787.090s][info][gc,heap        ] GC(2878) ParOldGen: 446075K(446464K)->446075K(446464K)
[787.090s][info][gc,metaspace   ] GC(2878) Metaspace: 6132K(6208K)->6132K(6208K) NonClass: 5649K(5696K)->5649K(5696K) Class: 483K(512K)->483K(512K)
[787.090s][info][gc             ] GC(2878) Pause Young (Allocation Failure) 586M->436M(582M) 3.770ms
[787.090s][info][gc,cpu         ] GC(2878) User=0.00s Sys=0.00s Real=0.00s
[787.470s][info][gc,start       ] GC(2879) Pause Young (Allocation Failure)
[787.473s][info][gc,heap        ] GC(2879) PSYoungGen: 149778K(150016K)->658K(144896K) Eden: 148992K(148992K)->0K(143872K) From: 786K(1024K)->658K(1024K)
[787.473s][info][gc,heap        ] GC(2879) ParOldGen: 446075K(446464K)->446083K(446464K)
[787.473s][info][gc,metaspace   ] GC(2879) Metaspace: 6132K(6208K)->6132K(6208K) NonClass: 5649K(5696K)->5649K(5696K) Class: 483K(512K)->483K(512K)
[787.473s][info][gc             ] GC(2879) Pause Young (Allocation Failure) 581M->436M(577M) 2.631ms
[787.473s][info][gc,cpu         ] GC(2879) User=0.00s Sys=0.00s Real=0.01s
[787.808s][info][gc,start       ] GC(2880) Pause Young (Allocation Failure)
[787.810s][info][gc,heap        ] GC(2880) PSYoungGen: 144530K(144896K)->722K(140288K) Eden: 143872K(143872K)->0K(139264K) From: 658K(1024K)->722K(1024K)
[787.810s][info][gc,heap        ] GC(2880) ParOldGen: 446083K(446464K)->446083K(446464K)
[787.810s][info][gc,metaspace   ] GC(2880) Metaspace: 6132K(6208K)->6132K(6208K) NonClass: 5649K(5696K)->5649K(5696K) Class: 483K(512K)->483K(512K)
[787.810s][info][gc             ] GC(2880) Pause Young (Allocation Failure) 576M->436M(573M) 1.996ms
[787.810s][info][gc,cpu         ] GC(2880) User=0.00s Sys=0.00s Real=0.00s
[788.035s][info][gc,start       ] GC(2881) Pause Young (Allocation Failure)
[788.037s][info][gc,heap        ] GC(2881) PSYoungGen: 139986K(140288K)->512K(135168K) Eden: 139264K(139264K)->0K(134656K) From: 722K(1024K)->512K(512K)
[788.037s][info][gc,heap        ] GC(2881) ParOldGen: 446083K(446464K)->446227K(446464K)
[788.037s][info][gc,metaspace   ] GC(2881) Metaspace: 6132K(6208K)->6132K(6208K) NonClass: 5649K(5696K)->5649K(5696K) Class: 483K(512K)->483K(512K)
[788.037s][info][gc             ] GC(2881) Pause Young (Allocation Failure) 572M->436M(568M) 1.432ms
[788.037s][info][gc,cpu         ] GC(2881) User=0.01s Sys=0.00s Real=0.00s
[788.258s][info][gc,start       ] GC(2882) Pause Young (Allocation Failure)
[788.260s][info][gc,heap        ] GC(2882) PSYoungGen: 135168K(135168K)->741K(131584K) Eden: 134656K(134656K)->0K(130560K) From: 512K(512K)->741K(1024K)
[788.260s][info][gc,heap        ] GC(2882) ParOldGen: 446227K(446464K)->446227K(446464K)
[788.260s][info][gc,metaspace   ] GC(2882) Metaspace: 6132K(6208K)->6132K(6208K) NonClass: 5649K(5696K)->5649K(5696K) Class: 483K(512K)->483K(512K)
[788.260s][info][gc             ] GC(2882) Pause Young (Allocation Failure) 567M->436M(564M) 1.803ms
[788.260s][info][gc,cpu         ] GC(2882) User=0.00s Sys=0.00s Real=0.00s
[788.469s][info][gc,start       ] GC(2883) Pause Young (Allocation Failure)
[788.471s][info][gc,heap        ] GC(2883) PSYoungGen: 131301K(131584K)->704K(127488K) Eden: 130560K(130560K)->0K(126464K) From: 741K(1024K)->704K(1024K)
[788.471s][info][gc,heap        ] GC(2883) ParOldGen: 446227K(446464K)->446267K(446464K)
[788.471s][info][gc,metaspace   ] GC(2883) Metaspace: 6132K(6208K)->6132K(6208K) NonClass: 5649K(5696K)->5649K(5696K) Class: 483K(512K)->483K(512K)
[788.471s][info][gc             ] GC(2883) Pause Young (Allocation Failure) 563M->436M(560M) 1.456ms
[788.471s][info][gc,cpu         ] GC(2883) User=0.01s Sys=0.00s Real=0.01s
[788.667s][info][gc,start       ] GC(2884) Pause Young (Allocation Failure)
[788.669s][info][gc,heap        ] GC(2884) PSYoungGen: 127168K(127488K)->736K(123392K) Eden: 126464K(126464K)->0K(122368K) From: 704K(1024K)->736K(1024K)
[788.669s][info][gc,heap        ] GC(2884) ParOldGen: 446267K(446464K)->446267K(446464K)
[788.669s][info][gc,metaspace   ] GC(2884) Metaspace: 6132K(6208K)->6132K(6208K) NonClass: 5649K(5696K)->5649K(5696K) Class: 483K(512K)->483K(512K)
[788.669s][info][gc             ] GC(2884) Pause Young (Allocation Failure) 559M->436M(556M) 1.629ms
[788.669s][info][gc,cpu         ] GC(2884) User=0.00s Sys=0.00s Real=0.00s
[788.855s][info][gc,start       ] GC(2885) Pause Young (Allocation Failure)
[788.857s][info][gc,heap        ] GC(2885) PSYoungGen: 123104K(123392K)->512K(119296K) Eden: 122368K(122368K)->0K(118784K) From: 736K(1024K)->512K(512K)
[788.857s][info][gc,heap        ] GC(2885) ParOldGen: 446267K(446464K)->446459K(446464K)
[788.857s][info][gc,metaspace   ] GC(2885) Metaspace: 6132K(6208K)->6132K(6208K) NonClass: 5649K(5696K)->5649K(5696K) Class: 483K(512K)->483K(512K)
[788.857s][info][gc             ] GC(2885) Pause Young (Allocation Failure) 556M->436M(552M) 1.535ms
[788.857s][info][gc,cpu         ] GC(2885) User=0.00s Sys=0.00s Real=0.00s
[789.041s][info][gc,start       ] GC(2886) Pause Young (Allocation Failure)
[789.043s][info][gc,heap        ] GC(2886) PSYoungGen: 119296K(119296K)->658K(116224K) Eden: 118784K(118784K)->0K(115200K) From: 512K(512K)->658K(1024K)
[789.043s][info][gc,heap        ] GC(2886) ParOldGen: 446459K(446464K)->446459K(446464K)
[789.043s][info][gc,metaspace   ] GC(2886) Metaspace: 6132K(6208K)->6132K(6208K) NonClass: 5649K(5696K)->5649K(5696K) Class: 483K(512K)->483K(512K)
[789.043s][info][gc             ] GC(2886) Pause Young (Allocation Failure) 552M->436M(549M) 1.546ms
[789.043s][info][gc,cpu         ] GC(2886) User=0.00s Sys=0.00s Real=0.00s
[789.233s][info][gc,start       ] GC(2887) Pause Young (Allocation Failure)
[789.235s][info][gc,heap        ] GC(2887) PSYoungGen: 115858K(116224K)->736K(112640K) Eden: 115200K(115200K)->0K(111616K) From: 658K(1024K)->736K(1024K)
[789.235s][info][gc,heap        ] GC(2887) ParOldGen: 446459K(446464K)->446499K(446976K)
[789.235s][info][gc,metaspace   ] GC(2887) Metaspace: 6132K(6208K)->6132K(6208K) NonClass: 5649K(5696K)->5649K(5696K) Class: 483K(512K)->483K(512K)
[789.235s][info][gc             ] GC(2887) Pause Young (Allocation Failure) 549M->436M(546M) 1.702ms
[789.235s][info][gc,cpu         ] GC(2887) User=0.00s Sys=0.00s Real=0.00s
[789.407s][info][gc,start       ] GC(2888) Pause Young (Allocation Failure)
[789.409s][info][gc,heap        ] GC(2888) PSYoungGen: 112352K(112640K)->640K(109568K) Eden: 111616K(111616K)->0K(108544K) From: 736K(1024K)->640K(1024K)
[789.409s][info][gc,heap        ] GC(2888) ParOldGen: 446499K(446976K)->446499K(446976K)
[789.409s][info][gc,metaspace   ] GC(2888) Metaspace: 6132K(6208K)->6132K(6208K) NonClass: 5649K(5696K)->5649K(5696K) Class: 483K(512K)->483K(512K)
[789.409s][info][gc             ] GC(2888) Pause Young (Allocation Failure) 545M->436M(543M) 1.342ms
[789.409s][info][gc,cpu         ] GC(2888) User=0.00s Sys=0.00s Real=0.00s
[789.577s][info][gc,start       ] GC(2889) Pause Young (Allocation Failure)
[789.578s][info][gc,heap        ] GC(2889) PSYoungGen: 109184K(109568K)->512K(105984K) Eden: 108544K(108544K)->0K(105472K) From: 640K(1024K)->512K(512K)
[789.578s][info][gc,heap        ] GC(2889) ParOldGen: 446499K(446976K)->446659K(446976K)
[789.578s][info][gc,metaspace   ] GC(2889) Metaspace: 6132K(6208K)->6132K(6208K) NonClass: 5649K(5696K)->5649K(5696K) Class: 483K(512K)->483K(512K)
[789.578s][info][gc             ] GC(2889) Pause Young (Allocation Failure) 542M->436M(540M) 1.456ms
[789.578s][info][gc,cpu         ] GC(2889) User=0.01s Sys=0.00s Real=0.00s
[789.741s][info][gc,start       ] GC(2890) Pause Young (Allocation Failure)
[789.742s][info][gc,heap        ] GC(2890) PSYoungGen: 105984K(105984K)->818K(103424K) Eden: 105472K(105472K)->0K(102400K) From: 512K(512K)->818K(1024K)
[789.742s][info][gc,heap        ] GC(2890) ParOldGen: 446659K(446976K)->446659K(446976K)
[789.742s][info][gc,metaspace   ] GC(2890) Metaspace: 6132K(6208K)->6132K(6208K) NonClass: 5649K(5696K)->5649K(5696K) Class: 483K(512K)->483K(512K)
[789.742s][info][gc             ] GC(2890) Pause Young (Allocation Failure) 539M->436M(537M) 1.770ms
[789.742s][info][gc,cpu         ] GC(2890) User=0.00s Sys=0.00s Real=0.00s
[789.899s][info][gc,start       ] GC(2891) Pause Young (Allocation Failure)
[789.901s][info][gc,heap        ] GC(2891) PSYoungGen: 103218K(103424K)->704K(100352K) Eden: 102400K(102400K)->0K(99328K) From: 818K(1024K)->704K(1024K)
[789.901s][info][gc,heap        ] GC(2891) ParOldGen: 446659K(446976K)->446691K(446976K)
[789.901s][info][gc,metaspace   ] GC(2891) Metaspace: 6132K(6208K)->6132K(6208K) NonClass: 5649K(5696K)->5649K(5696K) Class: 483K(512K)->483K(512K)
[789.901s][info][gc             ] GC(2891) Pause Young (Allocation Failure) 536M->436M(534M) 1.512ms
[789.901s][info][gc,cpu         ] GC(2891) User=0.00s Sys=0.00s Real=0.01s
[790.056s][info][gc,start       ] GC(2892) Pause Young (Allocation Failure)
[790.057s][info][gc,heap        ] GC(2892) PSYoungGen: 100032K(100352K)->736K(97792K) Eden: 99328K(99328K)->0K(96768K) From: 704K(1024K)->736K(1024K)
[790.057s][info][gc,heap        ] GC(2892) ParOldGen: 446691K(446976K)->446691K(446976K)
[790.057s][info][gc,metaspace   ] GC(2892) Metaspace: 6132K(6208K)->6132K(6208K) NonClass: 5649K(5696K)->5649K(5696K) Class: 483K(512K)->483K(512K)
[790.057s][info][gc             ] GC(2892) Pause Young (Allocation Failure) 533M->436M(532M) 1.510ms
[790.057s][info][gc,cpu         ] GC(2892) User=0.01s Sys=0.00s Real=0.00s
[790.208s][info][gc,start       ] GC(2893) Pause Young (Allocation Failure)
[790.209s][info][gc,heap        ] GC(2893) PSYoungGen: 97504K(97792K)->512K(94720K) Eden: 96768K(96768K)->0K(94208K) From: 736K(1024K)->512K(512K)
[790.209s][info][gc,heap        ] GC(2893) ParOldGen: 446691K(446976K)->446835K(446976K)
[790.209s][info][gc,metaspace   ] GC(2893) Metaspace: 6132K(6208K)->6132K(6208K) NonClass: 5649K(5696K)->5649K(5696K) Class: 483K(512K)->483K(512K)
[790.209s][info][gc             ] GC(2893) Pause Young (Allocation Failure) 531M->436M(529M) 1.465ms
[790.209s][info][gc,cpu         ] GC(2893) User=0.00s Sys=0.00s Real=0.00s
[790.357s][info][gc,start       ] GC(2894) Pause Young (Allocation Failure)
[790.359s][info][gc,heap        ] GC(2894) PSYoungGen: 94720K(94720K)->672K(92672K) Eden: 94208K(94208K)->0K(91648K) From: 512K(512K)->672K(1024K)
[790.359s][info][gc,heap        ] GC(2894) ParOldGen: 446835K(446976K)->446835K(446976K)
[790.359s][info][gc,metaspace   ] GC(2894) Metaspace: 6132K(6208K)->6132K(6208K) NonClass: 5649K(5696K)->5649K(5696K) Class: 483K(512K)->483K(512K)
[790.359s][info][gc             ] GC(2894) Pause Young (Allocation Failure) 528M->437M(527M) 1.522ms
[790.359s][info][gc,cpu         ] GC(2894) User=0.00s Sys=0.00s Real=0.00s
[790.511s][info][gc,start       ] GC(2895) Pause Young (Allocation Failure)
[790.512s][info][gc,heap        ] GC(2895) PSYoungGen: 92320K(92672K)->672K(90112K) Eden: 91648K(91648K)->0K(89088K) From: 672K(1024K)->672K(1024K)
[790.512s][info][gc,heap        ] GC(2895) ParOldGen: 446835K(446976K)->446859K(446976K)
[790.512s][info][gc,metaspace   ] GC(2895) Metaspace: 6132K(6208K)->6132K(6208K) NonClass: 5649K(5696K)->5649K(5696K) Class: 483K(512K)->483K(512K)
[790.512s][info][gc             ] GC(2895) Pause Young (Allocation Failure) 526M->437M(524M) 1.399ms
[790.512s][info][gc,cpu         ] GC(2895) User=0.00s Sys=0.00s Real=0.00s
[790.654s][info][gc,start       ] GC(2896) Pause Young (Allocation Failure)
[790.655s][info][gc,heap        ] GC(2896) PSYoungGen: 89760K(90112K)->704K(88064K) Eden: 89088K(89088K)->0K(87040K) From: 672K(1024K)->704K(1024K)
[790.655s][info][gc,heap        ] GC(2896) ParOldGen: 446859K(446976K)->446859K(446976K)
[790.655s][info][gc,metaspace   ] GC(2896) Metaspace: 6132K(6208K)->6132K(6208K) NonClass: 5649K(5696K)->5649K(5696K) Class: 483K(512K)->483K(512K)
[790.655s][info][gc             ] GC(2896) Pause Young (Allocation Failure) 524M->437M(522M) 1.389ms
[790.655s][info][gc,cpu         ] GC(2896) User=0.00s Sys=0.00s Real=0.00s
[790.792s][info][gc,start       ] GC(2897) Pause Young (Allocation Failure)
[790.794s][info][gc,heap        ] GC(2897) PSYoungGen: 87744K(88064K)->512K(263680K) Eden: 87040K(87040K)->0K(263168K) From: 704K(1024K)->512K(512K)
[790.794s][info][gc,heap        ] GC(2897) ParOldGen: 446859K(446976K)->447067K(447488K)
[790.794s][info][gc,metaspace   ] GC(2897) Metaspace: 6132K(6208K)->6132K(6208K) NonClass: 5649K(5696K)->5649K(5696K) Class: 483K(512K)->483K(512K)
[790.794s][info][gc             ] GC(2897) Pause Young (Allocation Failure) 522M->437M(694M) 1.973ms
[790.794s][info][gc,cpu         ] GC(2897) User=0.01s Sys=0.00s Real=0.00s
[791.215s][info][gc,start       ] GC(2898) Pause Young (Allocation Failure)
[791.216s][info][gc,heap        ] GC(2898) PSYoungGen: 263680K(263680K)->690K(253952K) Eden: 263168K(263168K)->0K(252928K) From: 512K(512K)->690K(1024K)
[791.216s][info][gc,heap        ] GC(2898) ParOldGen: 447067K(447488K)->447067K(447488K)
[791.216s][info][gc,metaspace   ] GC(2898) Metaspace: 6132K(6208K)->6132K(6208K) NonClass: 5649K(5696K)->5649K(5696K) Class: 483K(512K)->483K(512K)
[791.216s][info][gc             ] GC(2898) Pause Young (Allocation Failure) 694M->437M(685M) 1.632ms
[791.216s][info][gc,cpu         ] GC(2898) User=0.01s Sys=0.00s Real=0.00s
[791.623s][info][gc,start       ] GC(2899) Pause Young (Allocation Failure)
[791.625s][info][gc,heap        ] GC(2899) PSYoungGen: 253618K(253952K)->704K(244224K) Eden: 252928K(252928K)->0K(243200K) From: 690K(1024K)->704K(1024K)
[791.625s][info][gc,heap        ] GC(2899) ParOldGen: 447067K(447488K)->447099K(447488K)
[791.625s][info][gc,metaspace   ] GC(2899) Metaspace: 6132K(6208K)->6132K(6208K) NonClass: 5649K(5696K)->5649K(5696K) Class: 483K(512K)->483K(512K)
[791.625s][info][gc             ] GC(2899) Pause Young (Allocation Failure) 684M->437M(675M) 1.862ms
[791.625s][info][gc,cpu         ] GC(2899) User=0.00s Sys=0.00s Real=0.00s
[792.058s][info][gc,start       ] GC(2900) Pause Young (Allocation Failure)
[792.061s][info][gc,heap        ] GC(2900) PSYoungGen: 243904K(244224K)->626K(235008K) Eden: 243200K(243200K)->0K(233984K) From: 704K(1024K)->626K(1024K)
[792.061s][info][gc,heap        ] GC(2900) ParOldGen: 447099K(447488K)->447099K(447488K)
[792.061s][info][gc,metaspace   ] GC(2900) Metaspace: 6132K(6208K)->6132K(6208K) NonClass: 5649K(5696K)->5649K(5696K) Class: 483K(512K)->483K(512K)
[792.061s][info][gc             ] GC(2900) Pause Young (Allocation Failure) 674M->437M(666M) 2.656ms
[792.061s][info][gc,cpu         ] GC(2900) User=0.00s Sys=0.00s Real=0.01s
[792.419s][info][gc,start       ] GC(2901) Pause Young (Allocation Failure)
[792.421s][info][gc,heap        ] GC(2901) PSYoungGen: 234610K(235008K)->498K(225792K) Eden: 233984K(233984K)->0K(225280K) From: 626K(1024K)->498K(512K)
[792.421s][info][gc,heap        ] GC(2901) ParOldGen: 447099K(447488K)->447235K(447488K)
[792.421s][info][gc,metaspace   ] GC(2901) Metaspace: 6132K(6208K)->6132K(6208K) NonClass: 5649K(5696K)->5649K(5696K) Class: 483K(512K)->483K(512K)
[792.421s][info][gc             ] GC(2901) Pause Young (Allocation Failure) 665M->437M(657M) 2.531ms
[792.421s][info][gc,cpu         ] GC(2901) User=0.00s Sys=0.00s Real=0.01s
[792.771s][info][gc,start       ] GC(2902) Pause Young (Allocation Failure)
[792.773s][info][gc,heap        ] GC(2902) PSYoungGen: 225778K(225792K)->709K(217600K) Eden: 225280K(225280K)->0K(216576K) From: 498K(512K)->709K(1024K)
[792.773s][info][gc,heap        ] GC(2902) ParOldGen: 447235K(447488K)->447235K(447488K)
[792.773s][info][gc,metaspace   ] GC(2902) Metaspace: 6132K(6208K)->6132K(6208K) NonClass: 5649K(5696K)->5649K(5696K) Class: 483K(512K)->483K(512K)
[792.773s][info][gc             ] GC(2902) Pause Young (Allocation Failure) 657M->437M(649M) 1.505ms
[792.773s][info][gc,cpu         ] GC(2902) User=0.00s Sys=0.00s Real=0.00s
[793.114s][info][gc,start       ] GC(2903) Pause Young (Allocation Failure)
[793.115s][info][gc,heap        ] GC(2903) PSYoungGen: 217285K(217600K)->704K(209408K) Eden: 216576K(216576K)->0K(208384K) From: 709K(1024K)->704K(1024K)
[793.115s][info][gc,heap        ] GC(2903) ParOldGen: 447235K(447488K)->447283K(447488K)
[793.115s][info][gc,metaspace   ] GC(2903) Metaspace: 6132K(6208K)->6132K(6208K) NonClass: 5649K(5696K)->5649K(5696K) Class: 483K(512K)->483K(512K)
[793.115s][info][gc             ] GC(2903) Pause Young (Allocation Failure) 648M->437M(641M) 1.547ms
[793.115s][info][gc,cpu         ] GC(2903) User=0.00s Sys=0.00s Real=0.00s
[793.445s][info][gc,start       ] GC(2904) Pause Young (Allocation Failure)
[793.446s][info][gc,heap        ] GC(2904) PSYoungGen: 209088K(209408K)->672K(201728K) Eden: 208384K(208384K)->0K(200704K) From: 704K(1024K)->672K(1024K)
[793.446s][info][gc,heap        ] GC(2904) ParOldGen: 447283K(447488K)->447283K(447488K)
[793.446s][info][gc,metaspace   ] GC(2904) Metaspace: 6132K(6208K)->6132K(6208K) NonClass: 5649K(5696K)->5649K(5696K) Class: 483K(512K)->483K(512K)
[793.446s][info][gc             ] GC(2904) Pause Young (Allocation Failure) 640M->437M(634M) 1.436ms
[793.446s][info][gc,cpu         ] GC(2904) User=0.00s Sys=0.00s Real=0.00s
[793.764s][info][gc,start       ] GC(2905) Pause Young (Allocation Failure)
[793.766s][info][gc,heap        ] GC(2905) PSYoungGen: 201376K(201728K)->498K(194048K) Eden: 200704K(200704K)->0K(193536K) From: 672K(1024K)->498K(512K)
[793.766s][info][gc,heap        ] GC(2905) ParOldGen: 447283K(447488K)->447467K(447488K)
[793.766s][info][gc,metaspace   ] GC(2905) Metaspace: 6132K(6208K)->6132K(6208K) NonClass: 5649K(5696K)->5649K(5696K) Class: 483K(512K)->483K(512K)
[793.767s][info][gc             ] GC(2905) Pause Young (Allocation Failure) 633M->437M(626M) 2.922ms
[793.767s][info][gc,cpu         ] GC(2905) User=0.00s Sys=0.00s Real=0.00s
[794.072s][info][gc,start       ] GC(2906) Pause Young (Allocation Failure)
[794.075s][info][gc,heap        ] GC(2906) PSYoungGen: 194034K(194048K)->754K(187392K) Eden: 193536K(193536K)->0K(186368K) From: 498K(512K)->754K(1024K)
[794.075s][info][gc,heap        ] GC(2906) ParOldGen: 447467K(447488K)->447467K(447488K)
[794.075s][info][gc,metaspace   ] GC(2906) Metaspace: 6132K(6208K)->6132K(6208K) NonClass: 5649K(5696K)->5649K(5696K) Class: 483K(512K)->483K(512K)
[794.075s][info][gc             ] GC(2906) Pause Young (Allocation Failure) 626M->437M(620M) 3.046ms
[794.075s][info][gc,cpu         ] GC(2906) User=0.00s Sys=0.00s Real=0.00s
[796.815s][info][gc,start       ] GC(2907) Pause Young (Allocation Failure)
[796.870s][info][gc,heap        ] GC(2907) PSYoungGen: 187122K(187392K)->128K(223744K) Eden: 186368K(186368K)->0K(223232K) From: 754K(1024K)->128K(512K)
[796.870s][info][gc,heap        ] GC(2907) ParOldGen: 447467K(447488K)->545851K(547328K)
[796.870s][info][gc,metaspace   ] GC(2907) Metaspace: 6132K(6208K)->6132K(6208K) NonClass: 5649K(5696K)->5649K(5696K) Class: 483K(512K)->483K(512K)
[796.870s][info][gc             ] GC(2907) Pause Young (Allocation Failure) 619M->533M(753M) 55.061ms
[796.870s][info][gc,cpu         ] GC(2907) User=0.04s Sys=0.07s Real=0.05s
[797.321s][info][gc,start       ] GC(2908) Pause Young (Allocation Failure)
[797.386s][info][gc,promotion   ] GC(2908) Promotion failed
[797.386s][info][gc,heap        ] GC(2908) PSYoungGen: 223360K(223744K)->223360K(223744K) Eden: 223232K(223232K)->223232K(223232K) From: 128K(512K)->128K(512K)
[797.386s][info][gc,heap        ] GC(2908) ParOldGen: 545851K(547328K)->611403K(667648K)
[797.386s][info][gc,metaspace   ] GC(2908) Metaspace: 6132K(6208K)->6132K(6208K) NonClass: 5649K(5696K)->5649K(5696K) Class: 483K(512K)->483K(512K)
[797.386s][info][gc             ] GC(2908) Pause Young (Allocation Failure) 751M->815M(870M) 65.421ms
[797.386s][info][gc,cpu         ] GC(2908) User=0.09s Sys=0.05s Real=0.06s
[797.386s][info][gc,start       ] GC(2909) Pause Full (Allocation Failure)
[797.386s][info][gc,phases,start] GC(2909) Marking Phase
[797.406s][info][gc,phases      ] GC(2909) Marking Phase 19.132ms
[797.406s][info][gc,phases,start] GC(2909) Summary Phase
[797.406s][info][gc,phases      ] GC(2909) Summary Phase 0.063ms
[797.406s][info][gc,phases,start] GC(2909) Forward
[797.407s][info][gc,phases      ] GC(2909) Forward 1.693ms
[797.407s][info][gc,phases,start] GC(2909) Adjust Pointers
[797.410s][info][gc,phases      ] GC(2909) Adjust Pointers 3.152ms
[797.411s][info][gc,phases,start] GC(2909) Compaction Phase
[797.452s][info][gc,phases      ] GC(2909) Compaction Phase 41.729ms
[797.452s][info][gc,phases,start] GC(2909) Post Compact
[797.455s][info][metaspace      ] ChkMgr @0x00007f9db003aa70 (non-class-space): : reclaiming memory...
[797.455s][info][metaspace      ] ChkMgr @0x00007f9db003aa70 (non-class-space): nothing reclaimed.
[797.455s][info][metaspace      ] ChkMgr @0x00007f9db003a880 (class-space): : reclaiming memory...
[797.455s][info][metaspace      ] ChkMgr @0x00007f9db003a880 (class-space): nothing reclaimed.
[797.455s][info][gc,phases      ] GC(2909) Post Compact 3.079ms
[797.474s][info][gc,heap        ] GC(2909) PSYoungGen: 223360K(223744K)->0K(262656K) Eden: 223232K(223232K)->0K(261632K) From: 128K(512K)->0K(1024K)
[797.474s][info][gc,heap        ] GC(2909) ParOldGen: 611403K(667648K)->282536K(386048K)
[797.474s][info][gc,metaspace   ] GC(2909) Metaspace: 6132K(6208K)->6118K(6208K) NonClass: 5649K(5696K)->5635K(5696K) Class: 483K(512K)->483K(512K)
[797.474s][info][gc             ] GC(2909) Pause Full (Allocation Failure) 815M->275M(633M) 87.807ms
[797.474s][info][gc,cpu         ] GC(2909) User=0.10s Sys=0.03s Real=0.09s
[797.799s][info][gc,start       ] GC(2910) Pause Young (Allocation Failure)
[797.800s][info][gc,heap        ] GC(2910) PSYoungGen: 261632K(262656K)->64K(269312K) Eden: 261632K(261632K)->0K(268288K) From: 0K(1024K)->64K(1024K)
[797.800s][info][gc,heap        ] GC(2910) ParOldGen: 282536K(386048K)->282536K(386048K)
[797.800s][info][gc,metaspace   ] GC(2910) Metaspace: 6118K(6208K)->6118K(6208K) NonClass: 5635K(5696K)->5635K(5696K) Class: 483K(512K)->483K(512K)
[797.800s][info][gc             ] GC(2910) Pause Young (Allocation Failure) 531M->275M(640M) 0.868ms
[797.800s][info][gc,cpu         ] GC(2910) User=0.00s Sys=0.00s Real=0.00s
[798.136s][info][gc,start       ] GC(2911) Pause Young (Allocation Failure)
[798.154s][info][gc,heap        ] GC(2911) PSYoungGen: 268352K(269312K)->1000K(269312K) Eden: 268288K(268288K)->0K(268288K) From: 64K(1024K)->1000K(1024K)
[798.154s][info][gc,heap        ] GC(2911) ParOldGen: 282536K(386048K)->348484K(386048K)
[798.154s][info][gc,metaspace   ] GC(2911) Metaspace: 6123K(6208K)->6123K(6208K) NonClass: 5640K(5696K)->5640K(5696K) Class: 483K(512K)->483K(512K)
[798.154s][info][gc             ] GC(2911) Pause Young (Allocation Failure) 537M->341M(640M) 17.415ms
[798.154s][info][gc,cpu         ] GC(2911) User=0.03s Sys=0.00s Real=0.02s
[798.541s][info][gc,start       ] GC(2912) Pause Young (Allocation Failure)
[798.543s][info][gc,heap        ] GC(2912) PSYoungGen: 269288K(269312K)->704K(308736K) Eden: 268288K(268288K)->0K(283136K) From: 1000K(1024K)->704K(25600K)
[798.543s][info][gc,heap        ] GC(2912) ParOldGen: 348484K(386048K)->348813K(386048K)
[798.543s][info][gc,metaspace   ] GC(2912) Metaspace: 6123K(6208K)->6123K(6208K) NonClass: 5640K(5696K)->5640K(5696K) Class: 483K(512K)->483K(512K)
[798.543s][info][gc             ] GC(2912) Pause Young (Allocation Failure) 603M->341M(678M) 1.562ms
[798.543s][info][gc,cpu         ] GC(2912) User=0.01s Sys=0.00s Real=0.00s
[798.986s][info][gc,start       ] GC(2913) Pause Young (Allocation Failure)
[798.988s][info][gc,heap        ] GC(2913) PSYoungGen: 283840K(308736K)->704K(284160K) Eden: 283136K(283136K)->0K(283136K) From: 704K(25600K)->704K(1024K)
[798.988s][info][gc,heap        ] GC(2913) ParOldGen: 348813K(386048K)->348813K(386048K)
[798.988s][info][gc,metaspace   ] GC(2913) Metaspace: 6123K(6208K)->6123K(6208K) NonClass: 5640K(5696K)->5640K(5696K) Class: 483K(512K)->483K(512K)
[798.988s][info][gc             ] GC(2913) Pause Young (Allocation Failure) 617M->341M(654M) 1.605ms
[798.988s][info][gc,cpu         ] GC(2913) User=0.00s Sys=0.00s Real=0.00s
[799.425s][info][gc,start       ] GC(2914) Pause Young (Allocation Failure)
[799.427s][info][gc,heap        ] GC(2914) PSYoungGen: 283840K(284160K)->800K(308224K) Eden: 283136K(283136K)->0K(284160K) From: 704K(1024K)->800K(24064K)
[799.427s][info][gc,heap        ] GC(2914) ParOldGen: 348813K(386048K)->348813K(386048K)
[799.427s][info][gc,metaspace   ] GC(2914) Metaspace: 6123K(6208K)->6123K(6208K) NonClass: 5640K(5696K)->5640K(5696K) Class: 483K(512K)->483K(512K)
[799.427s][info][gc             ] GC(2914) Pause Young (Allocation Failure) 617M->341M(678M) 1.684ms
[799.427s][info][gc,cpu         ] GC(2914) User=0.00s Sys=0.00s Real=0.00s
[799.871s][info][gc,start       ] GC(2915) Pause Young (Allocation Failure)
[799.872s][info][gc,heap        ] GC(2915) PSYoungGen: 284960K(308224K)->736K(307200K) Eden: 284160K(284160K)->0K(284160K) From: 800K(24064K)->736K(23040K)
[799.872s][info][gc,heap        ] GC(2915) ParOldGen: 348813K(386048K)->348813K(386048K)
[799.872s][info][gc,metaspace   ] GC(2915) Metaspace: 6123K(6208K)->6123K(6208K) NonClass: 5640K(5696K)->5640K(5696K) Class: 483K(512K)->483K(512K)
[799.872s][info][gc             ] GC(2915) Pause Young (Allocation Failure) 618M->341M(677M) 1.548ms
[799.872s][info][gc,cpu         ] GC(2915) User=0.00s Sys=0.00s Real=0.00s
[800.314s][info][gc,start       ] GC(2916) Pause Young (Allocation Failure)
[800.315s][info][gc,heap        ] GC(2916) PSYoungGen: 284896K(307200K)->704K(309760K) Eden: 284160K(284160K)->0K(287744K) From: 736K(23040K)->704K(22016K)
[800.316s][info][gc,heap        ] GC(2916) ParOldGen: 348813K(386048K)->348813K(386048K)
[800.316s][info][gc,metaspace   ] GC(2916) Metaspace: 6123K(6208K)->6123K(6208K) NonClass: 5640K(5696K)->5640K(5696K) Class: 483K(512K)->483K(512K)
[800.316s][info][gc             ] GC(2916) Pause Young (Allocation Failure) 618M->341M(679M) 1.655ms
[800.316s][info][gc,cpu         ] GC(2916) User=0.00s Sys=0.00s Real=0.00s
[800.773s][info][gc,start       ] GC(2917) Pause Young (Allocation Failure)
[800.774s][info][gc,heap        ] GC(2917) PSYoungGen: 288448K(309760K)->768K(277504K) Eden: 287744K(287744K)->0K(276480K) From: 704K(22016K)->768K(1024K)
[800.774s][info][gc,heap        ] GC(2917) ParOldGen: 348813K(386048K)->348813K(386048K)
[800.774s][info][gc,metaspace   ] GC(2917) Metaspace: 6123K(6208K)->6123K(6208K) NonClass: 5640K(5696K)->5640K(5696K) Class: 483K(512K)->483K(512K)
[800.774s][info][gc             ] GC(2917) Pause Young (Allocation Failure) 622M->341M(648M) 1.573ms
[800.774s][info][gc,cpu         ] GC(2917) User=0.00s Sys=0.00s Real=0.00s
[801.206s][info][gc,start       ] GC(2918) Pause Young (Allocation Failure)
[801.207s][info][gc,heap        ] GC(2918) PSYoungGen: 277248K(277504K)->640K(273408K) Eden: 276480K(276480K)->0K(265728K) From: 768K(1024K)->640K(7680K)
[801.207s][info][gc,heap        ] GC(2918) ParOldGen: 348813K(386048K)->348813K(386048K)
[801.207s][info][gc,metaspace   ] GC(2918) Metaspace: 6123K(6208K)->6123K(6208K) NonClass: 5640K(5696K)->5640K(5696K) Class: 483K(512K)->483K(512K)
[801.207s][info][gc             ] GC(2918) Pause Young (Allocation Failure) 611M->341M(644M) 1.871ms
[801.207s][info][gc,cpu         ] GC(2918) User=0.00s Sys=0.00s Real=0.00s
[801.609s][info][gc,start       ] GC(2919) Pause Young (Allocation Failure)
[801.611s][info][gc,heap        ] GC(2919) PSYoungGen: 266368K(273408K)->736K(256512K) Eden: 265728K(265728K)->0K(255488K) From: 640K(7680K)->736K(1024K)
[801.611s][info][gc,heap        ] GC(2919) ParOldGen: 348813K(386048K)->348813K(386048K)
[801.611s][info][gc,metaspace   ] GC(2919) Metaspace: 6123K(6208K)->6123K(6208K) NonClass: 5640K(5696K)->5640K(5696K) Class: 483K(512K)->483K(512K)
[801.611s][info][gc             ] GC(2919) Pause Young (Allocation Failure) 600M->341M(627M) 1.419ms
[801.611s][info][gc,cpu         ] GC(2919) User=0.00s Sys=0.00s Real=0.01s
[801.991s][info][gc,start       ] GC(2920) Pause Young (Allocation Failure)
[801.993s][info][gc,heap        ] GC(2920) PSYoungGen: 256224K(256512K)->736K(247296K) Eden: 255488K(255488K)->0K(245760K) From: 736K(1024K)->736K(1536K)
[801.993s][info][gc,heap        ] GC(2920) ParOldGen: 348813K(386048K)->348813K(386048K)
[801.993s][info][gc,metaspace   ] GC(2920) Metaspace: 6123K(6208K)->6123K(6208K) NonClass: 5640K(5696K)->5640K(5696K) Class: 483K(512K)->483K(512K)
[801.993s][info][gc             ] GC(2920) Pause Young (Allocation Failure) 590M->341M(618M) 2.113ms
[801.993s][info][gc,cpu         ] GC(2920) User=0.00s Sys=0.00s Real=0.00s
[802.425s][info][gc,start       ] GC(2921) Pause Young (Allocation Failure)
[802.426s][info][gc,heap        ] GC(2921) PSYoungGen: 246496K(247296K)->704K(253952K) Eden: 245760K(245760K)->0K(236544K) From: 736K(1536K)->704K(17408K)
[802.426s][info][gc,heap        ] GC(2921) ParOldGen: 348813K(386048K)->348813K(386048K)
[802.426s][info][gc,metaspace   ] GC(2921) Metaspace: 6123K(6208K)->6123K(6208K) NonClass: 5640K(5696K)->5640K(5696K) Class: 483K(512K)->483K(512K)
[802.426s][info][gc             ] GC(2921) Pause Young (Allocation Failure) 581M->341M(625M) 1.536ms
[802.426s][info][gc,cpu         ] GC(2921) User=0.00s Sys=0.00s Real=0.00s
[802.788s][info][gc,start       ] GC(2922) Pause Young (Allocation Failure)
[802.792s][info][gc,heap        ] GC(2922) PSYoungGen: 237248K(253952K)->658K(228352K) Eden: 236544K(236544K)->0K(227328K) From: 704K(17408K)->658K(1024K)
[802.792s][info][gc,heap        ] GC(2922) ParOldGen: 348813K(386048K)->348813K(386048K)
[802.792s][info][gc,metaspace   ] GC(2922) Metaspace: 6123K(6208K)->6123K(6208K) NonClass: 5640K(5696K)->5640K(5696K) Class: 483K(512K)->483K(512K)
[802.792s][info][gc             ] GC(2922) Pause Young (Allocation Failure) 572M->341M(600M) 3.795ms
[802.792s][info][gc,cpu         ] GC(2922) User=0.00s Sys=0.00s Real=0.01s
[803.132s][info][gc,start       ] GC(2923) Pause Young (Allocation Failure)
[803.134s][info][gc,heap        ] GC(2923) PSYoungGen: 227986K(228352K)->690K(233984K) Eden: 227328K(227328K)->0K(218624K) From: 658K(1024K)->690K(15360K)
[803.134s][info][gc,heap        ] GC(2923) ParOldGen: 348813K(386048K)->348813K(386048K)
[803.134s][info][gc,metaspace   ] GC(2923) Metaspace: 6123K(6208K)->6123K(6208K) NonClass: 5640K(5696K)->5640K(5696K) Class: 483K(512K)->483K(512K)
[803.134s][info][gc             ] GC(2923) Pause Young (Allocation Failure) 563M->341M(605M) 2.491ms
[803.135s][info][gc,cpu         ] GC(2923) User=0.00s Sys=0.00s Real=0.00s
[803.486s][info][gc,start       ] GC(2924) Pause Young (Allocation Failure)
[803.488s][info][gc,heap        ] GC(2924) PSYoungGen: 219314K(233984K)->736K(211456K) Eden: 218624K(218624K)->0K(210432K) From: 690K(15360K)->736K(1024K)
[803.488s][info][gc,heap        ] GC(2924) ParOldGen: 348813K(386048K)->348813K(386048K)
[803.488s][info][gc,metaspace   ] GC(2924) Metaspace: 6123K(6208K)->6123K(6208K) NonClass: 5640K(5696K)->5640K(5696K) Class: 483K(512K)->483K(512K)
[803.488s][info][gc             ] GC(2924) Pause Young (Allocation Failure) 554M->341M(583M) 2.301ms
[803.488s][info][gc,cpu         ] GC(2924) User=0.00s Sys=0.00s Real=0.00s
[803.815s][info][gc,start       ] GC(2925) Pause Young (Allocation Failure)
[803.817s][info][gc,heap        ] GC(2925) PSYoungGen: 211168K(211456K)->690K(216576K) Eden: 210432K(210432K)->0K(202752K) From: 736K(1024K)->690K(13824K)
[803.817s][info][gc,heap        ] GC(2925) ParOldGen: 348813K(386048K)->348813K(386048K)
[803.817s][info][gc,metaspace   ] GC(2925) Metaspace: 6123K(6208K)->6123K(6208K) NonClass: 5640K(5696K)->5640K(5696K) Class: 483K(512K)->483K(512K)
[803.817s][info][gc             ] GC(2925) Pause Young (Allocation Failure) 546M->341M(588M) 2.263ms
[803.817s][info][gc,cpu         ] GC(2925) User=0.00s Sys=0.00s Real=0.00s
[804.134s][info][gc,start       ] GC(2926) Pause Young (Allocation Failure)
[804.137s][info][gc,heap        ] GC(2926) PSYoungGen: 203442K(216576K)->672K(196608K) Eden: 202752K(202752K)->0K(195584K) From: 690K(13824K)->672K(1024K)
[804.137s][info][gc,heap        ] GC(2926) ParOldGen: 348813K(386048K)->348813K(386048K)
[804.137s][info][gc,metaspace   ] GC(2926) Metaspace: 6123K(6208K)->6123K(6208K) NonClass: 5640K(5696K)->5640K(5696K) Class: 483K(512K)->483K(512K)
[804.137s][info][gc             ] GC(2926) Pause Young (Allocation Failure) 539M->341M(569M) 2.523ms
[804.137s][info][gc,cpu         ] GC(2926) User=0.00s Sys=0.01s Real=0.00s
[804.459s][info][gc,start       ] GC(2927) Pause Young (Allocation Failure)
[804.461s][info][gc,heap        ] GC(2927) PSYoungGen: 196256K(196608K)->658K(200704K) Eden: 195584K(195584K)->0K(188416K) From: 672K(1024K)->658K(12288K)
[804.461s][info][gc,heap        ] GC(2927) ParOldGen: 348813K(386048K)->348813K(386048K)
[804.461s][info][gc,metaspace   ] GC(2927) Metaspace: 6123K(6208K)->6123K(6208K) NonClass: 5640K(5696K)->5640K(5696K) Class: 483K(512K)->483K(512K)
[804.461s][info][gc             ] GC(2927) Pause Young (Allocation Failure) 532M->341M(573M) 2.116ms
[804.461s][info][gc,cpu         ] GC(2927) User=0.00s Sys=0.00s Real=0.01s
[804.766s][info][gc,start       ] GC(2928) Pause Young (Allocation Failure)
[804.769s][info][gc,heap        ] GC(2928) PSYoungGen: 189074K(200704K)->626K(182784K) Eden: 188416K(188416K)->0K(181760K) From: 658K(12288K)->626K(1024K)
[804.769s][info][gc,heap        ] GC(2928) ParOldGen: 348813K(386048K)->348813K(386048K)
[804.769s][info][gc,metaspace   ] GC(2928) Metaspace: 6123K(6208K)->6123K(6208K) NonClass: 5640K(5696K)->5640K(5696K) Class: 483K(512K)->483K(512K)
[804.769s][info][gc             ] GC(2928) Pause Young (Allocation Failure) 525M->341M(555M) 3.262ms
[804.769s][info][gc,cpu         ] GC(2928) User=0.00s Sys=0.00s Real=0.00s
[805.061s][info][gc,start       ] GC(2929) Pause Young (Allocation Failure)
[805.062s][info][gc,heap        ] GC(2929) PSYoungGen: 182386K(182784K)->640K(186368K) Eden: 181760K(181760K)->0K(175616K) From: 626K(1024K)->640K(10752K)
[805.062s][info][gc,heap        ] GC(2929) ParOldGen: 348813K(386048K)->348813K(386048K)
[805.062s][info][gc,metaspace   ] GC(2929) Metaspace: 6123K(6208K)->6123K(6208K) NonClass: 5640K(5696K)->5640K(5696K) Class: 483K(512K)->483K(512K)
[805.062s][info][gc             ] GC(2929) Pause Young (Allocation Failure) 518M->341M(559M) 1.143ms
[805.062s][info][gc,cpu         ] GC(2929) User=0.00s Sys=0.00s Real=0.00s
[805.333s][info][gc,start       ] GC(2930) Pause Young (Allocation Failure)
[805.336s][info][gc,heap        ] GC(2930) PSYoungGen: 176256K(186368K)->722K(170496K) Eden: 175616K(175616K)->0K(169472K) From: 640K(10752K)->722K(1024K)
[805.336s][info][gc,heap        ] GC(2930) ParOldGen: 348813K(386048K)->348813K(386048K)
[805.336s][info][gc,metaspace   ] GC(2930) Metaspace: 6123K(6208K)->6123K(6208K) NonClass: 5640K(5696K)->5640K(5696K) Class: 483K(512K)->483K(512K)
[805.336s][info][gc             ] GC(2930) Pause Young (Allocation Failure) 512M->341M(543M) 3.217ms
[805.336s][info][gc,cpu         ] GC(2930) User=0.00s Sys=0.00s Real=0.00s
[805.593s][info][gc,start       ] GC(2931) Pause Young (Allocation Failure)
[805.595s][info][gc,heap        ] GC(2931) PSYoungGen: 170194K(170496K)->768K(173056K) Eden: 169472K(169472K)->0K(163840K) From: 722K(1024K)->768K(9216K)
[805.595s][info][gc,heap        ] GC(2931) ParOldGen: 348813K(386048K)->348813K(386048K)
[805.595s][info][gc,metaspace   ] GC(2931) Metaspace: 6123K(6208K)->6123K(6208K) NonClass: 5640K(5696K)->5640K(5696K) Class: 483K(512K)->483K(512K)
[805.595s][info][gc             ] GC(2931) Pause Young (Allocation Failure) 506M->341M(546M) 1.573ms
[805.595s][info][gc,cpu         ] GC(2931) User=0.01s Sys=0.00s Real=0.00s
[805.859s][info][gc,start       ] GC(2932) Pause Young (Allocation Failure)
[805.861s][info][gc,heap        ] GC(2932) PSYoungGen: 164608K(173056K)->736K(159232K) Eden: 163840K(163840K)->0K(158208K) From: 768K(9216K)->736K(1024K)
[805.861s][info][gc,heap        ] GC(2932) ParOldGen: 348813K(386048K)->348813K(386048K)
[805.861s][info][gc,metaspace   ] GC(2932) Metaspace: 6123K(6208K)->6123K(6208K) NonClass: 5640K(5696K)->5640K(5696K) Class: 483K(512K)->483K(512K)
[805.861s][info][gc             ] GC(2932) Pause Young (Allocation Failure) 501M->341M(532M) 2.071ms
[805.861s][info][gc,cpu         ] GC(2932) User=0.00s Sys=0.00s Real=0.01s
[806.120s][info][gc,start       ] GC(2933) Pause Young (Allocation Failure)
[806.121s][info][gc,heap        ] GC(2933) PSYoungGen: 158944K(159232K)->768K(161280K) Eden: 158208K(158208K)->0K(153088K) From: 736K(1024K)->768K(8192K)
[806.121s][info][gc,heap        ] GC(2933) ParOldGen: 348813K(386048K)->348813K(386048K)
[806.121s][info][gc,metaspace   ] GC(2933) Metaspace: 6123K(6208K)->6123K(6208K) NonClass: 5640K(5696K)->5640K(5696K) Class: 483K(512K)->483K(512K)
[806.121s][info][gc             ] GC(2933) Pause Young (Allocation Failure) 495M->341M(534M) 1.398ms
[806.121s][info][gc,cpu         ] GC(2933) User=0.00s Sys=0.00s Real=0.01s
[806.383s][info][gc,start       ] GC(2934) Pause Young (Allocation Failure)
[806.385s][info][gc,heap        ] GC(2934) PSYoungGen: 153856K(161280K)->448K(148480K) Eden: 153088K(153088K)->0K(147968K) From: 768K(8192K)->448K(512K)
[806.385s][info][gc,heap        ] GC(2934) ParOldGen: 348813K(386048K)->348813K(386048K)
[806.385s][info][gc,metaspace   ] GC(2934) Metaspace: 6123K(6208K)->6123K(6208K) NonClass: 5640K(5696K)->5640K(5696K) Class: 483K(512K)->483K(512K)
[806.385s][info][gc             ] GC(2934) Pause Young (Allocation Failure) 490M->341M(522M) 1.945ms
[806.385s][info][gc,cpu         ] GC(2934) User=0.00s Sys=0.00s Real=0.00s
[806.623s][info][gc,start       ] GC(2935) Pause Young (Allocation Failure)
[806.625s][info][gc,heap        ] GC(2935) PSYoungGen: 148416K(148480K)->736K(150528K) Eden: 147968K(147968K)->0K(143360K) From: 448K(512K)->736K(7168K)
[806.625s][info][gc,heap        ] GC(2935) ParOldGen: 348813K(386048K)->348813K(386048K)
[806.625s][info][gc,metaspace   ] GC(2935) Metaspace: 6123K(6208K)->6123K(6208K) NonClass: 5640K(5696K)->5640K(5696K) Class: 483K(512K)->483K(512K)
[806.625s][info][gc             ] GC(2935) Pause Young (Allocation Failure) 485M->341M(524M) 1.311ms
[806.625s][info][gc,cpu         ] GC(2935) User=0.00s Sys=0.00s Real=0.00s
[806.859s][info][gc,start       ] GC(2936) Pause Young (Allocation Failure)
[806.861s][info][gc,heap        ] GC(2936) PSYoungGen: 144096K(150528K)->736K(139776K) Eden: 143360K(143360K)->0K(138752K) From: 736K(7168K)->736K(1024K)
[806.861s][info][gc,heap        ] GC(2936) ParOldGen: 348813K(386048K)->348813K(386048K)
[806.861s][info][gc,metaspace   ] GC(2936) Metaspace: 6123K(6208K)->6123K(6208K) NonClass: 5640K(5696K)->5640K(5696K) Class: 483K(512K)->483K(512K)
[806.861s][info][gc             ] GC(2936) Pause Young (Allocation Failure) 481M->341M(513M) 2.186ms
[806.861s][info][gc,cpu         ] GC(2936) User=0.01s Sys=0.00s Real=0.01s
[807.089s][info][gc,start       ] GC(2937) Pause Young (Allocation Failure)
[807.092s][info][gc,heap        ] GC(2937) PSYoungGen: 139488K(139776K)->690K(140288K) Eden: 138752K(138752K)->0K(134144K) From: 736K(1024K)->690K(6144K)
[807.092s][info][gc,heap        ] GC(2937) ParOldGen: 348813K(386048K)->348813K(386048K)
[807.092s][info][gc,metaspace   ] GC(2937) Metaspace: 6123K(6208K)->6123K(6208K) NonClass: 5640K(5696K)->5640K(5696K) Class: 483K(512K)->483K(512K)
[807.092s][info][gc             ] GC(2937) Pause Young (Allocation Failure) 476M->341M(514M) 2.547ms
[807.092s][info][gc,cpu         ] GC(2937) User=0.00s Sys=0.01s Real=0.01s
[807.319s][info][gc,start       ] GC(2938) Pause Young (Allocation Failure)
[807.322s][info][gc,heap        ] GC(2938) PSYoungGen: 134834K(140288K)->754K(131072K) Eden: 134144K(134144K)->0K(130048K) From: 690K(6144K)->754K(1024K)
[807.322s][info][gc,heap        ] GC(2938) ParOldGen: 348813K(386048K)->348813K(386048K)
[807.322s][info][gc,metaspace   ] GC(2938) Metaspace: 6123K(6208K)->6123K(6208K) NonClass: 5640K(5696K)->5640K(5696K) Class: 483K(512K)->483K(512K)
[807.322s][info][gc             ] GC(2938) Pause Young (Allocation Failure) 472M->341M(505M) 2.966ms
[807.322s][info][gc,cpu         ] GC(2938) User=0.01s Sys=0.00s Real=0.01s
[807.549s][info][gc,start       ] GC(2939) Pause Young (Allocation Failure)
[807.551s][info][gc,heap        ] GC(2939) PSYoungGen: 130802K(131072K)->736K(131584K) Eden: 130048K(130048K)->0K(125952K) From: 754K(1024K)->736K(5632K)
[807.551s][info][gc,heap        ] GC(2939) ParOldGen: 348813K(386048K)->348813K(386048K)
[807.551s][info][gc,metaspace   ] GC(2939) Metaspace: 6123K(6208K)->6123K(6208K) NonClass: 5640K(5696K)->5640K(5696K) Class: 483K(512K)->483K(512K)
[807.551s][info][gc             ] GC(2939) Pause Young (Allocation Failure) 468M->341M(505M) 1.650ms
[807.551s][info][gc,cpu         ] GC(2939) User=0.00s Sys=0.00s Real=0.01s
[807.768s][info][gc,start       ] GC(2940) Pause Young (Allocation Failure)
[807.771s][info][gc,heap        ] GC(2940) PSYoungGen: 126688K(131584K)->704K(122880K) Eden: 125952K(125952K)->0K(121856K) From: 736K(5632K)->704K(1024K)
[807.771s][info][gc,heap        ] GC(2940) ParOldGen: 348813K(386048K)->348813K(386048K)
[807.771s][info][gc,metaspace   ] GC(2940) Metaspace: 6123K(6208K)->6123K(6208K) NonClass: 5640K(5696K)->5640K(5696K) Class: 483K(512K)->483K(512K)
[807.771s][info][gc             ] GC(2940) Pause Young (Allocation Failure) 464M->341M(497M) 2.331ms
[807.771s][info][gc,cpu         ] GC(2940) User=0.01s Sys=0.00s Real=0.01s
[807.998s][info][gc,start       ] GC(2941) Pause Young (Allocation Failure)
[808.000s][info][gc,heap        ] GC(2941) PSYoungGen: 122560K(122880K)->722K(119296K) Eden: 121856K(121856K)->0K(118272K) From: 704K(1024K)->722K(1024K)
[808.000s][info][gc,heap        ] GC(2941) ParOldGen: 348813K(386048K)->348813K(386048K)
[808.000s][info][gc,metaspace   ] GC(2941) Metaspace: 6123K(6208K)->6123K(6208K) NonClass: 5640K(5696K)->5640K(5696K) Class: 483K(512K)->483K(512K)
[808.000s][info][gc             ] GC(2941) Pause Young (Allocation Failure) 460M->341M(493M) 2.363ms
[808.000s][info][gc,cpu         ] GC(2941) User=0.00s Sys=0.00s Real=0.00s
[808.190s][info][gc,start       ] GC(2942) Pause Young (Allocation Failure)
[808.192s][info][gc,heap        ] GC(2942) PSYoungGen: 118994K(119296K)->800K(115712K) Eden: 118272K(118272K)->0K(114688K) From: 722K(1024K)->800K(1024K)
[808.192s][info][gc,heap        ] GC(2942) ParOldGen: 348813K(386048K)->348813K(386048K)
[808.192s][info][gc,metaspace   ] GC(2942) Metaspace: 6123K(6208K)->6123K(6208K) NonClass: 5640K(5696K)->5640K(5696K) Class: 483K(512K)->483K(512K)
[808.192s][info][gc             ] GC(2942) Pause Young (Allocation Failure) 456M->341M(490M) 2.140ms
[808.192s][info][gc,cpu         ] GC(2942) User=0.00s Sys=0.00s Real=0.01s
[808.372s][info][gc,start       ] GC(2943) Pause Young (Allocation Failure)
[808.374s][info][gc,heap        ] GC(2943) PSYoungGen: 115488K(115712K)->690K(112128K) Eden: 114688K(114688K)->0K(111104K) From: 800K(1024K)->690K(1024K)
[808.374s][info][gc,heap        ] GC(2943) ParOldGen: 348813K(386048K)->348813K(386048K)
[808.374s][info][gc,metaspace   ] GC(2943) Metaspace: 6123K(6208K)->6123K(6208K) NonClass: 5640K(5696K)->5640K(5696K) Class: 483K(512K)->483K(512K)
[808.374s][info][gc             ] GC(2943) Pause Young (Allocation Failure) 453M->341M(486M) 2.106ms
[808.374s][info][gc,cpu         ] GC(2943) User=0.00s Sys=0.00s Real=0.00s
[808.538s][info][gc,start       ] GC(2944) Pause Young (Allocation Failure)
[808.541s][info][gc,heap        ] GC(2944) PSYoungGen: 111794K(112128K)->786K(109056K) Eden: 111104K(111104K)->0K(108032K) From: 690K(1024K)->786K(1024K)
[808.541s][info][gc,heap        ] GC(2944) ParOldGen: 348813K(386048K)->348813K(386048K)
[808.541s][info][gc,metaspace   ] GC(2944) Metaspace: 6123K(6208K)->6123K(6208K) NonClass: 5640K(5696K)->5640K(5696K) Class: 483K(512K)->483K(512K)
[808.541s][info][gc             ] GC(2944) Pause Young (Allocation Failure) 449M->341M(483M) 2.866ms
[808.541s][info][gc,cpu         ] GC(2944) User=0.00s Sys=0.00s Real=0.01s
[808.709s][info][gc,start       ] GC(2945) Pause Young (Allocation Failure)
[808.711s][info][gc,heap        ] GC(2945) PSYoungGen: 108818K(109056K)->690K(131072K) Eden: 108032K(108032K)->0K(130048K) From: 786K(1024K)->690K(1024K)
[808.711s][info][gc,heap        ] GC(2945) ParOldGen: 348813K(386048K)->348813K(386048K)
[808.711s][info][gc,metaspace   ] GC(2945) Metaspace: 6123K(6208K)->6123K(6208K) NonClass: 5640K(5696K)->5640K(5696K) Class: 483K(512K)->483K(512K)
[808.711s][info][gc             ] GC(2945) Pause Young (Allocation Failure) 446M->341M(505M) 2.298ms
[808.711s][info][gc,cpu         ] GC(2945) User=0.00s Sys=0.00s Real=0.01s
[808.910s][info][gc,start       ] GC(2946) Pause Young (Allocation Failure)
[808.913s][info][gc,heap        ] GC(2946) PSYoungGen: 130738K(131072K)->722K(157184K) Eden: 130048K(130048K)->0K(156160K) From: 690K(1024K)->722K(1024K)
[808.913s][info][gc,heap        ] GC(2946) ParOldGen: 348813K(386048K)->348813K(386048K)
[808.913s][info][gc,metaspace   ] GC(2946) Metaspace: 6123K(6208K)->6123K(6208K) NonClass: 5640K(5696K)->5640K(5696K) Class: 483K(512K)->483K(512K)
[808.913s][info][gc             ] GC(2946) Pause Young (Allocation Failure) 468M->341M(530M) 2.722ms
[808.913s][info][gc,cpu         ] GC(2946) User=0.00s Sys=0.00s Real=0.01s
[809.155s][info][gc,start       ] GC(2947) Pause Young (Allocation Failure)
[809.156s][info][gc,heap        ] GC(2947) PSYoungGen: 156882K(157184K)->704K(152064K) Eden: 156160K(156160K)->0K(151040K) From: 722K(1024K)->704K(1024K)
[809.156s][info][gc,heap        ] GC(2947) ParOldGen: 348813K(386048K)->348813K(386048K)
[809.156s][info][gc,metaspace   ] GC(2947) Metaspace: 6123K(6208K)->6123K(6208K) NonClass: 5640K(5696K)->5640K(5696K) Class: 483K(512K)->483K(512K)
[809.156s][info][gc             ] GC(2947) Pause Young (Allocation Failure) 493M->341M(525M) 1.349ms
[809.156s][info][gc,cpu         ] GC(2947) User=0.00s Sys=0.00s Real=0.00s
[809.397s][info][gc,start       ] GC(2948) Pause Young (Allocation Failure)
[809.398s][info][gc,heap        ] GC(2948) PSYoungGen: 151744K(152064K)->736K(146944K) Eden: 151040K(151040K)->0K(145920K) From: 704K(1024K)->736K(1024K)
[809.398s][info][gc,heap        ] GC(2948) ParOldGen: 348813K(386048K)->348813K(386048K)
[809.398s][info][gc,metaspace   ] GC(2948) Metaspace: 6123K(6208K)->6123K(6208K) NonClass: 5640K(5696K)->5640K(5696K) Class: 483K(512K)->483K(512K)
[809.398s][info][gc             ] GC(2948) Pause Young (Allocation Failure) 488M->341M(520M) 1.528ms
[809.398s][info][gc,cpu         ] GC(2948) User=0.00s Sys=0.00s Real=0.00s
[809.631s][info][gc,start       ] GC(2949) Pause Young (Allocation Failure)
[809.632s][info][gc,heap        ] GC(2949) PSYoungGen: 146656K(146944K)->704K(144384K) Eden: 145920K(145920K)->0K(141312K) From: 736K(1024K)->704K(3072K)
[809.632s][info][gc,heap        ] GC(2949) ParOldGen: 348813K(386048K)->348813K(386048K)
[809.632s][info][gc,metaspace   ] GC(2949) Metaspace: 6123K(6208K)->6123K(6208K) NonClass: 5640K(5696K)->5640K(5696K) Class: 483K(512K)->483K(512K)
[809.632s][info][gc             ] GC(2949) Pause Young (Allocation Failure) 483M->341M(518M) 1.379ms
[809.632s][info][gc,cpu         ] GC(2949) User=0.00s Sys=0.00s Real=0.00s
[809.862s][info][gc,start       ] GC(2950) Pause Young (Allocation Failure)
[809.863s][info][gc,heap        ] GC(2950) PSYoungGen: 142016K(144384K)->736K(137728K) Eden: 141312K(141312K)->0K(136704K) From: 704K(3072K)->736K(1024K)
[809.863s][info][gc,heap        ] GC(2950) ParOldGen: 348813K(386048K)->348813K(386048K)
[809.863s][info][gc,metaspace   ] GC(2950) Metaspace: 6123K(6208K)->6123K(6208K) NonClass: 5640K(5696K)->5640K(5696K) Class: 483K(512K)->483K(512K)
[809.863s][info][gc             ] GC(2950) Pause Young (Allocation Failure) 479M->341M(511M) 1.420ms
[809.863s][info][gc,cpu         ] GC(2950) User=0.00s Sys=0.00s Real=0.00s
[810.097s][info][gc,start       ] GC(2951) Pause Young (Allocation Failure)
[810.098s][info][gc,heap        ] GC(2951) PSYoungGen: 137440K(137728K)->704K(133632K) Eden: 136704K(136704K)->0K(132608K) From: 736K(1024K)->704K(1024K)
[810.098s][info][gc,heap        ] GC(2951) ParOldGen: 348813K(386048K)->348813K(386048K)
[810.098s][info][gc,metaspace   ] GC(2951) Metaspace: 6123K(6208K)->6123K(6208K) NonClass: 5640K(5696K)->5640K(5696K) Class: 483K(512K)->483K(512K)
[810.098s][info][gc             ] GC(2951) Pause Young (Allocation Failure) 474M->341M(507M) 1.325ms
[810.098s][info][gc,cpu         ] GC(2951) User=0.00s Sys=0.00s Real=0.00s
[810.316s][info][gc,start       ] GC(2952) Pause Young (Allocation Failure)
[810.318s][info][gc,heap        ] GC(2952) PSYoungGen: 133312K(133632K)->736K(129536K) Eden: 132608K(132608K)->0K(128512K) From: 704K(1024K)->736K(1024K)
[810.318s][info][gc,heap        ] GC(2952) ParOldGen: 348813K(386048K)->348813K(386048K)
[810.318s][info][gc,metaspace   ] GC(2952) Metaspace: 6123K(6208K)->6123K(6208K) NonClass: 5640K(5696K)->5640K(5696K) Class: 483K(512K)->483K(512K)
[810.318s][info][gc             ] GC(2952) Pause Young (Allocation Failure) 470M->341M(503M) 1.852ms
[810.318s][info][gc,cpu         ] GC(2952) User=0.00s Sys=0.00s Real=0.00s
[810.536s][info][gc,start       ] GC(2953) Pause Young (Allocation Failure)
[810.537s][info][gc,heap        ] GC(2953) PSYoungGen: 129248K(129536K)->704K(126976K) Eden: 128512K(128512K)->0K(124416K) From: 736K(1024K)->704K(2560K)
[810.537s][info][gc,heap        ] GC(2953) ParOldGen: 348813K(386048K)->348813K(386048K)
[810.537s][info][gc,metaspace   ] GC(2953) Metaspace: 6123K(6208K)->6123K(6208K) NonClass: 5640K(5696K)->5640K(5696K) Class: 483K(512K)->483K(512K)
[810.537s][info][gc             ] GC(2953) Pause Young (Allocation Failure) 466M->341M(501M) 1.244ms
[810.537s][info][gc,cpu         ] GC(2953) User=0.00s Sys=0.00s Real=0.00s
[810.739s][info][gc,start       ] GC(2954) Pause Young (Allocation Failure)
[810.741s][info][gc,heap        ] GC(2954) PSYoungGen: 125120K(126976K)->704K(121856K) Eden: 124416K(124416K)->0K(120832K) From: 704K(2560K)->704K(1024K)
[810.741s][info][gc,heap        ] GC(2954) ParOldGen: 348813K(386048K)->348813K(386048K)
[810.741s][info][gc,metaspace   ] GC(2954) Metaspace: 6123K(6208K)->6123K(6208K) NonClass: 5640K(5696K)->5640K(5696K) Class: 483K(512K)->483K(512K)
[810.741s][info][gc             ] GC(2954) Pause Young (Allocation Failure) 462M->341M(496M) 1.351ms
[810.741s][info][gc,cpu         ] GC(2954) User=0.00s Sys=0.00s Real=0.01s
[810.937s][info][gc,start       ] GC(2955) Pause Young (Allocation Failure)
[810.939s][info][gc,heap        ] GC(2955) PSYoungGen: 121536K(121856K)->672K(118272K) Eden: 120832K(120832K)->0K(117248K) From: 704K(1024K)->672K(1024K)
[810.939s][info][gc,heap        ] GC(2955) ParOldGen: 348813K(386048K)->348813K(386048K)
[810.939s][info][gc,metaspace   ] GC(2955) Metaspace: 6123K(6208K)->6123K(6208K) NonClass: 5640K(5696K)->5640K(5696K) Class: 483K(512K)->483K(512K)
[810.939s][info][gc             ] GC(2955) Pause Young (Allocation Failure) 459M->341M(492M) 1.210ms
[810.939s][info][gc,cpu         ] GC(2955) User=0.00s Sys=0.00s Real=0.00s
[811.133s][info][gc,start       ] GC(2956) Pause Young (Allocation Failure)
[811.134s][info][gc,heap        ] GC(2956) PSYoungGen: 117920K(118272K)->704K(114688K) Eden: 117248K(117248K)->0K(113664K) From: 672K(1024K)->704K(1024K)
[811.134s][info][gc,heap        ] GC(2956) ParOldGen: 348813K(386048K)->348813K(386048K)
[811.134s][info][gc,metaspace   ] GC(2956) Metaspace: 6123K(6208K)->6123K(6208K) NonClass: 5640K(5696K)->5640K(5696K) Class: 483K(512K)->483K(512K)
[811.134s][info][gc             ] GC(2956) Pause Young (Allocation Failure) 455M->341M(489M) 1.309ms
[811.134s][info][gc,cpu         ] GC(2956) User=0.00s Sys=0.00s Real=0.00s
[811.332s][info][gc,start       ] GC(2957) Pause Young (Allocation Failure)
[811.333s][info][gc,heap        ] GC(2957) PSYoungGen: 114368K(114688K)->608K(111104K) Eden: 113664K(113664K)->0K(110080K) From: 704K(1024K)->608K(1024K)
[811.333s][info][gc,heap        ] GC(2957) ParOldGen: 348813K(386048K)->348813K(386048K)
[811.333s][info][gc,metaspace   ] GC(2957) Metaspace: 6123K(6208K)->6123K(6208K) NonClass: 5640K(5696K)->5640K(5696K) Class: 483K(512K)->483K(512K)
[811.333s][info][gc             ] GC(2957) Pause Young (Allocation Failure) 452M->341M(485M) 1.095ms
[811.333s][info][gc,cpu         ] GC(2957) User=0.00s Sys=0.00s Real=0.00s
[811.514s][info][gc,start       ] GC(2958) Pause Young (Allocation Failure)
[811.515s][info][gc,heap        ] GC(2958) PSYoungGen: 110688K(111104K)->768K(108032K) Eden: 110080K(110080K)->0K(107008K) From: 608K(1024K)->768K(1024K)
[811.515s][info][gc,heap        ] GC(2958) ParOldGen: 348813K(386048K)->348813K(386048K)
[811.515s][info][gc,metaspace   ] GC(2958) Metaspace: 6123K(6208K)->6123K(6208K) NonClass: 5640K(5696K)->5640K(5696K) Class: 483K(512K)->483K(512K)
[811.515s][info][gc             ] GC(2958) Pause Young (Allocation Failure) 448M->341M(482M) 1.391ms
[811.515s][info][gc,cpu         ] GC(2958) User=0.00s Sys=0.00s Real=0.00s
[811.685s][info][gc,start       ] GC(2959) Pause Young (Allocation Failure)
[811.687s][info][gc,heap        ] GC(2959) PSYoungGen: 107776K(108032K)->690K(105984K) Eden: 107008K(107008K)->0K(103936K) From: 768K(1024K)->690K(2048K)
[811.687s][info][gc,heap        ] GC(2959) ParOldGen: 348813K(386048K)->348813K(386048K)
[811.687s][info][gc,metaspace   ] GC(2959) Metaspace: 6123K(6208K)->6123K(6208K) NonClass: 5640K(5696K)->5640K(5696K) Class: 483K(512K)->483K(512K)
[811.687s][info][gc             ] GC(2959) Pause Young (Allocation Failure) 445M->341M(480M) 2.129ms
[811.687s][info][gc,cpu         ] GC(2959) User=0.00s Sys=0.00s Real=0.00s
[811.893s][info][gc,start       ] GC(2960) Pause Young (Allocation Failure)
[811.895s][info][gc,heap        ] GC(2960) PSYoungGen: 104626K(105984K)->722K(101888K) Eden: 103936K(103936K)->0K(100864K) From: 690K(2048K)->722K(1024K)
[811.895s][info][gc,heap        ] GC(2960) ParOldGen: 348813K(386048K)->348813K(386048K)
[811.895s][info][gc,metaspace   ] GC(2960) Metaspace: 6123K(6208K)->6123K(6208K) NonClass: 5640K(5696K)->5640K(5696K) Class: 483K(512K)->483K(512K)
[811.895s][info][gc             ] GC(2960) Pause Young (Allocation Failure) 442M->341M(476M) 2.495ms
[811.895s][info][gc,cpu         ] GC(2960) User=0.00s Sys=0.00s Real=0.00s
[812.060s][info][gc,start       ] GC(2961) Pause Young (Allocation Failure)
[812.062s][info][gc,heap        ] GC(2961) PSYoungGen: 101586K(101888K)->690K(99328K) Eden: 100864K(100864K)->0K(98304K) From: 722K(1024K)->690K(1024K)
[812.062s][info][gc,heap        ] GC(2961) ParOldGen: 348813K(386048K)->348813K(386048K)
[812.062s][info][gc,metaspace   ] GC(2961) Metaspace: 6123K(6208K)->6123K(6208K) NonClass: 5640K(5696K)->5640K(5696K) Class: 483K(512K)->483K(512K)
[812.062s][info][gc             ] GC(2961) Pause Young (Allocation Failure) 439M->341M(474M) 2.167ms
[812.062s][info][gc,cpu         ] GC(2961) User=0.00s Sys=0.00s Real=0.01s
[812.218s][info][gc,start       ] GC(2962) Pause Young (Allocation Failure)
[812.220s][info][gc,heap        ] GC(2962) PSYoungGen: 98994K(99328K)->626K(96768K) Eden: 98304K(98304K)->0K(95744K) From: 690K(1024K)->626K(1024K)
[812.220s][info][gc,heap        ] GC(2962) ParOldGen: 348813K(386048K)->348813K(386048K)
[812.220s][info][gc,metaspace   ] GC(2962) Metaspace: 6123K(6208K)->6123K(6208K) NonClass: 5640K(5696K)->5640K(5696K) Class: 483K(512K)->483K(512K)
[812.220s][info][gc             ] GC(2962) Pause Young (Allocation Failure) 437M->341M(471M) 1.869ms
[812.220s][info][gc,cpu         ] GC(2962) User=0.01s Sys=0.00s Real=0.00s
[812.378s][info][gc,start       ] GC(2963) Pause Young (Allocation Failure)
[812.381s][info][gc,heap        ] GC(2963) PSYoungGen: 96370K(96768K)->690K(116224K) Eden: 95744K(95744K)->0K(115200K) From: 626K(1024K)->690K(1024K)
[812.381s][info][gc,heap        ] GC(2963) ParOldGen: 348813K(386048K)->348813K(386048K)
[812.381s][info][gc,metaspace   ] GC(2963) Metaspace: 6123K(6208K)->6123K(6208K) NonClass: 5640K(5696K)->5640K(5696K) Class: 483K(512K)->483K(512K)
[812.381s][info][gc             ] GC(2963) Pause Young (Allocation Failure) 434M->341M(490M) 2.236ms
[812.381s][info][gc,cpu         ] GC(2963) User=0.00s Sys=0.00s Real=0.01s
[812.572s][info][gc,start       ] GC(2964) Pause Young (Allocation Failure)
[812.575s][info][gc,heap        ] GC(2964) PSYoungGen: 115890K(116224K)->818K(139264K) Eden: 115200K(115200K)->0K(138240K) From: 690K(1024K)->818K(1024K)
[812.575s][info][gc,heap        ] GC(2964) ParOldGen: 348813K(386048K)->348813K(386048K)
[812.575s][info][gc,metaspace   ] GC(2964) Metaspace: 6123K(6208K)->6123K(6208K) NonClass: 5640K(5696K)->5640K(5696K) Class: 483K(512K)->483K(512K)
[812.575s][info][gc             ] GC(2964) Pause Young (Allocation Failure) 453M->341M(513M) 3.051ms
[812.575s][info][gc,cpu         ] GC(2964) User=0.00s Sys=0.00s Real=0.00s
[812.794s][info][gc,start       ] GC(2965) Pause Young (Allocation Failure)
[812.797s][info][gc,heap        ] GC(2965) PSYoungGen: 139058K(139264K)->722K(159744K) Eden: 138240K(138240K)->0K(158208K) From: 818K(1024K)->722K(1536K)
[812.797s][info][gc,heap        ] GC(2965) ParOldGen: 348813K(386048K)->348813K(386048K)
[812.797s][info][gc,metaspace   ] GC(2965) Metaspace: 6123K(6208K)->6123K(6208K) NonClass: 5640K(5696K)->5640K(5696K) Class: 483K(512K)->483K(512K)
[812.797s][info][gc             ] GC(2965) Pause Young (Allocation Failure) 476M->341M(533M) 2.427ms
[812.797s][info][gc,cpu         ] GC(2965) User=0.00s Sys=0.00s Real=0.00s
[813.049s][info][gc,start       ] GC(2966) Pause Young (Allocation Failure)
[813.052s][info][gc,heap        ] GC(2966) PSYoungGen: 158930K(159744K)->722K(167424K) Eden: 158208K(158208K)->0K(165888K) From: 722K(1536K)->722K(1536K)
[813.052s][info][gc,heap        ] GC(2966) ParOldGen: 348813K(386048K)->348813K(386048K)
[813.052s][info][gc,metaspace   ] GC(2966) Metaspace: 6123K(6208K)->6123K(6208K) NonClass: 5640K(5696K)->5640K(5696K) Class: 483K(512K)->483K(512K)
[813.052s][info][gc             ] GC(2966) Pause Young (Allocation Failure) 495M->341M(540M) 2.911ms
[813.052s][info][gc,cpu         ] GC(2966) User=0.00s Sys=0.00s Real=0.01s
[813.313s][info][gc,start       ] GC(2967) Pause Young (Allocation Failure)
[813.316s][info][gc,heap        ] GC(2967) PSYoungGen: 166610K(167424K)->786K(167424K) Eden: 165888K(165888K)->0K(165888K) From: 722K(1536K)->786K(1536K)
[813.316s][info][gc,heap        ] GC(2967) ParOldGen: 348813K(386048K)->348813K(386048K)
[813.316s][info][gc,metaspace   ] GC(2967) Metaspace: 6123K(6208K)->6123K(6208K) NonClass: 5640K(5696K)->5640K(5696K) Class: 483K(512K)->483K(512K)
[813.316s][info][gc             ] GC(2967) Pause Young (Allocation Failure) 503M->341M(540M) 3.295ms
[813.316s][info][gc,cpu         ] GC(2967) User=0.00s Sys=0.00s Real=0.00s
[813.578s][info][gc,start       ] GC(2968) Pause Young (Allocation Failure)
[813.579s][info][gc,heap        ] GC(2968) PSYoungGen: 166674K(167424K)->704K(161280K) Eden: 165888K(165888K)->0K(160256K) From: 786K(1536K)->704K(1024K)
[813.579s][info][gc,heap        ] GC(2968) ParOldGen: 348813K(386048K)->348813K(386048K)
[813.579s][info][gc,metaspace   ] GC(2968) Metaspace: 6123K(6208K)->6123K(6208K) NonClass: 5640K(5696K)->5640K(5696K) Class: 483K(512K)->483K(512K)
[813.579s][info][gc             ] GC(2968) Pause Young (Allocation Failure) 503M->341M(534M) 1.451ms
[813.579s][info][gc,cpu         ] GC(2968) User=0.00s Sys=0.00s Real=0.00s
[813.833s][info][gc,start       ] GC(2969) Pause Young (Allocation Failure)
[813.834s][info][gc,heap        ] GC(2969) PSYoungGen: 160960K(161280K)->640K(155648K) Eden: 160256K(160256K)->0K(154624K) From: 704K(1024K)->640K(1024K)
[813.834s][info][gc,heap        ] GC(2969) ParOldGen: 348813K(386048K)->348813K(386048K)
[813.834s][info][gc,metaspace   ] GC(2969) Metaspace: 6123K(6208K)->6123K(6208K) NonClass: 5640K(5696K)->5640K(5696K) Class: 483K(512K)->483K(512K)
[813.834s][info][gc             ] GC(2969) Pause Young (Allocation Failure) 497M->341M(529M) 1.494ms
[813.834s][info][gc,cpu         ] GC(2969) User=0.00s Sys=0.01s Real=0.00s
[814.148s][info][gc,start       ] GC(2970) Pause Young (Allocation Failure)
[814.151s][info][gc,heap        ] GC(2970) PSYoungGen: 155264K(155648K)->658K(150528K) Eden: 154624K(154624K)->0K(149504K) From: 640K(1024K)->658K(1024K)
[814.151s][info][gc,heap        ] GC(2970) ParOldGen: 348813K(386048K)->348813K(386048K)
[814.151s][info][gc,metaspace   ] GC(2970) Metaspace: 6123K(6208K)->6123K(6208K) NonClass: 5640K(5696K)->5640K(5696K) Class: 483K(512K)->483K(512K)
[814.151s][info][gc             ] GC(2970) Pause Young (Allocation Failure) 492M->341M(524M) 2.772ms
[814.151s][info][gc,cpu         ] GC(2970) User=0.00s Sys=0.00s Real=0.01s
[814.391s][info][gc,start       ] GC(2971) Pause Young (Allocation Failure)
[814.394s][info][gc,heap        ] GC(2971) PSYoungGen: 150162K(150528K)->690K(145920K) Eden: 149504K(149504K)->0K(144384K) From: 658K(1024K)->690K(1536K)
[814.394s][info][gc,heap        ] GC(2971) ParOldGen: 348813K(386048K)->348813K(386048K)
[814.394s][info][gc,metaspace   ] GC(2971) Metaspace: 6123K(6208K)->6123K(6208K) NonClass: 5640K(5696K)->5640K(5696K) Class: 483K(512K)->483K(512K)
[814.394s][info][gc             ] GC(2971) Pause Young (Allocation Failure) 487M->341M(519M) 2.842ms
[814.394s][info][gc,cpu         ] GC(2971) User=0.00s Sys=0.00s Real=0.00s
[814.625s][info][gc,start       ] GC(2972) Pause Young (Allocation Failure)
[814.628s][info][gc,heap        ] GC(2972) PSYoungGen: 145074K(145920K)->722K(140800K) Eden: 144384K(144384K)->0K(139776K) From: 690K(1536K)->722K(1024K)
[814.628s][info][gc,heap        ] GC(2972) ParOldGen: 348813K(386048K)->348813K(386048K)
[814.628s][info][gc,metaspace   ] GC(2972) Metaspace: 6123K(6208K)->6123K(6208K) NonClass: 5640K(5696K)->5640K(5696K) Class: 483K(512K)->483K(512K)
[814.628s][info][gc             ] GC(2972) Pause Young (Allocation Failure) 482M->341M(514M) 2.877ms
[814.628s][info][gc,cpu         ] GC(2972) User=0.00s Sys=0.00s Real=0.00s
[814.855s][info][gc,start       ] GC(2973) Pause Young (Allocation Failure)
[814.856s][info][gc,heap        ] GC(2973) PSYoungGen: 140498K(140800K)->690K(136192K) Eden: 139776K(139776K)->0K(135168K) From: 722K(1024K)->690K(1024K)
[814.856s][info][gc,heap        ] GC(2973) ParOldGen: 348813K(386048K)->348813K(386048K)
[814.856s][info][gc,metaspace   ] GC(2973) Metaspace: 6123K(6208K)->6123K(6208K) NonClass: 5640K(5696K)->5640K(5696K) Class: 483K(512K)->483K(512K)
[814.856s][info][gc             ] GC(2973) Pause Young (Allocation Failure) 477M->341M(510M) 1.667ms
[814.856s][info][gc,cpu         ] GC(2973) User=0.01s Sys=0.00s Real=0.00s
[815.064s][info][gc,start       ] GC(2974) Pause Young (Allocation Failure)
[815.066s][info][gc,heap        ] GC(2974) PSYoungGen: 135858K(136192K)->512K(131584K) Eden: 135168K(135168K)->0K(131072K) From: 690K(1024K)->512K(512K)
[815.066s][info][gc,heap        ] GC(2974) ParOldGen: 348813K(386048K)->349077K(386048K)
[815.066s][info][gc,metaspace   ] GC(2974) Metaspace: 6123K(6208K)->6123K(6208K) NonClass: 5640K(5696K)->5640K(5696K) Class: 483K(512K)->483K(512K)
[815.066s][info][gc             ] GC(2974) Pause Young (Allocation Failure) 473M->341M(505M) 1.309ms
[815.066s][info][gc,cpu         ] GC(2974) User=0.00s Sys=0.00s Real=0.00s
[815.287s][info][gc,start       ] GC(2975) Pause Young (Allocation Failure)
[815.288s][info][gc,heap        ] GC(2975) PSYoungGen: 131584K(131584K)->768K(128000K) Eden: 131072K(131072K)->0K(126976K) From: 512K(512K)->768K(1024K)
[815.288s][info][gc,heap        ] GC(2975) ParOldGen: 349077K(386048K)->349077K(386048K)
[815.288s][info][gc,metaspace   ] GC(2975) Metaspace: 6123K(6208K)->6123K(6208K) NonClass: 5640K(5696K)->5640K(5696K) Class: 483K(512K)->483K(512K)
[815.288s][info][gc             ] GC(2975) Pause Young (Allocation Failure) 469M->341M(502M) 1.290ms
[815.288s][info][gc,cpu         ] GC(2975) User=0.00s Sys=0.00s Real=0.00s
[815.487s][info][gc,start       ] GC(2976) Pause Young (Allocation Failure)
[815.488s][info][gc,heap        ] GC(2976) PSYoungGen: 127744K(128000K)->768K(123904K) Eden: 126976K(126976K)->0K(122880K) From: 768K(1024K)->768K(1024K)
[815.488s][info][gc,heap        ] GC(2976) ParOldGen: 349077K(386048K)->349093K(386048K)
[815.488s][info][gc,metaspace   ] GC(2976) Metaspace: 6123K(6208K)->6123K(6208K) NonClass: 5640K(5696K)->5640K(5696K) Class: 483K(512K)->483K(512K)
[815.488s][info][gc             ] GC(2976) Pause Young (Allocation Failure) 465M->341M(498M) 1.256ms
[815.488s][info][gc,cpu         ] GC(2976) User=0.00s Sys=0.00s Real=0.00s
[815.687s][info][gc,start       ] GC(2977) Pause Young (Allocation Failure)
[815.689s][info][gc,heap        ] GC(2977) PSYoungGen: 123648K(123904K)->626K(120320K) Eden: 122880K(122880K)->0K(119296K) From: 768K(1024K)->626K(1024K)
[815.689s][info][gc,heap        ] GC(2977) ParOldGen: 349093K(386048K)->349093K(386048K)
[815.689s][info][gc,metaspace   ] GC(2977) Metaspace: 6123K(6208K)->6123K(6208K) NonClass: 5640K(5696K)->5640K(5696K) Class: 483K(512K)->483K(512K)
[815.689s][info][gc             ] GC(2977) Pause Young (Allocation Failure) 461M->341M(494M) 1.624ms
[815.689s][info][gc,cpu         ] GC(2977) User=0.01s Sys=0.00s Real=0.00s
[815.899s][info][gc,start       ] GC(2978) Pause Young (Allocation Failure)
[815.900s][info][gc,heap        ] GC(2978) PSYoungGen: 119922K(120320K)->512K(116224K) Eden: 119296K(119296K)->0K(115712K) From: 626K(1024K)->512K(512K)
[815.900s][info][gc,heap        ] GC(2978) ParOldGen: 349093K(386048K)->349237K(386048K)
[815.900s][info][gc,metaspace   ] GC(2978) Metaspace: 6123K(6208K)->6123K(6208K) NonClass: 5640K(5696K)->5640K(5696K) Class: 483K(512K)->483K(512K)
[815.900s][info][gc             ] GC(2978) Pause Young (Allocation Failure) 458M->341M(490M) 1.422ms
[815.900s][info][gc,cpu         ] GC(2978) User=0.00s Sys=0.00s Real=0.00s
[816.119s][info][gc,start       ] GC(2979) Pause Young (Allocation Failure)
[816.122s][info][gc,heap        ] GC(2979) PSYoungGen: 116224K(116224K)->741K(113152K) Eden: 115712K(115712K)->0K(112128K) From: 512K(512K)->741K(1024K)
[816.122s][info][gc,heap        ] GC(2979) ParOldGen: 349237K(386048K)->349237K(386048K)
[816.122s][info][gc,metaspace   ] GC(2979) Metaspace: 6123K(6208K)->6123K(6208K) NonClass: 5640K(5696K)->5640K(5696K) Class: 483K(512K)->483K(512K)
[816.122s][info][gc             ] GC(2979) Pause Young (Allocation Failure) 454M->341M(487M) 3.180ms
[816.122s][info][gc,cpu         ] GC(2979) User=0.00s Sys=0.00s Real=0.01s
[816.314s][info][gc,start       ] GC(2980) Pause Young (Allocation Failure)
[816.317s][info][gc,heap        ] GC(2980) PSYoungGen: 112869K(113152K)->800K(110080K) Eden: 112128K(112128K)->0K(109056K) From: 741K(1024K)->800K(1024K)
[816.317s][info][gc,heap        ] GC(2980) ParOldGen: 349237K(386048K)->349277K(386048K)
[816.317s][info][gc,metaspace   ] GC(2980) Metaspace: 6123K(6208K)->6123K(6208K) NonClass: 5640K(5696K)->5640K(5696K) Class: 483K(512K)->483K(512K)
[816.317s][info][gc             ] GC(2980) Pause Young (Allocation Failure) 451M->341M(484M) 2.757ms
[816.317s][info][gc,cpu         ] GC(2980) User=0.00s Sys=0.00s Real=0.00s
[816.498s][info][gc,start       ] GC(2981) Pause Young (Allocation Failure)
[816.501s][info][gc,heap        ] GC(2981) PSYoungGen: 109856K(110080K)->722K(132096K) Eden: 109056K(109056K)->0K(131072K) From: 800K(1024K)->722K(1024K)
[816.501s][info][gc,heap        ] GC(2981) ParOldGen: 349277K(386048K)->349277K(386048K)
[816.501s][info][gc,metaspace   ] GC(2981) Metaspace: 6123K(6208K)->6123K(6208K) NonClass: 5640K(5696K)->5640K(5696K) Class: 483K(512K)->483K(512K)
[816.501s][info][gc             ] GC(2981) Pause Young (Allocation Failure) 448M->341M(506M) 2.319ms
[816.501s][info][gc,cpu         ] GC(2981) User=0.00s Sys=0.00s Real=0.01s
[816.717s][info][gc,start       ] GC(2982) Pause Young (Allocation Failure)
[816.719s][info][gc,heap        ] GC(2982) PSYoungGen: 131794K(132096K)->498K(158208K) Eden: 131072K(131072K)->0K(157696K) From: 722K(1024K)->498K(512K)
[816.720s][info][gc,heap        ] GC(2982) ParOldGen: 349277K(386048K)->349437K(386048K)
[816.720s][info][gc,metaspace   ] GC(2982) Metaspace: 6123K(6208K)->6123K(6208K) NonClass: 5640K(5696K)->5640K(5696K) Class: 483K(512K)->483K(512K)
[816.720s][info][gc             ] GC(2982) Pause Young (Allocation Failure) 469M->341M(531M) 2.137ms
[816.720s][info][gc,cpu         ] GC(2982) User=0.00s Sys=0.00s Real=0.00s
[816.984s][info][gc,start       ] GC(2983) Pause Young (Allocation Failure)
[816.986s][info][gc,heap        ] GC(2983) PSYoungGen: 158194K(158208K)->786K(189952K) Eden: 157696K(157696K)->0K(188928K) From: 498K(512K)->786K(1024K)
[816.986s][info][gc,heap        ] GC(2983) ParOldGen: 349437K(386048K)->349437K(386048K)
[816.986s][info][gc,metaspace   ] GC(2983) Metaspace: 6123K(6208K)->6123K(6208K) NonClass: 5640K(5696K)->5640K(5696K) Class: 483K(512K)->483K(512K)
[816.986s][info][gc             ] GC(2983) Pause Young (Allocation Failure) 495M->342M(562M) 2.838ms
[816.986s][info][gc,cpu         ] GC(2983) User=0.01s Sys=0.00s Real=0.00s
[817.314s][info][gc,start       ] GC(2984) Pause Young (Allocation Failure)
[817.316s][info][gc,heap        ] GC(2984) PSYoungGen: 189714K(189952K)->672K(183296K) Eden: 188928K(188928K)->0K(182272K) From: 786K(1024K)->672K(1024K)
[817.316s][info][gc,heap        ] GC(2984) ParOldGen: 349437K(386048K)->349509K(386048K)
[817.316s][info][gc,metaspace   ] GC(2984) Metaspace: 6123K(6208K)->6123K(6208K) NonClass: 5640K(5696K)->5640K(5696K) Class: 483K(512K)->483K(512K)
[817.316s][info][gc             ] GC(2984) Pause Young (Allocation Failure) 526M->341M(556M) 2.502ms
[817.316s][info][gc,cpu         ] GC(2984) User=0.00s Sys=0.00s Real=0.00s
[817.633s][info][gc,start       ] GC(2985) Pause Young (Allocation Failure)
[817.635s][info][gc,heap        ] GC(2985) PSYoungGen: 182944K(183296K)->690K(176640K) Eden: 182272K(182272K)->0K(175616K) From: 672K(1024K)->690K(1024K)
[817.635s][info][gc,heap        ] GC(2985) ParOldGen: 349509K(386048K)->349509K(386048K)
[817.635s][info][gc,metaspace   ] GC(2985) Metaspace: 6123K(6208K)->6123K(6208K) NonClass: 5640K(5696K)->5640K(5696K) Class: 483K(512K)->483K(512K)
[817.635s][info][gc             ] GC(2985) Pause Young (Allocation Failure) 519M->341M(549M) 2.101ms
[817.635s][info][gc,cpu         ] GC(2985) User=0.00s Sys=0.00s Real=0.00s
[817.916s][info][gc,start       ] GC(2986) Pause Young (Allocation Failure)
[817.918s][info][gc,heap        ] GC(2986) PSYoungGen: 176306K(176640K)->498K(169984K) Eden: 175616K(175616K)->0K(169472K) From: 690K(1024K)->498K(512K)
[817.918s][info][gc,heap        ] GC(2986) ParOldGen: 349509K(386048K)->349677K(386048K)
[817.918s][info][gc,metaspace   ] GC(2986) Metaspace: 6123K(6208K)->6123K(6208K) NonClass: 5640K(5696K)->5640K(5696K) Class: 483K(512K)->483K(512K)
[817.918s][info][gc             ] GC(2986) Pause Young (Allocation Failure) 513M->341M(543M) 2.077ms
[817.918s][info][gc,cpu         ] GC(2986) User=0.00s Sys=0.00s Real=0.00s
[818.195s][info][gc,start       ] GC(2987) Pause Young (Allocation Failure)
[818.198s][info][gc,heap        ] GC(2987) PSYoungGen: 169970K(169984K)->818K(164864K) Eden: 169472K(169472K)->0K(163840K) From: 498K(512K)->818K(1024K)
[818.198s][info][gc,heap        ] GC(2987) ParOldGen: 349677K(386048K)->349677K(386048K)
[818.198s][info][gc,metaspace   ] GC(2987) Metaspace: 6123K(6208K)->6123K(6208K) NonClass: 5640K(5696K)->5640K(5696K) Class: 483K(512K)->483K(512K)
[818.198s][info][gc             ] GC(2987) Pause Young (Allocation Failure) 507M->342M(538M) 2.995ms
[818.198s][info][gc,cpu         ] GC(2987) User=0.00s Sys=0.00s Real=0.00s
[818.459s][info][gc,start       ] GC(2988) Pause Young (Allocation Failure)
[818.460s][info][gc,heap        ] GC(2988) PSYoungGen: 164658K(164864K)->768K(159232K) Eden: 163840K(163840K)->0K(158208K) From: 818K(1024K)->768K(1024K)
[818.460s][info][gc,heap        ] GC(2988) ParOldGen: 349677K(386048K)->349733K(386048K)
[818.460s][info][gc,metaspace   ] GC(2988) Metaspace: 6123K(6208K)->6123K(6208K) NonClass: 5640K(5696K)->5640K(5696K) Class: 483K(512K)->483K(512K)
[818.460s][info][gc             ] GC(2988) Pause Young (Allocation Failure) 502M->342M(532M) 1.325ms
[818.460s][info][gc,cpu         ] GC(2988) User=0.00s Sys=0.00s Real=0.00s
[818.706s][info][gc,start       ] GC(2989) Pause Young (Allocation Failure)
[818.708s][info][gc,heap        ] GC(2989) PSYoungGen: 158976K(159232K)->672K(154112K) Eden: 158208K(158208K)->0K(153088K) From: 768K(1024K)->672K(1024K)
[818.708s][info][gc,heap        ] GC(2989) ParOldGen: 349733K(386048K)->349733K(386048K)
[818.708s][info][gc,metaspace   ] GC(2989) Metaspace: 6123K(6208K)->6123K(6208K) NonClass: 5640K(5696K)->5640K(5696K) Class: 483K(512K)->483K(512K)
[818.708s][info][gc             ] GC(2989) Pause Young (Allocation Failure) 496M->342M(527M) 1.254ms
[818.708s][info][gc,cpu         ] GC(2989) User=0.01s Sys=0.00s Real=0.00s
[818.931s][info][gc,start       ] GC(2990) Pause Young (Allocation Failure)
[818.932s][info][gc,heap        ] GC(2990) PSYoungGen: 153760K(154112K)->512K(148480K) Eden: 153088K(153088K)->0K(147968K) From: 672K(1024K)->512K(512K)
[818.932s][info][gc,heap        ] GC(2990) ParOldGen: 349733K(386048K)->349885K(386048K)
[818.932s][info][gc,metaspace   ] GC(2990) Metaspace: 6123K(6208K)->6123K(6208K) NonClass: 5640K(5696K)->5640K(5696K) Class: 483K(512K)->483K(512K)
[818.932s][info][gc             ] GC(2990) Pause Young (Allocation Failure) 491M->342M(522M) 1.133ms
[818.932s][info][gc,cpu         ] GC(2990) User=0.00s Sys=0.00s Real=0.00s
[819.164s][info][gc,start       ] GC(2991) Pause Young (Allocation Failure)
[819.165s][info][gc,heap        ] GC(2991) PSYoungGen: 148480K(148480K)->741K(144384K) Eden: 147968K(147968K)->0K(143360K) From: 512K(512K)->741K(1024K)
[819.166s][info][gc,heap        ] GC(2991) ParOldGen: 349885K(386048K)->349885K(386048K)
[819.166s][info][gc,metaspace   ] GC(2991) Metaspace: 6123K(6208K)->6123K(6208K) NonClass: 5640K(5696K)->5640K(5696K) Class: 483K(512K)->483K(512K)
[819.166s][info][gc             ] GC(2991) Pause Young (Allocation Failure) 486M->342M(518M) 1.521ms
[819.166s][info][gc,cpu         ] GC(2991) User=0.01s Sys=0.00s Real=0.00s
[819.351s][info][gc,start       ] GC(2992) Pause Young (Allocation Failure)
[819.352s][info][gc,heap        ] GC(2992) PSYoungGen: 144101K(144384K)->768K(139776K) Eden: 143360K(143360K)->0K(138752K) From: 741K(1024K)->768K(1024K)
[819.352s][info][gc,heap        ] GC(2992) ParOldGen: 349885K(386048K)->349933K(386048K)
[819.352s][info][gc,metaspace   ] GC(2992) Metaspace: 6123K(6208K)->6123K(6208K) NonClass: 5640K(5696K)->5640K(5696K) Class: 483K(512K)->483K(512K)
[819.352s][info][gc             ] GC(2992) Pause Young (Allocation Failure) 482M->342M(513M) 1.305ms
[819.352s][info][gc,cpu         ] GC(2992) User=0.01s Sys=0.00s Real=0.00s
[819.578s][info][gc,start       ] GC(2993) Pause Young (Allocation Failure)
[819.579s][info][gc,heap        ] GC(2993) PSYoungGen: 139520K(139776K)->736K(135168K) Eden: 138752K(138752K)->0K(134144K) From: 768K(1024K)->736K(1024K)
[819.579s][info][gc,heap        ] GC(2993) ParOldGen: 349933K(386048K)->349933K(386048K)
[819.579s][info][gc,metaspace   ] GC(2993) Metaspace: 6123K(6208K)->6123K(6208K) NonClass: 5640K(5696K)->5640K(5696K) Class: 483K(512K)->483K(512K)
[819.580s][info][gc             ] GC(2993) Pause Young (Allocation Failure) 477M->342M(509M) 1.292ms
[819.580s][info][gc,cpu         ] GC(2993) User=0.00s Sys=0.00s Real=0.00s
[819.810s][info][gc,start       ] GC(2994) Pause Young (Allocation Failure)
[819.812s][info][gc,heap        ] GC(2994) PSYoungGen: 134880K(135168K)->512K(130560K) Eden: 134144K(134144K)->0K(130048K) From: 736K(1024K)->512K(512K)
[819.812s][info][gc,heap        ] GC(2994) ParOldGen: 349933K(386048K)->350173K(386048K)
[819.812s][info][gc,metaspace   ] GC(2994) Metaspace: 6123K(6208K)->6123K(6208K) NonClass: 5640K(5696K)->5640K(5696K) Class: 483K(512K)->483K(512K)
[819.812s][info][gc             ] GC(2994) Pause Young (Allocation Failure) 473M->342M(504M) 1.259ms
[819.812s][info][gc,cpu         ] GC(2994) User=0.00s Sys=0.00s Real=0.01s
[820.054s][info][gc,start       ] GC(2995) Pause Young (Allocation Failure)
[820.056s][info][gc,heap        ] GC(2995) PSYoungGen: 130560K(130560K)->704K(126976K) Eden: 130048K(130048K)->0K(125952K) From: 512K(512K)->704K(1024K)
[820.056s][info][gc,heap        ] GC(2995) ParOldGen: 350173K(386048K)->350173K(386048K)
[820.056s][info][gc,metaspace   ] GC(2995) Metaspace: 6123K(6208K)->6123K(6208K) NonClass: 5640K(5696K)->5640K(5696K) Class: 483K(512K)->483K(512K)
[820.056s][info][gc             ] GC(2995) Pause Young (Allocation Failure) 469M->342M(501M) 1.734ms
[820.056s][info][gc,cpu         ] GC(2995) User=0.00s Sys=0.00s Real=0.00s
[820.291s][info][gc,start       ] GC(2996) Pause Young (Allocation Failure)
[820.292s][info][gc,heap        ] GC(2996) PSYoungGen: 126656K(126976K)->640K(122880K) Eden: 125952K(125952K)->0K(121856K) From: 704K(1024K)->640K(1024K)
[820.292s][info][gc,heap        ] GC(2996) ParOldGen: 350173K(386048K)->350197K(386048K)
[820.292s][info][gc,metaspace   ] GC(2996) Metaspace: 6123K(6208K)->6123K(6208K) NonClass: 5640K(5696K)->5640K(5696K) Class: 483K(512K)->483K(512K)
[820.292s][info][gc             ] GC(2996) Pause Young (Allocation Failure) 465M->342M(497M) 1.164ms
[820.292s][info][gc,cpu         ] GC(2996) User=0.00s Sys=0.00s Real=0.00s
[820.516s][info][gc,start       ] GC(2997) Pause Young (Allocation Failure)
[820.517s][info][gc,heap        ] GC(2997) PSYoungGen: 122496K(122880K)->800K(119296K) Eden: 121856K(121856K)->0K(118272K) From: 640K(1024K)->800K(1024K)
[820.517s][info][gc,heap        ] GC(2997) ParOldGen: 350197K(386048K)->350197K(386048K)
[820.517s][info][gc,metaspace   ] GC(2997) Metaspace: 6123K(6208K)->6123K(6208K) NonClass: 5640K(5696K)->5640K(5696K) Class: 483K(512K)->483K(512K)
[820.517s][info][gc             ] GC(2997) Pause Young (Allocation Failure) 461M->342M(493M) 1.390ms
[820.517s][info][gc,cpu         ] GC(2997) User=0.01s Sys=0.00s Real=0.00s
[820.730s][info][gc,start       ] GC(2998) Pause Young (Allocation Failure)
[820.731s][info][gc,heap        ] GC(2998) PSYoungGen: 119072K(119296K)->512K(115200K) Eden: 118272K(118272K)->0K(114688K) From: 800K(1024K)->512K(512K)
[820.731s][info][gc,heap        ] GC(2998) ParOldGen: 350197K(386048K)->350285K(386048K)
[820.731s][info][gc,metaspace   ] GC(2998) Metaspace: 6123K(6208K)->6123K(6208K) NonClass: 5640K(5696K)->5640K(5696K) Class: 483K(512K)->483K(512K)
[820.731s][info][gc             ] GC(2998) Pause Young (Allocation Failure) 458M->342M(489M) 1.050ms
[820.731s][info][gc,cpu         ] GC(2998) User=0.00s Sys=0.00s Real=0.01s
[820.935s][info][gc,start       ] GC(2999) Pause Young (Allocation Failure)
[820.937s][info][gc,heap        ] GC(2999) PSYoungGen: 115200K(115200K)->690K(112128K) Eden: 114688K(114688K)->0K(111104K) From: 512K(512K)->690K(1024K)
[820.937s][info][gc,heap        ] GC(2999) ParOldGen: 350285K(386048K)->350285K(386048K)
[820.937s][info][gc,metaspace   ] GC(2999) Metaspace: 6123K(6208K)->6123K(6208K) NonClass: 5640K(5696K)->5640K(5696K) Class: 483K(512K)->483K(512K)
[820.937s][info][gc             ] GC(2999) Pause Young (Allocation Failure) 454M->342M(486M) 1.406ms
[820.937s][info][gc,cpu         ] GC(2999) User=0.00s Sys=0.00s Real=0.00s
[821.127s][info][gc,start       ] GC(3000) Pause Young (Allocation Failure)
[821.129s][info][gc,heap        ] GC(3000) PSYoungGen: 111794K(112128K)->736K(109056K) Eden: 111104K(111104K)->0K(108032K) From: 690K(1024K)->736K(1024K)
[821.129s][info][gc,heap        ] GC(3000) ParOldGen: 350285K(386048K)->350325K(386048K)
[821.129s][info][gc,metaspace   ] GC(3000) Metaspace: 6123K(6208K)->6123K(6208K) NonClass: 5640K(5696K)->5640K(5696K) Class: 483K(512K)->483K(512K)
[821.129s][info][gc             ] GC(3000) Pause Young (Allocation Failure) 451M->342M(483M) 1.330ms
[821.129s][info][gc,cpu         ] GC(3000) User=0.00s Sys=0.00s Real=0.00s
[821.307s][info][gc,start       ] GC(3001) Pause Young (Allocation Failure)
[821.308s][info][gc,heap        ] GC(3001) PSYoungGen: 108768K(109056K)->672K(105984K) Eden: 108032K(108032K)->0K(104960K) From: 736K(1024K)->672K(1024K)
[821.308s][info][gc,heap        ] GC(3001) ParOldGen: 350325K(386048K)->350325K(386048K)
[821.308s][info][gc,metaspace   ] GC(3001) Metaspace: 6123K(6208K)->6123K(6208K) NonClass: 5640K(5696K)->5640K(5696K) Class: 483K(512K)->483K(512K)
[821.308s][info][gc             ] GC(3001) Pause Young (Allocation Failure) 448M->342M(480M) 1.171ms
[821.308s][info][gc,cpu         ] GC(3001) User=0.00s Sys=0.00s Real=0.00s
[821.489s][info][gc,start       ] GC(3002) Pause Young (Allocation Failure)
[821.491s][info][gc,heap        ] GC(3002) PSYoungGen: 105632K(105984K)->512K(102400K) Eden: 104960K(104960K)->0K(101888K) From: 672K(1024K)->512K(512K)
[821.491s][info][gc,heap        ] GC(3002) ParOldGen: 350325K(386048K)->350549K(386048K)
[821.491s][info][gc,metaspace   ] GC(3002) Metaspace: 6123K(6208K)->6123K(6208K) NonClass: 5640K(5696K)->5640K(5696K) Class: 483K(512K)->483K(512K)
[821.491s][info][gc             ] GC(3002) Pause Young (Allocation Failure) 445M->342M(477M) 1.303ms
[821.491s][info][gc,cpu         ] GC(3002) User=0.00s Sys=0.00s Real=0.01s
[821.667s][info][gc,start       ] GC(3003) Pause Young (Allocation Failure)
[821.669s][info][gc,heap        ] GC(3003) PSYoungGen: 102400K(102400K)->768K(99840K) Eden: 101888K(101888K)->0K(98816K) From: 512K(512K)->768K(1024K)
[821.669s][info][gc,heap        ] GC(3003) ParOldGen: 350549K(386048K)->350549K(386048K)
[821.669s][info][gc,metaspace   ] GC(3003) Metaspace: 6123K(6208K)->6123K(6208K) NonClass: 5640K(5696K)->5640K(5696K) Class: 483K(512K)->483K(512K)
[821.669s][info][gc             ] GC(3003) Pause Young (Allocation Failure) 442M->343M(474M) 1.532ms
[821.669s][info][gc,cpu         ] GC(3003) User=0.00s Sys=0.00s Real=0.00s
[821.839s][info][gc,start       ] GC(3004) Pause Young (Allocation Failure)
[821.840s][info][gc,heap        ] GC(3004) PSYoungGen: 99584K(99840K)->704K(97280K) Eden: 98816K(98816K)->0K(96256K) From: 768K(1024K)->704K(1024K)
[821.840s][info][gc,heap        ] GC(3004) ParOldGen: 350549K(386048K)->350573K(386048K)
[821.840s][info][gc,metaspace   ] GC(3004) Metaspace: 6123K(6208K)->6123K(6208K) NonClass: 5640K(5696K)->5640K(5696K) Class: 483K(512K)->483K(512K)
[821.840s][info][gc             ] GC(3004) Pause Young (Allocation Failure) 439M->343M(472M) 1.146ms
[821.840s][info][gc,cpu         ] GC(3004) User=0.00s Sys=0.00s Real=0.00s
[822.001s][info][gc,start       ] GC(3005) Pause Young (Allocation Failure)
[822.002s][info][gc,heap        ] GC(3005) PSYoungGen: 96960K(97280K)->512K(94208K) Eden: 96256K(96256K)->0K(93696K) From: 704K(1024K)->512K(512K)
[822.002s][info][gc,heap        ] GC(3005) ParOldGen: 350573K(386048K)->350573K(386048K)
[822.002s][info][gc,metaspace   ] GC(3005) Metaspace: 6123K(6208K)->6123K(6208K) NonClass: 5640K(5696K)->5640K(5696K) Class: 483K(512K)->483K(512K)
[822.002s][info][gc             ] GC(3005) Pause Young (Allocation Failure) 437M->342M(469M) 1.164ms
[822.002s][info][gc,cpu         ] GC(3005) User=0.00s Sys=0.00s Real=0.00s
[822.179s][info][gc,start       ] GC(3006) Pause Young (Allocation Failure)
[822.180s][info][gc,heap        ] GC(3006) PSYoungGen: 94208K(94208K)->640K(92160K) Eden: 93696K(93696K)->0K(91136K) From: 512K(512K)->640K(1024K)
[822.180s][info][gc,heap        ] GC(3006) ParOldGen: 350573K(386048K)->350573K(386048K)
[822.180s][info][gc,metaspace   ] GC(3006) Metaspace: 6123K(6208K)->6123K(6208K) NonClass: 5640K(5696K)->5640K(5696K) Class: 483K(512K)->483K(512K)
[822.180s][info][gc             ] GC(3006) Pause Young (Allocation Failure) 434M->342M(467M) 1.218ms
[822.180s][info][gc,cpu         ] GC(3006) User=0.00s Sys=0.00s Real=0.00s
[822.329s][info][gc,start       ] GC(3007) Pause Young (Allocation Failure)
[822.330s][info][gc,heap        ] GC(3007) PSYoungGen: 91776K(92160K)->736K(89600K) Eden: 91136K(91136K)->0K(88576K) From: 640K(1024K)->736K(1024K)
[822.330s][info][gc,heap        ] GC(3007) ParOldGen: 350573K(386048K)->350573K(386048K)
[822.330s][info][gc,metaspace   ] GC(3007) Metaspace: 6123K(6208K)->6123K(6208K) NonClass: 5640K(5696K)->5640K(5696K) Class: 483K(512K)->483K(512K)
[822.330s][info][gc             ] GC(3007) Pause Young (Allocation Failure) 431M->343M(464M) 1.499ms
[822.330s][info][gc,cpu         ] GC(3007) User=0.00s Sys=0.00s Real=0.00s
[822.482s][info][gc,start       ] GC(3008) Pause Young (Allocation Failure)
[822.484s][info][gc,heap        ] GC(3008) PSYoungGen: 89312K(89600K)->512K(87040K) Eden: 88576K(88576K)->0K(86528K) From: 736K(1024K)->512K(512K)
[822.484s][info][gc,heap        ] GC(3008) ParOldGen: 350573K(386048K)->350797K(386048K)
[822.484s][info][gc,metaspace   ] GC(3008) Metaspace: 6123K(6208K)->6123K(6208K) NonClass: 5640K(5696K)->5640K(5696K) Class: 483K(512K)->483K(512K)
[822.484s][info][gc             ] GC(3008) Pause Young (Allocation Failure) 429M->343M(462M) 1.323ms
[822.484s][info][gc,cpu         ] GC(3008) User=0.00s Sys=0.00s Real=0.00s
[822.629s][info][gc,start       ] GC(3009) Pause Young (Allocation Failure)
[822.631s][info][gc,heap        ] GC(3009) PSYoungGen: 87040K(87040K)->704K(194048K) Eden: 86528K(86528K)->0K(193024K) From: 512K(512K)->704K(1024K)
[822.631s][info][gc,heap        ] GC(3009) ParOldGen: 350797K(386048K)->350797K(386048K)
[822.631s][info][gc,metaspace   ] GC(3009) Metaspace: 6123K(6208K)->6123K(6208K) NonClass: 5640K(5696K)->5640K(5696K) Class: 483K(512K)->483K(512K)
[822.631s][info][gc             ] GC(3009) Pause Young (Allocation Failure) 427M->343M(566M) 1.474ms
[822.631s][info][gc,cpu         ] GC(3009) User=0.00s Sys=0.00s Real=0.01s
[822.985s][info][gc,start       ] GC(3010) Pause Young (Allocation Failure)
[822.987s][info][gc,heap        ] GC(3010) PSYoungGen: 193728K(194048K)->736K(186880K) Eden: 193024K(193024K)->0K(185856K) From: 704K(1024K)->736K(1024K)
[822.987s][info][gc,heap        ] GC(3010) ParOldGen: 350797K(386048K)->350821K(386048K)
[822.987s][info][gc,metaspace   ] GC(3010) Metaspace: 6123K(6208K)->6123K(6208K) NonClass: 5640K(5696K)->5640K(5696K) Class: 483K(512K)->483K(512K)
[822.987s][info][gc             ] GC(3010) Pause Young (Allocation Failure) 531M->343M(559M) 1.331ms
[822.987s][info][gc,cpu         ] GC(3010) User=0.01s Sys=0.00s Real=0.00s
[823.332s][info][gc,start       ] GC(3011) Pause Young (Allocation Failure)
[823.334s][info][gc,heap        ] GC(3011) PSYoungGen: 186592K(186880K)->704K(180224K) Eden: 185856K(185856K)->0K(179200K) From: 736K(1024K)->704K(1024K)
[823.334s][info][gc,heap        ] GC(3011) ParOldGen: 350821K(386048K)->350821K(386048K)
[823.334s][info][gc,metaspace   ] GC(3011) Metaspace: 6123K(6208K)->6123K(6208K) NonClass: 5640K(5696K)->5640K(5696K) Class: 483K(512K)->483K(512K)
[823.334s][info][gc             ] GC(3011) Pause Young (Allocation Failure) 524M->343M(553M) 1.340ms
[823.334s][info][gc,cpu         ] GC(3011) User=0.01s Sys=0.00s Real=0.00s
[823.656s][info][gc,start       ] GC(3012) Pause Young (Allocation Failure)
[823.657s][info][gc,heap        ] GC(3012) PSYoungGen: 179904K(180224K)->512K(173568K) Eden: 179200K(179200K)->0K(173056K) From: 704K(1024K)->512K(512K)
[823.657s][info][gc,heap        ] GC(3012) ParOldGen: 350821K(386048K)->351053K(386048K)
[823.657s][info][gc,metaspace   ] GC(3012) Metaspace: 6123K(6208K)->6123K(6208K) NonClass: 5640K(5696K)->5640K(5696K) Class: 483K(512K)->483K(512K)
[823.657s][info][gc             ] GC(3012) Pause Young (Allocation Failure) 518M->343M(546M) 1.373ms
[823.657s][info][gc,cpu         ] GC(3012) User=0.00s Sys=0.00s Real=0.00s
[823.970s][info][gc,start       ] GC(3013) Pause Young (Allocation Failure)
[823.971s][info][gc,heap        ] GC(3013) PSYoungGen: 173568K(173568K)->672K(167936K) Eden: 173056K(173056K)->0K(166912K) From: 512K(512K)->672K(1024K)
[823.971s][info][gc,heap        ] GC(3013) ParOldGen: 351053K(386048K)->351053K(386048K)
[823.971s][info][gc,metaspace   ] GC(3013) Metaspace: 6123K(6208K)->6123K(6208K) NonClass: 5640K(5696K)->5640K(5696K) Class: 483K(512K)->483K(512K)
[823.971s][info][gc             ] GC(3013) Pause Young (Allocation Failure) 512M->343M(541M) 1.166ms
[823.971s][info][gc,cpu         ] GC(3013) User=0.00s Sys=0.00s Real=0.01s
[824.298s][info][gc,start       ] GC(3014) Pause Young (Allocation Failure)
[824.300s][info][gc,heap        ] GC(3014) PSYoungGen: 167584K(167936K)->690K(162304K) Eden: 166912K(166912K)->0K(161280K) From: 672K(1024K)->690K(1024K)
[824.300s][info][gc,heap        ] GC(3014) ParOldGen: 351053K(386048K)->351085K(386048K)
[824.300s][info][gc,metaspace   ] GC(3014) Metaspace: 6123K(6208K)->6123K(6208K) NonClass: 5640K(5696K)->5640K(5696K) Class: 483K(512K)->483K(512K)
[824.300s][info][gc             ] GC(3014) Pause Young (Allocation Failure) 506M->343M(535M) 2.412ms
[824.300s][info][gc,cpu         ] GC(3014) User=0.01s Sys=0.00s Real=0.00s
[824.593s][info][gc,start       ] GC(3015) Pause Young (Allocation Failure)
[824.595s][info][gc,heap        ] GC(3015) PSYoungGen: 161970K(162304K)->800K(156672K) Eden: 161280K(161280K)->0K(155648K) From: 690K(1024K)->800K(1024K)
[824.595s][info][gc,heap        ] GC(3015) ParOldGen: 351085K(386048K)->351085K(386048K)
[824.595s][info][gc,metaspace   ] GC(3015) Metaspace: 6123K(6208K)->6123K(6208K) NonClass: 5640K(5696K)->5640K(5696K) Class: 483K(512K)->483K(512K)
[824.595s][info][gc             ] GC(3015) Pause Young (Allocation Failure) 501M->343M(530M) 1.605ms
[824.595s][info][gc,cpu         ] GC(3015) User=0.00s Sys=0.00s Real=0.00s
[824.858s][info][gc,start       ] GC(3016) Pause Young (Allocation Failure)
[824.860s][info][gc,heap        ] GC(3016) PSYoungGen: 156448K(156672K)->498K(151040K) Eden: 155648K(155648K)->0K(150528K) From: 800K(1024K)->498K(512K)
[824.860s][info][gc,heap        ] GC(3016) ParOldGen: 351085K(386048K)->351293K(386048K)
[824.860s][info][gc,metaspace   ] GC(3016) Metaspace: 6123K(6208K)->6123K(6208K) NonClass: 5640K(5696K)->5640K(5696K) Class: 483K(512K)->483K(512K)
[824.860s][info][gc             ] GC(3016) Pause Young (Allocation Failure) 495M->343M(524M) 2.224ms
[824.860s][info][gc,cpu         ] GC(3016) User=0.01s Sys=0.00s Real=0.00s
[825.116s][info][gc,start       ] GC(3017) Pause Young (Allocation Failure)
[825.118s][info][gc,heap        ] GC(3017) PSYoungGen: 151026K(151040K)->736K(146432K) Eden: 150528K(150528K)->0K(145408K) From: 498K(512K)->736K(1024K)
[825.119s][info][gc,heap        ] GC(3017) ParOldGen: 351293K(386048K)->351293K(386048K)
[825.119s][info][gc,metaspace   ] GC(3017) Metaspace: 6123K(6208K)->6123K(6208K) NonClass: 5640K(5696K)->5640K(5696K) Class: 483K(512K)->483K(512K)
[825.119s][info][gc             ] GC(3017) Pause Young (Allocation Failure) 490M->343M(520M) 2.412ms
[825.119s][info][gc,cpu         ] GC(3017) User=0.00s Sys=0.00s Real=0.00s
[825.361s][info][gc,start       ] GC(3018) Pause Young (Allocation Failure)
[825.363s][info][gc,heap        ] GC(3018) PSYoungGen: 146144K(146432K)->658K(141824K) Eden: 145408K(145408K)->0K(140800K) From: 736K(1024K)->658K(1024K)
[825.363s][info][gc,heap        ] GC(3018) ParOldGen: 351293K(386048K)->351309K(386048K)
[825.363s][info][gc,metaspace   ] GC(3018) Metaspace: 6123K(6208K)->6123K(6208K) NonClass: 5640K(5696K)->5640K(5696K) Class: 483K(512K)->483K(512K)
[825.363s][info][gc             ] GC(3018) Pause Young (Allocation Failure) 485M->343M(515M) 2.143ms
[825.363s][info][gc,cpu         ] GC(3018) User=0.00s Sys=0.00s Real=0.00s
[825.591s][info][gc,start       ] GC(3019) Pause Young (Allocation Failure)
[825.592s][info][gc,heap        ] GC(3019) PSYoungGen: 141458K(141824K)->736K(137216K) Eden: 140800K(140800K)->0K(136192K) From: 658K(1024K)->736K(1024K)
[825.592s][info][gc,heap        ] GC(3019) ParOldGen: 351309K(386048K)->351309K(386048K)
[825.592s][info][gc,metaspace   ] GC(3019) Metaspace: 6123K(6208K)->6123K(6208K) NonClass: 5640K(5696K)->5640K(5696K) Class: 483K(512K)->483K(512K)
[825.592s][info][gc             ] GC(3019) Pause Young (Allocation Failure) 481M->343M(511M) 1.346ms
[825.592s][info][gc,cpu         ] GC(3019) User=0.01s Sys=0.00s Real=0.00s
[825.825s][info][gc,start       ] GC(3020) Pause Young (Allocation Failure)
[825.826s][info][gc,heap        ] GC(3020) PSYoungGen: 136928K(137216K)->512K(132608K) Eden: 136192K(136192K)->0K(132096K) From: 736K(1024K)->512K(512K)
[825.826s][info][gc,heap        ] GC(3020) ParOldGen: 351309K(386048K)->351565K(386048K)
[825.826s][info][gc,metaspace   ] GC(3020) Metaspace: 6123K(6208K)->6123K(6208K) NonClass: 5640K(5696K)->5640K(5696K) Class: 483K(512K)->483K(512K)
[825.826s][info][gc             ] GC(3020) Pause Young (Allocation Failure) 476M->343M(506M) 1.393ms
[825.826s][info][gc,cpu         ] GC(3020) User=0.00s Sys=0.00s Real=0.00s
[826.047s][info][gc,start       ] GC(3021) Pause Young (Allocation Failure)
[826.048s][info][gc,heap        ] GC(3021) PSYoungGen: 132608K(132608K)->736K(129024K) Eden: 132096K(132096K)->0K(128000K) From: 512K(512K)->736K(1024K)
[826.049s][info][gc,heap        ] GC(3021) ParOldGen: 351565K(386048K)->351565K(386048K)
[826.049s][info][gc,metaspace   ] GC(3021) Metaspace: 6123K(6208K)->6123K(6208K) NonClass: 5640K(5696K)->5640K(5696K) Class: 483K(512K)->483K(512K)
[826.049s][info][gc             ] GC(3021) Pause Young (Allocation Failure) 472M->344M(503M) 1.396ms
[826.049s][info][gc,cpu         ] GC(3021) User=0.00s Sys=0.00s Real=0.00s
[826.266s][info][gc,start       ] GC(3022) Pause Young (Allocation Failure)
[826.268s][info][gc,heap        ] GC(3022) PSYoungGen: 128736K(129024K)->672K(124928K) Eden: 128000K(128000K)->0K(123904K) From: 736K(1024K)->672K(1024K)
[826.268s][info][gc,heap        ] GC(3022) ParOldGen: 351565K(386048K)->351589K(386048K)
[826.268s][info][gc,metaspace   ] GC(3022) Metaspace: 6123K(6208K)->6123K(6208K) NonClass: 5640K(5696K)->5640K(5696K) Class: 483K(512K)->483K(512K)
[826.268s][info][gc             ] GC(3022) Pause Young (Allocation Failure) 469M->344M(499M) 2.496ms
[826.268s][info][gc,cpu         ] GC(3022) User=0.01s Sys=0.00s Real=0.00s
[826.504s][info][gc,start       ] GC(3023) Pause Young (Allocation Failure)
[826.507s][info][gc,heap        ] GC(3023) PSYoungGen: 124576K(124928K)->722K(121344K) Eden: 123904K(123904K)->0K(120320K) From: 672K(1024K)->722K(1024K)
[826.507s][info][gc,heap        ] GC(3023) ParOldGen: 351589K(386048K)->351589K(386048K)
[826.507s][info][gc,metaspace   ] GC(3023) Metaspace: 6123K(6208K)->6123K(6208K) NonClass: 5640K(5696K)->5640K(5696K) Class: 483K(512K)->483K(512K)
[826.507s][info][gc             ] GC(3023) Pause Young (Allocation Failure) 465M->344M(495M) 2.637ms
[826.507s][info][gc,cpu         ] GC(3023) User=0.00s Sys=0.00s Real=0.00s
[826.697s][info][gc,start       ] GC(3024) Pause Young (Allocation Failure)
[826.699s][info][gc,heap        ] GC(3024) PSYoungGen: 121042K(121344K)->498K(117248K) Eden: 120320K(120320K)->0K(116736K) From: 722K(1024K)->498K(512K)
[826.699s][info][gc,heap        ] GC(3024) ParOldGen: 351589K(386048K)->351717K(386048K)
[826.699s][info][gc,metaspace   ] GC(3024) Metaspace: 6123K(6208K)->6123K(6208K) NonClass: 5640K(5696K)->5640K(5696K) Class: 483K(512K)->483K(512K)
[826.699s][info][gc             ] GC(3024) Pause Young (Allocation Failure) 461M->343M(491M) 2.123ms
[826.699s][info][gc,cpu         ] GC(3024) User=0.00s Sys=0.00s Real=0.00s
[826.883s][info][gc,start       ] GC(3025) Pause Young (Allocation Failure)
[826.885s][info][gc,heap        ] GC(3025) PSYoungGen: 117234K(117248K)->786K(114176K) Eden: 116736K(116736K)->0K(113152K) From: 498K(512K)->786K(1024K)
[826.885s][info][gc,heap        ] GC(3025) ParOldGen: 351717K(386048K)->351717K(386048K)
[826.885s][info][gc,metaspace   ] GC(3025) Metaspace: 6123K(6208K)->6123K(6208K) NonClass: 5640K(5696K)->5640K(5696K) Class: 483K(512K)->483K(512K)
[826.885s][info][gc             ] GC(3025) Pause Young (Allocation Failure) 457M->344M(488M) 2.536ms
[826.885s][info][gc,cpu         ] GC(3025) User=0.01s Sys=0.00s Real=0.00s
[827.065s][info][gc,start       ] GC(3026) Pause Young (Allocation Failure)
[827.067s][info][gc,heap        ] GC(3026) PSYoungGen: 113938K(114176K)->672K(137216K) Eden: 113152K(113152K)->0K(136192K) From: 786K(1024K)->672K(1024K)
[827.067s][info][gc,heap        ] GC(3026) ParOldGen: 351717K(386048K)->351749K(386048K)
[827.067s][info][gc,metaspace   ] GC(3026) Metaspace: 6123K(6208K)->6123K(6208K) NonClass: 5640K(5696K)->5640K(5696K) Class: 483K(512K)->483K(512K)
[827.067s][info][gc             ] GC(3026) Pause Young (Allocation Failure) 454M->344M(511M) 2.032ms
[827.067s][info][gc,cpu         ] GC(3026) User=0.01s Sys=0.00s Real=0.00s
[827.286s][info][gc,start       ] GC(3027) Pause Young (Allocation Failure)
[827.288s][info][gc,heap        ] GC(3027) PSYoungGen: 136864K(137216K)->722K(164864K) Eden: 136192K(136192K)->0K(163840K) From: 672K(1024K)->722K(1024K)
[827.288s][info][gc,heap        ] GC(3027) ParOldGen: 351749K(386048K)->351749K(386048K)
[827.288s][info][gc,metaspace   ] GC(3027) Metaspace: 6123K(6208K)->6123K(6208K) NonClass: 5640K(5696K)->5640K(5696K) Class: 483K(512K)->483K(512K)
[827.288s][info][gc             ] GC(3027) Pause Young (Allocation Failure) 477M->344M(538M) 2.388ms
[827.288s][info][gc,cpu         ] GC(3027) User=0.00s Sys=0.00s Real=0.00s
[827.572s][info][gc,start       ] GC(3028) Pause Young (Allocation Failure)
[827.575s][info][gc,heap        ] GC(3028) PSYoungGen: 164562K(164864K)->498K(158720K) Eden: 163840K(163840K)->0K(158208K) From: 722K(1024K)->498K(512K)
[827.575s][info][gc,heap        ] GC(3028) ParOldGen: 351749K(386048K)->351997K(386048K)
[827.575s][info][gc,metaspace   ] GC(3028) Metaspace: 6123K(6208K)->6123K(6208K) NonClass: 5640K(5696K)->5640K(5696K) Class: 483K(512K)->483K(512K)
[827.575s][info][gc             ] GC(3028) Pause Young (Allocation Failure) 504M->344M(532M) 2.581ms
[827.575s][info][gc,cpu         ] GC(3028) User=0.00s Sys=0.00s Real=0.00s
[827.837s][info][gc,start       ] GC(3029) Pause Young (Allocation Failure)
[827.838s][info][gc,heap        ] GC(3029) PSYoungGen: 158706K(158720K)->768K(154112K) Eden: 158208K(158208K)->0K(153088K) From: 498K(512K)->768K(1024K)
[827.838s][info][gc,heap        ] GC(3029) ParOldGen: 351997K(386048K)->351997K(386048K)
[827.838s][info][gc,metaspace   ] GC(3029) Metaspace: 6123K(6208K)->6123K(6208K) NonClass: 5640K(5696K)->5640K(5696K) Class: 483K(512K)->483K(512K)
[827.838s][info][gc             ] GC(3029) Pause Young (Allocation Failure) 498M->344M(527M) 1.785ms
[827.838s][info][gc,cpu         ] GC(3029) User=0.00s Sys=0.00s Real=0.00s
[828.092s][info][gc,start       ] GC(3030) Pause Young (Allocation Failure)
[828.093s][info][gc,heap        ] GC(3030) PSYoungGen: 153856K(154112K)->672K(148992K) Eden: 153088K(153088K)->0K(147968K) From: 768K(1024K)->672K(1024K)
[828.093s][info][gc,heap        ] GC(3030) ParOldGen: 351997K(386048K)->352029K(386048K)
[828.093s][info][gc,metaspace   ] GC(3030) Metaspace: 6123K(6208K)->6123K(6208K) NonClass: 5640K(5696K)->5640K(5696K) Class: 483K(512K)->483K(512K)
[828.093s][info][gc             ] GC(3030) Pause Young (Allocation Failure) 493M->344M(522M) 1.303ms
[828.093s][info][gc,cpu         ] GC(3030) User=0.00s Sys=0.00s Real=0.00s
[828.332s][info][gc,start       ] GC(3031) Pause Young (Allocation Failure)
[828.333s][info][gc,heap        ] GC(3031) PSYoungGen: 148640K(148992K)->736K(144384K) Eden: 147968K(147968K)->0K(143360K) From: 672K(1024K)->736K(1024K)
[828.333s][info][gc,heap        ] GC(3031) ParOldGen: 352029K(386048K)->352029K(386048K)
[828.333s][info][gc,metaspace   ] GC(3031) Metaspace: 6123K(6208K)->6123K(6208K) NonClass: 5640K(5696K)->5640K(5696K) Class: 483K(512K)->483K(512K)
[828.333s][info][gc             ] GC(3031) Pause Young (Allocation Failure) 488M->344M(518M) 1.389ms
[828.333s][info][gc,cpu         ] GC(3031) User=0.00s Sys=0.00s Real=0.00s
[828.614s][info][gc,start       ] GC(3032) Pause Young (Allocation Failure)
[828.615s][info][gc,heap        ] GC(3032) PSYoungGen: 144096K(144384K)->512K(139264K) Eden: 143360K(143360K)->0K(138752K) From: 736K(1024K)->512K(512K)
[828.615s][info][gc,heap        ] GC(3032) ParOldGen: 352029K(386048K)->352261K(386048K)
[828.615s][info][gc,metaspace   ] GC(3032) Metaspace: 6123K(6208K)->6123K(6208K) NonClass: 5640K(5696K)->5640K(5696K) Class: 483K(512K)->483K(512K)
[828.615s][info][gc             ] GC(3032) Pause Young (Allocation Failure) 484M->344M(513M) 1.439ms
[828.615s][info][gc,cpu         ] GC(3032) User=0.01s Sys=0.00s Real=0.00s
[828.839s][info][gc,start       ] GC(3033) Pause Young (Allocation Failure)
[828.841s][info][gc,heap        ] GC(3033) PSYoungGen: 139264K(139264K)->736K(135168K) Eden: 138752K(138752K)->0K(134144K) From: 512K(512K)->736K(1024K)
[828.841s][info][gc,heap        ] GC(3033) ParOldGen: 352261K(386048K)->352261K(386048K)
[828.841s][info][gc,metaspace   ] GC(3033) Metaspace: 6123K(6208K)->6123K(6208K) NonClass: 5640K(5696K)->5640K(5696K) Class: 483K(512K)->483K(512K)
[828.841s][info][gc             ] GC(3033) Pause Young (Allocation Failure) 480M->344M(509M) 1.372ms
[828.841s][info][gc,cpu         ] GC(3033) User=0.00s Sys=0.00s Real=0.01s
[829.057s][info][gc,start       ] GC(3034) Pause Young (Allocation Failure)
[829.058s][info][gc,heap        ] GC(3034) PSYoungGen: 134880K(135168K)->640K(131072K) Eden: 134144K(134144K)->0K(130048K) From: 736K(1024K)->640K(1024K)
[829.058s][info][gc,heap        ] GC(3034) ParOldGen: 352261K(386048K)->352277K(386048K)
[829.058s][info][gc,metaspace   ] GC(3034) Metaspace: 6123K(6208K)->6123K(6208K) NonClass: 5640K(5696K)->5640K(5696K) Class: 483K(512K)->483K(512K)
[829.058s][info][gc             ] GC(3034) Pause Young (Allocation Failure) 475M->344M(505M) 1.160ms
[829.058s][info][gc,cpu         ] GC(3034) User=0.00s Sys=0.00s Real=0.00s
[829.281s][info][gc,start       ] GC(3035) Pause Young (Allocation Failure)
[829.282s][info][gc,heap        ] GC(3035) PSYoungGen: 130688K(131072K)->704K(126976K) Eden: 130048K(130048K)->0K(125952K) From: 640K(1024K)->704K(1024K)
[829.282s][info][gc,heap        ] GC(3035) ParOldGen: 352277K(386048K)->352277K(386048K)
[829.282s][info][gc,metaspace   ] GC(3035) Metaspace: 6123K(6208K)->6123K(6208K) NonClass: 5640K(5696K)->5640K(5696K) Class: 483K(512K)->483K(512K)
[829.282s][info][gc             ] GC(3035) Pause Young (Allocation Failure) 471M->344M(501M) 1.316ms
[829.282s][info][gc,cpu         ] GC(3035) User=0.00s Sys=0.00s Real=0.00s
[829.479s][info][gc,start       ] GC(3036) Pause Young (Allocation Failure)
[829.480s][info][gc,heap        ] GC(3036) PSYoungGen: 126656K(126976K)->512K(122368K) Eden: 125952K(125952K)->0K(121856K) From: 704K(1024K)->512K(512K)
[829.480s][info][gc,heap        ] GC(3036) ParOldGen: 352277K(386048K)->352373K(386048K)
[829.480s][info][gc,metaspace   ] GC(3036) Metaspace: 6123K(6208K)->6123K(6208K) NonClass: 5640K(5696K)->5640K(5696K) Class: 483K(512K)->483K(512K)
[829.480s][info][gc             ] GC(3036) Pause Young (Allocation Failure) 467M->344M(496M) 1.053ms
[829.480s][info][gc,cpu         ] GC(3036) User=0.00s Sys=0.00s Real=0.00s
[829.667s][info][gc,start       ] GC(3037) Pause Young (Allocation Failure)
[829.668s][info][gc,heap        ] GC(3037) PSYoungGen: 122368K(122368K)->690K(119296K) Eden: 121856K(121856K)->0K(118272K) From: 512K(512K)->690K(1024K)
[829.668s][info][gc,heap        ] GC(3037) ParOldGen: 352373K(386048K)->352373K(386048K)
[829.668s][info][gc,metaspace   ] GC(3037) Metaspace: 6123K(6208K)->6123K(6208K) NonClass: 5640K(5696K)->5640K(5696K) Class: 483K(512K)->483K(512K)
[829.668s][info][gc             ] GC(3037) Pause Young (Allocation Failure) 463M->344M(493M) 1.255ms
[829.668s][info][gc,cpu         ] GC(3037) User=0.00s Sys=0.00s Real=0.00s
[829.849s][info][gc,start       ] GC(3038) Pause Young (Allocation Failure)
[829.850s][info][gc,heap        ] GC(3038) PSYoungGen: 118962K(119296K)->768K(115712K) Eden: 118272K(118272K)->0K(114688K) From: 690K(1024K)->768K(1024K)
[829.851s][info][gc,heap        ] GC(3038) ParOldGen: 352373K(386048K)->352413K(386048K)
[829.851s][info][gc,metaspace   ] GC(3038) Metaspace: 6123K(6208K)->6123K(6208K) NonClass: 5640K(5696K)->5640K(5696K) Class: 483K(512K)->483K(512K)
[829.851s][info][gc             ] GC(3038) Pause Young (Allocation Failure) 460M->344M(490M) 1.431ms
[829.851s][info][gc,cpu         ] GC(3038) User=0.00s Sys=0.00s Real=0.01s
[830.025s][info][gc,start       ] GC(3039) Pause Young (Allocation Failure)
[830.027s][info][gc,heap        ] GC(3039) PSYoungGen: 115456K(115712K)->704K(112128K) Eden: 114688K(114688K)->0K(111104K) From: 768K(1024K)->704K(1024K)
[830.027s][info][gc,heap        ] GC(3039) ParOldGen: 352413K(386048K)->352413K(386048K)
[830.027s][info][gc,metaspace   ] GC(3039) Metaspace: 6123K(6208K)->6123K(6208K) NonClass: 5640K(5696K)->5640K(5696K) Class: 483K(512K)->483K(512K)
[830.027s][info][gc             ] GC(3039) Pause Young (Allocation Failure) 456M->344M(486M) 1.266ms
[830.027s][info][gc,cpu         ] GC(3039) User=0.01s Sys=0.00s Real=0.00s
[830.194s][info][gc,start       ] GC(3040) Pause Young (Allocation Failure)
[830.195s][info][gc,heap        ] GC(3040) PSYoungGen: 111808K(112128K)->512K(108544K) Eden: 111104K(111104K)->0K(108032K) From: 704K(1024K)->512K(512K)
[830.195s][info][gc,heap        ] GC(3040) ParOldGen: 352413K(386048K)->352621K(386048K)
[830.195s][info][gc,metaspace   ] GC(3040) Metaspace: 6123K(6208K)->6123K(6208K) NonClass: 5640K(5696K)->5640K(5696K) Class: 483K(512K)->483K(512K)
[830.195s][info][gc             ] GC(3040) Pause Young (Allocation Failure) 453M->344M(483M) 1.311ms
[830.195s][info][gc,cpu         ] GC(3040) User=0.00s Sys=0.00s Real=0.00s
[830.355s][info][gc,start       ] GC(3041) Pause Young (Allocation Failure)
[830.356s][info][gc,heap        ] GC(3041) PSYoungGen: 108544K(108544K)->704K(105984K) Eden: 108032K(108032K)->0K(104960K) From: 512K(512K)->704K(1024K)
[830.356s][info][gc,heap        ] GC(3041) ParOldGen: 352621K(386048K)->352621K(386048K)
[830.356s][info][gc,metaspace   ] GC(3041) Metaspace: 6123K(6208K)->6123K(6208K) NonClass: 5640K(5696K)->5640K(5696K) Class: 483K(512K)->483K(512K)
[830.356s][info][gc             ] GC(3041) Pause Young (Allocation Failure) 450M->345M(480M) 1.189ms
[830.356s][info][gc,cpu         ] GC(3041) User=0.00s Sys=0.00s Real=0.00s
[830.511s][info][gc,start       ] GC(3042) Pause Young (Allocation Failure)
[830.512s][info][gc,heap        ] GC(3042) PSYoungGen: 105664K(105984K)->640K(102912K) Eden: 104960K(104960K)->0K(101888K) From: 704K(1024K)->640K(1024K)
[830.512s][info][gc,heap        ] GC(3042) ParOldGen: 352621K(386048K)->352653K(386048K)
[830.512s][info][gc,metaspace   ] GC(3042) Metaspace: 6123K(6208K)->6123K(6208K) NonClass: 5640K(5696K)->5640K(5696K) Class: 483K(512K)->483K(512K)
[830.512s][info][gc             ] GC(3042) Pause Young (Allocation Failure) 447M->345M(477M) 1.047ms
[830.512s][info][gc,cpu         ] GC(3042) User=0.00s Sys=0.00s Real=0.00s
[830.663s][info][gc,start       ] GC(3043) Pause Young (Allocation Failure)
[830.664s][info][gc,heap        ] GC(3043) PSYoungGen: 102528K(102912K)->704K(99840K) Eden: 101888K(101888K)->0K(98816K) From: 640K(1024K)->704K(1024K)
[830.664s][info][gc,heap        ] GC(3043) ParOldGen: 352653K(386048K)->352653K(386048K)
[830.664s][info][gc,metaspace   ] GC(3043) Metaspace: 6123K(6208K)->6123K(6208K) NonClass: 5640K(5696K)->5640K(5696K) Class: 483K(512K)->483K(512K)
[830.664s][info][gc             ] GC(3043) Pause Young (Allocation Failure) 444M->345M(474M) 1.300ms
[830.664s][info][gc,cpu         ] GC(3043) User=0.00s Sys=0.00s Real=0.00s
[830.809s][info][gc,start       ] GC(3044) Pause Young (Allocation Failure)
[830.811s][info][gc,heap        ] GC(3044) PSYoungGen: 99520K(99840K)->498K(96768K) Eden: 98816K(98816K)->0K(96256K) From: 704K(1024K)->498K(512K)
[830.811s][info][gc,heap        ] GC(3044) ParOldGen: 352653K(386048K)->352741K(386048K)
[830.811s][info][gc,metaspace   ] GC(3044) Metaspace: 6123K(6208K)->6123K(6208K) NonClass: 5640K(5696K)->5640K(5696K) Class: 483K(512K)->483K(512K)
[830.811s][info][gc             ] GC(3044) Pause Young (Allocation Failure) 441M->344M(471M) 1.890ms
[830.811s][info][gc,cpu         ] GC(3044) User=0.00s Sys=0.00s Real=0.01s
[830.949s][info][gc,start       ] GC(3045) Pause Young (Allocation Failure)
[830.951s][info][gc,heap        ] GC(3045) PSYoungGen: 96754K(96768K)->768K(94720K) Eden: 96256K(96256K)->0K(93696K) From: 498K(512K)->768K(1024K)
[830.951s][info][gc,heap        ] GC(3045) ParOldGen: 352741K(386048K)->352741K(386048K)
[830.951s][info][gc,metaspace   ] GC(3045) Metaspace: 6123K(6208K)->6123K(6208K) NonClass: 5640K(5696K)->5640K(5696K) Class: 483K(512K)->483K(512K)
[830.951s][info][gc             ] GC(3045) Pause Young (Allocation Failure) 438M->345M(469M) 2.204ms
[830.951s][info][gc,cpu         ] GC(3045) User=0.00s Sys=0.00s Real=0.01s
[831.088s][info][gc,start       ] GC(3046) Pause Young (Allocation Failure)
[831.090s][info][gc,heap        ] GC(3046) PSYoungGen: 94464K(94720K)->672K(113664K) Eden: 93696K(93696K)->0K(112640K) From: 768K(1024K)->672K(1024K)
[831.090s][info][gc,heap        ] GC(3046) ParOldGen: 352741K(386048K)->352781K(386048K)
[831.090s][info][gc,metaspace   ] GC(3046) Metaspace: 6123K(6208K)->6123K(6208K) NonClass: 5640K(5696K)->5640K(5696K) Class: 483K(512K)->483K(512K)
[831.090s][info][gc             ] GC(3046) Pause Young (Allocation Failure) 436M->345M(488M) 2.151ms
[831.090s][info][gc,cpu         ] GC(3046) User=0.00s Sys=0.00s Real=0.00s
[831.268s][info][gc,start       ] GC(3047) Pause Young (Allocation Failure)
[831.270s][info][gc,heap        ] GC(3047) PSYoungGen: 113312K(113664K)->658K(136192K) Eden: 112640K(112640K)->0K(135168K) From: 672K(1024K)->658K(1024K)
[831.270s][info][gc,heap        ] GC(3047) ParOldGen: 352781K(386048K)->352781K(386048K)
[831.270s][info][gc,metaspace   ] GC(3047) Metaspace: 6123K(6208K)->6123K(6208K) NonClass: 5640K(5696K)->5640K(5696K) Class: 483K(512K)->483K(512K)
[831.271s][info][gc             ] GC(3047) Pause Young (Allocation Failure) 455M->345M(510M) 2.346ms
[831.271s][info][gc,cpu         ] GC(3047) User=0.00s Sys=0.00s Real=0.01s
[831.483s][info][gc,start       ] GC(3048) Pause Young (Allocation Failure)
[831.484s][info][gc,heap        ] GC(3048) PSYoungGen: 135826K(136192K)->498K(162816K) Eden: 135168K(135168K)->0K(162304K) From: 658K(1024K)->498K(512K)
[831.484s][info][gc,heap        ] GC(3048) ParOldGen: 352781K(386048K)->352973K(386048K)
[831.484s][info][gc,metaspace   ] GC(3048) Metaspace: 6123K(6208K)->6123K(6208K) NonClass: 5640K(5696K)->5640K(5696K) Class: 483K(512K)->483K(512K)
[831.484s][info][gc             ] GC(3048) Pause Young (Allocation Failure) 477M->345M(536M) 1.823ms
[831.484s][info][gc,cpu         ] GC(3048) User=0.00s Sys=0.00s Real=0.00s
[831.735s][info][gc,start       ] GC(3049) Pause Young (Allocation Failure)
[831.736s][info][gc,heap        ] GC(3049) PSYoungGen: 162802K(162816K)->672K(157696K) Eden: 162304K(162304K)->0K(156672K) From: 498K(512K)->672K(1024K)
[831.736s][info][gc,heap        ] GC(3049) ParOldGen: 352973K(386048K)->352973K(386048K)
[831.736s][info][gc,metaspace   ] GC(3049) Metaspace: 6123K(6208K)->6123K(6208K) NonClass: 5640K(5696K)->5640K(5696K) Class: 483K(512K)->483K(512K)
[831.736s][info][gc             ] GC(3049) Pause Young (Allocation Failure) 503M->345M(531M) 1.424ms
[831.736s][info][gc,cpu         ] GC(3049) User=0.00s Sys=0.00s Real=0.00s
[831.992s][info][gc,start       ] GC(3050) Pause Young (Allocation Failure)
[831.993s][info][gc,heap        ] GC(3050) PSYoungGen: 157344K(157696K)->704K(152576K) Eden: 156672K(156672K)->0K(151552K) From: 672K(1024K)->704K(1024K)
[831.993s][info][gc,heap        ] GC(3050) ParOldGen: 352973K(386048K)->352989K(386048K)
[831.993s][info][gc,metaspace   ] GC(3050) Metaspace: 6123K(6208K)->6123K(6208K) NonClass: 5640K(5696K)->5640K(5696K) Class: 483K(512K)->483K(512K)
[831.993s][info][gc             ] GC(3050) Pause Young (Allocation Failure) 498M->345M(526M) 1.247ms
[831.993s][info][gc,cpu         ] GC(3050) User=0.00s Sys=0.00s Real=0.00s
[832.317s][info][gc,start       ] GC(3051) Pause Young (Allocation Failure)
[832.319s][info][gc,heap        ] GC(3051) PSYoungGen: 152256K(152576K)->736K(147456K) Eden: 151552K(151552K)->0K(146432K) From: 704K(1024K)->736K(1024K)
[832.319s][info][gc,heap        ] GC(3051) ParOldGen: 352989K(386048K)->352989K(386048K)
[832.319s][info][gc,metaspace   ] GC(3051) Metaspace: 6123K(6208K)->6123K(6208K) NonClass: 5640K(5696K)->5640K(5696K) Class: 483K(512K)->483K(512K)
[832.319s][info][gc             ] GC(3051) Pause Young (Allocation Failure) 493M->345M(521M) 1.781ms
[832.319s][info][gc,cpu         ] GC(3051) User=0.00s Sys=0.00s Real=0.00s
[832.663s][info][gc,start       ] GC(3052) Pause Young (Allocation Failure)
[832.664s][info][gc,heap        ] GC(3052) PSYoungGen: 147168K(147456K)->512K(142336K) Eden: 146432K(146432K)->0K(141824K) From: 736K(1024K)->512K(512K)
[832.664s][info][gc,heap        ] GC(3052) ParOldGen: 352989K(386048K)->353181K(386048K)
[832.664s][info][gc,metaspace   ] GC(3052) Metaspace: 6123K(6208K)->6123K(6208K) NonClass: 5640K(5696K)->5640K(5696K) Class: 483K(512K)->483K(512K)
[832.664s][info][gc             ] GC(3052) Pause Young (Allocation Failure) 488M->345M(516M) 1.521ms
[832.664s][info][gc,cpu         ] GC(3052) User=0.01s Sys=0.00s Real=0.00s
[832.886s][info][gc,start       ] GC(3053) Pause Young (Allocation Failure)
[832.887s][info][gc,heap        ] GC(3053) PSYoungGen: 142336K(142336K)->704K(138240K) Eden: 141824K(141824K)->0K(137216K) From: 512K(512K)->704K(1024K)
[832.887s][info][gc,heap        ] GC(3053) ParOldGen: 353181K(386048K)->353181K(386048K)
[832.887s][info][gc,metaspace   ] GC(3053) Metaspace: 6123K(6208K)->6123K(6208K) NonClass: 5640K(5696K)->5640K(5696K) Class: 483K(512K)->483K(512K)
[832.887s][info][gc             ] GC(3053) Pause Young (Allocation Failure) 483M->345M(512M) 1.212ms
[832.887s][info][gc,cpu         ] GC(3053) User=0.00s Sys=0.00s Real=0.00s
[833.097s][info][gc,start       ] GC(3054) Pause Young (Allocation Failure)
[833.098s][info][gc,heap        ] GC(3054) PSYoungGen: 137920K(138240K)->640K(133632K) Eden: 137216K(137216K)->0K(132608K) From: 704K(1024K)->640K(1024K)
[833.098s][info][gc,heap        ] GC(3054) ParOldGen: 353181K(386048K)->353197K(386048K)
[833.098s][info][gc,metaspace   ] GC(3054) Metaspace: 6123K(6208K)->6123K(6208K) NonClass: 5640K(5696K)->5640K(5696K) Class: 483K(512K)->483K(512K)
[833.098s][info][gc             ] GC(3054) Pause Young (Allocation Failure) 479M->345M(507M) 1.128ms
[833.098s][info][gc,cpu         ] GC(3054) User=0.00s Sys=0.00s Real=0.00s
[833.316s][info][gc,start       ] GC(3055) Pause Young (Allocation Failure)
[833.318s][info][gc,heap        ] GC(3055) PSYoungGen: 133248K(133632K)->704K(129536K) Eden: 132608K(132608K)->0K(128512K) From: 640K(1024K)->704K(1024K)
[833.318s][info][gc,heap        ] GC(3055) ParOldGen: 353197K(386048K)->353197K(386048K)
[833.318s][info][gc,metaspace   ] GC(3055) Metaspace: 6123K(6208K)->6123K(6208K) NonClass: 5640K(5696K)->5640K(5696K) Class: 483K(512K)->483K(512K)
[833.318s][info][gc             ] GC(3055) Pause Young (Allocation Failure) 475M->345M(503M) 1.521ms
[833.318s][info][gc,cpu         ] GC(3055) User=0.01s Sys=0.00s Real=0.00s
[833.520s][info][gc,start       ] GC(3056) Pause Young (Allocation Failure)
[833.521s][info][gc,heap        ] GC(3056) PSYoungGen: 129216K(129536K)->512K(124928K) Eden: 128512K(128512K)->0K(124416K) From: 704K(1024K)->512K(512K)
[833.521s][info][gc,heap        ] GC(3056) ParOldGen: 353197K(386048K)->353309K(386048K)
[833.521s][info][gc,metaspace   ] GC(3056) Metaspace: 6123K(6208K)->6123K(6208K) NonClass: 5640K(5696K)->5640K(5696K) Class: 483K(512K)->483K(512K)
[833.521s][info][gc             ] GC(3056) Pause Young (Allocation Failure) 471M->345M(499M) 1.091ms
[833.521s][info][gc,cpu         ] GC(3056) User=0.00s Sys=0.00s Real=0.01s
[833.732s][info][gc,start       ] GC(3057) Pause Young (Allocation Failure)
[833.734s][info][gc,heap        ] GC(3057) PSYoungGen: 124928K(124928K)->850K(121856K) Eden: 124416K(124416K)->0K(120832K) From: 512K(512K)->850K(1024K)
[833.734s][info][gc,heap        ] GC(3057) ParOldGen: 353309K(386048K)->353309K(386048K)
[833.734s][info][gc,metaspace   ] GC(3057) Metaspace: 6123K(6208K)->6123K(6208K) NonClass: 5640K(5696K)->5640K(5696K) Class: 483K(512K)->483K(512K)
[833.734s][info][gc             ] GC(3057) Pause Young (Allocation Failure) 467M->345M(496M) 1.518ms
[833.734s][info][gc,cpu         ] GC(3057) User=0.00s Sys=0.00s Real=0.00s
[833.958s][info][gc,start       ] GC(3058) Pause Young (Allocation Failure)
[833.959s][info][gc,heap        ] GC(3058) PSYoungGen: 121682K(121856K)->704K(118272K) Eden: 120832K(120832K)->0K(117248K) From: 850K(1024K)->704K(1024K)
[833.959s][info][gc,heap        ] GC(3058) ParOldGen: 353309K(386048K)->353341K(386048K)
[833.959s][info][gc,metaspace   ] GC(3058) Metaspace: 6123K(6208K)->6123K(6208K) NonClass: 5640K(5696K)->5640K(5696K) Class: 483K(512K)->483K(512K)
[833.959s][info][gc             ] GC(3058) Pause Young (Allocation Failure) 463M->345M(492M) 1.329ms
[833.959s][info][gc,cpu         ] GC(3058) User=0.00s Sys=0.00s Real=0.00s
[834.143s][info][gc,start       ] GC(3059) Pause Young (Allocation Failure)
[834.144s][info][gc,heap        ] GC(3059) PSYoungGen: 117952K(118272K)->754K(114688K) Eden: 117248K(117248K)->0K(113664K) From: 704K(1024K)->754K(1024K)
[834.144s][info][gc,heap        ] GC(3059) ParOldGen: 353341K(386048K)->353341K(386048K)
[834.144s][info][gc,metaspace   ] GC(3059) Metaspace: 6123K(6208K)->6123K(6208K) NonClass: 5640K(5696K)->5640K(5696K) Class: 483K(512K)->483K(512K)
[834.145s][info][gc             ] GC(3059) Pause Young (Allocation Failure) 460M->345M(489M) 1.805ms
[834.145s][info][gc,cpu         ] GC(3059) User=0.00s Sys=0.00s Real=0.00s
[834.333s][info][gc,start       ] GC(3060) Pause Young (Allocation Failure)
[834.335s][info][gc,heap        ] GC(3060) PSYoungGen: 114418K(114688K)->498K(110592K) Eden: 113664K(113664K)->0K(110080K) From: 754K(1024K)->498K(512K)
[834.335s][info][gc,heap        ] GC(3060) ParOldGen: 353341K(386048K)->353501K(386048K)
[834.335s][info][gc,metaspace   ] GC(3060) Metaspace: 6123K(6208K)->6123K(6208K) NonClass: 5640K(5696K)->5640K(5696K) Class: 483K(512K)->483K(512K)
[834.335s][info][gc             ] GC(3060) Pause Young (Allocation Failure) 456M->345M(485M) 2.082ms
[834.335s][info][gc,cpu         ] GC(3060) User=0.01s Sys=0.00s Real=0.00s
[834.508s][info][gc,start       ] GC(3061) Pause Young (Allocation Failure)
[834.509s][info][gc,heap        ] GC(3061) PSYoungGen: 110578K(110592K)->709K(108032K) Eden: 110080K(110080K)->0K(107008K) From: 498K(512K)->709K(1024K)
[834.509s][info][gc,heap        ] GC(3061) ParOldGen: 353501K(386048K)->353501K(386048K)
[834.509s][info][gc,metaspace   ] GC(3061) Metaspace: 6123K(6208K)->6123K(6208K) NonClass: 5640K(5696K)->5640K(5696K) Class: 483K(512K)->483K(512K)
[834.509s][info][gc             ] GC(3061) Pause Young (Allocation Failure) 453M->345M(482M) 1.293ms
[834.509s][info][gc,cpu         ] GC(3061) User=0.00s Sys=0.00s Real=0.00s
[834.674s][info][gc,start       ] GC(3062) Pause Young (Allocation Failure)
[834.676s][info][gc,heap        ] GC(3062) PSYoungGen: 107717K(108032K)->704K(104960K) Eden: 107008K(107008K)->0K(103936K) From: 709K(1024K)->704K(1024K)
[834.676s][info][gc,heap        ] GC(3062) ParOldGen: 353501K(386048K)->353541K(386048K)
[834.676s][info][gc,metaspace   ] GC(3062) Metaspace: 6123K(6208K)->6123K(6208K) NonClass: 5640K(5696K)->5640K(5696K) Class: 483K(512K)->483K(512K)
[834.676s][info][gc             ] GC(3062) Pause Young (Allocation Failure) 450M->345M(479M) 1.386ms
[834.676s][info][gc,cpu         ] GC(3062) User=0.00s Sys=0.00s Real=0.00s
[834.836s][info][gc,start       ] GC(3063) Pause Young (Allocation Failure)
[834.838s][info][gc,heap        ] GC(3063) PSYoungGen: 104640K(104960K)->658K(101888K) Eden: 103936K(103936K)->0K(100864K) From: 704K(1024K)->658K(1024K)
[834.838s][info][gc,heap        ] GC(3063) ParOldGen: 353541K(386048K)->353541K(386048K)
[834.838s][info][gc,metaspace   ] GC(3063) Metaspace: 6123K(6208K)->6123K(6208K) NonClass: 5640K(5696K)->5640K(5696K) Class: 483K(512K)->483K(512K)
[834.838s][info][gc             ] GC(3063) Pause Young (Allocation Failure) 447M->345M(476M) 2.034ms
[834.838s][info][gc,cpu         ] GC(3063) User=0.00s Sys=0.00s Real=0.00s
[834.994s][info][gc,start       ] GC(3064) Pause Young (Allocation Failure)
[834.996s][info][gc,heap        ] GC(3064) PSYoungGen: 101522K(101888K)->498K(98816K) Eden: 100864K(100864K)->0K(98304K) From: 658K(1024K)->498K(512K)
[834.996s][info][gc,heap        ] GC(3064) ParOldGen: 353541K(386048K)->353725K(386048K)
[834.996s][info][gc,metaspace   ] GC(3064) Metaspace: 6123K(6208K)->6123K(6208K) NonClass: 5640K(5696K)->5640K(5696K) Class: 483K(512K)->483K(512K)
[834.996s][info][gc             ] GC(3064) Pause Young (Allocation Failure) 444M->345M(473M) 2.100ms
[834.996s][info][gc,cpu         ] GC(3064) User=0.00s Sys=0.00s Real=0.00s
[835.151s][info][gc,start       ] GC(3065) Pause Young (Allocation Failure)
[835.152s][info][gc,heap        ] GC(3065) PSYoungGen: 98802K(98816K)->786K(96768K) Eden: 98304K(98304K)->0K(95744K) From: 498K(512K)->786K(1024K)
[835.152s][info][gc,heap        ] GC(3065) ParOldGen: 353725K(386048K)->353725K(386048K)
[835.152s][info][gc,metaspace   ] GC(3065) Metaspace: 6123K(6208K)->6123K(6208K) NonClass: 5640K(5696K)->5640K(5696K) Class: 483K(512K)->483K(512K)
[835.152s][info][gc             ] GC(3065) Pause Young (Allocation Failure) 441M->346M(471M) 1.399ms
[835.152s][info][gc,cpu         ] GC(3065) User=0.00s Sys=0.00s Real=0.00s
[835.296s][info][gc,start       ] GC(3066) Pause Young (Allocation Failure)
[835.298s][info][gc,heap        ] GC(3066) PSYoungGen: 96530K(96768K)->658K(116224K) Eden: 95744K(95744K)->0K(115200K) From: 786K(1024K)->658K(1024K)
[835.298s][info][gc,heap        ] GC(3066) ParOldGen: 353725K(386048K)->353797K(386048K)
[835.298s][info][gc,metaspace   ] GC(3066) Metaspace: 6123K(6208K)->6123K(6208K) NonClass: 5640K(5696K)->5640K(5696K) Class: 483K(512K)->483K(512K)
[835.298s][info][gc             ] GC(3066) Pause Young (Allocation Failure) 439M->346M(490M) 2.203ms
[835.298s][info][gc,cpu         ] GC(3066) User=0.00s Sys=0.00s Real=0.00s
[835.478s][info][gc,start       ] GC(3067) Pause Young (Allocation Failure)
[835.479s][info][gc,heap        ] GC(3067) PSYoungGen: 115858K(116224K)->626K(112640K) Eden: 115200K(115200K)->0K(111616K) From: 658K(1024K)->626K(1024K)
[835.479s][info][gc,heap        ] GC(3067) ParOldGen: 353797K(386048K)->353797K(386048K)
[835.479s][info][gc,metaspace   ] GC(3067) Metaspace: 6123K(6208K)->6123K(6208K) NonClass: 5640K(5696K)->5640K(5696K) Class: 483K(512K)->483K(512K)
[835.479s][info][gc             ] GC(3067) Pause Young (Allocation Failure) 458M->346M(487M) 1.517ms
[835.479s][info][gc,cpu         ] GC(3067) User=0.00s Sys=0.00s Real=0.00s
[835.662s][info][gc,start       ] GC(3068) Pause Young (Allocation Failure)
[835.663s][info][gc,heap        ] GC(3068) PSYoungGen: 112242K(112640K)->512K(109056K) Eden: 111616K(111616K)->0K(108544K) From: 626K(1024K)->512K(512K)
[835.663s][info][gc,heap        ] GC(3068) ParOldGen: 353797K(386048K)->353925K(386048K)
[835.663s][info][gc,metaspace   ] GC(3068) Metaspace: 6123K(6208K)->6123K(6208K) NonClass: 5640K(5696K)->5640K(5696K) Class: 483K(512K)->483K(512K)
[835.663s][info][gc             ] GC(3068) Pause Young (Allocation Failure) 455M->346M(483M) 1.158ms
[835.663s][info][gc,cpu         ] GC(3068) User=0.01s Sys=0.00s Real=0.00s
[835.847s][info][gc,start       ] GC(3069) Pause Young (Allocation Failure)
[835.848s][info][gc,heap        ] GC(3069) PSYoungGen: 109056K(109056K)->832K(106496K) Eden: 108544K(108544K)->0K(105472K) From: 512K(512K)->832K(1024K)
[835.848s][info][gc,heap        ] GC(3069) ParOldGen: 353925K(386048K)->353925K(386048K)
[835.848s][info][gc,metaspace   ] GC(3069) Metaspace: 6123K(6208K)->6123K(6208K) NonClass: 5640K(5696K)->5640K(5696K) Class: 483K(512K)->483K(512K)
[835.848s][info][gc             ] GC(3069) Pause Young (Allocation Failure) 452M->346M(481M) 1.360ms
[835.848s][info][gc,cpu         ] GC(3069) User=0.01s Sys=0.00s Real=0.00s
[836.033s][info][gc,start       ] GC(3070) Pause Young (Allocation Failure)
[836.035s][info][gc,heap        ] GC(3070) PSYoungGen: 106304K(106496K)->704K(103424K) Eden: 105472K(105472K)->0K(102400K) From: 832K(1024K)->704K(1024K)
[836.035s][info][gc,heap        ] GC(3070) ParOldGen: 353925K(386048K)->353957K(386048K)
[836.035s][info][gc,metaspace   ] GC(3070) Metaspace: 6123K(6208K)->6123K(6208K) NonClass: 5640K(5696K)->5640K(5696K) Class: 483K(512K)->483K(512K)
[836.035s][info][gc             ] GC(3070) Pause Young (Allocation Failure) 449M->346M(478M) 1.333ms
[836.035s][info][gc,cpu         ] GC(3070) User=0.00s Sys=0.00s Real=0.00s
[836.204s][info][gc,start       ] GC(3071) Pause Young (Allocation Failure)
[836.205s][info][gc,heap        ] GC(3071) PSYoungGen: 103104K(103424K)->640K(100352K) Eden: 102400K(102400K)->0K(99328K) From: 704K(1024K)->640K(1024K)
[836.205s][info][gc,heap        ] GC(3071) ParOldGen: 353957K(386048K)->353957K(386048K)
[836.205s][info][gc,metaspace   ] GC(3071) Metaspace: 6123K(6208K)->6123K(6208K) NonClass: 5640K(5696K)->5640K(5696K) Class: 483K(512K)->483K(512K)
[836.205s][info][gc             ] GC(3071) Pause Young (Allocation Failure) 446M->346M(475M) 1.149ms
[836.205s][info][gc,cpu         ] GC(3071) User=0.01s Sys=0.00s Real=0.00s
[836.380s][info][gc,start       ] GC(3072) Pause Young (Allocation Failure)
[836.381s][info][gc,heap        ] GC(3072) PSYoungGen: 99968K(100352K)->512K(97280K) Eden: 99328K(99328K)->0K(96768K) From: 640K(1024K)->512K(512K)
[836.381s][info][gc,heap        ] GC(3072) ParOldGen: 353957K(386048K)->354149K(386048K)
[836.381s][info][gc,metaspace   ] GC(3072) Metaspace: 6123K(6208K)->6123K(6208K) NonClass: 5640K(5696K)->5640K(5696K) Class: 483K(512K)->483K(512K)
[836.381s][info][gc             ] GC(3072) Pause Young (Allocation Failure) 443M->346M(472M) 1.225ms
[836.381s][info][gc,cpu         ] GC(3072) User=0.00s Sys=0.00s Real=0.01s
[836.555s][info][gc,start       ] GC(3073) Pause Young (Allocation Failure)
[836.556s][info][gc,heap        ] GC(3073) PSYoungGen: 97280K(97280K)->818K(95232K) Eden: 96768K(96768K)->0K(94208K) From: 512K(512K)->818K(1024K)
[836.556s][info][gc,heap        ] GC(3073) ParOldGen: 354149K(386048K)->354149K(386048K)
[836.556s][info][gc,metaspace   ] GC(3073) Metaspace: 6123K(6208K)->6123K(6208K) NonClass: 5640K(5696K)->5640K(5696K) Class: 483K(512K)->483K(512K)
[836.556s][info][gc             ] GC(3073) Pause Young (Allocation Failure) 440M->346M(470M) 1.439ms
[836.556s][info][gc,cpu         ] GC(3073) User=0.00s Sys=0.00s Real=0.00s
[836.715s][info][gc,start       ] GC(3074) Pause Young (Allocation Failure)
[836.716s][info][gc,heap        ] GC(3074) PSYoungGen: 95026K(95232K)->672K(92672K) Eden: 94208K(94208K)->0K(91648K) From: 818K(1024K)->672K(1024K)
[836.716s][info][gc,heap        ] GC(3074) ParOldGen: 354149K(386048K)->354181K(386048K)
[836.716s][info][gc,metaspace   ] GC(3074) Metaspace: 6123K(6208K)->6123K(6208K) NonClass: 5640K(5696K)->5640K(5696K) Class: 483K(512K)->483K(512K)
[836.716s][info][gc             ] GC(3074) Pause Young (Allocation Failure) 438M->346M(467M) 1.152ms
[836.716s][info][gc,cpu         ] GC(3074) User=0.00s Sys=0.00s Real=0.00s
[836.881s][info][gc,start       ] GC(3075) Pause Young (Allocation Failure)
[836.882s][info][gc,heap        ] GC(3075) PSYoungGen: 92320K(92672K)->672K(90112K) Eden: 91648K(91648K)->0K(89088K) From: 672K(1024K)->672K(1024K)
[836.882s][info][gc,heap        ] GC(3075) ParOldGen: 354181K(386048K)->354181K(386048K)
[836.882s][info][gc,metaspace   ] GC(3075) Metaspace: 6123K(6208K)->6123K(6208K) NonClass: 5640K(5696K)->5640K(5696K) Class: 483K(512K)->483K(512K)
[836.882s][info][gc             ] GC(3075) Pause Young (Allocation Failure) 436M->346M(465M) 1.229ms
[836.882s][info][gc,cpu         ] GC(3075) User=0.00s Sys=0.00s Real=0.00s
[837.044s][info][gc,start       ] GC(3076) Pause Young (Allocation Failure)
[837.045s][info][gc,heap        ] GC(3076) PSYoungGen: 89760K(90112K)->512K(87552K) Eden: 89088K(89088K)->0K(87040K) From: 672K(1024K)->512K(512K)
[837.045s][info][gc,heap        ] GC(3076) ParOldGen: 354181K(386048K)->354381K(386048K)
[837.045s][info][gc,metaspace   ] GC(3076) Metaspace: 6123K(6208K)->6123K(6208K) NonClass: 5640K(5696K)->5640K(5696K) Class: 483K(512K)->483K(512K)
[837.045s][info][gc             ] GC(3076) Pause Young (Allocation Failure) 433M->346M(462M) 1.304ms
[837.045s][info][gc,cpu         ] GC(3076) User=0.00s Sys=0.00s Real=0.00s
[837.200s][info][gc,start       ] GC(3077) Pause Young (Allocation Failure)
[837.201s][info][gc,heap        ] GC(3077) PSYoungGen: 87552K(87552K)->672K(185344K) Eden: 87040K(87040K)->0K(184320K) From: 512K(512K)->672K(1024K)
[837.201s][info][gc,heap        ] GC(3077) ParOldGen: 354381K(386048K)->354381K(386048K)
[837.201s][info][gc,metaspace   ] GC(3077) Metaspace: 6123K(6208K)->6123K(6208K) NonClass: 5640K(5696K)->5640K(5696K) Class: 483K(512K)->483K(512K)
[837.201s][info][gc             ] GC(3077) Pause Young (Allocation Failure) 431M->346M(558M) 1.150ms
[837.201s][info][gc,cpu         ] GC(3077) User=0.00s Sys=0.00s Real=0.01s
[837.524s][info][gc,start       ] GC(3078) Pause Young (Allocation Failure)
[837.526s][info][gc,heap        ] GC(3078) PSYoungGen: 184992K(185344K)->672K(178688K) Eden: 184320K(184320K)->0K(177664K) From: 672K(1024K)->672K(1024K)
[837.526s][info][gc,heap        ] GC(3078) ParOldGen: 354381K(386048K)->354405K(386048K)
[837.526s][info][gc,metaspace   ] GC(3078) Metaspace: 6123K(6208K)->6123K(6208K) NonClass: 5640K(5696K)->5640K(5696K) Class: 483K(512K)->483K(512K)
[837.526s][info][gc             ] GC(3078) Pause Young (Allocation Failure) 526M->346M(551M) 2.254ms
[837.526s][info][gc,cpu         ] GC(3078) User=0.00s Sys=0.00s Real=0.00s
[837.849s][info][gc,start       ] GC(3079) Pause Young (Allocation Failure)
[837.851s][info][gc,heap        ] GC(3079) PSYoungGen: 178336K(178688K)->754K(172544K) Eden: 177664K(177664K)->0K(171520K) From: 672K(1024K)->754K(1024K)
[837.851s][info][gc,heap        ] GC(3079) ParOldGen: 354405K(386048K)->354405K(386048K)
[837.851s][info][gc,metaspace   ] GC(3079) Metaspace: 6123K(6208K)->6123K(6208K) NonClass: 5640K(5696K)->5640K(5696K) Class: 483K(512K)->483K(512K)
[837.851s][info][gc             ] GC(3079) Pause Young (Allocation Failure) 520M->346M(545M) 2.541ms
[837.851s][info][gc,cpu         ] GC(3079) User=0.00s Sys=0.00s Real=0.01s
[838.177s][info][gc,start       ] GC(3080) Pause Young (Allocation Failure)
[838.179s][info][gc,heap        ] GC(3080) PSYoungGen: 172274K(172544K)->498K(165888K) Eden: 171520K(171520K)->0K(165376K) From: 754K(1024K)->498K(512K)
[838.179s][info][gc,heap        ] GC(3080) ParOldGen: 354405K(386048K)->354573K(386048K)
[838.179s][info][gc,metaspace   ] GC(3080) Metaspace: 6123K(6208K)->6123K(6208K) NonClass: 5640K(5696K)->5640K(5696K) Class: 483K(512K)->483K(512K)
[838.179s][info][gc             ] GC(3080) Pause Young (Allocation Failure) 514M->346M(539M) 2.284ms
[838.179s][info][gc,cpu         ] GC(3080) User=0.00s Sys=0.00s Real=0.00s
[838.504s][info][gc,start       ] GC(3081) Pause Young (Allocation Failure)
[838.507s][info][gc,heap        ] GC(3081) PSYoungGen: 165874K(165888K)->754K(160768K) Eden: 165376K(165376K)->0K(159744K) From: 498K(512K)->754K(1024K)
[838.507s][info][gc,heap        ] GC(3081) ParOldGen: 354573K(386048K)->354573K(386048K)
[838.507s][info][gc,metaspace   ] GC(3081) Metaspace: 6123K(6208K)->6123K(6208K) NonClass: 5640K(5696K)->5640K(5696K) Class: 483K(512K)->483K(512K)
[838.507s][info][gc             ] GC(3081) Pause Young (Allocation Failure) 508M->346M(534M) 2.705ms
[838.507s][info][gc,cpu         ] GC(3081) User=0.00s Sys=0.00s Real=0.00s
[838.845s][info][gc,start       ] GC(3082) Pause Young (Allocation Failure)
[838.847s][info][gc,heap        ] GC(3082) PSYoungGen: 160498K(160768K)->736K(155136K) Eden: 159744K(159744K)->0K(154112K) From: 754K(1024K)->736K(1024K)
[838.847s][info][gc,heap        ] GC(3082) ParOldGen: 354573K(386048K)->354613K(386048K)
[838.847s][info][gc,metaspace   ] GC(3082) Metaspace: 6123K(6208K)->6123K(6208K) NonClass: 5640K(5696K)->5640K(5696K) Class: 483K(512K)->483K(512K)
[838.847s][info][gc             ] GC(3082) Pause Young (Allocation Failure) 502M->347M(528M) 1.990ms
[838.847s][info][gc,cpu         ] GC(3082) User=0.01s Sys=0.00s Real=0.00s
[839.155s][info][gc,start       ] GC(3083) Pause Young (Allocation Failure)
[839.156s][info][gc,heap        ] GC(3083) PSYoungGen: 154848K(155136K)->736K(150016K) Eden: 154112K(154112K)->0K(148992K) From: 736K(1024K)->736K(1024K)
[839.156s][info][gc,heap        ] GC(3083) ParOldGen: 354613K(386048K)->354613K(386048K)
[839.156s][info][gc,metaspace   ] GC(3083) Metaspace: 6123K(6208K)->6123K(6208K) NonClass: 5640K(5696K)->5640K(5696K) Class: 483K(512K)->483K(512K)
[839.156s][info][gc             ] GC(3083) Pause Young (Allocation Failure) 497M->347M(523M) 1.358ms
[839.156s][info][gc,cpu         ] GC(3083) User=0.00s Sys=0.00s Real=0.00s
[839.423s][info][gc,start       ] GC(3084) Pause Young (Allocation Failure)
[839.424s][info][gc,heap        ] GC(3084) PSYoungGen: 149728K(150016K)->512K(144384K) Eden: 148992K(148992K)->0K(143872K) From: 736K(1024K)->512K(512K)
[839.424s][info][gc,heap        ] GC(3084) ParOldGen: 354613K(386048K)->354693K(386048K)
[839.424s][info][gc,metaspace   ] GC(3084) Metaspace: 6123K(6208K)->6123K(6208K) NonClass: 5640K(5696K)->5640K(5696K) Class: 483K(512K)->483K(512K)
[839.424s][info][gc             ] GC(3084) Pause Young (Allocation Failure) 492M->346M(518M) 1.072ms
[839.424s][info][gc,cpu         ] GC(3084) User=0.01s Sys=0.00s Real=0.00s
[839.668s][info][gc,start       ] GC(3085) Pause Young (Allocation Failure)
[839.669s][info][gc,heap        ] GC(3085) PSYoungGen: 144384K(144384K)->754K(140288K) Eden: 143872K(143872K)->0K(139264K) From: 512K(512K)->754K(1024K)
[839.669s][info][gc,heap        ] GC(3085) ParOldGen: 354693K(386048K)->354693K(386048K)
[839.669s][info][gc,metaspace   ] GC(3085) Metaspace: 6123K(6208K)->6123K(6208K) NonClass: 5640K(5696K)->5640K(5696K) Class: 483K(512K)->483K(512K)
[839.669s][info][gc             ] GC(3085) Pause Young (Allocation Failure) 487M->347M(514M) 1.390ms
[839.669s][info][gc,cpu         ] GC(3085) User=0.00s Sys=0.00s Real=0.00s
[839.907s][info][gc,start       ] GC(3086) Pause Young (Allocation Failure)
[839.908s][info][gc,heap        ] GC(3086) PSYoungGen: 140018K(140288K)->640K(135680K) Eden: 139264K(139264K)->0K(134656K) From: 754K(1024K)->640K(1024K)
[839.908s][info][gc,heap        ] GC(3086) ParOldGen: 354693K(386048K)->354725K(386048K)
[839.908s][info][gc,metaspace   ] GC(3086) Metaspace: 6123K(6208K)->6123K(6208K) NonClass: 5640K(5696K)->5640K(5696K) Class: 483K(512K)->483K(512K)
[839.908s][info][gc             ] GC(3086) Pause Young (Allocation Failure) 483M->347M(509M) 1.190ms
[839.908s][info][gc,cpu         ] GC(3086) User=0.01s Sys=0.00s Real=0.00s
[840.219s][info][gc,start       ] GC(3087) Pause Young (Allocation Failure)
[840.221s][info][gc,heap        ] GC(3087) PSYoungGen: 135296K(135680K)->736K(131584K) Eden: 134656K(134656K)->0K(130560K) From: 640K(1024K)->736K(1024K)
[840.221s][info][gc,heap        ] GC(3087) ParOldGen: 354725K(386048K)->354725K(386048K)
[840.221s][info][gc,metaspace   ] GC(3087) Metaspace: 6123K(6208K)->6123K(6208K) NonClass: 5640K(5696K)->5640K(5696K) Class: 483K(512K)->483K(512K)
[840.221s][info][gc             ] GC(3087) Pause Young (Allocation Failure) 478M->347M(505M) 1.560ms
[840.221s][info][gc,cpu         ] GC(3087) User=0.01s Sys=0.00s Real=0.01s
[840.521s][info][gc,start       ] GC(3088) Pause Young (Allocation Failure)
[840.523s][info][gc,heap        ] GC(3088) PSYoungGen: 131296K(131584K)->512K(126976K) Eden: 130560K(130560K)->0K(126464K) From: 736K(1024K)->512K(512K)
[840.523s][info][gc,heap        ] GC(3088) ParOldGen: 354725K(386048K)->354981K(386048K)
[840.523s][info][gc,metaspace   ] GC(3088) Metaspace: 6123K(6208K)->6123K(6208K) NonClass: 5640K(5696K)->5640K(5696K) Class: 483K(512K)->483K(512K)
[840.523s][info][gc             ] GC(3088) Pause Young (Allocation Failure) 474M->347M(501M) 1.718ms
[840.523s][info][gc,cpu         ] GC(3088) User=0.01s Sys=0.00s Real=0.00s
[840.790s][info][gc,start       ] GC(3089) Pause Young (Allocation Failure)
[840.791s][info][gc,heap        ] GC(3089) PSYoungGen: 126976K(126976K)->736K(123392K) Eden: 126464K(126464K)->0K(122368K) From: 512K(512K)->736K(1024K)
[840.791s][info][gc,heap        ] GC(3089) ParOldGen: 354981K(386048K)->354981K(386048K)
[840.791s][info][gc,metaspace   ] GC(3089) Metaspace: 6123K(6208K)->6123K(6208K) NonClass: 5640K(5696K)->5640K(5696K) Class: 483K(512K)->483K(512K)
[840.791s][info][gc             ] GC(3089) Pause Young (Allocation Failure) 470M->347M(497M) 1.318ms
[840.791s][info][gc,cpu         ] GC(3089) User=0.00s Sys=0.00s Real=0.01s
[841.018s][info][gc,start       ] GC(3090) Pause Young (Allocation Failure)
[841.019s][info][gc,heap        ] GC(3090) PSYoungGen: 123104K(123392K)->704K(119808K) Eden: 122368K(122368K)->0K(118784K) From: 736K(1024K)->704K(1024K)
[841.019s][info][gc,heap        ] GC(3090) ParOldGen: 354981K(386048K)->355005K(386048K)
[841.019s][info][gc,metaspace   ] GC(3090) Metaspace: 6123K(6208K)->6123K(6208K) NonClass: 5640K(5696K)->5640K(5696K) Class: 483K(512K)->483K(512K)
[841.019s][info][gc             ] GC(3090) Pause Young (Allocation Failure) 466M->347M(494M) 1.281ms
[841.019s][info][gc,cpu         ] GC(3090) User=0.00s Sys=0.00s Real=0.00s
[841.244s][info][gc,start       ] GC(3091) Pause Young (Allocation Failure)
[841.245s][info][gc,heap        ] GC(3091) PSYoungGen: 119488K(119808K)->672K(116224K) Eden: 118784K(118784K)->0K(115200K) From: 704K(1024K)->672K(1024K)
[841.245s][info][gc,heap        ] GC(3091) ParOldGen: 355005K(386048K)->355005K(386048K)
[841.245s][info][gc,metaspace   ] GC(3091) Metaspace: 6123K(6208K)->6123K(6208K) NonClass: 5640K(5696K)->5640K(5696K) Class: 483K(512K)->483K(512K)
[841.245s][info][gc             ] GC(3091) Pause Young (Allocation Failure) 463M->347M(490M) 1.313ms
[841.245s][info][gc,cpu         ] GC(3091) User=0.00s Sys=0.00s Real=0.00s
[841.482s][info][gc,start       ] GC(3092) Pause Young (Allocation Failure)
[841.484s][info][gc,heap        ] GC(3092) PSYoungGen: 115872K(116224K)->512K(112128K) Eden: 115200K(115200K)->0K(111616K) From: 672K(1024K)->512K(512K)
[841.484s][info][gc,heap        ] GC(3092) ParOldGen: 355005K(386048K)->355197K(386048K)
[841.484s][info][gc,metaspace   ] GC(3092) Metaspace: 6123K(6208K)->6123K(6208K) NonClass: 5640K(5696K)->5640K(5696K) Class: 483K(512K)->483K(512K)
[841.484s][info][gc             ] GC(3092) Pause Young (Allocation Failure) 459M->347M(486M) 1.365ms
[841.484s][info][gc,cpu         ] GC(3092) User=0.01s Sys=0.00s Real=0.00s
[841.691s][info][gc,start       ] GC(3093) Pause Young (Allocation Failure)
[841.693s][info][gc,heap        ] GC(3093) PSYoungGen: 112128K(112128K)->800K(109568K) Eden: 111616K(111616K)->0K(108544K) From: 512K(512K)->800K(1024K)
[841.693s][info][gc,heap        ] GC(3093) ParOldGen: 355197K(386048K)->355197K(386048K)
[841.693s][info][gc,metaspace   ] GC(3093) Metaspace: 6123K(6208K)->6123K(6208K) NonClass: 5640K(5696K)->5640K(5696K) Class: 483K(512K)->483K(512K)
[841.693s][info][gc             ] GC(3093) Pause Young (Allocation Failure) 456M->347M(484M) 1.657ms
[841.693s][info][gc,cpu         ] GC(3093) User=0.00s Sys=0.00s Real=0.00s
[841.902s][info][gc,start       ] GC(3094) Pause Young (Allocation Failure)
[841.903s][info][gc,heap        ] GC(3094) PSYoungGen: 109344K(109568K)->704K(106496K) Eden: 108544K(108544K)->0K(105472K) From: 800K(1024K)->704K(1024K)
[841.903s][info][gc,heap        ] GC(3094) ParOldGen: 355197K(386048K)->355221K(386048K)
[841.903s][info][gc,metaspace   ] GC(3094) Metaspace: 6123K(6208K)->6123K(6208K) NonClass: 5640K(5696K)->5640K(5696K) Class: 483K(512K)->483K(512K)
[841.903s][info][gc             ] GC(3094) Pause Young (Allocation Failure) 453M->347M(481M) 1.411ms
[841.903s][info][gc,cpu         ] GC(3094) User=0.00s Sys=0.00s Real=0.00s
[842.105s][info][gc,start       ] GC(3095) Pause Young (Allocation Failure)
[842.107s][info][gc,heap        ] GC(3095) PSYoungGen: 106176K(106496K)->768K(103424K) Eden: 105472K(105472K)->0K(102400K) From: 704K(1024K)->768K(1024K)
[842.107s][info][gc,heap        ] GC(3095) ParOldGen: 355221K(386048K)->355221K(386048K)
[842.107s][info][gc,metaspace   ] GC(3095) Metaspace: 6123K(6208K)->6123K(6208K) NonClass: 5640K(5696K)->5640K(5696K) Class: 483K(512K)->483K(512K)
[842.107s][info][gc             ] GC(3095) Pause Young (Allocation Failure) 450M->347M(478M) 1.595ms
[842.107s][info][gc,cpu         ] GC(3095) User=0.00s Sys=0.01s Real=0.00s
[842.309s][info][gc,start       ] GC(3096) Pause Young (Allocation Failure)
[842.311s][info][gc,heap        ] GC(3096) PSYoungGen: 103168K(103424K)->512K(99840K) Eden: 102400K(102400K)->0K(99328K) From: 768K(1024K)->512K(512K)
[842.311s][info][gc,heap        ] GC(3096) ParOldGen: 355221K(386048K)->355477K(386048K)
[842.311s][info][gc,metaspace   ] GC(3096) Metaspace: 6123K(6208K)->6123K(6208K) NonClass: 5640K(5696K)->5640K(5696K) Class: 483K(512K)->483K(512K)
[842.311s][info][gc             ] GC(3096) Pause Young (Allocation Failure) 447M->347M(474M) 1.650ms
[842.311s][info][gc,cpu         ] GC(3096) User=0.00s Sys=0.00s Real=0.01s
[842.518s][info][gc,start       ] GC(3097) Pause Young (Allocation Failure)
[842.520s][info][gc,heap        ] GC(3097) PSYoungGen: 99840K(99840K)->736K(97792K) Eden: 99328K(99328K)->0K(96768K) From: 512K(512K)->736K(1024K)
[842.520s][info][gc,heap        ] GC(3097) ParOldGen: 355477K(386048K)->355477K(386048K)
[842.520s][info][gc,metaspace   ] GC(3097) Metaspace: 6123K(6208K)->6123K(6208K) NonClass: 5640K(5696K)->5640K(5696K) Class: 483K(512K)->483K(512K)
[842.520s][info][gc             ] GC(3097) Pause Young (Allocation Failure) 444M->347M(472M) 1.387ms
[842.520s][info][gc,cpu         ] GC(3097) User=0.00s Sys=0.00s Real=0.00s
[842.723s][info][gc,start       ] GC(3098) Pause Young (Allocation Failure)
[842.724s][info][gc,heap        ] GC(3098) PSYoungGen: 97504K(97792K)->640K(95232K) Eden: 96768K(96768K)->0K(94208K) From: 736K(1024K)->640K(1024K)
[842.724s][info][gc,heap        ] GC(3098) ParOldGen: 355477K(386048K)->355493K(386048K)
[842.724s][info][gc,metaspace   ] GC(3098) Metaspace: 6123K(6208K)->6123K(6208K) NonClass: 5640K(5696K)->5640K(5696K) Class: 483K(512K)->483K(512K)
[842.724s][info][gc             ] GC(3098) Pause Young (Allocation Failure) 442M->347M(470M) 1.231ms
[842.724s][info][gc,cpu         ] GC(3098) User=0.00s Sys=0.00s Real=0.00s
[842.937s][info][gc,start       ] GC(3099) Pause Young (Allocation Failure)
[842.938s][info][gc,heap        ] GC(3099) PSYoungGen: 94848K(95232K)->672K(92672K) Eden: 94208K(94208K)->0K(91648K) From: 640K(1024K)->672K(1024K)
[842.938s][info][gc,heap        ] GC(3099) ParOldGen: 355493K(386048K)->355493K(386048K)
[842.938s][info][gc,metaspace   ] GC(3099) Metaspace: 6123K(6208K)->6123K(6208K) NonClass: 5640K(5696K)->5640K(5696K) Class: 483K(512K)->483K(512K)
[842.938s][info][gc             ] GC(3099) Pause Young (Allocation Failure) 439M->347M(467M) 1.269ms
[842.938s][info][gc,cpu         ] GC(3099) User=0.01s Sys=0.00s Real=0.00s
[843.138s][info][gc,start       ] GC(3100) Pause Young (Allocation Failure)
[843.139s][info][gc,heap        ] GC(3100) PSYoungGen: 92320K(92672K)->512K(89600K) Eden: 91648K(91648K)->0K(89088K) From: 672K(1024K)->512K(512K)
[843.139s][info][gc,heap        ] GC(3100) ParOldGen: 355493K(386048K)->355677K(386048K)
[843.139s][info][gc,metaspace   ] GC(3100) Metaspace: 6123K(6208K)->6123K(6208K) NonClass: 5640K(5696K)->5640K(5696K) Class: 483K(512K)->483K(512K)
[843.139s][info][gc             ] GC(3100) Pause Young (Allocation Failure) 437M->347M(464M) 1.379ms
[843.139s][info][gc,cpu         ] GC(3100) User=0.01s Sys=0.00s Real=0.00s
[843.328s][info][gc,start       ] GC(3101) Pause Young (Allocation Failure)
[843.330s][info][gc,heap        ] GC(3101) PSYoungGen: 89600K(89600K)->690K(88064K) Eden: 89088K(89088K)->0K(87040K) From: 512K(512K)->690K(1024K)
[843.330s][info][gc,heap        ] GC(3101) ParOldGen: 355677K(386048K)->355677K(386048K)
[843.330s][info][gc,metaspace   ] GC(3101) Metaspace: 6123K(6208K)->6123K(6208K) NonClass: 5640K(5696K)->5640K(5696K) Class: 483K(512K)->483K(512K)
[843.330s][info][gc             ] GC(3101) Pause Young (Allocation Failure) 434M->348M(463M) 1.250ms
[843.330s][info][gc,cpu         ] GC(3101) User=0.00s Sys=0.00s Real=0.00s
[843.533s][info][gc,start       ] GC(3102) Pause Young (Allocation Failure)
[843.534s][info][gc,heap        ] GC(3102) PSYoungGen: 87730K(88064K)->832K(182272K) Eden: 87040K(87040K)->0K(181248K) From: 690K(1024K)->832K(1024K)
[843.534s][info][gc,heap        ] GC(3102) ParOldGen: 355677K(386048K)->355709K(386048K)
[843.534s][info][gc,metaspace   ] GC(3102) Metaspace: 6123K(6208K)->6123K(6208K) NonClass: 5640K(5696K)->5640K(5696K) Class: 483K(512K)->483K(512K)
[843.534s][info][gc             ] GC(3102) Pause Young (Allocation Failure) 433M->348M(555M) 1.508ms
[843.534s][info][gc,cpu         ] GC(3102) User=0.00s Sys=0.00s Real=0.00s
[843.946s][info][gc,start       ] GC(3103) Pause Young (Allocation Failure)
[843.947s][info][gc,heap        ] GC(3103) PSYoungGen: 182080K(182272K)->768K(176128K) Eden: 181248K(181248K)->0K(175104K) From: 832K(1024K)->768K(1024K)
[843.947s][info][gc,heap        ] GC(3103) ParOldGen: 355709K(386048K)->355709K(386048K)
[843.947s][info][gc,metaspace   ] GC(3103) Metaspace: 6123K(6208K)->6123K(6208K) NonClass: 5640K(5696K)->5640K(5696K) Class: 483K(512K)->483K(512K)
[843.947s][info][gc             ] GC(3103) Pause Young (Allocation Failure) 525M->348M(549M) 1.494ms
[843.947s][info][gc,cpu         ] GC(3103) User=0.00s Sys=0.00s Real=0.00s
[844.326s][info][gc,start       ] GC(3104) Pause Young (Allocation Failure)
[844.327s][info][gc,heap        ] GC(3104) PSYoungGen: 175872K(176128K)->512K(169472K) Eden: 175104K(175104K)->0K(168960K) From: 768K(1024K)->512K(512K)
[844.327s][info][gc,heap        ] GC(3104) ParOldGen: 355709K(386048K)->355797K(386048K)
[844.327s][info][gc,metaspace   ] GC(3104) Metaspace: 6123K(6208K)->6123K(6208K) NonClass: 5640K(5696K)->5640K(5696K) Class: 483K(512K)->483K(512K)
[844.327s][info][gc             ] GC(3104) Pause Young (Allocation Failure) 519M->347M(542M) 1.261ms
[844.327s][info][gc,cpu         ] GC(3104) User=0.01s Sys=0.00s Real=0.00s
[844.719s][info][gc,start       ] GC(3105) Pause Young (Allocation Failure)
[844.720s][info][gc,heap        ] GC(3105) PSYoungGen: 169472K(169472K)->722K(164352K) Eden: 168960K(168960K)->0K(163328K) From: 512K(512K)->722K(1024K)
[844.720s][info][gc,heap        ] GC(3105) ParOldGen: 355797K(386048K)->355797K(386048K)
[844.720s][info][gc,metaspace   ] GC(3105) Metaspace: 6123K(6208K)->6123K(6208K) NonClass: 5640K(5696K)->5640K(5696K) Class: 483K(512K)->483K(512K)
[844.720s][info][gc             ] GC(3105) Pause Young (Allocation Failure) 512M->348M(537M) 1.301ms
[844.720s][info][gc,cpu         ] GC(3105) User=0.00s Sys=0.00s Real=0.01s
[845.096s][info][gc,start       ] GC(3106) Pause Young (Allocation Failure)
[845.097s][info][gc,heap        ] GC(3106) PSYoungGen: 164050K(164352K)->768K(158720K) Eden: 163328K(163328K)->0K(157696K) From: 722K(1024K)->768K(1024K)
[845.097s][info][gc,heap        ] GC(3106) ParOldGen: 355797K(386048K)->355829K(386048K)
[845.097s][info][gc,metaspace   ] GC(3106) Metaspace: 6123K(6208K)->6123K(6208K) NonClass: 5640K(5696K)->5640K(5696K) Class: 483K(512K)->483K(512K)
[845.097s][info][gc             ] GC(3106) Pause Young (Allocation Failure) 507M->348M(532M) 1.360ms
[845.097s][info][gc,cpu         ] GC(3106) User=0.00s Sys=0.00s Real=0.00s
[845.448s][info][gc,start       ] GC(3107) Pause Young (Allocation Failure)
[845.449s][info][gc,heap        ] GC(3107) PSYoungGen: 158464K(158720K)->672K(153600K) Eden: 157696K(157696K)->0K(152576K) From: 768K(1024K)->672K(1024K)
[845.449s][info][gc,heap        ] GC(3107) ParOldGen: 355829K(386048K)->355829K(386048K)
[845.449s][info][gc,metaspace   ] GC(3107) Metaspace: 6123K(6208K)->6123K(6208K) NonClass: 5640K(5696K)->5640K(5696K) Class: 483K(512K)->483K(512K)
[845.449s][info][gc             ] GC(3107) Pause Young (Allocation Failure) 502M->348M(527M) 1.264ms
[845.449s][info][gc,cpu         ] GC(3107) User=0.00s Sys=0.00s Real=0.00s
[845.777s][info][gc,start       ] GC(3108) Pause Young (Allocation Failure)
[845.779s][info][gc,heap        ] GC(3108) PSYoungGen: 153248K(153600K)->512K(147968K) Eden: 152576K(152576K)->0K(147456K) From: 672K(1024K)->512K(512K)
[845.779s][info][gc,heap        ] GC(3108) ParOldGen: 355829K(386048K)->356029K(386048K)
[845.779s][info][gc,metaspace   ] GC(3108) Metaspace: 6123K(6208K)->6123K(6208K) NonClass: 5640K(5696K)->5640K(5696K) Class: 483K(512K)->483K(512K)
[845.779s][info][gc             ] GC(3108) Pause Young (Allocation Failure) 497M->348M(521M) 1.357ms
[845.779s][info][gc,cpu         ] GC(3108) User=0.00s Sys=0.00s Real=0.00s
[846.076s][info][gc,start       ] GC(3109) Pause Young (Allocation Failure)
[846.078s][info][gc,heap        ] GC(3109) PSYoungGen: 147968K(147968K)->736K(143872K) Eden: 147456K(147456K)->0K(142848K) From: 512K(512K)->736K(1024K)
[846.078s][info][gc,heap        ] GC(3109) ParOldGen: 356029K(386048K)->356029K(386048K)
[846.078s][info][gc,metaspace   ] GC(3109) Metaspace: 6123K(6208K)->6123K(6208K) NonClass: 5640K(5696K)->5640K(5696K) Class: 483K(512K)->483K(512K)
[846.078s][info][gc             ] GC(3109) Pause Young (Allocation Failure) 492M->348M(517M) 1.335ms
[846.078s][info][gc,cpu         ] GC(3109) User=0.00s Sys=0.00s Real=0.00s
[846.338s][info][gc,start       ] GC(3110) Pause Young (Allocation Failure)
[846.339s][info][gc,heap        ] GC(3110) PSYoungGen: 143584K(143872K)->704K(139264K) Eden: 142848K(142848K)->0K(138240K) From: 736K(1024K)->704K(1024K)
[846.339s][info][gc,heap        ] GC(3110) ParOldGen: 356029K(386048K)->356053K(386048K)
[846.339s][info][gc,metaspace   ] GC(3110) Metaspace: 6123K(6208K)->6123K(6208K) NonClass: 5640K(5696K)->5640K(5696K) Class: 483K(512K)->483K(512K)
[846.339s][info][gc             ] GC(3110) Pause Young (Allocation Failure) 487M->348M(513M) 1.402ms
[846.339s][info][gc,cpu         ] GC(3110) User=0.00s Sys=0.00s Real=0.00s
[846.622s][info][gc,start       ] GC(3111) Pause Young (Allocation Failure)
[846.624s][info][gc,heap        ] GC(3111) PSYoungGen: 138944K(139264K)->690K(134656K) Eden: 138240K(138240K)->0K(133632K) From: 704K(1024K)->690K(1024K)
[846.624s][info][gc,heap        ] GC(3111) ParOldGen: 356053K(386048K)->356053K(386048K)
[846.624s][info][gc,metaspace   ] GC(3111) Metaspace: 6123K(6208K)->6123K(6208K) NonClass: 5640K(5696K)->5640K(5696K) Class: 483K(512K)->483K(512K)
[846.624s][info][gc             ] GC(3111) Pause Young (Allocation Failure) 483M->348M(508M) 2.355ms
[846.624s][info][gc,cpu         ] GC(3111) User=0.01s Sys=0.00s Real=0.00s
[846.872s][info][gc,start       ] GC(3112) Pause Young (Allocation Failure)
[846.874s][info][gc,heap        ] GC(3112) PSYoungGen: 134322K(134656K)->498K(130048K) Eden: 133632K(133632K)->0K(129536K) From: 690K(1024K)->498K(512K)
[846.874s][info][gc,heap        ] GC(3112) ParOldGen: 356053K(386048K)->356229K(386048K)
[846.874s][info][gc,metaspace   ] GC(3112) Metaspace: 6123K(6208K)->6123K(6208K) NonClass: 5640K(5696K)->5640K(5696K) Class: 483K(512K)->483K(512K)
[846.874s][info][gc             ] GC(3112) Pause Young (Allocation Failure) 478M->348M(504M) 2.318ms
[846.874s][info][gc,cpu         ] GC(3112) User=0.00s Sys=0.00s Real=0.00s
[847.119s][info][gc,start       ] GC(3113) Pause Young (Allocation Failure)
[847.121s][info][gc,heap        ] GC(3113) PSYoungGen: 130034K(130048K)->754K(126464K) Eden: 129536K(129536K)->0K(125440K) From: 498K(512K)->754K(1024K)
[847.121s][info][gc,heap        ] GC(3113) ParOldGen: 356229K(386048K)->356229K(386048K)
[847.121s][info][gc,metaspace   ] GC(3113) Metaspace: 6123K(6208K)->6123K(6208K) NonClass: 5640K(5696K)->5640K(5696K) Class: 483K(512K)->483K(512K)
[847.121s][info][gc             ] GC(3113) Pause Young (Allocation Failure) 474M->348M(500M) 1.443ms
[847.121s][info][gc,cpu         ] GC(3113) User=0.00s Sys=0.00s Real=0.01s
[847.358s][info][gc,start       ] GC(3114) Pause Young (Allocation Failure)
[847.361s][info][gc,heap        ] GC(3114) PSYoungGen: 126194K(126464K)->786K(122368K) Eden: 125440K(125440K)->0K(121344K) From: 754K(1024K)->786K(1024K)
[847.361s][info][gc,heap        ] GC(3114) ParOldGen: 356229K(386048K)->356269K(386048K)
[847.361s][info][gc,metaspace   ] GC(3114) Metaspace: 6123K(6208K)->6123K(6208K) NonClass: 5640K(5696K)->5640K(5696K) Class: 483K(512K)->483K(512K)
[847.361s][info][gc             ] GC(3114) Pause Young (Allocation Failure) 471M->348M(496M) 3.188ms
[847.361s][info][gc,cpu         ] GC(3114) User=0.00s Sys=0.00s Real=0.01s
[847.591s][info][gc,start       ] GC(3115) Pause Young (Allocation Failure)
[847.593s][info][gc,heap        ] GC(3115) PSYoungGen: 122130K(122368K)->800K(118784K) Eden: 121344K(121344K)->0K(117760K) From: 786K(1024K)->800K(1024K)
[847.593s][info][gc,heap        ] GC(3115) ParOldGen: 356269K(386048K)->356269K(386048K)
[847.593s][info][gc,metaspace   ] GC(3115) Metaspace: 6123K(6208K)->6123K(6208K) NonClass: 5640K(5696K)->5640K(5696K) Class: 483K(512K)->483K(512K)
[847.593s][info][gc             ] GC(3115) Pause Young (Allocation Failure) 467M->348M(493M) 1.547ms
[847.593s][info][gc,cpu         ] GC(3115) User=0.01s Sys=0.00s Real=0.00s
[847.815s][info][gc,start       ] GC(3116) Pause Young (Allocation Failure)
[847.816s][info][gc,heap        ] GC(3116) PSYoungGen: 118560K(118784K)->512K(114688K) Eden: 117760K(117760K)->0K(114176K) From: 800K(1024K)->512K(512K)
[847.816s][info][gc,heap        ] GC(3116) ParOldGen: 356269K(386048K)->356469K(386048K)
[847.816s][info][gc,metaspace   ] GC(3116) Metaspace: 6123K(6208K)->6123K(6208K) NonClass: 5640K(5696K)->5640K(5696K) Class: 483K(512K)->483K(512K)
[847.816s][info][gc             ] GC(3116) Pause Young (Allocation Failure) 463M->348M(489M) 1.384ms
[847.816s][info][gc,cpu         ] GC(3116) User=0.00s Sys=0.00s Real=0.00s
[848.025s][info][gc,start       ] GC(3117) Pause Young (Allocation Failure)
[848.026s][info][gc,heap        ] GC(3117) PSYoungGen: 114688K(114688K)->640K(111616K) Eden: 114176K(114176K)->0K(110592K) From: 512K(512K)->640K(1024K)
[848.026s][info][gc,heap        ] GC(3117) ParOldGen: 356469K(386048K)->356469K(386048K)
[848.026s][info][gc,metaspace   ] GC(3117) Metaspace: 6123K(6208K)->6123K(6208K) NonClass: 5640K(5696K)->5640K(5696K) Class: 483K(512K)->483K(512K)
[848.026s][info][gc             ] GC(3117) Pause Young (Allocation Failure) 460M->348M(486M) 1.158ms
[848.026s][info][gc,cpu         ] GC(3117) User=0.01s Sys=0.00s Real=0.00s
[848.222s][info][gc,start       ] GC(3118) Pause Young (Allocation Failure)
[848.223s][info][gc,heap        ] GC(3118) PSYoungGen: 111232K(111616K)->544K(108544K) Eden: 110592K(110592K)->0K(107520K) From: 640K(1024K)->544K(1024K)
[848.223s][info][gc,heap        ] GC(3118) ParOldGen: 356469K(386048K)->356477K(386048K)
[848.223s][info][gc,metaspace   ] GC(3118) Metaspace: 6123K(6208K)->6123K(6208K) NonClass: 5640K(5696K)->5640K(5696K) Class: 483K(512K)->483K(512K)
[848.223s][info][gc             ] GC(3118) Pause Young (Allocation Failure) 456M->348M(483M) 1.245ms
[848.223s][info][gc,cpu         ] GC(3118) User=0.00s Sys=0.00s Real=0.00s
[848.419s][info][gc,start       ] GC(3119) Pause Young (Allocation Failure)
[848.420s][info][gc,heap        ] GC(3119) PSYoungGen: 108064K(108544K)->768K(105472K) Eden: 107520K(107520K)->0K(104448K) From: 544K(1024K)->768K(1024K)
[848.421s][info][gc,heap        ] GC(3119) ParOldGen: 356477K(386048K)->356477K(386048K)
[848.421s][info][gc,metaspace   ] GC(3119) Metaspace: 6123K(6208K)->6123K(6208K) NonClass: 5640K(5696K)->5640K(5696K) Class: 483K(512K)->483K(512K)
[848.421s][info][gc             ] GC(3119) Pause Young (Allocation Failure) 453M->348M(480M) 1.427ms
[848.421s][info][gc,cpu         ] GC(3119) User=0.00s Sys=0.00s Real=0.01s
[848.615s][info][gc,start       ] GC(3120) Pause Young (Allocation Failure)
[848.616s][info][gc,heap        ] GC(3120) PSYoungGen: 105216K(105472K)->512K(101888K) Eden: 104448K(104448K)->0K(101376K) From: 768K(1024K)->512K(512K)
[848.616s][info][gc,heap        ] GC(3120) ParOldGen: 356477K(386048K)->356613K(386048K)
[848.616s][info][gc,metaspace   ] GC(3120) Metaspace: 6123K(6208K)->6123K(6208K) NonClass: 5640K(5696K)->5640K(5696K) Class: 483K(512K)->483K(512K)
[848.616s][info][gc             ] GC(3120) Pause Young (Allocation Failure) 450M->348M(476M) 1.421ms
[848.616s][info][gc,cpu         ] GC(3120) User=0.00s Sys=0.00s Real=0.00s
[848.815s][info][gc,start       ] GC(3121) Pause Young (Allocation Failure)
[848.816s][info][gc,heap        ] GC(3121) PSYoungGen: 101888K(101888K)->709K(99840K) Eden: 101376K(101376K)->0K(98816K) From: 512K(512K)->709K(1024K)
[848.816s][info][gc,heap        ] GC(3121) ParOldGen: 356613K(386048K)->356613K(386048K)
[848.816s][info][gc,metaspace   ] GC(3121) Metaspace: 6123K(6208K)->6123K(6208K) NonClass: 5640K(5696K)->5640K(5696K) Class: 483K(512K)->483K(512K)
[848.816s][info][gc             ] GC(3121) Pause Young (Allocation Failure) 447M->348M(474M) 1.460ms
[848.816s][info][gc,cpu         ] GC(3121) User=0.01s Sys=0.00s Real=0.00s
[849.025s][info][gc,start       ] GC(3122) Pause Young (Allocation Failure)
[849.027s][info][gc,heap        ] GC(3122) PSYoungGen: 99525K(99840K)->416K(96768K) Eden: 98816K(98816K)->0K(96256K) From: 709K(1024K)->416K(512K)
[849.027s][info][gc,heap        ] GC(3122) ParOldGen: 356613K(386048K)->356947K(386048K)
[849.027s][info][gc,metaspace   ] GC(3122) Metaspace: 6123K(6208K)->6123K(6208K) NonClass: 5640K(5696K)->5640K(5696K) Class: 483K(512K)->483K(512K)
[849.027s][info][gc             ] GC(3122) Pause Young (Allocation Failure) 445M->348M(471M) 1.714ms
[849.027s][info][gc,cpu         ] GC(3122) User=0.00s Sys=0.00s Real=0.00s
[849.227s][info][gc,start       ] GC(3123) Pause Young (Allocation Failure)
[849.228s][info][gc,heap        ] GC(3123) PSYoungGen: 96672K(96768K)->658K(94720K) Eden: 96256K(96256K)->0K(93696K) From: 416K(512K)->658K(1024K)
[849.228s][info][gc,heap        ] GC(3123) ParOldGen: 356947K(386048K)->357019K(386048K)
[849.228s][info][gc,metaspace   ] GC(3123) Metaspace: 6123K(6208K)->6123K(6208K) NonClass: 5640K(5696K)->5640K(5696K) Class: 483K(512K)->483K(512K)
[849.228s][info][gc             ] GC(3123) Pause Young (Allocation Failure) 442M->349M(469M) 1.473ms
[849.228s][info][gc,cpu         ] GC(3123) User=0.01s Sys=0.00s Real=0.00s
[849.430s][info][gc,start       ] GC(3124) Pause Young (Allocation Failure)
[849.431s][info][gc,heap        ] GC(3124) PSYoungGen: 94354K(94720K)->640K(92160K) Eden: 93696K(93696K)->0K(91136K) From: 658K(1024K)->640K(1024K)
[849.431s][info][gc,heap        ] GC(3124) ParOldGen: 357019K(386048K)->357091K(386048K)
[849.431s][info][gc,metaspace   ] GC(3124) Metaspace: 6123K(6208K)->6123K(6208K) NonClass: 5640K(5696K)->5640K(5696K) Class: 483K(512K)->483K(512K)
[849.431s][info][gc             ] GC(3124) Pause Young (Allocation Failure) 440M->349M(467M) 1.345ms
[849.431s][info][gc,cpu         ] GC(3124) User=0.00s Sys=0.00s Real=0.01s
[849.641s][info][gc,start       ] GC(3125) Pause Young (Allocation Failure)
[849.643s][info][gc,heap        ] GC(3125) PSYoungGen: 91776K(92160K)->128K(89088K) Eden: 91136K(91136K)->0K(88576K) From: 640K(1024K)->128K(512K)
[849.643s][info][gc,heap        ] GC(3125) ParOldGen: 357091K(386048K)->357721K(386048K)
[849.643s][info][gc,metaspace   ] GC(3125) Metaspace: 6123K(6208K)->6123K(6208K) NonClass: 5640K(5696K)->5640K(5696K) Class: 483K(512K)->483K(512K)
[849.643s][info][gc             ] GC(3125) Pause Young (Allocation Failure) 438M->349M(464M) 1.668ms
[849.643s][info][gc,cpu         ] GC(3125) User=0.00s Sys=0.00s Real=0.00s
[849.842s][info][gc,start       ] GC(3126) Pause Young (Allocation Failure)
[849.844s][info][gc,heap        ] GC(3126) PSYoungGen: 88704K(89088K)->805K(87552K) Eden: 88576K(88576K)->0K(86528K) From: 128K(512K)->805K(1024K)
[849.844s][info][gc,heap        ] GC(3126) ParOldGen: 357721K(386048K)->357841K(386048K)
[849.844s][info][gc,metaspace   ] GC(3126) Metaspace: 6123K(6208K)->6123K(6208K) NonClass: 5640K(5696K)->5640K(5696K) Class: 483K(512K)->483K(512K)
[849.844s][info][gc             ] GC(3126) Pause Young (Allocation Failure) 435M->350M(462M) 1.657ms
[849.844s][info][gc,cpu         ] GC(3126) User=0.01s Sys=0.00s Real=0.00s
[850.049s][info][gc,start       ] GC(3127) Pause Young (Allocation Failure)
[850.050s][info][gc,heap        ] GC(3127) PSYoungGen: 87333K(87552K)->768K(178688K) Eden: 86528K(86528K)->0K(177664K) From: 805K(1024K)->768K(1024K)
[850.050s][info][gc,heap        ] GC(3127) ParOldGen: 357841K(386048K)->357961K(386048K)
[850.050s][info][gc,metaspace   ] GC(3127) Metaspace: 6123K(6208K)->6123K(6208K) NonClass: 5640K(5696K)->5640K(5696K) Class: 483K(512K)->483K(512K)
[850.050s][info][gc             ] GC(3127) Pause Young (Allocation Failure) 434M->350M(551M) 1.754ms
[850.050s][info][gc,cpu         ] GC(3127) User=0.00s Sys=0.00s Real=0.00s
[850.457s][info][gc,start       ] GC(3128) Pause Young (Allocation Failure)
[850.460s][info][gc,heap        ] GC(3128) PSYoungGen: 178432K(178688K)->498K(172032K) Eden: 177664K(177664K)->0K(171520K) From: 768K(1024K)->498K(512K)
[850.460s][info][gc,heap        ] GC(3128) ParOldGen: 357961K(386048K)->358185K(386048K)
[850.460s][info][gc,metaspace   ] GC(3128) Metaspace: 6123K(6208K)->6123K(6208K) NonClass: 5640K(5696K)->5640K(5696K) Class: 483K(512K)->483K(512K)
[850.460s][info][gc             ] GC(3128) Pause Young (Allocation Failure) 523M->350M(545M) 2.636ms
[850.460s][info][gc,cpu         ] GC(3128) User=0.00s Sys=0.00s Real=0.00s
[850.793s][info][gc,start       ] GC(3129) Pause Young (Allocation Failure)
[850.797s][info][gc,heap        ] GC(3129) PSYoungGen: 172018K(172032K)->837K(166400K) Eden: 171520K(171520K)->0K(165376K) From: 498K(512K)->837K(1024K)
[850.797s][info][gc,heap        ] GC(3129) ParOldGen: 358185K(386048K)->358185K(386048K)
[850.797s][info][gc,metaspace   ] GC(3129) Metaspace: 6123K(6208K)->6123K(6208K) NonClass: 5640K(5696K)->5640K(5696K) Class: 483K(512K)->483K(512K)
[850.797s][info][gc             ] GC(3129) Pause Young (Allocation Failure) 517M->350M(539M) 3.183ms
[850.797s][info][gc,cpu         ] GC(3129) User=0.01s Sys=0.00s Real=0.00s
[851.087s][info][gc,start       ] GC(3130) Pause Young (Allocation Failure)
[851.089s][info][gc,heap        ] GC(3130) PSYoungGen: 166213K(166400K)->672K(160768K) Eden: 165376K(165376K)->0K(159744K) From: 837K(1024K)->672K(1024K)
[851.089s][info][gc,heap        ] GC(3130) ParOldGen: 358185K(386048K)->358225K(386048K)
[851.089s][info][gc,metaspace   ] GC(3130) Metaspace: 6123K(6208K)->6123K(6208K) NonClass: 5640K(5696K)->5640K(5696K) Class: 483K(512K)->483K(512K)
[851.089s][info][gc             ] GC(3130) Pause Young (Allocation Failure) 512M->350M(534M) 2.567ms
[851.089s][info][gc,cpu         ] GC(3130) User=0.01s Sys=0.00s Real=0.00s
[851.381s][info][gc,start       ] GC(3131) Pause Young (Allocation Failure)
[851.383s][info][gc,heap        ] GC(3131) PSYoungGen: 160416K(160768K)->690K(155136K) Eden: 159744K(159744K)->0K(154112K) From: 672K(1024K)->690K(1024K)
[851.383s][info][gc,heap        ] GC(3131) ParOldGen: 358225K(386048K)->358225K(386048K)
[851.383s][info][gc,metaspace   ] GC(3131) Metaspace: 6123K(6208K)->6123K(6208K) NonClass: 5640K(5696K)->5640K(5696K) Class: 483K(512K)->483K(512K)
[851.383s][info][gc             ] GC(3131) Pause Young (Allocation Failure) 506M->350M(528M) 2.381ms
[851.383s][info][gc,cpu         ] GC(3131) User=0.00s Sys=0.00s Real=0.00s
[851.655s][info][gc,start       ] GC(3132) Pause Young (Allocation Failure)
[851.656s][info][gc,heap        ] GC(3132) PSYoungGen: 154802K(155136K)->498K(149504K) Eden: 154112K(154112K)->0K(148992K) From: 690K(1024K)->498K(512K)
[851.657s][info][gc,heap        ] GC(3132) ParOldGen: 358225K(386048K)->358457K(386048K)
[851.657s][info][gc,metaspace   ] GC(3132) Metaspace: 6123K(6208K)->6123K(6208K) NonClass: 5640K(5696K)->5640K(5696K) Class: 483K(512K)->483K(512K)
[851.657s][info][gc             ] GC(3132) Pause Young (Allocation Failure) 501M->350M(523M) 1.843ms
[851.657s][info][gc,cpu         ] GC(3132) User=0.00s Sys=0.00s Real=0.00s
[851.918s][info][gc,start       ] GC(3133) Pause Young (Allocation Failure)
[851.919s][info][gc,heap        ] GC(3133) PSYoungGen: 149490K(149504K)->736K(144896K) Eden: 148992K(148992K)->0K(143872K) From: 498K(512K)->736K(1024K)
[851.919s][info][gc,heap        ] GC(3133) ParOldGen: 358457K(386048K)->358457K(386048K)
[851.919s][info][gc,metaspace   ] GC(3133) Metaspace: 6123K(6208K)->6123K(6208K) NonClass: 5640K(5696K)->5640K(5696K) Class: 483K(512K)->483K(512K)
[851.919s][info][gc             ] GC(3133) Pause Young (Allocation Failure) 496M->350M(518M) 1.407ms
[851.919s][info][gc,cpu         ] GC(3133) User=0.01s Sys=0.00s Real=0.00s
[852.187s][info][gc,start       ] GC(3134) Pause Young (Allocation Failure)
[852.188s][info][gc,heap        ] GC(3134) PSYoungGen: 144608K(144896K)->768K(140288K) Eden: 143872K(143872K)->0K(139264K) From: 736K(1024K)->768K(1024K)
[852.188s][info][gc,heap        ] GC(3134) ParOldGen: 358457K(386048K)->358489K(386048K)
[852.188s][info][gc,metaspace   ] GC(3134) Metaspace: 6123K(6208K)->6123K(6208K) NonClass: 5640K(5696K)->5640K(5696K) Class: 483K(512K)->483K(512K)
[852.188s][info][gc             ] GC(3134) Pause Young (Allocation Failure) 491M->350M(514M) 1.660ms
[852.188s][info][gc,cpu         ] GC(3134) User=0.00s Sys=0.00s Real=0.00s
[852.439s][info][gc,start       ] GC(3135) Pause Young (Allocation Failure)
[852.441s][info][gc,heap        ] GC(3135) PSYoungGen: 140032K(140288K)->672K(135680K) Eden: 139264K(139264K)->0K(134656K) From: 768K(1024K)->672K(1024K)
[852.441s][info][gc,heap        ] GC(3135) ParOldGen: 358489K(386048K)->358489K(386048K)
[852.441s][info][gc,metaspace   ] GC(3135) Metaspace: 6123K(6208K)->6123K(6208K) NonClass: 5640K(5696K)->5640K(5696K) Class: 483K(512K)->483K(512K)
[852.441s][info][gc             ] GC(3135) Pause Young (Allocation Failure) 486M->350M(509M) 1.432ms
[852.441s][info][gc,cpu         ] GC(3135) User=0.00s Sys=0.00s Real=0.01s
[852.685s][info][gc,start       ] GC(3136) Pause Young (Allocation Failure)
[852.686s][info][gc,heap        ] GC(3136) PSYoungGen: 135328K(135680K)->512K(131072K) Eden: 134656K(134656K)->0K(130560K) From: 672K(1024K)->512K(512K)
[852.686s][info][gc,heap        ] GC(3136) ParOldGen: 358489K(386048K)->358665K(386048K)
[852.686s][info][gc,metaspace   ] GC(3136) Metaspace: 6123K(6208K)->6123K(6208K) NonClass: 5640K(5696K)->5640K(5696K) Class: 483K(512K)->483K(512K)
[852.687s][info][gc             ] GC(3136) Pause Young (Allocation Failure) 482M->350M(505M) 1.386ms
[852.687s][info][gc,cpu         ] GC(3136) User=0.00s Sys=0.01s Real=0.00s
[852.937s][info][gc,start       ] GC(3137) Pause Young (Allocation Failure)
[852.938s][info][gc,heap        ] GC(3137) PSYoungGen: 131072K(131072K)->736K(127488K) Eden: 130560K(130560K)->0K(126464K) From: 512K(512K)->736K(1024K)
[852.938s][info][gc,heap        ] GC(3137) ParOldGen: 358665K(386048K)->358665K(386048K)
[852.938s][info][gc,metaspace   ] GC(3137) Metaspace: 6123K(6208K)->6123K(6208K) NonClass: 5640K(5696K)->5640K(5696K) Class: 483K(512K)->483K(512K)
[852.938s][info][gc             ] GC(3137) Pause Young (Allocation Failure) 478M->350M(501M) 1.509ms
[852.938s][info][gc,cpu         ] GC(3137) User=0.01s Sys=0.00s Real=0.00s
[853.177s][info][gc,start       ] GC(3138) Pause Young (Allocation Failure)
[853.178s][info][gc,heap        ] GC(3138) PSYoungGen: 127200K(127488K)->672K(123392K) Eden: 126464K(126464K)->0K(122368K) From: 736K(1024K)->672K(1024K)
[853.178s][info][gc,heap        ] GC(3138) ParOldGen: 358665K(386048K)->358697K(386048K)
[853.178s][info][gc,metaspace   ] GC(3138) Metaspace: 6123K(6208K)->6123K(6208K) NonClass: 5640K(5696K)->5640K(5696K) Class: 483K(512K)->483K(512K)
[853.178s][info][gc             ] GC(3138) Pause Young (Allocation Failure) 474M->350M(497M) 1.216ms
[853.178s][info][gc,cpu         ] GC(3138) User=0.00s Sys=0.00s Real=0.00s
[853.436s][info][gc,start       ] GC(3139) Pause Young (Allocation Failure)
[853.437s][info][gc,heap        ] GC(3139) PSYoungGen: 123040K(123392K)->640K(119808K) Eden: 122368K(122368K)->0K(118784K) From: 672K(1024K)->640K(1024K)
[853.437s][info][gc,heap        ] GC(3139) ParOldGen: 358697K(386048K)->358697K(386048K)
[853.437s][info][gc,metaspace   ] GC(3139) Metaspace: 6123K(6208K)->6123K(6208K) NonClass: 5640K(5696K)->5640K(5696K) Class: 483K(512K)->483K(512K)
[853.437s][info][gc             ] GC(3139) Pause Young (Allocation Failure) 470M->350M(494M) 1.192ms
[853.437s][info][gc,cpu         ] GC(3139) User=0.00s Sys=0.00s Real=0.00s
[853.685s][info][gc,start       ] GC(3140) Pause Young (Allocation Failure)
[853.686s][info][gc,heap        ] GC(3140) PSYoungGen: 119424K(119808K)->512K(115712K) Eden: 118784K(118784K)->0K(115200K) From: 640K(1024K)->512K(512K)
[853.686s][info][gc,heap        ] GC(3140) ParOldGen: 358697K(386048K)->358889K(386048K)
[853.686s][info][gc,metaspace   ] GC(3140) Metaspace: 6123K(6208K)->6123K(6208K) NonClass: 5640K(5696K)->5640K(5696K) Class: 483K(512K)->483K(512K)
[853.686s][info][gc             ] GC(3140) Pause Young (Allocation Failure) 466M->350M(490M) 1.428ms
[853.686s][info][gc,cpu         ] GC(3140) User=0.01s Sys=0.00s Real=0.00s
[853.921s][info][gc,start       ] GC(3141) Pause Young (Allocation Failure)
[853.923s][info][gc,heap        ] GC(3141) PSYoungGen: 115712K(115712K)->704K(112640K) Eden: 115200K(115200K)->0K(111616K) From: 512K(512K)->704K(1024K)
[853.923s][info][gc,heap        ] GC(3141) ParOldGen: 358889K(386048K)->358889K(386048K)
[853.923s][info][gc,metaspace   ] GC(3141) Metaspace: 6123K(6208K)->6123K(6208K) NonClass: 5640K(5696K)->5640K(5696K) Class: 483K(512K)->483K(512K)
[853.923s][info][gc             ] GC(3141) Pause Young (Allocation Failure) 463M->351M(487M) 2.202ms
[853.923s][info][gc,cpu         ] GC(3141) User=0.00s Sys=0.00s Real=0.00s
[854.109s][info][gc,start       ] GC(3142) Pause Young (Allocation Failure)
[854.111s][info][gc,heap        ] GC(3142) PSYoungGen: 112320K(112640K)->608K(109568K) Eden: 111616K(111616K)->0K(108544K) From: 704K(1024K)->608K(1024K)
[854.111s][info][gc,heap        ] GC(3142) ParOldGen: 358889K(386048K)->358913K(386048K)
[854.111s][info][gc,metaspace   ] GC(3142) Metaspace: 6123K(6208K)->6123K(6208K) NonClass: 5640K(5696K)->5640K(5696K) Class: 483K(512K)->483K(512K)
[854.111s][info][gc             ] GC(3142) Pause Young (Allocation Failure) 460M->351M(484M) 2.339ms
[854.111s][info][gc,cpu         ] GC(3142) User=0.00s Sys=0.00s Real=0.01s
[854.269s][info][gc,start       ] GC(3143) Pause Young (Allocation Failure)
[854.272s][info][gc,heap        ] GC(3143) PSYoungGen: 109152K(109568K)->658K(106496K) Eden: 108544K(108544K)->0K(105472K) From: 608K(1024K)->658K(1024K)
[854.272s][info][gc,heap        ] GC(3143) ParOldGen: 358913K(386048K)->358913K(386048K)
[854.272s][info][gc,metaspace   ] GC(3143) Metaspace: 6123K(6208K)->6123K(6208K) NonClass: 5640K(5696K)->5640K(5696K) Class: 483K(512K)->483K(512K)
[854.272s][info][gc             ] GC(3143) Pause Young (Allocation Failure) 457M->351M(481M) 2.366ms
[854.272s][info][gc,cpu         ] GC(3143) User=0.00s Sys=0.00s Real=0.01s
[854.441s][info][gc,start       ] GC(3144) Pause Young (Allocation Failure)
[854.444s][info][gc,heap        ] GC(3144) PSYoungGen: 106130K(106496K)->498K(127488K) Eden: 105472K(105472K)->0K(126976K) From: 658K(1024K)->498K(512K)
[854.444s][info][gc,heap        ] GC(3144) ParOldGen: 358913K(386048K)->359153K(386048K)
[854.444s][info][gc,metaspace   ] GC(3144) Metaspace: 6123K(6208K)->6123K(6208K) NonClass: 5640K(5696K)->5640K(5696K) Class: 483K(512K)->483K(512K)
[854.444s][info][gc             ] GC(3144) Pause Young (Allocation Failure) 454M->351M(501M) 2.819ms
[854.444s][info][gc,cpu         ] GC(3144) User=0.00s Sys=0.00s Real=0.00s
[854.653s][info][gc,start       ] GC(3145) Pause Young (Allocation Failure)
[854.655s][info][gc,heap        ] GC(3145) PSYoungGen: 127474K(127488K)->704K(153600K) Eden: 126976K(126976K)->0K(152576K) From: 498K(512K)->704K(1024K)
[854.655s][info][gc,heap        ] GC(3145) ParOldGen: 359153K(386048K)->359153K(386048K)
[854.655s][info][gc,metaspace   ] GC(3145) Metaspace: 6123K(6208K)->6123K(6208K) NonClass: 5640K(5696K)->5640K(5696K) Class: 483K(512K)->483K(512K)
[854.655s][info][gc             ] GC(3145) Pause Young (Allocation Failure) 475M->351M(527M) 2.437ms
[854.655s][info][gc,cpu         ] GC(3145) User=0.01s Sys=0.00s Real=0.00s
[854.923s][info][gc,start       ] GC(3146) Pause Young (Allocation Failure)
[854.925s][info][gc,heap        ] GC(3146) PSYoungGen: 153280K(153600K)->658K(176128K) Eden: 152576K(152576K)->0K(175104K) From: 704K(1024K)->658K(1024K)
[854.925s][info][gc,heap        ] GC(3146) ParOldGen: 359153K(386048K)->359169K(386048K)
[854.925s][info][gc,metaspace   ] GC(3146) Metaspace: 6123K(6208K)->6123K(6208K) NonClass: 5640K(5696K)->5640K(5696K) Class: 483K(512K)->483K(512K)
[854.925s][info][gc             ] GC(3146) Pause Young (Allocation Failure) 500M->351M(549M) 2.586ms
[854.925s][info][gc,cpu         ] GC(3146) User=0.00s Sys=0.00s Real=0.00s
[855.219s][info][gc,start       ] GC(3147) Pause Young (Allocation Failure)
[855.221s][info][gc,heap        ] GC(3147) PSYoungGen: 175762K(176128K)->658K(169984K) Eden: 175104K(175104K)->0K(168960K) From: 658K(1024K)->658K(1024K)
[855.221s][info][gc,heap        ] GC(3147) ParOldGen: 359169K(386048K)->359169K(386048K)
[855.221s][info][gc,metaspace   ] GC(3147) Metaspace: 6123K(6208K)->6123K(6208K) NonClass: 5640K(5696K)->5640K(5696K) Class: 483K(512K)->483K(512K)
[855.221s][info][gc             ] GC(3147) Pause Young (Allocation Failure) 522M->351M(543M) 2.202ms
[855.221s][info][gc,cpu         ] GC(3147) User=0.00s Sys=0.00s Real=0.01s
[855.431s][info][gc,start       ] GC(3148) Pause Young (Allocation Failure)
[855.433s][info][gc,heap        ] GC(3148) PSYoungGen: 169618K(169984K)->512K(163840K) Eden: 168960K(168960K)->0K(163328K) From: 658K(1024K)->512K(512K)
[855.433s][info][gc,heap        ] GC(3148) ParOldGen: 359169K(386048K)->359337K(386048K)
[855.433s][info][gc,metaspace   ] GC(3148) Metaspace: 6123K(6208K)->6123K(6208K) NonClass: 5640K(5696K)->5640K(5696K) Class: 483K(512K)->483K(512K)
[855.433s][info][gc             ] GC(3148) Pause Young (Allocation Failure) 516M->351M(537M) 1.380ms
[855.433s][info][gc,cpu         ] GC(3148) User=0.00s Sys=0.00s Real=0.00s
[855.678s][info][gc,start       ] GC(3149) Pause Young (Allocation Failure)
[855.680s][info][gc,heap        ] GC(3149) PSYoungGen: 163840K(163840K)->448K(158720K) Eden: 163328K(163328K)->0K(157696K) From: 512K(512K)->448K(1024K)
[855.680s][info][gc,heap        ] GC(3149) ParOldGen: 359337K(386048K)->359337K(386048K)
[855.680s][info][gc,metaspace   ] GC(3149) Metaspace: 6123K(6208K)->6123K(6208K) NonClass: 5640K(5696K)->5640K(5696K) Class: 483K(512K)->483K(512K)
[855.680s][info][gc             ] GC(3149) Pause Young (Allocation Failure) 510M->351M(532M) 1.430ms
[855.680s][info][gc,cpu         ] GC(3149) User=0.00s Sys=0.00s Real=0.00s
[855.931s][info][gc,start       ] GC(3150) Pause Young (Allocation Failure)
[855.932s][info][gc,heap        ] GC(3150) PSYoungGen: 158144K(158720K)->704K(153600K) Eden: 157696K(157696K)->0K(152576K) From: 448K(1024K)->704K(1024K)
[855.932s][info][gc,heap        ] GC(3150) ParOldGen: 359337K(386048K)->359377K(386048K)
[855.932s][info][gc,metaspace   ] GC(3150) Metaspace: 6123K(6208K)->6123K(6208K) NonClass: 5640K(5696K)->5640K(5696K) Class: 483K(512K)->483K(512K)
[855.932s][info][gc             ] GC(3150) Pause Young (Allocation Failure) 505M->351M(527M) 1.323ms
[855.932s][info][gc,cpu         ] GC(3150) User=0.01s Sys=0.00s Real=0.00s
[856.167s][info][gc,start       ] GC(3151) Pause Young (Allocation Failure)
[856.169s][info][gc,heap        ] GC(3151) PSYoungGen: 153280K(153600K)->704K(148480K) Eden: 152576K(152576K)->0K(147456K) From: 704K(1024K)->704K(1024K)
[856.169s][info][gc,heap        ] GC(3151) ParOldGen: 359377K(386048K)->359377K(386048K)
[856.169s][info][gc,metaspace   ] GC(3151) Metaspace: 6123K(6208K)->6123K(6208K) NonClass: 5640K(5696K)->5640K(5696K) Class: 483K(512K)->483K(512K)
[856.169s][info][gc             ] GC(3151) Pause Young (Allocation Failure) 500M->351M(522M) 1.385ms
[856.169s][info][gc,cpu         ] GC(3151) User=0.01s Sys=0.00s Real=0.00s
[856.444s][info][gc,start       ] GC(3152) Pause Young (Allocation Failure)
[856.448s][info][gc,heap        ] GC(3152) PSYoungGen: 148160K(148480K)->498K(143360K) Eden: 147456K(147456K)->0K(142848K) From: 704K(1024K)->498K(512K)
[856.448s][info][gc,heap        ] GC(3152) ParOldGen: 359377K(386048K)->359657K(386048K)
[856.448s][info][gc,metaspace   ] GC(3152) Metaspace: 6123K(6208K)->6123K(6208K) NonClass: 5640K(5696K)->5640K(5696K) Class: 483K(512K)->483K(512K)
[856.448s][info][gc             ] GC(3152) Pause Young (Allocation Failure) 495M->351M(517M) 3.960ms
[856.448s][info][gc,cpu         ] GC(3152) User=0.01s Sys=0.00s Real=0.00s
[856.738s][info][gc,start       ] GC(3153) Pause Young (Allocation Failure)
[856.741s][info][gc,heap        ] GC(3153) PSYoungGen: 143346K(143360K)->786K(139264K) Eden: 142848K(142848K)->0K(138240K) From: 498K(512K)->786K(1024K)
[856.741s][info][gc,heap        ] GC(3153) ParOldGen: 359657K(386048K)->359657K(386048K)
[856.741s][info][gc,metaspace   ] GC(3153) Metaspace: 6123K(6208K)->6123K(6208K) NonClass: 5640K(5696K)->5640K(5696K) Class: 483K(512K)->483K(512K)
[856.741s][info][gc             ] GC(3153) Pause Young (Allocation Failure) 491M->351M(513M) 2.588ms
[856.741s][info][gc,cpu         ] GC(3153) User=0.01s Sys=0.00s Real=0.01s
[856.995s][info][gc,start       ] GC(3154) Pause Young (Allocation Failure)
[856.997s][info][gc,heap        ] GC(3154) PSYoungGen: 139026K(139264K)->608K(134656K) Eden: 138240K(138240K)->0K(133632K) From: 786K(1024K)->608K(1024K)
[856.997s][info][gc,heap        ] GC(3154) ParOldGen: 359657K(386048K)->359681K(386048K)
[856.997s][info][gc,metaspace   ] GC(3154) Metaspace: 6123K(6208K)->6123K(6208K) NonClass: 5640K(5696K)->5640K(5696K) Class: 483K(512K)->483K(512K)
[856.997s][info][gc             ] GC(3154) Pause Young (Allocation Failure) 486M->351M(508M) 2.207ms
[856.997s][info][gc,cpu         ] GC(3154) User=0.00s Sys=0.01s Real=0.00s
[857.221s][info][gc,start       ] GC(3155) Pause Young (Allocation Failure)
[857.223s][info][gc,heap        ] GC(3155) PSYoungGen: 134240K(134656K)->690K(130560K) Eden: 133632K(133632K)->0K(129536K) From: 608K(1024K)->690K(1024K)
[857.223s][info][gc,heap        ] GC(3155) ParOldGen: 359681K(386048K)->359681K(386048K)
[857.223s][info][gc,metaspace   ] GC(3155) Metaspace: 6123K(6208K)->6123K(6208K) NonClass: 5640K(5696K)->5640K(5696K) Class: 483K(512K)->483K(512K)
[857.223s][info][gc             ] GC(3155) Pause Young (Allocation Failure) 482M->351M(504M) 2.302ms
[857.223s][info][gc,cpu         ] GC(3155) User=0.00s Sys=0.00s Real=0.00s
[857.437s][info][gc,start       ] GC(3156) Pause Young (Allocation Failure)
[857.439s][info][gc,heap        ] GC(3156) PSYoungGen: 130226K(130560K)->498K(125952K) Eden: 129536K(129536K)->0K(125440K) From: 690K(1024K)->498K(512K)
[857.439s][info][gc,heap        ] GC(3156) ParOldGen: 359681K(386048K)->359833K(386048K)
[857.439s][info][gc,metaspace   ] GC(3156) Metaspace: 6123K(6208K)->6123K(6208K) NonClass: 5640K(5696K)->5640K(5696K) Class: 483K(512K)->483K(512K)
[857.439s][info][gc             ] GC(3156) Pause Young (Allocation Failure) 478M->351M(500M) 2.106ms
[857.439s][info][gc,cpu         ] GC(3156) User=0.01s Sys=0.00s Real=0.00s
[857.658s][info][gc,start       ] GC(3157) Pause Young (Allocation Failure)
[857.660s][info][gc,heap        ] GC(3157) PSYoungGen: 125938K(125952K)->658K(122368K) Eden: 125440K(125440K)->0K(121344K) From: 498K(512K)->658K(1024K)
[857.660s][info][gc,heap        ] GC(3157) ParOldGen: 359833K(386048K)->359833K(386048K)
[857.660s][info][gc,metaspace   ] GC(3157) Metaspace: 6123K(6208K)->6123K(6208K) NonClass: 5640K(5696K)->5640K(5696K) Class: 483K(512K)->483K(512K)
[857.660s][info][gc             ] GC(3157) Pause Young (Allocation Failure) 474M->352M(496M) 2.085ms
[857.660s][info][gc,cpu         ] GC(3157) User=0.00s Sys=0.00s Real=0.00s
[857.868s][info][gc,start       ] GC(3158) Pause Young (Allocation Failure)
[857.871s][info][gc,heap        ] GC(3158) PSYoungGen: 122002K(122368K)->690K(118784K) Eden: 121344K(121344K)->0K(117760K) From: 658K(1024K)->690K(1024K)
[857.871s][info][gc,heap        ] GC(3158) ParOldGen: 359833K(386048K)->359889K(386048K)
[857.871s][info][gc,metaspace   ] GC(3158) Metaspace: 6123K(6208K)->6123K(6208K) NonClass: 5640K(5696K)->5640K(5696K) Class: 483K(512K)->483K(512K)
[857.871s][info][gc             ] GC(3158) Pause Young (Allocation Failure) 470M->352M(493M) 2.346ms
[857.871s][info][gc,cpu         ] GC(3158) User=0.00s Sys=0.00s Real=0.01s
[858.068s][info][gc,start       ] GC(3159) Pause Young (Allocation Failure)
[858.070s][info][gc,heap        ] GC(3159) PSYoungGen: 118450K(118784K)->736K(115200K) Eden: 117760K(117760K)->0K(114176K) From: 690K(1024K)->736K(1024K)
[858.070s][info][gc,heap        ] GC(3159) ParOldGen: 359889K(386048K)->359889K(386048K)
[858.070s][info][gc,metaspace   ] GC(3159) Metaspace: 6123K(6208K)->6123K(6208K) NonClass: 5640K(5696K)->5640K(5696K) Class: 483K(512K)->483K(512K)
[858.070s][info][gc             ] GC(3159) Pause Young (Allocation Failure) 467M->352M(489M) 1.378ms
[858.070s][info][gc,cpu         ] GC(3159) User=0.00s Sys=0.00s Real=0.00s
[858.253s][info][gc,start       ] GC(3160) Pause Young (Allocation Failure)
[858.254s][info][gc,heap        ] GC(3160) PSYoungGen: 114912K(115200K)->512K(111104K) Eden: 114176K(114176K)->0K(110592K) From: 736K(1024K)->512K(512K)
[858.254s][info][gc,heap        ] GC(3160) ParOldGen: 359889K(386048K)->360017K(386048K)
[858.254s][info][gc,metaspace   ] GC(3160) Metaspace: 6123K(6208K)->6123K(6208K) NonClass: 5640K(5696K)->5640K(5696K) Class: 483K(512K)->483K(512K)
[858.254s][info][gc             ] GC(3160) Pause Young (Allocation Failure) 463M->352M(485M) 1.166ms
[858.254s][info][gc,cpu         ] GC(3160) User=0.00s Sys=0.00s Real=0.00s
[858.426s][info][gc,start       ] GC(3161) Pause Young (Allocation Failure)
[858.427s][info][gc,heap        ] GC(3161) PSYoungGen: 111104K(111104K)->741K(108544K) Eden: 110592K(110592K)->0K(107520K) From: 512K(512K)->741K(1024K)
[858.427s][info][gc,heap        ] GC(3161) ParOldGen: 360017K(386048K)->360017K(386048K)
[858.427s][info][gc,metaspace   ] GC(3161) Metaspace: 6123K(6208K)->6123K(6208K) NonClass: 5640K(5696K)->5640K(5696K) Class: 483K(512K)->483K(512K)
[858.427s][info][gc             ] GC(3161) Pause Young (Allocation Failure) 460M->352M(483M) 1.324ms
[858.427s][info][gc,cpu         ] GC(3161) User=0.00s Sys=0.00s Real=0.00s
[858.603s][info][gc,start       ] GC(3162) Pause Young (Allocation Failure)
[858.604s][info][gc,heap        ] GC(3162) PSYoungGen: 108261K(108544K)->704K(105472K) Eden: 107520K(107520K)->0K(104448K) From: 741K(1024K)->704K(1024K)
[858.604s][info][gc,heap        ] GC(3162) ParOldGen: 360017K(386048K)->360057K(386048K)
[858.604s][info][gc,metaspace   ] GC(3162) Metaspace: 6123K(6208K)->6123K(6208K) NonClass: 5640K(5696K)->5640K(5696K) Class: 483K(512K)->483K(512K)
[858.604s][info][gc             ] GC(3162) Pause Young (Allocation Failure) 457M->352M(480M) 1.353ms
[858.604s][info][gc,cpu         ] GC(3162) User=0.01s Sys=0.00s Real=0.00s
[858.769s][info][gc,start       ] GC(3163) Pause Young (Allocation Failure)
[858.770s][info][gc,heap        ] GC(3163) PSYoungGen: 105152K(105472K)->608K(102400K) Eden: 104448K(104448K)->0K(101376K) From: 704K(1024K)->608K(1024K)
[858.770s][info][gc,heap        ] GC(3163) ParOldGen: 360057K(386048K)->360057K(386048K)
[858.770s][info][gc,metaspace   ] GC(3163) Metaspace: 6123K(6208K)->6123K(6208K) NonClass: 5640K(5696K)->5640K(5696K) Class: 483K(512K)->483K(512K)
[858.770s][info][gc             ] GC(3163) Pause Young (Allocation Failure) 454M->352M(477M) 1.160ms
[858.770s][info][gc,cpu         ] GC(3163) User=0.00s Sys=0.00s Real=0.00s
[858.983s][info][gc,start       ] GC(3164) Pause Young (Allocation Failure)
[858.984s][info][gc,heap        ] GC(3164) PSYoungGen: 101984K(102400K)->512K(99328K) Eden: 101376K(101376K)->0K(98816K) From: 608K(1024K)->512K(512K)
[858.984s][info][gc,heap        ] GC(3164) ParOldGen: 360057K(386048K)->360097K(386048K)
[858.984s][info][gc,metaspace   ] GC(3164) Metaspace: 6123K(6208K)->6123K(6208K) NonClass: 5640K(5696K)->5640K(5696K) Class: 483K(512K)->483K(512K)
[858.984s][info][gc             ] GC(3164) Pause Young (Allocation Failure) 451M->352M(474M) 1.148ms
[858.984s][info][gc,cpu         ] GC(3164) User=0.00s Sys=0.00s Real=0.00s
[859.187s][info][gc,start       ] GC(3165) Pause Young (Allocation Failure)
[859.188s][info][gc,heap        ] GC(3165) PSYoungGen: 99328K(99328K)->672K(97280K) Eden: 98816K(98816K)->0K(96256K) From: 512K(512K)->672K(1024K)
[859.188s][info][gc,heap        ] GC(3165) ParOldGen: 360097K(386048K)->360097K(386048K)
[859.188s][info][gc,metaspace   ] GC(3165) Metaspace: 6123K(6208K)->6123K(6208K) NonClass: 5640K(5696K)->5640K(5696K) Class: 483K(512K)->483K(512K)
[859.188s][info][gc             ] GC(3165) Pause Young (Allocation Failure) 448M->352M(472M) 1.128ms
[859.188s][info][gc,cpu         ] GC(3165) User=0.00s Sys=0.00s Real=0.00s
[859.338s][info][gc,start       ] GC(3166) Pause Young (Allocation Failure)
[859.339s][info][gc,heap        ] GC(3166) PSYoungGen: 96928K(97280K)->736K(94720K) Eden: 96256K(96256K)->0K(93696K) From: 672K(1024K)->736K(1024K)
[859.339s][info][gc,heap        ] GC(3166) ParOldGen: 360097K(386048K)->360113K(386048K)
[859.340s][info][gc,metaspace   ] GC(3166) Metaspace: 6123K(6208K)->6123K(6208K) NonClass: 5640K(5696K)->5640K(5696K) Class: 483K(512K)->483K(512K)
[859.340s][info][gc             ] GC(3166) Pause Young (Allocation Failure) 446M->352M(469M) 1.300ms
[859.340s][info][gc,cpu         ] GC(3166) User=0.00s Sys=0.00s Real=0.00s
[859.551s][info][gc,start       ] GC(3167) Pause Young (Allocation Failure)
[859.552s][info][gc,heap        ] GC(3167) PSYoungGen: 94432K(94720K)->704K(92160K) Eden: 93696K(93696K)->0K(91136K) From: 736K(1024K)->704K(1024K)
[859.552s][info][gc,heap        ] GC(3167) ParOldGen: 360113K(386048K)->360113K(386048K)
[859.552s][info][gc,metaspace   ] GC(3167) Metaspace: 6123K(6208K)->6123K(6208K) NonClass: 5640K(5696K)->5640K(5696K) Class: 483K(512K)->483K(512K)
